[INFO] Scanning for projects...
[INFO] 
[INFO] -------------------< com.wepay.kcbq:kcbq-connector >--------------------
[INFO] Building kafka-connect-bigquery 2.13.0-SNAPSHOT
[INFO]   from pom.xml
[INFO] --------------------------------[ jar ]---------------------------------
[INFO] 
[INFO] --- failsafe:3.5.3:integration-test (default-cli) @ kcbq-connector ---
[INFO] Using auto detected provider org.apache.maven.surefire.junitplatform.JUnitPlatformProvider
[INFO] 
[INFO] -------------------------------------------------------
[INFO]  T E S T S
[INFO] -------------------------------------------------------
Mar 04, 2026 3:47:56 PM org.junit.platform.launcher.core.LauncherConfigurationParameters loadClasspathResource
WARNING: Discovered 2 'junit-platform.properties' configuration files in the classpath; only the first will be used.
Mar 04, 2026 3:47:56 PM org.junit.platform.launcher.core.LauncherConfigurationParameters loadClasspathResource
WARNING: Discovered 2 'junit-platform.properties' configuration files in the classpath; only the first will be used.
Mar 04, 2026 3:47:56 PM org.junit.platform.launcher.core.LauncherConfigurationParameters loadClasspathResource
WARNING: Discovered 2 'junit-platform.properties' configuration files in the classpath; only the first will be used.
SLF4J: Class path contains multiple SLF4J bindings.
SLF4J: Found binding in [jar:file:/home/killua/.m2/repository/org/slf4j/slf4j-log4j12/1.7.26/slf4j-log4j12-1.7.26.jar!/org/slf4j/impl/StaticLoggerBinder.class]
SLF4J: Found binding in [jar:file:/home/killua/.m2/repository/org/slf4j/slf4j-reload4j/1.7.36/slf4j-reload4j-1.7.36.jar!/org/slf4j/impl/StaticLoggerBinder.class]
SLF4J: See http://www.slf4j.org/codes.html#multiple_bindings for an explanation.
SLF4J: Actual binding is of type [org.slf4j.impl.Log4jLoggerFactory]
[INFO] Running com.wepay.kafka.connect.bigquery.integration.UpsertDeleteBigQuerySinkConnectorWithSRIT
[2026-03-04 15:47:56,671] INFO Starting test testUpsertDelete() (com.wepay.kafka.connect.bigquery.integration.utils.TestCaseLogger:37)
[2026-03-04 15:47:56,689] INFO Logging initialized @232ms to org.eclipse.jetty.util.log.Slf4jLog (org.eclipse.jetty.util.log:170)
[2026-03-04 15:47:56,734] INFO Registered kafka:type=kafka.Log4jController MBean (kafka.utils.Log4jControllerRegistration$:31)
[2026-03-04 15:47:56,812] INFO KafkaConfig values: 
	advertised.listeners = null
	alter.config.policy.class.name = null
	alter.log.dirs.replication.quota.window.num = 11
	alter.log.dirs.replication.quota.window.size.seconds = 1
	authorizer.class.name = 
	auto.create.topics.enable = false
	auto.include.jmx.reporter = true
	auto.leader.rebalance.enable = true
	background.threads = 10
	broker.heartbeat.interval.ms = 2000
	broker.id = 0
	broker.id.generation.enable = true
	broker.rack = null
	broker.session.timeout.ms = 9000
	client.quota.callback.class = null
	compression.gzip.level = -1
	compression.lz4.level = 9
	compression.type = producer
	compression.zstd.level = 3
	connection.failed.authentication.delay.ms = 100
	connections.max.idle.ms = 600000
	connections.max.reauth.ms = 0
	control.plane.listener.name = null
	controlled.shutdown.enable = true
	controlled.shutdown.max.retries = 3
	controlled.shutdown.retry.backoff.ms = 5000
	controller.listener.names = null
	controller.quorum.append.linger.ms = 25
	controller.quorum.bootstrap.servers = []
	controller.quorum.election.backoff.max.ms = 1000
	controller.quorum.election.timeout.ms = 1000
	controller.quorum.fetch.timeout.ms = 2000
	controller.quorum.request.timeout.ms = 2000
	controller.quorum.retry.backoff.ms = 20
	controller.quorum.voters = []
	controller.quota.window.num = 11
	controller.quota.window.size.seconds = 1
	controller.socket.timeout.ms = 30000
	create.topic.policy.class.name = null
	default.replication.factor = 1
	delegation.token.expiry.check.interval.ms = 3600000
	delegation.token.expiry.time.ms = 86400000
	delegation.token.master.key = null
	delegation.token.max.lifetime.ms = 604800000
	delegation.token.secret.key = null
	delete.records.purgatory.purge.interval.requests = 1
	delete.topic.enable = true
	early.start.listeners = null
	eligible.leader.replicas.enable = false
	fetch.max.bytes = 57671680
	fetch.purgatory.purge.interval.requests = 1000
	group.consumer.assignors = [org.apache.kafka.coordinator.group.assignor.UniformAssignor, org.apache.kafka.coordinator.group.assignor.RangeAssignor]
	group.consumer.heartbeat.interval.ms = 5000
	group.consumer.max.heartbeat.interval.ms = 15000
	group.consumer.max.session.timeout.ms = 60000
	group.consumer.max.size = 2147483647
	group.consumer.migration.policy = disabled
	group.consumer.min.heartbeat.interval.ms = 5000
	group.consumer.min.session.timeout.ms = 45000
	group.consumer.session.timeout.ms = 45000
	group.coordinator.append.linger.ms = 10
	group.coordinator.new.enable = false
	group.coordinator.rebalance.protocols = [classic]
	group.coordinator.threads = 1
	group.initial.rebalance.delay.ms = 0
	group.max.session.timeout.ms = 1800000
	group.max.size = 2147483647
	group.min.session.timeout.ms = 6000
	initial.broker.registration.timeout.ms = 60000
	inter.broker.listener.name = null
	inter.broker.protocol.version = 3.8-IV0
	kafka.metrics.polling.interval.secs = 10
	kafka.metrics.reporters = []
	leader.imbalance.check.interval.seconds = 300
	leader.imbalance.per.broker.percentage = 10
	listener.security.protocol.map = SASL_SSL:SASL_SSL,PLAINTEXT:PLAINTEXT,SSL:SSL,SASL_PLAINTEXT:SASL_PLAINTEXT
	listeners = PLAINTEXT://localhost:0
	log.cleaner.backoff.ms = 15000
	log.cleaner.dedupe.buffer.size = 2097152
	log.cleaner.delete.retention.ms = 86400000
	log.cleaner.enable = true
	log.cleaner.io.buffer.load.factor = 0.9
	log.cleaner.io.buffer.size = 524288
	log.cleaner.io.max.bytes.per.second = 1.7976931348623157E308
	log.cleaner.max.compaction.lag.ms = 9223372036854775807
	log.cleaner.min.cleanable.ratio = 0.5
	log.cleaner.min.compaction.lag.ms = 0
	log.cleaner.threads = 1
	log.cleanup.policy = [delete]
	log.dir = /tmp/EmbeddedKafkaCluster11084523262086392090
	log.dir.failure.timeout.ms = 30000
	log.dirs = null
	log.flush.interval.messages = 9223372036854775807
	log.flush.interval.ms = null
	log.flush.offset.checkpoint.interval.ms = 60000
	log.flush.scheduler.interval.ms = 9223372036854775807
	log.flush.start.offset.checkpoint.interval.ms = 60000
	log.index.interval.bytes = 4096
	log.index.size.max.bytes = 10485760
	log.initial.task.delay.ms = 30000
	log.local.retention.bytes = -2
	log.local.retention.ms = -2
	log.message.downconversion.enable = true
	log.message.format.version = 3.0-IV1
	log.message.timestamp.after.max.ms = 9223372036854775807
	log.message.timestamp.before.max.ms = 9223372036854775807
	log.message.timestamp.difference.max.ms = 9223372036854775807
	log.message.timestamp.type = CreateTime
	log.preallocate = false
	log.retention.bytes = -1
	log.retention.check.interval.ms = 300000
	log.retention.hours = 168
	log.retention.minutes = null
	log.retention.ms = null
	log.roll.hours = 168
	log.roll.jitter.hours = 0
	log.roll.jitter.ms = null
	log.roll.ms = null
	log.segment.bytes = 1073741824
	log.segment.delete.delay.ms = 60000
	max.connection.creation.rate = 2147483647
	max.connections = 2147483647
	max.connections.per.ip = 2147483647
	max.connections.per.ip.overrides = 
	max.incremental.fetch.session.cache.slots = 1000
	max.request.partition.size.limit = 2000
	message.max.bytes = 10485760
	metadata.log.dir = null
	metadata.log.max.record.bytes.between.snapshots = 20971520
	metadata.log.max.snapshot.interval.ms = 3600000
	metadata.log.segment.bytes = 1073741824
	metadata.log.segment.min.bytes = 8388608
	metadata.log.segment.ms = 604800000
	metadata.max.idle.interval.ms = 500
	metadata.max.retention.bytes = 104857600
	metadata.max.retention.ms = 604800000
	metric.reporters = []
	metrics.num.samples = 2
	metrics.recording.level = INFO
	metrics.sample.window.ms = 30000
	min.insync.replicas = 1
	node.id = 0
	num.io.threads = 8
	num.network.threads = 3
	num.partitions = 1
	num.recovery.threads.per.data.dir = 1
	num.replica.alter.log.dirs.threads = null
	num.replica.fetchers = 1
	offset.metadata.max.bytes = 4096
	offsets.commit.required.acks = -1
	offsets.commit.timeout.ms = 5000
	offsets.load.buffer.size = 5242880
	offsets.retention.check.interval.ms = 600000
	offsets.retention.minutes = 10080
	offsets.topic.compression.codec = 0
	offsets.topic.num.partitions = 50
	offsets.topic.replication.factor = 1
	offsets.topic.segment.bytes = 104857600
	password.encoder.cipher.algorithm = AES/CBC/PKCS5Padding
	password.encoder.iterations = 4096
	password.encoder.key.length = 128
	password.encoder.keyfactory.algorithm = null
	password.encoder.old.secret = null
	password.encoder.secret = null
	principal.builder.class = class org.apache.kafka.common.security.authenticator.DefaultKafkaPrincipalBuilder
	process.roles = []
	producer.id.expiration.check.interval.ms = 600000
	producer.id.expiration.ms = 86400000
	producer.purgatory.purge.interval.requests = 1000
	queued.max.request.bytes = -1
	queued.max.requests = 500
	quota.window.num = 11
	quota.window.size.seconds = 1
	remote.fetch.max.wait.ms = 500
	remote.log.index.file.cache.total.size.bytes = 1073741824
	remote.log.manager.copier.thread.pool.size = 10
	remote.log.manager.copy.max.bytes.per.second = 9223372036854775807
	remote.log.manager.copy.quota.window.num = 11
	remote.log.manager.copy.quota.window.size.seconds = 1
	remote.log.manager.expiration.thread.pool.size = 10
	remote.log.manager.fetch.max.bytes.per.second = 9223372036854775807
	remote.log.manager.fetch.quota.window.num = 11
	remote.log.manager.fetch.quota.window.size.seconds = 1
	remote.log.manager.task.interval.ms = 30000
	remote.log.manager.task.retry.backoff.max.ms = 30000
	remote.log.manager.task.retry.backoff.ms = 500
	remote.log.manager.task.retry.jitter = 0.2
	remote.log.manager.thread.pool.size = 10
	remote.log.metadata.custom.metadata.max.bytes = 128
	remote.log.metadata.manager.class.name = org.apache.kafka.server.log.remote.metadata.storage.TopicBasedRemoteLogMetadataManager
	remote.log.metadata.manager.class.path = null
	remote.log.metadata.manager.impl.prefix = rlmm.config.
	remote.log.metadata.manager.listener.name = null
	remote.log.reader.max.pending.tasks = 100
	remote.log.reader.threads = 10
	remote.log.storage.manager.class.name = null
	remote.log.storage.manager.class.path = null
	remote.log.storage.manager.impl.prefix = rsm.config.
	remote.log.storage.system.enable = false
	replica.fetch.backoff.ms = 1000
	replica.fetch.max.bytes = 1048576
	replica.fetch.min.bytes = 1
	replica.fetch.response.max.bytes = 10485760
	replica.fetch.wait.max.ms = 500
	replica.high.watermark.checkpoint.interval.ms = 5000
	replica.lag.time.max.ms = 30000
	replica.selector.class = null
	replica.socket.receive.buffer.bytes = 65536
	replica.socket.timeout.ms = 30000
	replication.quota.window.num = 11
	replication.quota.window.size.seconds = 1
	request.timeout.ms = 30000
	reserved.broker.max.id = 1000
	sasl.client.callback.handler.class = null
	sasl.enabled.mechanisms = [GSSAPI]
	sasl.jaas.config = null
	sasl.kerberos.kinit.cmd = /usr/bin/kinit
	sasl.kerberos.min.time.before.relogin = 60000
	sasl.kerberos.principal.to.local.rules = [DEFAULT]
	sasl.kerberos.service.name = null
	sasl.kerberos.ticket.renew.jitter = 0.05
	sasl.kerberos.ticket.renew.window.factor = 0.8
	sasl.login.callback.handler.class = null
	sasl.login.class = null
	sasl.login.connect.timeout.ms = null
	sasl.login.read.timeout.ms = null
	sasl.login.refresh.buffer.seconds = 300
	sasl.login.refresh.min.period.seconds = 60
	sasl.login.refresh.window.factor = 0.8
	sasl.login.refresh.window.jitter = 0.05
	sasl.login.retry.backoff.max.ms = 10000
	sasl.login.retry.backoff.ms = 100
	sasl.mechanism.controller.protocol = GSSAPI
	sasl.mechanism.inter.broker.protocol = GSSAPI
	sasl.oauthbearer.clock.skew.seconds = 30
	sasl.oauthbearer.expected.audience = null
	sasl.oauthbearer.expected.issuer = null
	sasl.oauthbearer.jwks.endpoint.refresh.ms = 3600000
	sasl.oauthbearer.jwks.endpoint.retry.backoff.max.ms = 10000
	sasl.oauthbearer.jwks.endpoint.retry.backoff.ms = 100
	sasl.oauthbearer.jwks.endpoint.url = null
	sasl.oauthbearer.scope.claim.name = scope
	sasl.oauthbearer.sub.claim.name = sub
	sasl.oauthbearer.token.endpoint.url = null
	sasl.server.callback.handler.class = null
	sasl.server.max.receive.size = 524288
	security.inter.broker.protocol = PLAINTEXT
	security.providers = null
	server.max.startup.time.ms = 9223372036854775807
	socket.connection.setup.timeout.max.ms = 30000
	socket.connection.setup.timeout.ms = 10000
	socket.listen.backlog.size = 50
	socket.receive.buffer.bytes = 102400
	socket.request.max.bytes = 104857600
	socket.send.buffer.bytes = 102400
	ssl.allow.dn.changes = false
	ssl.allow.san.changes = false
	ssl.cipher.suites = []
	ssl.client.auth = none
	ssl.enabled.protocols = [TLSv1.2, TLSv1.3]
	ssl.endpoint.identification.algorithm = https
	ssl.engine.factory.class = null
	ssl.key.password = null
	ssl.keymanager.algorithm = SunX509
	ssl.keystore.certificate.chain = null
	ssl.keystore.key = null
	ssl.keystore.location = null
	ssl.keystore.password = null
	ssl.keystore.type = JKS
	ssl.principal.mapping.rules = DEFAULT
	ssl.protocol = TLSv1.3
	ssl.provider = null
	ssl.secure.random.implementation = null
	ssl.trustmanager.algorithm = PKIX
	ssl.truststore.certificates = null
	ssl.truststore.location = null
	ssl.truststore.password = null
	ssl.truststore.type = JKS
	telemetry.max.bytes = 1048576
	transaction.abort.timed.out.transaction.cleanup.interval.ms = 10000
	transaction.max.timeout.ms = 900000
	transaction.partition.verification.enable = true
	transaction.remove.expired.transaction.cleanup.interval.ms = 3600000
	transaction.state.log.load.buffer.size = 5242880
	transaction.state.log.min.isr = 2
	transaction.state.log.num.partitions = 50
	transaction.state.log.replication.factor = 3
	transaction.state.log.segment.bytes = 104857600
	transactional.id.expiration.ms = 604800000
	unclean.leader.election.enable = false
	unstable.api.versions.enable = false
	unstable.feature.versions.enable = false
	zookeeper.clientCnxnSocket = null
	zookeeper.connect = 127.0.0.1:46341
	zookeeper.connection.timeout.ms = null
	zookeeper.max.in.flight.requests = 10
	zookeeper.metadata.migration.enable = false
	zookeeper.metadata.migration.min.batch.size = 200
	zookeeper.session.timeout.ms = 18000
	zookeeper.set.acl = false
	zookeeper.ssl.cipher.suites = null
	zookeeper.ssl.client.enable = false
	zookeeper.ssl.crl.enable = false
	zookeeper.ssl.enabled.protocols = null
	zookeeper.ssl.endpoint.identification.algorithm = HTTPS
	zookeeper.ssl.keystore.location = null
	zookeeper.ssl.keystore.password = null
	zookeeper.ssl.keystore.type = null
	zookeeper.ssl.ocsp.enable = false
	zookeeper.ssl.protocol = TLSv1.2
	zookeeper.ssl.truststore.location = null
	zookeeper.ssl.truststore.password = null
	zookeeper.ssl.truststore.type = null
 (kafka.server.KafkaConfig:372)
[2026-03-04 15:47:56,824] INFO RemoteLogManagerConfig values: 
	log.local.retention.bytes = -2
	log.local.retention.ms = -2
	remote.fetch.max.wait.ms = 500
	remote.log.index.file.cache.total.size.bytes = 1073741824
	remote.log.manager.copier.thread.pool.size = 10
	remote.log.manager.copy.max.bytes.per.second = 9223372036854775807
	remote.log.manager.copy.quota.window.num = 11
	remote.log.manager.copy.quota.window.size.seconds = 1
	remote.log.manager.expiration.thread.pool.size = 10
	remote.log.manager.fetch.max.bytes.per.second = 9223372036854775807
	remote.log.manager.fetch.quota.window.num = 11
	remote.log.manager.fetch.quota.window.size.seconds = 1
	remote.log.manager.task.interval.ms = 30000
	remote.log.manager.task.retry.backoff.max.ms = 30000
	remote.log.manager.task.retry.backoff.ms = 500
	remote.log.manager.task.retry.jitter = 0.2
	remote.log.manager.thread.pool.size = 10
	remote.log.metadata.custom.metadata.max.bytes = 128
	remote.log.metadata.manager.class.name = org.apache.kafka.server.log.remote.metadata.storage.TopicBasedRemoteLogMetadataManager
	remote.log.metadata.manager.class.path = null
	remote.log.metadata.manager.impl.prefix = rlmm.config.
	remote.log.metadata.manager.listener.name = null
	remote.log.reader.max.pending.tasks = 100
	remote.log.reader.threads = 10
	remote.log.storage.manager.class.name = null
	remote.log.storage.manager.class.path = null
	remote.log.storage.manager.impl.prefix = rsm.config.
	remote.log.storage.system.enable = false
 (org.apache.kafka.server.log.remote.storage.RemoteLogManagerConfig:372)
[2026-03-04 15:47:56,848] INFO starting (kafka.server.KafkaServer:66)
[2026-03-04 15:47:56,848] INFO Connecting to zookeeper on 127.0.0.1:46341 (kafka.server.KafkaServer:66)
[2026-03-04 15:47:56,854] INFO [ZooKeeperClient Kafka server] Initializing a new session to 127.0.0.1:46341. (kafka.zookeeper.ZooKeeperClient:66)
[2026-03-04 15:47:56,858] INFO [ZooKeeperClient Kafka server] Waiting until connected. (kafka.zookeeper.ZooKeeperClient:66)
[2026-03-04 15:47:56,864] INFO [ZooKeeperClient Kafka server] Connected. (kafka.zookeeper.ZooKeeperClient:66)
[2026-03-04 15:47:56,943] INFO Cluster ID = ZLwlwW0oR46i0M1D5wxHTQ (kafka.server.KafkaServer:66)
[2026-03-04 15:47:56,945] INFO RemoteLogManagerConfig values: 
	log.local.retention.bytes = -2
	log.local.retention.ms = -2
	remote.fetch.max.wait.ms = 500
	remote.log.index.file.cache.total.size.bytes = 1073741824
	remote.log.manager.copier.thread.pool.size = 10
	remote.log.manager.copy.max.bytes.per.second = 9223372036854775807
	remote.log.manager.copy.quota.window.num = 11
	remote.log.manager.copy.quota.window.size.seconds = 1
	remote.log.manager.expiration.thread.pool.size = 10
	remote.log.manager.fetch.max.bytes.per.second = 9223372036854775807
	remote.log.manager.fetch.quota.window.num = 11
	remote.log.manager.fetch.quota.window.size.seconds = 1
	remote.log.manager.task.interval.ms = 30000
	remote.log.manager.task.retry.backoff.max.ms = 30000
	remote.log.manager.task.retry.backoff.ms = 500
	remote.log.manager.task.retry.jitter = 0.2
	remote.log.manager.thread.pool.size = 10
	remote.log.metadata.custom.metadata.max.bytes = 128
	remote.log.metadata.manager.class.name = org.apache.kafka.server.log.remote.metadata.storage.TopicBasedRemoteLogMetadataManager
	remote.log.metadata.manager.class.path = null
	remote.log.metadata.manager.impl.prefix = rlmm.config.
	remote.log.metadata.manager.listener.name = null
	remote.log.reader.max.pending.tasks = 100
	remote.log.reader.threads = 10
	remote.log.storage.manager.class.name = null
	remote.log.storage.manager.class.path = null
	remote.log.storage.manager.impl.prefix = rsm.config.
	remote.log.storage.system.enable = false
 (org.apache.kafka.server.log.remote.storage.RemoteLogManagerConfig:372)
[2026-03-04 15:47:56,962] INFO RemoteLogManagerConfig values: 
	log.local.retention.bytes = -2
	log.local.retention.ms = -2
	remote.fetch.max.wait.ms = 500
	remote.log.index.file.cache.total.size.bytes = 1073741824
	remote.log.manager.copier.thread.pool.size = 10
	remote.log.manager.copy.max.bytes.per.second = 9223372036854775807
	remote.log.manager.copy.quota.window.num = 11
	remote.log.manager.copy.quota.window.size.seconds = 1
	remote.log.manager.expiration.thread.pool.size = 10
	remote.log.manager.fetch.max.bytes.per.second = 9223372036854775807
	remote.log.manager.fetch.quota.window.num = 11
	remote.log.manager.fetch.quota.window.size.seconds = 1
	remote.log.manager.task.interval.ms = 30000
	remote.log.manager.task.retry.backoff.max.ms = 30000
	remote.log.manager.task.retry.backoff.ms = 500
	remote.log.manager.task.retry.jitter = 0.2
	remote.log.manager.thread.pool.size = 10
	remote.log.metadata.custom.metadata.max.bytes = 128
	remote.log.metadata.manager.class.name = org.apache.kafka.server.log.remote.metadata.storage.TopicBasedRemoteLogMetadataManager
	remote.log.metadata.manager.class.path = null
	remote.log.metadata.manager.impl.prefix = rlmm.config.
	remote.log.metadata.manager.listener.name = null
	remote.log.reader.max.pending.tasks = 100
	remote.log.reader.threads = 10
	remote.log.storage.manager.class.name = null
	remote.log.storage.manager.class.path = null
	remote.log.storage.manager.impl.prefix = rsm.config.
	remote.log.storage.system.enable = false
 (org.apache.kafka.server.log.remote.storage.RemoteLogManagerConfig:372)
[2026-03-04 15:47:56,966] INFO KafkaConfig values: 
	advertised.listeners = null
	alter.config.policy.class.name = null
	alter.log.dirs.replication.quota.window.num = 11
	alter.log.dirs.replication.quota.window.size.seconds = 1
	authorizer.class.name = 
	auto.create.topics.enable = false
	auto.include.jmx.reporter = true
	auto.leader.rebalance.enable = true
	background.threads = 10
	broker.heartbeat.interval.ms = 2000
	broker.id = 0
	broker.id.generation.enable = true
	broker.rack = null
	broker.session.timeout.ms = 9000
	client.quota.callback.class = null
	compression.gzip.level = -1
	compression.lz4.level = 9
	compression.type = producer
	compression.zstd.level = 3
	connection.failed.authentication.delay.ms = 100
	connections.max.idle.ms = 600000
	connections.max.reauth.ms = 0
	control.plane.listener.name = null
	controlled.shutdown.enable = true
	controlled.shutdown.max.retries = 3
	controlled.shutdown.retry.backoff.ms = 5000
	controller.listener.names = null
	controller.quorum.append.linger.ms = 25
	controller.quorum.bootstrap.servers = []
	controller.quorum.election.backoff.max.ms = 1000
	controller.quorum.election.timeout.ms = 1000
	controller.quorum.fetch.timeout.ms = 2000
	controller.quorum.request.timeout.ms = 2000
	controller.quorum.retry.backoff.ms = 20
	controller.quorum.voters = []
	controller.quota.window.num = 11
	controller.quota.window.size.seconds = 1
	controller.socket.timeout.ms = 30000
	create.topic.policy.class.name = null
	default.replication.factor = 1
	delegation.token.expiry.check.interval.ms = 3600000
	delegation.token.expiry.time.ms = 86400000
	delegation.token.master.key = null
	delegation.token.max.lifetime.ms = 604800000
	delegation.token.secret.key = null
	delete.records.purgatory.purge.interval.requests = 1
	delete.topic.enable = true
	early.start.listeners = null
	eligible.leader.replicas.enable = false
	fetch.max.bytes = 57671680
	fetch.purgatory.purge.interval.requests = 1000
	group.consumer.assignors = [org.apache.kafka.coordinator.group.assignor.UniformAssignor, org.apache.kafka.coordinator.group.assignor.RangeAssignor]
	group.consumer.heartbeat.interval.ms = 5000
	group.consumer.max.heartbeat.interval.ms = 15000
	group.consumer.max.session.timeout.ms = 60000
	group.consumer.max.size = 2147483647
	group.consumer.migration.policy = disabled
	group.consumer.min.heartbeat.interval.ms = 5000
	group.consumer.min.session.timeout.ms = 45000
	group.consumer.session.timeout.ms = 45000
	group.coordinator.append.linger.ms = 10
	group.coordinator.new.enable = false
	group.coordinator.rebalance.protocols = [classic]
	group.coordinator.threads = 1
	group.initial.rebalance.delay.ms = 0
	group.max.session.timeout.ms = 1800000
	group.max.size = 2147483647
	group.min.session.timeout.ms = 6000
	initial.broker.registration.timeout.ms = 60000
	inter.broker.listener.name = null
	inter.broker.protocol.version = 3.8-IV0
	kafka.metrics.polling.interval.secs = 10
	kafka.metrics.reporters = []
	leader.imbalance.check.interval.seconds = 300
	leader.imbalance.per.broker.percentage = 10
	listener.security.protocol.map = SASL_SSL:SASL_SSL,PLAINTEXT:PLAINTEXT,SSL:SSL,SASL_PLAINTEXT:SASL_PLAINTEXT
	listeners = PLAINTEXT://localhost:0
	log.cleaner.backoff.ms = 15000
	log.cleaner.dedupe.buffer.size = 2097152
	log.cleaner.delete.retention.ms = 86400000
	log.cleaner.enable = true
	log.cleaner.io.buffer.load.factor = 0.9
	log.cleaner.io.buffer.size = 524288
	log.cleaner.io.max.bytes.per.second = 1.7976931348623157E308
	log.cleaner.max.compaction.lag.ms = 9223372036854775807
	log.cleaner.min.cleanable.ratio = 0.5
	log.cleaner.min.compaction.lag.ms = 0
	log.cleaner.threads = 1
	log.cleanup.policy = [delete]
	log.dir = /tmp/EmbeddedKafkaCluster11084523262086392090
	log.dir.failure.timeout.ms = 30000
	log.dirs = null
	log.flush.interval.messages = 9223372036854775807
	log.flush.interval.ms = null
	log.flush.offset.checkpoint.interval.ms = 60000
	log.flush.scheduler.interval.ms = 9223372036854775807
	log.flush.start.offset.checkpoint.interval.ms = 60000
	log.index.interval.bytes = 4096
	log.index.size.max.bytes = 10485760
	log.initial.task.delay.ms = 30000
	log.local.retention.bytes = -2
	log.local.retention.ms = -2
	log.message.downconversion.enable = true
	log.message.format.version = 3.0-IV1
	log.message.timestamp.after.max.ms = 9223372036854775807
	log.message.timestamp.before.max.ms = 9223372036854775807
	log.message.timestamp.difference.max.ms = 9223372036854775807
	log.message.timestamp.type = CreateTime
	log.preallocate = false
	log.retention.bytes = -1
	log.retention.check.interval.ms = 300000
	log.retention.hours = 168
	log.retention.minutes = null
	log.retention.ms = null
	log.roll.hours = 168
	log.roll.jitter.hours = 0
	log.roll.jitter.ms = null
	log.roll.ms = null
	log.segment.bytes = 1073741824
	log.segment.delete.delay.ms = 60000
	max.connection.creation.rate = 2147483647
	max.connections = 2147483647
	max.connections.per.ip = 2147483647
	max.connections.per.ip.overrides = 
	max.incremental.fetch.session.cache.slots = 1000
	max.request.partition.size.limit = 2000
	message.max.bytes = 10485760
	metadata.log.dir = null
	metadata.log.max.record.bytes.between.snapshots = 20971520
	metadata.log.max.snapshot.interval.ms = 3600000
	metadata.log.segment.bytes = 1073741824
	metadata.log.segment.min.bytes = 8388608
	metadata.log.segment.ms = 604800000
	metadata.max.idle.interval.ms = 500
	metadata.max.retention.bytes = 104857600
	metadata.max.retention.ms = 604800000
	metric.reporters = []
	metrics.num.samples = 2
	metrics.recording.level = INFO
	metrics.sample.window.ms = 30000
	min.insync.replicas = 1
	node.id = 0
	num.io.threads = 8
	num.network.threads = 3
	num.partitions = 1
	num.recovery.threads.per.data.dir = 1
	num.replica.alter.log.dirs.threads = null
	num.replica.fetchers = 1
	offset.metadata.max.bytes = 4096
	offsets.commit.required.acks = -1
	offsets.commit.timeout.ms = 5000
	offsets.load.buffer.size = 5242880
	offsets.retention.check.interval.ms = 600000
	offsets.retention.minutes = 10080
	offsets.topic.compression.codec = 0
	offsets.topic.num.partitions = 50
	offsets.topic.replication.factor = 1
	offsets.topic.segment.bytes = 104857600
	password.encoder.cipher.algorithm = AES/CBC/PKCS5Padding
	password.encoder.iterations = 4096
	password.encoder.key.length = 128
	password.encoder.keyfactory.algorithm = null
	password.encoder.old.secret = null
	password.encoder.secret = null
	principal.builder.class = class org.apache.kafka.common.security.authenticator.DefaultKafkaPrincipalBuilder
	process.roles = []
	producer.id.expiration.check.interval.ms = 600000
	producer.id.expiration.ms = 86400000
	producer.purgatory.purge.interval.requests = 1000
	queued.max.request.bytes = -1
	queued.max.requests = 500
	quota.window.num = 11
	quota.window.size.seconds = 1
	remote.fetch.max.wait.ms = 500
	remote.log.index.file.cache.total.size.bytes = 1073741824
	remote.log.manager.copier.thread.pool.size = 10
	remote.log.manager.copy.max.bytes.per.second = 9223372036854775807
	remote.log.manager.copy.quota.window.num = 11
	remote.log.manager.copy.quota.window.size.seconds = 1
	remote.log.manager.expiration.thread.pool.size = 10
	remote.log.manager.fetch.max.bytes.per.second = 9223372036854775807
	remote.log.manager.fetch.quota.window.num = 11
	remote.log.manager.fetch.quota.window.size.seconds = 1
	remote.log.manager.task.interval.ms = 30000
	remote.log.manager.task.retry.backoff.max.ms = 30000
	remote.log.manager.task.retry.backoff.ms = 500
	remote.log.manager.task.retry.jitter = 0.2
	remote.log.manager.thread.pool.size = 10
	remote.log.metadata.custom.metadata.max.bytes = 128
	remote.log.metadata.manager.class.name = org.apache.kafka.server.log.remote.metadata.storage.TopicBasedRemoteLogMetadataManager
	remote.log.metadata.manager.class.path = null
	remote.log.metadata.manager.impl.prefix = rlmm.config.
	remote.log.metadata.manager.listener.name = null
	remote.log.reader.max.pending.tasks = 100
	remote.log.reader.threads = 10
	remote.log.storage.manager.class.name = null
	remote.log.storage.manager.class.path = null
	remote.log.storage.manager.impl.prefix = rsm.config.
	remote.log.storage.system.enable = false
	replica.fetch.backoff.ms = 1000
	replica.fetch.max.bytes = 1048576
	replica.fetch.min.bytes = 1
	replica.fetch.response.max.bytes = 10485760
	replica.fetch.wait.max.ms = 500
	replica.high.watermark.checkpoint.interval.ms = 5000
	replica.lag.time.max.ms = 30000
	replica.selector.class = null
	replica.socket.receive.buffer.bytes = 65536
	replica.socket.timeout.ms = 30000
	replication.quota.window.num = 11
	replication.quota.window.size.seconds = 1
	request.timeout.ms = 30000
	reserved.broker.max.id = 1000
	sasl.client.callback.handler.class = null
	sasl.enabled.mechanisms = [GSSAPI]
	sasl.jaas.config = null
	sasl.kerberos.kinit.cmd = /usr/bin/kinit
	sasl.kerberos.min.time.before.relogin = 60000
	sasl.kerberos.principal.to.local.rules = [DEFAULT]
	sasl.kerberos.service.name = null
	sasl.kerberos.ticket.renew.jitter = 0.05
	sasl.kerberos.ticket.renew.window.factor = 0.8
	sasl.login.callback.handler.class = null
	sasl.login.class = null
	sasl.login.connect.timeout.ms = null
	sasl.login.read.timeout.ms = null
	sasl.login.refresh.buffer.seconds = 300
	sasl.login.refresh.min.period.seconds = 60
	sasl.login.refresh.window.factor = 0.8
	sasl.login.refresh.window.jitter = 0.05
	sasl.login.retry.backoff.max.ms = 10000
	sasl.login.retry.backoff.ms = 100
	sasl.mechanism.controller.protocol = GSSAPI
	sasl.mechanism.inter.broker.protocol = GSSAPI
	sasl.oauthbearer.clock.skew.seconds = 30
	sasl.oauthbearer.expected.audience = null
	sasl.oauthbearer.expected.issuer = null
	sasl.oauthbearer.jwks.endpoint.refresh.ms = 3600000
	sasl.oauthbearer.jwks.endpoint.retry.backoff.max.ms = 10000
	sasl.oauthbearer.jwks.endpoint.retry.backoff.ms = 100
	sasl.oauthbearer.jwks.endpoint.url = null
	sasl.oauthbearer.scope.claim.name = scope
	sasl.oauthbearer.sub.claim.name = sub
	sasl.oauthbearer.token.endpoint.url = null
	sasl.server.callback.handler.class = null
	sasl.server.max.receive.size = 524288
	security.inter.broker.protocol = PLAINTEXT
	security.providers = null
	server.max.startup.time.ms = 9223372036854775807
	socket.connection.setup.timeout.max.ms = 30000
	socket.connection.setup.timeout.ms = 10000
	socket.listen.backlog.size = 50
	socket.receive.buffer.bytes = 102400
	socket.request.max.bytes = 104857600
	socket.send.buffer.bytes = 102400
	ssl.allow.dn.changes = false
	ssl.allow.san.changes = false
	ssl.cipher.suites = []
	ssl.client.auth = none
	ssl.enabled.protocols = [TLSv1.2, TLSv1.3]
	ssl.endpoint.identification.algorithm = https
	ssl.engine.factory.class = null
	ssl.key.password = null
	ssl.keymanager.algorithm = SunX509
	ssl.keystore.certificate.chain = null
	ssl.keystore.key = null
	ssl.keystore.location = null
	ssl.keystore.password = null
	ssl.keystore.type = JKS
	ssl.principal.mapping.rules = DEFAULT
	ssl.protocol = TLSv1.3
	ssl.provider = null
	ssl.secure.random.implementation = null
	ssl.trustmanager.algorithm = PKIX
	ssl.truststore.certificates = null
	ssl.truststore.location = null
	ssl.truststore.password = null
	ssl.truststore.type = JKS
	telemetry.max.bytes = 1048576
	transaction.abort.timed.out.transaction.cleanup.interval.ms = 10000
	transaction.max.timeout.ms = 900000
	transaction.partition.verification.enable = true
	transaction.remove.expired.transaction.cleanup.interval.ms = 3600000
	transaction.state.log.load.buffer.size = 5242880
	transaction.state.log.min.isr = 2
	transaction.state.log.num.partitions = 50
	transaction.state.log.replication.factor = 3
	transaction.state.log.segment.bytes = 104857600
	transactional.id.expiration.ms = 604800000
	unclean.leader.election.enable = false
	unstable.api.versions.enable = false
	unstable.feature.versions.enable = false
	zookeeper.clientCnxnSocket = null
	zookeeper.connect = 127.0.0.1:46341
	zookeeper.connection.timeout.ms = null
	zookeeper.max.in.flight.requests = 10
	zookeeper.metadata.migration.enable = false
	zookeeper.metadata.migration.min.batch.size = 200
	zookeeper.session.timeout.ms = 18000
	zookeeper.set.acl = false
	zookeeper.ssl.cipher.suites = null
	zookeeper.ssl.client.enable = false
	zookeeper.ssl.crl.enable = false
	zookeeper.ssl.enabled.protocols = null
	zookeeper.ssl.endpoint.identification.algorithm = HTTPS
	zookeeper.ssl.keystore.location = null
	zookeeper.ssl.keystore.password = null
	zookeeper.ssl.keystore.type = null
	zookeeper.ssl.ocsp.enable = false
	zookeeper.ssl.protocol = TLSv1.2
	zookeeper.ssl.truststore.location = null
	zookeeper.ssl.truststore.password = null
	zookeeper.ssl.truststore.type = null
 (kafka.server.KafkaConfig:372)
[2026-03-04 15:47:56,967] INFO RemoteLogManagerConfig values: 
	log.local.retention.bytes = -2
	log.local.retention.ms = -2
	remote.fetch.max.wait.ms = 500
	remote.log.index.file.cache.total.size.bytes = 1073741824
	remote.log.manager.copier.thread.pool.size = 10
	remote.log.manager.copy.max.bytes.per.second = 9223372036854775807
	remote.log.manager.copy.quota.window.num = 11
	remote.log.manager.copy.quota.window.size.seconds = 1
	remote.log.manager.expiration.thread.pool.size = 10
	remote.log.manager.fetch.max.bytes.per.second = 9223372036854775807
	remote.log.manager.fetch.quota.window.num = 11
	remote.log.manager.fetch.quota.window.size.seconds = 1
	remote.log.manager.task.interval.ms = 30000
	remote.log.manager.task.retry.backoff.max.ms = 30000
	remote.log.manager.task.retry.backoff.ms = 500
	remote.log.manager.task.retry.jitter = 0.2
	remote.log.manager.thread.pool.size = 10
	remote.log.metadata.custom.metadata.max.bytes = 128
	remote.log.metadata.manager.class.name = org.apache.kafka.server.log.remote.metadata.storage.TopicBasedRemoteLogMetadataManager
	remote.log.metadata.manager.class.path = null
	remote.log.metadata.manager.impl.prefix = rlmm.config.
	remote.log.metadata.manager.listener.name = null
	remote.log.reader.max.pending.tasks = 100
	remote.log.reader.threads = 10
	remote.log.storage.manager.class.name = null
	remote.log.storage.manager.class.path = null
	remote.log.storage.manager.impl.prefix = rsm.config.
	remote.log.storage.system.enable = false
 (org.apache.kafka.server.log.remote.storage.RemoteLogManagerConfig:372)
[2026-03-04 15:47:56,977] INFO [ThrottledChannelReaper-Fetch]: Starting (kafka.server.ClientQuotaManager$ThrottledChannelReaper:132)
[2026-03-04 15:47:56,977] INFO [ThrottledChannelReaper-Produce]: Starting (kafka.server.ClientQuotaManager$ThrottledChannelReaper:132)
[2026-03-04 15:47:56,977] INFO [ThrottledChannelReaper-Request]: Starting (kafka.server.ClientQuotaManager$ThrottledChannelReaper:132)
[2026-03-04 15:47:56,978] INFO [ThrottledChannelReaper-ControllerMutation]: Starting (kafka.server.ClientQuotaManager$ThrottledChannelReaper:132)
[2026-03-04 15:47:56,979] INFO [KafkaServer id=0] Rewriting /tmp/EmbeddedKafkaCluster11084523262086392090/meta.properties (kafka.server.KafkaServer:66)
[2026-03-04 15:47:56,994] INFO Loading logs from log dirs ArrayBuffer(/tmp/EmbeddedKafkaCluster11084523262086392090) (kafka.log.LogManager:66)
[2026-03-04 15:47:56,995] INFO No logs found to be loaded in /tmp/EmbeddedKafkaCluster11084523262086392090 (kafka.log.LogManager:66)
[2026-03-04 15:47:56,999] INFO Loaded 0 logs in 5ms (kafka.log.LogManager:66)
[2026-03-04 15:47:57,000] INFO Starting log cleanup with a period of 300000 ms. (kafka.log.LogManager:66)
[2026-03-04 15:47:57,001] INFO Starting log flusher with a default period of 9223372036854775807 ms. (kafka.log.LogManager:66)
[2026-03-04 15:47:57,004] INFO Starting the log cleaner (kafka.log.LogCleaner:66)
[2026-03-04 15:47:57,007] INFO [kafka-log-cleaner-thread-0]: Starting (kafka.log.LogCleaner$CleanerThread:132)
[2026-03-04 15:47:57,011] INFO [feature-zk-node-event-process-thread]: Starting (kafka.server.FinalizedFeatureChangeListener$ChangeNotificationProcessorThread:132)
[2026-03-04 15:47:57,017] INFO Feature ZK node at path: /feature does not exist (kafka.server.FinalizedFeatureChangeListener:66)
[2026-03-04 15:47:57,024] INFO [zk-broker-0-to-controller-forwarding-channel-manager]: Starting (kafka.server.NodeToControllerRequestThread:132)
[2026-03-04 15:47:57,105] INFO Updated connection-accept-rate max connection creation rate to 2147483647 (kafka.network.ConnectionQuotas:66)
[2026-03-04 15:47:57,106] INFO Awaiting socket connections on localhost:35583. (kafka.network.DataPlaneAcceptor:66)
[2026-03-04 15:47:57,107] INFO Opened wildcard endpoint localhost:35583 (kafka.network.DataPlaneAcceptor:66)
[2026-03-04 15:47:57,113] INFO [SocketServer listenerType=ZK_BROKER, nodeId=0] Created data-plane acceptor and processors for endpoint : ListenerName(PLAINTEXT) (kafka.network.SocketServer:66)
[2026-03-04 15:47:57,115] INFO [zk-broker-0-to-controller-alter-partition-channel-manager]: Starting (kafka.server.NodeToControllerRequestThread:132)
[2026-03-04 15:47:57,123] INFO [ExpirationReaper-0-Produce]: Starting (kafka.server.DelayedOperationPurgatory$ExpiredOperationReaper:132)
[2026-03-04 15:47:57,124] INFO [ExpirationReaper-0-Fetch]: Starting (kafka.server.DelayedOperationPurgatory$ExpiredOperationReaper:132)
[2026-03-04 15:47:57,124] INFO [ExpirationReaper-0-DeleteRecords]: Starting (kafka.server.DelayedOperationPurgatory$ExpiredOperationReaper:132)
[2026-03-04 15:47:57,124] INFO [ExpirationReaper-0-ElectLeader]: Starting (kafka.server.DelayedOperationPurgatory$ExpiredOperationReaper:132)
[2026-03-04 15:47:57,124] INFO [ExpirationReaper-0-RemoteFetch]: Starting (kafka.server.DelayedOperationPurgatory$ExpiredOperationReaper:132)
[2026-03-04 15:47:57,128] INFO [LogDirFailureHandler]: Starting (kafka.server.ReplicaManager$LogDirFailureHandler:132)
[2026-03-04 15:47:57,129] INFO [AddPartitionsToTxnSenderThread-0]: Starting (kafka.server.AddPartitionsToTxnManager:132)
[2026-03-04 15:47:57,139] INFO Creating /brokers/ids/0 (is it secure? false) (kafka.zk.KafkaZkClient:66)
[2026-03-04 15:47:57,144] INFO Stat of the created znode at /brokers/ids/0 is: 25,25,1772619477142,1772619477142,1,0,0,72057914744635392,204,0,25
 (kafka.zk.KafkaZkClient:66)
[2026-03-04 15:47:57,145] INFO Registered broker 0 at path /brokers/ids/0 with addresses: PLAINTEXT://localhost:35583, czxid (broker epoch): 25 (kafka.zk.KafkaZkClient:66)
[2026-03-04 15:47:57,158] INFO [ControllerEventThread controllerId=0] Starting (kafka.controller.ControllerEventManager$ControllerEventThread:132)
[2026-03-04 15:47:57,160] INFO [ExpirationReaper-0-topic]: Starting (kafka.server.DelayedOperationPurgatory$ExpiredOperationReaper:132)
[2026-03-04 15:47:57,162] INFO [ExpirationReaper-0-Heartbeat]: Starting (kafka.server.DelayedOperationPurgatory$ExpiredOperationReaper:132)
[2026-03-04 15:47:57,162] INFO [ExpirationReaper-0-Rebalance]: Starting (kafka.server.DelayedOperationPurgatory$ExpiredOperationReaper:132)
[2026-03-04 15:47:57,162] INFO Successfully created /controller_epoch with initial epoch 0 (kafka.zk.KafkaZkClient:66)
[2026-03-04 15:47:57,164] INFO [Controller id=0] 0 successfully elected as the controller. Epoch incremented to 1 and epoch zk version is now 1 (kafka.controller.KafkaController:66)
[2026-03-04 15:47:57,165] INFO [Controller id=0] Creating FeatureZNode at path: /feature with contents: FeatureZNode(2,Enabled,Map()) (kafka.controller.KafkaController:66)
[2026-03-04 15:47:57,166] INFO Feature ZK node created at path: /feature (kafka.server.FinalizedFeatureChangeListener:66)
[2026-03-04 15:47:57,167] INFO [GroupCoordinator 0]: Starting up. (kafka.coordinator.group.GroupCoordinator:66)
[2026-03-04 15:47:57,169] INFO [GroupCoordinator 0]: Startup complete. (kafka.coordinator.group.GroupCoordinator:66)
[2026-03-04 15:47:57,173] INFO [TransactionCoordinator id=0] Starting up. (kafka.coordinator.transaction.TransactionCoordinator:66)
[2026-03-04 15:47:57,174] INFO [TxnMarkerSenderThread-0]: Starting (kafka.coordinator.transaction.TransactionMarkerChannelManager:132)
[2026-03-04 15:47:57,174] INFO [TransactionCoordinator id=0] Startup complete. (kafka.coordinator.transaction.TransactionCoordinator:66)
[2026-03-04 15:47:57,178] INFO [MetadataCache brokerId=0] Updated cache from existing None to latest Features(metadataVersion=3.8-IV0, finalizedFeatures={}, finalizedFeaturesEpoch=0). (kafka.server.metadata.ZkMetadataCache:66)
[2026-03-04 15:47:57,178] INFO [Controller id=0] Registering handlers (kafka.controller.KafkaController:66)
[2026-03-04 15:47:57,179] INFO [Controller id=0] Deleting log dir event notifications (kafka.controller.KafkaController:66)
[2026-03-04 15:47:57,180] INFO [Controller id=0] Deleting isr change notifications (kafka.controller.KafkaController:66)
[2026-03-04 15:47:57,180] INFO [Controller id=0] Initializing controller context (kafka.controller.KafkaController:66)
[2026-03-04 15:47:57,184] INFO [Controller id=0] Initialized broker epochs cache: Map(0 -> 25) (kafka.controller.KafkaController:66)
[2026-03-04 15:47:57,185] INFO [ExpirationReaper-0-AlterAcls]: Starting (kafka.server.DelayedOperationPurgatory$ExpiredOperationReaper:132)
[2026-03-04 15:47:57,189] INFO [RequestSendThread controllerId=0] Starting (kafka.controller.RequestSendThread:132)
[2026-03-04 15:47:57,189] INFO [Controller id=0] Currently active brokers in the cluster: Set(0) (kafka.controller.KafkaController:66)
[2026-03-04 15:47:57,189] INFO [Controller id=0] Currently shutting brokers in the cluster: Set() (kafka.controller.KafkaController:66)
[2026-03-04 15:47:57,189] INFO [Controller id=0] Current list of topics in the cluster: Set() (kafka.controller.KafkaController:66)
[2026-03-04 15:47:57,189] INFO [Controller id=0] Fetching topic deletions in progress (kafka.controller.KafkaController:66)
[2026-03-04 15:47:57,190] INFO [Controller id=0] List of topics to be deleted:  (kafka.controller.KafkaController:66)
[2026-03-04 15:47:57,190] INFO [Controller id=0] List of topics ineligible for deletion:  (kafka.controller.KafkaController:66)
[2026-03-04 15:47:57,190] INFO [Controller id=0] Initializing topic deletion manager (kafka.controller.KafkaController:66)
[2026-03-04 15:47:57,190] INFO [Topic Deletion Manager 0] Initializing manager with initial deletions: Set(), initial ineligible deletions: Set() (kafka.controller.TopicDeletionManager:66)
[2026-03-04 15:47:57,190] INFO [Controller id=0] Sending update metadata request (kafka.controller.KafkaController:66)
[2026-03-04 15:47:57,192] INFO [Controller id=0 epoch=1] Sending UpdateMetadata request to brokers Set(0) for 0 partitions (state.change.logger:66)
[2026-03-04 15:47:57,193] INFO [/config/changes-event-process-thread]: Starting (kafka.common.ZkNodeChangeNotificationListener$ChangeEventProcessThread:132)
[2026-03-04 15:47:57,194] INFO [ReplicaStateMachine controllerId=0] Initializing replica state (kafka.controller.ZkReplicaStateMachine:66)
[2026-03-04 15:47:57,194] INFO [ReplicaStateMachine controllerId=0] Triggering online replica state changes (kafka.controller.ZkReplicaStateMachine:66)
[2026-03-04 15:47:57,195] INFO [ReplicaStateMachine controllerId=0] Triggering offline replica state changes (kafka.controller.ZkReplicaStateMachine:66)
[2026-03-04 15:47:57,195] INFO [SocketServer listenerType=ZK_BROKER, nodeId=0] Enabling request processing. (kafka.network.SocketServer:66)
[2026-03-04 15:47:57,195] INFO [PartitionStateMachine controllerId=0] Initializing partition state (kafka.controller.ZkPartitionStateMachine:66)
[2026-03-04 15:47:57,195] INFO [PartitionStateMachine controllerId=0] Triggering online partition state changes (kafka.controller.ZkPartitionStateMachine:66)
[2026-03-04 15:47:57,195] INFO [RequestSendThread controllerId=0] Controller 0 connected to localhost:35583 (id: 0 rack: null) for sending state change requests (kafka.controller.RequestSendThread:66)
[2026-03-04 15:47:57,196] INFO [Controller id=0] Ready to serve as the new controller with epoch 1 (kafka.controller.KafkaController:66)
[2026-03-04 15:47:57,197] INFO [Controller id=0] Partitions undergoing preferred replica election:  (kafka.controller.KafkaController:66)
[2026-03-04 15:47:57,198] INFO [Controller id=0] Partitions that completed preferred replica election:  (kafka.controller.KafkaController:66)
[2026-03-04 15:47:57,198] INFO [Controller id=0] Skipping preferred replica election for partitions due to topic deletion:  (kafka.controller.KafkaController:66)
[2026-03-04 15:47:57,198] INFO [Controller id=0] Resuming preferred replica election for partitions:  (kafka.controller.KafkaController:66)
[2026-03-04 15:47:57,198] INFO [Controller id=0] Starting replica leader election (PREFERRED) for partitions  triggered by ZkTriggered (kafka.controller.KafkaController:66)
[2026-03-04 15:47:57,199] INFO [KafkaServer id=0] Start processing authorizer futures (kafka.server.KafkaServer:66)
[2026-03-04 15:47:57,200] INFO [KafkaServer id=0] End processing authorizer futures (kafka.server.KafkaServer:66)
[2026-03-04 15:47:57,200] INFO [KafkaServer id=0] Start processing enable request processing future (kafka.server.KafkaServer:66)
[2026-03-04 15:47:57,200] INFO [KafkaServer id=0] End processing enable request processing future (kafka.server.KafkaServer:66)
[2026-03-04 15:47:57,200] INFO [Controller id=0] Starting the controller scheduler (kafka.controller.KafkaController:66)
[2026-03-04 15:47:57,200] INFO Kafka version: 3.8.1 (org.apache.kafka.common.utils.AppInfoParser:124)
[2026-03-04 15:47:57,200] INFO Kafka commitId: 70d6ff42debf7e17 (org.apache.kafka.common.utils.AppInfoParser:125)
[2026-03-04 15:47:57,201] INFO Kafka startTimeMs: 1772619477200 (org.apache.kafka.common.utils.AppInfoParser:126)
[2026-03-04 15:47:57,201] INFO [KafkaServer id=0] started (kafka.server.KafkaServer:66)
[2026-03-04 15:47:57,204] INFO ProducerConfig values: 
	acks = -1
	auto.include.jmx.reporter = true
	batch.size = 16384
	bootstrap.servers = [localhost:35583]
	buffer.memory = 33554432
	client.dns.lookup = use_all_dns_ips
	client.id = producer-1
	compression.gzip.level = -1
	compression.lz4.level = 9
	compression.type = none
	compression.zstd.level = 3
	connections.max.idle.ms = 540000
	delivery.timeout.ms = 120000
	enable.idempotence = true
	enable.metrics.push = true
	interceptor.classes = []
	key.serializer = class org.apache.kafka.common.serialization.ByteArraySerializer
	linger.ms = 0
	max.block.ms = 60000
	max.in.flight.requests.per.connection = 5
	max.request.size = 1048576
	metadata.max.age.ms = 300000
	metadata.max.idle.ms = 300000
	metadata.recovery.strategy = none
	metric.reporters = []
	metrics.num.samples = 2
	metrics.recording.level = INFO
	metrics.sample.window.ms = 30000
	partitioner.adaptive.partitioning.enable = true
	partitioner.availability.timeout.ms = 0
	partitioner.class = null
	partitioner.ignore.keys = false
	receive.buffer.bytes = 32768
	reconnect.backoff.max.ms = 1000
	reconnect.backoff.ms = 50
	request.timeout.ms = 30000
	retries = 2147483647
	retry.backoff.max.ms = 1000
	retry.backoff.ms = 100
	sasl.client.callback.handler.class = null
	sasl.jaas.config = null
	sasl.kerberos.kinit.cmd = /usr/bin/kinit
	sasl.kerberos.min.time.before.relogin = 60000
	sasl.kerberos.service.name = null
	sasl.kerberos.ticket.renew.jitter = 0.05
	sasl.kerberos.ticket.renew.window.factor = 0.8
	sasl.login.callback.handler.class = null
	sasl.login.class = null
	sasl.login.connect.timeout.ms = null
	sasl.login.read.timeout.ms = null
	sasl.login.refresh.buffer.seconds = 300
	sasl.login.refresh.min.period.seconds = 60
	sasl.login.refresh.window.factor = 0.8
	sasl.login.refresh.window.jitter = 0.05
	sasl.login.retry.backoff.max.ms = 10000
	sasl.login.retry.backoff.ms = 100
	sasl.mechanism = GSSAPI
	sasl.oauthbearer.clock.skew.seconds = 30
	sasl.oauthbearer.expected.audience = null
	sasl.oauthbearer.expected.issuer = null
	sasl.oauthbearer.jwks.endpoint.refresh.ms = 3600000
	sasl.oauthbearer.jwks.endpoint.retry.backoff.max.ms = 10000
	sasl.oauthbearer.jwks.endpoint.retry.backoff.ms = 100
	sasl.oauthbearer.jwks.endpoint.url = null
	sasl.oauthbearer.scope.claim.name = scope
	sasl.oauthbearer.sub.claim.name = sub
	sasl.oauthbearer.token.endpoint.url = null
	security.protocol = PLAINTEXT
	security.providers = null
	send.buffer.bytes = 131072
	socket.connection.setup.timeout.max.ms = 30000
	socket.connection.setup.timeout.ms = 10000
	ssl.cipher.suites = null
	ssl.enabled.protocols = [TLSv1.2, TLSv1.3]
	ssl.endpoint.identification.algorithm = https
	ssl.engine.factory.class = null
	ssl.key.password = null
	ssl.keymanager.algorithm = SunX509
	ssl.keystore.certificate.chain = null
	ssl.keystore.key = null
	ssl.keystore.location = null
	ssl.keystore.password = null
	ssl.keystore.type = JKS
	ssl.protocol = TLSv1.3
	ssl.provider = null
	ssl.secure.random.implementation = null
	ssl.trustmanager.algorithm = PKIX
	ssl.truststore.certificates = null
	ssl.truststore.location = null
	ssl.truststore.password = null
	ssl.truststore.type = JKS
	transaction.timeout.ms = 60000
	transactional.id = null
	value.serializer = class org.apache.kafka.common.serialization.ByteArraySerializer
 (org.apache.kafka.clients.producer.ProducerConfig:372)
[2026-03-04 15:47:57,211] INFO initializing Kafka metrics collector (org.apache.kafka.common.telemetry.internals.KafkaMetricsCollector:269)
[2026-03-04 15:47:57,214] INFO [Producer clientId=producer-1] Instantiated an idempotent producer. (org.apache.kafka.clients.producer.KafkaProducer:621)
[2026-03-04 15:47:57,215] INFO [zk-broker-0-to-controller-alter-partition-channel-manager]: Recorded new ZK controller, from now on will use node localhost:35583 (id: 0 rack: null) (kafka.server.NodeToControllerRequestThread:66)
[2026-03-04 15:47:57,219] INFO Kafka version: 3.8.1 (org.apache.kafka.common.utils.AppInfoParser:124)
[2026-03-04 15:47:57,219] INFO Kafka commitId: 70d6ff42debf7e17 (org.apache.kafka.common.utils.AppInfoParser:125)
[2026-03-04 15:47:57,219] INFO Kafka startTimeMs: 1772619477219 (org.apache.kafka.common.utils.AppInfoParser:126)
[2026-03-04 15:47:57,221] INFO Kafka Connect worker initializing ... (org.apache.kafka.connect.cli.AbstractConnectCli:114)
[2026-03-04 15:47:57,222] INFO WorkerInfo values: 
	jvm.args = 
	jvm.spec = Arch Linux, OpenJDK 64-Bit Server VM, 25.0.2, 25.0.2
	jvm.classpath = /home/killua/bq-sink/bigquery-connector-for-apache-kafka/kcbq-connector/target/test-classes:/home/killua/bq-sink/bigquery-connector-for-apache-kafka/kcbq-connector/target/classes:/home/killua/.m2/repository/io/aiven/commons/google-utils/1.1.0/google-utils-1.1.0.jar:/home/killua/.m2/repository/io/aiven/commons/system/1.1.0/system-1.1.0.jar:/home/killua/.m2/repository/org/apache/kafka/connect-api/3.8.1/connect-api-3.8.1.jar:/home/killua/.m2/repository/org/apache/kafka/kafka-clients/3.8.1/kafka-clients-3.8.1.jar:/home/killua/.m2/repository/javax/ws/rs/javax.ws.rs-api/2.1.1/javax.ws.rs-api-2.1.1.jar:/home/killua/.m2/repository/com/fasterxml/jackson/core/jackson-core/2.20.1/jackson-core-2.20.1.jar:/home/killua/.m2/repository/com/fasterxml/jackson/core/jackson-databind/2.20.1/jackson-databind-2.20.1.jar:/home/killua/.m2/repository/com/fasterxml/jackson/core/jackson-annotations/2.20/jackson-annotations-2.20.jar:/home/killua/.m2/repository/org/eclipse/jetty/jetty-server/9.4.56.v20240826/jetty-server-9.4.56.v20240826.jar:/home/killua/.m2/repository/javax/servlet/javax.servlet-api/3.1.0/javax.servlet-api-3.1.0.jar:/home/killua/.m2/repository/org/eclipse/jetty/jetty-http/9.4.56.v20240826/jetty-http-9.4.56.v20240826.jar:/home/killua/.m2/repository/org/eclipse/jetty/jetty-io/9.4.56.v20240826/jetty-io-9.4.56.v20240826.jar:/home/killua/.m2/repository/org/eclipse/jetty/jetty-servlet/9.4.56.v20240826/jetty-servlet-9.4.56.v20240826.jar:/home/killua/.m2/repository/org/eclipse/jetty/jetty-security/9.4.56.v20240826/jetty-security-9.4.56.v20240826.jar:/home/killua/.m2/repository/org/eclipse/jetty/jetty-util-ajax/9.4.56.v20240826/jetty-util-ajax-9.4.56.v20240826.jar:/home/killua/.m2/repository/org/eclipse/jetty/jetty-servlets/9.4.56.v20240826/jetty-servlets-9.4.56.v20240826.jar:/home/killua/.m2/repository/org/eclipse/jetty/jetty-continuation/9.4.56.v20240826/jetty-continuation-9.4.56.v20240826.jar:/home/killua/.m2/repository/org/eclipse/jetty/jetty-util/9.4.56.v20240826/jetty-util-9.4.56.v20240826.jar:/home/killua/.m2/repository/org/eclipse/jetty/jetty-client/9.4.56.v20240826/jetty-client-9.4.56.v20240826.jar:/home/killua/.m2/repository/org/slf4j/slf4j-api/1.7.26/slf4j-api-1.7.26.jar:/home/killua/.m2/repository/io/debezium/debezium-core/0.6.2/debezium-core-0.6.2.jar:/home/killua/.m2/repository/com/wepay/kcbq/kcbq-api/2.13.0-SNAPSHOT/kcbq-api-2.13.0-SNAPSHOT.jar:/home/killua/.m2/repository/org/junit/jupiter/junit-jupiter-engine/5.10.2/junit-jupiter-engine-5.10.2.jar:/home/killua/.m2/repository/org/junit/platform/junit-platform-engine/1.10.2/junit-platform-engine-1.10.2.jar:/home/killua/.m2/repository/org/apiguardian/apiguardian-api/1.1.2/apiguardian-api-1.1.2.jar:/home/killua/.m2/repository/org/junit/jupiter/junit-jupiter-api/5.10.2/junit-jupiter-api-5.10.2.jar:/home/killua/.m2/repository/org/opentest4j/opentest4j/1.3.0/opentest4j-1.3.0.jar:/home/killua/.m2/repository/org/junit/platform/junit-platform-commons/1.10.2/junit-platform-commons-1.10.2.jar:/home/killua/.m2/repository/org/junit/jupiter/junit-jupiter-params/5.10.2/junit-jupiter-params-5.10.2.jar:/home/killua/.m2/repository/org/mockito/mockito-core/5.20.0/mockito-core-5.20.0.jar:/home/killua/.m2/repository/net/bytebuddy/byte-buddy/1.17.7/byte-buddy-1.17.7.jar:/home/killua/.m2/repository/net/bytebuddy/byte-buddy-agent/1.17.7/byte-buddy-agent-1.17.7.jar:/home/killua/.m2/repository/org/objenesis/objenesis/3.3/objenesis-3.3.jar:/home/killua/.m2/repository/org/slf4j/slf4j-log4j12/1.7.26/slf4j-log4j12-1.7.26.jar:/home/killua/.m2/repository/log4j/log4j/1.2.17/log4j-1.2.17.jar:/home/killua/.m2/repository/org/apache/kafka/kafka_2.12/3.8.1/kafka_2.12-3.8.1.jar:/home/killua/.m2/repository/org/scala-lang/scala-library/2.12.19/scala-library-2.12.19.jar:/home/killua/.m2/repository/org/apache/kafka/kafka-server-common/3.8.1/kafka-server-common-3.8.1.jar:/home/killua/.m2/repository/org/pcollections/pcollections/4.0.1/pcollections-4.0.1.jar:/home/killua/.m2/repository/org/apache/kafka/kafka-group-coordinator-api/3.8.1/kafka-group-coordinator-api-3.8.1.jar:/home/killua/.m2/repository/org/apache/kafka/kafka-group-coordinator/3.8.1/kafka-group-coordinator-3.8.1.jar:/home/killua/.m2/repository/org/apache/kafka/kafka-transaction-coordinator/3.8.1/kafka-transaction-coordinator-3.8.1.jar:/home/killua/.m2/repository/org/apache/kafka/kafka-metadata/3.8.1/kafka-metadata-3.8.1.jar:/home/killua/.m2/repository/org/apache/kafka/kafka-storage-api/3.8.1/kafka-storage-api-3.8.1.jar:/home/killua/.m2/repository/org/apache/kafka/kafka-tools-api/3.8.1/kafka-tools-api-3.8.1.jar:/home/killua/.m2/repository/org/apache/kafka/kafka-raft/3.8.1/kafka-raft-3.8.1.jar:/home/killua/.m2/repository/org/apache/kafka/kafka-storage/3.8.1/kafka-storage-3.8.1.jar:/home/killua/.m2/repository/org/apache/kafka/kafka-server/3.8.1/kafka-server-3.8.1.jar:/home/killua/.m2/repository/net/sourceforge/argparse4j/argparse4j/0.7.0/argparse4j-0.7.0.jar:/home/killua/.m2/repository/commons-validator/commons-validator/1.7/commons-validator-1.7.jar:/home/killua/.m2/repository/commons-beanutils/commons-beanutils/1.9.4/commons-beanutils-1.9.4.jar:/home/killua/.m2/repository/commons-digester/commons-digester/2.1/commons-digester-2.1.jar:/home/killua/.m2/repository/commons-collections/commons-collections/3.2.2/commons-collections-3.2.2.jar:/home/killua/.m2/repository/com/fasterxml/jackson/module/jackson-module-scala_2.12/2.16.2/jackson-module-scala_2.12-2.16.2.jar:/home/killua/.m2/repository/com/thoughtworks/paranamer/paranamer/2.8/paranamer-2.8.jar:/home/killua/.m2/repository/com/fasterxml/jackson/dataformat/jackson-dataformat-csv/2.16.2/jackson-dataformat-csv-2.16.2.jar:/home/killua/.m2/repository/com/fasterxml/jackson/datatype/jackson-datatype-jdk8/2.16.2/jackson-datatype-jdk8-2.16.2.jar:/home/killua/.m2/repository/net/sf/jopt-simple/jopt-simple/5.0.4/jopt-simple-5.0.4.jar:/home/killua/.m2/repository/org/bitbucket/b_c/jose4j/0.9.4/jose4j-0.9.4.jar:/home/killua/.m2/repository/com/yammer/metrics/metrics-core/2.2.0/metrics-core-2.2.0.jar:/home/killua/.m2/repository/org/scala-lang/modules/scala-collection-compat_2.12/2.10.0/scala-collection-compat_2.12-2.10.0.jar:/home/killua/.m2/repository/org/scala-lang/modules/scala-java8-compat_2.12/1.0.2/scala-java8-compat_2.12-1.0.2.jar:/home/killua/.m2/repository/org/scala-lang/scala-reflect/2.12.19/scala-reflect-2.12.19.jar:/home/killua/.m2/repository/com/typesafe/scala-logging/scala-logging_2.12/3.9.4/scala-logging_2.12-3.9.4.jar:/home/killua/.m2/repository/commons-io/commons-io/2.14.0/commons-io-2.14.0.jar:/home/killua/.m2/repository/io/dropwizard/metrics/metrics-core/4.1.12.1/metrics-core-4.1.12.1.jar:/home/killua/.m2/repository/org/apache/zookeeper/zookeeper/3.8.4/zookeeper-3.8.4.jar:/home/killua/.m2/repository/org/apache/zookeeper/zookeeper-jute/3.8.4/zookeeper-jute-3.8.4.jar:/home/killua/.m2/repository/org/apache/yetus/audience-annotations/0.12.0/audience-annotations-0.12.0.jar:/home/killua/.m2/repository/io/netty/netty-handler/4.1.105.Final/netty-handler-4.1.105.Final.jar:/home/killua/.m2/repository/io/netty/netty-resolver/4.1.105.Final/netty-resolver-4.1.105.Final.jar:/home/killua/.m2/repository/io/netty/netty-transport-native-unix-common/4.1.105.Final/netty-transport-native-unix-common-4.1.105.Final.jar:/home/killua/.m2/repository/io/netty/netty-transport-native-epoll/4.1.105.Final/netty-transport-native-epoll-4.1.105.Final.jar:/home/killua/.m2/repository/io/netty/netty-transport-classes-epoll/4.1.105.Final/netty-transport-classes-epoll-4.1.105.Final.jar:/home/killua/.m2/repository/commons-cli/commons-cli/1.4/commons-cli-1.4.jar:/home/killua/.m2/repository/org/apache/kafka/kafka_2.12/3.8.1/kafka_2.12-3.8.1-test.jar:/home/killua/.m2/repository/org/apache/kafka/kafka-clients/3.8.1/kafka-clients-3.8.1-test.jar:/home/killua/.m2/repository/com/github/luben/zstd-jni/1.5.6-4/zstd-jni-1.5.6-4.jar:/home/killua/.m2/repository/org/lz4/lz4-java/1.8.0/lz4-java-1.8.0.jar:/home/killua/.m2/repository/org/xerial/snappy/snappy-java/1.1.10.5/snappy-java-1.1.10.5.jar:/home/killua/.m2/repository/org/apache/kafka/connect-runtime/3.8.1/connect-runtime-3.8.1.jar:/home/killua/.m2/repository/org/apache/kafka/connect-json/3.8.1/connect-json-3.8.1.jar:/home/killua/.m2/repository/com/fasterxml/jackson/module/jackson-module-afterburner/2.16.2/jackson-module-afterburner-2.16.2.jar:/home/killua/.m2/repository/org/apache/kafka/connect-transforms/3.8.1/connect-transforms-3.8.1.jar:/home/killua/.m2/repository/ch/qos/reload4j/reload4j/1.2.25/reload4j-1.2.25.jar:/home/killua/.m2/repository/com/fasterxml/jackson/jaxrs/jackson-jaxrs-json-provider/2.16.2/jackson-jaxrs-json-provider-2.16.2.jar:/home/killua/.m2/repository/com/fasterxml/jackson/jaxrs/jackson-jaxrs-base/2.16.2/jackson-jaxrs-base-2.16.2.jar:/home/killua/.m2/repository/com/fasterxml/jackson/module/jackson-module-jaxb-annotations/2.16.2/jackson-module-jaxb-annotations-2.16.2.jar:/home/killua/.m2/repository/jakarta/activation/jakarta.activation-api/1.2.2/jakarta.activation-api-1.2.2.jar:/home/killua/.m2/repository/org/glassfish/jersey/containers/jersey-container-servlet/2.39.1/jersey-container-servlet-2.39.1.jar:/home/killua/.m2/repository/org/glassfish/jersey/containers/jersey-container-servlet-core/2.39.1/jersey-container-servlet-core-2.39.1.jar:/home/killua/.m2/repository/org/glassfish/jersey/core/jersey-common/2.39.1/jersey-common-2.39.1.jar:/home/killua/.m2/repository/jakarta/annotation/jakarta.annotation-api/1.3.5/jakarta.annotation-api-1.3.5.jar:/home/killua/.m2/repository/org/glassfish/hk2/osgi-resource-locator/1.0.3/osgi-resource-locator-1.0.3.jar:/home/killua/.m2/repository/org/glassfish/jersey/core/jersey-server/2.39.1/jersey-server-2.39.1.jar:/home/killua/.m2/repository/org/glassfish/jersey/core/jersey-client/2.39.1/jersey-client-2.39.1.jar:/home/killua/.m2/repository/jakarta/ws/rs/jakarta.ws.rs-api/2.1.6/jakarta.ws.rs-api-2.1.6.jar:/home/killua/.m2/repository/org/glassfish/jersey/inject/jersey-hk2/2.39.1/jersey-hk2-2.39.1.jar:/home/killua/.m2/repository/org/glassfish/hk2/hk2-locator/2.6.1/hk2-locator-2.6.1.jar:/home/killua/.m2/repository/org/glassfish/hk2/external/aopalliance-repackaged/2.6.1/aopalliance-repackaged-2.6.1.jar:/home/killua/.m2/repository/org/glassfish/hk2/hk2-api/2.6.1/hk2-api-2.6.1.jar:/home/killua/.m2/repository/org/glassfish/hk2/hk2-utils/2.6.1/hk2-utils-2.6.1.jar:/home/killua/.m2/repository/org/javassist/javassist/3.29.0-GA/javassist-3.29.0-GA.jar:/home/killua/.m2/repository/javax/xml/bind/jaxb-api/2.3.1/jaxb-api-2.3.1.jar:/home/killua/.m2/repository/javax/activation/javax.activation-api/1.2.0/javax.activation-api-1.2.0.jar:/home/killua/.m2/repository/javax/activation/activation/1.1.1/activation-1.1.1.jar:/home/killua/.m2/repository/org/reflections/reflections/0.10.2/reflections-0.10.2.jar:/home/killua/.m2/repository/org/apache/maven/maven-artifact/3.9.6/maven-artifact-3.9.6.jar:/home/killua/.m2/repository/org/codehaus/plexus/plexus-utils/3.5.1/plexus-utils-3.5.1.jar:/home/killua/.m2/repository/org/apache/commons/commons-lang3/3.12.0/commons-lang3-3.12.0.jar:/home/killua/.m2/repository/io/swagger/core/v3/swagger-annotations/2.2.8/swagger-annotations-2.2.8.jar:/home/killua/.m2/repository/org/apache/kafka/connect-runtime/3.8.1/connect-runtime-3.8.1-test.jar:/home/killua/.m2/repository/io/confluent/kafka-schema-registry/7.9.5/kafka-schema-registry-7.9.5.jar:/home/killua/.m2/repository/io/confluent/kafka-schema-registry-client/7.9.5/kafka-schema-registry-client-7.9.5.jar:/home/killua/.m2/repository/org/yaml/snakeyaml/2.0/snakeyaml-2.0.jar:/home/killua/.m2/repository/io/confluent/kafka-json-schema-provider/7.9.5/kafka-json-schema-provider-7.9.5.jar:/home/killua/.m2/repository/com/github/erosb/everit-json-schema/1.14.6/everit-json-schema-1.14.6.jar:/home/killua/.m2/repository/com/damnhandy/handy-uri-templates/2.1.8/handy-uri-templates-2.1.8.jar:/home/killua/.m2/repository/com/github/erosb/json-sKema/0.24.0/json-sKema-0.24.0.jar:/home/killua/.m2/repository/com/sanctionco/jmail/jmail/2.0.1/jmail-2.0.1.jar:/home/killua/.m2/repository/com/fasterxml/jackson/datatype/jackson-datatype-guava/2.16.0/jackson-datatype-guava-2.16.0.jar:/home/killua/.m2/repository/com/fasterxml/jackson/datatype/jackson-datatype-joda/2.16.0/jackson-datatype-joda-2.16.0.jar:/home/killua/.m2/repository/joda-time/joda-time/2.10.14/joda-time-2.10.14.jar:/home/killua/.m2/repository/com/fasterxml/jackson/module/jackson-module-parameter-names/2.16.0/jackson-module-parameter-names-2.16.0.jar:/home/killua/.m2/repository/io/yokota/mbknor-jackson-jsonschema-java8/1.0.39.3/mbknor-jackson-jsonschema-java8-1.0.39.3.jar:/home/killua/.m2/repository/javax/validation/validation-api/2.0.1.Final/validation-api-2.0.1.Final.jar:/home/killua/.m2/repository/io/github/classgraph/classgraph/4.8.138/classgraph-4.8.138.jar:/home/killua/.m2/repository/org/jetbrains/kotlin/kotlin-stdlib/1.9.10/kotlin-stdlib-1.9.10.jar:/home/killua/.m2/repository/org/jetbrains/kotlin/kotlin-stdlib-common/1.9.10/kotlin-stdlib-common-1.9.10.jar:/home/killua/.m2/repository/org/jetbrains/annotations/13.0/annotations-13.0.jar:/home/killua/.m2/repository/org/jetbrains/kotlin/kotlin-scripting-jvm/1.9.10/kotlin-scripting-jvm-1.9.10.jar:/home/killua/.m2/repository/org/jetbrains/kotlin/kotlin-script-runtime/1.9.10/kotlin-script-runtime-1.9.10.jar:/home/killua/.m2/repository/org/jetbrains/kotlin/kotlin-scripting-common/1.9.10/kotlin-scripting-common-1.9.10.jar:/home/killua/.m2/repository/org/jetbrains/kotlin/kotlin-scripting-compiler-embeddable/1.9.10/kotlin-scripting-compiler-embeddable-1.9.10.jar:/home/killua/.m2/repository/org/jetbrains/kotlin/kotlin-scripting-compiler-impl-embeddable/1.9.10/kotlin-scripting-compiler-impl-embeddable-1.9.10.jar:/home/killua/.m2/repository/io/confluent/kafka-protobuf-provider/7.9.5/kafka-protobuf-provider-7.9.5.jar:/home/killua/.m2/repository/com/squareup/wire/wire-schema-jvm/5.1.0/wire-schema-jvm-5.1.0.jar:/home/killua/.m2/repository/com/squareup/javapoet/1.13.0/javapoet-1.13.0.jar:/home/killua/.m2/repository/com/squareup/kotlinpoet-jvm/1.18.1/kotlinpoet-jvm-1.18.1.jar:/home/killua/.m2/repository/org/jetbrains/kotlin/kotlin-reflect/2.0.0/kotlin-reflect-2.0.0.jar:/home/killua/.m2/repository/com/squareup/wire/wire-runtime-jvm/5.1.0/wire-runtime-jvm-5.1.0.jar:/home/killua/.m2/repository/com/squareup/okio/okio-jvm/3.4.0/okio-jvm-3.4.0.jar:/home/killua/.m2/repository/org/jetbrains/kotlin/kotlin-stdlib-jdk8/1.8.0/kotlin-stdlib-jdk8-1.8.0.jar:/home/killua/.m2/repository/org/jetbrains/kotlin/kotlin-stdlib-jdk7/1.8.0/kotlin-stdlib-jdk7-1.8.0.jar:/home/killua/.m2/repository/io/confluent/kafka-protobuf-types/7.9.5/kafka-protobuf-types-7.9.5.jar:/home/killua/.m2/repository/org/apache/kafka/kafka_2.13/7.9.5-ccs/kafka_2.13-7.9.5-ccs.jar:/home/killua/.m2/repository/com/fasterxml/jackson/module/jackson-module-scala_2.13/2.16.2/jackson-module-scala_2.13-2.16.2.jar:/home/killua/.m2/repository/org/scala-lang/modules/scala-collection-compat_2.13/2.10.0/scala-collection-compat_2.13-2.10.0.jar:/home/killua/.m2/repository/org/scala-lang/modules/scala-java8-compat_2.13/1.0.2/scala-java8-compat_2.13-1.0.2.jar:/home/killua/.m2/repository/com/typesafe/scala-logging/scala-logging_2.13/3.9.5/scala-logging_2.13-3.9.5.jar:/home/killua/.m2/repository/org/glassfish/jersey/ext/jersey-bean-validation/2.36/jersey-bean-validation-2.36.jar:/home/killua/.m2/repository/org/glassfish/hk2/external/jakarta.inject/2.6.1/jakarta.inject-2.6.1.jar:/home/killua/.m2/repository/jakarta/validation/jakarta.validation-api/2.0.2/jakarta.validation-api-2.0.2.jar:/home/killua/.m2/repository/org/hibernate/validator/hibernate-validator/6.2.0.Final/hibernate-validator-6.2.0.Final.jar:/home/killua/.m2/repository/org/jboss/logging/jboss-logging/3.4.1.Final/jboss-logging-3.4.1.Final.jar:/home/killua/.m2/repository/com/fasterxml/classmate/1.5.1/classmate-1.5.1.jar:/home/killua/.m2/repository/jakarta/el/jakarta.el-api/3.0.3/jakarta.el-api-3.0.3.jar:/home/killua/.m2/repository/org/glassfish/jakarta.el/3.0.4/jakarta.el-3.0.4.jar:/home/killua/.m2/repository/io/confluent/rest-utils/7.9.5/rest-utils-7.9.5.jar:/home/killua/.m2/repository/io/spiffe/java-spiffe-core/0.8.13/java-spiffe-core-0.8.13.jar:/home/killua/.m2/repository/com/nimbusds/nimbus-jose-jwt/10.3.1/nimbus-jose-jwt-10.3.1.jar:/home/killua/.m2/repository/io/spiffe/grpc-netty-linux/0.8.13/grpc-netty-linux-0.8.13.jar:/home/killua/.m2/repository/io/spiffe/grpc-netty-macos-aarch64/0.8.13/grpc-netty-macos-aarch64-0.8.13.jar:/home/killua/.m2/repository/io/grpc/grpc-netty/1.61.1/grpc-netty-1.61.1.jar:/home/killua/.m2/repository/io/netty/netty-codec-http2/4.1.100.Final/netty-codec-http2-4.1.100.Final.jar:/home/killua/.m2/repository/io/netty/netty-codec-http/4.1.100.Final/netty-codec-http-4.1.100.Final.jar:/home/killua/.m2/repository/io/netty/netty-handler-proxy/4.1.100.Final/netty-handler-proxy-4.1.100.Final.jar:/home/killua/.m2/repository/io/netty/netty-codec-socks/4.1.100.Final/netty-codec-socks-4.1.100.Final.jar:/home/killua/.m2/repository/io/netty/netty-transport-native-kqueue/4.2.2.Final/netty-transport-native-kqueue-4.2.2.Final-osx-aarch_64.jar:/home/killua/.m2/repository/io/netty/netty-transport-classes-kqueue/4.2.2.Final/netty-transport-classes-kqueue-4.2.2.Final.jar:/home/killua/.m2/repository/io/spiffe/java-spiffe-provider/0.8.13/java-spiffe-provider-0.8.13.jar:/home/killua/.m2/repository/org/eclipse/jetty/websocket/javax-websocket-server-impl/9.4.58.v20250814/javax-websocket-server-impl-9.4.58.v20250814.jar:/home/killua/.m2/repository/org/eclipse/jetty/jetty-annotations/9.4.58.v20250814/jetty-annotations-9.4.58.v20250814.jar:/home/killua/.m2/repository/org/eclipse/jetty/jetty-plus/9.4.58.v20250814/jetty-plus-9.4.58.v20250814.jar:/home/killua/.m2/repository/org/eclipse/jetty/jetty-jndi/9.4.58.v20250814/jetty-jndi-9.4.58.v20250814.jar:/home/killua/.m2/repository/org/eclipse/jetty/jetty-webapp/9.4.58.v20250814/jetty-webapp-9.4.58.v20250814.jar:/home/killua/.m2/repository/org/eclipse/jetty/jetty-xml/9.4.58.v20250814/jetty-xml-9.4.58.v20250814.jar:/home/killua/.m2/repository/org/ow2/asm/asm/9.7.1/asm-9.7.1.jar:/home/killua/.m2/repository/org/ow2/asm/asm-commons/9.7.1/asm-commons-9.7.1.jar:/home/killua/.m2/repository/org/ow2/asm/asm-tree/9.7.1/asm-tree-9.7.1.jar:/home/killua/.m2/repository/org/eclipse/jetty/websocket/javax-websocket-client-impl/9.4.58.v20250814/javax-websocket-client-impl-9.4.58.v20250814.jar:/home/killua/.m2/repository/org/eclipse/jetty/websocket/websocket-client/9.4.58.v20250814/websocket-client-9.4.58.v20250814.jar:/home/killua/.m2/repository/javax/websocket/javax.websocket-client-api/1.0/javax.websocket-client-api-1.0.jar:/home/killua/.m2/repository/org/eclipse/jetty/websocket/websocket-server/9.4.58.v20250814/websocket-server-9.4.58.v20250814.jar:/home/killua/.m2/repository/org/eclipse/jetty/websocket/websocket-common/9.4.58.v20250814/websocket-common-9.4.58.v20250814.jar:/home/killua/.m2/repository/org/eclipse/jetty/websocket/websocket-api/9.4.58.v20250814/websocket-api-9.4.58.v20250814.jar:/home/killua/.m2/repository/org/eclipse/jetty/websocket/websocket-servlet/9.4.58.v20250814/websocket-servlet-9.4.58.v20250814.jar:/home/killua/.m2/repository/javax/websocket/javax.websocket-api/1.0/javax.websocket-api-1.0.jar:/home/killua/.m2/repository/jakarta/xml/bind/jakarta.xml.bind-api/2.3.3/jakarta.xml.bind-api-2.3.3.jar:/home/killua/.m2/repository/org/eclipse/jetty/jetty-jmx/9.4.58.v20250814/jetty-jmx-9.4.58.v20250814.jar:/home/killua/.m2/repository/org/eclipse/jetty/http2/http2-server/9.4.58.v20250814/http2-server-9.4.58.v20250814.jar:/home/killua/.m2/repository/org/eclipse/jetty/http2/http2-common/9.4.58.v20250814/http2-common-9.4.58.v20250814.jar:/home/killua/.m2/repository/org/eclipse/jetty/http2/http2-hpack/9.4.58.v20250814/http2-hpack-9.4.58.v20250814.jar:/home/killua/.m2/repository/org/eclipse/jetty/jetty-alpn-server/9.4.58.v20250814/jetty-alpn-server-9.4.58.v20250814.jar:/home/killua/.m2/repository/org/eclipse/jetty/jetty-alpn-conscrypt-server/9.4.58.v20250814/jetty-alpn-conscrypt-server-9.4.58.v20250814.jar:/home/killua/.m2/repository/org/eclipse/jetty/jetty-jaas/9.4.58.v20250814/jetty-jaas-9.4.58.v20250814.jar:/home/killua/.m2/repository/org/apache/directory/api/api-ldap-model/2.1.5/api-ldap-model-2.1.5.jar:/home/killua/.m2/repository/org/apache/directory/api/api-asn1-ber/2.1.5/api-asn1-ber-2.1.5.jar:/home/killua/.m2/repository/org/apache/directory/api/api-i18n/2.1.5/api-i18n-2.1.5.jar:/home/killua/.m2/repository/org/apache/mina/mina-core/2.2.3/mina-core-2.2.3.jar:/home/killua/.m2/repository/org/apache/servicemix/bundles/org.apache.servicemix.bundles.antlr/2.7.7_5/org.apache.servicemix.bundles.antlr-2.7.7_5.jar:/home/killua/.m2/repository/org/apache/commons/commons-collections4/4.4/commons-collections4-4.4.jar:/home/killua/.m2/repository/org/apache/directory/api/api-util/2.1.5/api-util-2.1.5.jar:/home/killua/.m2/repository/org/apache/directory/api/api-asn1-api/2.1.5/api-asn1-api-2.1.5.jar:/home/killua/.m2/repository/io/github/resilience4j/resilience4j-ratelimiter/1.7.1/resilience4j-ratelimiter-1.7.1.jar:/home/killua/.m2/repository/io/vavr/vavr/0.10.2/vavr-0.10.2.jar:/home/killua/.m2/repository/io/vavr/vavr-match/0.10.2/vavr-match-0.10.2.jar:/home/killua/.m2/repository/io/github/resilience4j/resilience4j-core/1.7.1/resilience4j-core-1.7.1.jar:/home/killua/.m2/repository/org/slf4j/slf4j-reload4j/1.7.36/slf4j-reload4j-1.7.36.jar:/home/killua/.m2/repository/io/confluent/logredactor/1.0.12/logredactor-1.0.12.jar:/home/killua/.m2/repository/io/confluent/logredactor-metrics/1.0.12/logredactor-metrics-1.0.12.jar:/home/killua/.m2/repository/com/eclipsesource/minimal-json/minimal-json/0.9.5/minimal-json-0.9.5.jar:/home/killua/.m2/repository/io/kcache/kcache/4.0.11/kcache-4.0.11.jar:/home/killua/.m2/repository/com/github/ben-manes/caffeine/caffeine/2.9.3/caffeine-2.9.3.jar:/home/killua/.m2/repository/com/google/guava/guava/32.0.1-jre/guava-32.0.1-jre.jar:/home/killua/.m2/repository/com/google/crypto/tink/tink/1.15.0/tink-1.15.0.jar:/home/killua/.m2/repository/org/apache/avro/avro/1.11.4/avro-1.11.4.jar:/home/killua/.m2/repository/org/apache/commons/commons-compress/1.26.1/commons-compress-1.26.1.jar:/home/killua/.m2/repository/io/netty/netty-codec/4.1.128.Final/netty-codec-4.1.128.Final.jar:/home/killua/.m2/repository/io/netty/netty-transport/4.1.128.Final/netty-transport-4.1.128.Final.jar:/home/killua/.m2/repository/org/eclipse/jetty/jetty-alpn-java-server/9.4.58.v20250814/jetty-alpn-java-server-9.4.58.v20250814.jar:/home/killua/.m2/repository/io/swagger/core/v3/swagger-core/2.1.10/swagger-core-2.1.10.jar:/home/killua/.m2/repository/com/fasterxml/jackson/dataformat/jackson-dataformat-yaml/2.12.1/jackson-dataformat-yaml-2.12.1.jar:/home/killua/.m2/repository/io/swagger/core/v3/swagger-models/2.1.10/swagger-models-2.1.10.jar:/home/killua/.m2/repository/io/confluent/common-utils/7.9.5/common-utils-7.9.5.jar:/home/killua/.m2/repository/io/confluent/kafka-schema-registry/7.9.5/kafka-schema-registry-7.9.5-tests.jar:/home/killua/.m2/repository/io/confluent/kafka-connect-avro-converter/7.9.5/kafka-connect-avro-converter-7.9.5.jar:/home/killua/.m2/repository/io/confluent/kafka-connect-avro-data/7.9.5/kafka-connect-avro-data-7.9.5.jar:/home/killua/.m2/repository/io/confluent/kafka-schema-converter/7.9.5/kafka-schema-converter-7.9.5.jar:/home/killua/.m2/repository/io/confluent/kafka-avro-serializer/7.9.5/kafka-avro-serializer-7.9.5.jar:/home/killua/.m2/repository/io/confluent/kafka-schema-serializer/7.9.5/kafka-schema-serializer-7.9.5.jar:/home/killua/.m2/repository/com/google/re2j/re2j/1.7/re2j-1.7.jar:/home/killua/.m2/repository/com/google/cloud/google-cloud-bigquerystorage/3.2.0/google-cloud-bigquerystorage-3.2.0.jar:/home/killua/.m2/repository/io/grpc/grpc-api/1.61.1/grpc-api-1.61.1.jar:/home/killua/.m2/repository/com/google/errorprone/error_prone_annotations/2.24.1/error_prone_annotations-2.24.1.jar:/home/killua/.m2/repository/io/grpc/grpc-stub/1.61.1/grpc-stub-1.61.1.jar:/home/killua/.m2/repository/io/grpc/grpc-protobuf/1.61.1/grpc-protobuf-1.61.1.jar:/home/killua/.m2/repository/io/grpc/grpc-protobuf-lite/1.61.1/grpc-protobuf-lite-1.61.1.jar:/home/killua/.m2/repository/io/grpc/grpc-util/1.61.1/grpc-util-1.61.1.jar:/home/killua/.m2/repository/io/grpc/grpc-core/1.61.1/grpc-core-1.61.1.jar:/home/killua/.m2/repository/com/google/code/gson/gson/2.10.1/gson-2.10.1.jar:/home/killua/.m2/repository/com/google/android/annotations/4.1.1.4/annotations-4.1.1.4.jar:/home/killua/.m2/repository/io/perfmark/perfmark-api/0.27.0/perfmark-api-0.27.0.jar:/home/killua/.m2/repository/io/grpc/grpc-context/1.61.1/grpc-context-1.61.1.jar:/home/killua/.m2/repository/org/codehaus/mojo/animal-sniffer-annotations/1.23/animal-sniffer-annotations-1.23.jar:/home/killua/.m2/repository/com/google/api/api-common/2.26.0/api-common-2.26.0.jar:/home/killua/.m2/repository/javax/annotation/javax.annotation-api/1.3.2/javax.annotation-api-1.3.2.jar:/home/killua/.m2/repository/com/google/auto/value/auto-value/1.10.2/auto-value-1.10.2.jar:/home/killua/.m2/repository/com/google/auto/value/auto-value-annotations/1.10.4/auto-value-annotations-1.10.4.jar:/home/killua/.m2/repository/com/google/protobuf/protobuf-java/3.25.2/protobuf-java-3.25.2.jar:/home/killua/.m2/repository/com/google/api/grpc/proto-google-common-protos/2.34.0/proto-google-common-protos-2.34.0.jar:/home/killua/.m2/repository/com/google/api/grpc/proto-google-cloud-bigquerystorage-v1beta1/0.174.0/proto-google-cloud-bigquerystorage-v1beta1-0.174.0.jar:/home/killua/.m2/repository/com/google/api/grpc/proto-google-cloud-bigquerystorage-v1beta2/0.174.0/proto-google-cloud-bigquerystorage-v1beta2-0.174.0.jar:/home/killua/.m2/repository/com/google/api/grpc/proto-google-cloud-bigquerystorage-v1/3.2.0/proto-google-cloud-bigquerystorage-v1-3.2.0.jar:/home/killua/.m2/repository/com/google/guava/failureaccess/1.0.1/failureaccess-1.0.1.jar:/home/killua/.m2/repository/com/google/guava/listenablefuture/9999.0-empty-to-avoid-conflict-with-guava/listenablefuture-9999.0-empty-to-avoid-conflict-with-guava.jar:/home/killua/.m2/repository/org/checkerframework/checker-qual/3.42.0/checker-qual-3.42.0.jar:/home/killua/.m2/repository/com/google/j2objc/j2objc-annotations/2.8/j2objc-annotations-2.8.jar:/home/killua/.m2/repository/com/google/api/gax/2.43.0/gax-2.43.0.jar:/home/killua/.m2/repository/io/opencensus/opencensus-api/0.31.1/opencensus-api-0.31.1.jar:/home/killua/.m2/repository/com/google/auth/google-auth-library-oauth2-http/1.23.0/google-auth-library-oauth2-http-1.23.0.jar:/home/killua/.m2/repository/com/google/api/gax-grpc/2.43.0/gax-grpc-2.43.0.jar:/home/killua/.m2/repository/io/grpc/grpc-inprocess/1.61.1/grpc-inprocess-1.61.1.jar:/home/killua/.m2/repository/io/grpc/grpc-alts/1.61.1/grpc-alts-1.61.1.jar:/home/killua/.m2/repository/io/grpc/grpc-grpclb/1.61.1/grpc-grpclb-1.61.1.jar:/home/killua/.m2/repository/org/conscrypt/conscrypt-openjdk-uber/2.5.2/conscrypt-openjdk-uber-2.5.2.jar:/home/killua/.m2/repository/io/grpc/grpc-auth/1.61.1/grpc-auth-1.61.1.jar:/home/killua/.m2/repository/io/grpc/grpc-netty-shaded/1.61.1/grpc-netty-shaded-1.61.1.jar:/home/killua/.m2/repository/io/grpc/grpc-googleapis/1.61.1/grpc-googleapis-1.61.1.jar:/home/killua/.m2/repository/org/threeten/threetenbp/1.6.8/threetenbp-1.6.8.jar:/home/killua/.m2/repository/org/json/json/20240205/json-20240205.jar:/home/killua/.m2/repository/com/google/auth/google-auth-library-credentials/1.23.0/google-auth-library-credentials-1.23.0.jar:/home/killua/.m2/repository/com/google/code/findbugs/jsr305/3.0.2/jsr305-3.0.2.jar:/home/killua/.m2/repository/com/google/cloud/google-cloud-core/2.33.0/google-cloud-core-2.33.0.jar:/home/killua/.m2/repository/com/google/protobuf/protobuf-java-util/3.25.2/protobuf-java-util-3.25.2.jar:/home/killua/.m2/repository/com/google/api/grpc/proto-google-iam-v1/1.29.0/proto-google-iam-v1-1.29.0.jar:/home/killua/.m2/repository/com/google/http-client/google-http-client/1.44.1/google-http-client-1.44.1.jar:/home/killua/.m2/repository/org/apache/httpcomponents/httpclient/4.5.14/httpclient-4.5.14.jar:/home/killua/.m2/repository/commons-codec/commons-codec/1.16.1/commons-codec-1.16.1.jar:/home/killua/.m2/repository/org/apache/httpcomponents/httpcore/4.4.16/httpcore-4.4.16.jar:/home/killua/.m2/repository/io/opencensus/opencensus-contrib-http-util/0.31.1/opencensus-contrib-http-util-0.31.1.jar:/home/killua/.m2/repository/com/google/http-client/google-http-client-gson/1.44.1/google-http-client-gson-1.44.1.jar:/home/killua/.m2/repository/com/google/api/grpc/grpc-google-cloud-bigquerystorage-v1beta1/0.174.0/grpc-google-cloud-bigquerystorage-v1beta1-0.174.0.jar:/home/killua/.m2/repository/com/google/api/grpc/grpc-google-cloud-bigquerystorage-v1beta2/0.174.0/grpc-google-cloud-bigquerystorage-v1beta2-0.174.0.jar:/home/killua/.m2/repository/com/google/api/grpc/grpc-google-cloud-bigquerystorage-v1/3.2.0/grpc-google-cloud-bigquerystorage-v1-3.2.0.jar:/home/killua/.m2/repository/com/google/cloud/google-cloud-bigquery/2.37.2/google-cloud-bigquery-2.37.2.jar:/home/killua/.m2/repository/com/google/cloud/google-cloud-core-http/2.33.0/google-cloud-core-http-2.33.0.jar:/home/killua/.m2/repository/com/google/api-client/google-api-client/2.3.0/google-api-client-2.3.0.jar:/home/killua/.m2/repository/com/google/oauth-client/google-oauth-client/1.35.0/google-oauth-client-1.35.0.jar:/home/killua/.m2/repository/com/google/http-client/google-http-client-apache-v2/1.44.1/google-http-client-apache-v2-1.44.1.jar:/home/killua/.m2/repository/com/google/http-client/google-http-client-appengine/1.44.1/google-http-client-appengine-1.44.1.jar:/home/killua/.m2/repository/com/google/api/gax-httpjson/2.43.0/gax-httpjson-2.43.0.jar:/home/killua/.m2/repository/org/checkerframework/checker-compat-qual/2.5.6/checker-compat-qual-2.5.6.jar:/home/killua/.m2/repository/com/google/apis/google-api-services-bigquery/v2-rev20240203-2.0.0/google-api-services-bigquery-v2-rev20240203-2.0.0.jar:/home/killua/.m2/repository/org/threeten/threeten-extra/1.7.2/threeten-extra-1.7.2.jar:/home/killua/.m2/repository/commons-logging/commons-logging/1.2/commons-logging-1.2.jar:/home/killua/.m2/repository/org/apache/arrow/arrow-vector/15.0.0/arrow-vector-15.0.0.jar:/home/killua/.m2/repository/org/apache/arrow/arrow-format/15.0.0/arrow-format-15.0.0.jar:/home/killua/.m2/repository/com/fasterxml/jackson/datatype/jackson-datatype-jsr310/2.16.1/jackson-datatype-jsr310-2.16.1.jar:/home/killua/.m2/repository/com/google/flatbuffers/flatbuffers-java/23.5.26/flatbuffers-java-23.5.26.jar:/home/killua/.m2/repository/org/eclipse/collections/eclipse-collections/11.1.0/eclipse-collections-11.1.0.jar:/home/killua/.m2/repository/org/eclipse/collections/eclipse-collections-api/11.1.0/eclipse-collections-api-11.1.0.jar:/home/killua/.m2/repository/org/apache/arrow/arrow-memory-core/15.0.0/arrow-memory-core-15.0.0.jar:/home/killua/.m2/repository/org/apache/arrow/arrow-memory-netty/15.0.0/arrow-memory-netty-15.0.0.jar:/home/killua/.m2/repository/io/netty/netty-buffer/4.1.104.Final/netty-buffer-4.1.104.Final.jar:/home/killua/.m2/repository/io/netty/netty-common/4.1.104.Final/netty-common-4.1.104.Final.jar:/home/killua/.m2/repository/com/google/cloud/google-cloud-storage/2.34.0/google-cloud-storage-2.34.0.jar:/home/killua/.m2/repository/com/google/http-client/google-http-client-jackson2/1.44.1/google-http-client-jackson2-1.44.1.jar:/home/killua/.m2/repository/com/google/apis/google-api-services-storage/v1-rev20240209-2.0.0/google-api-services-storage-v1-rev20240209-2.0.0.jar:/home/killua/.m2/repository/com/google/cloud/google-cloud-core-grpc/2.33.0/google-cloud-core-grpc-2.33.0.jar:/home/killua/.m2/repository/com/google/api/grpc/proto-google-cloud-storage-v2/2.34.0-alpha/proto-google-cloud-storage-v2-2.34.0-alpha.jar:/home/killua/.m2/repository/com/google/api/grpc/grpc-google-cloud-storage-v2/2.34.0-alpha/grpc-google-cloud-storage-v2-2.34.0-alpha.jar:/home/killua/.m2/repository/com/google/api/grpc/gapic-google-cloud-storage-v2/2.34.0-alpha/gapic-google-cloud-storage-v2-2.34.0-alpha.jar:/home/killua/.m2/repository/io/grpc/grpc-xds/1.61.1/grpc-xds-1.61.1.jar:/home/killua/.m2/repository/io/opencensus/opencensus-proto/0.2.0/opencensus-proto-0.2.0.jar:/home/killua/.m2/repository/io/grpc/grpc-services/1.61.1/grpc-services-1.61.1.jar:/home/killua/.m2/repository/io/grpc/grpc-rls/1.61.1/grpc-rls-1.61.1.jar:
	os.spec = Linux, amd64, 6.19.5-3-cachyos
	os.vcpus = 16
 (org.apache.kafka.connect.runtime.WorkerInfo:71)
[2026-03-04 15:47:57,222] INFO Scanning for plugin classes. This might take a moment ... (org.apache.kafka.connect.cli.AbstractConnectCli:120)
[2026-03-04 15:47:57,225] INFO [zk-broker-0-to-controller-forwarding-channel-manager]: Recorded new ZK controller, from now on will use node localhost:35583 (id: 0 rack: null) (kafka.server.NodeToControllerRequestThread:66)
[2026-03-04 15:47:57,229] INFO [Producer clientId=producer-1] Cluster ID: ZLwlwW0oR46i0M1D5wxHTQ (org.apache.kafka.clients.Metadata:364)
[2026-03-04 15:47:57,229] INFO Loading plugin from: classpath (org.apache.kafka.connect.runtime.isolation.PluginScanner:75)
[2026-03-04 15:47:57,235] INFO [Controller id=0] Acquired new producerId block ProducerIdsBlock(assignedBrokerId=0, firstProducerId=0, size=1000) by writing to Zk with path version 1 (kafka.controller.KafkaController:66)
[2026-03-04 15:47:57,254] INFO Registered loader: jdk.internal.loader.ClassLoaders$AppClassLoader@341d43cd (org.apache.kafka.connect.runtime.isolation.PluginScanner:80)
[2026-03-04 15:47:57,255] INFO Scanning plugins with ServiceLoaderScanner took 26 ms (org.apache.kafka.connect.runtime.isolation.PluginScanner:70)
[2026-03-04 15:47:57,255] INFO Loading plugin from: classpath (org.apache.kafka.connect.runtime.isolation.PluginScanner:75)
[2026-03-04 15:47:57,336] INFO [Producer clientId=producer-1] ProducerId set to 0 with epoch 0 (org.apache.kafka.clients.producer.internals.TransactionManager:502)
[2026-03-04 15:47:58,146] ERROR Failed to discover Converter in classpath: Unable to instantiate TestConverterWithPrivateConstructor: Plugin class default constructor must be public (org.apache.kafka.connect.runtime.isolation.ReflectionScanner:138)
java.lang.IllegalAccessException: class org.apache.kafka.connect.runtime.isolation.ReflectionScanner cannot access a member of class org.apache.kafka.connect.integration.ConnectorValidationIntegrationTest$TestConverterWithPrivateConstructor with modifiers "private"
	at java.base/jdk.internal.reflect.Reflection.newIllegalAccessException(Reflection.java:400)
	at java.base/java.lang.reflect.AccessibleObject.checkAccess(AccessibleObject.java:670)
	at java.base/java.lang.reflect.Constructor.newInstanceWithCaller(Constructor.java:492)
	at java.base/java.lang.reflect.Constructor.newInstance(Constructor.java:483)
	at org.apache.kafka.connect.runtime.isolation.ReflectionScanner.versionFor(ReflectionScanner.java:73)
	at org.apache.kafka.connect.runtime.isolation.ReflectionScanner.getPluginDesc(ReflectionScanner.java:136)
	at org.apache.kafka.connect.runtime.isolation.ReflectionScanner.scanPlugins(ReflectionScanner.java:89)
	at org.apache.kafka.connect.runtime.isolation.PluginScanner.scanUrlsAndAddPlugins(PluginScanner.java:79)
	at org.apache.kafka.connect.runtime.isolation.PluginScanner.discoverPlugins(PluginScanner.java:67)
	at org.apache.kafka.connect.runtime.isolation.Plugins.initLoaders(Plugins.java:91)
	at org.apache.kafka.connect.runtime.isolation.Plugins.<init>(Plugins.java:75)
	at org.apache.kafka.connect.runtime.isolation.Plugins.<init>(Plugins.java:64)
	at org.apache.kafka.connect.cli.AbstractConnectCli.startConnect(AbstractConnectCli.java:121)
	at org.apache.kafka.connect.util.clusters.WorkerHandle.start(WorkerHandle.java:47)
	at org.apache.kafka.connect.util.clusters.EmbeddedConnectCluster.addWorker(EmbeddedConnectCluster.java:88)
	at org.apache.kafka.connect.util.clusters.EmbeddedConnectCluster.startConnect(EmbeddedConnectCluster.java:163)
	at org.apache.kafka.connect.util.clusters.EmbeddedConnect.start(EmbeddedConnect.java:130)
	at org.apache.kafka.connect.util.clusters.EmbeddedConnectCluster.start(EmbeddedConnectCluster.java:48)
	at com.wepay.kafka.connect.bigquery.integration.BaseConnectorIT.startConnect(BaseConnectorIT.java:138)
	at com.wepay.kafka.connect.bigquery.integration.UpsertDeleteBigQuerySinkConnectorWithSRIT.setup(UpsertDeleteBigQuerySinkConnectorWithSRIT.java:86)
	at java.base/jdk.internal.reflect.DirectMethodHandleAccessor.invoke(DirectMethodHandleAccessor.java:104)
	at java.base/java.lang.reflect.Method.invoke(Method.java:565)
	at org.junit.platform.commons.util.ReflectionUtils.invokeMethod(ReflectionUtils.java:728)
	at org.junit.jupiter.engine.execution.MethodInvocation.proceed(MethodInvocation.java:60)
	at org.junit.jupiter.engine.execution.InvocationInterceptorChain$ValidatingInvocation.proceed(InvocationInterceptorChain.java:131)
	at org.junit.jupiter.engine.extension.TimeoutExtension.intercept(TimeoutExtension.java:156)
	at org.junit.jupiter.engine.extension.TimeoutExtension.interceptLifecycleMethod(TimeoutExtension.java:128)
	at org.junit.jupiter.engine.extension.TimeoutExtension.interceptBeforeEachMethod(TimeoutExtension.java:78)
	at org.junit.jupiter.engine.execution.InterceptingExecutableInvoker$ReflectiveInterceptorCall.lambda$ofVoidMethod$0(InterceptingExecutableInvoker.java:103)
	at org.junit.jupiter.engine.execution.InterceptingExecutableInvoker.lambda$invoke$0(InterceptingExecutableInvoker.java:93)
	at org.junit.jupiter.engine.execution.InvocationInterceptorChain$InterceptedInvocation.proceed(InvocationInterceptorChain.java:106)
	at org.junit.jupiter.engine.execution.InvocationInterceptorChain.proceed(InvocationInterceptorChain.java:64)
	at org.junit.jupiter.engine.execution.InvocationInterceptorChain.chainAndInvoke(InvocationInterceptorChain.java:45)
	at org.junit.jupiter.engine.execution.InvocationInterceptorChain.invoke(InvocationInterceptorChain.java:37)
	at org.junit.jupiter.engine.execution.InterceptingExecutableInvoker.invoke(InterceptingExecutableInvoker.java:92)
	at org.junit.jupiter.engine.execution.InterceptingExecutableInvoker.invoke(InterceptingExecutableInvoker.java:86)
	at org.junit.jupiter.engine.descriptor.ClassBasedTestDescriptor.invokeMethodInExtensionContext(ClassBasedTestDescriptor.java:521)
	at org.junit.jupiter.engine.descriptor.ClassBasedTestDescriptor.lambda$synthesizeBeforeEachMethodAdapter$23(ClassBasedTestDescriptor.java:506)
	at org.junit.jupiter.engine.descriptor.TestMethodTestDescriptor.lambda$invokeBeforeEachMethods$3(TestMethodTestDescriptor.java:175)
	at org.junit.jupiter.engine.descriptor.TestMethodTestDescriptor.lambda$invokeBeforeMethodsOrCallbacksUntilExceptionOccurs$6(TestMethodTestDescriptor.java:203)
	at org.junit.platform.engine.support.hierarchical.ThrowableCollector.execute(ThrowableCollector.java:73)
	at org.junit.jupiter.engine.descriptor.TestMethodTestDescriptor.invokeBeforeMethodsOrCallbacksUntilExceptionOccurs(TestMethodTestDescriptor.java:203)
	at org.junit.jupiter.engine.descriptor.TestMethodTestDescriptor.invokeBeforeEachMethods(TestMethodTestDescriptor.java:172)
	at org.junit.jupiter.engine.descriptor.TestMethodTestDescriptor.execute(TestMethodTestDescriptor.java:135)
	at org.junit.jupiter.engine.descriptor.TestMethodTestDescriptor.execute(TestMethodTestDescriptor.java:69)
	at org.junit.platform.engine.support.hierarchical.NodeTestTask.lambda$executeRecursively$6(NodeTestTask.java:151)
	at org.junit.platform.engine.support.hierarchical.ThrowableCollector.execute(ThrowableCollector.java:73)
	at org.junit.platform.engine.support.hierarchical.NodeTestTask.lambda$executeRecursively$8(NodeTestTask.java:141)
	at org.junit.platform.engine.support.hierarchical.Node.around(Node.java:137)
	at org.junit.platform.engine.support.hierarchical.NodeTestTask.lambda$executeRecursively$9(NodeTestTask.java:139)
	at org.junit.platform.engine.support.hierarchical.ThrowableCollector.execute(ThrowableCollector.java:73)
	at org.junit.platform.engine.support.hierarchical.NodeTestTask.executeRecursively(NodeTestTask.java:138)
	at org.junit.platform.engine.support.hierarchical.NodeTestTask.execute(NodeTestTask.java:95)
	at java.base/java.util.ArrayList.forEach(ArrayList.java:1604)
	at org.junit.platform.engine.support.hierarchical.SameThreadHierarchicalTestExecutorService.invokeAll(SameThreadHierarchicalTestExecutorService.java:41)
	at org.junit.platform.engine.support.hierarchical.NodeTestTask.lambda$executeRecursively$6(NodeTestTask.java:155)
	at org.junit.platform.engine.support.hierarchical.ThrowableCollector.execute(ThrowableCollector.java:73)
	at org.junit.platform.engine.support.hierarchical.NodeTestTask.lambda$executeRecursively$8(NodeTestTask.java:141)
	at org.junit.platform.engine.support.hierarchical.Node.around(Node.java:137)
	at org.junit.platform.engine.support.hierarchical.NodeTestTask.lambda$executeRecursively$9(NodeTestTask.java:139)
	at org.junit.platform.engine.support.hierarchical.ThrowableCollector.execute(ThrowableCollector.java:73)
	at org.junit.platform.engine.support.hierarchical.NodeTestTask.executeRecursively(NodeTestTask.java:138)
	at org.junit.platform.engine.support.hierarchical.NodeTestTask.execute(NodeTestTask.java:95)
	at java.base/java.util.ArrayList.forEach(ArrayList.java:1604)
	at org.junit.platform.engine.support.hierarchical.SameThreadHierarchicalTestExecutorService.invokeAll(SameThreadHierarchicalTestExecutorService.java:41)
	at org.junit.platform.engine.support.hierarchical.NodeTestTask.lambda$executeRecursively$6(NodeTestTask.java:155)
	at org.junit.platform.engine.support.hierarchical.ThrowableCollector.execute(ThrowableCollector.java:73)
	at org.junit.platform.engine.support.hierarchical.NodeTestTask.lambda$executeRecursively$8(NodeTestTask.java:141)
	at org.junit.platform.engine.support.hierarchical.Node.around(Node.java:137)
	at org.junit.platform.engine.support.hierarchical.NodeTestTask.lambda$executeRecursively$9(NodeTestTask.java:139)
	at org.junit.platform.engine.support.hierarchical.ThrowableCollector.execute(ThrowableCollector.java:73)
	at org.junit.platform.engine.support.hierarchical.NodeTestTask.executeRecursively(NodeTestTask.java:138)
	at org.junit.platform.engine.support.hierarchical.NodeTestTask.execute(NodeTestTask.java:95)
	at org.junit.platform.engine.support.hierarchical.SameThreadHierarchicalTestExecutorService.submit(SameThreadHierarchicalTestExecutorService.java:35)
	at org.junit.platform.engine.support.hierarchical.HierarchicalTestExecutor.execute(HierarchicalTestExecutor.java:57)
	at org.junit.platform.engine.support.hierarchical.HierarchicalTestEngine.execute(HierarchicalTestEngine.java:54)
	at org.junit.platform.launcher.core.EngineExecutionOrchestrator.execute(EngineExecutionOrchestrator.java:198)
	at org.junit.platform.launcher.core.EngineExecutionOrchestrator.execute(EngineExecutionOrchestrator.java:169)
	at org.junit.platform.launcher.core.EngineExecutionOrchestrator.execute(EngineExecutionOrchestrator.java:93)
	at org.junit.platform.launcher.core.EngineExecutionOrchestrator.lambda$execute$0(EngineExecutionOrchestrator.java:58)
	at org.junit.platform.launcher.core.EngineExecutionOrchestrator.withInterceptedStreams(EngineExecutionOrchestrator.java:141)
	at org.junit.platform.launcher.core.EngineExecutionOrchestrator.execute(EngineExecutionOrchestrator.java:57)
	at org.junit.platform.launcher.core.DefaultLauncher.execute(DefaultLauncher.java:103)
	at org.junit.platform.launcher.core.DefaultLauncher.execute(DefaultLauncher.java:85)
	at org.junit.platform.launcher.core.DelegatingLauncher.execute(DelegatingLauncher.java:47)
	at org.apache.maven.surefire.junitplatform.LazyLauncher.execute(LazyLauncher.java:56)
	at org.apache.maven.surefire.junitplatform.JUnitPlatformProvider.execute(JUnitPlatformProvider.java:194)
	at org.apache.maven.surefire.junitplatform.JUnitPlatformProvider.invokeAllTests(JUnitPlatformProvider.java:150)
	at org.apache.maven.surefire.junitplatform.JUnitPlatformProvider.invoke(JUnitPlatformProvider.java:124)
	at org.apache.maven.surefire.booter.ForkedBooter.runSuitesInProcess(ForkedBooter.java:385)
	at org.apache.maven.surefire.booter.ForkedBooter.execute(ForkedBooter.java:162)
	at org.apache.maven.surefire.booter.ForkedBooter.run(ForkedBooter.java:507)
	at org.apache.maven.surefire.booter.ForkedBooter.main(ForkedBooter.java:495)
[2026-03-04 15:47:58,147] ERROR Failed to discover Converter in classpath: Unable to instantiate TestConverterWithConstructorThatThrowsException: Failed to invoke plugin constructor (org.apache.kafka.connect.runtime.isolation.ReflectionScanner:138)
java.lang.reflect.InvocationTargetException
	at java.base/jdk.internal.reflect.DirectConstructorHandleAccessor.newInstance(DirectConstructorHandleAccessor.java:74)
	at java.base/java.lang.reflect.Constructor.newInstanceWithCaller(Constructor.java:499)
	at java.base/java.lang.reflect.Constructor.newInstance(Constructor.java:483)
	at org.apache.kafka.connect.runtime.isolation.ReflectionScanner.versionFor(ReflectionScanner.java:73)
	at org.apache.kafka.connect.runtime.isolation.ReflectionScanner.getPluginDesc(ReflectionScanner.java:136)
	at org.apache.kafka.connect.runtime.isolation.ReflectionScanner.scanPlugins(ReflectionScanner.java:89)
	at org.apache.kafka.connect.runtime.isolation.PluginScanner.scanUrlsAndAddPlugins(PluginScanner.java:79)
	at org.apache.kafka.connect.runtime.isolation.PluginScanner.discoverPlugins(PluginScanner.java:67)
	at org.apache.kafka.connect.runtime.isolation.Plugins.initLoaders(Plugins.java:91)
	at org.apache.kafka.connect.runtime.isolation.Plugins.<init>(Plugins.java:75)
	at org.apache.kafka.connect.runtime.isolation.Plugins.<init>(Plugins.java:64)
	at org.apache.kafka.connect.cli.AbstractConnectCli.startConnect(AbstractConnectCli.java:121)
	at org.apache.kafka.connect.util.clusters.WorkerHandle.start(WorkerHandle.java:47)
	at org.apache.kafka.connect.util.clusters.EmbeddedConnectCluster.addWorker(EmbeddedConnectCluster.java:88)
	at org.apache.kafka.connect.util.clusters.EmbeddedConnectCluster.startConnect(EmbeddedConnectCluster.java:163)
	at org.apache.kafka.connect.util.clusters.EmbeddedConnect.start(EmbeddedConnect.java:130)
	at org.apache.kafka.connect.util.clusters.EmbeddedConnectCluster.start(EmbeddedConnectCluster.java:48)
	at com.wepay.kafka.connect.bigquery.integration.BaseConnectorIT.startConnect(BaseConnectorIT.java:138)
	at com.wepay.kafka.connect.bigquery.integration.UpsertDeleteBigQuerySinkConnectorWithSRIT.setup(UpsertDeleteBigQuerySinkConnectorWithSRIT.java:86)
	at java.base/jdk.internal.reflect.DirectMethodHandleAccessor.invoke(DirectMethodHandleAccessor.java:104)
	at java.base/java.lang.reflect.Method.invoke(Method.java:565)
	at org.junit.platform.commons.util.ReflectionUtils.invokeMethod(ReflectionUtils.java:728)
	at org.junit.jupiter.engine.execution.MethodInvocation.proceed(MethodInvocation.java:60)
	at org.junit.jupiter.engine.execution.InvocationInterceptorChain$ValidatingInvocation.proceed(InvocationInterceptorChain.java:131)
	at org.junit.jupiter.engine.extension.TimeoutExtension.intercept(TimeoutExtension.java:156)
	at org.junit.jupiter.engine.extension.TimeoutExtension.interceptLifecycleMethod(TimeoutExtension.java:128)
	at org.junit.jupiter.engine.extension.TimeoutExtension.interceptBeforeEachMethod(TimeoutExtension.java:78)
	at org.junit.jupiter.engine.execution.InterceptingExecutableInvoker$ReflectiveInterceptorCall.lambda$ofVoidMethod$0(InterceptingExecutableInvoker.java:103)
	at org.junit.jupiter.engine.execution.InterceptingExecutableInvoker.lambda$invoke$0(InterceptingExecutableInvoker.java:93)
	at org.junit.jupiter.engine.execution.InvocationInterceptorChain$InterceptedInvocation.proceed(InvocationInterceptorChain.java:106)
	at org.junit.jupiter.engine.execution.InvocationInterceptorChain.proceed(InvocationInterceptorChain.java:64)
	at org.junit.jupiter.engine.execution.InvocationInterceptorChain.chainAndInvoke(InvocationInterceptorChain.java:45)
	at org.junit.jupiter.engine.execution.InvocationInterceptorChain.invoke(InvocationInterceptorChain.java:37)
	at org.junit.jupiter.engine.execution.InterceptingExecutableInvoker.invoke(InterceptingExecutableInvoker.java:92)
	at org.junit.jupiter.engine.execution.InterceptingExecutableInvoker.invoke(InterceptingExecutableInvoker.java:86)
	at org.junit.jupiter.engine.descriptor.ClassBasedTestDescriptor.invokeMethodInExtensionContext(ClassBasedTestDescriptor.java:521)
	at org.junit.jupiter.engine.descriptor.ClassBasedTestDescriptor.lambda$synthesizeBeforeEachMethodAdapter$23(ClassBasedTestDescriptor.java:506)
	at org.junit.jupiter.engine.descriptor.TestMethodTestDescriptor.lambda$invokeBeforeEachMethods$3(TestMethodTestDescriptor.java:175)
	at org.junit.jupiter.engine.descriptor.TestMethodTestDescriptor.lambda$invokeBeforeMethodsOrCallbacksUntilExceptionOccurs$6(TestMethodTestDescriptor.java:203)
	at org.junit.platform.engine.support.hierarchical.ThrowableCollector.execute(ThrowableCollector.java:73)
	at org.junit.jupiter.engine.descriptor.TestMethodTestDescriptor.invokeBeforeMethodsOrCallbacksUntilExceptionOccurs(TestMethodTestDescriptor.java:203)
	at org.junit.jupiter.engine.descriptor.TestMethodTestDescriptor.invokeBeforeEachMethods(TestMethodTestDescriptor.java:172)
	at org.junit.jupiter.engine.descriptor.TestMethodTestDescriptor.execute(TestMethodTestDescriptor.java:135)
	at org.junit.jupiter.engine.descriptor.TestMethodTestDescriptor.execute(TestMethodTestDescriptor.java:69)
	at org.junit.platform.engine.support.hierarchical.NodeTestTask.lambda$executeRecursively$6(NodeTestTask.java:151)
	at org.junit.platform.engine.support.hierarchical.ThrowableCollector.execute(ThrowableCollector.java:73)
	at org.junit.platform.engine.support.hierarchical.NodeTestTask.lambda$executeRecursively$8(NodeTestTask.java:141)
	at org.junit.platform.engine.support.hierarchical.Node.around(Node.java:137)
	at org.junit.platform.engine.support.hierarchical.NodeTestTask.lambda$executeRecursively$9(NodeTestTask.java:139)
	at org.junit.platform.engine.support.hierarchical.ThrowableCollector.execute(ThrowableCollector.java:73)
	at org.junit.platform.engine.support.hierarchical.NodeTestTask.executeRecursively(NodeTestTask.java:138)
	at org.junit.platform.engine.support.hierarchical.NodeTestTask.execute(NodeTestTask.java:95)
	at java.base/java.util.ArrayList.forEach(ArrayList.java:1604)
	at org.junit.platform.engine.support.hierarchical.SameThreadHierarchicalTestExecutorService.invokeAll(SameThreadHierarchicalTestExecutorService.java:41)
	at org.junit.platform.engine.support.hierarchical.NodeTestTask.lambda$executeRecursively$6(NodeTestTask.java:155)
	at org.junit.platform.engine.support.hierarchical.ThrowableCollector.execute(ThrowableCollector.java:73)
	at org.junit.platform.engine.support.hierarchical.NodeTestTask.lambda$executeRecursively$8(NodeTestTask.java:141)
	at org.junit.platform.engine.support.hierarchical.Node.around(Node.java:137)
	at org.junit.platform.engine.support.hierarchical.NodeTestTask.lambda$executeRecursively$9(NodeTestTask.java:139)
	at org.junit.platform.engine.support.hierarchical.ThrowableCollector.execute(ThrowableCollector.java:73)
	at org.junit.platform.engine.support.hierarchical.NodeTestTask.executeRecursively(NodeTestTask.java:138)
	at org.junit.platform.engine.support.hierarchical.NodeTestTask.execute(NodeTestTask.java:95)
	at java.base/java.util.ArrayList.forEach(ArrayList.java:1604)
	at org.junit.platform.engine.support.hierarchical.SameThreadHierarchicalTestExecutorService.invokeAll(SameThreadHierarchicalTestExecutorService.java:41)
	at org.junit.platform.engine.support.hierarchical.NodeTestTask.lambda$executeRecursively$6(NodeTestTask.java:155)
	at org.junit.platform.engine.support.hierarchical.ThrowableCollector.execute(ThrowableCollector.java:73)
	at org.junit.platform.engine.support.hierarchical.NodeTestTask.lambda$executeRecursively$8(NodeTestTask.java:141)
	at org.junit.platform.engine.support.hierarchical.Node.around(Node.java:137)
	at org.junit.platform.engine.support.hierarchical.NodeTestTask.lambda$executeRecursively$9(NodeTestTask.java:139)
	at org.junit.platform.engine.support.hierarchical.ThrowableCollector.execute(ThrowableCollector.java:73)
	at org.junit.platform.engine.support.hierarchical.NodeTestTask.executeRecursively(NodeTestTask.java:138)
	at org.junit.platform.engine.support.hierarchical.NodeTestTask.execute(NodeTestTask.java:95)
	at org.junit.platform.engine.support.hierarchical.SameThreadHierarchicalTestExecutorService.submit(SameThreadHierarchicalTestExecutorService.java:35)
	at org.junit.platform.engine.support.hierarchical.HierarchicalTestExecutor.execute(HierarchicalTestExecutor.java:57)
	at org.junit.platform.engine.support.hierarchical.HierarchicalTestEngine.execute(HierarchicalTestEngine.java:54)
	at org.junit.platform.launcher.core.EngineExecutionOrchestrator.execute(EngineExecutionOrchestrator.java:198)
	at org.junit.platform.launcher.core.EngineExecutionOrchestrator.execute(EngineExecutionOrchestrator.java:169)
	at org.junit.platform.launcher.core.EngineExecutionOrchestrator.execute(EngineExecutionOrchestrator.java:93)
	at org.junit.platform.launcher.core.EngineExecutionOrchestrator.lambda$execute$0(EngineExecutionOrchestrator.java:58)
	at org.junit.platform.launcher.core.EngineExecutionOrchestrator.withInterceptedStreams(EngineExecutionOrchestrator.java:141)
	at org.junit.platform.launcher.core.EngineExecutionOrchestrator.execute(EngineExecutionOrchestrator.java:57)
	at org.junit.platform.launcher.core.DefaultLauncher.execute(DefaultLauncher.java:103)
	at org.junit.platform.launcher.core.DefaultLauncher.execute(DefaultLauncher.java:85)
	at org.junit.platform.launcher.core.DelegatingLauncher.execute(DelegatingLauncher.java:47)
	at org.apache.maven.surefire.junitplatform.LazyLauncher.execute(LazyLauncher.java:56)
	at org.apache.maven.surefire.junitplatform.JUnitPlatformProvider.execute(JUnitPlatformProvider.java:194)
	at org.apache.maven.surefire.junitplatform.JUnitPlatformProvider.invokeAllTests(JUnitPlatformProvider.java:150)
	at org.apache.maven.surefire.junitplatform.JUnitPlatformProvider.invoke(JUnitPlatformProvider.java:124)
	at org.apache.maven.surefire.booter.ForkedBooter.runSuitesInProcess(ForkedBooter.java:385)
	at org.apache.maven.surefire.booter.ForkedBooter.execute(ForkedBooter.java:162)
	at org.apache.maven.surefire.booter.ForkedBooter.run(ForkedBooter.java:507)
	at org.apache.maven.surefire.booter.ForkedBooter.main(ForkedBooter.java:495)
Caused by: org.apache.kafka.connect.errors.ConnectException: whoops
	at org.apache.kafka.connect.integration.ConnectorValidationIntegrationTest$TestConverterWithConstructorThatThrowsException.<init>(ConnectorValidationIntegrationTest.java:530)
	at java.base/jdk.internal.reflect.DirectConstructorHandleAccessor.newInstance(DirectConstructorHandleAccessor.java:62)
	... 91 more
[2026-03-04 15:47:58,148] ERROR Failed to discover HeaderConverter in classpath: Unable to instantiate TestConverterWithPrivateConstructor: Plugin class default constructor must be public (org.apache.kafka.connect.runtime.isolation.ReflectionScanner:138)
java.lang.IllegalAccessException: class org.apache.kafka.connect.runtime.isolation.ReflectionScanner cannot access a member of class org.apache.kafka.connect.integration.ConnectorValidationIntegrationTest$TestConverterWithPrivateConstructor with modifiers "private"
	at java.base/jdk.internal.reflect.Reflection.newIllegalAccessException(Reflection.java:400)
	at java.base/java.lang.reflect.AccessibleObject.checkAccess(AccessibleObject.java:670)
	at java.base/java.lang.reflect.Constructor.newInstanceWithCaller(Constructor.java:492)
	at java.base/java.lang.reflect.Constructor.newInstance(Constructor.java:483)
	at org.apache.kafka.connect.runtime.isolation.ReflectionScanner.versionFor(ReflectionScanner.java:73)
	at org.apache.kafka.connect.runtime.isolation.ReflectionScanner.getPluginDesc(ReflectionScanner.java:136)
	at org.apache.kafka.connect.runtime.isolation.ReflectionScanner.scanPlugins(ReflectionScanner.java:90)
	at org.apache.kafka.connect.runtime.isolation.PluginScanner.scanUrlsAndAddPlugins(PluginScanner.java:79)
	at org.apache.kafka.connect.runtime.isolation.PluginScanner.discoverPlugins(PluginScanner.java:67)
	at org.apache.kafka.connect.runtime.isolation.Plugins.initLoaders(Plugins.java:91)
	at org.apache.kafka.connect.runtime.isolation.Plugins.<init>(Plugins.java:75)
	at org.apache.kafka.connect.runtime.isolation.Plugins.<init>(Plugins.java:64)
	at org.apache.kafka.connect.cli.AbstractConnectCli.startConnect(AbstractConnectCli.java:121)
	at org.apache.kafka.connect.util.clusters.WorkerHandle.start(WorkerHandle.java:47)
	at org.apache.kafka.connect.util.clusters.EmbeddedConnectCluster.addWorker(EmbeddedConnectCluster.java:88)
	at org.apache.kafka.connect.util.clusters.EmbeddedConnectCluster.startConnect(EmbeddedConnectCluster.java:163)
	at org.apache.kafka.connect.util.clusters.EmbeddedConnect.start(EmbeddedConnect.java:130)
	at org.apache.kafka.connect.util.clusters.EmbeddedConnectCluster.start(EmbeddedConnectCluster.java:48)
	at com.wepay.kafka.connect.bigquery.integration.BaseConnectorIT.startConnect(BaseConnectorIT.java:138)
	at com.wepay.kafka.connect.bigquery.integration.UpsertDeleteBigQuerySinkConnectorWithSRIT.setup(UpsertDeleteBigQuerySinkConnectorWithSRIT.java:86)
	at java.base/jdk.internal.reflect.DirectMethodHandleAccessor.invoke(DirectMethodHandleAccessor.java:104)
	at java.base/java.lang.reflect.Method.invoke(Method.java:565)
	at org.junit.platform.commons.util.ReflectionUtils.invokeMethod(ReflectionUtils.java:728)
	at org.junit.jupiter.engine.execution.MethodInvocation.proceed(MethodInvocation.java:60)
	at org.junit.jupiter.engine.execution.InvocationInterceptorChain$ValidatingInvocation.proceed(InvocationInterceptorChain.java:131)
	at org.junit.jupiter.engine.extension.TimeoutExtension.intercept(TimeoutExtension.java:156)
	at org.junit.jupiter.engine.extension.TimeoutExtension.interceptLifecycleMethod(TimeoutExtension.java:128)
	at org.junit.jupiter.engine.extension.TimeoutExtension.interceptBeforeEachMethod(TimeoutExtension.java:78)
	at org.junit.jupiter.engine.execution.InterceptingExecutableInvoker$ReflectiveInterceptorCall.lambda$ofVoidMethod$0(InterceptingExecutableInvoker.java:103)
	at org.junit.jupiter.engine.execution.InterceptingExecutableInvoker.lambda$invoke$0(InterceptingExecutableInvoker.java:93)
	at org.junit.jupiter.engine.execution.InvocationInterceptorChain$InterceptedInvocation.proceed(InvocationInterceptorChain.java:106)
	at org.junit.jupiter.engine.execution.InvocationInterceptorChain.proceed(InvocationInterceptorChain.java:64)
	at org.junit.jupiter.engine.execution.InvocationInterceptorChain.chainAndInvoke(InvocationInterceptorChain.java:45)
	at org.junit.jupiter.engine.execution.InvocationInterceptorChain.invoke(InvocationInterceptorChain.java:37)
	at org.junit.jupiter.engine.execution.InterceptingExecutableInvoker.invoke(InterceptingExecutableInvoker.java:92)
	at org.junit.jupiter.engine.execution.InterceptingExecutableInvoker.invoke(InterceptingExecutableInvoker.java:86)
	at org.junit.jupiter.engine.descriptor.ClassBasedTestDescriptor.invokeMethodInExtensionContext(ClassBasedTestDescriptor.java:521)
	at org.junit.jupiter.engine.descriptor.ClassBasedTestDescriptor.lambda$synthesizeBeforeEachMethodAdapter$23(ClassBasedTestDescriptor.java:506)
	at org.junit.jupiter.engine.descriptor.TestMethodTestDescriptor.lambda$invokeBeforeEachMethods$3(TestMethodTestDescriptor.java:175)
	at org.junit.jupiter.engine.descriptor.TestMethodTestDescriptor.lambda$invokeBeforeMethodsOrCallbacksUntilExceptionOccurs$6(TestMethodTestDescriptor.java:203)
	at org.junit.platform.engine.support.hierarchical.ThrowableCollector.execute(ThrowableCollector.java:73)
	at org.junit.jupiter.engine.descriptor.TestMethodTestDescriptor.invokeBeforeMethodsOrCallbacksUntilExceptionOccurs(TestMethodTestDescriptor.java:203)
	at org.junit.jupiter.engine.descriptor.TestMethodTestDescriptor.invokeBeforeEachMethods(TestMethodTestDescriptor.java:172)
	at org.junit.jupiter.engine.descriptor.TestMethodTestDescriptor.execute(TestMethodTestDescriptor.java:135)
	at org.junit.jupiter.engine.descriptor.TestMethodTestDescriptor.execute(TestMethodTestDescriptor.java:69)
	at org.junit.platform.engine.support.hierarchical.NodeTestTask.lambda$executeRecursively$6(NodeTestTask.java:151)
	at org.junit.platform.engine.support.hierarchical.ThrowableCollector.execute(ThrowableCollector.java:73)
	at org.junit.platform.engine.support.hierarchical.NodeTestTask.lambda$executeRecursively$8(NodeTestTask.java:141)
	at org.junit.platform.engine.support.hierarchical.Node.around(Node.java:137)
	at org.junit.platform.engine.support.hierarchical.NodeTestTask.lambda$executeRecursively$9(NodeTestTask.java:139)
	at org.junit.platform.engine.support.hierarchical.ThrowableCollector.execute(ThrowableCollector.java:73)
	at org.junit.platform.engine.support.hierarchical.NodeTestTask.executeRecursively(NodeTestTask.java:138)
	at org.junit.platform.engine.support.hierarchical.NodeTestTask.execute(NodeTestTask.java:95)
	at java.base/java.util.ArrayList.forEach(ArrayList.java:1604)
	at org.junit.platform.engine.support.hierarchical.SameThreadHierarchicalTestExecutorService.invokeAll(SameThreadHierarchicalTestExecutorService.java:41)
	at org.junit.platform.engine.support.hierarchical.NodeTestTask.lambda$executeRecursively$6(NodeTestTask.java:155)
	at org.junit.platform.engine.support.hierarchical.ThrowableCollector.execute(ThrowableCollector.java:73)
	at org.junit.platform.engine.support.hierarchical.NodeTestTask.lambda$executeRecursively$8(NodeTestTask.java:141)
	at org.junit.platform.engine.support.hierarchical.Node.around(Node.java:137)
	at org.junit.platform.engine.support.hierarchical.NodeTestTask.lambda$executeRecursively$9(NodeTestTask.java:139)
	at org.junit.platform.engine.support.hierarchical.ThrowableCollector.execute(ThrowableCollector.java:73)
	at org.junit.platform.engine.support.hierarchical.NodeTestTask.executeRecursively(NodeTestTask.java:138)
	at org.junit.platform.engine.support.hierarchical.NodeTestTask.execute(NodeTestTask.java:95)
	at java.base/java.util.ArrayList.forEach(ArrayList.java:1604)
	at org.junit.platform.engine.support.hierarchical.SameThreadHierarchicalTestExecutorService.invokeAll(SameThreadHierarchicalTestExecutorService.java:41)
	at org.junit.platform.engine.support.hierarchical.NodeTestTask.lambda$executeRecursively$6(NodeTestTask.java:155)
	at org.junit.platform.engine.support.hierarchical.ThrowableCollector.execute(ThrowableCollector.java:73)
	at org.junit.platform.engine.support.hierarchical.NodeTestTask.lambda$executeRecursively$8(NodeTestTask.java:141)
	at org.junit.platform.engine.support.hierarchical.Node.around(Node.java:137)
	at org.junit.platform.engine.support.hierarchical.NodeTestTask.lambda$executeRecursively$9(NodeTestTask.java:139)
	at org.junit.platform.engine.support.hierarchical.ThrowableCollector.execute(ThrowableCollector.java:73)
	at org.junit.platform.engine.support.hierarchical.NodeTestTask.executeRecursively(NodeTestTask.java:138)
	at org.junit.platform.engine.support.hierarchical.NodeTestTask.execute(NodeTestTask.java:95)
	at org.junit.platform.engine.support.hierarchical.SameThreadHierarchicalTestExecutorService.submit(SameThreadHierarchicalTestExecutorService.java:35)
	at org.junit.platform.engine.support.hierarchical.HierarchicalTestExecutor.execute(HierarchicalTestExecutor.java:57)
	at org.junit.platform.engine.support.hierarchical.HierarchicalTestEngine.execute(HierarchicalTestEngine.java:54)
	at org.junit.platform.launcher.core.EngineExecutionOrchestrator.execute(EngineExecutionOrchestrator.java:198)
	at org.junit.platform.launcher.core.EngineExecutionOrchestrator.execute(EngineExecutionOrchestrator.java:169)
	at org.junit.platform.launcher.core.EngineExecutionOrchestrator.execute(EngineExecutionOrchestrator.java:93)
	at org.junit.platform.launcher.core.EngineExecutionOrchestrator.lambda$execute$0(EngineExecutionOrchestrator.java:58)
	at org.junit.platform.launcher.core.EngineExecutionOrchestrator.withInterceptedStreams(EngineExecutionOrchestrator.java:141)
	at org.junit.platform.launcher.core.EngineExecutionOrchestrator.execute(EngineExecutionOrchestrator.java:57)
	at org.junit.platform.launcher.core.DefaultLauncher.execute(DefaultLauncher.java:103)
	at org.junit.platform.launcher.core.DefaultLauncher.execute(DefaultLauncher.java:85)
	at org.junit.platform.launcher.core.DelegatingLauncher.execute(DelegatingLauncher.java:47)
	at org.apache.maven.surefire.junitplatform.LazyLauncher.execute(LazyLauncher.java:56)
	at org.apache.maven.surefire.junitplatform.JUnitPlatformProvider.execute(JUnitPlatformProvider.java:194)
	at org.apache.maven.surefire.junitplatform.JUnitPlatformProvider.invokeAllTests(JUnitPlatformProvider.java:150)
	at org.apache.maven.surefire.junitplatform.JUnitPlatformProvider.invoke(JUnitPlatformProvider.java:124)
	at org.apache.maven.surefire.booter.ForkedBooter.runSuitesInProcess(ForkedBooter.java:385)
	at org.apache.maven.surefire.booter.ForkedBooter.execute(ForkedBooter.java:162)
	at org.apache.maven.surefire.booter.ForkedBooter.run(ForkedBooter.java:507)
	at org.apache.maven.surefire.booter.ForkedBooter.main(ForkedBooter.java:495)
[2026-03-04 15:47:58,149] ERROR Failed to discover HeaderConverter in classpath: Unable to instantiate TestConverterWithConstructorThatThrowsException: Failed to invoke plugin constructor (org.apache.kafka.connect.runtime.isolation.ReflectionScanner:138)
java.lang.reflect.InvocationTargetException
	at java.base/jdk.internal.reflect.DirectConstructorHandleAccessor.newInstance(DirectConstructorHandleAccessor.java:74)
	at java.base/java.lang.reflect.Constructor.newInstanceWithCaller(Constructor.java:499)
	at java.base/java.lang.reflect.Constructor.newInstance(Constructor.java:483)
	at org.apache.kafka.connect.runtime.isolation.ReflectionScanner.versionFor(ReflectionScanner.java:73)
	at org.apache.kafka.connect.runtime.isolation.ReflectionScanner.getPluginDesc(ReflectionScanner.java:136)
	at org.apache.kafka.connect.runtime.isolation.ReflectionScanner.scanPlugins(ReflectionScanner.java:90)
	at org.apache.kafka.connect.runtime.isolation.PluginScanner.scanUrlsAndAddPlugins(PluginScanner.java:79)
	at org.apache.kafka.connect.runtime.isolation.PluginScanner.discoverPlugins(PluginScanner.java:67)
	at org.apache.kafka.connect.runtime.isolation.Plugins.initLoaders(Plugins.java:91)
	at org.apache.kafka.connect.runtime.isolation.Plugins.<init>(Plugins.java:75)
	at org.apache.kafka.connect.runtime.isolation.Plugins.<init>(Plugins.java:64)
	at org.apache.kafka.connect.cli.AbstractConnectCli.startConnect(AbstractConnectCli.java:121)
	at org.apache.kafka.connect.util.clusters.WorkerHandle.start(WorkerHandle.java:47)
	at org.apache.kafka.connect.util.clusters.EmbeddedConnectCluster.addWorker(EmbeddedConnectCluster.java:88)
	at org.apache.kafka.connect.util.clusters.EmbeddedConnectCluster.startConnect(EmbeddedConnectCluster.java:163)
	at org.apache.kafka.connect.util.clusters.EmbeddedConnect.start(EmbeddedConnect.java:130)
	at org.apache.kafka.connect.util.clusters.EmbeddedConnectCluster.start(EmbeddedConnectCluster.java:48)
	at com.wepay.kafka.connect.bigquery.integration.BaseConnectorIT.startConnect(BaseConnectorIT.java:138)
	at com.wepay.kafka.connect.bigquery.integration.UpsertDeleteBigQuerySinkConnectorWithSRIT.setup(UpsertDeleteBigQuerySinkConnectorWithSRIT.java:86)
	at java.base/jdk.internal.reflect.DirectMethodHandleAccessor.invoke(DirectMethodHandleAccessor.java:104)
	at java.base/java.lang.reflect.Method.invoke(Method.java:565)
	at org.junit.platform.commons.util.ReflectionUtils.invokeMethod(ReflectionUtils.java:728)
	at org.junit.jupiter.engine.execution.MethodInvocation.proceed(MethodInvocation.java:60)
	at org.junit.jupiter.engine.execution.InvocationInterceptorChain$ValidatingInvocation.proceed(InvocationInterceptorChain.java:131)
	at org.junit.jupiter.engine.extension.TimeoutExtension.intercept(TimeoutExtension.java:156)
	at org.junit.jupiter.engine.extension.TimeoutExtension.interceptLifecycleMethod(TimeoutExtension.java:128)
	at org.junit.jupiter.engine.extension.TimeoutExtension.interceptBeforeEachMethod(TimeoutExtension.java:78)
	at org.junit.jupiter.engine.execution.InterceptingExecutableInvoker$ReflectiveInterceptorCall.lambda$ofVoidMethod$0(InterceptingExecutableInvoker.java:103)
	at org.junit.jupiter.engine.execution.InterceptingExecutableInvoker.lambda$invoke$0(InterceptingExecutableInvoker.java:93)
	at org.junit.jupiter.engine.execution.InvocationInterceptorChain$InterceptedInvocation.proceed(InvocationInterceptorChain.java:106)
	at org.junit.jupiter.engine.execution.InvocationInterceptorChain.proceed(InvocationInterceptorChain.java:64)
	at org.junit.jupiter.engine.execution.InvocationInterceptorChain.chainAndInvoke(InvocationInterceptorChain.java:45)
	at org.junit.jupiter.engine.execution.InvocationInterceptorChain.invoke(InvocationInterceptorChain.java:37)
	at org.junit.jupiter.engine.execution.InterceptingExecutableInvoker.invoke(InterceptingExecutableInvoker.java:92)
	at org.junit.jupiter.engine.execution.InterceptingExecutableInvoker.invoke(InterceptingExecutableInvoker.java:86)
	at org.junit.jupiter.engine.descriptor.ClassBasedTestDescriptor.invokeMethodInExtensionContext(ClassBasedTestDescriptor.java:521)
	at org.junit.jupiter.engine.descriptor.ClassBasedTestDescriptor.lambda$synthesizeBeforeEachMethodAdapter$23(ClassBasedTestDescriptor.java:506)
	at org.junit.jupiter.engine.descriptor.TestMethodTestDescriptor.lambda$invokeBeforeEachMethods$3(TestMethodTestDescriptor.java:175)
	at org.junit.jupiter.engine.descriptor.TestMethodTestDescriptor.lambda$invokeBeforeMethodsOrCallbacksUntilExceptionOccurs$6(TestMethodTestDescriptor.java:203)
	at org.junit.platform.engine.support.hierarchical.ThrowableCollector.execute(ThrowableCollector.java:73)
	at org.junit.jupiter.engine.descriptor.TestMethodTestDescriptor.invokeBeforeMethodsOrCallbacksUntilExceptionOccurs(TestMethodTestDescriptor.java:203)
	at org.junit.jupiter.engine.descriptor.TestMethodTestDescriptor.invokeBeforeEachMethods(TestMethodTestDescriptor.java:172)
	at org.junit.jupiter.engine.descriptor.TestMethodTestDescriptor.execute(TestMethodTestDescriptor.java:135)
	at org.junit.jupiter.engine.descriptor.TestMethodTestDescriptor.execute(TestMethodTestDescriptor.java:69)
	at org.junit.platform.engine.support.hierarchical.NodeTestTask.lambda$executeRecursively$6(NodeTestTask.java:151)
	at org.junit.platform.engine.support.hierarchical.ThrowableCollector.execute(ThrowableCollector.java:73)
	at org.junit.platform.engine.support.hierarchical.NodeTestTask.lambda$executeRecursively$8(NodeTestTask.java:141)
	at org.junit.platform.engine.support.hierarchical.Node.around(Node.java:137)
	at org.junit.platform.engine.support.hierarchical.NodeTestTask.lambda$executeRecursively$9(NodeTestTask.java:139)
	at org.junit.platform.engine.support.hierarchical.ThrowableCollector.execute(ThrowableCollector.java:73)
	at org.junit.platform.engine.support.hierarchical.NodeTestTask.executeRecursively(NodeTestTask.java:138)
	at org.junit.platform.engine.support.hierarchical.NodeTestTask.execute(NodeTestTask.java:95)
	at java.base/java.util.ArrayList.forEach(ArrayList.java:1604)
	at org.junit.platform.engine.support.hierarchical.SameThreadHierarchicalTestExecutorService.invokeAll(SameThreadHierarchicalTestExecutorService.java:41)
	at org.junit.platform.engine.support.hierarchical.NodeTestTask.lambda$executeRecursively$6(NodeTestTask.java:155)
	at org.junit.platform.engine.support.hierarchical.ThrowableCollector.execute(ThrowableCollector.java:73)
	at org.junit.platform.engine.support.hierarchical.NodeTestTask.lambda$executeRecursively$8(NodeTestTask.java:141)
	at org.junit.platform.engine.support.hierarchical.Node.around(Node.java:137)
	at org.junit.platform.engine.support.hierarchical.NodeTestTask.lambda$executeRecursively$9(NodeTestTask.java:139)
	at org.junit.platform.engine.support.hierarchical.ThrowableCollector.execute(ThrowableCollector.java:73)
	at org.junit.platform.engine.support.hierarchical.NodeTestTask.executeRecursively(NodeTestTask.java:138)
	at org.junit.platform.engine.support.hierarchical.NodeTestTask.execute(NodeTestTask.java:95)
	at java.base/java.util.ArrayList.forEach(ArrayList.java:1604)
	at org.junit.platform.engine.support.hierarchical.SameThreadHierarchicalTestExecutorService.invokeAll(SameThreadHierarchicalTestExecutorService.java:41)
	at org.junit.platform.engine.support.hierarchical.NodeTestTask.lambda$executeRecursively$6(NodeTestTask.java:155)
	at org.junit.platform.engine.support.hierarchical.ThrowableCollector.execute(ThrowableCollector.java:73)
	at org.junit.platform.engine.support.hierarchical.NodeTestTask.lambda$executeRecursively$8(NodeTestTask.java:141)
	at org.junit.platform.engine.support.hierarchical.Node.around(Node.java:137)
	at org.junit.platform.engine.support.hierarchical.NodeTestTask.lambda$executeRecursively$9(NodeTestTask.java:139)
	at org.junit.platform.engine.support.hierarchical.ThrowableCollector.execute(ThrowableCollector.java:73)
	at org.junit.platform.engine.support.hierarchical.NodeTestTask.executeRecursively(NodeTestTask.java:138)
	at org.junit.platform.engine.support.hierarchical.NodeTestTask.execute(NodeTestTask.java:95)
	at org.junit.platform.engine.support.hierarchical.SameThreadHierarchicalTestExecutorService.submit(SameThreadHierarchicalTestExecutorService.java:35)
	at org.junit.platform.engine.support.hierarchical.HierarchicalTestExecutor.execute(HierarchicalTestExecutor.java:57)
	at org.junit.platform.engine.support.hierarchical.HierarchicalTestEngine.execute(HierarchicalTestEngine.java:54)
	at org.junit.platform.launcher.core.EngineExecutionOrchestrator.execute(EngineExecutionOrchestrator.java:198)
	at org.junit.platform.launcher.core.EngineExecutionOrchestrator.execute(EngineExecutionOrchestrator.java:169)
	at org.junit.platform.launcher.core.EngineExecutionOrchestrator.execute(EngineExecutionOrchestrator.java:93)
	at org.junit.platform.launcher.core.EngineExecutionOrchestrator.lambda$execute$0(EngineExecutionOrchestrator.java:58)
	at org.junit.platform.launcher.core.EngineExecutionOrchestrator.withInterceptedStreams(EngineExecutionOrchestrator.java:141)
	at org.junit.platform.launcher.core.EngineExecutionOrchestrator.execute(EngineExecutionOrchestrator.java:57)
	at org.junit.platform.launcher.core.DefaultLauncher.execute(DefaultLauncher.java:103)
	at org.junit.platform.launcher.core.DefaultLauncher.execute(DefaultLauncher.java:85)
	at org.junit.platform.launcher.core.DelegatingLauncher.execute(DelegatingLauncher.java:47)
	at org.apache.maven.surefire.junitplatform.LazyLauncher.execute(LazyLauncher.java:56)
	at org.apache.maven.surefire.junitplatform.JUnitPlatformProvider.execute(JUnitPlatformProvider.java:194)
	at org.apache.maven.surefire.junitplatform.JUnitPlatformProvider.invokeAllTests(JUnitPlatformProvider.java:150)
	at org.apache.maven.surefire.junitplatform.JUnitPlatformProvider.invoke(JUnitPlatformProvider.java:124)
	at org.apache.maven.surefire.booter.ForkedBooter.runSuitesInProcess(ForkedBooter.java:385)
	at org.apache.maven.surefire.booter.ForkedBooter.execute(ForkedBooter.java:162)
	at org.apache.maven.surefire.booter.ForkedBooter.run(ForkedBooter.java:507)
	at org.apache.maven.surefire.booter.ForkedBooter.main(ForkedBooter.java:495)
Caused by: org.apache.kafka.connect.errors.ConnectException: whoops
	at org.apache.kafka.connect.integration.ConnectorValidationIntegrationTest$TestConverterWithConstructorThatThrowsException.<init>(ConnectorValidationIntegrationTest.java:530)
	at java.base/jdk.internal.reflect.DirectConstructorHandleAccessor.newInstance(DirectConstructorHandleAccessor.java:62)
	... 91 more
[2026-03-04 15:47:58,153] INFO Registered loader: jdk.internal.loader.ClassLoaders$AppClassLoader@341d43cd (org.apache.kafka.connect.runtime.isolation.PluginScanner:80)
[2026-03-04 15:47:58,153] INFO Scanning plugins with ReflectionScanner took 898 ms (org.apache.kafka.connect.runtime.isolation.PluginScanner:70)
[2026-03-04 15:47:58,154] WARN One or more plugins are missing ServiceLoader manifests may not be usable with plugin.discovery=service_load: [
classpath	io.confluent.connect.avro.AvroConverter	converter	undefined
classpath	io.debezium.transforms.ByLogicalTableRouter	transformation	undefined
classpath	io.debezium.transforms.UnwrapFromEnvelope	transformation	undefined
]
Read the documentation at https://kafka.apache.org/documentation.html#connect_plugindiscovery for instructions on migrating your plugins to take advantage of the performance improvements of service_load mode. To silence this warning, set plugin.discovery=only_scan in the worker config. (org.apache.kafka.connect.runtime.isolation.Plugins:122)
[2026-03-04 15:47:58,154] INFO Added plugin 'org.apache.kafka.connect.converters.FloatConverter' (org.apache.kafka.connect.runtime.isolation.DelegatingClassLoader:105)
[2026-03-04 15:47:58,154] INFO Added plugin 'org.apache.kafka.connect.transforms.ReplaceField$Key' (org.apache.kafka.connect.runtime.isolation.DelegatingClassLoader:105)
[2026-03-04 15:47:58,154] INFO Added plugin 'org.apache.kafka.connect.transforms.Filter' (org.apache.kafka.connect.runtime.isolation.DelegatingClassLoader:105)
[2026-03-04 15:47:58,154] INFO Added plugin 'org.apache.kafka.connect.transforms.InsertField$Value' (org.apache.kafka.connect.runtime.isolation.DelegatingClassLoader:105)
[2026-03-04 15:47:58,154] INFO Added plugin 'com.wepay.kafka.connect.bigquery.BigQuerySinkConnector' (org.apache.kafka.connect.runtime.isolation.DelegatingClassLoader:105)
[2026-03-04 15:47:58,155] INFO Added plugin 'org.apache.kafka.connect.transforms.TimestampConverter$Key' (org.apache.kafka.connect.runtime.isolation.DelegatingClassLoader:105)
[2026-03-04 15:47:58,155] INFO Added plugin 'org.apache.kafka.connect.integration.ErrorHandlingIntegrationTest$FaultyPassthrough' (org.apache.kafka.connect.runtime.isolation.DelegatingClassLoader:105)
[2026-03-04 15:47:58,155] INFO Added plugin 'org.apache.kafka.connect.runtime.isolation.PluginUtilsTest$CollidingHeaderConverter' (org.apache.kafka.connect.runtime.isolation.DelegatingClassLoader:105)
[2026-03-04 15:47:58,155] INFO Added plugin 'org.apache.kafka.connect.converters.DoubleConverter' (org.apache.kafka.connect.runtime.isolation.DelegatingClassLoader:105)
[2026-03-04 15:47:58,155] INFO Added plugin 'org.apache.kafka.connect.integration.MonitorableSourceConnector' (org.apache.kafka.connect.runtime.isolation.DelegatingClassLoader:105)
[2026-03-04 15:47:58,155] INFO Added plugin 'org.apache.kafka.connect.connector.policy.AllConnectorClientConfigOverridePolicy' (org.apache.kafka.connect.runtime.isolation.DelegatingClassLoader:105)
[2026-03-04 15:47:58,155] INFO Added plugin 'org.apache.kafka.connect.transforms.TimestampRouter' (org.apache.kafka.connect.runtime.isolation.DelegatingClassLoader:105)
[2026-03-04 15:47:58,155] INFO Added plugin 'org.apache.kafka.connect.integration.BlockingConnectorTest$TaskInitializeBlockingSourceConnector' (org.apache.kafka.connect.runtime.isolation.DelegatingClassLoader:105)
[2026-03-04 15:47:58,155] INFO Added plugin 'org.apache.kafka.connect.runtime.ErrorHandlingTaskTest$FaultyPassthrough' (org.apache.kafka.connect.runtime.isolation.DelegatingClassLoader:105)
[2026-03-04 15:47:58,155] INFO Added plugin 'io.debezium.transforms.ByLogicalTableRouter' (org.apache.kafka.connect.runtime.isolation.DelegatingClassLoader:105)
[2026-03-04 15:47:58,155] INFO Added plugin 'org.apache.kafka.connect.transforms.RegexRouter' (org.apache.kafka.connect.runtime.isolation.DelegatingClassLoader:105)
[2026-03-04 15:47:58,155] INFO Added plugin 'org.apache.kafka.connect.transforms.HoistField$Value' (org.apache.kafka.connect.runtime.isolation.DelegatingClassLoader:105)
[2026-03-04 15:47:58,155] INFO Added plugin 'org.apache.kafka.connect.connector.policy.PrincipalConnectorClientConfigOverridePolicy' (org.apache.kafka.connect.runtime.isolation.DelegatingClassLoader:105)
[2026-03-04 15:47:58,155] INFO Added plugin 'org.apache.kafka.connect.transforms.ValueToKey' (org.apache.kafka.connect.runtime.isolation.DelegatingClassLoader:105)
[2026-03-04 15:47:58,155] INFO Added plugin 'org.apache.kafka.connect.transforms.DropHeaders' (org.apache.kafka.connect.runtime.isolation.DelegatingClassLoader:105)
[2026-03-04 15:47:58,155] INFO Added plugin 'org.apache.kafka.connect.integration.ErrantRecordSinkConnector' (org.apache.kafka.connect.runtime.isolation.DelegatingClassLoader:105)
[2026-03-04 15:47:58,155] INFO Added plugin 'org.apache.kafka.connect.transforms.Cast$Key' (org.apache.kafka.connect.runtime.isolation.DelegatingClassLoader:105)
[2026-03-04 15:47:58,155] INFO Added plugin 'org.apache.kafka.connect.runtime.ErrorHandlingTaskTest$FaultyConverter' (org.apache.kafka.connect.runtime.isolation.DelegatingClassLoader:105)
[2026-03-04 15:47:58,155] INFO Added plugin 'org.apache.kafka.connect.runtime.ConnectorConfigTest$TestPredicate' (org.apache.kafka.connect.runtime.isolation.DelegatingClassLoader:105)
[2026-03-04 15:47:58,155] INFO Added plugin 'org.apache.kafka.connect.storage.SimpleHeaderConverter' (org.apache.kafka.connect.runtime.isolation.DelegatingClassLoader:105)
[2026-03-04 15:47:58,155] INFO Added plugin 'org.apache.kafka.connect.converters.LongConverter' (org.apache.kafka.connect.runtime.isolation.DelegatingClassLoader:105)
[2026-03-04 15:47:58,155] INFO Added plugin 'org.apache.kafka.connect.runtime.isolation.PluginsTest$TestConnectRestExtension' (org.apache.kafka.connect.runtime.isolation.DelegatingClassLoader:105)
[2026-03-04 15:47:58,155] INFO Added plugin 'org.apache.kafka.connect.integration.MonitorableSinkConnector' (org.apache.kafka.connect.runtime.isolation.DelegatingClassLoader:105)
[2026-03-04 15:47:58,155] INFO Added plugin 'org.apache.kafka.common.config.provider.FileConfigProvider' (org.apache.kafka.connect.runtime.isolation.DelegatingClassLoader:105)
[2026-03-04 15:47:58,155] INFO Added plugin 'org.apache.kafka.connect.runtime.ConnectorConfigTest$SimpleTransformation' (org.apache.kafka.connect.runtime.isolation.DelegatingClassLoader:105)
[2026-03-04 15:47:58,155] INFO Added plugin 'org.apache.kafka.connect.transforms.InsertHeader' (org.apache.kafka.connect.runtime.isolation.DelegatingClassLoader:105)
[2026-03-04 15:47:58,155] INFO Added plugin 'org.apache.kafka.connect.runtime.isolation.PluginUtilsTest$CollidingConverter' (org.apache.kafka.connect.runtime.isolation.DelegatingClassLoader:105)
[2026-03-04 15:47:58,155] INFO Added plugin 'org.apache.kafka.connect.runtime.SampleSinkConnector' (org.apache.kafka.connect.runtime.isolation.DelegatingClassLoader:105)
[2026-03-04 15:47:58,155] INFO Added plugin 'io.debezium.transforms.UnwrapFromEnvelope' (org.apache.kafka.connect.runtime.isolation.DelegatingClassLoader:105)
[2026-03-04 15:47:58,155] INFO Added plugin 'org.apache.kafka.common.config.provider.DirectoryConfigProvider' (org.apache.kafka.connect.runtime.isolation.DelegatingClassLoader:105)
[2026-03-04 15:47:58,156] INFO Added plugin 'org.apache.kafka.connect.runtime.isolation.PluginsTest$TestConverter' (org.apache.kafka.connect.runtime.isolation.DelegatingClassLoader:105)
[2026-03-04 15:47:58,156] INFO Added plugin 'org.apache.kafka.connect.transforms.Flatten$Key' (org.apache.kafka.connect.runtime.isolation.DelegatingClassLoader:105)
[2026-03-04 15:47:58,156] INFO Added plugin 'org.apache.kafka.connect.runtime.SampleConverterWithHeaders' (org.apache.kafka.connect.runtime.isolation.DelegatingClassLoader:105)
[2026-03-04 15:47:58,156] INFO Added plugin 'org.apache.kafka.connect.transforms.HeaderFrom$Value' (org.apache.kafka.connect.runtime.isolation.DelegatingClassLoader:105)
[2026-03-04 15:47:58,156] INFO Added plugin 'org.apache.kafka.connect.transforms.SetSchemaMetadata$Key' (org.apache.kafka.connect.runtime.isolation.DelegatingClassLoader:105)
[2026-03-04 15:47:58,156] INFO Added plugin 'io.confluent.kafka.schemaregistry.client.config.provider.SchemaRegistryConfigProvider' (org.apache.kafka.connect.runtime.isolation.DelegatingClassLoader:105)
[2026-03-04 15:47:58,156] INFO Added plugin 'org.apache.kafka.connect.runtime.ConnectorConfigTest$AbstractKeyValueTransformation$Value' (org.apache.kafka.connect.runtime.isolation.DelegatingClassLoader:105)
[2026-03-04 15:47:58,156] INFO Added plugin 'org.apache.kafka.connect.json.JsonConverter' (org.apache.kafka.connect.runtime.isolation.DelegatingClassLoader:105)
[2026-03-04 15:47:58,156] INFO Added plugin 'org.apache.kafka.connect.integration.ExactlyOnceSourceIntegrationTest$NaughtyConnector' (org.apache.kafka.connect.runtime.isolation.DelegatingClassLoader:105)
[2026-03-04 15:47:58,156] INFO Added plugin 'org.apache.kafka.connect.runtime.SampleHeaderConverter' (org.apache.kafka.connect.runtime.isolation.DelegatingClassLoader:105)
[2026-03-04 15:47:58,156] INFO Added plugin 'org.apache.kafka.connect.runtime.rest.resources.ConnectorPluginsResourceTest$ConnectorPluginsResourceTestConnector' (org.apache.kafka.connect.runtime.isolation.DelegatingClassLoader:105)
[2026-03-04 15:47:58,156] INFO Added plugin 'org.apache.kafka.connect.transforms.predicates.TopicNameMatches' (org.apache.kafka.connect.runtime.isolation.DelegatingClassLoader:105)
[2026-03-04 15:47:58,156] INFO Added plugin 'org.apache.kafka.connect.transforms.ReplaceField$Value' (org.apache.kafka.connect.runtime.isolation.DelegatingClassLoader:105)
[2026-03-04 15:47:58,156] INFO Added plugin 'org.apache.kafka.connect.integration.BlockingConnectorTest$ConfigBlockingConnector' (org.apache.kafka.connect.runtime.isolation.DelegatingClassLoader:105)
[2026-03-04 15:47:58,156] INFO Added plugin 'org.apache.kafka.connect.transforms.SetSchemaMetadata$Value' (org.apache.kafka.connect.runtime.isolation.DelegatingClassLoader:105)
[2026-03-04 15:47:58,156] INFO Added plugin 'org.apache.kafka.connect.runtime.isolation.PluginsTest$TestInternalConverter' (org.apache.kafka.connect.runtime.isolation.DelegatingClassLoader:105)
[2026-03-04 15:47:58,156] INFO Added plugin 'org.apache.kafka.connect.converters.IntegerConverter' (org.apache.kafka.connect.runtime.isolation.DelegatingClassLoader:105)
[2026-03-04 15:47:58,156] INFO Added plugin 'org.apache.kafka.connect.runtime.ConnectorConfigTest$AbstractKeyValueTransformation$Key' (org.apache.kafka.connect.runtime.isolation.DelegatingClassLoader:105)
[2026-03-04 15:47:58,156] INFO Added plugin 'org.apache.kafka.connect.runtime.ConnectorConfigTest$HasDuplicateConfigTransformation' (org.apache.kafka.connect.runtime.isolation.DelegatingClassLoader:105)
[2026-03-04 15:47:58,156] INFO Added plugin 'org.apache.kafka.connect.transforms.HeaderFrom$Key' (org.apache.kafka.connect.runtime.isolation.DelegatingClassLoader:105)
[2026-03-04 15:47:58,156] INFO Added plugin 'org.apache.kafka.connect.transforms.predicates.HasHeaderKey' (org.apache.kafka.connect.runtime.isolation.DelegatingClassLoader:105)
[2026-03-04 15:47:58,156] INFO Added plugin 'org.apache.kafka.connect.transforms.predicates.RecordIsTombstone' (org.apache.kafka.connect.runtime.isolation.DelegatingClassLoader:105)
[2026-03-04 15:47:58,156] INFO Added plugin 'org.apache.kafka.connect.transforms.MaskField$Value' (org.apache.kafka.connect.runtime.isolation.DelegatingClassLoader:105)
[2026-03-04 15:47:58,156] INFO Added plugin 'org.apache.kafka.connect.connector.policy.NoneConnectorClientConfigOverridePolicy' (org.apache.kafka.connect.runtime.isolation.DelegatingClassLoader:105)
[2026-03-04 15:47:58,156] INFO Added plugin 'org.apache.kafka.common.config.provider.EnvVarConfigProvider' (org.apache.kafka.connect.runtime.isolation.DelegatingClassLoader:105)
[2026-03-04 15:47:58,156] INFO Added plugin 'org.apache.kafka.connect.integration.BlockingConnectorTest$BlockingSinkConnector' (org.apache.kafka.connect.runtime.isolation.DelegatingClassLoader:105)
[2026-03-04 15:47:58,156] INFO Added plugin 'org.apache.kafka.connect.integration.BlockingConnectorTest$BlockingConnector' (org.apache.kafka.connect.runtime.isolation.DelegatingClassLoader:105)
[2026-03-04 15:47:58,156] INFO Added plugin 'org.apache.kafka.connect.integration.ConnectorValidationIntegrationTest$TestConverterWithNoConfigDef' (org.apache.kafka.connect.runtime.isolation.DelegatingClassLoader:105)
[2026-03-04 15:47:58,156] INFO Added plugin 'org.apache.kafka.connect.integration.BlockingConnectorTest$ValidateBlockingConnector' (org.apache.kafka.connect.runtime.isolation.DelegatingClassLoader:105)
[2026-03-04 15:47:58,156] INFO Added plugin 'org.apache.kafka.connect.integration.BlockingConnectorTest$BlockingSourceConnector' (org.apache.kafka.connect.runtime.isolation.DelegatingClassLoader:105)
[2026-03-04 15:47:58,156] INFO Added plugin 'org.apache.kafka.connect.integration.BlockingConnectorTest$InitializeBlockingConnector' (org.apache.kafka.connect.runtime.isolation.DelegatingClassLoader:105)
[2026-03-04 15:47:58,156] INFO Added plugin 'org.apache.kafka.connect.storage.StringConverter' (org.apache.kafka.connect.runtime.isolation.DelegatingClassLoader:105)
[2026-03-04 15:47:58,157] INFO Added plugin 'org.apache.kafka.connect.integration.ConnectWorkerIntegrationTest$EmptyTaskConfigsConnector' (org.apache.kafka.connect.runtime.isolation.DelegatingClassLoader:105)
[2026-03-04 15:47:58,157] INFO Added plugin 'org.apache.kafka.connect.transforms.MaskField$Key' (org.apache.kafka.connect.runtime.isolation.DelegatingClassLoader:105)
[2026-03-04 15:47:58,157] INFO Added plugin 'org.apache.kafka.connect.converters.ByteArrayConverter' (org.apache.kafka.connect.runtime.isolation.DelegatingClassLoader:105)
[2026-03-04 15:47:58,157] INFO Added plugin 'io.confluent.connect.avro.AvroConverter' (org.apache.kafka.connect.runtime.isolation.DelegatingClassLoader:105)
[2026-03-04 15:47:58,157] INFO Added plugin 'org.apache.kafka.connect.transforms.Cast$Value' (org.apache.kafka.connect.runtime.isolation.DelegatingClassLoader:105)
[2026-03-04 15:47:58,157] INFO Added plugin 'org.apache.kafka.connect.transforms.ExtractField$Key' (org.apache.kafka.connect.runtime.isolation.DelegatingClassLoader:105)
[2026-03-04 15:47:58,157] INFO Added plugin 'org.apache.kafka.connect.runtime.isolation.PluginUtilsTest$Colliding' (org.apache.kafka.connect.runtime.isolation.DelegatingClassLoader:105)
[2026-03-04 15:47:58,157] INFO Added plugin 'org.apache.kafka.connect.transforms.Flatten$Value' (org.apache.kafka.connect.runtime.isolation.DelegatingClassLoader:105)
[2026-03-04 15:47:58,157] INFO Added plugin 'org.apache.kafka.connect.transforms.InsertField$Key' (org.apache.kafka.connect.runtime.isolation.DelegatingClassLoader:105)
[2026-03-04 15:47:58,157] INFO Added plugin 'org.apache.kafka.connect.converters.BooleanConverter' (org.apache.kafka.connect.runtime.isolation.DelegatingClassLoader:105)
[2026-03-04 15:47:58,157] INFO Added plugin 'org.apache.kafka.connect.integration.BlockingConnectorTest$TaskInitializeBlockingSinkConnector' (org.apache.kafka.connect.runtime.isolation.DelegatingClassLoader:105)
[2026-03-04 15:47:58,157] INFO Added plugin 'org.apache.kafka.connect.runtime.SamplePredicate' (org.apache.kafka.connect.runtime.isolation.DelegatingClassLoader:105)
[2026-03-04 15:47:58,157] INFO Added plugin 'org.apache.kafka.connect.runtime.SampleTransformation' (org.apache.kafka.connect.runtime.isolation.DelegatingClassLoader:105)
[2026-03-04 15:47:58,157] INFO Added plugin 'org.apache.kafka.connect.transforms.ExtractField$Value' (org.apache.kafka.connect.runtime.isolation.DelegatingClassLoader:105)
[2026-03-04 15:47:58,157] INFO Added plugin 'org.apache.kafka.connect.integration.ConnectorValidationIntegrationTest$TestConverterWithSinglePropertyConfigDef' (org.apache.kafka.connect.runtime.isolation.DelegatingClassLoader:105)
[2026-03-04 15:47:58,157] INFO Added plugin 'org.apache.kafka.connect.runtime.SampleSourceConnector' (org.apache.kafka.connect.runtime.isolation.DelegatingClassLoader:105)
[2026-03-04 15:47:58,157] INFO Added plugin 'org.apache.kafka.connect.transforms.TimestampConverter$Value' (org.apache.kafka.connect.runtime.isolation.DelegatingClassLoader:105)
[2026-03-04 15:47:58,157] INFO Added plugin 'org.apache.kafka.connect.runtime.isolation.PluginsTest$TestHeaderConverter' (org.apache.kafka.connect.runtime.isolation.DelegatingClassLoader:105)
[2026-03-04 15:47:58,157] INFO Added plugin 'org.apache.kafka.connect.transforms.HoistField$Key' (org.apache.kafka.connect.runtime.isolation.DelegatingClassLoader:105)
[2026-03-04 15:47:58,157] INFO Added plugin 'org.apache.kafka.connect.converters.ShortConverter' (org.apache.kafka.connect.runtime.isolation.DelegatingClassLoader:105)
[2026-03-04 15:47:58,160] INFO Added alias 'EmptyTaskConfigs' to plugin 'org.apache.kafka.connect.integration.ConnectWorkerIntegrationTest$EmptyTaskConfigsConnector' (org.apache.kafka.connect.runtime.isolation.DelegatingClassLoader:109)
[2026-03-04 15:47:58,160] INFO Added alias 'ValidateBlockingConnector' to plugin 'org.apache.kafka.connect.integration.BlockingConnectorTest$ValidateBlockingConnector' (org.apache.kafka.connect.runtime.isolation.DelegatingClassLoader:109)
[2026-03-04 15:47:58,160] INFO Added alias 'RecordIsTombstone' to plugin 'org.apache.kafka.connect.transforms.predicates.RecordIsTombstone' (org.apache.kafka.connect.runtime.isolation.DelegatingClassLoader:109)
[2026-03-04 15:47:58,161] INFO Added alias 'String' to plugin 'org.apache.kafka.connect.storage.StringConverter' (org.apache.kafka.connect.runtime.isolation.DelegatingClassLoader:109)
[2026-03-04 15:47:58,161] INFO Added alias 'ConfigBlockingConnector' to plugin 'org.apache.kafka.connect.integration.BlockingConnectorTest$ConfigBlockingConnector' (org.apache.kafka.connect.runtime.isolation.DelegatingClassLoader:109)
[2026-03-04 15:47:58,161] INFO Added alias 'TestPredicate' to plugin 'org.apache.kafka.connect.runtime.ConnectorConfigTest$TestPredicate' (org.apache.kafka.connect.runtime.isolation.DelegatingClassLoader:109)
[2026-03-04 15:47:58,161] INFO Added alias 'EnvVarConfigProvider' to plugin 'org.apache.kafka.common.config.provider.EnvVarConfigProvider' (org.apache.kafka.connect.runtime.isolation.DelegatingClassLoader:109)
[2026-03-04 15:47:58,161] INFO Added alias 'EnvVar' to plugin 'org.apache.kafka.common.config.provider.EnvVarConfigProvider' (org.apache.kafka.connect.runtime.isolation.DelegatingClassLoader:109)
[2026-03-04 15:47:58,161] INFO Added alias 'Boolean' to plugin 'org.apache.kafka.connect.converters.BooleanConverter' (org.apache.kafka.connect.runtime.isolation.DelegatingClassLoader:109)
[2026-03-04 15:47:58,161] INFO Added alias 'NaughtyConnector' to plugin 'org.apache.kafka.connect.integration.ExactlyOnceSourceIntegrationTest$NaughtyConnector' (org.apache.kafka.connect.runtime.isolation.DelegatingClassLoader:109)
[2026-03-04 15:47:58,161] INFO Added alias 'AvroConverter' to plugin 'io.confluent.connect.avro.AvroConverter' (org.apache.kafka.connect.runtime.isolation.DelegatingClassLoader:109)
[2026-03-04 15:47:58,161] INFO Added alias 'MonitorableSinkConnector' to plugin 'org.apache.kafka.connect.integration.MonitorableSinkConnector' (org.apache.kafka.connect.runtime.isolation.DelegatingClassLoader:109)
[2026-03-04 15:47:58,161] INFO Added alias 'BlockingSink' to plugin 'org.apache.kafka.connect.integration.BlockingConnectorTest$BlockingSinkConnector' (org.apache.kafka.connect.runtime.isolation.DelegatingClassLoader:109)
[2026-03-04 15:47:58,161] INFO Added alias 'BlockingSourceConnector' to plugin 'org.apache.kafka.connect.integration.BlockingConnectorTest$BlockingSourceConnector' (org.apache.kafka.connect.runtime.isolation.DelegatingClassLoader:109)
[2026-03-04 15:47:58,161] INFO Added alias 'SampleSink' to plugin 'org.apache.kafka.connect.runtime.SampleSinkConnector' (org.apache.kafka.connect.runtime.isolation.DelegatingClassLoader:109)
[2026-03-04 15:47:58,161] INFO Added alias 'TestHeaderConverter' to plugin 'org.apache.kafka.connect.runtime.isolation.PluginsTest$TestHeaderConverter' (org.apache.kafka.connect.runtime.isolation.DelegatingClassLoader:109)
[2026-03-04 15:47:58,161] INFO Added alias 'SchemaRegistryConfigProvider' to plugin 'io.confluent.kafka.schemaregistry.client.config.provider.SchemaRegistryConfigProvider' (org.apache.kafka.connect.runtime.isolation.DelegatingClassLoader:109)
[2026-03-04 15:47:58,161] INFO Added alias 'HasDuplicateConfig' to plugin 'org.apache.kafka.connect.runtime.ConnectorConfigTest$HasDuplicateConfigTransformation' (org.apache.kafka.connect.runtime.isolation.DelegatingClassLoader:109)
[2026-03-04 15:47:58,161] INFO Added alias 'Json' to plugin 'org.apache.kafka.connect.json.JsonConverter' (org.apache.kafka.connect.runtime.isolation.DelegatingClassLoader:109)
[2026-03-04 15:47:58,161] INFO Added alias 'StringConverter' to plugin 'org.apache.kafka.connect.storage.StringConverter' (org.apache.kafka.connect.runtime.isolation.DelegatingClassLoader:109)
[2026-03-04 15:47:58,161] INFO Added alias 'SampleHeaderConverter' to plugin 'org.apache.kafka.connect.runtime.SampleHeaderConverter' (org.apache.kafka.connect.runtime.isolation.DelegatingClassLoader:109)
[2026-03-04 15:47:58,161] INFO Added alias 'IntegerConverter' to plugin 'org.apache.kafka.connect.converters.IntegerConverter' (org.apache.kafka.connect.runtime.isolation.DelegatingClassLoader:109)
[2026-03-04 15:47:58,161] INFO Added alias 'Float' to plugin 'org.apache.kafka.connect.converters.FloatConverter' (org.apache.kafka.connect.runtime.isolation.DelegatingClassLoader:109)
[2026-03-04 15:47:58,161] INFO Added alias 'SamplePredicate' to plugin 'org.apache.kafka.connect.runtime.SamplePredicate' (org.apache.kafka.connect.runtime.isolation.DelegatingClassLoader:109)
[2026-03-04 15:47:58,161] INFO Added alias 'LongConverter' to plugin 'org.apache.kafka.connect.converters.LongConverter' (org.apache.kafka.connect.runtime.isolation.DelegatingClassLoader:109)
[2026-03-04 15:47:58,161] INFO Added alias 'DropHeaders' to plugin 'org.apache.kafka.connect.transforms.DropHeaders' (org.apache.kafka.connect.runtime.isolation.DelegatingClassLoader:109)
[2026-03-04 15:47:58,162] INFO Added alias 'BlockingSinkConnector' to plugin 'org.apache.kafka.connect.integration.BlockingConnectorTest$BlockingSinkConnector' (org.apache.kafka.connect.runtime.isolation.DelegatingClassLoader:109)
[2026-03-04 15:47:58,162] INFO Added alias 'SimpleHeaderConverter' to plugin 'org.apache.kafka.connect.storage.SimpleHeaderConverter' (org.apache.kafka.connect.runtime.isolation.DelegatingClassLoader:109)
[2026-03-04 15:47:58,162] INFO Added alias 'DirectoryConfigProvider' to plugin 'org.apache.kafka.common.config.provider.DirectoryConfigProvider' (org.apache.kafka.connect.runtime.isolation.DelegatingClassLoader:109)
[2026-03-04 15:47:58,162] INFO Added alias 'ShortConverter' to plugin 'org.apache.kafka.connect.converters.ShortConverter' (org.apache.kafka.connect.runtime.isolation.DelegatingClassLoader:109)
[2026-03-04 15:47:58,162] INFO Added alias 'Avro' to plugin 'io.confluent.connect.avro.AvroConverter' (org.apache.kafka.connect.runtime.isolation.DelegatingClassLoader:109)
[2026-03-04 15:47:58,162] INFO Added alias 'SampleTransformation' to plugin 'org.apache.kafka.connect.runtime.SampleTransformation' (org.apache.kafka.connect.runtime.isolation.DelegatingClassLoader:109)
[2026-03-04 15:47:58,162] INFO Added alias 'TaskInitializeBlockingSinkConnector' to plugin 'org.apache.kafka.connect.integration.BlockingConnectorTest$TaskInitializeBlockingSinkConnector' (org.apache.kafka.connect.runtime.isolation.DelegatingClassLoader:109)
[2026-03-04 15:47:58,162] INFO Added alias 'AllConnectorClientConfigOverridePolicy' to plugin 'org.apache.kafka.connect.connector.policy.AllConnectorClientConfigOverridePolicy' (org.apache.kafka.connect.runtime.isolation.DelegatingClassLoader:109)
[2026-03-04 15:47:58,162] INFO Added alias 'TaskInitializeBlockingSink' to plugin 'org.apache.kafka.connect.integration.BlockingConnectorTest$TaskInitializeBlockingSinkConnector' (org.apache.kafka.connect.runtime.isolation.DelegatingClassLoader:109)
[2026-03-04 15:47:58,162] INFO Added alias 'EmptyTaskConfigsConnector' to plugin 'org.apache.kafka.connect.integration.ConnectWorkerIntegrationTest$EmptyTaskConfigsConnector' (org.apache.kafka.connect.runtime.isolation.DelegatingClassLoader:109)
[2026-03-04 15:47:58,162] INFO Added alias 'Directory' to plugin 'org.apache.kafka.common.config.provider.DirectoryConfigProvider' (org.apache.kafka.connect.runtime.isolation.DelegatingClassLoader:109)
[2026-03-04 15:47:58,162] INFO Added alias 'FaultyConverter' to plugin 'org.apache.kafka.connect.runtime.ErrorHandlingTaskTest$FaultyConverter' (org.apache.kafka.connect.runtime.isolation.DelegatingClassLoader:109)
[2026-03-04 15:47:58,162] INFO Added alias 'Naughty' to plugin 'org.apache.kafka.connect.integration.ExactlyOnceSourceIntegrationTest$NaughtyConnector' (org.apache.kafka.connect.runtime.isolation.DelegatingClassLoader:109)
[2026-03-04 15:47:58,162] INFO Added alias 'SampleSourceConnector' to plugin 'org.apache.kafka.connect.runtime.SampleSourceConnector' (org.apache.kafka.connect.runtime.isolation.DelegatingClassLoader:109)
[2026-03-04 15:47:58,162] INFO Added alias 'TaskInitializeBlockingSource' to plugin 'org.apache.kafka.connect.integration.BlockingConnectorTest$TaskInitializeBlockingSourceConnector' (org.apache.kafka.connect.runtime.isolation.DelegatingClassLoader:109)
[2026-03-04 15:47:58,162] INFO Added alias 'Blocking' to plugin 'org.apache.kafka.connect.integration.BlockingConnectorTest$BlockingConnector' (org.apache.kafka.connect.runtime.isolation.DelegatingClassLoader:109)
[2026-03-04 15:47:58,162] INFO Added alias 'BigQuerySinkConnector' to plugin 'com.wepay.kafka.connect.bigquery.BigQuerySinkConnector' (org.apache.kafka.connect.runtime.isolation.DelegatingClassLoader:109)
[2026-03-04 15:47:58,163] INFO Added alias 'MonitorableSource' to plugin 'org.apache.kafka.connect.integration.MonitorableSourceConnector' (org.apache.kafka.connect.runtime.isolation.DelegatingClassLoader:109)
[2026-03-04 15:47:58,163] INFO Added alias 'ErrantRecordSinkConnector' to plugin 'org.apache.kafka.connect.integration.ErrantRecordSinkConnector' (org.apache.kafka.connect.runtime.isolation.DelegatingClassLoader:109)
[2026-03-04 15:47:58,163] INFO Added alias 'BooleanConverter' to plugin 'org.apache.kafka.connect.converters.BooleanConverter' (org.apache.kafka.connect.runtime.isolation.DelegatingClassLoader:109)
[2026-03-04 15:47:58,163] INFO Added alias 'HasHeaderKey' to plugin 'org.apache.kafka.connect.transforms.predicates.HasHeaderKey' (org.apache.kafka.connect.runtime.isolation.DelegatingClassLoader:109)
[2026-03-04 15:47:58,163] INFO Added alias 'TestInternalConverter' to plugin 'org.apache.kafka.connect.runtime.isolation.PluginsTest$TestInternalConverter' (org.apache.kafka.connect.runtime.isolation.DelegatingClassLoader:109)
[2026-03-04 15:47:58,163] INFO Added alias 'InitializeBlocking' to plugin 'org.apache.kafka.connect.integration.BlockingConnectorTest$InitializeBlockingConnector' (org.apache.kafka.connect.runtime.isolation.DelegatingClassLoader:109)
[2026-03-04 15:47:58,163] INFO Added alias 'None' to plugin 'org.apache.kafka.connect.connector.policy.NoneConnectorClientConfigOverridePolicy' (org.apache.kafka.connect.runtime.isolation.DelegatingClassLoader:109)
[2026-03-04 15:47:58,163] INFO Added alias 'TimestampRouter' to plugin 'org.apache.kafka.connect.transforms.TimestampRouter' (org.apache.kafka.connect.runtime.isolation.DelegatingClassLoader:109)
[2026-03-04 15:47:58,163] INFO Added alias 'Principal' to plugin 'org.apache.kafka.connect.connector.policy.PrincipalConnectorClientConfigOverridePolicy' (org.apache.kafka.connect.runtime.isolation.DelegatingClassLoader:109)
[2026-03-04 15:47:58,163] INFO Added alias 'All' to plugin 'org.apache.kafka.connect.connector.policy.AllConnectorClientConfigOverridePolicy' (org.apache.kafka.connect.runtime.isolation.DelegatingClassLoader:109)
[2026-03-04 15:47:58,163] INFO Added alias 'ConfigBlocking' to plugin 'org.apache.kafka.connect.integration.BlockingConnectorTest$ConfigBlockingConnector' (org.apache.kafka.connect.runtime.isolation.DelegatingClassLoader:109)
[2026-03-04 15:47:58,163] INFO Added alias 'InitializeBlockingConnector' to plugin 'org.apache.kafka.connect.integration.BlockingConnectorTest$InitializeBlockingConnector' (org.apache.kafka.connect.runtime.isolation.DelegatingClassLoader:109)
[2026-03-04 15:47:58,163] INFO Added alias 'JsonConverter' to plugin 'org.apache.kafka.connect.json.JsonConverter' (org.apache.kafka.connect.runtime.isolation.DelegatingClassLoader:109)
[2026-03-04 15:47:58,163] INFO Added alias 'ValidateBlocking' to plugin 'org.apache.kafka.connect.integration.BlockingConnectorTest$ValidateBlockingConnector' (org.apache.kafka.connect.runtime.isolation.DelegatingClassLoader:109)
[2026-03-04 15:47:58,163] INFO Added alias 'TestConnectRestExtension' to plugin 'org.apache.kafka.connect.runtime.isolation.PluginsTest$TestConnectRestExtension' (org.apache.kafka.connect.runtime.isolation.DelegatingClassLoader:109)
[2026-03-04 15:47:58,163] INFO Added alias 'RegexRouter' to plugin 'org.apache.kafka.connect.transforms.RegexRouter' (org.apache.kafka.connect.runtime.isolation.DelegatingClassLoader:109)
[2026-03-04 15:47:58,163] INFO Added alias 'SampleConverterWithHeaders' to plugin 'org.apache.kafka.connect.runtime.SampleConverterWithHeaders' (org.apache.kafka.connect.runtime.isolation.DelegatingClassLoader:109)
[2026-03-04 15:47:58,163] INFO Added alias 'ByteArray' to plugin 'org.apache.kafka.connect.converters.ByteArrayConverter' (org.apache.kafka.connect.runtime.isolation.DelegatingClassLoader:109)
[2026-03-04 15:47:58,163] INFO Added alias 'NoneConnectorClientConfigOverridePolicy' to plugin 'org.apache.kafka.connect.connector.policy.NoneConnectorClientConfigOverridePolicy' (org.apache.kafka.connect.runtime.isolation.DelegatingClassLoader:109)
[2026-03-04 15:47:58,163] INFO Added alias 'Short' to plugin 'org.apache.kafka.connect.converters.ShortConverter' (org.apache.kafka.connect.runtime.isolation.DelegatingClassLoader:109)
[2026-03-04 15:47:58,163] INFO Added alias 'BigQuerySink' to plugin 'com.wepay.kafka.connect.bigquery.BigQuerySinkConnector' (org.apache.kafka.connect.runtime.isolation.DelegatingClassLoader:109)
[2026-03-04 15:47:58,163] INFO Added alias 'ErrantRecordSink' to plugin 'org.apache.kafka.connect.integration.ErrantRecordSinkConnector' (org.apache.kafka.connect.runtime.isolation.DelegatingClassLoader:109)
[2026-03-04 15:47:58,163] INFO Added alias 'TaskInitializeBlockingSourceConnector' to plugin 'org.apache.kafka.connect.integration.BlockingConnectorTest$TaskInitializeBlockingSourceConnector' (org.apache.kafka.connect.runtime.isolation.DelegatingClassLoader:109)
[2026-03-04 15:47:58,163] INFO Added alias 'SampleSinkConnector' to plugin 'org.apache.kafka.connect.runtime.SampleSinkConnector' (org.apache.kafka.connect.runtime.isolation.DelegatingClassLoader:109)
[2026-03-04 15:47:58,163] INFO Added alias 'ByLogicalTableRouter' to plugin 'io.debezium.transforms.ByLogicalTableRouter' (org.apache.kafka.connect.runtime.isolation.DelegatingClassLoader:109)
[2026-03-04 15:47:58,163] INFO Added alias 'Double' to plugin 'org.apache.kafka.connect.converters.DoubleConverter' (org.apache.kafka.connect.runtime.isolation.DelegatingClassLoader:109)
[2026-03-04 15:47:58,163] INFO Added alias 'FileConfigProvider' to plugin 'org.apache.kafka.common.config.provider.FileConfigProvider' (org.apache.kafka.connect.runtime.isolation.DelegatingClassLoader:109)
[2026-03-04 15:47:58,163] INFO Added alias 'CollidingHeaderConverter' to plugin 'org.apache.kafka.connect.runtime.isolation.PluginUtilsTest$CollidingHeaderConverter' (org.apache.kafka.connect.runtime.isolation.DelegatingClassLoader:109)
[2026-03-04 15:47:58,163] INFO Added alias 'MonitorableSourceConnector' to plugin 'org.apache.kafka.connect.integration.MonitorableSourceConnector' (org.apache.kafka.connect.runtime.isolation.DelegatingClassLoader:109)
[2026-03-04 15:47:58,163] INFO Added alias 'Faulty' to plugin 'org.apache.kafka.connect.runtime.ErrorHandlingTaskTest$FaultyConverter' (org.apache.kafka.connect.runtime.isolation.DelegatingClassLoader:109)
[2026-03-04 15:47:58,163] INFO Added alias 'Long' to plugin 'org.apache.kafka.connect.converters.LongConverter' (org.apache.kafka.connect.runtime.isolation.DelegatingClassLoader:109)
[2026-03-04 15:47:58,163] INFO Added alias 'SampleSource' to plugin 'org.apache.kafka.connect.runtime.SampleSourceConnector' (org.apache.kafka.connect.runtime.isolation.DelegatingClassLoader:109)
[2026-03-04 15:47:58,163] INFO Added alias 'File' to plugin 'org.apache.kafka.common.config.provider.FileConfigProvider' (org.apache.kafka.connect.runtime.isolation.DelegatingClassLoader:109)
[2026-03-04 15:47:58,163] INFO Added alias 'TestConverter' to plugin 'org.apache.kafka.connect.runtime.isolation.PluginsTest$TestConverter' (org.apache.kafka.connect.runtime.isolation.DelegatingClassLoader:109)
[2026-03-04 15:47:58,164] INFO Added alias 'FloatConverter' to plugin 'org.apache.kafka.connect.converters.FloatConverter' (org.apache.kafka.connect.runtime.isolation.DelegatingClassLoader:109)
[2026-03-04 15:47:58,164] INFO Added alias 'ByteArrayConverter' to plugin 'org.apache.kafka.connect.converters.ByteArrayConverter' (org.apache.kafka.connect.runtime.isolation.DelegatingClassLoader:109)
[2026-03-04 15:47:58,164] INFO Added alias 'DoubleConverter' to plugin 'org.apache.kafka.connect.converters.DoubleConverter' (org.apache.kafka.connect.runtime.isolation.DelegatingClassLoader:109)
[2026-03-04 15:47:58,164] INFO Added alias 'ConnectorPluginsResourceTestConnector' to plugin 'org.apache.kafka.connect.runtime.rest.resources.ConnectorPluginsResourceTest$ConnectorPluginsResourceTestConnector' (org.apache.kafka.connect.runtime.isolation.DelegatingClassLoader:109)
[2026-03-04 15:47:58,164] INFO Added alias 'TestInternal' to plugin 'org.apache.kafka.connect.runtime.isolation.PluginsTest$TestInternalConverter' (org.apache.kafka.connect.runtime.isolation.DelegatingClassLoader:109)
[2026-03-04 15:47:58,164] INFO Added alias 'UnwrapFromEnvelope' to plugin 'io.debezium.transforms.UnwrapFromEnvelope' (org.apache.kafka.connect.runtime.isolation.DelegatingClassLoader:109)
[2026-03-04 15:47:58,164] INFO Added alias 'TopicNameMatches' to plugin 'org.apache.kafka.connect.transforms.predicates.TopicNameMatches' (org.apache.kafka.connect.runtime.isolation.DelegatingClassLoader:109)
[2026-03-04 15:47:58,164] INFO Added alias 'TestConverterWithSinglePropertyConfigDef' to plugin 'org.apache.kafka.connect.integration.ConnectorValidationIntegrationTest$TestConverterWithSinglePropertyConfigDef' (org.apache.kafka.connect.runtime.isolation.DelegatingClassLoader:109)
[2026-03-04 15:47:58,164] INFO Added alias 'TestConverterWithNoConfigDef' to plugin 'org.apache.kafka.connect.integration.ConnectorValidationIntegrationTest$TestConverterWithNoConfigDef' (org.apache.kafka.connect.runtime.isolation.DelegatingClassLoader:109)
[2026-03-04 15:47:58,164] INFO Added alias 'CollidingConverter' to plugin 'org.apache.kafka.connect.runtime.isolation.PluginUtilsTest$CollidingConverter' (org.apache.kafka.connect.runtime.isolation.DelegatingClassLoader:109)
[2026-03-04 15:47:58,164] INFO Added alias 'BlockingSource' to plugin 'org.apache.kafka.connect.integration.BlockingConnectorTest$BlockingSourceConnector' (org.apache.kafka.connect.runtime.isolation.DelegatingClassLoader:109)
[2026-03-04 15:47:58,164] INFO Added alias 'InsertHeader' to plugin 'org.apache.kafka.connect.transforms.InsertHeader' (org.apache.kafka.connect.runtime.isolation.DelegatingClassLoader:109)
[2026-03-04 15:47:58,164] INFO Added alias 'BlockingConnector' to plugin 'org.apache.kafka.connect.integration.BlockingConnectorTest$BlockingConnector' (org.apache.kafka.connect.runtime.isolation.DelegatingClassLoader:109)
[2026-03-04 15:47:58,164] INFO Added alias 'PrincipalConnectorClientConfigOverridePolicy' to plugin 'org.apache.kafka.connect.connector.policy.PrincipalConnectorClientConfigOverridePolicy' (org.apache.kafka.connect.runtime.isolation.DelegatingClassLoader:109)
[2026-03-04 15:47:58,164] INFO Added alias 'ValueToKey' to plugin 'org.apache.kafka.connect.transforms.ValueToKey' (org.apache.kafka.connect.runtime.isolation.DelegatingClassLoader:109)
[2026-03-04 15:47:58,164] INFO Added alias 'Integer' to plugin 'org.apache.kafka.connect.converters.IntegerConverter' (org.apache.kafka.connect.runtime.isolation.DelegatingClassLoader:109)
[2026-03-04 15:47:58,164] INFO Added alias 'SimpleTransformation' to plugin 'org.apache.kafka.connect.runtime.ConnectorConfigTest$SimpleTransformation' (org.apache.kafka.connect.runtime.isolation.DelegatingClassLoader:109)
[2026-03-04 15:47:58,164] INFO Added alias 'Filter' to plugin 'org.apache.kafka.connect.transforms.Filter' (org.apache.kafka.connect.runtime.isolation.DelegatingClassLoader:109)
[2026-03-04 15:47:58,164] INFO Added alias 'HasDuplicateConfigTransformation' to plugin 'org.apache.kafka.connect.runtime.ConnectorConfigTest$HasDuplicateConfigTransformation' (org.apache.kafka.connect.runtime.isolation.DelegatingClassLoader:109)
[2026-03-04 15:47:58,164] INFO Added alias 'MonitorableSink' to plugin 'org.apache.kafka.connect.integration.MonitorableSinkConnector' (org.apache.kafka.connect.runtime.isolation.DelegatingClassLoader:109)
[2026-03-04 15:47:58,164] INFO Added alias 'SchemaRegistry' to plugin 'io.confluent.kafka.schemaregistry.client.config.provider.SchemaRegistryConfigProvider' (org.apache.kafka.connect.runtime.isolation.DelegatingClassLoader:109)
[2026-03-04 15:47:58,164] INFO Added alias 'ConnectorPluginsResourceTest' to plugin 'org.apache.kafka.connect.runtime.rest.resources.ConnectorPluginsResourceTest$ConnectorPluginsResourceTestConnector' (org.apache.kafka.connect.runtime.isolation.DelegatingClassLoader:109)
[2026-03-04 15:47:58,171] INFO DistributedConfig values: 
	access.control.allow.methods = 
	access.control.allow.origin = 
	admin.listeners = null
	auto.include.jmx.reporter = true
	bootstrap.servers = [localhost:35583]
	client.dns.lookup = use_all_dns_ips
	client.id = 
	config.providers = []
	config.storage.replication.factor = 1
	config.storage.topic = connect-config-topic-kcbq-connect-cluster
	connect.protocol = sessioned
	connections.max.idle.ms = 540000
	connector.client.config.override.policy = All
	exactly.once.source.support = disabled
	group.id = connect-integration-test-kcbq-connect-cluster
	header.converter = class org.apache.kafka.connect.storage.SimpleHeaderConverter
	heartbeat.interval.ms = 3000
	inter.worker.key.generation.algorithm = HmacSHA256
	inter.worker.key.size = null
	inter.worker.key.ttl.ms = 3600000
	inter.worker.signature.algorithm = HmacSHA256
	inter.worker.verification.algorithms = [HmacSHA256]
	key.converter = class org.apache.kafka.connect.storage.StringConverter
	listeners = [HTTP://localhost:0]
	metadata.max.age.ms = 300000
	metadata.recovery.strategy = none
	metric.reporters = []
	metrics.num.samples = 2
	metrics.recording.level = INFO
	metrics.sample.window.ms = 30000
	offset.flush.interval.ms = 10000
	offset.flush.timeout.ms = 5000
	offset.storage.partitions = 25
	offset.storage.replication.factor = 1
	offset.storage.topic = connect-offset-topic-kcbq-connect-cluster
	plugin.discovery = HYBRID_WARN
	plugin.path = null
	rebalance.timeout.ms = 60000
	receive.buffer.bytes = 32768
	reconnect.backoff.max.ms = 1000
	reconnect.backoff.ms = 50
	request.timeout.ms = 40000
	response.http.headers.config = 
	rest.advertised.host.name = null
	rest.advertised.listener = null
	rest.advertised.port = null
	rest.extension.classes = []
	retry.backoff.max.ms = 1000
	retry.backoff.ms = 100
	sasl.client.callback.handler.class = null
	sasl.jaas.config = null
	sasl.kerberos.kinit.cmd = /usr/bin/kinit
	sasl.kerberos.min.time.before.relogin = 60000
	sasl.kerberos.service.name = null
	sasl.kerberos.ticket.renew.jitter = 0.05
	sasl.kerberos.ticket.renew.window.factor = 0.8
	sasl.login.callback.handler.class = null
	sasl.login.class = null
	sasl.login.connect.timeout.ms = null
	sasl.login.read.timeout.ms = null
	sasl.login.refresh.buffer.seconds = 300
	sasl.login.refresh.min.period.seconds = 60
	sasl.login.refresh.window.factor = 0.8
	sasl.login.refresh.window.jitter = 0.05
	sasl.login.retry.backoff.max.ms = 10000
	sasl.login.retry.backoff.ms = 100
	sasl.mechanism = GSSAPI
	sasl.oauthbearer.clock.skew.seconds = 30
	sasl.oauthbearer.expected.audience = null
	sasl.oauthbearer.expected.issuer = null
	sasl.oauthbearer.jwks.endpoint.refresh.ms = 3600000
	sasl.oauthbearer.jwks.endpoint.retry.backoff.max.ms = 10000
	sasl.oauthbearer.jwks.endpoint.retry.backoff.ms = 100
	sasl.oauthbearer.jwks.endpoint.url = null
	sasl.oauthbearer.scope.claim.name = scope
	sasl.oauthbearer.sub.claim.name = sub
	sasl.oauthbearer.token.endpoint.url = null
	scheduled.rebalance.max.delay.ms = 300000
	security.protocol = PLAINTEXT
	send.buffer.bytes = 131072
	session.timeout.ms = 10000
	socket.connection.setup.timeout.max.ms = 30000
	socket.connection.setup.timeout.ms = 10000
	ssl.cipher.suites = null
	ssl.client.auth = none
	ssl.enabled.protocols = [TLSv1.2, TLSv1.3]
	ssl.endpoint.identification.algorithm = https
	ssl.engine.factory.class = null
	ssl.key.password = null
	ssl.keymanager.algorithm = SunX509
	ssl.keystore.certificate.chain = null
	ssl.keystore.key = null
	ssl.keystore.location = null
	ssl.keystore.password = null
	ssl.keystore.type = JKS
	ssl.protocol = TLSv1.3
	ssl.provider = null
	ssl.secure.random.implementation = null
	ssl.trustmanager.algorithm = PKIX
	ssl.truststore.certificates = null
	ssl.truststore.location = null
	ssl.truststore.password = null
	ssl.truststore.type = JKS
	status.storage.partitions = 5
	status.storage.replication.factor = 1
	status.storage.topic = connect-status-topic-kcbq-connect-cluster
	task.shutdown.graceful.timeout.ms = 5000
	topic.creation.enable = true
	topic.tracking.allow.reset = true
	topic.tracking.enable = true
	value.converter = class org.apache.kafka.connect.storage.StringConverter
	worker.sync.timeout.ms = 3000
	worker.unsync.backoff.ms = 300000
 (org.apache.kafka.connect.runtime.distributed.DistributedConfig:372)
[2026-03-04 15:47:58,171] INFO Creating Kafka admin client (org.apache.kafka.connect.runtime.WorkerConfig:283)
[2026-03-04 15:47:58,172] INFO AdminClientConfig values: 
	auto.include.jmx.reporter = true
	bootstrap.controllers = []
	bootstrap.servers = [localhost:35583]
	client.dns.lookup = use_all_dns_ips
	client.id = 
	connections.max.idle.ms = 300000
	default.api.timeout.ms = 60000
	enable.metrics.push = true
	metadata.max.age.ms = 300000
	metadata.recovery.strategy = none
	metric.reporters = []
	metrics.num.samples = 2
	metrics.recording.level = INFO
	metrics.sample.window.ms = 30000
	receive.buffer.bytes = 65536
	reconnect.backoff.max.ms = 1000
	reconnect.backoff.ms = 50
	request.timeout.ms = 30000
	retries = 2147483647
	retry.backoff.max.ms = 1000
	retry.backoff.ms = 100
	sasl.client.callback.handler.class = null
	sasl.jaas.config = null
	sasl.kerberos.kinit.cmd = /usr/bin/kinit
	sasl.kerberos.min.time.before.relogin = 60000
	sasl.kerberos.service.name = null
	sasl.kerberos.ticket.renew.jitter = 0.05
	sasl.kerberos.ticket.renew.window.factor = 0.8
	sasl.login.callback.handler.class = null
	sasl.login.class = null
	sasl.login.connect.timeout.ms = null
	sasl.login.read.timeout.ms = null
	sasl.login.refresh.buffer.seconds = 300
	sasl.login.refresh.min.period.seconds = 60
	sasl.login.refresh.window.factor = 0.8
	sasl.login.refresh.window.jitter = 0.05
	sasl.login.retry.backoff.max.ms = 10000
	sasl.login.retry.backoff.ms = 100
	sasl.mechanism = GSSAPI
	sasl.oauthbearer.clock.skew.seconds = 30
	sasl.oauthbearer.expected.audience = null
	sasl.oauthbearer.expected.issuer = null
	sasl.oauthbearer.jwks.endpoint.refresh.ms = 3600000
	sasl.oauthbearer.jwks.endpoint.retry.backoff.max.ms = 10000
	sasl.oauthbearer.jwks.endpoint.retry.backoff.ms = 100
	sasl.oauthbearer.jwks.endpoint.url = null
	sasl.oauthbearer.scope.claim.name = scope
	sasl.oauthbearer.sub.claim.name = sub
	sasl.oauthbearer.token.endpoint.url = null
	security.protocol = PLAINTEXT
	security.providers = null
	send.buffer.bytes = 131072
	socket.connection.setup.timeout.max.ms = 30000
	socket.connection.setup.timeout.ms = 10000
	ssl.cipher.suites = null
	ssl.enabled.protocols = [TLSv1.2, TLSv1.3]
	ssl.endpoint.identification.algorithm = https
	ssl.engine.factory.class = null
	ssl.key.password = null
	ssl.keymanager.algorithm = SunX509
	ssl.keystore.certificate.chain = null
	ssl.keystore.key = null
	ssl.keystore.location = null
	ssl.keystore.password = null
	ssl.keystore.type = JKS
	ssl.protocol = TLSv1.3
	ssl.provider = null
	ssl.secure.random.implementation = null
	ssl.trustmanager.algorithm = PKIX
	ssl.truststore.certificates = null
	ssl.truststore.location = null
	ssl.truststore.password = null
	ssl.truststore.type = JKS
 (org.apache.kafka.clients.admin.AdminClientConfig:372)
[2026-03-04 15:47:58,178] INFO These configurations '[connector.client.config.override.policy, plugin.discovery, listeners, config.storage.topic, group.id, status.storage.topic, offset.flush.interval.ms, config.storage.replication.factor, status.storage.replication.factor, offset.storage.replication.factor, offset.storage.topic, value.converter, key.converter]' were supplied but are not used yet. (org.apache.kafka.clients.admin.AdminClientConfig:381)
[2026-03-04 15:47:58,178] INFO Kafka version: 3.8.1 (org.apache.kafka.common.utils.AppInfoParser:124)
[2026-03-04 15:47:58,178] INFO Kafka commitId: 70d6ff42debf7e17 (org.apache.kafka.common.utils.AppInfoParser:125)
[2026-03-04 15:47:58,178] INFO Kafka startTimeMs: 1772619478178 (org.apache.kafka.common.utils.AppInfoParser:126)
[2026-03-04 15:47:58,182] INFO Kafka cluster ID: ZLwlwW0oR46i0M1D5wxHTQ (org.apache.kafka.connect.runtime.WorkerConfig:300)
[2026-03-04 15:47:58,183] INFO App info kafka.admin.client for adminclient-1 unregistered (org.apache.kafka.common.utils.AppInfoParser:88)
[2026-03-04 15:47:58,184] INFO Metrics scheduler closed (org.apache.kafka.common.metrics.Metrics:684)
[2026-03-04 15:47:58,184] INFO Closing reporter org.apache.kafka.common.metrics.JmxReporter (org.apache.kafka.common.metrics.Metrics:688)
[2026-03-04 15:47:58,184] INFO Metrics reporters closed (org.apache.kafka.common.metrics.Metrics:694)
[2026-03-04 15:47:58,185] INFO PublicConfig values: 
	access.control.allow.methods = 
	access.control.allow.origin = 
	admin.listeners = null
	listeners = [HTTP://localhost:0]
	response.http.headers.config = 
	rest.advertised.host.name = null
	rest.advertised.listener = null
	rest.advertised.port = null
	rest.extension.classes = []
	ssl.cipher.suites = null
	ssl.client.auth = none
	ssl.enabled.protocols = [TLSv1.2, TLSv1.3]
	ssl.endpoint.identification.algorithm = https
	ssl.engine.factory.class = null
	ssl.key.password = null
	ssl.keymanager.algorithm = SunX509
	ssl.keystore.certificate.chain = null
	ssl.keystore.key = null
	ssl.keystore.location = null
	ssl.keystore.password = null
	ssl.keystore.type = JKS
	ssl.protocol = TLSv1.3
	ssl.provider = null
	ssl.secure.random.implementation = null
	ssl.trustmanager.algorithm = PKIX
	ssl.truststore.certificates = null
	ssl.truststore.location = null
	ssl.truststore.password = null
	ssl.truststore.type = JKS
	topic.tracking.allow.reset = true
	topic.tracking.enable = true
 (org.apache.kafka.connect.runtime.rest.RestServerConfig$PublicConfig:372)
[2026-03-04 15:47:58,195] INFO Added connector for HTTP://localhost:0 (org.apache.kafka.connect.runtime.rest.RestServer:121)
[2026-03-04 15:47:58,195] INFO Initializing REST server (org.apache.kafka.connect.runtime.rest.RestServer:192)
[2026-03-04 15:47:58,204] INFO jetty-9.4.56.v20240826; built: 2024-08-26T17:15:05.868Z; git: ec6782ff5ead824dabdcf47fa98f90a4aedff401; jvm 25.0.2 (org.eclipse.jetty.server.Server:375)
[2026-03-04 15:47:58,210] INFO Started http_localhost0@55a7f0af{HTTP/1.1, (http/1.1)}{localhost:44643} (org.eclipse.jetty.server.AbstractConnector:333)
[2026-03-04 15:47:58,210] INFO Started @1753ms (org.eclipse.jetty.server.Server:415)
[2026-03-04 15:47:58,216] INFO Advertised URI: http://localhost:44643/ (org.apache.kafka.connect.runtime.rest.RestServer:412)
[2026-03-04 15:47:58,216] INFO REST server listening at http://localhost:44643/, advertising URL http://localhost:44643/ (org.apache.kafka.connect.runtime.rest.RestServer:212)
[2026-03-04 15:47:58,216] INFO Advertised URI: http://localhost:44643/ (org.apache.kafka.connect.runtime.rest.RestServer:412)
[2026-03-04 15:47:58,216] INFO REST admin endpoints at http://localhost:44643/ (org.apache.kafka.connect.runtime.rest.RestServer:215)
[2026-03-04 15:47:58,216] INFO Advertised URI: http://localhost:44643/ (org.apache.kafka.connect.runtime.rest.RestServer:412)
[2026-03-04 15:47:58,217] INFO Setting up All Policy for ConnectorClientConfigOverride. This will allow all client configurations to be overridden (org.apache.kafka.connect.connector.policy.AllConnectorClientConfigOverridePolicy:44)
[2026-03-04 15:47:58,218] INFO JsonConverterConfig values: 
	converter.type = key
	decimal.format = BASE64
	replace.null.with.default = true
	schemas.cache.size = 1000
	schemas.enable = false
 (org.apache.kafka.connect.json.JsonConverterConfig:372)
[2026-03-04 15:47:58,220] INFO Kafka version: 3.8.1 (org.apache.kafka.common.utils.AppInfoParser:124)
[2026-03-04 15:47:58,220] INFO Kafka commitId: 70d6ff42debf7e17 (org.apache.kafka.common.utils.AppInfoParser:125)
[2026-03-04 15:47:58,220] INFO Kafka startTimeMs: 1772619478220 (org.apache.kafka.common.utils.AppInfoParser:126)
[2026-03-04 15:47:58,222] INFO JsonConverterConfig values: 
	converter.type = key
	decimal.format = BASE64
	replace.null.with.default = true
	schemas.cache.size = 1000
	schemas.enable = false
 (org.apache.kafka.connect.json.JsonConverterConfig:372)
[2026-03-04 15:47:58,222] INFO JsonConverterConfig values: 
	converter.type = value
	decimal.format = BASE64
	replace.null.with.default = true
	schemas.cache.size = 1000
	schemas.enable = false
 (org.apache.kafka.connect.json.JsonConverterConfig:372)
[2026-03-04 15:47:58,227] INFO Advertised URI: http://localhost:44643/ (org.apache.kafka.connect.runtime.rest.RestServer:412)
[2026-03-04 15:47:58,233] INFO Kafka version: 3.8.1 (org.apache.kafka.common.utils.AppInfoParser:124)
[2026-03-04 15:47:58,233] INFO Kafka commitId: 70d6ff42debf7e17 (org.apache.kafka.common.utils.AppInfoParser:125)
[2026-03-04 15:47:58,233] INFO Kafka startTimeMs: 1772619478233 (org.apache.kafka.common.utils.AppInfoParser:126)
[2026-03-04 15:47:58,234] INFO Kafka Connect worker initialization took 1012ms (org.apache.kafka.connect.cli.AbstractConnectCli:141)
[2026-03-04 15:47:58,234] INFO Kafka Connect starting (org.apache.kafka.connect.runtime.Connect:51)
[2026-03-04 15:47:58,234] INFO Initializing REST resources (org.apache.kafka.connect.runtime.rest.RestServer:219)
[2026-03-04 15:47:58,234] INFO [Worker clientId=connect-localhost:44643, groupId=connect-integration-test-kcbq-connect-cluster] Herder starting (org.apache.kafka.connect.runtime.distributed.DistributedHerder:370)
[2026-03-04 15:47:58,234] INFO Worker starting (org.apache.kafka.connect.runtime.Worker:232)
[2026-03-04 15:47:58,235] INFO Starting KafkaOffsetBackingStore (org.apache.kafka.connect.storage.KafkaOffsetBackingStore:231)
[2026-03-04 15:47:58,235] INFO Starting KafkaBasedLog with topic connect-offset-topic-kcbq-connect-cluster reportErrorsToCallback=false (org.apache.kafka.connect.util.KafkaBasedLog:253)
[2026-03-04 15:47:58,235] INFO AdminClientConfig values: 
	auto.include.jmx.reporter = true
	bootstrap.controllers = []
	bootstrap.servers = [localhost:35583]
	client.dns.lookup = use_all_dns_ips
	client.id = connect-integration-test-kcbq-connect-cluster-shared-admin
	connections.max.idle.ms = 300000
	default.api.timeout.ms = 60000
	enable.metrics.push = true
	metadata.max.age.ms = 300000
	metadata.recovery.strategy = none
	metric.reporters = []
	metrics.num.samples = 2
	metrics.recording.level = INFO
	metrics.sample.window.ms = 30000
	receive.buffer.bytes = 65536
	reconnect.backoff.max.ms = 1000
	reconnect.backoff.ms = 50
	request.timeout.ms = 30000
	retries = 2147483647
	retry.backoff.max.ms = 1000
	retry.backoff.ms = 100
	sasl.client.callback.handler.class = null
	sasl.jaas.config = null
	sasl.kerberos.kinit.cmd = /usr/bin/kinit
	sasl.kerberos.min.time.before.relogin = 60000
	sasl.kerberos.service.name = null
	sasl.kerberos.ticket.renew.jitter = 0.05
	sasl.kerberos.ticket.renew.window.factor = 0.8
	sasl.login.callback.handler.class = null
	sasl.login.class = null
	sasl.login.connect.timeout.ms = null
	sasl.login.read.timeout.ms = null
	sasl.login.refresh.buffer.seconds = 300
	sasl.login.refresh.min.period.seconds = 60
	sasl.login.refresh.window.factor = 0.8
	sasl.login.refresh.window.jitter = 0.05
	sasl.login.retry.backoff.max.ms = 10000
	sasl.login.retry.backoff.ms = 100
	sasl.mechanism = GSSAPI
	sasl.oauthbearer.clock.skew.seconds = 30
	sasl.oauthbearer.expected.audience = null
	sasl.oauthbearer.expected.issuer = null
	sasl.oauthbearer.jwks.endpoint.refresh.ms = 3600000
	sasl.oauthbearer.jwks.endpoint.retry.backoff.max.ms = 10000
	sasl.oauthbearer.jwks.endpoint.retry.backoff.ms = 100
	sasl.oauthbearer.jwks.endpoint.url = null
	sasl.oauthbearer.scope.claim.name = scope
	sasl.oauthbearer.sub.claim.name = sub
	sasl.oauthbearer.token.endpoint.url = null
	security.protocol = PLAINTEXT
	security.providers = null
	send.buffer.bytes = 131072
	socket.connection.setup.timeout.max.ms = 30000
	socket.connection.setup.timeout.ms = 10000
	ssl.cipher.suites = null
	ssl.enabled.protocols = [TLSv1.2, TLSv1.3]
	ssl.endpoint.identification.algorithm = https
	ssl.engine.factory.class = null
	ssl.key.password = null
	ssl.keymanager.algorithm = SunX509
	ssl.keystore.certificate.chain = null
	ssl.keystore.key = null
	ssl.keystore.location = null
	ssl.keystore.password = null
	ssl.keystore.type = JKS
	ssl.protocol = TLSv1.3
	ssl.provider = null
	ssl.secure.random.implementation = null
	ssl.trustmanager.algorithm = PKIX
	ssl.truststore.certificates = null
	ssl.truststore.location = null
	ssl.truststore.password = null
	ssl.truststore.type = JKS
 (org.apache.kafka.clients.admin.AdminClientConfig:372)
[2026-03-04 15:47:58,235] INFO These configurations '[connector.client.config.override.policy, plugin.discovery, listeners, config.storage.topic, metrics.context.connect.group.id, group.id, status.storage.topic, offset.flush.interval.ms, config.storage.replication.factor, metrics.context.connect.kafka.cluster.id, status.storage.replication.factor, offset.storage.replication.factor, offset.storage.topic, value.converter, key.converter]' were supplied but are not used yet. (org.apache.kafka.clients.admin.AdminClientConfig:381)
[2026-03-04 15:47:58,235] INFO Kafka version: 3.8.1 (org.apache.kafka.common.utils.AppInfoParser:124)
[2026-03-04 15:47:58,235] INFO Kafka commitId: 70d6ff42debf7e17 (org.apache.kafka.common.utils.AppInfoParser:125)
[2026-03-04 15:47:58,235] INFO Kafka startTimeMs: 1772619478235 (org.apache.kafka.common.utils.AppInfoParser:126)
[2026-03-04 15:47:58,244] INFO Adding admin resources to main listener (org.apache.kafka.connect.runtime.rest.RestServer:234)
[2026-03-04 15:47:58,249] INFO Creating topic connect-offset-topic-kcbq-connect-cluster with configuration {cleanup.policy=compact} and initial partition assignment Map(23 -> ArrayBuffer(0), 8 -> ArrayBuffer(0), 17 -> ArrayBuffer(0), 11 -> ArrayBuffer(0), 2 -> ArrayBuffer(0), 20 -> ArrayBuffer(0), 5 -> ArrayBuffer(0), 14 -> ArrayBuffer(0), 4 -> ArrayBuffer(0), 13 -> ArrayBuffer(0), 22 -> ArrayBuffer(0), 7 -> ArrayBuffer(0), 16 -> ArrayBuffer(0), 10 -> ArrayBuffer(0), 1 -> ArrayBuffer(0), 19 -> ArrayBuffer(0), 9 -> ArrayBuffer(0), 18 -> ArrayBuffer(0), 12 -> ArrayBuffer(0), 3 -> ArrayBuffer(0), 21 -> ArrayBuffer(0), 15 -> ArrayBuffer(0), 6 -> ArrayBuffer(0), 24 -> ArrayBuffer(0), 0 -> ArrayBuffer(0)) (kafka.zk.AdminZkClient:66)
[2026-03-04 15:47:58,258] INFO [Controller id=0] New topics: [Set(connect-offset-topic-kcbq-connect-cluster)], deleted topics: [Set()], new partition replica assignment [Set(TopicIdReplicaAssignment(connect-offset-topic-kcbq-connect-cluster,Some(C9E8RBxWRsKqQtaJ-q1I3w),Map(connect-offset-topic-kcbq-connect-cluster-14 -> ReplicaAssignment(replicas=0, addingReplicas=, removingReplicas=), connect-offset-topic-kcbq-connect-cluster-10 -> ReplicaAssignment(replicas=0, addingReplicas=, removingReplicas=), connect-offset-topic-kcbq-connect-cluster-19 -> ReplicaAssignment(replicas=0, addingReplicas=, removingReplicas=), connect-offset-topic-kcbq-connect-cluster-16 -> ReplicaAssignment(replicas=0, addingReplicas=, removingReplicas=), connect-offset-topic-kcbq-connect-cluster-5 -> ReplicaAssignment(replicas=0, addingReplicas=, removingReplicas=), connect-offset-topic-kcbq-connect-cluster-7 -> ReplicaAssignment(replicas=0, addingReplicas=, removingReplicas=), connect-offset-topic-kcbq-connect-cluster-4 -> ReplicaAssignment(replicas=0, addingReplicas=, removingReplicas=), connect-offset-topic-kcbq-connect-cluster-0 -> ReplicaAssignment(replicas=0, addingReplicas=, removingReplicas=), connect-offset-topic-kcbq-connect-cluster-17 -> ReplicaAssignment(replicas=0, addingReplicas=, removingReplicas=), connect-offset-topic-kcbq-connect-cluster-13 -> ReplicaAssignment(replicas=0, addingReplicas=, removingReplicas=), connect-offset-topic-kcbq-connect-cluster-24 -> ReplicaAssignment(replicas=0, addingReplicas=, removingReplicas=), connect-offset-topic-kcbq-connect-cluster-22 -> ReplicaAssignment(replicas=0, addingReplicas=, removingReplicas=), connect-offset-topic-kcbq-connect-cluster-18 -> ReplicaAssignment(replicas=0, addingReplicas=, removingReplicas=), connect-offset-topic-kcbq-connect-cluster-3 -> ReplicaAssignment(replicas=0, addingReplicas=, removingReplicas=), connect-offset-topic-kcbq-connect-cluster-8 -> ReplicaAssignment(replicas=0, addingReplicas=, removingReplicas=), connect-offset-topic-kcbq-connect-cluster-12 -> ReplicaAssignment(replicas=0, addingReplicas=, removingReplicas=), connect-offset-topic-kcbq-connect-cluster-15 -> ReplicaAssignment(replicas=0, addingReplicas=, removingReplicas=), connect-offset-topic-kcbq-connect-cluster-9 -> ReplicaAssignment(replicas=0, addingReplicas=, removingReplicas=), connect-offset-topic-kcbq-connect-cluster-21 -> ReplicaAssignment(replicas=0, addingReplicas=, removingReplicas=), connect-offset-topic-kcbq-connect-cluster-2 -> ReplicaAssignment(replicas=0, addingReplicas=, removingReplicas=), connect-offset-topic-kcbq-connect-cluster-6 -> ReplicaAssignment(replicas=0, addingReplicas=, removingReplicas=), connect-offset-topic-kcbq-connect-cluster-20 -> ReplicaAssignment(replicas=0, addingReplicas=, removingReplicas=), connect-offset-topic-kcbq-connect-cluster-1 -> ReplicaAssignment(replicas=0, addingReplicas=, removingReplicas=), connect-offset-topic-kcbq-connect-cluster-11 -> ReplicaAssignment(replicas=0, addingReplicas=, removingReplicas=), connect-offset-topic-kcbq-connect-cluster-23 -> ReplicaAssignment(replicas=0, addingReplicas=, removingReplicas=))))] (kafka.controller.KafkaController:66)
[2026-03-04 15:47:58,258] INFO [Controller id=0] New partition creation callback for connect-offset-topic-kcbq-connect-cluster-14,connect-offset-topic-kcbq-connect-cluster-10,connect-offset-topic-kcbq-connect-cluster-19,connect-offset-topic-kcbq-connect-cluster-16,connect-offset-topic-kcbq-connect-cluster-5,connect-offset-topic-kcbq-connect-cluster-7,connect-offset-topic-kcbq-connect-cluster-4,connect-offset-topic-kcbq-connect-cluster-0,connect-offset-topic-kcbq-connect-cluster-17,connect-offset-topic-kcbq-connect-cluster-13,connect-offset-topic-kcbq-connect-cluster-24,connect-offset-topic-kcbq-connect-cluster-22,connect-offset-topic-kcbq-connect-cluster-18,connect-offset-topic-kcbq-connect-cluster-3,connect-offset-topic-kcbq-connect-cluster-8,connect-offset-topic-kcbq-connect-cluster-12,connect-offset-topic-kcbq-connect-cluster-15,connect-offset-topic-kcbq-connect-cluster-9,connect-offset-topic-kcbq-connect-cluster-21,connect-offset-topic-kcbq-connect-cluster-2,connect-offset-topic-kcbq-connect-cluster-6,connect-offset-topic-kcbq-connect-cluster-20,connect-offset-topic-kcbq-connect-cluster-1,connect-offset-topic-kcbq-connect-cluster-11,connect-offset-topic-kcbq-connect-cluster-23 (kafka.controller.KafkaController:66)
[2026-03-04 15:47:58,259] INFO [Controller id=0 epoch=1] Changed partition connect-offset-topic-kcbq-connect-cluster-14 state from NonExistentPartition to NewPartition with assigned replicas 0 (state.change.logger:66)
[2026-03-04 15:47:58,260] INFO [Controller id=0 epoch=1] Changed partition connect-offset-topic-kcbq-connect-cluster-10 state from NonExistentPartition to NewPartition with assigned replicas 0 (state.change.logger:66)
[2026-03-04 15:47:58,260] INFO [Controller id=0 epoch=1] Changed partition connect-offset-topic-kcbq-connect-cluster-19 state from NonExistentPartition to NewPartition with assigned replicas 0 (state.change.logger:66)
[2026-03-04 15:47:58,260] INFO [Controller id=0 epoch=1] Changed partition connect-offset-topic-kcbq-connect-cluster-16 state from NonExistentPartition to NewPartition with assigned replicas 0 (state.change.logger:66)
[2026-03-04 15:47:58,260] INFO [Controller id=0 epoch=1] Changed partition connect-offset-topic-kcbq-connect-cluster-5 state from NonExistentPartition to NewPartition with assigned replicas 0 (state.change.logger:66)
[2026-03-04 15:47:58,260] INFO [Controller id=0 epoch=1] Changed partition connect-offset-topic-kcbq-connect-cluster-7 state from NonExistentPartition to NewPartition with assigned replicas 0 (state.change.logger:66)
[2026-03-04 15:47:58,260] INFO [Controller id=0 epoch=1] Changed partition connect-offset-topic-kcbq-connect-cluster-4 state from NonExistentPartition to NewPartition with assigned replicas 0 (state.change.logger:66)
[2026-03-04 15:47:58,260] INFO [Controller id=0 epoch=1] Changed partition connect-offset-topic-kcbq-connect-cluster-0 state from NonExistentPartition to NewPartition with assigned replicas 0 (state.change.logger:66)
[2026-03-04 15:47:58,260] INFO [Controller id=0 epoch=1] Changed partition connect-offset-topic-kcbq-connect-cluster-17 state from NonExistentPartition to NewPartition with assigned replicas 0 (state.change.logger:66)
[2026-03-04 15:47:58,260] INFO [Controller id=0 epoch=1] Changed partition connect-offset-topic-kcbq-connect-cluster-13 state from NonExistentPartition to NewPartition with assigned replicas 0 (state.change.logger:66)
[2026-03-04 15:47:58,260] INFO [Controller id=0 epoch=1] Changed partition connect-offset-topic-kcbq-connect-cluster-24 state from NonExistentPartition to NewPartition with assigned replicas 0 (state.change.logger:66)
[2026-03-04 15:47:58,260] INFO [Controller id=0 epoch=1] Changed partition connect-offset-topic-kcbq-connect-cluster-22 state from NonExistentPartition to NewPartition with assigned replicas 0 (state.change.logger:66)
[2026-03-04 15:47:58,260] INFO [Controller id=0 epoch=1] Changed partition connect-offset-topic-kcbq-connect-cluster-18 state from NonExistentPartition to NewPartition with assigned replicas 0 (state.change.logger:66)
[2026-03-04 15:47:58,260] INFO [Controller id=0 epoch=1] Changed partition connect-offset-topic-kcbq-connect-cluster-3 state from NonExistentPartition to NewPartition with assigned replicas 0 (state.change.logger:66)
[2026-03-04 15:47:58,260] INFO [Controller id=0 epoch=1] Changed partition connect-offset-topic-kcbq-connect-cluster-8 state from NonExistentPartition to NewPartition with assigned replicas 0 (state.change.logger:66)
[2026-03-04 15:47:58,260] INFO [Controller id=0 epoch=1] Changed partition connect-offset-topic-kcbq-connect-cluster-12 state from NonExistentPartition to NewPartition with assigned replicas 0 (state.change.logger:66)
[2026-03-04 15:47:58,260] INFO [Controller id=0 epoch=1] Changed partition connect-offset-topic-kcbq-connect-cluster-15 state from NonExistentPartition to NewPartition with assigned replicas 0 (state.change.logger:66)
[2026-03-04 15:47:58,260] INFO [Controller id=0 epoch=1] Changed partition connect-offset-topic-kcbq-connect-cluster-9 state from NonExistentPartition to NewPartition with assigned replicas 0 (state.change.logger:66)
[2026-03-04 15:47:58,260] INFO [Controller id=0 epoch=1] Changed partition connect-offset-topic-kcbq-connect-cluster-21 state from NonExistentPartition to NewPartition with assigned replicas 0 (state.change.logger:66)
[2026-03-04 15:47:58,260] INFO [Controller id=0 epoch=1] Changed partition connect-offset-topic-kcbq-connect-cluster-2 state from NonExistentPartition to NewPartition with assigned replicas 0 (state.change.logger:66)
[2026-03-04 15:47:58,260] INFO [Controller id=0 epoch=1] Changed partition connect-offset-topic-kcbq-connect-cluster-6 state from NonExistentPartition to NewPartition with assigned replicas 0 (state.change.logger:66)
[2026-03-04 15:47:58,260] INFO [Controller id=0 epoch=1] Changed partition connect-offset-topic-kcbq-connect-cluster-20 state from NonExistentPartition to NewPartition with assigned replicas 0 (state.change.logger:66)
[2026-03-04 15:47:58,260] INFO [Controller id=0 epoch=1] Changed partition connect-offset-topic-kcbq-connect-cluster-1 state from NonExistentPartition to NewPartition with assigned replicas 0 (state.change.logger:66)
[2026-03-04 15:47:58,260] INFO [Controller id=0 epoch=1] Changed partition connect-offset-topic-kcbq-connect-cluster-11 state from NonExistentPartition to NewPartition with assigned replicas 0 (state.change.logger:66)
[2026-03-04 15:47:58,260] INFO [Controller id=0 epoch=1] Changed partition connect-offset-topic-kcbq-connect-cluster-23 state from NonExistentPartition to NewPartition with assigned replicas 0 (state.change.logger:66)
[2026-03-04 15:47:58,261] INFO [Controller id=0 epoch=1] Sending UpdateMetadata request to brokers Set() for 0 partitions (state.change.logger:66)
[2026-03-04 15:47:58,263] INFO [Controller id=0 epoch=1] Sending UpdateMetadata request to brokers Set() for 0 partitions (state.change.logger:66)
[2026-03-04 15:47:58,264] INFO DefaultSessionIdManager workerName=node0 (org.eclipse.jetty.server.session:334)
[2026-03-04 15:47:58,264] INFO No SessionScavenger set, using defaults (org.eclipse.jetty.server.session:339)
[2026-03-04 15:47:58,265] INFO node0 Scavenging every 600000ms (org.eclipse.jetty.server.session:132)
[2026-03-04 15:47:58,280] INFO [Controller id=0 epoch=1] Changed partition connect-offset-topic-kcbq-connect-cluster-14 from NewPartition to OnlinePartition with state LeaderAndIsr(leader=0, leaderEpoch=0, isrWithBrokerEpoch=List(BrokerState(brokerId=0, brokerEpoch=-1)), leaderRecoveryState=RECOVERED, partitionEpoch=0) (state.change.logger:66)
[2026-03-04 15:47:58,280] INFO [Controller id=0 epoch=1] Changed partition connect-offset-topic-kcbq-connect-cluster-10 from NewPartition to OnlinePartition with state LeaderAndIsr(leader=0, leaderEpoch=0, isrWithBrokerEpoch=List(BrokerState(brokerId=0, brokerEpoch=-1)), leaderRecoveryState=RECOVERED, partitionEpoch=0) (state.change.logger:66)
[2026-03-04 15:47:58,280] INFO [Controller id=0 epoch=1] Changed partition connect-offset-topic-kcbq-connect-cluster-19 from NewPartition to OnlinePartition with state LeaderAndIsr(leader=0, leaderEpoch=0, isrWithBrokerEpoch=List(BrokerState(brokerId=0, brokerEpoch=-1)), leaderRecoveryState=RECOVERED, partitionEpoch=0) (state.change.logger:66)
[2026-03-04 15:47:58,280] INFO [Controller id=0 epoch=1] Changed partition connect-offset-topic-kcbq-connect-cluster-16 from NewPartition to OnlinePartition with state LeaderAndIsr(leader=0, leaderEpoch=0, isrWithBrokerEpoch=List(BrokerState(brokerId=0, brokerEpoch=-1)), leaderRecoveryState=RECOVERED, partitionEpoch=0) (state.change.logger:66)
[2026-03-04 15:47:58,280] INFO [Controller id=0 epoch=1] Changed partition connect-offset-topic-kcbq-connect-cluster-5 from NewPartition to OnlinePartition with state LeaderAndIsr(leader=0, leaderEpoch=0, isrWithBrokerEpoch=List(BrokerState(brokerId=0, brokerEpoch=-1)), leaderRecoveryState=RECOVERED, partitionEpoch=0) (state.change.logger:66)
[2026-03-04 15:47:58,280] INFO [Controller id=0 epoch=1] Changed partition connect-offset-topic-kcbq-connect-cluster-7 from NewPartition to OnlinePartition with state LeaderAndIsr(leader=0, leaderEpoch=0, isrWithBrokerEpoch=List(BrokerState(brokerId=0, brokerEpoch=-1)), leaderRecoveryState=RECOVERED, partitionEpoch=0) (state.change.logger:66)
[2026-03-04 15:47:58,280] INFO [Controller id=0 epoch=1] Changed partition connect-offset-topic-kcbq-connect-cluster-4 from NewPartition to OnlinePartition with state LeaderAndIsr(leader=0, leaderEpoch=0, isrWithBrokerEpoch=List(BrokerState(brokerId=0, brokerEpoch=-1)), leaderRecoveryState=RECOVERED, partitionEpoch=0) (state.change.logger:66)
[2026-03-04 15:47:58,280] INFO [Controller id=0 epoch=1] Changed partition connect-offset-topic-kcbq-connect-cluster-0 from NewPartition to OnlinePartition with state LeaderAndIsr(leader=0, leaderEpoch=0, isrWithBrokerEpoch=List(BrokerState(brokerId=0, brokerEpoch=-1)), leaderRecoveryState=RECOVERED, partitionEpoch=0) (state.change.logger:66)
[2026-03-04 15:47:58,281] INFO [Controller id=0 epoch=1] Changed partition connect-offset-topic-kcbq-connect-cluster-17 from NewPartition to OnlinePartition with state LeaderAndIsr(leader=0, leaderEpoch=0, isrWithBrokerEpoch=List(BrokerState(brokerId=0, brokerEpoch=-1)), leaderRecoveryState=RECOVERED, partitionEpoch=0) (state.change.logger:66)
[2026-03-04 15:47:58,281] INFO [Controller id=0 epoch=1] Changed partition connect-offset-topic-kcbq-connect-cluster-13 from NewPartition to OnlinePartition with state LeaderAndIsr(leader=0, leaderEpoch=0, isrWithBrokerEpoch=List(BrokerState(brokerId=0, brokerEpoch=-1)), leaderRecoveryState=RECOVERED, partitionEpoch=0) (state.change.logger:66)
[2026-03-04 15:47:58,281] INFO [Controller id=0 epoch=1] Changed partition connect-offset-topic-kcbq-connect-cluster-24 from NewPartition to OnlinePartition with state LeaderAndIsr(leader=0, leaderEpoch=0, isrWithBrokerEpoch=List(BrokerState(brokerId=0, brokerEpoch=-1)), leaderRecoveryState=RECOVERED, partitionEpoch=0) (state.change.logger:66)
[2026-03-04 15:47:58,281] INFO [Controller id=0 epoch=1] Changed partition connect-offset-topic-kcbq-connect-cluster-22 from NewPartition to OnlinePartition with state LeaderAndIsr(leader=0, leaderEpoch=0, isrWithBrokerEpoch=List(BrokerState(brokerId=0, brokerEpoch=-1)), leaderRecoveryState=RECOVERED, partitionEpoch=0) (state.change.logger:66)
[2026-03-04 15:47:58,281] INFO [Controller id=0 epoch=1] Changed partition connect-offset-topic-kcbq-connect-cluster-18 from NewPartition to OnlinePartition with state LeaderAndIsr(leader=0, leaderEpoch=0, isrWithBrokerEpoch=List(BrokerState(brokerId=0, brokerEpoch=-1)), leaderRecoveryState=RECOVERED, partitionEpoch=0) (state.change.logger:66)
[2026-03-04 15:47:58,281] INFO [Controller id=0 epoch=1] Changed partition connect-offset-topic-kcbq-connect-cluster-3 from NewPartition to OnlinePartition with state LeaderAndIsr(leader=0, leaderEpoch=0, isrWithBrokerEpoch=List(BrokerState(brokerId=0, brokerEpoch=-1)), leaderRecoveryState=RECOVERED, partitionEpoch=0) (state.change.logger:66)
[2026-03-04 15:47:58,281] INFO [Controller id=0 epoch=1] Changed partition connect-offset-topic-kcbq-connect-cluster-8 from NewPartition to OnlinePartition with state LeaderAndIsr(leader=0, leaderEpoch=0, isrWithBrokerEpoch=List(BrokerState(brokerId=0, brokerEpoch=-1)), leaderRecoveryState=RECOVERED, partitionEpoch=0) (state.change.logger:66)
[2026-03-04 15:47:58,281] INFO [Controller id=0 epoch=1] Changed partition connect-offset-topic-kcbq-connect-cluster-12 from NewPartition to OnlinePartition with state LeaderAndIsr(leader=0, leaderEpoch=0, isrWithBrokerEpoch=List(BrokerState(brokerId=0, brokerEpoch=-1)), leaderRecoveryState=RECOVERED, partitionEpoch=0) (state.change.logger:66)
[2026-03-04 15:47:58,281] INFO [Controller id=0 epoch=1] Changed partition connect-offset-topic-kcbq-connect-cluster-15 from NewPartition to OnlinePartition with state LeaderAndIsr(leader=0, leaderEpoch=0, isrWithBrokerEpoch=List(BrokerState(brokerId=0, brokerEpoch=-1)), leaderRecoveryState=RECOVERED, partitionEpoch=0) (state.change.logger:66)
[2026-03-04 15:47:58,281] INFO [Controller id=0 epoch=1] Changed partition connect-offset-topic-kcbq-connect-cluster-9 from NewPartition to OnlinePartition with state LeaderAndIsr(leader=0, leaderEpoch=0, isrWithBrokerEpoch=List(BrokerState(brokerId=0, brokerEpoch=-1)), leaderRecoveryState=RECOVERED, partitionEpoch=0) (state.change.logger:66)
[2026-03-04 15:47:58,281] INFO [Controller id=0 epoch=1] Changed partition connect-offset-topic-kcbq-connect-cluster-21 from NewPartition to OnlinePartition with state LeaderAndIsr(leader=0, leaderEpoch=0, isrWithBrokerEpoch=List(BrokerState(brokerId=0, brokerEpoch=-1)), leaderRecoveryState=RECOVERED, partitionEpoch=0) (state.change.logger:66)
[2026-03-04 15:47:58,281] INFO [Controller id=0 epoch=1] Changed partition connect-offset-topic-kcbq-connect-cluster-2 from NewPartition to OnlinePartition with state LeaderAndIsr(leader=0, leaderEpoch=0, isrWithBrokerEpoch=List(BrokerState(brokerId=0, brokerEpoch=-1)), leaderRecoveryState=RECOVERED, partitionEpoch=0) (state.change.logger:66)
[2026-03-04 15:47:58,281] INFO [Controller id=0 epoch=1] Changed partition connect-offset-topic-kcbq-connect-cluster-6 from NewPartition to OnlinePartition with state LeaderAndIsr(leader=0, leaderEpoch=0, isrWithBrokerEpoch=List(BrokerState(brokerId=0, brokerEpoch=-1)), leaderRecoveryState=RECOVERED, partitionEpoch=0) (state.change.logger:66)
[2026-03-04 15:47:58,281] INFO [Controller id=0 epoch=1] Changed partition connect-offset-topic-kcbq-connect-cluster-20 from NewPartition to OnlinePartition with state LeaderAndIsr(leader=0, leaderEpoch=0, isrWithBrokerEpoch=List(BrokerState(brokerId=0, brokerEpoch=-1)), leaderRecoveryState=RECOVERED, partitionEpoch=0) (state.change.logger:66)
[2026-03-04 15:47:58,281] INFO [Controller id=0 epoch=1] Changed partition connect-offset-topic-kcbq-connect-cluster-1 from NewPartition to OnlinePartition with state LeaderAndIsr(leader=0, leaderEpoch=0, isrWithBrokerEpoch=List(BrokerState(brokerId=0, brokerEpoch=-1)), leaderRecoveryState=RECOVERED, partitionEpoch=0) (state.change.logger:66)
[2026-03-04 15:47:58,281] INFO [Controller id=0 epoch=1] Changed partition connect-offset-topic-kcbq-connect-cluster-11 from NewPartition to OnlinePartition with state LeaderAndIsr(leader=0, leaderEpoch=0, isrWithBrokerEpoch=List(BrokerState(brokerId=0, brokerEpoch=-1)), leaderRecoveryState=RECOVERED, partitionEpoch=0) (state.change.logger:66)
[2026-03-04 15:47:58,281] INFO [Controller id=0 epoch=1] Changed partition connect-offset-topic-kcbq-connect-cluster-23 from NewPartition to OnlinePartition with state LeaderAndIsr(leader=0, leaderEpoch=0, isrWithBrokerEpoch=List(BrokerState(brokerId=0, brokerEpoch=-1)), leaderRecoveryState=RECOVERED, partitionEpoch=0) (state.change.logger:66)
[2026-03-04 15:47:58,282] INFO [Controller id=0 epoch=1] Sending LeaderAndIsr request to broker 0 with 25 become-leader and 0 become-follower partitions (state.change.logger:66)
[2026-03-04 15:47:58,283] INFO [Controller id=0 epoch=1] Sending UpdateMetadata request to brokers Set(0) for 25 partitions (state.change.logger:66)
[2026-03-04 15:47:58,284] INFO [Controller id=0 epoch=1] Sending UpdateMetadata request to brokers Set() for 0 partitions (state.change.logger:66)
[2026-03-04 15:47:58,285] INFO [Broker id=0] Handling LeaderAndIsr request correlationId 1 from controller 0 for 25 partitions (state.change.logger:66)
[2026-03-04 15:47:58,294] INFO [ReplicaFetcherManager on broker 0] Removed fetcher for partitions Set(connect-offset-topic-kcbq-connect-cluster-14, connect-offset-topic-kcbq-connect-cluster-10, connect-offset-topic-kcbq-connect-cluster-19, connect-offset-topic-kcbq-connect-cluster-16, connect-offset-topic-kcbq-connect-cluster-5, connect-offset-topic-kcbq-connect-cluster-7, connect-offset-topic-kcbq-connect-cluster-4, connect-offset-topic-kcbq-connect-cluster-0, connect-offset-topic-kcbq-connect-cluster-17, connect-offset-topic-kcbq-connect-cluster-13, connect-offset-topic-kcbq-connect-cluster-24, connect-offset-topic-kcbq-connect-cluster-22, connect-offset-topic-kcbq-connect-cluster-18, connect-offset-topic-kcbq-connect-cluster-3, connect-offset-topic-kcbq-connect-cluster-8, connect-offset-topic-kcbq-connect-cluster-12, connect-offset-topic-kcbq-connect-cluster-15, connect-offset-topic-kcbq-connect-cluster-9, connect-offset-topic-kcbq-connect-cluster-21, connect-offset-topic-kcbq-connect-cluster-2, connect-offset-topic-kcbq-connect-cluster-6, connect-offset-topic-kcbq-connect-cluster-20, connect-offset-topic-kcbq-connect-cluster-1, connect-offset-topic-kcbq-connect-cluster-11, connect-offset-topic-kcbq-connect-cluster-23) (kafka.server.ReplicaFetcherManager:66)
[2026-03-04 15:47:58,295] INFO [Broker id=0] Stopped fetchers as part of LeaderAndIsr request correlationId 1 from controller 0 epoch 1 as part of the become-leader transition for 25 partitions (state.change.logger:66)
[2026-03-04 15:47:58,313] INFO [LogLoader partition=connect-offset-topic-kcbq-connect-cluster-10, dir=/tmp/EmbeddedKafkaCluster11084523262086392090] Loading producer state till offset 0 with message format version 2 (kafka.log.UnifiedLog$:1937)
[2026-03-04 15:47:58,317] INFO Created log for partition connect-offset-topic-kcbq-connect-cluster-10 in /tmp/EmbeddedKafkaCluster11084523262086392090/connect-offset-topic-kcbq-connect-cluster-10 with properties {cleanup.policy=compact} (kafka.log.LogManager:66)
[2026-03-04 15:47:58,317] INFO [Partition connect-offset-topic-kcbq-connect-cluster-10 broker=0] No checkpointed highwatermark is found for partition connect-offset-topic-kcbq-connect-cluster-10 (kafka.cluster.Partition:66)
[2026-03-04 15:47:58,318] INFO [Partition connect-offset-topic-kcbq-connect-cluster-10 broker=0] Log loaded for partition connect-offset-topic-kcbq-connect-cluster-10 with initial high watermark 0 (kafka.cluster.Partition:66)
[2026-03-04 15:47:58,318] INFO [Broker id=0] Leader connect-offset-topic-kcbq-connect-cluster-10 with topic id Some(C9E8RBxWRsKqQtaJ-q1I3w) starts at leader epoch 0 from offset 0 with partition epoch 0, high watermark 0, ISR [0], adding replicas [] and removing replicas [] . Previous leader None and previous leader epoch was -1. (state.change.logger:66)
[2026-03-04 15:47:58,321] INFO [LogLoader partition=connect-offset-topic-kcbq-connect-cluster-7, dir=/tmp/EmbeddedKafkaCluster11084523262086392090] Loading producer state till offset 0 with message format version 2 (kafka.log.UnifiedLog$:1937)
[2026-03-04 15:47:58,322] INFO Created log for partition connect-offset-topic-kcbq-connect-cluster-7 in /tmp/EmbeddedKafkaCluster11084523262086392090/connect-offset-topic-kcbq-connect-cluster-7 with properties {cleanup.policy=compact} (kafka.log.LogManager:66)
[2026-03-04 15:47:58,322] INFO [Partition connect-offset-topic-kcbq-connect-cluster-7 broker=0] No checkpointed highwatermark is found for partition connect-offset-topic-kcbq-connect-cluster-7 (kafka.cluster.Partition:66)
[2026-03-04 15:47:58,322] INFO [Partition connect-offset-topic-kcbq-connect-cluster-7 broker=0] Log loaded for partition connect-offset-topic-kcbq-connect-cluster-7 with initial high watermark 0 (kafka.cluster.Partition:66)
[2026-03-04 15:47:58,322] INFO [Broker id=0] Leader connect-offset-topic-kcbq-connect-cluster-7 with topic id Some(C9E8RBxWRsKqQtaJ-q1I3w) starts at leader epoch 0 from offset 0 with partition epoch 0, high watermark 0, ISR [0], adding replicas [] and removing replicas [] . Previous leader None and previous leader epoch was -1. (state.change.logger:66)
[2026-03-04 15:47:58,323] INFO [LogLoader partition=connect-offset-topic-kcbq-connect-cluster-4, dir=/tmp/EmbeddedKafkaCluster11084523262086392090] Loading producer state till offset 0 with message format version 2 (kafka.log.UnifiedLog$:1937)
[2026-03-04 15:47:58,323] INFO Created log for partition connect-offset-topic-kcbq-connect-cluster-4 in /tmp/EmbeddedKafkaCluster11084523262086392090/connect-offset-topic-kcbq-connect-cluster-4 with properties {cleanup.policy=compact} (kafka.log.LogManager:66)
[2026-03-04 15:47:58,323] INFO [Partition connect-offset-topic-kcbq-connect-cluster-4 broker=0] No checkpointed highwatermark is found for partition connect-offset-topic-kcbq-connect-cluster-4 (kafka.cluster.Partition:66)
[2026-03-04 15:47:58,323] INFO [Partition connect-offset-topic-kcbq-connect-cluster-4 broker=0] Log loaded for partition connect-offset-topic-kcbq-connect-cluster-4 with initial high watermark 0 (kafka.cluster.Partition:66)
[2026-03-04 15:47:58,323] INFO [Broker id=0] Leader connect-offset-topic-kcbq-connect-cluster-4 with topic id Some(C9E8RBxWRsKqQtaJ-q1I3w) starts at leader epoch 0 from offset 0 with partition epoch 0, high watermark 0, ISR [0], adding replicas [] and removing replicas [] . Previous leader None and previous leader epoch was -1. (state.change.logger:66)
[2026-03-04 15:47:58,324] INFO [LogLoader partition=connect-offset-topic-kcbq-connect-cluster-23, dir=/tmp/EmbeddedKafkaCluster11084523262086392090] Loading producer state till offset 0 with message format version 2 (kafka.log.UnifiedLog$:1937)
[2026-03-04 15:47:58,325] INFO Created log for partition connect-offset-topic-kcbq-connect-cluster-23 in /tmp/EmbeddedKafkaCluster11084523262086392090/connect-offset-topic-kcbq-connect-cluster-23 with properties {cleanup.policy=compact} (kafka.log.LogManager:66)
[2026-03-04 15:47:58,325] INFO [Partition connect-offset-topic-kcbq-connect-cluster-23 broker=0] No checkpointed highwatermark is found for partition connect-offset-topic-kcbq-connect-cluster-23 (kafka.cluster.Partition:66)
[2026-03-04 15:47:58,325] INFO [Partition connect-offset-topic-kcbq-connect-cluster-23 broker=0] Log loaded for partition connect-offset-topic-kcbq-connect-cluster-23 with initial high watermark 0 (kafka.cluster.Partition:66)
[2026-03-04 15:47:58,325] INFO [Broker id=0] Leader connect-offset-topic-kcbq-connect-cluster-23 with topic id Some(C9E8RBxWRsKqQtaJ-q1I3w) starts at leader epoch 0 from offset 0 with partition epoch 0, high watermark 0, ISR [0], adding replicas [] and removing replicas [] . Previous leader None and previous leader epoch was -1. (state.change.logger:66)
[2026-03-04 15:47:58,326] INFO [LogLoader partition=connect-offset-topic-kcbq-connect-cluster-1, dir=/tmp/EmbeddedKafkaCluster11084523262086392090] Loading producer state till offset 0 with message format version 2 (kafka.log.UnifiedLog$:1937)
[2026-03-04 15:47:58,326] INFO Created log for partition connect-offset-topic-kcbq-connect-cluster-1 in /tmp/EmbeddedKafkaCluster11084523262086392090/connect-offset-topic-kcbq-connect-cluster-1 with properties {cleanup.policy=compact} (kafka.log.LogManager:66)
[2026-03-04 15:47:58,326] INFO [Partition connect-offset-topic-kcbq-connect-cluster-1 broker=0] No checkpointed highwatermark is found for partition connect-offset-topic-kcbq-connect-cluster-1 (kafka.cluster.Partition:66)
[2026-03-04 15:47:58,326] INFO [Partition connect-offset-topic-kcbq-connect-cluster-1 broker=0] Log loaded for partition connect-offset-topic-kcbq-connect-cluster-1 with initial high watermark 0 (kafka.cluster.Partition:66)
[2026-03-04 15:47:58,326] INFO [Broker id=0] Leader connect-offset-topic-kcbq-connect-cluster-1 with topic id Some(C9E8RBxWRsKqQtaJ-q1I3w) starts at leader epoch 0 from offset 0 with partition epoch 0, high watermark 0, ISR [0], adding replicas [] and removing replicas [] . Previous leader None and previous leader epoch was -1. (state.change.logger:66)
[2026-03-04 15:47:58,331] INFO [LogLoader partition=connect-offset-topic-kcbq-connect-cluster-20, dir=/tmp/EmbeddedKafkaCluster11084523262086392090] Loading producer state till offset 0 with message format version 2 (kafka.log.UnifiedLog$:1937)
[2026-03-04 15:47:58,332] INFO Created log for partition connect-offset-topic-kcbq-connect-cluster-20 in /tmp/EmbeddedKafkaCluster11084523262086392090/connect-offset-topic-kcbq-connect-cluster-20 with properties {cleanup.policy=compact} (kafka.log.LogManager:66)
[2026-03-04 15:47:58,332] INFO [Partition connect-offset-topic-kcbq-connect-cluster-20 broker=0] No checkpointed highwatermark is found for partition connect-offset-topic-kcbq-connect-cluster-20 (kafka.cluster.Partition:66)
[2026-03-04 15:47:58,332] INFO [Partition connect-offset-topic-kcbq-connect-cluster-20 broker=0] Log loaded for partition connect-offset-topic-kcbq-connect-cluster-20 with initial high watermark 0 (kafka.cluster.Partition:66)
[2026-03-04 15:47:58,332] INFO [Broker id=0] Leader connect-offset-topic-kcbq-connect-cluster-20 with topic id Some(C9E8RBxWRsKqQtaJ-q1I3w) starts at leader epoch 0 from offset 0 with partition epoch 0, high watermark 0, ISR [0], adding replicas [] and removing replicas [] . Previous leader None and previous leader epoch was -1. (state.change.logger:66)
[2026-03-04 15:47:58,333] INFO [LogLoader partition=connect-offset-topic-kcbq-connect-cluster-17, dir=/tmp/EmbeddedKafkaCluster11084523262086392090] Loading producer state till offset 0 with message format version 2 (kafka.log.UnifiedLog$:1937)
[2026-03-04 15:47:58,333] INFO Created log for partition connect-offset-topic-kcbq-connect-cluster-17 in /tmp/EmbeddedKafkaCluster11084523262086392090/connect-offset-topic-kcbq-connect-cluster-17 with properties {cleanup.policy=compact} (kafka.log.LogManager:66)
[2026-03-04 15:47:58,333] INFO [Partition connect-offset-topic-kcbq-connect-cluster-17 broker=0] No checkpointed highwatermark is found for partition connect-offset-topic-kcbq-connect-cluster-17 (kafka.cluster.Partition:66)
[2026-03-04 15:47:58,333] INFO [Partition connect-offset-topic-kcbq-connect-cluster-17 broker=0] Log loaded for partition connect-offset-topic-kcbq-connect-cluster-17 with initial high watermark 0 (kafka.cluster.Partition:66)
[2026-03-04 15:47:58,333] INFO [Broker id=0] Leader connect-offset-topic-kcbq-connect-cluster-17 with topic id Some(C9E8RBxWRsKqQtaJ-q1I3w) starts at leader epoch 0 from offset 0 with partition epoch 0, high watermark 0, ISR [0], adding replicas [] and removing replicas [] . Previous leader None and previous leader epoch was -1. (state.change.logger:66)
[2026-03-04 15:47:58,334] INFO [LogLoader partition=connect-offset-topic-kcbq-connect-cluster-14, dir=/tmp/EmbeddedKafkaCluster11084523262086392090] Loading producer state till offset 0 with message format version 2 (kafka.log.UnifiedLog$:1937)
[2026-03-04 15:47:58,335] INFO Created log for partition connect-offset-topic-kcbq-connect-cluster-14 in /tmp/EmbeddedKafkaCluster11084523262086392090/connect-offset-topic-kcbq-connect-cluster-14 with properties {cleanup.policy=compact} (kafka.log.LogManager:66)
[2026-03-04 15:47:58,335] INFO [Partition connect-offset-topic-kcbq-connect-cluster-14 broker=0] No checkpointed highwatermark is found for partition connect-offset-topic-kcbq-connect-cluster-14 (kafka.cluster.Partition:66)
[2026-03-04 15:47:58,335] INFO [Partition connect-offset-topic-kcbq-connect-cluster-14 broker=0] Log loaded for partition connect-offset-topic-kcbq-connect-cluster-14 with initial high watermark 0 (kafka.cluster.Partition:66)
[2026-03-04 15:47:58,335] INFO [Broker id=0] Leader connect-offset-topic-kcbq-connect-cluster-14 with topic id Some(C9E8RBxWRsKqQtaJ-q1I3w) starts at leader epoch 0 from offset 0 with partition epoch 0, high watermark 0, ISR [0], adding replicas [] and removing replicas [] . Previous leader None and previous leader epoch was -1. (state.change.logger:66)
[2026-03-04 15:47:58,336] INFO [LogLoader partition=connect-offset-topic-kcbq-connect-cluster-11, dir=/tmp/EmbeddedKafkaCluster11084523262086392090] Loading producer state till offset 0 with message format version 2 (kafka.log.UnifiedLog$:1937)
[2026-03-04 15:47:58,336] INFO Created log for partition connect-offset-topic-kcbq-connect-cluster-11 in /tmp/EmbeddedKafkaCluster11084523262086392090/connect-offset-topic-kcbq-connect-cluster-11 with properties {cleanup.policy=compact} (kafka.log.LogManager:66)
[2026-03-04 15:47:58,336] INFO [Partition connect-offset-topic-kcbq-connect-cluster-11 broker=0] No checkpointed highwatermark is found for partition connect-offset-topic-kcbq-connect-cluster-11 (kafka.cluster.Partition:66)
[2026-03-04 15:47:58,336] INFO [Partition connect-offset-topic-kcbq-connect-cluster-11 broker=0] Log loaded for partition connect-offset-topic-kcbq-connect-cluster-11 with initial high watermark 0 (kafka.cluster.Partition:66)
[2026-03-04 15:47:58,336] INFO [Broker id=0] Leader connect-offset-topic-kcbq-connect-cluster-11 with topic id Some(C9E8RBxWRsKqQtaJ-q1I3w) starts at leader epoch 0 from offset 0 with partition epoch 0, high watermark 0, ISR [0], adding replicas [] and removing replicas [] . Previous leader None and previous leader epoch was -1. (state.change.logger:66)
[2026-03-04 15:47:58,337] INFO [LogLoader partition=connect-offset-topic-kcbq-connect-cluster-8, dir=/tmp/EmbeddedKafkaCluster11084523262086392090] Loading producer state till offset 0 with message format version 2 (kafka.log.UnifiedLog$:1937)
[2026-03-04 15:47:58,337] INFO Created log for partition connect-offset-topic-kcbq-connect-cluster-8 in /tmp/EmbeddedKafkaCluster11084523262086392090/connect-offset-topic-kcbq-connect-cluster-8 with properties {cleanup.policy=compact} (kafka.log.LogManager:66)
[2026-03-04 15:47:58,337] INFO [Partition connect-offset-topic-kcbq-connect-cluster-8 broker=0] No checkpointed highwatermark is found for partition connect-offset-topic-kcbq-connect-cluster-8 (kafka.cluster.Partition:66)
[2026-03-04 15:47:58,337] INFO [Partition connect-offset-topic-kcbq-connect-cluster-8 broker=0] Log loaded for partition connect-offset-topic-kcbq-connect-cluster-8 with initial high watermark 0 (kafka.cluster.Partition:66)
[2026-03-04 15:47:58,337] INFO [Broker id=0] Leader connect-offset-topic-kcbq-connect-cluster-8 with topic id Some(C9E8RBxWRsKqQtaJ-q1I3w) starts at leader epoch 0 from offset 0 with partition epoch 0, high watermark 0, ISR [0], adding replicas [] and removing replicas [] . Previous leader None and previous leader epoch was -1. (state.change.logger:66)
[2026-03-04 15:47:58,338] INFO [LogLoader partition=connect-offset-topic-kcbq-connect-cluster-5, dir=/tmp/EmbeddedKafkaCluster11084523262086392090] Loading producer state till offset 0 with message format version 2 (kafka.log.UnifiedLog$:1937)
[2026-03-04 15:47:58,338] INFO Created log for partition connect-offset-topic-kcbq-connect-cluster-5 in /tmp/EmbeddedKafkaCluster11084523262086392090/connect-offset-topic-kcbq-connect-cluster-5 with properties {cleanup.policy=compact} (kafka.log.LogManager:66)
[2026-03-04 15:47:58,338] INFO [Partition connect-offset-topic-kcbq-connect-cluster-5 broker=0] No checkpointed highwatermark is found for partition connect-offset-topic-kcbq-connect-cluster-5 (kafka.cluster.Partition:66)
[2026-03-04 15:47:58,338] INFO [Partition connect-offset-topic-kcbq-connect-cluster-5 broker=0] Log loaded for partition connect-offset-topic-kcbq-connect-cluster-5 with initial high watermark 0 (kafka.cluster.Partition:66)
[2026-03-04 15:47:58,338] INFO [Broker id=0] Leader connect-offset-topic-kcbq-connect-cluster-5 with topic id Some(C9E8RBxWRsKqQtaJ-q1I3w) starts at leader epoch 0 from offset 0 with partition epoch 0, high watermark 0, ISR [0], adding replicas [] and removing replicas [] . Previous leader None and previous leader epoch was -1. (state.change.logger:66)
[2026-03-04 15:47:58,339] INFO [LogLoader partition=connect-offset-topic-kcbq-connect-cluster-24, dir=/tmp/EmbeddedKafkaCluster11084523262086392090] Loading producer state till offset 0 with message format version 2 (kafka.log.UnifiedLog$:1937)
[2026-03-04 15:47:58,339] INFO Created log for partition connect-offset-topic-kcbq-connect-cluster-24 in /tmp/EmbeddedKafkaCluster11084523262086392090/connect-offset-topic-kcbq-connect-cluster-24 with properties {cleanup.policy=compact} (kafka.log.LogManager:66)
[2026-03-04 15:47:58,339] INFO [Partition connect-offset-topic-kcbq-connect-cluster-24 broker=0] No checkpointed highwatermark is found for partition connect-offset-topic-kcbq-connect-cluster-24 (kafka.cluster.Partition:66)
[2026-03-04 15:47:58,339] INFO [Partition connect-offset-topic-kcbq-connect-cluster-24 broker=0] Log loaded for partition connect-offset-topic-kcbq-connect-cluster-24 with initial high watermark 0 (kafka.cluster.Partition:66)
[2026-03-04 15:47:58,339] INFO [Broker id=0] Leader connect-offset-topic-kcbq-connect-cluster-24 with topic id Some(C9E8RBxWRsKqQtaJ-q1I3w) starts at leader epoch 0 from offset 0 with partition epoch 0, high watermark 0, ISR [0], adding replicas [] and removing replicas [] . Previous leader None and previous leader epoch was -1. (state.change.logger:66)
[2026-03-04 15:47:58,340] INFO [LogLoader partition=connect-offset-topic-kcbq-connect-cluster-2, dir=/tmp/EmbeddedKafkaCluster11084523262086392090] Loading producer state till offset 0 with message format version 2 (kafka.log.UnifiedLog$:1937)
[2026-03-04 15:47:58,340] INFO Created log for partition connect-offset-topic-kcbq-connect-cluster-2 in /tmp/EmbeddedKafkaCluster11084523262086392090/connect-offset-topic-kcbq-connect-cluster-2 with properties {cleanup.policy=compact} (kafka.log.LogManager:66)
[2026-03-04 15:47:58,340] INFO [Partition connect-offset-topic-kcbq-connect-cluster-2 broker=0] No checkpointed highwatermark is found for partition connect-offset-topic-kcbq-connect-cluster-2 (kafka.cluster.Partition:66)
[2026-03-04 15:47:58,340] INFO [Partition connect-offset-topic-kcbq-connect-cluster-2 broker=0] Log loaded for partition connect-offset-topic-kcbq-connect-cluster-2 with initial high watermark 0 (kafka.cluster.Partition:66)
[2026-03-04 15:47:58,340] INFO [Broker id=0] Leader connect-offset-topic-kcbq-connect-cluster-2 with topic id Some(C9E8RBxWRsKqQtaJ-q1I3w) starts at leader epoch 0 from offset 0 with partition epoch 0, high watermark 0, ISR [0], adding replicas [] and removing replicas [] . Previous leader None and previous leader epoch was -1. (state.change.logger:66)
[2026-03-04 15:47:58,341] INFO [LogLoader partition=connect-offset-topic-kcbq-connect-cluster-12, dir=/tmp/EmbeddedKafkaCluster11084523262086392090] Loading producer state till offset 0 with message format version 2 (kafka.log.UnifiedLog$:1937)
[2026-03-04 15:47:58,341] INFO Created log for partition connect-offset-topic-kcbq-connect-cluster-12 in /tmp/EmbeddedKafkaCluster11084523262086392090/connect-offset-topic-kcbq-connect-cluster-12 with properties {cleanup.policy=compact} (kafka.log.LogManager:66)
[2026-03-04 15:47:58,341] INFO [Partition connect-offset-topic-kcbq-connect-cluster-12 broker=0] No checkpointed highwatermark is found for partition connect-offset-topic-kcbq-connect-cluster-12 (kafka.cluster.Partition:66)
[2026-03-04 15:47:58,341] INFO [Partition connect-offset-topic-kcbq-connect-cluster-12 broker=0] Log loaded for partition connect-offset-topic-kcbq-connect-cluster-12 with initial high watermark 0 (kafka.cluster.Partition:66)
[2026-03-04 15:47:58,341] INFO [Broker id=0] Leader connect-offset-topic-kcbq-connect-cluster-12 with topic id Some(C9E8RBxWRsKqQtaJ-q1I3w) starts at leader epoch 0 from offset 0 with partition epoch 0, high watermark 0, ISR [0], adding replicas [] and removing replicas [] . Previous leader None and previous leader epoch was -1. (state.change.logger:66)
[2026-03-04 15:47:58,342] INFO [LogLoader partition=connect-offset-topic-kcbq-connect-cluster-21, dir=/tmp/EmbeddedKafkaCluster11084523262086392090] Loading producer state till offset 0 with message format version 2 (kafka.log.UnifiedLog$:1937)
[2026-03-04 15:47:58,342] INFO Created log for partition connect-offset-topic-kcbq-connect-cluster-21 in /tmp/EmbeddedKafkaCluster11084523262086392090/connect-offset-topic-kcbq-connect-cluster-21 with properties {cleanup.policy=compact} (kafka.log.LogManager:66)
[2026-03-04 15:47:58,342] INFO [Partition connect-offset-topic-kcbq-connect-cluster-21 broker=0] No checkpointed highwatermark is found for partition connect-offset-topic-kcbq-connect-cluster-21 (kafka.cluster.Partition:66)
[2026-03-04 15:47:58,342] INFO [Partition connect-offset-topic-kcbq-connect-cluster-21 broker=0] Log loaded for partition connect-offset-topic-kcbq-connect-cluster-21 with initial high watermark 0 (kafka.cluster.Partition:66)
[2026-03-04 15:47:58,342] INFO [Broker id=0] Leader connect-offset-topic-kcbq-connect-cluster-21 with topic id Some(C9E8RBxWRsKqQtaJ-q1I3w) starts at leader epoch 0 from offset 0 with partition epoch 0, high watermark 0, ISR [0], adding replicas [] and removing replicas [] . Previous leader None and previous leader epoch was -1. (state.change.logger:66)
[2026-03-04 15:47:58,343] INFO [LogLoader partition=connect-offset-topic-kcbq-connect-cluster-18, dir=/tmp/EmbeddedKafkaCluster11084523262086392090] Loading producer state till offset 0 with message format version 2 (kafka.log.UnifiedLog$:1937)
[2026-03-04 15:47:58,343] INFO Created log for partition connect-offset-topic-kcbq-connect-cluster-18 in /tmp/EmbeddedKafkaCluster11084523262086392090/connect-offset-topic-kcbq-connect-cluster-18 with properties {cleanup.policy=compact} (kafka.log.LogManager:66)
[2026-03-04 15:47:58,343] INFO [Partition connect-offset-topic-kcbq-connect-cluster-18 broker=0] No checkpointed highwatermark is found for partition connect-offset-topic-kcbq-connect-cluster-18 (kafka.cluster.Partition:66)
[2026-03-04 15:47:58,343] INFO [Partition connect-offset-topic-kcbq-connect-cluster-18 broker=0] Log loaded for partition connect-offset-topic-kcbq-connect-cluster-18 with initial high watermark 0 (kafka.cluster.Partition:66)
[2026-03-04 15:47:58,343] INFO [Broker id=0] Leader connect-offset-topic-kcbq-connect-cluster-18 with topic id Some(C9E8RBxWRsKqQtaJ-q1I3w) starts at leader epoch 0 from offset 0 with partition epoch 0, high watermark 0, ISR [0], adding replicas [] and removing replicas [] . Previous leader None and previous leader epoch was -1. (state.change.logger:66)
[2026-03-04 15:47:58,344] INFO [LogLoader partition=connect-offset-topic-kcbq-connect-cluster-9, dir=/tmp/EmbeddedKafkaCluster11084523262086392090] Loading producer state till offset 0 with message format version 2 (kafka.log.UnifiedLog$:1937)
[2026-03-04 15:47:58,344] INFO Created log for partition connect-offset-topic-kcbq-connect-cluster-9 in /tmp/EmbeddedKafkaCluster11084523262086392090/connect-offset-topic-kcbq-connect-cluster-9 with properties {cleanup.policy=compact} (kafka.log.LogManager:66)
[2026-03-04 15:47:58,344] INFO [Partition connect-offset-topic-kcbq-connect-cluster-9 broker=0] No checkpointed highwatermark is found for partition connect-offset-topic-kcbq-connect-cluster-9 (kafka.cluster.Partition:66)
[2026-03-04 15:47:58,344] INFO [Partition connect-offset-topic-kcbq-connect-cluster-9 broker=0] Log loaded for partition connect-offset-topic-kcbq-connect-cluster-9 with initial high watermark 0 (kafka.cluster.Partition:66)
[2026-03-04 15:47:58,344] INFO [Broker id=0] Leader connect-offset-topic-kcbq-connect-cluster-9 with topic id Some(C9E8RBxWRsKqQtaJ-q1I3w) starts at leader epoch 0 from offset 0 with partition epoch 0, high watermark 0, ISR [0], adding replicas [] and removing replicas [] . Previous leader None and previous leader epoch was -1. (state.change.logger:66)
[2026-03-04 15:47:58,345] INFO [LogLoader partition=connect-offset-topic-kcbq-connect-cluster-6, dir=/tmp/EmbeddedKafkaCluster11084523262086392090] Loading producer state till offset 0 with message format version 2 (kafka.log.UnifiedLog$:1937)
[2026-03-04 15:47:58,345] INFO Created log for partition connect-offset-topic-kcbq-connect-cluster-6 in /tmp/EmbeddedKafkaCluster11084523262086392090/connect-offset-topic-kcbq-connect-cluster-6 with properties {cleanup.policy=compact} (kafka.log.LogManager:66)
[2026-03-04 15:47:58,345] INFO [Partition connect-offset-topic-kcbq-connect-cluster-6 broker=0] No checkpointed highwatermark is found for partition connect-offset-topic-kcbq-connect-cluster-6 (kafka.cluster.Partition:66)
[2026-03-04 15:47:58,345] INFO [Partition connect-offset-topic-kcbq-connect-cluster-6 broker=0] Log loaded for partition connect-offset-topic-kcbq-connect-cluster-6 with initial high watermark 0 (kafka.cluster.Partition:66)
[2026-03-04 15:47:58,345] INFO [Broker id=0] Leader connect-offset-topic-kcbq-connect-cluster-6 with topic id Some(C9E8RBxWRsKqQtaJ-q1I3w) starts at leader epoch 0 from offset 0 with partition epoch 0, high watermark 0, ISR [0], adding replicas [] and removing replicas [] . Previous leader None and previous leader epoch was -1. (state.change.logger:66)
[2026-03-04 15:47:58,346] INFO [LogLoader partition=connect-offset-topic-kcbq-connect-cluster-15, dir=/tmp/EmbeddedKafkaCluster11084523262086392090] Loading producer state till offset 0 with message format version 2 (kafka.log.UnifiedLog$:1937)
[2026-03-04 15:47:58,346] INFO Created log for partition connect-offset-topic-kcbq-connect-cluster-15 in /tmp/EmbeddedKafkaCluster11084523262086392090/connect-offset-topic-kcbq-connect-cluster-15 with properties {cleanup.policy=compact} (kafka.log.LogManager:66)
[2026-03-04 15:47:58,346] INFO [Partition connect-offset-topic-kcbq-connect-cluster-15 broker=0] No checkpointed highwatermark is found for partition connect-offset-topic-kcbq-connect-cluster-15 (kafka.cluster.Partition:66)
[2026-03-04 15:47:58,346] INFO [Partition connect-offset-topic-kcbq-connect-cluster-15 broker=0] Log loaded for partition connect-offset-topic-kcbq-connect-cluster-15 with initial high watermark 0 (kafka.cluster.Partition:66)
[2026-03-04 15:47:58,346] INFO [Broker id=0] Leader connect-offset-topic-kcbq-connect-cluster-15 with topic id Some(C9E8RBxWRsKqQtaJ-q1I3w) starts at leader epoch 0 from offset 0 with partition epoch 0, high watermark 0, ISR [0], adding replicas [] and removing replicas [] . Previous leader None and previous leader epoch was -1. (state.change.logger:66)
[2026-03-04 15:47:58,348] INFO [LogLoader partition=connect-offset-topic-kcbq-connect-cluster-22, dir=/tmp/EmbeddedKafkaCluster11084523262086392090] Loading producer state till offset 0 with message format version 2 (kafka.log.UnifiedLog$:1937)
[2026-03-04 15:47:58,348] INFO Created log for partition connect-offset-topic-kcbq-connect-cluster-22 in /tmp/EmbeddedKafkaCluster11084523262086392090/connect-offset-topic-kcbq-connect-cluster-22 with properties {cleanup.policy=compact} (kafka.log.LogManager:66)
[2026-03-04 15:47:58,348] INFO [Partition connect-offset-topic-kcbq-connect-cluster-22 broker=0] No checkpointed highwatermark is found for partition connect-offset-topic-kcbq-connect-cluster-22 (kafka.cluster.Partition:66)
[2026-03-04 15:47:58,348] INFO [Partition connect-offset-topic-kcbq-connect-cluster-22 broker=0] Log loaded for partition connect-offset-topic-kcbq-connect-cluster-22 with initial high watermark 0 (kafka.cluster.Partition:66)
[2026-03-04 15:47:58,348] INFO [Broker id=0] Leader connect-offset-topic-kcbq-connect-cluster-22 with topic id Some(C9E8RBxWRsKqQtaJ-q1I3w) starts at leader epoch 0 from offset 0 with partition epoch 0, high watermark 0, ISR [0], adding replicas [] and removing replicas [] . Previous leader None and previous leader epoch was -1. (state.change.logger:66)
[2026-03-04 15:47:58,349] INFO [LogLoader partition=connect-offset-topic-kcbq-connect-cluster-3, dir=/tmp/EmbeddedKafkaCluster11084523262086392090] Loading producer state till offset 0 with message format version 2 (kafka.log.UnifiedLog$:1937)
[2026-03-04 15:47:58,349] INFO Created log for partition connect-offset-topic-kcbq-connect-cluster-3 in /tmp/EmbeddedKafkaCluster11084523262086392090/connect-offset-topic-kcbq-connect-cluster-3 with properties {cleanup.policy=compact} (kafka.log.LogManager:66)
[2026-03-04 15:47:58,349] INFO [Partition connect-offset-topic-kcbq-connect-cluster-3 broker=0] No checkpointed highwatermark is found for partition connect-offset-topic-kcbq-connect-cluster-3 (kafka.cluster.Partition:66)
[2026-03-04 15:47:58,349] INFO [Partition connect-offset-topic-kcbq-connect-cluster-3 broker=0] Log loaded for partition connect-offset-topic-kcbq-connect-cluster-3 with initial high watermark 0 (kafka.cluster.Partition:66)
[2026-03-04 15:47:58,350] INFO [Broker id=0] Leader connect-offset-topic-kcbq-connect-cluster-3 with topic id Some(C9E8RBxWRsKqQtaJ-q1I3w) starts at leader epoch 0 from offset 0 with partition epoch 0, high watermark 0, ISR [0], adding replicas [] and removing replicas [] . Previous leader None and previous leader epoch was -1. (state.change.logger:66)
[2026-03-04 15:47:58,351] INFO [LogLoader partition=connect-offset-topic-kcbq-connect-cluster-0, dir=/tmp/EmbeddedKafkaCluster11084523262086392090] Loading producer state till offset 0 with message format version 2 (kafka.log.UnifiedLog$:1937)
[2026-03-04 15:47:58,351] INFO Created log for partition connect-offset-topic-kcbq-connect-cluster-0 in /tmp/EmbeddedKafkaCluster11084523262086392090/connect-offset-topic-kcbq-connect-cluster-0 with properties {cleanup.policy=compact} (kafka.log.LogManager:66)
[2026-03-04 15:47:58,351] INFO [Partition connect-offset-topic-kcbq-connect-cluster-0 broker=0] No checkpointed highwatermark is found for partition connect-offset-topic-kcbq-connect-cluster-0 (kafka.cluster.Partition:66)
[2026-03-04 15:47:58,351] INFO [Partition connect-offset-topic-kcbq-connect-cluster-0 broker=0] Log loaded for partition connect-offset-topic-kcbq-connect-cluster-0 with initial high watermark 0 (kafka.cluster.Partition:66)
[2026-03-04 15:47:58,351] INFO [Broker id=0] Leader connect-offset-topic-kcbq-connect-cluster-0 with topic id Some(C9E8RBxWRsKqQtaJ-q1I3w) starts at leader epoch 0 from offset 0 with partition epoch 0, high watermark 0, ISR [0], adding replicas [] and removing replicas [] . Previous leader None and previous leader epoch was -1. (state.change.logger:66)
[2026-03-04 15:47:58,352] INFO [LogLoader partition=connect-offset-topic-kcbq-connect-cluster-19, dir=/tmp/EmbeddedKafkaCluster11084523262086392090] Loading producer state till offset 0 with message format version 2 (kafka.log.UnifiedLog$:1937)
[2026-03-04 15:47:58,352] INFO Created log for partition connect-offset-topic-kcbq-connect-cluster-19 in /tmp/EmbeddedKafkaCluster11084523262086392090/connect-offset-topic-kcbq-connect-cluster-19 with properties {cleanup.policy=compact} (kafka.log.LogManager:66)
[2026-03-04 15:47:58,352] INFO [Partition connect-offset-topic-kcbq-connect-cluster-19 broker=0] No checkpointed highwatermark is found for partition connect-offset-topic-kcbq-connect-cluster-19 (kafka.cluster.Partition:66)
[2026-03-04 15:47:58,352] INFO [Partition connect-offset-topic-kcbq-connect-cluster-19 broker=0] Log loaded for partition connect-offset-topic-kcbq-connect-cluster-19 with initial high watermark 0 (kafka.cluster.Partition:66)
[2026-03-04 15:47:58,352] INFO [Broker id=0] Leader connect-offset-topic-kcbq-connect-cluster-19 with topic id Some(C9E8RBxWRsKqQtaJ-q1I3w) starts at leader epoch 0 from offset 0 with partition epoch 0, high watermark 0, ISR [0], adding replicas [] and removing replicas [] . Previous leader None and previous leader epoch was -1. (state.change.logger:66)
[2026-03-04 15:47:58,353] INFO [LogLoader partition=connect-offset-topic-kcbq-connect-cluster-16, dir=/tmp/EmbeddedKafkaCluster11084523262086392090] Loading producer state till offset 0 with message format version 2 (kafka.log.UnifiedLog$:1937)
[2026-03-04 15:47:58,353] INFO Created log for partition connect-offset-topic-kcbq-connect-cluster-16 in /tmp/EmbeddedKafkaCluster11084523262086392090/connect-offset-topic-kcbq-connect-cluster-16 with properties {cleanup.policy=compact} (kafka.log.LogManager:66)
[2026-03-04 15:47:58,353] INFO [Partition connect-offset-topic-kcbq-connect-cluster-16 broker=0] No checkpointed highwatermark is found for partition connect-offset-topic-kcbq-connect-cluster-16 (kafka.cluster.Partition:66)
[2026-03-04 15:47:58,353] INFO [Partition connect-offset-topic-kcbq-connect-cluster-16 broker=0] Log loaded for partition connect-offset-topic-kcbq-connect-cluster-16 with initial high watermark 0 (kafka.cluster.Partition:66)
[2026-03-04 15:47:58,353] INFO [Broker id=0] Leader connect-offset-topic-kcbq-connect-cluster-16 with topic id Some(C9E8RBxWRsKqQtaJ-q1I3w) starts at leader epoch 0 from offset 0 with partition epoch 0, high watermark 0, ISR [0], adding replicas [] and removing replicas [] . Previous leader None and previous leader epoch was -1. (state.change.logger:66)
[2026-03-04 15:47:58,354] INFO [LogLoader partition=connect-offset-topic-kcbq-connect-cluster-13, dir=/tmp/EmbeddedKafkaCluster11084523262086392090] Loading producer state till offset 0 with message format version 2 (kafka.log.UnifiedLog$:1937)
[2026-03-04 15:47:58,355] INFO Created log for partition connect-offset-topic-kcbq-connect-cluster-13 in /tmp/EmbeddedKafkaCluster11084523262086392090/connect-offset-topic-kcbq-connect-cluster-13 with properties {cleanup.policy=compact} (kafka.log.LogManager:66)
[2026-03-04 15:47:58,355] INFO [Partition connect-offset-topic-kcbq-connect-cluster-13 broker=0] No checkpointed highwatermark is found for partition connect-offset-topic-kcbq-connect-cluster-13 (kafka.cluster.Partition:66)
[2026-03-04 15:47:58,355] INFO [Partition connect-offset-topic-kcbq-connect-cluster-13 broker=0] Log loaded for partition connect-offset-topic-kcbq-connect-cluster-13 with initial high watermark 0 (kafka.cluster.Partition:66)
[2026-03-04 15:47:58,355] INFO [Broker id=0] Leader connect-offset-topic-kcbq-connect-cluster-13 with topic id Some(C9E8RBxWRsKqQtaJ-q1I3w) starts at leader epoch 0 from offset 0 with partition epoch 0, high watermark 0, ISR [0], adding replicas [] and removing replicas [] . Previous leader None and previous leader epoch was -1. (state.change.logger:66)
[2026-03-04 15:47:58,358] INFO [Broker id=0] Finished LeaderAndIsr request in 73ms correlationId 1 from controller 0 for 25 partitions (state.change.logger:66)
[2026-03-04 15:47:58,360] INFO [Broker id=0] Add 25 partitions and deleted 0 partitions from metadata cache in response to UpdateMetadata request sent by controller 0 epoch 1 with correlation id 2 (state.change.logger:66)
[2026-03-04 15:47:58,362] INFO Created topic (name=connect-offset-topic-kcbq-connect-cluster, numPartitions=25, replicationFactor=1, replicasAssignments=null, configs={cleanup.policy=compact}) on brokers at localhost:35583 (org.apache.kafka.connect.util.TopicAdmin:415)
[2026-03-04 15:47:58,362] INFO ProducerConfig values: 
	acks = -1
	auto.include.jmx.reporter = true
	batch.size = 16384
	bootstrap.servers = [localhost:35583]
	buffer.memory = 33554432
	client.dns.lookup = use_all_dns_ips
	client.id = connect-integration-test-kcbq-connect-cluster-offsets
	compression.gzip.level = -1
	compression.lz4.level = 9
	compression.type = none
	compression.zstd.level = 3
	connections.max.idle.ms = 540000
	delivery.timeout.ms = 2147483647
	enable.idempotence = false
	enable.metrics.push = true
	interceptor.classes = []
	key.serializer = class org.apache.kafka.common.serialization.ByteArraySerializer
	linger.ms = 0
	max.block.ms = 60000
	max.in.flight.requests.per.connection = 1
	max.request.size = 1048576
	metadata.max.age.ms = 300000
	metadata.max.idle.ms = 300000
	metadata.recovery.strategy = none
	metric.reporters = []
	metrics.num.samples = 2
	metrics.recording.level = INFO
	metrics.sample.window.ms = 30000
	partitioner.adaptive.partitioning.enable = true
	partitioner.availability.timeout.ms = 0
	partitioner.class = null
	partitioner.ignore.keys = false
	receive.buffer.bytes = 32768
	reconnect.backoff.max.ms = 1000
	reconnect.backoff.ms = 50
	request.timeout.ms = 30000
	retries = 2147483647
	retry.backoff.max.ms = 1000
	retry.backoff.ms = 100
	sasl.client.callback.handler.class = null
	sasl.jaas.config = null
	sasl.kerberos.kinit.cmd = /usr/bin/kinit
	sasl.kerberos.min.time.before.relogin = 60000
	sasl.kerberos.service.name = null
	sasl.kerberos.ticket.renew.jitter = 0.05
	sasl.kerberos.ticket.renew.window.factor = 0.8
	sasl.login.callback.handler.class = null
	sasl.login.class = null
	sasl.login.connect.timeout.ms = null
	sasl.login.read.timeout.ms = null
	sasl.login.refresh.buffer.seconds = 300
	sasl.login.refresh.min.period.seconds = 60
	sasl.login.refresh.window.factor = 0.8
	sasl.login.refresh.window.jitter = 0.05
	sasl.login.retry.backoff.max.ms = 10000
	sasl.login.retry.backoff.ms = 100
	sasl.mechanism = GSSAPI
	sasl.oauthbearer.clock.skew.seconds = 30
	sasl.oauthbearer.expected.audience = null
	sasl.oauthbearer.expected.issuer = null
	sasl.oauthbearer.jwks.endpoint.refresh.ms = 3600000
	sasl.oauthbearer.jwks.endpoint.retry.backoff.max.ms = 10000
	sasl.oauthbearer.jwks.endpoint.retry.backoff.ms = 100
	sasl.oauthbearer.jwks.endpoint.url = null
	sasl.oauthbearer.scope.claim.name = scope
	sasl.oauthbearer.sub.claim.name = sub
	sasl.oauthbearer.token.endpoint.url = null
	security.protocol = PLAINTEXT
	security.providers = null
	send.buffer.bytes = 131072
	socket.connection.setup.timeout.max.ms = 30000
	socket.connection.setup.timeout.ms = 10000
	ssl.cipher.suites = null
	ssl.enabled.protocols = [TLSv1.2, TLSv1.3]
	ssl.endpoint.identification.algorithm = https
	ssl.engine.factory.class = null
	ssl.key.password = null
	ssl.keymanager.algorithm = SunX509
	ssl.keystore.certificate.chain = null
	ssl.keystore.key = null
	ssl.keystore.location = null
	ssl.keystore.password = null
	ssl.keystore.type = JKS
	ssl.protocol = TLSv1.3
	ssl.provider = null
	ssl.secure.random.implementation = null
	ssl.trustmanager.algorithm = PKIX
	ssl.truststore.certificates = null
	ssl.truststore.location = null
	ssl.truststore.password = null
	ssl.truststore.type = JKS
	transaction.timeout.ms = 60000
	transactional.id = null
	value.serializer = class org.apache.kafka.common.serialization.ByteArraySerializer
 (org.apache.kafka.clients.producer.ProducerConfig:372)
[2026-03-04 15:47:58,362] INFO initializing Kafka metrics collector (org.apache.kafka.common.telemetry.internals.KafkaMetricsCollector:269)
[2026-03-04 15:47:58,364] INFO These configurations '[connector.client.config.override.policy, plugin.discovery, listeners, config.storage.topic, metrics.context.connect.group.id, group.id, status.storage.topic, offset.flush.interval.ms, config.storage.replication.factor, metrics.context.connect.kafka.cluster.id, status.storage.replication.factor, offset.storage.replication.factor, offset.storage.topic, value.converter, key.converter]' were supplied but are not used yet. (org.apache.kafka.clients.producer.ProducerConfig:381)
[2026-03-04 15:47:58,364] INFO Kafka version: 3.8.1 (org.apache.kafka.common.utils.AppInfoParser:124)
[2026-03-04 15:47:58,364] INFO Kafka commitId: 70d6ff42debf7e17 (org.apache.kafka.common.utils.AppInfoParser:125)
[2026-03-04 15:47:58,364] INFO Kafka startTimeMs: 1772619478364 (org.apache.kafka.common.utils.AppInfoParser:126)
[2026-03-04 15:47:58,366] INFO [Producer clientId=connect-integration-test-kcbq-connect-cluster-offsets] Cluster ID: ZLwlwW0oR46i0M1D5wxHTQ (org.apache.kafka.clients.Metadata:364)
[2026-03-04 15:47:58,367] INFO ConsumerConfig values: 
	allow.auto.create.topics = true
	auto.commit.interval.ms = 5000
	auto.include.jmx.reporter = true
	auto.offset.reset = earliest
	bootstrap.servers = [localhost:35583]
	check.crcs = true
	client.dns.lookup = use_all_dns_ips
	client.id = connect-integration-test-kcbq-connect-cluster-offsets
	client.rack = 
	connections.max.idle.ms = 540000
	default.api.timeout.ms = 60000
	enable.auto.commit = false
	enable.metrics.push = true
	exclude.internal.topics = true
	fetch.max.bytes = 52428800
	fetch.max.wait.ms = 500
	fetch.min.bytes = 1
	group.id = connect-integration-test-kcbq-connect-cluster
	group.instance.id = null
	group.protocol = classic
	group.remote.assignor = null
	heartbeat.interval.ms = 3000
	interceptor.classes = []
	internal.leave.group.on.close = true
	internal.throw.on.fetch.stable.offset.unsupported = false
	isolation.level = read_uncommitted
	key.deserializer = class org.apache.kafka.common.serialization.ByteArrayDeserializer
	max.partition.fetch.bytes = 1048576
	max.poll.interval.ms = 300000
	max.poll.records = 500
	metadata.max.age.ms = 300000
	metadata.recovery.strategy = none
	metric.reporters = []
	metrics.num.samples = 2
	metrics.recording.level = INFO
	metrics.sample.window.ms = 30000
	partition.assignment.strategy = [class org.apache.kafka.clients.consumer.RangeAssignor, class org.apache.kafka.clients.consumer.CooperativeStickyAssignor]
	receive.buffer.bytes = 65536
	reconnect.backoff.max.ms = 1000
	reconnect.backoff.ms = 50
	request.timeout.ms = 30000
	retry.backoff.max.ms = 1000
	retry.backoff.ms = 100
	sasl.client.callback.handler.class = null
	sasl.jaas.config = null
	sasl.kerberos.kinit.cmd = /usr/bin/kinit
	sasl.kerberos.min.time.before.relogin = 60000
	sasl.kerberos.service.name = null
	sasl.kerberos.ticket.renew.jitter = 0.05
	sasl.kerberos.ticket.renew.window.factor = 0.8
	sasl.login.callback.handler.class = null
	sasl.login.class = null
	sasl.login.connect.timeout.ms = null
	sasl.login.read.timeout.ms = null
	sasl.login.refresh.buffer.seconds = 300
	sasl.login.refresh.min.period.seconds = 60
	sasl.login.refresh.window.factor = 0.8
	sasl.login.refresh.window.jitter = 0.05
	sasl.login.retry.backoff.max.ms = 10000
	sasl.login.retry.backoff.ms = 100
	sasl.mechanism = GSSAPI
	sasl.oauthbearer.clock.skew.seconds = 30
	sasl.oauthbearer.expected.audience = null
	sasl.oauthbearer.expected.issuer = null
	sasl.oauthbearer.jwks.endpoint.refresh.ms = 3600000
	sasl.oauthbearer.jwks.endpoint.retry.backoff.max.ms = 10000
	sasl.oauthbearer.jwks.endpoint.retry.backoff.ms = 100
	sasl.oauthbearer.jwks.endpoint.url = null
	sasl.oauthbearer.scope.claim.name = scope
	sasl.oauthbearer.sub.claim.name = sub
	sasl.oauthbearer.token.endpoint.url = null
	security.protocol = PLAINTEXT
	security.providers = null
	send.buffer.bytes = 131072
	session.timeout.ms = 45000
	socket.connection.setup.timeout.max.ms = 30000
	socket.connection.setup.timeout.ms = 10000
	ssl.cipher.suites = null
	ssl.enabled.protocols = [TLSv1.2, TLSv1.3]
	ssl.endpoint.identification.algorithm = https
	ssl.engine.factory.class = null
	ssl.key.password = null
	ssl.keymanager.algorithm = SunX509
	ssl.keystore.certificate.chain = null
	ssl.keystore.key = null
	ssl.keystore.location = null
	ssl.keystore.password = null
	ssl.keystore.type = JKS
	ssl.protocol = TLSv1.3
	ssl.provider = null
	ssl.secure.random.implementation = null
	ssl.trustmanager.algorithm = PKIX
	ssl.truststore.certificates = null
	ssl.truststore.location = null
	ssl.truststore.password = null
	ssl.truststore.type = JKS
	value.deserializer = class org.apache.kafka.common.serialization.ByteArrayDeserializer
 (org.apache.kafka.clients.consumer.ConsumerConfig:372)
[2026-03-04 15:47:58,370] INFO initializing Kafka metrics collector (org.apache.kafka.common.telemetry.internals.KafkaMetricsCollector:269)
[2026-03-04 15:47:58,378] INFO These configurations '[connector.client.config.override.policy, plugin.discovery, listeners, config.storage.topic, metrics.context.connect.group.id, status.storage.topic, offset.flush.interval.ms, config.storage.replication.factor, metrics.context.connect.kafka.cluster.id, status.storage.replication.factor, offset.storage.replication.factor, offset.storage.topic, value.converter, key.converter]' were supplied but are not used yet. (org.apache.kafka.clients.consumer.ConsumerConfig:381)
[2026-03-04 15:47:58,378] INFO Kafka version: 3.8.1 (org.apache.kafka.common.utils.AppInfoParser:124)
[2026-03-04 15:47:58,378] INFO Kafka commitId: 70d6ff42debf7e17 (org.apache.kafka.common.utils.AppInfoParser:125)
[2026-03-04 15:47:58,378] INFO Kafka startTimeMs: 1772619478378 (org.apache.kafka.common.utils.AppInfoParser:126)
[2026-03-04 15:47:58,381] INFO [Consumer clientId=connect-integration-test-kcbq-connect-cluster-offsets, groupId=connect-integration-test-kcbq-connect-cluster] Cluster ID: ZLwlwW0oR46i0M1D5wxHTQ (org.apache.kafka.clients.Metadata:364)
[2026-03-04 15:47:58,384] INFO [Consumer clientId=connect-integration-test-kcbq-connect-cluster-offsets, groupId=connect-integration-test-kcbq-connect-cluster] Assigned to partition(s): connect-offset-topic-kcbq-connect-cluster-0, connect-offset-topic-kcbq-connect-cluster-5, connect-offset-topic-kcbq-connect-cluster-10, connect-offset-topic-kcbq-connect-cluster-20, connect-offset-topic-kcbq-connect-cluster-15, connect-offset-topic-kcbq-connect-cluster-9, connect-offset-topic-kcbq-connect-cluster-11, connect-offset-topic-kcbq-connect-cluster-4, connect-offset-topic-kcbq-connect-cluster-16, connect-offset-topic-kcbq-connect-cluster-17, connect-offset-topic-kcbq-connect-cluster-3, connect-offset-topic-kcbq-connect-cluster-24, connect-offset-topic-kcbq-connect-cluster-23, connect-offset-topic-kcbq-connect-cluster-13, connect-offset-topic-kcbq-connect-cluster-18, connect-offset-topic-kcbq-connect-cluster-22, connect-offset-topic-kcbq-connect-cluster-8, connect-offset-topic-kcbq-connect-cluster-2, connect-offset-topic-kcbq-connect-cluster-12, connect-offset-topic-kcbq-connect-cluster-19, connect-offset-topic-kcbq-connect-cluster-14, connect-offset-topic-kcbq-connect-cluster-1, connect-offset-topic-kcbq-connect-cluster-6, connect-offset-topic-kcbq-connect-cluster-7, connect-offset-topic-kcbq-connect-cluster-21 (org.apache.kafka.clients.consumer.internals.LegacyKafkaConsumer:574)
[2026-03-04 15:47:58,385] INFO [Consumer clientId=connect-integration-test-kcbq-connect-cluster-offsets, groupId=connect-integration-test-kcbq-connect-cluster] Seeking to earliest offset of partition connect-offset-topic-kcbq-connect-cluster-0 (org.apache.kafka.clients.consumer.internals.SubscriptionState:704)
[2026-03-04 15:47:58,385] INFO [Consumer clientId=connect-integration-test-kcbq-connect-cluster-offsets, groupId=connect-integration-test-kcbq-connect-cluster] Seeking to earliest offset of partition connect-offset-topic-kcbq-connect-cluster-5 (org.apache.kafka.clients.consumer.internals.SubscriptionState:704)
[2026-03-04 15:47:58,385] INFO [Consumer clientId=connect-integration-test-kcbq-connect-cluster-offsets, groupId=connect-integration-test-kcbq-connect-cluster] Seeking to earliest offset of partition connect-offset-topic-kcbq-connect-cluster-10 (org.apache.kafka.clients.consumer.internals.SubscriptionState:704)
[2026-03-04 15:47:58,385] INFO [Consumer clientId=connect-integration-test-kcbq-connect-cluster-offsets, groupId=connect-integration-test-kcbq-connect-cluster] Seeking to earliest offset of partition connect-offset-topic-kcbq-connect-cluster-20 (org.apache.kafka.clients.consumer.internals.SubscriptionState:704)
[2026-03-04 15:47:58,385] INFO [Consumer clientId=connect-integration-test-kcbq-connect-cluster-offsets, groupId=connect-integration-test-kcbq-connect-cluster] Seeking to earliest offset of partition connect-offset-topic-kcbq-connect-cluster-15 (org.apache.kafka.clients.consumer.internals.SubscriptionState:704)
[2026-03-04 15:47:58,385] INFO [Consumer clientId=connect-integration-test-kcbq-connect-cluster-offsets, groupId=connect-integration-test-kcbq-connect-cluster] Seeking to earliest offset of partition connect-offset-topic-kcbq-connect-cluster-9 (org.apache.kafka.clients.consumer.internals.SubscriptionState:704)
[2026-03-04 15:47:58,385] INFO [Consumer clientId=connect-integration-test-kcbq-connect-cluster-offsets, groupId=connect-integration-test-kcbq-connect-cluster] Seeking to earliest offset of partition connect-offset-topic-kcbq-connect-cluster-11 (org.apache.kafka.clients.consumer.internals.SubscriptionState:704)
[2026-03-04 15:47:58,385] INFO [Consumer clientId=connect-integration-test-kcbq-connect-cluster-offsets, groupId=connect-integration-test-kcbq-connect-cluster] Seeking to earliest offset of partition connect-offset-topic-kcbq-connect-cluster-4 (org.apache.kafka.clients.consumer.internals.SubscriptionState:704)
[2026-03-04 15:47:58,385] INFO [Consumer clientId=connect-integration-test-kcbq-connect-cluster-offsets, groupId=connect-integration-test-kcbq-connect-cluster] Seeking to earliest offset of partition connect-offset-topic-kcbq-connect-cluster-16 (org.apache.kafka.clients.consumer.internals.SubscriptionState:704)
[2026-03-04 15:47:58,385] INFO [Consumer clientId=connect-integration-test-kcbq-connect-cluster-offsets, groupId=connect-integration-test-kcbq-connect-cluster] Seeking to earliest offset of partition connect-offset-topic-kcbq-connect-cluster-17 (org.apache.kafka.clients.consumer.internals.SubscriptionState:704)
[2026-03-04 15:47:58,385] INFO [Consumer clientId=connect-integration-test-kcbq-connect-cluster-offsets, groupId=connect-integration-test-kcbq-connect-cluster] Seeking to earliest offset of partition connect-offset-topic-kcbq-connect-cluster-3 (org.apache.kafka.clients.consumer.internals.SubscriptionState:704)
[2026-03-04 15:47:58,385] INFO [Consumer clientId=connect-integration-test-kcbq-connect-cluster-offsets, groupId=connect-integration-test-kcbq-connect-cluster] Seeking to earliest offset of partition connect-offset-topic-kcbq-connect-cluster-24 (org.apache.kafka.clients.consumer.internals.SubscriptionState:704)
[2026-03-04 15:47:58,385] INFO [Consumer clientId=connect-integration-test-kcbq-connect-cluster-offsets, groupId=connect-integration-test-kcbq-connect-cluster] Seeking to earliest offset of partition connect-offset-topic-kcbq-connect-cluster-23 (org.apache.kafka.clients.consumer.internals.SubscriptionState:704)
[2026-03-04 15:47:58,385] INFO [Consumer clientId=connect-integration-test-kcbq-connect-cluster-offsets, groupId=connect-integration-test-kcbq-connect-cluster] Seeking to earliest offset of partition connect-offset-topic-kcbq-connect-cluster-13 (org.apache.kafka.clients.consumer.internals.SubscriptionState:704)
[2026-03-04 15:47:58,385] INFO [Consumer clientId=connect-integration-test-kcbq-connect-cluster-offsets, groupId=connect-integration-test-kcbq-connect-cluster] Seeking to earliest offset of partition connect-offset-topic-kcbq-connect-cluster-18 (org.apache.kafka.clients.consumer.internals.SubscriptionState:704)
[2026-03-04 15:47:58,385] INFO [Consumer clientId=connect-integration-test-kcbq-connect-cluster-offsets, groupId=connect-integration-test-kcbq-connect-cluster] Seeking to earliest offset of partition connect-offset-topic-kcbq-connect-cluster-22 (org.apache.kafka.clients.consumer.internals.SubscriptionState:704)
[2026-03-04 15:47:58,385] INFO [Consumer clientId=connect-integration-test-kcbq-connect-cluster-offsets, groupId=connect-integration-test-kcbq-connect-cluster] Seeking to earliest offset of partition connect-offset-topic-kcbq-connect-cluster-8 (org.apache.kafka.clients.consumer.internals.SubscriptionState:704)
[2026-03-04 15:47:58,385] INFO [Consumer clientId=connect-integration-test-kcbq-connect-cluster-offsets, groupId=connect-integration-test-kcbq-connect-cluster] Seeking to earliest offset of partition connect-offset-topic-kcbq-connect-cluster-2 (org.apache.kafka.clients.consumer.internals.SubscriptionState:704)
[2026-03-04 15:47:58,385] INFO [Consumer clientId=connect-integration-test-kcbq-connect-cluster-offsets, groupId=connect-integration-test-kcbq-connect-cluster] Seeking to earliest offset of partition connect-offset-topic-kcbq-connect-cluster-12 (org.apache.kafka.clients.consumer.internals.SubscriptionState:704)
[2026-03-04 15:47:58,385] INFO [Consumer clientId=connect-integration-test-kcbq-connect-cluster-offsets, groupId=connect-integration-test-kcbq-connect-cluster] Seeking to earliest offset of partition connect-offset-topic-kcbq-connect-cluster-19 (org.apache.kafka.clients.consumer.internals.SubscriptionState:704)
[2026-03-04 15:47:58,385] INFO [Consumer clientId=connect-integration-test-kcbq-connect-cluster-offsets, groupId=connect-integration-test-kcbq-connect-cluster] Seeking to earliest offset of partition connect-offset-topic-kcbq-connect-cluster-14 (org.apache.kafka.clients.consumer.internals.SubscriptionState:704)
[2026-03-04 15:47:58,385] INFO [Consumer clientId=connect-integration-test-kcbq-connect-cluster-offsets, groupId=connect-integration-test-kcbq-connect-cluster] Seeking to earliest offset of partition connect-offset-topic-kcbq-connect-cluster-1 (org.apache.kafka.clients.consumer.internals.SubscriptionState:704)
[2026-03-04 15:47:58,385] INFO [Consumer clientId=connect-integration-test-kcbq-connect-cluster-offsets, groupId=connect-integration-test-kcbq-connect-cluster] Seeking to earliest offset of partition connect-offset-topic-kcbq-connect-cluster-6 (org.apache.kafka.clients.consumer.internals.SubscriptionState:704)
[2026-03-04 15:47:58,385] INFO [Consumer clientId=connect-integration-test-kcbq-connect-cluster-offsets, groupId=connect-integration-test-kcbq-connect-cluster] Seeking to earliest offset of partition connect-offset-topic-kcbq-connect-cluster-7 (org.apache.kafka.clients.consumer.internals.SubscriptionState:704)
[2026-03-04 15:47:58,385] INFO [Consumer clientId=connect-integration-test-kcbq-connect-cluster-offsets, groupId=connect-integration-test-kcbq-connect-cluster] Seeking to earliest offset of partition connect-offset-topic-kcbq-connect-cluster-21 (org.apache.kafka.clients.consumer.internals.SubscriptionState:704)
[2026-03-04 15:47:58,398] INFO [Consumer clientId=connect-integration-test-kcbq-connect-cluster-offsets, groupId=connect-integration-test-kcbq-connect-cluster] Resetting offset for partition connect-offset-topic-kcbq-connect-cluster-5 to position FetchPosition{offset=0, offsetEpoch=Optional.empty, currentLeader=LeaderAndEpoch{leader=Optional[localhost:35583 (id: 0 rack: null)], epoch=0}}. (org.apache.kafka.clients.consumer.internals.SubscriptionState:398)
[2026-03-04 15:47:58,398] INFO [Consumer clientId=connect-integration-test-kcbq-connect-cluster-offsets, groupId=connect-integration-test-kcbq-connect-cluster] Resetting offset for partition connect-offset-topic-kcbq-connect-cluster-7 to position FetchPosition{offset=0, offsetEpoch=Optional.empty, currentLeader=LeaderAndEpoch{leader=Optional[localhost:35583 (id: 0 rack: null)], epoch=0}}. (org.apache.kafka.clients.consumer.internals.SubscriptionState:398)
[2026-03-04 15:47:58,398] INFO [Consumer clientId=connect-integration-test-kcbq-connect-cluster-offsets, groupId=connect-integration-test-kcbq-connect-cluster] Resetting offset for partition connect-offset-topic-kcbq-connect-cluster-1 to position FetchPosition{offset=0, offsetEpoch=Optional.empty, currentLeader=LeaderAndEpoch{leader=Optional[localhost:35583 (id: 0 rack: null)], epoch=0}}. (org.apache.kafka.clients.consumer.internals.SubscriptionState:398)
[2026-03-04 15:47:58,398] INFO [Consumer clientId=connect-integration-test-kcbq-connect-cluster-offsets, groupId=connect-integration-test-kcbq-connect-cluster] Resetting offset for partition connect-offset-topic-kcbq-connect-cluster-3 to position FetchPosition{offset=0, offsetEpoch=Optional.empty, currentLeader=LeaderAndEpoch{leader=Optional[localhost:35583 (id: 0 rack: null)], epoch=0}}. (org.apache.kafka.clients.consumer.internals.SubscriptionState:398)
[2026-03-04 15:47:58,398] INFO [Consumer clientId=connect-integration-test-kcbq-connect-cluster-offsets, groupId=connect-integration-test-kcbq-connect-cluster] Resetting offset for partition connect-offset-topic-kcbq-connect-cluster-24 to position FetchPosition{offset=0, offsetEpoch=Optional.empty, currentLeader=LeaderAndEpoch{leader=Optional[localhost:35583 (id: 0 rack: null)], epoch=0}}. (org.apache.kafka.clients.consumer.internals.SubscriptionState:398)
[2026-03-04 15:47:58,398] INFO [Consumer clientId=connect-integration-test-kcbq-connect-cluster-offsets, groupId=connect-integration-test-kcbq-connect-cluster] Resetting offset for partition connect-offset-topic-kcbq-connect-cluster-20 to position FetchPosition{offset=0, offsetEpoch=Optional.empty, currentLeader=LeaderAndEpoch{leader=Optional[localhost:35583 (id: 0 rack: null)], epoch=0}}. (org.apache.kafka.clients.consumer.internals.SubscriptionState:398)
[2026-03-04 15:47:58,398] INFO [Consumer clientId=connect-integration-test-kcbq-connect-cluster-offsets, groupId=connect-integration-test-kcbq-connect-cluster] Resetting offset for partition connect-offset-topic-kcbq-connect-cluster-22 to position FetchPosition{offset=0, offsetEpoch=Optional.empty, currentLeader=LeaderAndEpoch{leader=Optional[localhost:35583 (id: 0 rack: null)], epoch=0}}. (org.apache.kafka.clients.consumer.internals.SubscriptionState:398)
[2026-03-04 15:47:58,398] INFO [Consumer clientId=connect-integration-test-kcbq-connect-cluster-offsets, groupId=connect-integration-test-kcbq-connect-cluster] Resetting offset for partition connect-offset-topic-kcbq-connect-cluster-16 to position FetchPosition{offset=0, offsetEpoch=Optional.empty, currentLeader=LeaderAndEpoch{leader=Optional[localhost:35583 (id: 0 rack: null)], epoch=0}}. (org.apache.kafka.clients.consumer.internals.SubscriptionState:398)
[2026-03-04 15:47:58,398] INFO [Consumer clientId=connect-integration-test-kcbq-connect-cluster-offsets, groupId=connect-integration-test-kcbq-connect-cluster] Resetting offset for partition connect-offset-topic-kcbq-connect-cluster-18 to position FetchPosition{offset=0, offsetEpoch=Optional.empty, currentLeader=LeaderAndEpoch{leader=Optional[localhost:35583 (id: 0 rack: null)], epoch=0}}. (org.apache.kafka.clients.consumer.internals.SubscriptionState:398)
[2026-03-04 15:47:58,398] INFO [Consumer clientId=connect-integration-test-kcbq-connect-cluster-offsets, groupId=connect-integration-test-kcbq-connect-cluster] Resetting offset for partition connect-offset-topic-kcbq-connect-cluster-12 to position FetchPosition{offset=0, offsetEpoch=Optional.empty, currentLeader=LeaderAndEpoch{leader=Optional[localhost:35583 (id: 0 rack: null)], epoch=0}}. (org.apache.kafka.clients.consumer.internals.SubscriptionState:398)
[2026-03-04 15:47:58,398] INFO [Consumer clientId=connect-integration-test-kcbq-connect-cluster-offsets, groupId=connect-integration-test-kcbq-connect-cluster] Resetting offset for partition connect-offset-topic-kcbq-connect-cluster-14 to position FetchPosition{offset=0, offsetEpoch=Optional.empty, currentLeader=LeaderAndEpoch{leader=Optional[localhost:35583 (id: 0 rack: null)], epoch=0}}. (org.apache.kafka.clients.consumer.internals.SubscriptionState:398)
[2026-03-04 15:47:58,398] INFO [Consumer clientId=connect-integration-test-kcbq-connect-cluster-offsets, groupId=connect-integration-test-kcbq-connect-cluster] Resetting offset for partition connect-offset-topic-kcbq-connect-cluster-8 to position FetchPosition{offset=0, offsetEpoch=Optional.empty, currentLeader=LeaderAndEpoch{leader=Optional[localhost:35583 (id: 0 rack: null)], epoch=0}}. (org.apache.kafka.clients.consumer.internals.SubscriptionState:398)
[2026-03-04 15:47:58,398] INFO [Consumer clientId=connect-integration-test-kcbq-connect-cluster-offsets, groupId=connect-integration-test-kcbq-connect-cluster] Resetting offset for partition connect-offset-topic-kcbq-connect-cluster-10 to position FetchPosition{offset=0, offsetEpoch=Optional.empty, currentLeader=LeaderAndEpoch{leader=Optional[localhost:35583 (id: 0 rack: null)], epoch=0}}. (org.apache.kafka.clients.consumer.internals.SubscriptionState:398)
[2026-03-04 15:47:58,398] INFO [Consumer clientId=connect-integration-test-kcbq-connect-cluster-offsets, groupId=connect-integration-test-kcbq-connect-cluster] Resetting offset for partition connect-offset-topic-kcbq-connect-cluster-4 to position FetchPosition{offset=0, offsetEpoch=Optional.empty, currentLeader=LeaderAndEpoch{leader=Optional[localhost:35583 (id: 0 rack: null)], epoch=0}}. (org.apache.kafka.clients.consumer.internals.SubscriptionState:398)
[2026-03-04 15:47:58,398] INFO [Consumer clientId=connect-integration-test-kcbq-connect-cluster-offsets, groupId=connect-integration-test-kcbq-connect-cluster] Resetting offset for partition connect-offset-topic-kcbq-connect-cluster-6 to position FetchPosition{offset=0, offsetEpoch=Optional.empty, currentLeader=LeaderAndEpoch{leader=Optional[localhost:35583 (id: 0 rack: null)], epoch=0}}. (org.apache.kafka.clients.consumer.internals.SubscriptionState:398)
[2026-03-04 15:47:58,398] INFO [Consumer clientId=connect-integration-test-kcbq-connect-cluster-offsets, groupId=connect-integration-test-kcbq-connect-cluster] Resetting offset for partition connect-offset-topic-kcbq-connect-cluster-0 to position FetchPosition{offset=0, offsetEpoch=Optional.empty, currentLeader=LeaderAndEpoch{leader=Optional[localhost:35583 (id: 0 rack: null)], epoch=0}}. (org.apache.kafka.clients.consumer.internals.SubscriptionState:398)
[2026-03-04 15:47:58,398] INFO [Consumer clientId=connect-integration-test-kcbq-connect-cluster-offsets, groupId=connect-integration-test-kcbq-connect-cluster] Resetting offset for partition connect-offset-topic-kcbq-connect-cluster-2 to position FetchPosition{offset=0, offsetEpoch=Optional.empty, currentLeader=LeaderAndEpoch{leader=Optional[localhost:35583 (id: 0 rack: null)], epoch=0}}. (org.apache.kafka.clients.consumer.internals.SubscriptionState:398)
[2026-03-04 15:47:58,398] INFO [Consumer clientId=connect-integration-test-kcbq-connect-cluster-offsets, groupId=connect-integration-test-kcbq-connect-cluster] Resetting offset for partition connect-offset-topic-kcbq-connect-cluster-21 to position FetchPosition{offset=0, offsetEpoch=Optional.empty, currentLeader=LeaderAndEpoch{leader=Optional[localhost:35583 (id: 0 rack: null)], epoch=0}}. (org.apache.kafka.clients.consumer.internals.SubscriptionState:398)
[2026-03-04 15:47:58,398] INFO [Consumer clientId=connect-integration-test-kcbq-connect-cluster-offsets, groupId=connect-integration-test-kcbq-connect-cluster] Resetting offset for partition connect-offset-topic-kcbq-connect-cluster-23 to position FetchPosition{offset=0, offsetEpoch=Optional.empty, currentLeader=LeaderAndEpoch{leader=Optional[localhost:35583 (id: 0 rack: null)], epoch=0}}. (org.apache.kafka.clients.consumer.internals.SubscriptionState:398)
[2026-03-04 15:47:58,398] INFO [Consumer clientId=connect-integration-test-kcbq-connect-cluster-offsets, groupId=connect-integration-test-kcbq-connect-cluster] Resetting offset for partition connect-offset-topic-kcbq-connect-cluster-17 to position FetchPosition{offset=0, offsetEpoch=Optional.empty, currentLeader=LeaderAndEpoch{leader=Optional[localhost:35583 (id: 0 rack: null)], epoch=0}}. (org.apache.kafka.clients.consumer.internals.SubscriptionState:398)
[2026-03-04 15:47:58,398] INFO [Consumer clientId=connect-integration-test-kcbq-connect-cluster-offsets, groupId=connect-integration-test-kcbq-connect-cluster] Resetting offset for partition connect-offset-topic-kcbq-connect-cluster-19 to position FetchPosition{offset=0, offsetEpoch=Optional.empty, currentLeader=LeaderAndEpoch{leader=Optional[localhost:35583 (id: 0 rack: null)], epoch=0}}. (org.apache.kafka.clients.consumer.internals.SubscriptionState:398)
[2026-03-04 15:47:58,398] INFO [Consumer clientId=connect-integration-test-kcbq-connect-cluster-offsets, groupId=connect-integration-test-kcbq-connect-cluster] Resetting offset for partition connect-offset-topic-kcbq-connect-cluster-13 to position FetchPosition{offset=0, offsetEpoch=Optional.empty, currentLeader=LeaderAndEpoch{leader=Optional[localhost:35583 (id: 0 rack: null)], epoch=0}}. (org.apache.kafka.clients.consumer.internals.SubscriptionState:398)
[2026-03-04 15:47:58,398] INFO [Consumer clientId=connect-integration-test-kcbq-connect-cluster-offsets, groupId=connect-integration-test-kcbq-connect-cluster] Resetting offset for partition connect-offset-topic-kcbq-connect-cluster-15 to position FetchPosition{offset=0, offsetEpoch=Optional.empty, currentLeader=LeaderAndEpoch{leader=Optional[localhost:35583 (id: 0 rack: null)], epoch=0}}. (org.apache.kafka.clients.consumer.internals.SubscriptionState:398)
[2026-03-04 15:47:58,398] INFO [Consumer clientId=connect-integration-test-kcbq-connect-cluster-offsets, groupId=connect-integration-test-kcbq-connect-cluster] Resetting offset for partition connect-offset-topic-kcbq-connect-cluster-9 to position FetchPosition{offset=0, offsetEpoch=Optional.empty, currentLeader=LeaderAndEpoch{leader=Optional[localhost:35583 (id: 0 rack: null)], epoch=0}}. (org.apache.kafka.clients.consumer.internals.SubscriptionState:398)
[2026-03-04 15:47:58,398] INFO HV000001: Hibernate Validator 6.2.0.Final (org.hibernate.validator.internal.util.Version:21)
[2026-03-04 15:47:58,398] INFO [Consumer clientId=connect-integration-test-kcbq-connect-cluster-offsets, groupId=connect-integration-test-kcbq-connect-cluster] Resetting offset for partition connect-offset-topic-kcbq-connect-cluster-11 to position FetchPosition{offset=0, offsetEpoch=Optional.empty, currentLeader=LeaderAndEpoch{leader=Optional[localhost:35583 (id: 0 rack: null)], epoch=0}}. (org.apache.kafka.clients.consumer.internals.SubscriptionState:398)
[2026-03-04 15:47:58,399] INFO Finished reading KafkaBasedLog for topic connect-offset-topic-kcbq-connect-cluster (org.apache.kafka.connect.util.KafkaBasedLog:310)
[2026-03-04 15:47:58,399] INFO Started KafkaBasedLog for topic connect-offset-topic-kcbq-connect-cluster (org.apache.kafka.connect.util.KafkaBasedLog:312)
[2026-03-04 15:47:58,399] INFO Finished reading offsets topic and starting KafkaOffsetBackingStore (org.apache.kafka.connect.storage.KafkaOffsetBackingStore:248)
[2026-03-04 15:47:58,399] INFO Worker started (org.apache.kafka.connect.runtime.Worker:242)
[2026-03-04 15:47:58,399] INFO Starting KafkaBasedLog with topic connect-status-topic-kcbq-connect-cluster reportErrorsToCallback=false (org.apache.kafka.connect.util.KafkaBasedLog:253)
[2026-03-04 15:47:58,402] INFO Creating topic connect-status-topic-kcbq-connect-cluster with configuration {cleanup.policy=compact} and initial partition assignment Map(2 -> ArrayBuffer(0), 4 -> ArrayBuffer(0), 1 -> ArrayBuffer(0), 3 -> ArrayBuffer(0), 0 -> ArrayBuffer(0)) (kafka.zk.AdminZkClient:66)
[2026-03-04 15:47:58,404] INFO [Controller id=0] New topics: [Set(connect-status-topic-kcbq-connect-cluster)], deleted topics: [Set()], new partition replica assignment [Set(TopicIdReplicaAssignment(connect-status-topic-kcbq-connect-cluster,Some(GixHTihJSWeQ0HopcwAOtA),Map(connect-status-topic-kcbq-connect-cluster-1 -> ReplicaAssignment(replicas=0, addingReplicas=, removingReplicas=), connect-status-topic-kcbq-connect-cluster-4 -> ReplicaAssignment(replicas=0, addingReplicas=, removingReplicas=), connect-status-topic-kcbq-connect-cluster-2 -> ReplicaAssignment(replicas=0, addingReplicas=, removingReplicas=), connect-status-topic-kcbq-connect-cluster-0 -> ReplicaAssignment(replicas=0, addingReplicas=, removingReplicas=), connect-status-topic-kcbq-connect-cluster-3 -> ReplicaAssignment(replicas=0, addingReplicas=, removingReplicas=))))] (kafka.controller.KafkaController:66)
[2026-03-04 15:47:58,404] INFO [Controller id=0] New partition creation callback for connect-status-topic-kcbq-connect-cluster-1,connect-status-topic-kcbq-connect-cluster-4,connect-status-topic-kcbq-connect-cluster-2,connect-status-topic-kcbq-connect-cluster-0,connect-status-topic-kcbq-connect-cluster-3 (kafka.controller.KafkaController:66)
[2026-03-04 15:47:58,405] INFO [Controller id=0 epoch=1] Changed partition connect-status-topic-kcbq-connect-cluster-1 state from NonExistentPartition to NewPartition with assigned replicas 0 (state.change.logger:66)
[2026-03-04 15:47:58,405] INFO [Controller id=0 epoch=1] Changed partition connect-status-topic-kcbq-connect-cluster-4 state from NonExistentPartition to NewPartition with assigned replicas 0 (state.change.logger:66)
[2026-03-04 15:47:58,405] INFO [Controller id=0 epoch=1] Changed partition connect-status-topic-kcbq-connect-cluster-2 state from NonExistentPartition to NewPartition with assigned replicas 0 (state.change.logger:66)
[2026-03-04 15:47:58,405] INFO [Controller id=0 epoch=1] Changed partition connect-status-topic-kcbq-connect-cluster-0 state from NonExistentPartition to NewPartition with assigned replicas 0 (state.change.logger:66)
[2026-03-04 15:47:58,405] INFO [Controller id=0 epoch=1] Changed partition connect-status-topic-kcbq-connect-cluster-3 state from NonExistentPartition to NewPartition with assigned replicas 0 (state.change.logger:66)
[2026-03-04 15:47:58,405] INFO [Controller id=0 epoch=1] Sending UpdateMetadata request to brokers Set() for 0 partitions (state.change.logger:66)
[2026-03-04 15:47:58,405] INFO [Controller id=0 epoch=1] Sending UpdateMetadata request to brokers Set() for 0 partitions (state.change.logger:66)
[2026-03-04 15:47:58,408] INFO [Controller id=0 epoch=1] Changed partition connect-status-topic-kcbq-connect-cluster-1 from NewPartition to OnlinePartition with state LeaderAndIsr(leader=0, leaderEpoch=0, isrWithBrokerEpoch=List(BrokerState(brokerId=0, brokerEpoch=-1)), leaderRecoveryState=RECOVERED, partitionEpoch=0) (state.change.logger:66)
[2026-03-04 15:47:58,408] INFO [Controller id=0 epoch=1] Changed partition connect-status-topic-kcbq-connect-cluster-4 from NewPartition to OnlinePartition with state LeaderAndIsr(leader=0, leaderEpoch=0, isrWithBrokerEpoch=List(BrokerState(brokerId=0, brokerEpoch=-1)), leaderRecoveryState=RECOVERED, partitionEpoch=0) (state.change.logger:66)
[2026-03-04 15:47:58,408] INFO [Controller id=0 epoch=1] Changed partition connect-status-topic-kcbq-connect-cluster-2 from NewPartition to OnlinePartition with state LeaderAndIsr(leader=0, leaderEpoch=0, isrWithBrokerEpoch=List(BrokerState(brokerId=0, brokerEpoch=-1)), leaderRecoveryState=RECOVERED, partitionEpoch=0) (state.change.logger:66)
[2026-03-04 15:47:58,408] INFO [Controller id=0 epoch=1] Changed partition connect-status-topic-kcbq-connect-cluster-0 from NewPartition to OnlinePartition with state LeaderAndIsr(leader=0, leaderEpoch=0, isrWithBrokerEpoch=List(BrokerState(brokerId=0, brokerEpoch=-1)), leaderRecoveryState=RECOVERED, partitionEpoch=0) (state.change.logger:66)
[2026-03-04 15:47:58,408] INFO [Controller id=0 epoch=1] Changed partition connect-status-topic-kcbq-connect-cluster-3 from NewPartition to OnlinePartition with state LeaderAndIsr(leader=0, leaderEpoch=0, isrWithBrokerEpoch=List(BrokerState(brokerId=0, brokerEpoch=-1)), leaderRecoveryState=RECOVERED, partitionEpoch=0) (state.change.logger:66)
[2026-03-04 15:47:58,408] INFO [Controller id=0 epoch=1] Sending LeaderAndIsr request to broker 0 with 5 become-leader and 0 become-follower partitions (state.change.logger:66)
[2026-03-04 15:47:58,408] INFO [Controller id=0 epoch=1] Sending UpdateMetadata request to brokers Set(0) for 5 partitions (state.change.logger:66)
[2026-03-04 15:47:58,408] INFO [Controller id=0 epoch=1] Sending UpdateMetadata request to brokers Set() for 0 partitions (state.change.logger:66)
[2026-03-04 15:47:58,408] INFO [Broker id=0] Handling LeaderAndIsr request correlationId 3 from controller 0 for 5 partitions (state.change.logger:66)
[2026-03-04 15:47:58,409] INFO [ReplicaFetcherManager on broker 0] Removed fetcher for partitions Set(connect-status-topic-kcbq-connect-cluster-1, connect-status-topic-kcbq-connect-cluster-4, connect-status-topic-kcbq-connect-cluster-2, connect-status-topic-kcbq-connect-cluster-0, connect-status-topic-kcbq-connect-cluster-3) (kafka.server.ReplicaFetcherManager:66)
[2026-03-04 15:47:58,409] INFO [Broker id=0] Stopped fetchers as part of LeaderAndIsr request correlationId 3 from controller 0 epoch 1 as part of the become-leader transition for 5 partitions (state.change.logger:66)
[2026-03-04 15:47:58,410] INFO [LogLoader partition=connect-status-topic-kcbq-connect-cluster-4, dir=/tmp/EmbeddedKafkaCluster11084523262086392090] Loading producer state till offset 0 with message format version 2 (kafka.log.UnifiedLog$:1937)
[2026-03-04 15:47:58,410] INFO Created log for partition connect-status-topic-kcbq-connect-cluster-4 in /tmp/EmbeddedKafkaCluster11084523262086392090/connect-status-topic-kcbq-connect-cluster-4 with properties {cleanup.policy=compact} (kafka.log.LogManager:66)
[2026-03-04 15:47:58,411] INFO [Partition connect-status-topic-kcbq-connect-cluster-4 broker=0] No checkpointed highwatermark is found for partition connect-status-topic-kcbq-connect-cluster-4 (kafka.cluster.Partition:66)
[2026-03-04 15:47:58,411] INFO [Partition connect-status-topic-kcbq-connect-cluster-4 broker=0] Log loaded for partition connect-status-topic-kcbq-connect-cluster-4 with initial high watermark 0 (kafka.cluster.Partition:66)
[2026-03-04 15:47:58,411] INFO [Broker id=0] Leader connect-status-topic-kcbq-connect-cluster-4 with topic id Some(GixHTihJSWeQ0HopcwAOtA) starts at leader epoch 0 from offset 0 with partition epoch 0, high watermark 0, ISR [0], adding replicas [] and removing replicas [] . Previous leader None and previous leader epoch was -1. (state.change.logger:66)
[2026-03-04 15:47:58,412] INFO [LogLoader partition=connect-status-topic-kcbq-connect-cluster-1, dir=/tmp/EmbeddedKafkaCluster11084523262086392090] Loading producer state till offset 0 with message format version 2 (kafka.log.UnifiedLog$:1937)
[2026-03-04 15:47:58,412] INFO Created log for partition connect-status-topic-kcbq-connect-cluster-1 in /tmp/EmbeddedKafkaCluster11084523262086392090/connect-status-topic-kcbq-connect-cluster-1 with properties {cleanup.policy=compact} (kafka.log.LogManager:66)
[2026-03-04 15:47:58,412] INFO [Partition connect-status-topic-kcbq-connect-cluster-1 broker=0] No checkpointed highwatermark is found for partition connect-status-topic-kcbq-connect-cluster-1 (kafka.cluster.Partition:66)
[2026-03-04 15:47:58,412] INFO [Partition connect-status-topic-kcbq-connect-cluster-1 broker=0] Log loaded for partition connect-status-topic-kcbq-connect-cluster-1 with initial high watermark 0 (kafka.cluster.Partition:66)
[2026-03-04 15:47:58,412] INFO [Broker id=0] Leader connect-status-topic-kcbq-connect-cluster-1 with topic id Some(GixHTihJSWeQ0HopcwAOtA) starts at leader epoch 0 from offset 0 with partition epoch 0, high watermark 0, ISR [0], adding replicas [] and removing replicas [] . Previous leader None and previous leader epoch was -1. (state.change.logger:66)
[2026-03-04 15:47:58,413] INFO [LogLoader partition=connect-status-topic-kcbq-connect-cluster-2, dir=/tmp/EmbeddedKafkaCluster11084523262086392090] Loading producer state till offset 0 with message format version 2 (kafka.log.UnifiedLog$:1937)
[2026-03-04 15:47:58,413] INFO Created log for partition connect-status-topic-kcbq-connect-cluster-2 in /tmp/EmbeddedKafkaCluster11084523262086392090/connect-status-topic-kcbq-connect-cluster-2 with properties {cleanup.policy=compact} (kafka.log.LogManager:66)
[2026-03-04 15:47:58,413] INFO [Partition connect-status-topic-kcbq-connect-cluster-2 broker=0] No checkpointed highwatermark is found for partition connect-status-topic-kcbq-connect-cluster-2 (kafka.cluster.Partition:66)
[2026-03-04 15:47:58,413] INFO [Partition connect-status-topic-kcbq-connect-cluster-2 broker=0] Log loaded for partition connect-status-topic-kcbq-connect-cluster-2 with initial high watermark 0 (kafka.cluster.Partition:66)
[2026-03-04 15:47:58,414] INFO [Broker id=0] Leader connect-status-topic-kcbq-connect-cluster-2 with topic id Some(GixHTihJSWeQ0HopcwAOtA) starts at leader epoch 0 from offset 0 with partition epoch 0, high watermark 0, ISR [0], adding replicas [] and removing replicas [] . Previous leader None and previous leader epoch was -1. (state.change.logger:66)
[2026-03-04 15:47:58,415] INFO [LogLoader partition=connect-status-topic-kcbq-connect-cluster-3, dir=/tmp/EmbeddedKafkaCluster11084523262086392090] Loading producer state till offset 0 with message format version 2 (kafka.log.UnifiedLog$:1937)
[2026-03-04 15:47:58,415] INFO Created log for partition connect-status-topic-kcbq-connect-cluster-3 in /tmp/EmbeddedKafkaCluster11084523262086392090/connect-status-topic-kcbq-connect-cluster-3 with properties {cleanup.policy=compact} (kafka.log.LogManager:66)
[2026-03-04 15:47:58,415] INFO [Partition connect-status-topic-kcbq-connect-cluster-3 broker=0] No checkpointed highwatermark is found for partition connect-status-topic-kcbq-connect-cluster-3 (kafka.cluster.Partition:66)
[2026-03-04 15:47:58,415] INFO [Partition connect-status-topic-kcbq-connect-cluster-3 broker=0] Log loaded for partition connect-status-topic-kcbq-connect-cluster-3 with initial high watermark 0 (kafka.cluster.Partition:66)
[2026-03-04 15:47:58,415] INFO [Broker id=0] Leader connect-status-topic-kcbq-connect-cluster-3 with topic id Some(GixHTihJSWeQ0HopcwAOtA) starts at leader epoch 0 from offset 0 with partition epoch 0, high watermark 0, ISR [0], adding replicas [] and removing replicas [] . Previous leader None and previous leader epoch was -1. (state.change.logger:66)
[2026-03-04 15:47:58,416] INFO [LogLoader partition=connect-status-topic-kcbq-connect-cluster-0, dir=/tmp/EmbeddedKafkaCluster11084523262086392090] Loading producer state till offset 0 with message format version 2 (kafka.log.UnifiedLog$:1937)
[2026-03-04 15:47:58,416] INFO Created log for partition connect-status-topic-kcbq-connect-cluster-0 in /tmp/EmbeddedKafkaCluster11084523262086392090/connect-status-topic-kcbq-connect-cluster-0 with properties {cleanup.policy=compact} (kafka.log.LogManager:66)
[2026-03-04 15:47:58,416] INFO [Partition connect-status-topic-kcbq-connect-cluster-0 broker=0] No checkpointed highwatermark is found for partition connect-status-topic-kcbq-connect-cluster-0 (kafka.cluster.Partition:66)
[2026-03-04 15:47:58,416] INFO [Partition connect-status-topic-kcbq-connect-cluster-0 broker=0] Log loaded for partition connect-status-topic-kcbq-connect-cluster-0 with initial high watermark 0 (kafka.cluster.Partition:66)
[2026-03-04 15:47:58,416] INFO [Broker id=0] Leader connect-status-topic-kcbq-connect-cluster-0 with topic id Some(GixHTihJSWeQ0HopcwAOtA) starts at leader epoch 0 from offset 0 with partition epoch 0, high watermark 0, ISR [0], adding replicas [] and removing replicas [] . Previous leader None and previous leader epoch was -1. (state.change.logger:66)
[2026-03-04 15:47:58,416] INFO [Broker id=0] Finished LeaderAndIsr request in 8ms correlationId 3 from controller 0 for 5 partitions (state.change.logger:66)
[2026-03-04 15:47:58,417] INFO [Broker id=0] Add 5 partitions and deleted 0 partitions from metadata cache in response to UpdateMetadata request sent by controller 0 epoch 1 with correlation id 4 (state.change.logger:66)
[2026-03-04 15:47:58,418] INFO Created topic (name=connect-status-topic-kcbq-connect-cluster, numPartitions=5, replicationFactor=1, replicasAssignments=null, configs={cleanup.policy=compact}) on brokers at localhost:35583 (org.apache.kafka.connect.util.TopicAdmin:415)
[2026-03-04 15:47:58,418] INFO ProducerConfig values: 
	acks = -1
	auto.include.jmx.reporter = true
	batch.size = 16384
	bootstrap.servers = [localhost:35583]
	buffer.memory = 33554432
	client.dns.lookup = use_all_dns_ips
	client.id = connect-integration-test-kcbq-connect-cluster-statuses
	compression.gzip.level = -1
	compression.lz4.level = 9
	compression.type = none
	compression.zstd.level = 3
	connections.max.idle.ms = 540000
	delivery.timeout.ms = 120000
	enable.idempotence = false
	enable.metrics.push = true
	interceptor.classes = []
	key.serializer = class org.apache.kafka.common.serialization.StringSerializer
	linger.ms = 0
	max.block.ms = 60000
	max.in.flight.requests.per.connection = 1
	max.request.size = 1048576
	metadata.max.age.ms = 300000
	metadata.max.idle.ms = 300000
	metadata.recovery.strategy = none
	metric.reporters = []
	metrics.num.samples = 2
	metrics.recording.level = INFO
	metrics.sample.window.ms = 30000
	partitioner.adaptive.partitioning.enable = true
	partitioner.availability.timeout.ms = 0
	partitioner.class = null
	partitioner.ignore.keys = false
	receive.buffer.bytes = 32768
	reconnect.backoff.max.ms = 1000
	reconnect.backoff.ms = 50
	request.timeout.ms = 30000
	retries = 0
	retry.backoff.max.ms = 1000
	retry.backoff.ms = 100
	sasl.client.callback.handler.class = null
	sasl.jaas.config = null
	sasl.kerberos.kinit.cmd = /usr/bin/kinit
	sasl.kerberos.min.time.before.relogin = 60000
	sasl.kerberos.service.name = null
	sasl.kerberos.ticket.renew.jitter = 0.05
	sasl.kerberos.ticket.renew.window.factor = 0.8
	sasl.login.callback.handler.class = null
	sasl.login.class = null
	sasl.login.connect.timeout.ms = null
	sasl.login.read.timeout.ms = null
	sasl.login.refresh.buffer.seconds = 300
	sasl.login.refresh.min.period.seconds = 60
	sasl.login.refresh.window.factor = 0.8
	sasl.login.refresh.window.jitter = 0.05
	sasl.login.retry.backoff.max.ms = 10000
	sasl.login.retry.backoff.ms = 100
	sasl.mechanism = GSSAPI
	sasl.oauthbearer.clock.skew.seconds = 30
	sasl.oauthbearer.expected.audience = null
	sasl.oauthbearer.expected.issuer = null
	sasl.oauthbearer.jwks.endpoint.refresh.ms = 3600000
	sasl.oauthbearer.jwks.endpoint.retry.backoff.max.ms = 10000
	sasl.oauthbearer.jwks.endpoint.retry.backoff.ms = 100
	sasl.oauthbearer.jwks.endpoint.url = null
	sasl.oauthbearer.scope.claim.name = scope
	sasl.oauthbearer.sub.claim.name = sub
	sasl.oauthbearer.token.endpoint.url = null
	security.protocol = PLAINTEXT
	security.providers = null
	send.buffer.bytes = 131072
	socket.connection.setup.timeout.max.ms = 30000
	socket.connection.setup.timeout.ms = 10000
	ssl.cipher.suites = null
	ssl.enabled.protocols = [TLSv1.2, TLSv1.3]
	ssl.endpoint.identification.algorithm = https
	ssl.engine.factory.class = null
	ssl.key.password = null
	ssl.keymanager.algorithm = SunX509
	ssl.keystore.certificate.chain = null
	ssl.keystore.key = null
	ssl.keystore.location = null
	ssl.keystore.password = null
	ssl.keystore.type = JKS
	ssl.protocol = TLSv1.3
	ssl.provider = null
	ssl.secure.random.implementation = null
	ssl.trustmanager.algorithm = PKIX
	ssl.truststore.certificates = null
	ssl.truststore.location = null
	ssl.truststore.password = null
	ssl.truststore.type = JKS
	transaction.timeout.ms = 60000
	transactional.id = null
	value.serializer = class org.apache.kafka.common.serialization.ByteArraySerializer
 (org.apache.kafka.clients.producer.ProducerConfig:372)
[2026-03-04 15:47:58,418] INFO initializing Kafka metrics collector (org.apache.kafka.common.telemetry.internals.KafkaMetricsCollector:269)
[2026-03-04 15:47:58,419] INFO These configurations '[connector.client.config.override.policy, plugin.discovery, listeners, config.storage.topic, metrics.context.connect.group.id, group.id, status.storage.topic, offset.flush.interval.ms, config.storage.replication.factor, metrics.context.connect.kafka.cluster.id, status.storage.replication.factor, offset.storage.replication.factor, offset.storage.topic, value.converter, key.converter]' were supplied but are not used yet. (org.apache.kafka.clients.producer.ProducerConfig:381)
[2026-03-04 15:47:58,419] INFO Kafka version: 3.8.1 (org.apache.kafka.common.utils.AppInfoParser:124)
[2026-03-04 15:47:58,419] INFO Kafka commitId: 70d6ff42debf7e17 (org.apache.kafka.common.utils.AppInfoParser:125)
[2026-03-04 15:47:58,419] INFO Kafka startTimeMs: 1772619478419 (org.apache.kafka.common.utils.AppInfoParser:126)
[2026-03-04 15:47:58,419] INFO ConsumerConfig values: 
	allow.auto.create.topics = true
	auto.commit.interval.ms = 5000
	auto.include.jmx.reporter = true
	auto.offset.reset = earliest
	bootstrap.servers = [localhost:35583]
	check.crcs = true
	client.dns.lookup = use_all_dns_ips
	client.id = connect-integration-test-kcbq-connect-cluster-statuses
	client.rack = 
	connections.max.idle.ms = 540000
	default.api.timeout.ms = 60000
	enable.auto.commit = false
	enable.metrics.push = true
	exclude.internal.topics = true
	fetch.max.bytes = 52428800
	fetch.max.wait.ms = 500
	fetch.min.bytes = 1
	group.id = connect-integration-test-kcbq-connect-cluster
	group.instance.id = null
	group.protocol = classic
	group.remote.assignor = null
	heartbeat.interval.ms = 3000
	interceptor.classes = []
	internal.leave.group.on.close = true
	internal.throw.on.fetch.stable.offset.unsupported = false
	isolation.level = read_uncommitted
	key.deserializer = class org.apache.kafka.common.serialization.StringDeserializer
	max.partition.fetch.bytes = 1048576
	max.poll.interval.ms = 300000
	max.poll.records = 500
	metadata.max.age.ms = 300000
	metadata.recovery.strategy = none
	metric.reporters = []
	metrics.num.samples = 2
	metrics.recording.level = INFO
	metrics.sample.window.ms = 30000
	partition.assignment.strategy = [class org.apache.kafka.clients.consumer.RangeAssignor, class org.apache.kafka.clients.consumer.CooperativeStickyAssignor]
	receive.buffer.bytes = 65536
	reconnect.backoff.max.ms = 1000
	reconnect.backoff.ms = 50
	request.timeout.ms = 30000
	retry.backoff.max.ms = 1000
	retry.backoff.ms = 100
	sasl.client.callback.handler.class = null
	sasl.jaas.config = null
	sasl.kerberos.kinit.cmd = /usr/bin/kinit
	sasl.kerberos.min.time.before.relogin = 60000
	sasl.kerberos.service.name = null
	sasl.kerberos.ticket.renew.jitter = 0.05
	sasl.kerberos.ticket.renew.window.factor = 0.8
	sasl.login.callback.handler.class = null
	sasl.login.class = null
	sasl.login.connect.timeout.ms = null
	sasl.login.read.timeout.ms = null
	sasl.login.refresh.buffer.seconds = 300
	sasl.login.refresh.min.period.seconds = 60
	sasl.login.refresh.window.factor = 0.8
	sasl.login.refresh.window.jitter = 0.05
	sasl.login.retry.backoff.max.ms = 10000
	sasl.login.retry.backoff.ms = 100
	sasl.mechanism = GSSAPI
	sasl.oauthbearer.clock.skew.seconds = 30
	sasl.oauthbearer.expected.audience = null
	sasl.oauthbearer.expected.issuer = null
	sasl.oauthbearer.jwks.endpoint.refresh.ms = 3600000
	sasl.oauthbearer.jwks.endpoint.retry.backoff.max.ms = 10000
	sasl.oauthbearer.jwks.endpoint.retry.backoff.ms = 100
	sasl.oauthbearer.jwks.endpoint.url = null
	sasl.oauthbearer.scope.claim.name = scope
	sasl.oauthbearer.sub.claim.name = sub
	sasl.oauthbearer.token.endpoint.url = null
	security.protocol = PLAINTEXT
	security.providers = null
	send.buffer.bytes = 131072
	session.timeout.ms = 45000
	socket.connection.setup.timeout.max.ms = 30000
	socket.connection.setup.timeout.ms = 10000
	ssl.cipher.suites = null
	ssl.enabled.protocols = [TLSv1.2, TLSv1.3]
	ssl.endpoint.identification.algorithm = https
	ssl.engine.factory.class = null
	ssl.key.password = null
	ssl.keymanager.algorithm = SunX509
	ssl.keystore.certificate.chain = null
	ssl.keystore.key = null
	ssl.keystore.location = null
	ssl.keystore.password = null
	ssl.keystore.type = JKS
	ssl.protocol = TLSv1.3
	ssl.provider = null
	ssl.secure.random.implementation = null
	ssl.trustmanager.algorithm = PKIX
	ssl.truststore.certificates = null
	ssl.truststore.location = null
	ssl.truststore.password = null
	ssl.truststore.type = JKS
	value.deserializer = class org.apache.kafka.common.serialization.ByteArrayDeserializer
 (org.apache.kafka.clients.consumer.ConsumerConfig:372)
[2026-03-04 15:47:58,419] INFO initializing Kafka metrics collector (org.apache.kafka.common.telemetry.internals.KafkaMetricsCollector:269)
[2026-03-04 15:47:58,420] INFO [Producer clientId=connect-integration-test-kcbq-connect-cluster-statuses] Cluster ID: ZLwlwW0oR46i0M1D5wxHTQ (org.apache.kafka.clients.Metadata:364)
[2026-03-04 15:47:58,421] INFO These configurations '[connector.client.config.override.policy, plugin.discovery, listeners, config.storage.topic, metrics.context.connect.group.id, status.storage.topic, offset.flush.interval.ms, config.storage.replication.factor, metrics.context.connect.kafka.cluster.id, status.storage.replication.factor, offset.storage.replication.factor, offset.storage.topic, value.converter, key.converter]' were supplied but are not used yet. (org.apache.kafka.clients.consumer.ConsumerConfig:381)
[2026-03-04 15:47:58,421] INFO Kafka version: 3.8.1 (org.apache.kafka.common.utils.AppInfoParser:124)
[2026-03-04 15:47:58,421] INFO Kafka commitId: 70d6ff42debf7e17 (org.apache.kafka.common.utils.AppInfoParser:125)
[2026-03-04 15:47:58,421] INFO Kafka startTimeMs: 1772619478421 (org.apache.kafka.common.utils.AppInfoParser:126)
[2026-03-04 15:47:58,422] INFO [Consumer clientId=connect-integration-test-kcbq-connect-cluster-statuses, groupId=connect-integration-test-kcbq-connect-cluster] Cluster ID: ZLwlwW0oR46i0M1D5wxHTQ (org.apache.kafka.clients.Metadata:364)
[2026-03-04 15:47:58,422] INFO [Consumer clientId=connect-integration-test-kcbq-connect-cluster-statuses, groupId=connect-integration-test-kcbq-connect-cluster] Assigned to partition(s): connect-status-topic-kcbq-connect-cluster-0, connect-status-topic-kcbq-connect-cluster-4, connect-status-topic-kcbq-connect-cluster-1, connect-status-topic-kcbq-connect-cluster-2, connect-status-topic-kcbq-connect-cluster-3 (org.apache.kafka.clients.consumer.internals.LegacyKafkaConsumer:574)
[2026-03-04 15:47:58,423] INFO [Consumer clientId=connect-integration-test-kcbq-connect-cluster-statuses, groupId=connect-integration-test-kcbq-connect-cluster] Seeking to earliest offset of partition connect-status-topic-kcbq-connect-cluster-0 (org.apache.kafka.clients.consumer.internals.SubscriptionState:704)
[2026-03-04 15:47:58,423] INFO [Consumer clientId=connect-integration-test-kcbq-connect-cluster-statuses, groupId=connect-integration-test-kcbq-connect-cluster] Seeking to earliest offset of partition connect-status-topic-kcbq-connect-cluster-4 (org.apache.kafka.clients.consumer.internals.SubscriptionState:704)
[2026-03-04 15:47:58,423] INFO [Consumer clientId=connect-integration-test-kcbq-connect-cluster-statuses, groupId=connect-integration-test-kcbq-connect-cluster] Seeking to earliest offset of partition connect-status-topic-kcbq-connect-cluster-1 (org.apache.kafka.clients.consumer.internals.SubscriptionState:704)
[2026-03-04 15:47:58,423] INFO [Consumer clientId=connect-integration-test-kcbq-connect-cluster-statuses, groupId=connect-integration-test-kcbq-connect-cluster] Seeking to earliest offset of partition connect-status-topic-kcbq-connect-cluster-2 (org.apache.kafka.clients.consumer.internals.SubscriptionState:704)
[2026-03-04 15:47:58,423] INFO [Consumer clientId=connect-integration-test-kcbq-connect-cluster-statuses, groupId=connect-integration-test-kcbq-connect-cluster] Seeking to earliest offset of partition connect-status-topic-kcbq-connect-cluster-3 (org.apache.kafka.clients.consumer.internals.SubscriptionState:704)
[2026-03-04 15:47:58,426] INFO [Consumer clientId=connect-integration-test-kcbq-connect-cluster-statuses, groupId=connect-integration-test-kcbq-connect-cluster] Resetting offset for partition connect-status-topic-kcbq-connect-cluster-2 to position FetchPosition{offset=0, offsetEpoch=Optional.empty, currentLeader=LeaderAndEpoch{leader=Optional[localhost:35583 (id: 0 rack: null)], epoch=0}}. (org.apache.kafka.clients.consumer.internals.SubscriptionState:398)
[2026-03-04 15:47:58,426] INFO [Consumer clientId=connect-integration-test-kcbq-connect-cluster-statuses, groupId=connect-integration-test-kcbq-connect-cluster] Resetting offset for partition connect-status-topic-kcbq-connect-cluster-1 to position FetchPosition{offset=0, offsetEpoch=Optional.empty, currentLeader=LeaderAndEpoch{leader=Optional[localhost:35583 (id: 0 rack: null)], epoch=0}}. (org.apache.kafka.clients.consumer.internals.SubscriptionState:398)
[2026-03-04 15:47:58,426] INFO [Consumer clientId=connect-integration-test-kcbq-connect-cluster-statuses, groupId=connect-integration-test-kcbq-connect-cluster] Resetting offset for partition connect-status-topic-kcbq-connect-cluster-4 to position FetchPosition{offset=0, offsetEpoch=Optional.empty, currentLeader=LeaderAndEpoch{leader=Optional[localhost:35583 (id: 0 rack: null)], epoch=0}}. (org.apache.kafka.clients.consumer.internals.SubscriptionState:398)
[2026-03-04 15:47:58,426] INFO [Consumer clientId=connect-integration-test-kcbq-connect-cluster-statuses, groupId=connect-integration-test-kcbq-connect-cluster] Resetting offset for partition connect-status-topic-kcbq-connect-cluster-3 to position FetchPosition{offset=0, offsetEpoch=Optional.empty, currentLeader=LeaderAndEpoch{leader=Optional[localhost:35583 (id: 0 rack: null)], epoch=0}}. (org.apache.kafka.clients.consumer.internals.SubscriptionState:398)
[2026-03-04 15:47:58,426] INFO [Consumer clientId=connect-integration-test-kcbq-connect-cluster-statuses, groupId=connect-integration-test-kcbq-connect-cluster] Resetting offset for partition connect-status-topic-kcbq-connect-cluster-0 to position FetchPosition{offset=0, offsetEpoch=Optional.empty, currentLeader=LeaderAndEpoch{leader=Optional[localhost:35583 (id: 0 rack: null)], epoch=0}}. (org.apache.kafka.clients.consumer.internals.SubscriptionState:398)
[2026-03-04 15:47:58,426] INFO Finished reading KafkaBasedLog for topic connect-status-topic-kcbq-connect-cluster (org.apache.kafka.connect.util.KafkaBasedLog:310)
[2026-03-04 15:47:58,426] INFO Started KafkaBasedLog for topic connect-status-topic-kcbq-connect-cluster (org.apache.kafka.connect.util.KafkaBasedLog:312)
[2026-03-04 15:47:58,427] INFO Starting KafkaConfigBackingStore (org.apache.kafka.connect.storage.KafkaConfigBackingStore:376)
[2026-03-04 15:47:58,427] INFO Starting KafkaBasedLog with topic connect-config-topic-kcbq-connect-cluster reportErrorsToCallback=false (org.apache.kafka.connect.util.KafkaBasedLog:253)
[2026-03-04 15:47:58,429] INFO Creating topic connect-config-topic-kcbq-connect-cluster with configuration {cleanup.policy=compact} and initial partition assignment Map(0 -> ArrayBuffer(0)) (kafka.zk.AdminZkClient:66)
[2026-03-04 15:47:58,431] INFO [Controller id=0] New topics: [Set(connect-config-topic-kcbq-connect-cluster)], deleted topics: [Set()], new partition replica assignment [Set(TopicIdReplicaAssignment(connect-config-topic-kcbq-connect-cluster,Some(zvfzNz10ROeYpzQYWU27zQ),Map(connect-config-topic-kcbq-connect-cluster-0 -> ReplicaAssignment(replicas=0, addingReplicas=, removingReplicas=))))] (kafka.controller.KafkaController:66)
[2026-03-04 15:47:58,431] INFO [Controller id=0] New partition creation callback for connect-config-topic-kcbq-connect-cluster-0 (kafka.controller.KafkaController:66)
[2026-03-04 15:47:58,431] INFO [Controller id=0 epoch=1] Changed partition connect-config-topic-kcbq-connect-cluster-0 state from NonExistentPartition to NewPartition with assigned replicas 0 (state.change.logger:66)
[2026-03-04 15:47:58,431] INFO [Controller id=0 epoch=1] Sending UpdateMetadata request to brokers Set() for 0 partitions (state.change.logger:66)
[2026-03-04 15:47:58,432] INFO [Controller id=0 epoch=1] Sending UpdateMetadata request to brokers Set() for 0 partitions (state.change.logger:66)
[2026-03-04 15:47:58,433] INFO [Controller id=0 epoch=1] Changed partition connect-config-topic-kcbq-connect-cluster-0 from NewPartition to OnlinePartition with state LeaderAndIsr(leader=0, leaderEpoch=0, isrWithBrokerEpoch=List(BrokerState(brokerId=0, brokerEpoch=-1)), leaderRecoveryState=RECOVERED, partitionEpoch=0) (state.change.logger:66)
[2026-03-04 15:47:58,433] INFO [Controller id=0 epoch=1] Sending LeaderAndIsr request to broker 0 with 1 become-leader and 0 become-follower partitions (state.change.logger:66)
[2026-03-04 15:47:58,433] INFO [Controller id=0 epoch=1] Sending UpdateMetadata request to brokers Set(0) for 1 partitions (state.change.logger:66)
[2026-03-04 15:47:58,433] INFO [Controller id=0 epoch=1] Sending UpdateMetadata request to brokers Set() for 0 partitions (state.change.logger:66)
[2026-03-04 15:47:58,433] INFO [Broker id=0] Handling LeaderAndIsr request correlationId 5 from controller 0 for 1 partitions (state.change.logger:66)
[2026-03-04 15:47:58,433] INFO [ReplicaFetcherManager on broker 0] Removed fetcher for partitions Set(connect-config-topic-kcbq-connect-cluster-0) (kafka.server.ReplicaFetcherManager:66)
[2026-03-04 15:47:58,433] INFO [Broker id=0] Stopped fetchers as part of LeaderAndIsr request correlationId 5 from controller 0 epoch 1 as part of the become-leader transition for 1 partitions (state.change.logger:66)
[2026-03-04 15:47:58,435] INFO [LogLoader partition=connect-config-topic-kcbq-connect-cluster-0, dir=/tmp/EmbeddedKafkaCluster11084523262086392090] Loading producer state till offset 0 with message format version 2 (kafka.log.UnifiedLog$:1937)
[2026-03-04 15:47:58,435] INFO Created log for partition connect-config-topic-kcbq-connect-cluster-0 in /tmp/EmbeddedKafkaCluster11084523262086392090/connect-config-topic-kcbq-connect-cluster-0 with properties {cleanup.policy=compact} (kafka.log.LogManager:66)
[2026-03-04 15:47:58,435] INFO [Partition connect-config-topic-kcbq-connect-cluster-0 broker=0] No checkpointed highwatermark is found for partition connect-config-topic-kcbq-connect-cluster-0 (kafka.cluster.Partition:66)
[2026-03-04 15:47:58,435] INFO [Partition connect-config-topic-kcbq-connect-cluster-0 broker=0] Log loaded for partition connect-config-topic-kcbq-connect-cluster-0 with initial high watermark 0 (kafka.cluster.Partition:66)
[2026-03-04 15:47:58,435] INFO [Broker id=0] Leader connect-config-topic-kcbq-connect-cluster-0 with topic id Some(zvfzNz10ROeYpzQYWU27zQ) starts at leader epoch 0 from offset 0 with partition epoch 0, high watermark 0, ISR [0], adding replicas [] and removing replicas [] . Previous leader None and previous leader epoch was -1. (state.change.logger:66)
[2026-03-04 15:47:58,436] INFO [Broker id=0] Finished LeaderAndIsr request in 3ms correlationId 5 from controller 0 for 1 partitions (state.change.logger:66)
[2026-03-04 15:47:58,436] INFO [Broker id=0] Add 1 partitions and deleted 0 partitions from metadata cache in response to UpdateMetadata request sent by controller 0 epoch 1 with correlation id 6 (state.change.logger:66)
[2026-03-04 15:47:58,436] INFO Created topic (name=connect-config-topic-kcbq-connect-cluster, numPartitions=1, replicationFactor=1, replicasAssignments=null, configs={cleanup.policy=compact}) on brokers at localhost:35583 (org.apache.kafka.connect.util.TopicAdmin:415)
[2026-03-04 15:47:58,437] INFO ProducerConfig values: 
	acks = -1
	auto.include.jmx.reporter = true
	batch.size = 16384
	bootstrap.servers = [localhost:35583]
	buffer.memory = 33554432
	client.dns.lookup = use_all_dns_ips
	client.id = connect-integration-test-kcbq-connect-cluster-configs
	compression.gzip.level = -1
	compression.lz4.level = 9
	compression.type = none
	compression.zstd.level = 3
	connections.max.idle.ms = 540000
	delivery.timeout.ms = 2147483647
	enable.idempotence = false
	enable.metrics.push = true
	interceptor.classes = []
	key.serializer = class org.apache.kafka.common.serialization.StringSerializer
	linger.ms = 0
	max.block.ms = 60000
	max.in.flight.requests.per.connection = 1
	max.request.size = 1048576
	metadata.max.age.ms = 300000
	metadata.max.idle.ms = 300000
	metadata.recovery.strategy = none
	metric.reporters = []
	metrics.num.samples = 2
	metrics.recording.level = INFO
	metrics.sample.window.ms = 30000
	partitioner.adaptive.partitioning.enable = true
	partitioner.availability.timeout.ms = 0
	partitioner.class = null
	partitioner.ignore.keys = false
	receive.buffer.bytes = 32768
	reconnect.backoff.max.ms = 1000
	reconnect.backoff.ms = 50
	request.timeout.ms = 30000
	retries = 2147483647
	retry.backoff.max.ms = 1000
	retry.backoff.ms = 100
	sasl.client.callback.handler.class = null
	sasl.jaas.config = null
	sasl.kerberos.kinit.cmd = /usr/bin/kinit
	sasl.kerberos.min.time.before.relogin = 60000
	sasl.kerberos.service.name = null
	sasl.kerberos.ticket.renew.jitter = 0.05
	sasl.kerberos.ticket.renew.window.factor = 0.8
	sasl.login.callback.handler.class = null
	sasl.login.class = null
	sasl.login.connect.timeout.ms = null
	sasl.login.read.timeout.ms = null
	sasl.login.refresh.buffer.seconds = 300
	sasl.login.refresh.min.period.seconds = 60
	sasl.login.refresh.window.factor = 0.8
	sasl.login.refresh.window.jitter = 0.05
	sasl.login.retry.backoff.max.ms = 10000
	sasl.login.retry.backoff.ms = 100
	sasl.mechanism = GSSAPI
	sasl.oauthbearer.clock.skew.seconds = 30
	sasl.oauthbearer.expected.audience = null
	sasl.oauthbearer.expected.issuer = null
	sasl.oauthbearer.jwks.endpoint.refresh.ms = 3600000
	sasl.oauthbearer.jwks.endpoint.retry.backoff.max.ms = 10000
	sasl.oauthbearer.jwks.endpoint.retry.backoff.ms = 100
	sasl.oauthbearer.jwks.endpoint.url = null
	sasl.oauthbearer.scope.claim.name = scope
	sasl.oauthbearer.sub.claim.name = sub
	sasl.oauthbearer.token.endpoint.url = null
	security.protocol = PLAINTEXT
	security.providers = null
	send.buffer.bytes = 131072
	socket.connection.setup.timeout.max.ms = 30000
	socket.connection.setup.timeout.ms = 10000
	ssl.cipher.suites = null
	ssl.enabled.protocols = [TLSv1.2, TLSv1.3]
	ssl.endpoint.identification.algorithm = https
	ssl.engine.factory.class = null
	ssl.key.password = null
	ssl.keymanager.algorithm = SunX509
	ssl.keystore.certificate.chain = null
	ssl.keystore.key = null
	ssl.keystore.location = null
	ssl.keystore.password = null
	ssl.keystore.type = JKS
	ssl.protocol = TLSv1.3
	ssl.provider = null
	ssl.secure.random.implementation = null
	ssl.trustmanager.algorithm = PKIX
	ssl.truststore.certificates = null
	ssl.truststore.location = null
	ssl.truststore.password = null
	ssl.truststore.type = JKS
	transaction.timeout.ms = 60000
	transactional.id = null
	value.serializer = class org.apache.kafka.common.serialization.ByteArraySerializer
 (org.apache.kafka.clients.producer.ProducerConfig:372)
[2026-03-04 15:47:58,437] INFO initializing Kafka metrics collector (org.apache.kafka.common.telemetry.internals.KafkaMetricsCollector:269)
[2026-03-04 15:47:58,438] INFO These configurations '[connector.client.config.override.policy, plugin.discovery, listeners, config.storage.topic, metrics.context.connect.group.id, group.id, status.storage.topic, offset.flush.interval.ms, config.storage.replication.factor, metrics.context.connect.kafka.cluster.id, status.storage.replication.factor, offset.storage.replication.factor, offset.storage.topic, value.converter, key.converter]' were supplied but are not used yet. (org.apache.kafka.clients.producer.ProducerConfig:381)
[2026-03-04 15:47:58,438] INFO Kafka version: 3.8.1 (org.apache.kafka.common.utils.AppInfoParser:124)
[2026-03-04 15:47:58,438] INFO Kafka commitId: 70d6ff42debf7e17 (org.apache.kafka.common.utils.AppInfoParser:125)
[2026-03-04 15:47:58,438] INFO Kafka startTimeMs: 1772619478438 (org.apache.kafka.common.utils.AppInfoParser:126)
[2026-03-04 15:47:58,438] INFO ConsumerConfig values: 
	allow.auto.create.topics = true
	auto.commit.interval.ms = 5000
	auto.include.jmx.reporter = true
	auto.offset.reset = earliest
	bootstrap.servers = [localhost:35583]
	check.crcs = true
	client.dns.lookup = use_all_dns_ips
	client.id = connect-integration-test-kcbq-connect-cluster-configs
	client.rack = 
	connections.max.idle.ms = 540000
	default.api.timeout.ms = 60000
	enable.auto.commit = false
	enable.metrics.push = true
	exclude.internal.topics = true
	fetch.max.bytes = 52428800
	fetch.max.wait.ms = 500
	fetch.min.bytes = 1
	group.id = connect-integration-test-kcbq-connect-cluster
	group.instance.id = null
	group.protocol = classic
	group.remote.assignor = null
	heartbeat.interval.ms = 3000
	interceptor.classes = []
	internal.leave.group.on.close = true
	internal.throw.on.fetch.stable.offset.unsupported = false
	isolation.level = read_uncommitted
	key.deserializer = class org.apache.kafka.common.serialization.StringDeserializer
	max.partition.fetch.bytes = 1048576
	max.poll.interval.ms = 300000
	max.poll.records = 500
	metadata.max.age.ms = 300000
	metadata.recovery.strategy = none
	metric.reporters = []
	metrics.num.samples = 2
	metrics.recording.level = INFO
	metrics.sample.window.ms = 30000
	partition.assignment.strategy = [class org.apache.kafka.clients.consumer.RangeAssignor, class org.apache.kafka.clients.consumer.CooperativeStickyAssignor]
	receive.buffer.bytes = 65536
	reconnect.backoff.max.ms = 1000
	reconnect.backoff.ms = 50
	request.timeout.ms = 30000
	retry.backoff.max.ms = 1000
	retry.backoff.ms = 100
	sasl.client.callback.handler.class = null
	sasl.jaas.config = null
	sasl.kerberos.kinit.cmd = /usr/bin/kinit
	sasl.kerberos.min.time.before.relogin = 60000
	sasl.kerberos.service.name = null
	sasl.kerberos.ticket.renew.jitter = 0.05
	sasl.kerberos.ticket.renew.window.factor = 0.8
	sasl.login.callback.handler.class = null
	sasl.login.class = null
	sasl.login.connect.timeout.ms = null
	sasl.login.read.timeout.ms = null
	sasl.login.refresh.buffer.seconds = 300
	sasl.login.refresh.min.period.seconds = 60
	sasl.login.refresh.window.factor = 0.8
	sasl.login.refresh.window.jitter = 0.05
	sasl.login.retry.backoff.max.ms = 10000
	sasl.login.retry.backoff.ms = 100
	sasl.mechanism = GSSAPI
	sasl.oauthbearer.clock.skew.seconds = 30
	sasl.oauthbearer.expected.audience = null
	sasl.oauthbearer.expected.issuer = null
	sasl.oauthbearer.jwks.endpoint.refresh.ms = 3600000
	sasl.oauthbearer.jwks.endpoint.retry.backoff.max.ms = 10000
	sasl.oauthbearer.jwks.endpoint.retry.backoff.ms = 100
	sasl.oauthbearer.jwks.endpoint.url = null
	sasl.oauthbearer.scope.claim.name = scope
	sasl.oauthbearer.sub.claim.name = sub
	sasl.oauthbearer.token.endpoint.url = null
	security.protocol = PLAINTEXT
	security.providers = null
	send.buffer.bytes = 131072
	session.timeout.ms = 45000
	socket.connection.setup.timeout.max.ms = 30000
	socket.connection.setup.timeout.ms = 10000
	ssl.cipher.suites = null
	ssl.enabled.protocols = [TLSv1.2, TLSv1.3]
	ssl.endpoint.identification.algorithm = https
	ssl.engine.factory.class = null
	ssl.key.password = null
	ssl.keymanager.algorithm = SunX509
	ssl.keystore.certificate.chain = null
	ssl.keystore.key = null
	ssl.keystore.location = null
	ssl.keystore.password = null
	ssl.keystore.type = JKS
	ssl.protocol = TLSv1.3
	ssl.provider = null
	ssl.secure.random.implementation = null
	ssl.trustmanager.algorithm = PKIX
	ssl.truststore.certificates = null
	ssl.truststore.location = null
	ssl.truststore.password = null
	ssl.truststore.type = JKS
	value.deserializer = class org.apache.kafka.common.serialization.ByteArrayDeserializer
 (org.apache.kafka.clients.consumer.ConsumerConfig:372)
[2026-03-04 15:47:58,439] INFO initializing Kafka metrics collector (org.apache.kafka.common.telemetry.internals.KafkaMetricsCollector:269)
[2026-03-04 15:47:58,439] INFO These configurations '[connector.client.config.override.policy, plugin.discovery, listeners, config.storage.topic, metrics.context.connect.group.id, status.storage.topic, offset.flush.interval.ms, config.storage.replication.factor, metrics.context.connect.kafka.cluster.id, status.storage.replication.factor, offset.storage.replication.factor, offset.storage.topic, value.converter, key.converter]' were supplied but are not used yet. (org.apache.kafka.clients.consumer.ConsumerConfig:381)
[2026-03-04 15:47:58,439] INFO [Producer clientId=connect-integration-test-kcbq-connect-cluster-configs] Cluster ID: ZLwlwW0oR46i0M1D5wxHTQ (org.apache.kafka.clients.Metadata:364)
[2026-03-04 15:47:58,439] INFO Kafka version: 3.8.1 (org.apache.kafka.common.utils.AppInfoParser:124)
[2026-03-04 15:47:58,439] INFO Kafka commitId: 70d6ff42debf7e17 (org.apache.kafka.common.utils.AppInfoParser:125)
[2026-03-04 15:47:58,439] INFO Kafka startTimeMs: 1772619478439 (org.apache.kafka.common.utils.AppInfoParser:126)
[2026-03-04 15:47:58,441] INFO [Consumer clientId=connect-integration-test-kcbq-connect-cluster-configs, groupId=connect-integration-test-kcbq-connect-cluster] Cluster ID: ZLwlwW0oR46i0M1D5wxHTQ (org.apache.kafka.clients.Metadata:364)
[2026-03-04 15:47:58,441] INFO [Consumer clientId=connect-integration-test-kcbq-connect-cluster-configs, groupId=connect-integration-test-kcbq-connect-cluster] Assigned to partition(s): connect-config-topic-kcbq-connect-cluster-0 (org.apache.kafka.clients.consumer.internals.LegacyKafkaConsumer:574)
[2026-03-04 15:47:58,441] INFO [Consumer clientId=connect-integration-test-kcbq-connect-cluster-configs, groupId=connect-integration-test-kcbq-connect-cluster] Seeking to earliest offset of partition connect-config-topic-kcbq-connect-cluster-0 (org.apache.kafka.clients.consumer.internals.SubscriptionState:704)
[2026-03-04 15:47:58,444] INFO [Consumer clientId=connect-integration-test-kcbq-connect-cluster-configs, groupId=connect-integration-test-kcbq-connect-cluster] Resetting offset for partition connect-config-topic-kcbq-connect-cluster-0 to position FetchPosition{offset=0, offsetEpoch=Optional.empty, currentLeader=LeaderAndEpoch{leader=Optional[localhost:35583 (id: 0 rack: null)], epoch=0}}. (org.apache.kafka.clients.consumer.internals.SubscriptionState:398)
[2026-03-04 15:47:58,444] INFO Finished reading KafkaBasedLog for topic connect-config-topic-kcbq-connect-cluster (org.apache.kafka.connect.util.KafkaBasedLog:310)
[2026-03-04 15:47:58,444] INFO Started KafkaBasedLog for topic connect-config-topic-kcbq-connect-cluster (org.apache.kafka.connect.util.KafkaBasedLog:312)
[2026-03-04 15:47:58,444] INFO Started KafkaConfigBackingStore (org.apache.kafka.connect.storage.KafkaConfigBackingStore:400)
[2026-03-04 15:47:58,444] INFO [Worker clientId=connect-localhost:44643, groupId=connect-integration-test-kcbq-connect-cluster] Herder started (org.apache.kafka.connect.runtime.distributed.DistributedHerder:377)
[2026-03-04 15:47:58,446] INFO [Worker clientId=connect-localhost:44643, groupId=connect-integration-test-kcbq-connect-cluster] Cluster ID: ZLwlwW0oR46i0M1D5wxHTQ (org.apache.kafka.clients.Metadata:364)
[2026-03-04 15:47:58,449] INFO Creating topic __consumer_offsets with configuration {compression.type=producer, cleanup.policy=compact, segment.bytes=104857600} and initial partition assignment Map(23 -> ArrayBuffer(0), 32 -> ArrayBuffer(0), 41 -> ArrayBuffer(0), 17 -> ArrayBuffer(0), 8 -> ArrayBuffer(0), 35 -> ArrayBuffer(0), 44 -> ArrayBuffer(0), 26 -> ArrayBuffer(0), 11 -> ArrayBuffer(0), 29 -> ArrayBuffer(0), 38 -> ArrayBuffer(0), 47 -> ArrayBuffer(0), 20 -> ArrayBuffer(0), 2 -> ArrayBuffer(0), 5 -> ArrayBuffer(0), 14 -> ArrayBuffer(0), 46 -> ArrayBuffer(0), 49 -> ArrayBuffer(0), 40 -> ArrayBuffer(0), 13 -> ArrayBuffer(0), 4 -> ArrayBuffer(0), 22 -> ArrayBuffer(0), 31 -> ArrayBuffer(0), 16 -> ArrayBuffer(0), 7 -> ArrayBuffer(0), 43 -> ArrayBuffer(0), 25 -> ArrayBuffer(0), 34 -> ArrayBuffer(0), 10 -> ArrayBuffer(0), 37 -> ArrayBuffer(0), 1 -> ArrayBuffer(0), 19 -> ArrayBuffer(0), 28 -> ArrayBuffer(0), 45 -> ArrayBuffer(0), 27 -> ArrayBuffer(0), 36 -> ArrayBuffer(0), 18 -> ArrayBuffer(0), 9 -> ArrayBuffer(0), 21 -> ArrayBuffer(0), 48 -> ArrayBuffer(0), 3 -> ArrayBuffer(0), 12 -> ArrayBuffer(0), 30 -> ArrayBuffer(0), 39 -> ArrayBuffer(0), 15 -> ArrayBuffer(0), 42 -> ArrayBuffer(0), 24 -> ArrayBuffer(0), 6 -> ArrayBuffer(0), 33 -> ArrayBuffer(0), 0 -> ArrayBuffer(0)) (kafka.zk.AdminZkClient:66)
[2026-03-04 15:47:58,453] INFO [Controller id=0] New topics: [Set(__consumer_offsets)], deleted topics: [Set()], new partition replica assignment [Set(TopicIdReplicaAssignment(__consumer_offsets,Some(jXIDYo4wQSGGuQ74KBm6CQ),Map(__consumer_offsets-22 -> ReplicaAssignment(replicas=0, addingReplicas=, removingReplicas=), __consumer_offsets-30 -> ReplicaAssignment(replicas=0, addingReplicas=, removingReplicas=), __consumer_offsets-8 -> ReplicaAssignment(replicas=0, addingReplicas=, removingReplicas=), __consumer_offsets-21 -> ReplicaAssignment(replicas=0, addingReplicas=, removingReplicas=), __consumer_offsets-4 -> ReplicaAssignment(replicas=0, addingReplicas=, removingReplicas=), __consumer_offsets-27 -> ReplicaAssignment(replicas=0, addingReplicas=, removingReplicas=), __consumer_offsets-7 -> ReplicaAssignment(replicas=0, addingReplicas=, removingReplicas=), __consumer_offsets-9 -> ReplicaAssignment(replicas=0, addingReplicas=, removingReplicas=), __consumer_offsets-46 -> ReplicaAssignment(replicas=0, addingReplicas=, removingReplicas=), __consumer_offsets-25 -> ReplicaAssignment(replicas=0, addingReplicas=, removingReplicas=), __consumer_offsets-35 -> ReplicaAssignment(replicas=0, addingReplicas=, removingReplicas=), __consumer_offsets-41 -> ReplicaAssignment(replicas=0, addingReplicas=, removingReplicas=), __consumer_offsets-33 -> ReplicaAssignment(replicas=0, addingReplicas=, removingReplicas=), __consumer_offsets-23 -> ReplicaAssignment(replicas=0, addingReplicas=, removingReplicas=), __consumer_offsets-49 -> ReplicaAssignment(replicas=0, addingReplicas=, removingReplicas=), __consumer_offsets-47 -> ReplicaAssignment(replicas=0, addingReplicas=, removingReplicas=), __consumer_offsets-16 -> ReplicaAssignment(replicas=0, addingReplicas=, removingReplicas=), __consumer_offsets-28 -> ReplicaAssignment(replicas=0, addingReplicas=, removingReplicas=), __consumer_offsets-31 -> ReplicaAssignment(replicas=0, addingReplicas=, removingReplicas=), __consumer_offsets-36 -> ReplicaAssignment(replicas=0, addingReplicas=, removingReplicas=), __consumer_offsets-42 -> ReplicaAssignment(replicas=0, addingReplicas=, removingReplicas=), __consumer_offsets-3 -> ReplicaAssignment(replicas=0, addingReplicas=, removingReplicas=), __consumer_offsets-18 -> ReplicaAssignment(replicas=0, addingReplicas=, removingReplicas=), __consumer_offsets-37 -> ReplicaAssignment(replicas=0, addingReplicas=, removingReplicas=), __consumer_offsets-15 -> ReplicaAssignment(replicas=0, addingReplicas=, removingReplicas=), __consumer_offsets-24 -> ReplicaAssignment(replicas=0, addingReplicas=, removingReplicas=), __consumer_offsets-38 -> ReplicaAssignment(replicas=0, addingReplicas=, removingReplicas=), __consumer_offsets-17 -> ReplicaAssignment(replicas=0, addingReplicas=, removingReplicas=), __consumer_offsets-48 -> ReplicaAssignment(replicas=0, addingReplicas=, removingReplicas=), __consumer_offsets-19 -> ReplicaAssignment(replicas=0, addingReplicas=, removingReplicas=), __consumer_offsets-11 -> ReplicaAssignment(replicas=0, addingReplicas=, removingReplicas=), __consumer_offsets-13 -> ReplicaAssignment(replicas=0, addingReplicas=, removingReplicas=), __consumer_offsets-2 -> ReplicaAssignment(replicas=0, addingReplicas=, removingReplicas=), __consumer_offsets-43 -> ReplicaAssignment(replicas=0, addingReplicas=, removingReplicas=), __consumer_offsets-6 -> ReplicaAssignment(replicas=0, addingReplicas=, removingReplicas=), __consumer_offsets-14 -> ReplicaAssignment(replicas=0, addingReplicas=, removingReplicas=), __consumer_offsets-20 -> ReplicaAssignment(replicas=0, addingReplicas=, removingReplicas=), __consumer_offsets-0 -> ReplicaAssignment(replicas=0, addingReplicas=, removingReplicas=), __consumer_offsets-44 -> ReplicaAssignment(replicas=0, addingReplicas=, removingReplicas=), __consumer_offsets-39 -> ReplicaAssignment(replicas=0, addingReplicas=, removingReplicas=), __consumer_offsets-12 -> ReplicaAssignment(replicas=0, addingReplicas=, removingReplicas=), __consumer_offsets-45 -> ReplicaAssignment(replicas=0, addingReplicas=, removingReplicas=), __consumer_offsets-1 -> ReplicaAssignment(replicas=0, addingReplicas=, removingReplicas=), __consumer_offsets-5 -> ReplicaAssignment(replicas=0, addingReplicas=, removingReplicas=), __consumer_offsets-26 -> ReplicaAssignment(replicas=0, addingReplicas=, removingReplicas=), __consumer_offsets-29 -> ReplicaAssignment(replicas=0, addingReplicas=, removingReplicas=), __consumer_offsets-34 -> ReplicaAssignment(replicas=0, addingReplicas=, removingReplicas=), __consumer_offsets-10 -> ReplicaAssignment(replicas=0, addingReplicas=, removingReplicas=), __consumer_offsets-32 -> ReplicaAssignment(replicas=0, addingReplicas=, removingReplicas=), __consumer_offsets-40 -> ReplicaAssignment(replicas=0, addingReplicas=, removingReplicas=))))] (kafka.controller.KafkaController:66)
[2026-03-04 15:47:58,453] INFO [Controller id=0] New partition creation callback for __consumer_offsets-22,__consumer_offsets-30,__consumer_offsets-8,__consumer_offsets-21,__consumer_offsets-4,__consumer_offsets-27,__consumer_offsets-7,__consumer_offsets-9,__consumer_offsets-46,__consumer_offsets-25,__consumer_offsets-35,__consumer_offsets-41,__consumer_offsets-33,__consumer_offsets-23,__consumer_offsets-49,__consumer_offsets-47,__consumer_offsets-16,__consumer_offsets-28,__consumer_offsets-31,__consumer_offsets-36,__consumer_offsets-42,__consumer_offsets-3,__consumer_offsets-18,__consumer_offsets-37,__consumer_offsets-15,__consumer_offsets-24,__consumer_offsets-38,__consumer_offsets-17,__consumer_offsets-48,__consumer_offsets-19,__consumer_offsets-11,__consumer_offsets-13,__consumer_offsets-2,__consumer_offsets-43,__consumer_offsets-6,__consumer_offsets-14,__consumer_offsets-20,__consumer_offsets-0,__consumer_offsets-44,__consumer_offsets-39,__consumer_offsets-12,__consumer_offsets-45,__consumer_offsets-1,__consumer_offsets-5,__consumer_offsets-26,__consumer_offsets-29,__consumer_offsets-34,__consumer_offsets-10,__consumer_offsets-32,__consumer_offsets-40 (kafka.controller.KafkaController:66)
[2026-03-04 15:47:58,453] INFO [Controller id=0 epoch=1] Changed partition __consumer_offsets-22 state from NonExistentPartition to NewPartition with assigned replicas 0 (state.change.logger:66)
[2026-03-04 15:47:58,453] INFO [Controller id=0 epoch=1] Changed partition __consumer_offsets-30 state from NonExistentPartition to NewPartition with assigned replicas 0 (state.change.logger:66)
[2026-03-04 15:47:58,453] INFO [Controller id=0 epoch=1] Changed partition __consumer_offsets-8 state from NonExistentPartition to NewPartition with assigned replicas 0 (state.change.logger:66)
[2026-03-04 15:47:58,453] INFO [Controller id=0 epoch=1] Changed partition __consumer_offsets-21 state from NonExistentPartition to NewPartition with assigned replicas 0 (state.change.logger:66)
[2026-03-04 15:47:58,453] INFO [Controller id=0 epoch=1] Changed partition __consumer_offsets-4 state from NonExistentPartition to NewPartition with assigned replicas 0 (state.change.logger:66)
[2026-03-04 15:47:58,453] INFO [Controller id=0 epoch=1] Changed partition __consumer_offsets-27 state from NonExistentPartition to NewPartition with assigned replicas 0 (state.change.logger:66)
[2026-03-04 15:47:58,453] INFO [Controller id=0 epoch=1] Changed partition __consumer_offsets-7 state from NonExistentPartition to NewPartition with assigned replicas 0 (state.change.logger:66)
[2026-03-04 15:47:58,453] INFO [Controller id=0 epoch=1] Changed partition __consumer_offsets-9 state from NonExistentPartition to NewPartition with assigned replicas 0 (state.change.logger:66)
[2026-03-04 15:47:58,453] INFO [Controller id=0 epoch=1] Changed partition __consumer_offsets-46 state from NonExistentPartition to NewPartition with assigned replicas 0 (state.change.logger:66)
[2026-03-04 15:47:58,453] INFO [Controller id=0 epoch=1] Changed partition __consumer_offsets-25 state from NonExistentPartition to NewPartition with assigned replicas 0 (state.change.logger:66)
[2026-03-04 15:47:58,453] INFO [Controller id=0 epoch=1] Changed partition __consumer_offsets-35 state from NonExistentPartition to NewPartition with assigned replicas 0 (state.change.logger:66)
[2026-03-04 15:47:58,453] INFO [Controller id=0 epoch=1] Changed partition __consumer_offsets-41 state from NonExistentPartition to NewPartition with assigned replicas 0 (state.change.logger:66)
[2026-03-04 15:47:58,453] INFO [Controller id=0 epoch=1] Changed partition __consumer_offsets-33 state from NonExistentPartition to NewPartition with assigned replicas 0 (state.change.logger:66)
[2026-03-04 15:47:58,453] INFO [Controller id=0 epoch=1] Changed partition __consumer_offsets-23 state from NonExistentPartition to NewPartition with assigned replicas 0 (state.change.logger:66)
[2026-03-04 15:47:58,453] INFO [Controller id=0 epoch=1] Changed partition __consumer_offsets-49 state from NonExistentPartition to NewPartition with assigned replicas 0 (state.change.logger:66)
[2026-03-04 15:47:58,453] INFO [Controller id=0 epoch=1] Changed partition __consumer_offsets-47 state from NonExistentPartition to NewPartition with assigned replicas 0 (state.change.logger:66)
[2026-03-04 15:47:58,453] INFO [Controller id=0 epoch=1] Changed partition __consumer_offsets-16 state from NonExistentPartition to NewPartition with assigned replicas 0 (state.change.logger:66)
[2026-03-04 15:47:58,453] INFO [Controller id=0 epoch=1] Changed partition __consumer_offsets-28 state from NonExistentPartition to NewPartition with assigned replicas 0 (state.change.logger:66)
[2026-03-04 15:47:58,453] INFO [Controller id=0 epoch=1] Changed partition __consumer_offsets-31 state from NonExistentPartition to NewPartition with assigned replicas 0 (state.change.logger:66)
[2026-03-04 15:47:58,453] INFO [Controller id=0 epoch=1] Changed partition __consumer_offsets-36 state from NonExistentPartition to NewPartition with assigned replicas 0 (state.change.logger:66)
[2026-03-04 15:47:58,453] INFO [Controller id=0 epoch=1] Changed partition __consumer_offsets-42 state from NonExistentPartition to NewPartition with assigned replicas 0 (state.change.logger:66)
[2026-03-04 15:47:58,453] INFO [Controller id=0 epoch=1] Changed partition __consumer_offsets-3 state from NonExistentPartition to NewPartition with assigned replicas 0 (state.change.logger:66)
[2026-03-04 15:47:58,453] INFO [Controller id=0 epoch=1] Changed partition __consumer_offsets-18 state from NonExistentPartition to NewPartition with assigned replicas 0 (state.change.logger:66)
[2026-03-04 15:47:58,453] INFO [Controller id=0 epoch=1] Changed partition __consumer_offsets-37 state from NonExistentPartition to NewPartition with assigned replicas 0 (state.change.logger:66)
[2026-03-04 15:47:58,453] INFO [Controller id=0 epoch=1] Changed partition __consumer_offsets-15 state from NonExistentPartition to NewPartition with assigned replicas 0 (state.change.logger:66)
[2026-03-04 15:47:58,453] INFO [Controller id=0 epoch=1] Changed partition __consumer_offsets-24 state from NonExistentPartition to NewPartition with assigned replicas 0 (state.change.logger:66)
[2026-03-04 15:47:58,453] INFO [Controller id=0 epoch=1] Changed partition __consumer_offsets-38 state from NonExistentPartition to NewPartition with assigned replicas 0 (state.change.logger:66)
[2026-03-04 15:47:58,453] INFO [Controller id=0 epoch=1] Changed partition __consumer_offsets-17 state from NonExistentPartition to NewPartition with assigned replicas 0 (state.change.logger:66)
[2026-03-04 15:47:58,453] INFO [Controller id=0 epoch=1] Changed partition __consumer_offsets-48 state from NonExistentPartition to NewPartition with assigned replicas 0 (state.change.logger:66)
[2026-03-04 15:47:58,453] INFO [Controller id=0 epoch=1] Changed partition __consumer_offsets-19 state from NonExistentPartition to NewPartition with assigned replicas 0 (state.change.logger:66)
[2026-03-04 15:47:58,454] INFO [Controller id=0 epoch=1] Changed partition __consumer_offsets-11 state from NonExistentPartition to NewPartition with assigned replicas 0 (state.change.logger:66)
[2026-03-04 15:47:58,454] INFO [Controller id=0 epoch=1] Changed partition __consumer_offsets-13 state from NonExistentPartition to NewPartition with assigned replicas 0 (state.change.logger:66)
[2026-03-04 15:47:58,454] INFO [Controller id=0 epoch=1] Changed partition __consumer_offsets-2 state from NonExistentPartition to NewPartition with assigned replicas 0 (state.change.logger:66)
[2026-03-04 15:47:58,454] INFO [Controller id=0 epoch=1] Changed partition __consumer_offsets-43 state from NonExistentPartition to NewPartition with assigned replicas 0 (state.change.logger:66)
[2026-03-04 15:47:58,454] INFO [Controller id=0 epoch=1] Changed partition __consumer_offsets-6 state from NonExistentPartition to NewPartition with assigned replicas 0 (state.change.logger:66)
[2026-03-04 15:47:58,454] INFO [Controller id=0 epoch=1] Changed partition __consumer_offsets-14 state from NonExistentPartition to NewPartition with assigned replicas 0 (state.change.logger:66)
[2026-03-04 15:47:58,454] INFO [Controller id=0 epoch=1] Changed partition __consumer_offsets-20 state from NonExistentPartition to NewPartition with assigned replicas 0 (state.change.logger:66)
[2026-03-04 15:47:58,454] INFO [Controller id=0 epoch=1] Changed partition __consumer_offsets-0 state from NonExistentPartition to NewPartition with assigned replicas 0 (state.change.logger:66)
[2026-03-04 15:47:58,454] INFO [Controller id=0 epoch=1] Changed partition __consumer_offsets-44 state from NonExistentPartition to NewPartition with assigned replicas 0 (state.change.logger:66)
[2026-03-04 15:47:58,454] INFO [Controller id=0 epoch=1] Changed partition __consumer_offsets-39 state from NonExistentPartition to NewPartition with assigned replicas 0 (state.change.logger:66)
[2026-03-04 15:47:58,454] INFO [Controller id=0 epoch=1] Changed partition __consumer_offsets-12 state from NonExistentPartition to NewPartition with assigned replicas 0 (state.change.logger:66)
[2026-03-04 15:47:58,454] INFO [Controller id=0 epoch=1] Changed partition __consumer_offsets-45 state from NonExistentPartition to NewPartition with assigned replicas 0 (state.change.logger:66)
[2026-03-04 15:47:58,454] INFO [Controller id=0 epoch=1] Changed partition __consumer_offsets-1 state from NonExistentPartition to NewPartition with assigned replicas 0 (state.change.logger:66)
[2026-03-04 15:47:58,454] INFO [Controller id=0 epoch=1] Changed partition __consumer_offsets-5 state from NonExistentPartition to NewPartition with assigned replicas 0 (state.change.logger:66)
[2026-03-04 15:47:58,454] INFO [Controller id=0 epoch=1] Changed partition __consumer_offsets-26 state from NonExistentPartition to NewPartition with assigned replicas 0 (state.change.logger:66)
[2026-03-04 15:47:58,454] INFO [Controller id=0 epoch=1] Changed partition __consumer_offsets-29 state from NonExistentPartition to NewPartition with assigned replicas 0 (state.change.logger:66)
[2026-03-04 15:47:58,454] INFO [Controller id=0 epoch=1] Changed partition __consumer_offsets-34 state from NonExistentPartition to NewPartition with assigned replicas 0 (state.change.logger:66)
[2026-03-04 15:47:58,454] INFO [Controller id=0 epoch=1] Changed partition __consumer_offsets-10 state from NonExistentPartition to NewPartition with assigned replicas 0 (state.change.logger:66)
[2026-03-04 15:47:58,454] INFO [Controller id=0 epoch=1] Changed partition __consumer_offsets-32 state from NonExistentPartition to NewPartition with assigned replicas 0 (state.change.logger:66)
[2026-03-04 15:47:58,454] INFO [Controller id=0 epoch=1] Changed partition __consumer_offsets-40 state from NonExistentPartition to NewPartition with assigned replicas 0 (state.change.logger:66)
[2026-03-04 15:47:58,454] INFO [Controller id=0 epoch=1] Sending UpdateMetadata request to brokers Set() for 0 partitions (state.change.logger:66)
[2026-03-04 15:47:58,454] INFO [Controller id=0 epoch=1] Sending UpdateMetadata request to brokers Set() for 0 partitions (state.change.logger:66)
[2026-03-04 15:47:58,455] INFO Started o.e.j.s.ServletContextHandler@14432052{/,null,AVAILABLE} (org.eclipse.jetty.server.handler.ContextHandler:921)
[2026-03-04 15:47:58,455] INFO REST resources initialized; server is started and ready to handle requests (org.apache.kafka.connect.runtime.rest.RestServer:299)
[2026-03-04 15:47:58,455] INFO Kafka Connect started (org.apache.kafka.connect.runtime.Connect:57)
[2026-03-04 15:47:58,460] INFO Completed startup of 1 Kafka brokers (org.apache.kafka.connect.util.clusters.EmbeddedConnect:143)
[2026-03-04 15:47:58,466] INFO [Controller id=0 epoch=1] Changed partition __consumer_offsets-22 from NewPartition to OnlinePartition with state LeaderAndIsr(leader=0, leaderEpoch=0, isrWithBrokerEpoch=List(BrokerState(brokerId=0, brokerEpoch=-1)), leaderRecoveryState=RECOVERED, partitionEpoch=0) (state.change.logger:66)
[2026-03-04 15:47:58,467] INFO [Controller id=0 epoch=1] Changed partition __consumer_offsets-30 from NewPartition to OnlinePartition with state LeaderAndIsr(leader=0, leaderEpoch=0, isrWithBrokerEpoch=List(BrokerState(brokerId=0, brokerEpoch=-1)), leaderRecoveryState=RECOVERED, partitionEpoch=0) (state.change.logger:66)
[2026-03-04 15:47:58,467] INFO [Controller id=0 epoch=1] Changed partition __consumer_offsets-8 from NewPartition to OnlinePartition with state LeaderAndIsr(leader=0, leaderEpoch=0, isrWithBrokerEpoch=List(BrokerState(brokerId=0, brokerEpoch=-1)), leaderRecoveryState=RECOVERED, partitionEpoch=0) (state.change.logger:66)
[2026-03-04 15:47:58,467] INFO [Controller id=0 epoch=1] Changed partition __consumer_offsets-21 from NewPartition to OnlinePartition with state LeaderAndIsr(leader=0, leaderEpoch=0, isrWithBrokerEpoch=List(BrokerState(brokerId=0, brokerEpoch=-1)), leaderRecoveryState=RECOVERED, partitionEpoch=0) (state.change.logger:66)
[2026-03-04 15:47:58,467] INFO [Controller id=0 epoch=1] Changed partition __consumer_offsets-4 from NewPartition to OnlinePartition with state LeaderAndIsr(leader=0, leaderEpoch=0, isrWithBrokerEpoch=List(BrokerState(brokerId=0, brokerEpoch=-1)), leaderRecoveryState=RECOVERED, partitionEpoch=0) (state.change.logger:66)
[2026-03-04 15:47:58,467] INFO [Controller id=0 epoch=1] Changed partition __consumer_offsets-27 from NewPartition to OnlinePartition with state LeaderAndIsr(leader=0, leaderEpoch=0, isrWithBrokerEpoch=List(BrokerState(brokerId=0, brokerEpoch=-1)), leaderRecoveryState=RECOVERED, partitionEpoch=0) (state.change.logger:66)
[2026-03-04 15:47:58,467] INFO [Controller id=0 epoch=1] Changed partition __consumer_offsets-7 from NewPartition to OnlinePartition with state LeaderAndIsr(leader=0, leaderEpoch=0, isrWithBrokerEpoch=List(BrokerState(brokerId=0, brokerEpoch=-1)), leaderRecoveryState=RECOVERED, partitionEpoch=0) (state.change.logger:66)
[2026-03-04 15:47:58,467] INFO [Controller id=0 epoch=1] Changed partition __consumer_offsets-9 from NewPartition to OnlinePartition with state LeaderAndIsr(leader=0, leaderEpoch=0, isrWithBrokerEpoch=List(BrokerState(brokerId=0, brokerEpoch=-1)), leaderRecoveryState=RECOVERED, partitionEpoch=0) (state.change.logger:66)
[2026-03-04 15:47:58,467] INFO [Controller id=0 epoch=1] Changed partition __consumer_offsets-46 from NewPartition to OnlinePartition with state LeaderAndIsr(leader=0, leaderEpoch=0, isrWithBrokerEpoch=List(BrokerState(brokerId=0, brokerEpoch=-1)), leaderRecoveryState=RECOVERED, partitionEpoch=0) (state.change.logger:66)
[2026-03-04 15:47:58,467] INFO [Controller id=0 epoch=1] Changed partition __consumer_offsets-25 from NewPartition to OnlinePartition with state LeaderAndIsr(leader=0, leaderEpoch=0, isrWithBrokerEpoch=List(BrokerState(brokerId=0, brokerEpoch=-1)), leaderRecoveryState=RECOVERED, partitionEpoch=0) (state.change.logger:66)
[2026-03-04 15:47:58,467] INFO [Controller id=0 epoch=1] Changed partition __consumer_offsets-35 from NewPartition to OnlinePartition with state LeaderAndIsr(leader=0, leaderEpoch=0, isrWithBrokerEpoch=List(BrokerState(brokerId=0, brokerEpoch=-1)), leaderRecoveryState=RECOVERED, partitionEpoch=0) (state.change.logger:66)
[2026-03-04 15:47:58,467] INFO [Controller id=0 epoch=1] Changed partition __consumer_offsets-41 from NewPartition to OnlinePartition with state LeaderAndIsr(leader=0, leaderEpoch=0, isrWithBrokerEpoch=List(BrokerState(brokerId=0, brokerEpoch=-1)), leaderRecoveryState=RECOVERED, partitionEpoch=0) (state.change.logger:66)
[2026-03-04 15:47:58,467] INFO [Controller id=0 epoch=1] Changed partition __consumer_offsets-33 from NewPartition to OnlinePartition with state LeaderAndIsr(leader=0, leaderEpoch=0, isrWithBrokerEpoch=List(BrokerState(brokerId=0, brokerEpoch=-1)), leaderRecoveryState=RECOVERED, partitionEpoch=0) (state.change.logger:66)
[2026-03-04 15:47:58,467] INFO [Controller id=0 epoch=1] Changed partition __consumer_offsets-23 from NewPartition to OnlinePartition with state LeaderAndIsr(leader=0, leaderEpoch=0, isrWithBrokerEpoch=List(BrokerState(brokerId=0, brokerEpoch=-1)), leaderRecoveryState=RECOVERED, partitionEpoch=0) (state.change.logger:66)
[2026-03-04 15:47:58,467] INFO [Controller id=0 epoch=1] Changed partition __consumer_offsets-49 from NewPartition to OnlinePartition with state LeaderAndIsr(leader=0, leaderEpoch=0, isrWithBrokerEpoch=List(BrokerState(brokerId=0, brokerEpoch=-1)), leaderRecoveryState=RECOVERED, partitionEpoch=0) (state.change.logger:66)
[2026-03-04 15:47:58,467] INFO [Controller id=0 epoch=1] Changed partition __consumer_offsets-47 from NewPartition to OnlinePartition with state LeaderAndIsr(leader=0, leaderEpoch=0, isrWithBrokerEpoch=List(BrokerState(brokerId=0, brokerEpoch=-1)), leaderRecoveryState=RECOVERED, partitionEpoch=0) (state.change.logger:66)
[2026-03-04 15:47:58,467] INFO [Controller id=0 epoch=1] Changed partition __consumer_offsets-16 from NewPartition to OnlinePartition with state LeaderAndIsr(leader=0, leaderEpoch=0, isrWithBrokerEpoch=List(BrokerState(brokerId=0, brokerEpoch=-1)), leaderRecoveryState=RECOVERED, partitionEpoch=0) (state.change.logger:66)
[2026-03-04 15:47:58,467] INFO [Controller id=0 epoch=1] Changed partition __consumer_offsets-28 from NewPartition to OnlinePartition with state LeaderAndIsr(leader=0, leaderEpoch=0, isrWithBrokerEpoch=List(BrokerState(brokerId=0, brokerEpoch=-1)), leaderRecoveryState=RECOVERED, partitionEpoch=0) (state.change.logger:66)
[2026-03-04 15:47:58,467] INFO [Controller id=0 epoch=1] Changed partition __consumer_offsets-31 from NewPartition to OnlinePartition with state LeaderAndIsr(leader=0, leaderEpoch=0, isrWithBrokerEpoch=List(BrokerState(brokerId=0, brokerEpoch=-1)), leaderRecoveryState=RECOVERED, partitionEpoch=0) (state.change.logger:66)
[2026-03-04 15:47:58,467] INFO [Controller id=0 epoch=1] Changed partition __consumer_offsets-36 from NewPartition to OnlinePartition with state LeaderAndIsr(leader=0, leaderEpoch=0, isrWithBrokerEpoch=List(BrokerState(brokerId=0, brokerEpoch=-1)), leaderRecoveryState=RECOVERED, partitionEpoch=0) (state.change.logger:66)
[2026-03-04 15:47:58,467] INFO [Controller id=0 epoch=1] Changed partition __consumer_offsets-42 from NewPartition to OnlinePartition with state LeaderAndIsr(leader=0, leaderEpoch=0, isrWithBrokerEpoch=List(BrokerState(brokerId=0, brokerEpoch=-1)), leaderRecoveryState=RECOVERED, partitionEpoch=0) (state.change.logger:66)
[2026-03-04 15:47:58,467] INFO [Controller id=0 epoch=1] Changed partition __consumer_offsets-3 from NewPartition to OnlinePartition with state LeaderAndIsr(leader=0, leaderEpoch=0, isrWithBrokerEpoch=List(BrokerState(brokerId=0, brokerEpoch=-1)), leaderRecoveryState=RECOVERED, partitionEpoch=0) (state.change.logger:66)
[2026-03-04 15:47:58,467] INFO [Controller id=0 epoch=1] Changed partition __consumer_offsets-18 from NewPartition to OnlinePartition with state LeaderAndIsr(leader=0, leaderEpoch=0, isrWithBrokerEpoch=List(BrokerState(brokerId=0, brokerEpoch=-1)), leaderRecoveryState=RECOVERED, partitionEpoch=0) (state.change.logger:66)
[2026-03-04 15:47:58,467] INFO [Controller id=0 epoch=1] Changed partition __consumer_offsets-37 from NewPartition to OnlinePartition with state LeaderAndIsr(leader=0, leaderEpoch=0, isrWithBrokerEpoch=List(BrokerState(brokerId=0, brokerEpoch=-1)), leaderRecoveryState=RECOVERED, partitionEpoch=0) (state.change.logger:66)
[2026-03-04 15:47:58,467] INFO [Controller id=0 epoch=1] Changed partition __consumer_offsets-15 from NewPartition to OnlinePartition with state LeaderAndIsr(leader=0, leaderEpoch=0, isrWithBrokerEpoch=List(BrokerState(brokerId=0, brokerEpoch=-1)), leaderRecoveryState=RECOVERED, partitionEpoch=0) (state.change.logger:66)
[2026-03-04 15:47:58,467] INFO [Controller id=0 epoch=1] Changed partition __consumer_offsets-24 from NewPartition to OnlinePartition with state LeaderAndIsr(leader=0, leaderEpoch=0, isrWithBrokerEpoch=List(BrokerState(brokerId=0, brokerEpoch=-1)), leaderRecoveryState=RECOVERED, partitionEpoch=0) (state.change.logger:66)
[2026-03-04 15:47:58,467] INFO [Controller id=0 epoch=1] Changed partition __consumer_offsets-38 from NewPartition to OnlinePartition with state LeaderAndIsr(leader=0, leaderEpoch=0, isrWithBrokerEpoch=List(BrokerState(brokerId=0, brokerEpoch=-1)), leaderRecoveryState=RECOVERED, partitionEpoch=0) (state.change.logger:66)
[2026-03-04 15:47:58,467] INFO [Controller id=0 epoch=1] Changed partition __consumer_offsets-17 from NewPartition to OnlinePartition with state LeaderAndIsr(leader=0, leaderEpoch=0, isrWithBrokerEpoch=List(BrokerState(brokerId=0, brokerEpoch=-1)), leaderRecoveryState=RECOVERED, partitionEpoch=0) (state.change.logger:66)
[2026-03-04 15:47:58,467] INFO [Controller id=0 epoch=1] Changed partition __consumer_offsets-48 from NewPartition to OnlinePartition with state LeaderAndIsr(leader=0, leaderEpoch=0, isrWithBrokerEpoch=List(BrokerState(brokerId=0, brokerEpoch=-1)), leaderRecoveryState=RECOVERED, partitionEpoch=0) (state.change.logger:66)
[2026-03-04 15:47:58,467] INFO [Controller id=0 epoch=1] Changed partition __consumer_offsets-19 from NewPartition to OnlinePartition with state LeaderAndIsr(leader=0, leaderEpoch=0, isrWithBrokerEpoch=List(BrokerState(brokerId=0, brokerEpoch=-1)), leaderRecoveryState=RECOVERED, partitionEpoch=0) (state.change.logger:66)
[2026-03-04 15:47:58,467] INFO [Controller id=0 epoch=1] Changed partition __consumer_offsets-11 from NewPartition to OnlinePartition with state LeaderAndIsr(leader=0, leaderEpoch=0, isrWithBrokerEpoch=List(BrokerState(brokerId=0, brokerEpoch=-1)), leaderRecoveryState=RECOVERED, partitionEpoch=0) (state.change.logger:66)
[2026-03-04 15:47:58,467] INFO [Controller id=0 epoch=1] Changed partition __consumer_offsets-13 from NewPartition to OnlinePartition with state LeaderAndIsr(leader=0, leaderEpoch=0, isrWithBrokerEpoch=List(BrokerState(brokerId=0, brokerEpoch=-1)), leaderRecoveryState=RECOVERED, partitionEpoch=0) (state.change.logger:66)
[2026-03-04 15:47:58,467] INFO [Controller id=0 epoch=1] Changed partition __consumer_offsets-2 from NewPartition to OnlinePartition with state LeaderAndIsr(leader=0, leaderEpoch=0, isrWithBrokerEpoch=List(BrokerState(brokerId=0, brokerEpoch=-1)), leaderRecoveryState=RECOVERED, partitionEpoch=0) (state.change.logger:66)
[2026-03-04 15:47:58,467] INFO [Controller id=0 epoch=1] Changed partition __consumer_offsets-43 from NewPartition to OnlinePartition with state LeaderAndIsr(leader=0, leaderEpoch=0, isrWithBrokerEpoch=List(BrokerState(brokerId=0, brokerEpoch=-1)), leaderRecoveryState=RECOVERED, partitionEpoch=0) (state.change.logger:66)
[2026-03-04 15:47:58,467] INFO [Controller id=0 epoch=1] Changed partition __consumer_offsets-6 from NewPartition to OnlinePartition with state LeaderAndIsr(leader=0, leaderEpoch=0, isrWithBrokerEpoch=List(BrokerState(brokerId=0, brokerEpoch=-1)), leaderRecoveryState=RECOVERED, partitionEpoch=0) (state.change.logger:66)
[2026-03-04 15:47:58,467] INFO [Controller id=0 epoch=1] Changed partition __consumer_offsets-14 from NewPartition to OnlinePartition with state LeaderAndIsr(leader=0, leaderEpoch=0, isrWithBrokerEpoch=List(BrokerState(brokerId=0, brokerEpoch=-1)), leaderRecoveryState=RECOVERED, partitionEpoch=0) (state.change.logger:66)
[2026-03-04 15:47:58,467] INFO [Controller id=0 epoch=1] Changed partition __consumer_offsets-20 from NewPartition to OnlinePartition with state LeaderAndIsr(leader=0, leaderEpoch=0, isrWithBrokerEpoch=List(BrokerState(brokerId=0, brokerEpoch=-1)), leaderRecoveryState=RECOVERED, partitionEpoch=0) (state.change.logger:66)
[2026-03-04 15:47:58,467] INFO [Controller id=0 epoch=1] Changed partition __consumer_offsets-0 from NewPartition to OnlinePartition with state LeaderAndIsr(leader=0, leaderEpoch=0, isrWithBrokerEpoch=List(BrokerState(brokerId=0, brokerEpoch=-1)), leaderRecoveryState=RECOVERED, partitionEpoch=0) (state.change.logger:66)
[2026-03-04 15:47:58,467] INFO [Controller id=0 epoch=1] Changed partition __consumer_offsets-44 from NewPartition to OnlinePartition with state LeaderAndIsr(leader=0, leaderEpoch=0, isrWithBrokerEpoch=List(BrokerState(brokerId=0, brokerEpoch=-1)), leaderRecoveryState=RECOVERED, partitionEpoch=0) (state.change.logger:66)
[2026-03-04 15:47:58,467] INFO [Controller id=0 epoch=1] Changed partition __consumer_offsets-39 from NewPartition to OnlinePartition with state LeaderAndIsr(leader=0, leaderEpoch=0, isrWithBrokerEpoch=List(BrokerState(brokerId=0, brokerEpoch=-1)), leaderRecoveryState=RECOVERED, partitionEpoch=0) (state.change.logger:66)
[2026-03-04 15:47:58,467] INFO [Controller id=0 epoch=1] Changed partition __consumer_offsets-12 from NewPartition to OnlinePartition with state LeaderAndIsr(leader=0, leaderEpoch=0, isrWithBrokerEpoch=List(BrokerState(brokerId=0, brokerEpoch=-1)), leaderRecoveryState=RECOVERED, partitionEpoch=0) (state.change.logger:66)
[2026-03-04 15:47:58,467] INFO [Controller id=0 epoch=1] Changed partition __consumer_offsets-45 from NewPartition to OnlinePartition with state LeaderAndIsr(leader=0, leaderEpoch=0, isrWithBrokerEpoch=List(BrokerState(brokerId=0, brokerEpoch=-1)), leaderRecoveryState=RECOVERED, partitionEpoch=0) (state.change.logger:66)
[2026-03-04 15:47:58,467] INFO [Controller id=0 epoch=1] Changed partition __consumer_offsets-1 from NewPartition to OnlinePartition with state LeaderAndIsr(leader=0, leaderEpoch=0, isrWithBrokerEpoch=List(BrokerState(brokerId=0, brokerEpoch=-1)), leaderRecoveryState=RECOVERED, partitionEpoch=0) (state.change.logger:66)
[2026-03-04 15:47:58,467] INFO [Controller id=0 epoch=1] Changed partition __consumer_offsets-5 from NewPartition to OnlinePartition with state LeaderAndIsr(leader=0, leaderEpoch=0, isrWithBrokerEpoch=List(BrokerState(brokerId=0, brokerEpoch=-1)), leaderRecoveryState=RECOVERED, partitionEpoch=0) (state.change.logger:66)
[2026-03-04 15:47:58,467] INFO [Controller id=0 epoch=1] Changed partition __consumer_offsets-26 from NewPartition to OnlinePartition with state LeaderAndIsr(leader=0, leaderEpoch=0, isrWithBrokerEpoch=List(BrokerState(brokerId=0, brokerEpoch=-1)), leaderRecoveryState=RECOVERED, partitionEpoch=0) (state.change.logger:66)
[2026-03-04 15:47:58,467] INFO [Controller id=0 epoch=1] Changed partition __consumer_offsets-29 from NewPartition to OnlinePartition with state LeaderAndIsr(leader=0, leaderEpoch=0, isrWithBrokerEpoch=List(BrokerState(brokerId=0, brokerEpoch=-1)), leaderRecoveryState=RECOVERED, partitionEpoch=0) (state.change.logger:66)
[2026-03-04 15:47:58,467] INFO [Controller id=0 epoch=1] Changed partition __consumer_offsets-34 from NewPartition to OnlinePartition with state LeaderAndIsr(leader=0, leaderEpoch=0, isrWithBrokerEpoch=List(BrokerState(brokerId=0, brokerEpoch=-1)), leaderRecoveryState=RECOVERED, partitionEpoch=0) (state.change.logger:66)
[2026-03-04 15:47:58,467] INFO [Controller id=0 epoch=1] Changed partition __consumer_offsets-10 from NewPartition to OnlinePartition with state LeaderAndIsr(leader=0, leaderEpoch=0, isrWithBrokerEpoch=List(BrokerState(brokerId=0, brokerEpoch=-1)), leaderRecoveryState=RECOVERED, partitionEpoch=0) (state.change.logger:66)
[2026-03-04 15:47:58,467] INFO [Controller id=0 epoch=1] Changed partition __consumer_offsets-32 from NewPartition to OnlinePartition with state LeaderAndIsr(leader=0, leaderEpoch=0, isrWithBrokerEpoch=List(BrokerState(brokerId=0, brokerEpoch=-1)), leaderRecoveryState=RECOVERED, partitionEpoch=0) (state.change.logger:66)
[2026-03-04 15:47:58,467] INFO [Controller id=0 epoch=1] Changed partition __consumer_offsets-40 from NewPartition to OnlinePartition with state LeaderAndIsr(leader=0, leaderEpoch=0, isrWithBrokerEpoch=List(BrokerState(brokerId=0, brokerEpoch=-1)), leaderRecoveryState=RECOVERED, partitionEpoch=0) (state.change.logger:66)
[2026-03-04 15:47:58,468] INFO [Controller id=0 epoch=1] Sending LeaderAndIsr request to broker 0 with 50 become-leader and 0 become-follower partitions (state.change.logger:66)
[2026-03-04 15:47:58,468] INFO [Controller id=0 epoch=1] Sending UpdateMetadata request to brokers Set(0) for 50 partitions (state.change.logger:66)
[2026-03-04 15:47:58,468] INFO [Controller id=0 epoch=1] Sending UpdateMetadata request to brokers Set() for 0 partitions (state.change.logger:66)
[2026-03-04 15:47:58,468] INFO [Broker id=0] Handling LeaderAndIsr request correlationId 7 from controller 0 for 50 partitions (state.change.logger:66)
[2026-03-04 15:47:58,471] INFO [ReplicaFetcherManager on broker 0] Removed fetcher for partitions Set(__consumer_offsets-22, __consumer_offsets-30, __consumer_offsets-8, __consumer_offsets-21, __consumer_offsets-4, __consumer_offsets-27, __consumer_offsets-7, __consumer_offsets-9, __consumer_offsets-46, __consumer_offsets-25, __consumer_offsets-35, __consumer_offsets-41, __consumer_offsets-33, __consumer_offsets-23, __consumer_offsets-49, __consumer_offsets-47, __consumer_offsets-16, __consumer_offsets-28, __consumer_offsets-31, __consumer_offsets-36, __consumer_offsets-42, __consumer_offsets-3, __consumer_offsets-18, __consumer_offsets-37, __consumer_offsets-15, __consumer_offsets-24, __consumer_offsets-38, __consumer_offsets-17, __consumer_offsets-48, __consumer_offsets-19, __consumer_offsets-11, __consumer_offsets-13, __consumer_offsets-2, __consumer_offsets-43, __consumer_offsets-6, __consumer_offsets-14, __consumer_offsets-20, __consumer_offsets-0, __consumer_offsets-44, __consumer_offsets-39, __consumer_offsets-12, __consumer_offsets-45, __consumer_offsets-1, __consumer_offsets-5, __consumer_offsets-26, __consumer_offsets-29, __consumer_offsets-34, __consumer_offsets-10, __consumer_offsets-32, __consumer_offsets-40) (kafka.server.ReplicaFetcherManager:66)
[2026-03-04 15:47:58,471] INFO [Broker id=0] Stopped fetchers as part of LeaderAndIsr request correlationId 7 from controller 0 epoch 1 as part of the become-leader transition for 50 partitions (state.change.logger:66)
[2026-03-04 15:47:58,473] INFO [LogLoader partition=__consumer_offsets-0, dir=/tmp/EmbeddedKafkaCluster11084523262086392090] Loading producer state till offset 0 with message format version 2 (kafka.log.UnifiedLog$:1937)
[2026-03-04 15:47:58,473] INFO Created log for partition __consumer_offsets-0 in /tmp/EmbeddedKafkaCluster11084523262086392090/__consumer_offsets-0 with properties {cleanup.policy=compact, compression.type="producer", segment.bytes=104857600} (kafka.log.LogManager:66)
[2026-03-04 15:47:58,473] INFO [Partition __consumer_offsets-0 broker=0] No checkpointed highwatermark is found for partition __consumer_offsets-0 (kafka.cluster.Partition:66)
[2026-03-04 15:47:58,474] INFO [Partition __consumer_offsets-0 broker=0] Log loaded for partition __consumer_offsets-0 with initial high watermark 0 (kafka.cluster.Partition:66)
[2026-03-04 15:47:58,474] INFO [Broker id=0] Leader __consumer_offsets-0 with topic id Some(jXIDYo4wQSGGuQ74KBm6CQ) starts at leader epoch 0 from offset 0 with partition epoch 0, high watermark 0, ISR [0], adding replicas [] and removing replicas [] . Previous leader None and previous leader epoch was -1. (state.change.logger:66)
[2026-03-04 15:47:58,475] INFO [LogLoader partition=__consumer_offsets-29, dir=/tmp/EmbeddedKafkaCluster11084523262086392090] Loading producer state till offset 0 with message format version 2 (kafka.log.UnifiedLog$:1937)
[2026-03-04 15:47:58,475] INFO Created log for partition __consumer_offsets-29 in /tmp/EmbeddedKafkaCluster11084523262086392090/__consumer_offsets-29 with properties {cleanup.policy=compact, compression.type="producer", segment.bytes=104857600} (kafka.log.LogManager:66)
[2026-03-04 15:47:58,475] INFO [Partition __consumer_offsets-29 broker=0] No checkpointed highwatermark is found for partition __consumer_offsets-29 (kafka.cluster.Partition:66)
[2026-03-04 15:47:58,475] INFO [Partition __consumer_offsets-29 broker=0] Log loaded for partition __consumer_offsets-29 with initial high watermark 0 (kafka.cluster.Partition:66)
[2026-03-04 15:47:58,475] INFO [Broker id=0] Leader __consumer_offsets-29 with topic id Some(jXIDYo4wQSGGuQ74KBm6CQ) starts at leader epoch 0 from offset 0 with partition epoch 0, high watermark 0, ISR [0], adding replicas [] and removing replicas [] . Previous leader None and previous leader epoch was -1. (state.change.logger:66)
[2026-03-04 15:47:58,476] INFO [LogLoader partition=__consumer_offsets-48, dir=/tmp/EmbeddedKafkaCluster11084523262086392090] Loading producer state till offset 0 with message format version 2 (kafka.log.UnifiedLog$:1937)
[2026-03-04 15:47:58,476] INFO Created log for partition __consumer_offsets-48 in /tmp/EmbeddedKafkaCluster11084523262086392090/__consumer_offsets-48 with properties {cleanup.policy=compact, compression.type="producer", segment.bytes=104857600} (kafka.log.LogManager:66)
[2026-03-04 15:47:58,476] INFO [Partition __consumer_offsets-48 broker=0] No checkpointed highwatermark is found for partition __consumer_offsets-48 (kafka.cluster.Partition:66)
[2026-03-04 15:47:58,476] INFO [Partition __consumer_offsets-48 broker=0] Log loaded for partition __consumer_offsets-48 with initial high watermark 0 (kafka.cluster.Partition:66)
[2026-03-04 15:47:58,476] INFO [Broker id=0] Leader __consumer_offsets-48 with topic id Some(jXIDYo4wQSGGuQ74KBm6CQ) starts at leader epoch 0 from offset 0 with partition epoch 0, high watermark 0, ISR [0], adding replicas [] and removing replicas [] . Previous leader None and previous leader epoch was -1. (state.change.logger:66)
[2026-03-04 15:47:58,477] INFO [LogLoader partition=__consumer_offsets-10, dir=/tmp/EmbeddedKafkaCluster11084523262086392090] Loading producer state till offset 0 with message format version 2 (kafka.log.UnifiedLog$:1937)
[2026-03-04 15:47:58,477] INFO Created log for partition __consumer_offsets-10 in /tmp/EmbeddedKafkaCluster11084523262086392090/__consumer_offsets-10 with properties {cleanup.policy=compact, compression.type="producer", segment.bytes=104857600} (kafka.log.LogManager:66)
[2026-03-04 15:47:58,477] INFO [Partition __consumer_offsets-10 broker=0] No checkpointed highwatermark is found for partition __consumer_offsets-10 (kafka.cluster.Partition:66)
[2026-03-04 15:47:58,477] INFO [Partition __consumer_offsets-10 broker=0] Log loaded for partition __consumer_offsets-10 with initial high watermark 0 (kafka.cluster.Partition:66)
[2026-03-04 15:47:58,477] INFO [Broker id=0] Leader __consumer_offsets-10 with topic id Some(jXIDYo4wQSGGuQ74KBm6CQ) starts at leader epoch 0 from offset 0 with partition epoch 0, high watermark 0, ISR [0], adding replicas [] and removing replicas [] . Previous leader None and previous leader epoch was -1. (state.change.logger:66)
[2026-03-04 15:47:58,477] INFO [LogLoader partition=__consumer_offsets-45, dir=/tmp/EmbeddedKafkaCluster11084523262086392090] Loading producer state till offset 0 with message format version 2 (kafka.log.UnifiedLog$:1937)
[2026-03-04 15:47:58,478] INFO Created log for partition __consumer_offsets-45 in /tmp/EmbeddedKafkaCluster11084523262086392090/__consumer_offsets-45 with properties {cleanup.policy=compact, compression.type="producer", segment.bytes=104857600} (kafka.log.LogManager:66)
[2026-03-04 15:47:58,478] INFO [Partition __consumer_offsets-45 broker=0] No checkpointed highwatermark is found for partition __consumer_offsets-45 (kafka.cluster.Partition:66)
[2026-03-04 15:47:58,478] INFO [Partition __consumer_offsets-45 broker=0] Log loaded for partition __consumer_offsets-45 with initial high watermark 0 (kafka.cluster.Partition:66)
[2026-03-04 15:47:58,478] INFO [Broker id=0] Leader __consumer_offsets-45 with topic id Some(jXIDYo4wQSGGuQ74KBm6CQ) starts at leader epoch 0 from offset 0 with partition epoch 0, high watermark 0, ISR [0], adding replicas [] and removing replicas [] . Previous leader None and previous leader epoch was -1. (state.change.logger:66)
[2026-03-04 15:47:58,478] INFO [LogLoader partition=__consumer_offsets-26, dir=/tmp/EmbeddedKafkaCluster11084523262086392090] Loading producer state till offset 0 with message format version 2 (kafka.log.UnifiedLog$:1937)
[2026-03-04 15:47:58,478] INFO Created log for partition __consumer_offsets-26 in /tmp/EmbeddedKafkaCluster11084523262086392090/__consumer_offsets-26 with properties {cleanup.policy=compact, compression.type="producer", segment.bytes=104857600} (kafka.log.LogManager:66)
[2026-03-04 15:47:58,478] INFO [Partition __consumer_offsets-26 broker=0] No checkpointed highwatermark is found for partition __consumer_offsets-26 (kafka.cluster.Partition:66)
[2026-03-04 15:47:58,478] INFO [Partition __consumer_offsets-26 broker=0] Log loaded for partition __consumer_offsets-26 with initial high watermark 0 (kafka.cluster.Partition:66)
[2026-03-04 15:47:58,478] INFO [Broker id=0] Leader __consumer_offsets-26 with topic id Some(jXIDYo4wQSGGuQ74KBm6CQ) starts at leader epoch 0 from offset 0 with partition epoch 0, high watermark 0, ISR [0], adding replicas [] and removing replicas [] . Previous leader None and previous leader epoch was -1. (state.change.logger:66)
[2026-03-04 15:47:58,479] INFO [LogLoader partition=__consumer_offsets-7, dir=/tmp/EmbeddedKafkaCluster11084523262086392090] Loading producer state till offset 0 with message format version 2 (kafka.log.UnifiedLog$:1937)
[2026-03-04 15:47:58,479] INFO Created log for partition __consumer_offsets-7 in /tmp/EmbeddedKafkaCluster11084523262086392090/__consumer_offsets-7 with properties {cleanup.policy=compact, compression.type="producer", segment.bytes=104857600} (kafka.log.LogManager:66)
[2026-03-04 15:47:58,479] INFO [Partition __consumer_offsets-7 broker=0] No checkpointed highwatermark is found for partition __consumer_offsets-7 (kafka.cluster.Partition:66)
[2026-03-04 15:47:58,479] INFO [Partition __consumer_offsets-7 broker=0] Log loaded for partition __consumer_offsets-7 with initial high watermark 0 (kafka.cluster.Partition:66)
[2026-03-04 15:47:58,479] INFO [Broker id=0] Leader __consumer_offsets-7 with topic id Some(jXIDYo4wQSGGuQ74KBm6CQ) starts at leader epoch 0 from offset 0 with partition epoch 0, high watermark 0, ISR [0], adding replicas [] and removing replicas [] . Previous leader None and previous leader epoch was -1. (state.change.logger:66)
[2026-03-04 15:47:58,480] INFO [LogLoader partition=__consumer_offsets-42, dir=/tmp/EmbeddedKafkaCluster11084523262086392090] Loading producer state till offset 0 with message format version 2 (kafka.log.UnifiedLog$:1937)
[2026-03-04 15:47:58,480] INFO Created log for partition __consumer_offsets-42 in /tmp/EmbeddedKafkaCluster11084523262086392090/__consumer_offsets-42 with properties {cleanup.policy=compact, compression.type="producer", segment.bytes=104857600} (kafka.log.LogManager:66)
[2026-03-04 15:47:58,480] INFO [Partition __consumer_offsets-42 broker=0] No checkpointed highwatermark is found for partition __consumer_offsets-42 (kafka.cluster.Partition:66)
[2026-03-04 15:47:58,480] INFO [Partition __consumer_offsets-42 broker=0] Log loaded for partition __consumer_offsets-42 with initial high watermark 0 (kafka.cluster.Partition:66)
[2026-03-04 15:47:58,480] INFO [Broker id=0] Leader __consumer_offsets-42 with topic id Some(jXIDYo4wQSGGuQ74KBm6CQ) starts at leader epoch 0 from offset 0 with partition epoch 0, high watermark 0, ISR [0], adding replicas [] and removing replicas [] . Previous leader None and previous leader epoch was -1. (state.change.logger:66)
[2026-03-04 15:47:58,481] INFO [LogLoader partition=__consumer_offsets-4, dir=/tmp/EmbeddedKafkaCluster11084523262086392090] Loading producer state till offset 0 with message format version 2 (kafka.log.UnifiedLog$:1937)
[2026-03-04 15:47:58,481] INFO Created log for partition __consumer_offsets-4 in /tmp/EmbeddedKafkaCluster11084523262086392090/__consumer_offsets-4 with properties {cleanup.policy=compact, compression.type="producer", segment.bytes=104857600} (kafka.log.LogManager:66)
[2026-03-04 15:47:58,481] INFO [Partition __consumer_offsets-4 broker=0] No checkpointed highwatermark is found for partition __consumer_offsets-4 (kafka.cluster.Partition:66)
[2026-03-04 15:47:58,481] INFO [Partition __consumer_offsets-4 broker=0] Log loaded for partition __consumer_offsets-4 with initial high watermark 0 (kafka.cluster.Partition:66)
[2026-03-04 15:47:58,481] INFO [Broker id=0] Leader __consumer_offsets-4 with topic id Some(jXIDYo4wQSGGuQ74KBm6CQ) starts at leader epoch 0 from offset 0 with partition epoch 0, high watermark 0, ISR [0], adding replicas [] and removing replicas [] . Previous leader None and previous leader epoch was -1. (state.change.logger:66)
[2026-03-04 15:47:58,482] INFO [LogLoader partition=__consumer_offsets-23, dir=/tmp/EmbeddedKafkaCluster11084523262086392090] Loading producer state till offset 0 with message format version 2 (kafka.log.UnifiedLog$:1937)
[2026-03-04 15:47:58,482] INFO Created log for partition __consumer_offsets-23 in /tmp/EmbeddedKafkaCluster11084523262086392090/__consumer_offsets-23 with properties {cleanup.policy=compact, compression.type="producer", segment.bytes=104857600} (kafka.log.LogManager:66)
[2026-03-04 15:47:58,482] INFO [Partition __consumer_offsets-23 broker=0] No checkpointed highwatermark is found for partition __consumer_offsets-23 (kafka.cluster.Partition:66)
[2026-03-04 15:47:58,482] INFO [Partition __consumer_offsets-23 broker=0] Log loaded for partition __consumer_offsets-23 with initial high watermark 0 (kafka.cluster.Partition:66)
[2026-03-04 15:47:58,482] INFO [Broker id=0] Leader __consumer_offsets-23 with topic id Some(jXIDYo4wQSGGuQ74KBm6CQ) starts at leader epoch 0 from offset 0 with partition epoch 0, high watermark 0, ISR [0], adding replicas [] and removing replicas [] . Previous leader None and previous leader epoch was -1. (state.change.logger:66)
[2026-03-04 15:47:58,483] INFO [LogLoader partition=__consumer_offsets-1, dir=/tmp/EmbeddedKafkaCluster11084523262086392090] Loading producer state till offset 0 with message format version 2 (kafka.log.UnifiedLog$:1937)
[2026-03-04 15:47:58,483] INFO Created log for partition __consumer_offsets-1 in /tmp/EmbeddedKafkaCluster11084523262086392090/__consumer_offsets-1 with properties {cleanup.policy=compact, compression.type="producer", segment.bytes=104857600} (kafka.log.LogManager:66)
[2026-03-04 15:47:58,483] INFO [Partition __consumer_offsets-1 broker=0] No checkpointed highwatermark is found for partition __consumer_offsets-1 (kafka.cluster.Partition:66)
[2026-03-04 15:47:58,483] INFO [Partition __consumer_offsets-1 broker=0] Log loaded for partition __consumer_offsets-1 with initial high watermark 0 (kafka.cluster.Partition:66)
[2026-03-04 15:47:58,483] INFO [Broker id=0] Leader __consumer_offsets-1 with topic id Some(jXIDYo4wQSGGuQ74KBm6CQ) starts at leader epoch 0 from offset 0 with partition epoch 0, high watermark 0, ISR [0], adding replicas [] and removing replicas [] . Previous leader None and previous leader epoch was -1. (state.change.logger:66)
[2026-03-04 15:47:58,484] INFO [LogLoader partition=__consumer_offsets-20, dir=/tmp/EmbeddedKafkaCluster11084523262086392090] Loading producer state till offset 0 with message format version 2 (kafka.log.UnifiedLog$:1937)
[2026-03-04 15:47:58,484] INFO Created log for partition __consumer_offsets-20 in /tmp/EmbeddedKafkaCluster11084523262086392090/__consumer_offsets-20 with properties {cleanup.policy=compact, compression.type="producer", segment.bytes=104857600} (kafka.log.LogManager:66)
[2026-03-04 15:47:58,484] INFO [Partition __consumer_offsets-20 broker=0] No checkpointed highwatermark is found for partition __consumer_offsets-20 (kafka.cluster.Partition:66)
[2026-03-04 15:47:58,484] INFO [Partition __consumer_offsets-20 broker=0] Log loaded for partition __consumer_offsets-20 with initial high watermark 0 (kafka.cluster.Partition:66)
[2026-03-04 15:47:58,484] INFO [Broker id=0] Leader __consumer_offsets-20 with topic id Some(jXIDYo4wQSGGuQ74KBm6CQ) starts at leader epoch 0 from offset 0 with partition epoch 0, high watermark 0, ISR [0], adding replicas [] and removing replicas [] . Previous leader None and previous leader epoch was -1. (state.change.logger:66)
[2026-03-04 15:47:58,485] INFO [LogLoader partition=__consumer_offsets-39, dir=/tmp/EmbeddedKafkaCluster11084523262086392090] Loading producer state till offset 0 with message format version 2 (kafka.log.UnifiedLog$:1937)
[2026-03-04 15:47:58,485] INFO Created log for partition __consumer_offsets-39 in /tmp/EmbeddedKafkaCluster11084523262086392090/__consumer_offsets-39 with properties {cleanup.policy=compact, compression.type="producer", segment.bytes=104857600} (kafka.log.LogManager:66)
[2026-03-04 15:47:58,485] INFO [Partition __consumer_offsets-39 broker=0] No checkpointed highwatermark is found for partition __consumer_offsets-39 (kafka.cluster.Partition:66)
[2026-03-04 15:47:58,485] INFO [Partition __consumer_offsets-39 broker=0] Log loaded for partition __consumer_offsets-39 with initial high watermark 0 (kafka.cluster.Partition:66)
[2026-03-04 15:47:58,485] INFO [Broker id=0] Leader __consumer_offsets-39 with topic id Some(jXIDYo4wQSGGuQ74KBm6CQ) starts at leader epoch 0 from offset 0 with partition epoch 0, high watermark 0, ISR [0], adding replicas [] and removing replicas [] . Previous leader None and previous leader epoch was -1. (state.change.logger:66)
[2026-03-04 15:47:58,486] INFO [LogLoader partition=__consumer_offsets-17, dir=/tmp/EmbeddedKafkaCluster11084523262086392090] Loading producer state till offset 0 with message format version 2 (kafka.log.UnifiedLog$:1937)
[2026-03-04 15:47:58,486] INFO Created log for partition __consumer_offsets-17 in /tmp/EmbeddedKafkaCluster11084523262086392090/__consumer_offsets-17 with properties {cleanup.policy=compact, compression.type="producer", segment.bytes=104857600} (kafka.log.LogManager:66)
[2026-03-04 15:47:58,486] INFO [Partition __consumer_offsets-17 broker=0] No checkpointed highwatermark is found for partition __consumer_offsets-17 (kafka.cluster.Partition:66)
[2026-03-04 15:47:58,486] INFO [Partition __consumer_offsets-17 broker=0] Log loaded for partition __consumer_offsets-17 with initial high watermark 0 (kafka.cluster.Partition:66)
[2026-03-04 15:47:58,486] INFO [Broker id=0] Leader __consumer_offsets-17 with topic id Some(jXIDYo4wQSGGuQ74KBm6CQ) starts at leader epoch 0 from offset 0 with partition epoch 0, high watermark 0, ISR [0], adding replicas [] and removing replicas [] . Previous leader None and previous leader epoch was -1. (state.change.logger:66)
[2026-03-04 15:47:58,487] INFO [LogLoader partition=__consumer_offsets-36, dir=/tmp/EmbeddedKafkaCluster11084523262086392090] Loading producer state till offset 0 with message format version 2 (kafka.log.UnifiedLog$:1937)
[2026-03-04 15:47:58,487] INFO Created log for partition __consumer_offsets-36 in /tmp/EmbeddedKafkaCluster11084523262086392090/__consumer_offsets-36 with properties {cleanup.policy=compact, compression.type="producer", segment.bytes=104857600} (kafka.log.LogManager:66)
[2026-03-04 15:47:58,487] INFO [Partition __consumer_offsets-36 broker=0] No checkpointed highwatermark is found for partition __consumer_offsets-36 (kafka.cluster.Partition:66)
[2026-03-04 15:47:58,487] INFO [Partition __consumer_offsets-36 broker=0] Log loaded for partition __consumer_offsets-36 with initial high watermark 0 (kafka.cluster.Partition:66)
[2026-03-04 15:47:58,487] INFO [Broker id=0] Leader __consumer_offsets-36 with topic id Some(jXIDYo4wQSGGuQ74KBm6CQ) starts at leader epoch 0 from offset 0 with partition epoch 0, high watermark 0, ISR [0], adding replicas [] and removing replicas [] . Previous leader None and previous leader epoch was -1. (state.change.logger:66)
[2026-03-04 15:47:58,488] INFO [LogLoader partition=__consumer_offsets-14, dir=/tmp/EmbeddedKafkaCluster11084523262086392090] Loading producer state till offset 0 with message format version 2 (kafka.log.UnifiedLog$:1937)
[2026-03-04 15:47:58,488] INFO Created log for partition __consumer_offsets-14 in /tmp/EmbeddedKafkaCluster11084523262086392090/__consumer_offsets-14 with properties {cleanup.policy=compact, compression.type="producer", segment.bytes=104857600} (kafka.log.LogManager:66)
[2026-03-04 15:47:58,488] INFO [Partition __consumer_offsets-14 broker=0] No checkpointed highwatermark is found for partition __consumer_offsets-14 (kafka.cluster.Partition:66)
[2026-03-04 15:47:58,488] INFO [Partition __consumer_offsets-14 broker=0] Log loaded for partition __consumer_offsets-14 with initial high watermark 0 (kafka.cluster.Partition:66)
[2026-03-04 15:47:58,488] INFO [Broker id=0] Leader __consumer_offsets-14 with topic id Some(jXIDYo4wQSGGuQ74KBm6CQ) starts at leader epoch 0 from offset 0 with partition epoch 0, high watermark 0, ISR [0], adding replicas [] and removing replicas [] . Previous leader None and previous leader epoch was -1. (state.change.logger:66)
[2026-03-04 15:47:58,489] INFO [LogLoader partition=__consumer_offsets-33, dir=/tmp/EmbeddedKafkaCluster11084523262086392090] Loading producer state till offset 0 with message format version 2 (kafka.log.UnifiedLog$:1937)
[2026-03-04 15:47:58,489] INFO Created log for partition __consumer_offsets-33 in /tmp/EmbeddedKafkaCluster11084523262086392090/__consumer_offsets-33 with properties {cleanup.policy=compact, compression.type="producer", segment.bytes=104857600} (kafka.log.LogManager:66)
[2026-03-04 15:47:58,489] INFO [Partition __consumer_offsets-33 broker=0] No checkpointed highwatermark is found for partition __consumer_offsets-33 (kafka.cluster.Partition:66)
[2026-03-04 15:47:58,489] INFO [Partition __consumer_offsets-33 broker=0] Log loaded for partition __consumer_offsets-33 with initial high watermark 0 (kafka.cluster.Partition:66)
[2026-03-04 15:47:58,489] INFO [Broker id=0] Leader __consumer_offsets-33 with topic id Some(jXIDYo4wQSGGuQ74KBm6CQ) starts at leader epoch 0 from offset 0 with partition epoch 0, high watermark 0, ISR [0], adding replicas [] and removing replicas [] . Previous leader None and previous leader epoch was -1. (state.change.logger:66)
[2026-03-04 15:47:58,490] INFO [LogLoader partition=__consumer_offsets-49, dir=/tmp/EmbeddedKafkaCluster11084523262086392090] Loading producer state till offset 0 with message format version 2 (kafka.log.UnifiedLog$:1937)
[2026-03-04 15:47:58,490] INFO Created log for partition __consumer_offsets-49 in /tmp/EmbeddedKafkaCluster11084523262086392090/__consumer_offsets-49 with properties {cleanup.policy=compact, compression.type="producer", segment.bytes=104857600} (kafka.log.LogManager:66)
[2026-03-04 15:47:58,490] INFO [Partition __consumer_offsets-49 broker=0] No checkpointed highwatermark is found for partition __consumer_offsets-49 (kafka.cluster.Partition:66)
[2026-03-04 15:47:58,490] INFO [Partition __consumer_offsets-49 broker=0] Log loaded for partition __consumer_offsets-49 with initial high watermark 0 (kafka.cluster.Partition:66)
[2026-03-04 15:47:58,490] INFO [Broker id=0] Leader __consumer_offsets-49 with topic id Some(jXIDYo4wQSGGuQ74KBm6CQ) starts at leader epoch 0 from offset 0 with partition epoch 0, high watermark 0, ISR [0], adding replicas [] and removing replicas [] . Previous leader None and previous leader epoch was -1. (state.change.logger:66)
[2026-03-04 15:47:58,491] INFO [LogLoader partition=__consumer_offsets-11, dir=/tmp/EmbeddedKafkaCluster11084523262086392090] Loading producer state till offset 0 with message format version 2 (kafka.log.UnifiedLog$:1937)
[2026-03-04 15:47:58,491] INFO Created log for partition __consumer_offsets-11 in /tmp/EmbeddedKafkaCluster11084523262086392090/__consumer_offsets-11 with properties {cleanup.policy=compact, compression.type="producer", segment.bytes=104857600} (kafka.log.LogManager:66)
[2026-03-04 15:47:58,491] INFO [Partition __consumer_offsets-11 broker=0] No checkpointed highwatermark is found for partition __consumer_offsets-11 (kafka.cluster.Partition:66)
[2026-03-04 15:47:58,491] INFO [Partition __consumer_offsets-11 broker=0] Log loaded for partition __consumer_offsets-11 with initial high watermark 0 (kafka.cluster.Partition:66)
[2026-03-04 15:47:58,491] INFO [Broker id=0] Leader __consumer_offsets-11 with topic id Some(jXIDYo4wQSGGuQ74KBm6CQ) starts at leader epoch 0 from offset 0 with partition epoch 0, high watermark 0, ISR [0], adding replicas [] and removing replicas [] . Previous leader None and previous leader epoch was -1. (state.change.logger:66)
[2026-03-04 15:47:58,492] INFO [LogLoader partition=__consumer_offsets-30, dir=/tmp/EmbeddedKafkaCluster11084523262086392090] Loading producer state till offset 0 with message format version 2 (kafka.log.UnifiedLog$:1937)
[2026-03-04 15:47:58,492] INFO Created log for partition __consumer_offsets-30 in /tmp/EmbeddedKafkaCluster11084523262086392090/__consumer_offsets-30 with properties {cleanup.policy=compact, compression.type="producer", segment.bytes=104857600} (kafka.log.LogManager:66)
[2026-03-04 15:47:58,492] INFO [Partition __consumer_offsets-30 broker=0] No checkpointed highwatermark is found for partition __consumer_offsets-30 (kafka.cluster.Partition:66)
[2026-03-04 15:47:58,492] INFO [Partition __consumer_offsets-30 broker=0] Log loaded for partition __consumer_offsets-30 with initial high watermark 0 (kafka.cluster.Partition:66)
[2026-03-04 15:47:58,492] INFO [Broker id=0] Leader __consumer_offsets-30 with topic id Some(jXIDYo4wQSGGuQ74KBm6CQ) starts at leader epoch 0 from offset 0 with partition epoch 0, high watermark 0, ISR [0], adding replicas [] and removing replicas [] . Previous leader None and previous leader epoch was -1. (state.change.logger:66)
[2026-03-04 15:47:58,493] INFO [LogLoader partition=__consumer_offsets-46, dir=/tmp/EmbeddedKafkaCluster11084523262086392090] Loading producer state till offset 0 with message format version 2 (kafka.log.UnifiedLog$:1937)
[2026-03-04 15:47:58,493] INFO Created log for partition __consumer_offsets-46 in /tmp/EmbeddedKafkaCluster11084523262086392090/__consumer_offsets-46 with properties {cleanup.policy=compact, compression.type="producer", segment.bytes=104857600} (kafka.log.LogManager:66)
[2026-03-04 15:47:58,493] INFO [Partition __consumer_offsets-46 broker=0] No checkpointed highwatermark is found for partition __consumer_offsets-46 (kafka.cluster.Partition:66)
[2026-03-04 15:47:58,493] INFO [Partition __consumer_offsets-46 broker=0] Log loaded for partition __consumer_offsets-46 with initial high watermark 0 (kafka.cluster.Partition:66)
[2026-03-04 15:47:58,493] INFO [Broker id=0] Leader __consumer_offsets-46 with topic id Some(jXIDYo4wQSGGuQ74KBm6CQ) starts at leader epoch 0 from offset 0 with partition epoch 0, high watermark 0, ISR [0], adding replicas [] and removing replicas [] . Previous leader None and previous leader epoch was -1. (state.change.logger:66)
[2026-03-04 15:47:58,494] INFO [LogLoader partition=__consumer_offsets-27, dir=/tmp/EmbeddedKafkaCluster11084523262086392090] Loading producer state till offset 0 with message format version 2 (kafka.log.UnifiedLog$:1937)
[2026-03-04 15:47:58,494] INFO Created log for partition __consumer_offsets-27 in /tmp/EmbeddedKafkaCluster11084523262086392090/__consumer_offsets-27 with properties {cleanup.policy=compact, compression.type="producer", segment.bytes=104857600} (kafka.log.LogManager:66)
[2026-03-04 15:47:58,494] INFO [Partition __consumer_offsets-27 broker=0] No checkpointed highwatermark is found for partition __consumer_offsets-27 (kafka.cluster.Partition:66)
[2026-03-04 15:47:58,494] INFO [Partition __consumer_offsets-27 broker=0] Log loaded for partition __consumer_offsets-27 with initial high watermark 0 (kafka.cluster.Partition:66)
[2026-03-04 15:47:58,494] INFO [Broker id=0] Leader __consumer_offsets-27 with topic id Some(jXIDYo4wQSGGuQ74KBm6CQ) starts at leader epoch 0 from offset 0 with partition epoch 0, high watermark 0, ISR [0], adding replicas [] and removing replicas [] . Previous leader None and previous leader epoch was -1. (state.change.logger:66)
[2026-03-04 15:47:58,501] INFO [LogLoader partition=__consumer_offsets-8, dir=/tmp/EmbeddedKafkaCluster11084523262086392090] Loading producer state till offset 0 with message format version 2 (kafka.log.UnifiedLog$:1937)
[2026-03-04 15:47:58,502] INFO Created log for partition __consumer_offsets-8 in /tmp/EmbeddedKafkaCluster11084523262086392090/__consumer_offsets-8 with properties {cleanup.policy=compact, compression.type="producer", segment.bytes=104857600} (kafka.log.LogManager:66)
[2026-03-04 15:47:58,502] INFO [Partition __consumer_offsets-8 broker=0] No checkpointed highwatermark is found for partition __consumer_offsets-8 (kafka.cluster.Partition:66)
[2026-03-04 15:47:58,502] INFO [Partition __consumer_offsets-8 broker=0] Log loaded for partition __consumer_offsets-8 with initial high watermark 0 (kafka.cluster.Partition:66)
[2026-03-04 15:47:58,502] INFO [Broker id=0] Leader __consumer_offsets-8 with topic id Some(jXIDYo4wQSGGuQ74KBm6CQ) starts at leader epoch 0 from offset 0 with partition epoch 0, high watermark 0, ISR [0], adding replicas [] and removing replicas [] . Previous leader None and previous leader epoch was -1. (state.change.logger:66)
[2026-03-04 15:47:58,503] INFO [LogLoader partition=__consumer_offsets-24, dir=/tmp/EmbeddedKafkaCluster11084523262086392090] Loading producer state till offset 0 with message format version 2 (kafka.log.UnifiedLog$:1937)
[2026-03-04 15:47:58,503] INFO Created log for partition __consumer_offsets-24 in /tmp/EmbeddedKafkaCluster11084523262086392090/__consumer_offsets-24 with properties {cleanup.policy=compact, compression.type="producer", segment.bytes=104857600} (kafka.log.LogManager:66)
[2026-03-04 15:47:58,503] INFO [Partition __consumer_offsets-24 broker=0] No checkpointed highwatermark is found for partition __consumer_offsets-24 (kafka.cluster.Partition:66)
[2026-03-04 15:47:58,503] INFO [Partition __consumer_offsets-24 broker=0] Log loaded for partition __consumer_offsets-24 with initial high watermark 0 (kafka.cluster.Partition:66)
[2026-03-04 15:47:58,503] INFO [Broker id=0] Leader __consumer_offsets-24 with topic id Some(jXIDYo4wQSGGuQ74KBm6CQ) starts at leader epoch 0 from offset 0 with partition epoch 0, high watermark 0, ISR [0], adding replicas [] and removing replicas [] . Previous leader None and previous leader epoch was -1. (state.change.logger:66)
[2026-03-04 15:47:58,503] INFO [LogLoader partition=__consumer_offsets-43, dir=/tmp/EmbeddedKafkaCluster11084523262086392090] Loading producer state till offset 0 with message format version 2 (kafka.log.UnifiedLog$:1937)
[2026-03-04 15:47:58,504] INFO Created log for partition __consumer_offsets-43 in /tmp/EmbeddedKafkaCluster11084523262086392090/__consumer_offsets-43 with properties {cleanup.policy=compact, compression.type="producer", segment.bytes=104857600} (kafka.log.LogManager:66)
[2026-03-04 15:47:58,504] INFO [Partition __consumer_offsets-43 broker=0] No checkpointed highwatermark is found for partition __consumer_offsets-43 (kafka.cluster.Partition:66)
[2026-03-04 15:47:58,504] INFO [Partition __consumer_offsets-43 broker=0] Log loaded for partition __consumer_offsets-43 with initial high watermark 0 (kafka.cluster.Partition:66)
[2026-03-04 15:47:58,504] INFO [Broker id=0] Leader __consumer_offsets-43 with topic id Some(jXIDYo4wQSGGuQ74KBm6CQ) starts at leader epoch 0 from offset 0 with partition epoch 0, high watermark 0, ISR [0], adding replicas [] and removing replicas [] . Previous leader None and previous leader epoch was -1. (state.change.logger:66)
[2026-03-04 15:47:58,504] INFO [LogLoader partition=__consumer_offsets-5, dir=/tmp/EmbeddedKafkaCluster11084523262086392090] Loading producer state till offset 0 with message format version 2 (kafka.log.UnifiedLog$:1937)
[2026-03-04 15:47:58,505] INFO Created log for partition __consumer_offsets-5 in /tmp/EmbeddedKafkaCluster11084523262086392090/__consumer_offsets-5 with properties {cleanup.policy=compact, compression.type="producer", segment.bytes=104857600} (kafka.log.LogManager:66)
[2026-03-04 15:47:58,505] INFO [Partition __consumer_offsets-5 broker=0] No checkpointed highwatermark is found for partition __consumer_offsets-5 (kafka.cluster.Partition:66)
[2026-03-04 15:47:58,505] INFO [Partition __consumer_offsets-5 broker=0] Log loaded for partition __consumer_offsets-5 with initial high watermark 0 (kafka.cluster.Partition:66)
[2026-03-04 15:47:58,505] INFO [Broker id=0] Leader __consumer_offsets-5 with topic id Some(jXIDYo4wQSGGuQ74KBm6CQ) starts at leader epoch 0 from offset 0 with partition epoch 0, high watermark 0, ISR [0], adding replicas [] and removing replicas [] . Previous leader None and previous leader epoch was -1. (state.change.logger:66)
[2026-03-04 15:47:58,505] INFO [LogLoader partition=__consumer_offsets-21, dir=/tmp/EmbeddedKafkaCluster11084523262086392090] Loading producer state till offset 0 with message format version 2 (kafka.log.UnifiedLog$:1937)
[2026-03-04 15:47:58,505] INFO Created log for partition __consumer_offsets-21 in /tmp/EmbeddedKafkaCluster11084523262086392090/__consumer_offsets-21 with properties {cleanup.policy=compact, compression.type="producer", segment.bytes=104857600} (kafka.log.LogManager:66)
[2026-03-04 15:47:58,505] INFO [Partition __consumer_offsets-21 broker=0] No checkpointed highwatermark is found for partition __consumer_offsets-21 (kafka.cluster.Partition:66)
[2026-03-04 15:47:58,505] INFO [Partition __consumer_offsets-21 broker=0] Log loaded for partition __consumer_offsets-21 with initial high watermark 0 (kafka.cluster.Partition:66)
[2026-03-04 15:47:58,505] INFO [Broker id=0] Leader __consumer_offsets-21 with topic id Some(jXIDYo4wQSGGuQ74KBm6CQ) starts at leader epoch 0 from offset 0 with partition epoch 0, high watermark 0, ISR [0], adding replicas [] and removing replicas [] . Previous leader None and previous leader epoch was -1. (state.change.logger:66)
[2026-03-04 15:47:58,506] INFO [LogLoader partition=__consumer_offsets-40, dir=/tmp/EmbeddedKafkaCluster11084523262086392090] Loading producer state till offset 0 with message format version 2 (kafka.log.UnifiedLog$:1937)
[2026-03-04 15:47:58,506] INFO Created log for partition __consumer_offsets-40 in /tmp/EmbeddedKafkaCluster11084523262086392090/__consumer_offsets-40 with properties {cleanup.policy=compact, compression.type="producer", segment.bytes=104857600} (kafka.log.LogManager:66)
[2026-03-04 15:47:58,506] INFO [Partition __consumer_offsets-40 broker=0] No checkpointed highwatermark is found for partition __consumer_offsets-40 (kafka.cluster.Partition:66)
[2026-03-04 15:47:58,506] INFO [Partition __consumer_offsets-40 broker=0] Log loaded for partition __consumer_offsets-40 with initial high watermark 0 (kafka.cluster.Partition:66)
[2026-03-04 15:47:58,506] INFO [Broker id=0] Leader __consumer_offsets-40 with topic id Some(jXIDYo4wQSGGuQ74KBm6CQ) starts at leader epoch 0 from offset 0 with partition epoch 0, high watermark 0, ISR [0], adding replicas [] and removing replicas [] . Previous leader None and previous leader epoch was -1. (state.change.logger:66)
[2026-03-04 15:47:58,507] INFO [LogLoader partition=__consumer_offsets-2, dir=/tmp/EmbeddedKafkaCluster11084523262086392090] Loading producer state till offset 0 with message format version 2 (kafka.log.UnifiedLog$:1937)
[2026-03-04 15:47:58,507] INFO Created log for partition __consumer_offsets-2 in /tmp/EmbeddedKafkaCluster11084523262086392090/__consumer_offsets-2 with properties {cleanup.policy=compact, compression.type="producer", segment.bytes=104857600} (kafka.log.LogManager:66)
[2026-03-04 15:47:58,507] INFO [Partition __consumer_offsets-2 broker=0] No checkpointed highwatermark is found for partition __consumer_offsets-2 (kafka.cluster.Partition:66)
[2026-03-04 15:47:58,507] INFO [Partition __consumer_offsets-2 broker=0] Log loaded for partition __consumer_offsets-2 with initial high watermark 0 (kafka.cluster.Partition:66)
[2026-03-04 15:47:58,507] INFO [Broker id=0] Leader __consumer_offsets-2 with topic id Some(jXIDYo4wQSGGuQ74KBm6CQ) starts at leader epoch 0 from offset 0 with partition epoch 0, high watermark 0, ISR [0], adding replicas [] and removing replicas [] . Previous leader None and previous leader epoch was -1. (state.change.logger:66)
[2026-03-04 15:47:58,508] INFO [LogLoader partition=__consumer_offsets-37, dir=/tmp/EmbeddedKafkaCluster11084523262086392090] Loading producer state till offset 0 with message format version 2 (kafka.log.UnifiedLog$:1937)
[2026-03-04 15:47:58,508] INFO Created log for partition __consumer_offsets-37 in /tmp/EmbeddedKafkaCluster11084523262086392090/__consumer_offsets-37 with properties {cleanup.policy=compact, compression.type="producer", segment.bytes=104857600} (kafka.log.LogManager:66)
[2026-03-04 15:47:58,508] INFO [Partition __consumer_offsets-37 broker=0] No checkpointed highwatermark is found for partition __consumer_offsets-37 (kafka.cluster.Partition:66)
[2026-03-04 15:47:58,508] INFO [Partition __consumer_offsets-37 broker=0] Log loaded for partition __consumer_offsets-37 with initial high watermark 0 (kafka.cluster.Partition:66)
[2026-03-04 15:47:58,508] INFO [Broker id=0] Leader __consumer_offsets-37 with topic id Some(jXIDYo4wQSGGuQ74KBm6CQ) starts at leader epoch 0 from offset 0 with partition epoch 0, high watermark 0, ISR [0], adding replicas [] and removing replicas [] . Previous leader None and previous leader epoch was -1. (state.change.logger:66)
[2026-03-04 15:47:58,509] INFO [LogLoader partition=__consumer_offsets-18, dir=/tmp/EmbeddedKafkaCluster11084523262086392090] Loading producer state till offset 0 with message format version 2 (kafka.log.UnifiedLog$:1937)
[2026-03-04 15:47:58,509] INFO Created log for partition __consumer_offsets-18 in /tmp/EmbeddedKafkaCluster11084523262086392090/__consumer_offsets-18 with properties {cleanup.policy=compact, compression.type="producer", segment.bytes=104857600} (kafka.log.LogManager:66)
[2026-03-04 15:47:58,509] INFO [Partition __consumer_offsets-18 broker=0] No checkpointed highwatermark is found for partition __consumer_offsets-18 (kafka.cluster.Partition:66)
[2026-03-04 15:47:58,509] INFO [Partition __consumer_offsets-18 broker=0] Log loaded for partition __consumer_offsets-18 with initial high watermark 0 (kafka.cluster.Partition:66)
[2026-03-04 15:47:58,509] INFO [Broker id=0] Leader __consumer_offsets-18 with topic id Some(jXIDYo4wQSGGuQ74KBm6CQ) starts at leader epoch 0 from offset 0 with partition epoch 0, high watermark 0, ISR [0], adding replicas [] and removing replicas [] . Previous leader None and previous leader epoch was -1. (state.change.logger:66)
[2026-03-04 15:47:58,510] INFO [LogLoader partition=__consumer_offsets-34, dir=/tmp/EmbeddedKafkaCluster11084523262086392090] Loading producer state till offset 0 with message format version 2 (kafka.log.UnifiedLog$:1937)
[2026-03-04 15:47:58,510] INFO Created log for partition __consumer_offsets-34 in /tmp/EmbeddedKafkaCluster11084523262086392090/__consumer_offsets-34 with properties {cleanup.policy=compact, compression.type="producer", segment.bytes=104857600} (kafka.log.LogManager:66)
[2026-03-04 15:47:58,510] INFO [Partition __consumer_offsets-34 broker=0] No checkpointed highwatermark is found for partition __consumer_offsets-34 (kafka.cluster.Partition:66)
[2026-03-04 15:47:58,510] INFO [Partition __consumer_offsets-34 broker=0] Log loaded for partition __consumer_offsets-34 with initial high watermark 0 (kafka.cluster.Partition:66)
[2026-03-04 15:47:58,510] INFO [Broker id=0] Leader __consumer_offsets-34 with topic id Some(jXIDYo4wQSGGuQ74KBm6CQ) starts at leader epoch 0 from offset 0 with partition epoch 0, high watermark 0, ISR [0], adding replicas [] and removing replicas [] . Previous leader None and previous leader epoch was -1. (state.change.logger:66)
[2026-03-04 15:47:58,511] INFO [LogLoader partition=__consumer_offsets-15, dir=/tmp/EmbeddedKafkaCluster11084523262086392090] Loading producer state till offset 0 with message format version 2 (kafka.log.UnifiedLog$:1937)
[2026-03-04 15:47:58,511] INFO Created log for partition __consumer_offsets-15 in /tmp/EmbeddedKafkaCluster11084523262086392090/__consumer_offsets-15 with properties {cleanup.policy=compact, compression.type="producer", segment.bytes=104857600} (kafka.log.LogManager:66)
[2026-03-04 15:47:58,512] INFO [Partition __consumer_offsets-15 broker=0] No checkpointed highwatermark is found for partition __consumer_offsets-15 (kafka.cluster.Partition:66)
[2026-03-04 15:47:58,512] INFO [Partition __consumer_offsets-15 broker=0] Log loaded for partition __consumer_offsets-15 with initial high watermark 0 (kafka.cluster.Partition:66)
[2026-03-04 15:47:58,512] INFO [Broker id=0] Leader __consumer_offsets-15 with topic id Some(jXIDYo4wQSGGuQ74KBm6CQ) starts at leader epoch 0 from offset 0 with partition epoch 0, high watermark 0, ISR [0], adding replicas [] and removing replicas [] . Previous leader None and previous leader epoch was -1. (state.change.logger:66)
[2026-03-04 15:47:58,513] INFO [LogLoader partition=__consumer_offsets-12, dir=/tmp/EmbeddedKafkaCluster11084523262086392090] Loading producer state till offset 0 with message format version 2 (kafka.log.UnifiedLog$:1937)
[2026-03-04 15:47:58,513] INFO Created log for partition __consumer_offsets-12 in /tmp/EmbeddedKafkaCluster11084523262086392090/__consumer_offsets-12 with properties {cleanup.policy=compact, compression.type="producer", segment.bytes=104857600} (kafka.log.LogManager:66)
[2026-03-04 15:47:58,513] INFO [Partition __consumer_offsets-12 broker=0] No checkpointed highwatermark is found for partition __consumer_offsets-12 (kafka.cluster.Partition:66)
[2026-03-04 15:47:58,513] INFO [Partition __consumer_offsets-12 broker=0] Log loaded for partition __consumer_offsets-12 with initial high watermark 0 (kafka.cluster.Partition:66)
[2026-03-04 15:47:58,513] INFO [Broker id=0] Leader __consumer_offsets-12 with topic id Some(jXIDYo4wQSGGuQ74KBm6CQ) starts at leader epoch 0 from offset 0 with partition epoch 0, high watermark 0, ISR [0], adding replicas [] and removing replicas [] . Previous leader None and previous leader epoch was -1. (state.change.logger:66)
[2026-03-04 15:47:58,514] INFO [LogLoader partition=__consumer_offsets-31, dir=/tmp/EmbeddedKafkaCluster11084523262086392090] Loading producer state till offset 0 with message format version 2 (kafka.log.UnifiedLog$:1937)
[2026-03-04 15:47:58,514] INFO Created log for partition __consumer_offsets-31 in /tmp/EmbeddedKafkaCluster11084523262086392090/__consumer_offsets-31 with properties {cleanup.policy=compact, compression.type="producer", segment.bytes=104857600} (kafka.log.LogManager:66)
[2026-03-04 15:47:58,514] INFO [Partition __consumer_offsets-31 broker=0] No checkpointed highwatermark is found for partition __consumer_offsets-31 (kafka.cluster.Partition:66)
[2026-03-04 15:47:58,514] INFO [Partition __consumer_offsets-31 broker=0] Log loaded for partition __consumer_offsets-31 with initial high watermark 0 (kafka.cluster.Partition:66)
[2026-03-04 15:47:58,514] INFO [Broker id=0] Leader __consumer_offsets-31 with topic id Some(jXIDYo4wQSGGuQ74KBm6CQ) starts at leader epoch 0 from offset 0 with partition epoch 0, high watermark 0, ISR [0], adding replicas [] and removing replicas [] . Previous leader None and previous leader epoch was -1. (state.change.logger:66)
[2026-03-04 15:47:58,514] INFO [LogLoader partition=__consumer_offsets-9, dir=/tmp/EmbeddedKafkaCluster11084523262086392090] Loading producer state till offset 0 with message format version 2 (kafka.log.UnifiedLog$:1937)
[2026-03-04 15:47:58,514] INFO Created log for partition __consumer_offsets-9 in /tmp/EmbeddedKafkaCluster11084523262086392090/__consumer_offsets-9 with properties {cleanup.policy=compact, compression.type="producer", segment.bytes=104857600} (kafka.log.LogManager:66)
[2026-03-04 15:47:58,514] INFO [Partition __consumer_offsets-9 broker=0] No checkpointed highwatermark is found for partition __consumer_offsets-9 (kafka.cluster.Partition:66)
[2026-03-04 15:47:58,514] INFO [Partition __consumer_offsets-9 broker=0] Log loaded for partition __consumer_offsets-9 with initial high watermark 0 (kafka.cluster.Partition:66)
[2026-03-04 15:47:58,515] INFO [Broker id=0] Leader __consumer_offsets-9 with topic id Some(jXIDYo4wQSGGuQ74KBm6CQ) starts at leader epoch 0 from offset 0 with partition epoch 0, high watermark 0, ISR [0], adding replicas [] and removing replicas [] . Previous leader None and previous leader epoch was -1. (state.change.logger:66)
[2026-03-04 15:47:58,515] INFO [LogLoader partition=__consumer_offsets-47, dir=/tmp/EmbeddedKafkaCluster11084523262086392090] Loading producer state till offset 0 with message format version 2 (kafka.log.UnifiedLog$:1937)
[2026-03-04 15:47:58,515] INFO Created log for partition __consumer_offsets-47 in /tmp/EmbeddedKafkaCluster11084523262086392090/__consumer_offsets-47 with properties {cleanup.policy=compact, compression.type="producer", segment.bytes=104857600} (kafka.log.LogManager:66)
[2026-03-04 15:47:58,515] INFO [Partition __consumer_offsets-47 broker=0] No checkpointed highwatermark is found for partition __consumer_offsets-47 (kafka.cluster.Partition:66)
[2026-03-04 15:47:58,515] INFO [Partition __consumer_offsets-47 broker=0] Log loaded for partition __consumer_offsets-47 with initial high watermark 0 (kafka.cluster.Partition:66)
[2026-03-04 15:47:58,515] INFO [Broker id=0] Leader __consumer_offsets-47 with topic id Some(jXIDYo4wQSGGuQ74KBm6CQ) starts at leader epoch 0 from offset 0 with partition epoch 0, high watermark 0, ISR [0], adding replicas [] and removing replicas [] . Previous leader None and previous leader epoch was -1. (state.change.logger:66)
[2026-03-04 15:47:58,516] INFO [LogLoader partition=__consumer_offsets-19, dir=/tmp/EmbeddedKafkaCluster11084523262086392090] Loading producer state till offset 0 with message format version 2 (kafka.log.UnifiedLog$:1937)
[2026-03-04 15:47:58,516] INFO Created log for partition __consumer_offsets-19 in /tmp/EmbeddedKafkaCluster11084523262086392090/__consumer_offsets-19 with properties {cleanup.policy=compact, compression.type="producer", segment.bytes=104857600} (kafka.log.LogManager:66)
[2026-03-04 15:47:58,516] INFO [Partition __consumer_offsets-19 broker=0] No checkpointed highwatermark is found for partition __consumer_offsets-19 (kafka.cluster.Partition:66)
[2026-03-04 15:47:58,516] INFO [Partition __consumer_offsets-19 broker=0] Log loaded for partition __consumer_offsets-19 with initial high watermark 0 (kafka.cluster.Partition:66)
[2026-03-04 15:47:58,516] INFO [Broker id=0] Leader __consumer_offsets-19 with topic id Some(jXIDYo4wQSGGuQ74KBm6CQ) starts at leader epoch 0 from offset 0 with partition epoch 0, high watermark 0, ISR [0], adding replicas [] and removing replicas [] . Previous leader None and previous leader epoch was -1. (state.change.logger:66)
[2026-03-04 15:47:58,517] INFO [LogLoader partition=__consumer_offsets-28, dir=/tmp/EmbeddedKafkaCluster11084523262086392090] Loading producer state till offset 0 with message format version 2 (kafka.log.UnifiedLog$:1937)
[2026-03-04 15:47:58,517] INFO Created log for partition __consumer_offsets-28 in /tmp/EmbeddedKafkaCluster11084523262086392090/__consumer_offsets-28 with properties {cleanup.policy=compact, compression.type="producer", segment.bytes=104857600} (kafka.log.LogManager:66)
[2026-03-04 15:47:58,517] INFO [Partition __consumer_offsets-28 broker=0] No checkpointed highwatermark is found for partition __consumer_offsets-28 (kafka.cluster.Partition:66)
[2026-03-04 15:47:58,517] INFO [Partition __consumer_offsets-28 broker=0] Log loaded for partition __consumer_offsets-28 with initial high watermark 0 (kafka.cluster.Partition:66)
[2026-03-04 15:47:58,517] INFO [Broker id=0] Leader __consumer_offsets-28 with topic id Some(jXIDYo4wQSGGuQ74KBm6CQ) starts at leader epoch 0 from offset 0 with partition epoch 0, high watermark 0, ISR [0], adding replicas [] and removing replicas [] . Previous leader None and previous leader epoch was -1. (state.change.logger:66)
[2026-03-04 15:47:58,518] INFO [LogLoader partition=__consumer_offsets-38, dir=/tmp/EmbeddedKafkaCluster11084523262086392090] Loading producer state till offset 0 with message format version 2 (kafka.log.UnifiedLog$:1937)
[2026-03-04 15:47:58,518] INFO Created log for partition __consumer_offsets-38 in /tmp/EmbeddedKafkaCluster11084523262086392090/__consumer_offsets-38 with properties {cleanup.policy=compact, compression.type="producer", segment.bytes=104857600} (kafka.log.LogManager:66)
[2026-03-04 15:47:58,518] INFO [Partition __consumer_offsets-38 broker=0] No checkpointed highwatermark is found for partition __consumer_offsets-38 (kafka.cluster.Partition:66)
[2026-03-04 15:47:58,518] INFO [Partition __consumer_offsets-38 broker=0] Log loaded for partition __consumer_offsets-38 with initial high watermark 0 (kafka.cluster.Partition:66)
[2026-03-04 15:47:58,518] INFO [Broker id=0] Leader __consumer_offsets-38 with topic id Some(jXIDYo4wQSGGuQ74KBm6CQ) starts at leader epoch 0 from offset 0 with partition epoch 0, high watermark 0, ISR [0], adding replicas [] and removing replicas [] . Previous leader None and previous leader epoch was -1. (state.change.logger:66)
[2026-03-04 15:47:58,518] INFO [LogLoader partition=__consumer_offsets-35, dir=/tmp/EmbeddedKafkaCluster11084523262086392090] Loading producer state till offset 0 with message format version 2 (kafka.log.UnifiedLog$:1937)
[2026-03-04 15:47:58,518] INFO Created log for partition __consumer_offsets-35 in /tmp/EmbeddedKafkaCluster11084523262086392090/__consumer_offsets-35 with properties {cleanup.policy=compact, compression.type="producer", segment.bytes=104857600} (kafka.log.LogManager:66)
[2026-03-04 15:47:58,519] INFO [Partition __consumer_offsets-35 broker=0] No checkpointed highwatermark is found for partition __consumer_offsets-35 (kafka.cluster.Partition:66)
[2026-03-04 15:47:58,519] INFO [Partition __consumer_offsets-35 broker=0] Log loaded for partition __consumer_offsets-35 with initial high watermark 0 (kafka.cluster.Partition:66)
[2026-03-04 15:47:58,519] INFO [Broker id=0] Leader __consumer_offsets-35 with topic id Some(jXIDYo4wQSGGuQ74KBm6CQ) starts at leader epoch 0 from offset 0 with partition epoch 0, high watermark 0, ISR [0], adding replicas [] and removing replicas [] . Previous leader None and previous leader epoch was -1. (state.change.logger:66)
[2026-03-04 15:47:58,519] INFO [LogLoader partition=__consumer_offsets-6, dir=/tmp/EmbeddedKafkaCluster11084523262086392090] Loading producer state till offset 0 with message format version 2 (kafka.log.UnifiedLog$:1937)
[2026-03-04 15:47:58,519] INFO Created log for partition __consumer_offsets-6 in /tmp/EmbeddedKafkaCluster11084523262086392090/__consumer_offsets-6 with properties {cleanup.policy=compact, compression.type="producer", segment.bytes=104857600} (kafka.log.LogManager:66)
[2026-03-04 15:47:58,519] INFO [Partition __consumer_offsets-6 broker=0] No checkpointed highwatermark is found for partition __consumer_offsets-6 (kafka.cluster.Partition:66)
[2026-03-04 15:47:58,519] INFO [Partition __consumer_offsets-6 broker=0] Log loaded for partition __consumer_offsets-6 with initial high watermark 0 (kafka.cluster.Partition:66)
[2026-03-04 15:47:58,519] INFO [Broker id=0] Leader __consumer_offsets-6 with topic id Some(jXIDYo4wQSGGuQ74KBm6CQ) starts at leader epoch 0 from offset 0 with partition epoch 0, high watermark 0, ISR [0], adding replicas [] and removing replicas [] . Previous leader None and previous leader epoch was -1. (state.change.logger:66)
[2026-03-04 15:47:58,520] INFO [LogLoader partition=__consumer_offsets-44, dir=/tmp/EmbeddedKafkaCluster11084523262086392090] Loading producer state till offset 0 with message format version 2 (kafka.log.UnifiedLog$:1937)
[2026-03-04 15:47:58,520] INFO Created log for partition __consumer_offsets-44 in /tmp/EmbeddedKafkaCluster11084523262086392090/__consumer_offsets-44 with properties {cleanup.policy=compact, compression.type="producer", segment.bytes=104857600} (kafka.log.LogManager:66)
[2026-03-04 15:47:58,520] INFO [Partition __consumer_offsets-44 broker=0] No checkpointed highwatermark is found for partition __consumer_offsets-44 (kafka.cluster.Partition:66)
[2026-03-04 15:47:58,520] INFO [Partition __consumer_offsets-44 broker=0] Log loaded for partition __consumer_offsets-44 with initial high watermark 0 (kafka.cluster.Partition:66)
[2026-03-04 15:47:58,520] INFO [Broker id=0] Leader __consumer_offsets-44 with topic id Some(jXIDYo4wQSGGuQ74KBm6CQ) starts at leader epoch 0 from offset 0 with partition epoch 0, high watermark 0, ISR [0], adding replicas [] and removing replicas [] . Previous leader None and previous leader epoch was -1. (state.change.logger:66)
[2026-03-04 15:47:58,521] INFO [LogLoader partition=__consumer_offsets-25, dir=/tmp/EmbeddedKafkaCluster11084523262086392090] Loading producer state till offset 0 with message format version 2 (kafka.log.UnifiedLog$:1937)
[2026-03-04 15:47:58,521] INFO Created log for partition __consumer_offsets-25 in /tmp/EmbeddedKafkaCluster11084523262086392090/__consumer_offsets-25 with properties {cleanup.policy=compact, compression.type="producer", segment.bytes=104857600} (kafka.log.LogManager:66)
[2026-03-04 15:47:58,521] INFO [Partition __consumer_offsets-25 broker=0] No checkpointed highwatermark is found for partition __consumer_offsets-25 (kafka.cluster.Partition:66)
[2026-03-04 15:47:58,521] INFO [Partition __consumer_offsets-25 broker=0] Log loaded for partition __consumer_offsets-25 with initial high watermark 0 (kafka.cluster.Partition:66)
[2026-03-04 15:47:58,521] INFO [Broker id=0] Leader __consumer_offsets-25 with topic id Some(jXIDYo4wQSGGuQ74KBm6CQ) starts at leader epoch 0 from offset 0 with partition epoch 0, high watermark 0, ISR [0], adding replicas [] and removing replicas [] . Previous leader None and previous leader epoch was -1. (state.change.logger:66)
[2026-03-04 15:47:58,521] INFO [LogLoader partition=__consumer_offsets-16, dir=/tmp/EmbeddedKafkaCluster11084523262086392090] Loading producer state till offset 0 with message format version 2 (kafka.log.UnifiedLog$:1937)
[2026-03-04 15:47:58,521] INFO Created log for partition __consumer_offsets-16 in /tmp/EmbeddedKafkaCluster11084523262086392090/__consumer_offsets-16 with properties {cleanup.policy=compact, compression.type="producer", segment.bytes=104857600} (kafka.log.LogManager:66)
[2026-03-04 15:47:58,521] INFO [Partition __consumer_offsets-16 broker=0] No checkpointed highwatermark is found for partition __consumer_offsets-16 (kafka.cluster.Partition:66)
[2026-03-04 15:47:58,521] INFO [Partition __consumer_offsets-16 broker=0] Log loaded for partition __consumer_offsets-16 with initial high watermark 0 (kafka.cluster.Partition:66)
[2026-03-04 15:47:58,522] INFO [Broker id=0] Leader __consumer_offsets-16 with topic id Some(jXIDYo4wQSGGuQ74KBm6CQ) starts at leader epoch 0 from offset 0 with partition epoch 0, high watermark 0, ISR [0], adding replicas [] and removing replicas [] . Previous leader None and previous leader epoch was -1. (state.change.logger:66)
[2026-03-04 15:47:58,522] INFO [LogLoader partition=__consumer_offsets-22, dir=/tmp/EmbeddedKafkaCluster11084523262086392090] Loading producer state till offset 0 with message format version 2 (kafka.log.UnifiedLog$:1937)
[2026-03-04 15:47:58,522] INFO Created log for partition __consumer_offsets-22 in /tmp/EmbeddedKafkaCluster11084523262086392090/__consumer_offsets-22 with properties {cleanup.policy=compact, compression.type="producer", segment.bytes=104857600} (kafka.log.LogManager:66)
[2026-03-04 15:47:58,522] INFO [Partition __consumer_offsets-22 broker=0] No checkpointed highwatermark is found for partition __consumer_offsets-22 (kafka.cluster.Partition:66)
[2026-03-04 15:47:58,522] INFO [Partition __consumer_offsets-22 broker=0] Log loaded for partition __consumer_offsets-22 with initial high watermark 0 (kafka.cluster.Partition:66)
[2026-03-04 15:47:58,522] INFO [Broker id=0] Leader __consumer_offsets-22 with topic id Some(jXIDYo4wQSGGuQ74KBm6CQ) starts at leader epoch 0 from offset 0 with partition epoch 0, high watermark 0, ISR [0], adding replicas [] and removing replicas [] . Previous leader None and previous leader epoch was -1. (state.change.logger:66)
[2026-03-04 15:47:58,523] INFO [LogLoader partition=__consumer_offsets-41, dir=/tmp/EmbeddedKafkaCluster11084523262086392090] Loading producer state till offset 0 with message format version 2 (kafka.log.UnifiedLog$:1937)
[2026-03-04 15:47:58,523] INFO Created log for partition __consumer_offsets-41 in /tmp/EmbeddedKafkaCluster11084523262086392090/__consumer_offsets-41 with properties {cleanup.policy=compact, compression.type="producer", segment.bytes=104857600} (kafka.log.LogManager:66)
[2026-03-04 15:47:58,523] INFO [Partition __consumer_offsets-41 broker=0] No checkpointed highwatermark is found for partition __consumer_offsets-41 (kafka.cluster.Partition:66)
[2026-03-04 15:47:58,523] INFO [Partition __consumer_offsets-41 broker=0] Log loaded for partition __consumer_offsets-41 with initial high watermark 0 (kafka.cluster.Partition:66)
[2026-03-04 15:47:58,523] INFO [Broker id=0] Leader __consumer_offsets-41 with topic id Some(jXIDYo4wQSGGuQ74KBm6CQ) starts at leader epoch 0 from offset 0 with partition epoch 0, high watermark 0, ISR [0], adding replicas [] and removing replicas [] . Previous leader None and previous leader epoch was -1. (state.change.logger:66)
[2026-03-04 15:47:58,524] INFO [LogLoader partition=__consumer_offsets-32, dir=/tmp/EmbeddedKafkaCluster11084523262086392090] Loading producer state till offset 0 with message format version 2 (kafka.log.UnifiedLog$:1937)
[2026-03-04 15:47:58,524] INFO Created log for partition __consumer_offsets-32 in /tmp/EmbeddedKafkaCluster11084523262086392090/__consumer_offsets-32 with properties {cleanup.policy=compact, compression.type="producer", segment.bytes=104857600} (kafka.log.LogManager:66)
[2026-03-04 15:47:58,524] INFO [Partition __consumer_offsets-32 broker=0] No checkpointed highwatermark is found for partition __consumer_offsets-32 (kafka.cluster.Partition:66)
[2026-03-04 15:47:58,524] INFO [Partition __consumer_offsets-32 broker=0] Log loaded for partition __consumer_offsets-32 with initial high watermark 0 (kafka.cluster.Partition:66)
[2026-03-04 15:47:58,524] INFO [Broker id=0] Leader __consumer_offsets-32 with topic id Some(jXIDYo4wQSGGuQ74KBm6CQ) starts at leader epoch 0 from offset 0 with partition epoch 0, high watermark 0, ISR [0], adding replicas [] and removing replicas [] . Previous leader None and previous leader epoch was -1. (state.change.logger:66)
[2026-03-04 15:47:58,525] INFO [LogLoader partition=__consumer_offsets-3, dir=/tmp/EmbeddedKafkaCluster11084523262086392090] Loading producer state till offset 0 with message format version 2 (kafka.log.UnifiedLog$:1937)
[2026-03-04 15:47:58,525] INFO Created log for partition __consumer_offsets-3 in /tmp/EmbeddedKafkaCluster11084523262086392090/__consumer_offsets-3 with properties {cleanup.policy=compact, compression.type="producer", segment.bytes=104857600} (kafka.log.LogManager:66)
[2026-03-04 15:47:58,525] INFO [Partition __consumer_offsets-3 broker=0] No checkpointed highwatermark is found for partition __consumer_offsets-3 (kafka.cluster.Partition:66)
[2026-03-04 15:47:58,525] INFO [Partition __consumer_offsets-3 broker=0] Log loaded for partition __consumer_offsets-3 with initial high watermark 0 (kafka.cluster.Partition:66)
[2026-03-04 15:47:58,525] INFO [Broker id=0] Leader __consumer_offsets-3 with topic id Some(jXIDYo4wQSGGuQ74KBm6CQ) starts at leader epoch 0 from offset 0 with partition epoch 0, high watermark 0, ISR [0], adding replicas [] and removing replicas [] . Previous leader None and previous leader epoch was -1. (state.change.logger:66)
[2026-03-04 15:47:58,525] INFO [LogLoader partition=__consumer_offsets-13, dir=/tmp/EmbeddedKafkaCluster11084523262086392090] Loading producer state till offset 0 with message format version 2 (kafka.log.UnifiedLog$:1937)
[2026-03-04 15:47:58,526] INFO Created log for partition __consumer_offsets-13 in /tmp/EmbeddedKafkaCluster11084523262086392090/__consumer_offsets-13 with properties {cleanup.policy=compact, compression.type="producer", segment.bytes=104857600} (kafka.log.LogManager:66)
[2026-03-04 15:47:58,526] INFO [Partition __consumer_offsets-13 broker=0] No checkpointed highwatermark is found for partition __consumer_offsets-13 (kafka.cluster.Partition:66)
[2026-03-04 15:47:58,526] INFO [Partition __consumer_offsets-13 broker=0] Log loaded for partition __consumer_offsets-13 with initial high watermark 0 (kafka.cluster.Partition:66)
[2026-03-04 15:47:58,526] INFO [Broker id=0] Leader __consumer_offsets-13 with topic id Some(jXIDYo4wQSGGuQ74KBm6CQ) starts at leader epoch 0 from offset 0 with partition epoch 0, high watermark 0, ISR [0], adding replicas [] and removing replicas [] . Previous leader None and previous leader epoch was -1. (state.change.logger:66)
[2026-03-04 15:47:58,526] INFO [GroupCoordinator 0]: Elected as the group coordinator for partition 22 in epoch 0 (kafka.coordinator.group.GroupCoordinator:66)
[2026-03-04 15:47:58,527] INFO [GroupMetadataManager brokerId=0] Scheduling loading of offsets and group metadata from __consumer_offsets-22 for epoch 0 (kafka.coordinator.group.GroupMetadataManager:66)
[2026-03-04 15:47:58,527] INFO [GroupCoordinator 0]: Elected as the group coordinator for partition 25 in epoch 0 (kafka.coordinator.group.GroupCoordinator:66)
[2026-03-04 15:47:58,527] INFO [GroupMetadataManager brokerId=0] Scheduling loading of offsets and group metadata from __consumer_offsets-25 for epoch 0 (kafka.coordinator.group.GroupMetadataManager:66)
[2026-03-04 15:47:58,527] INFO [GroupCoordinator 0]: Elected as the group coordinator for partition 28 in epoch 0 (kafka.coordinator.group.GroupCoordinator:66)
[2026-03-04 15:47:58,527] INFO [GroupMetadataManager brokerId=0] Scheduling loading of offsets and group metadata from __consumer_offsets-28 for epoch 0 (kafka.coordinator.group.GroupMetadataManager:66)
[2026-03-04 15:47:58,527] INFO [GroupCoordinator 0]: Elected as the group coordinator for partition 31 in epoch 0 (kafka.coordinator.group.GroupCoordinator:66)
[2026-03-04 15:47:58,527] INFO [GroupMetadataManager brokerId=0] Scheduling loading of offsets and group metadata from __consumer_offsets-31 for epoch 0 (kafka.coordinator.group.GroupMetadataManager:66)
[2026-03-04 15:47:58,527] INFO [GroupCoordinator 0]: Elected as the group coordinator for partition 34 in epoch 0 (kafka.coordinator.group.GroupCoordinator:66)
[2026-03-04 15:47:58,527] INFO [GroupMetadataManager brokerId=0] Scheduling loading of offsets and group metadata from __consumer_offsets-34 for epoch 0 (kafka.coordinator.group.GroupMetadataManager:66)
[2026-03-04 15:47:58,527] INFO [GroupCoordinator 0]: Elected as the group coordinator for partition 37 in epoch 0 (kafka.coordinator.group.GroupCoordinator:66)
[2026-03-04 15:47:58,527] INFO [GroupMetadataManager brokerId=0] Scheduling loading of offsets and group metadata from __consumer_offsets-37 for epoch 0 (kafka.coordinator.group.GroupMetadataManager:66)
[2026-03-04 15:47:58,527] INFO [GroupCoordinator 0]: Elected as the group coordinator for partition 40 in epoch 0 (kafka.coordinator.group.GroupCoordinator:66)
[2026-03-04 15:47:58,527] INFO [GroupMetadataManager brokerId=0] Scheduling loading of offsets and group metadata from __consumer_offsets-40 for epoch 0 (kafka.coordinator.group.GroupMetadataManager:66)
[2026-03-04 15:47:58,527] INFO [GroupCoordinator 0]: Elected as the group coordinator for partition 43 in epoch 0 (kafka.coordinator.group.GroupCoordinator:66)
[2026-03-04 15:47:58,527] INFO [GroupMetadataManager brokerId=0] Scheduling loading of offsets and group metadata from __consumer_offsets-43 for epoch 0 (kafka.coordinator.group.GroupMetadataManager:66)
[2026-03-04 15:47:58,527] INFO [GroupCoordinator 0]: Elected as the group coordinator for partition 46 in epoch 0 (kafka.coordinator.group.GroupCoordinator:66)
[2026-03-04 15:47:58,527] INFO [GroupMetadataManager brokerId=0] Scheduling loading of offsets and group metadata from __consumer_offsets-46 for epoch 0 (kafka.coordinator.group.GroupMetadataManager:66)
[2026-03-04 15:47:58,527] INFO [GroupCoordinator 0]: Elected as the group coordinator for partition 49 in epoch 0 (kafka.coordinator.group.GroupCoordinator:66)
[2026-03-04 15:47:58,527] INFO [GroupMetadataManager brokerId=0] Scheduling loading of offsets and group metadata from __consumer_offsets-49 for epoch 0 (kafka.coordinator.group.GroupMetadataManager:66)
[2026-03-04 15:47:58,527] INFO [GroupCoordinator 0]: Elected as the group coordinator for partition 41 in epoch 0 (kafka.coordinator.group.GroupCoordinator:66)
[2026-03-04 15:47:58,527] INFO [GroupMetadataManager brokerId=0] Scheduling loading of offsets and group metadata from __consumer_offsets-41 for epoch 0 (kafka.coordinator.group.GroupMetadataManager:66)
[2026-03-04 15:47:58,527] INFO [GroupCoordinator 0]: Elected as the group coordinator for partition 44 in epoch 0 (kafka.coordinator.group.GroupCoordinator:66)
[2026-03-04 15:47:58,527] INFO [GroupMetadataManager brokerId=0] Scheduling loading of offsets and group metadata from __consumer_offsets-44 for epoch 0 (kafka.coordinator.group.GroupMetadataManager:66)
[2026-03-04 15:47:58,527] INFO [GroupCoordinator 0]: Elected as the group coordinator for partition 47 in epoch 0 (kafka.coordinator.group.GroupCoordinator:66)
[2026-03-04 15:47:58,527] INFO [GroupMetadataManager brokerId=0] Scheduling loading of offsets and group metadata from __consumer_offsets-47 for epoch 0 (kafka.coordinator.group.GroupMetadataManager:66)
[2026-03-04 15:47:58,527] INFO [GroupCoordinator 0]: Elected as the group coordinator for partition 1 in epoch 0 (kafka.coordinator.group.GroupCoordinator:66)
[2026-03-04 15:47:58,527] INFO [GroupMetadataManager brokerId=0] Scheduling loading of offsets and group metadata from __consumer_offsets-1 for epoch 0 (kafka.coordinator.group.GroupMetadataManager:66)
[2026-03-04 15:47:58,527] INFO [GroupCoordinator 0]: Elected as the group coordinator for partition 4 in epoch 0 (kafka.coordinator.group.GroupCoordinator:66)
[2026-03-04 15:47:58,527] INFO [GroupMetadataManager brokerId=0] Scheduling loading of offsets and group metadata from __consumer_offsets-4 for epoch 0 (kafka.coordinator.group.GroupMetadataManager:66)
[2026-03-04 15:47:58,527] INFO [GroupCoordinator 0]: Elected as the group coordinator for partition 7 in epoch 0 (kafka.coordinator.group.GroupCoordinator:66)
[2026-03-04 15:47:58,527] INFO [GroupMetadataManager brokerId=0] Scheduling loading of offsets and group metadata from __consumer_offsets-7 for epoch 0 (kafka.coordinator.group.GroupMetadataManager:66)
[2026-03-04 15:47:58,527] INFO [GroupCoordinator 0]: Elected as the group coordinator for partition 10 in epoch 0 (kafka.coordinator.group.GroupCoordinator:66)
[2026-03-04 15:47:58,527] INFO [GroupMetadataManager brokerId=0] Scheduling loading of offsets and group metadata from __consumer_offsets-10 for epoch 0 (kafka.coordinator.group.GroupMetadataManager:66)
[2026-03-04 15:47:58,527] INFO [GroupCoordinator 0]: Elected as the group coordinator for partition 13 in epoch 0 (kafka.coordinator.group.GroupCoordinator:66)
[2026-03-04 15:47:58,527] INFO [GroupMetadataManager brokerId=0] Scheduling loading of offsets and group metadata from __consumer_offsets-13 for epoch 0 (kafka.coordinator.group.GroupMetadataManager:66)
[2026-03-04 15:47:58,527] INFO [GroupCoordinator 0]: Elected as the group coordinator for partition 16 in epoch 0 (kafka.coordinator.group.GroupCoordinator:66)
[2026-03-04 15:47:58,527] INFO [GroupMetadataManager brokerId=0] Scheduling loading of offsets and group metadata from __consumer_offsets-16 for epoch 0 (kafka.coordinator.group.GroupMetadataManager:66)
[2026-03-04 15:47:58,527] INFO [GroupCoordinator 0]: Elected as the group coordinator for partition 19 in epoch 0 (kafka.coordinator.group.GroupCoordinator:66)
[2026-03-04 15:47:58,527] INFO [GroupMetadataManager brokerId=0] Scheduling loading of offsets and group metadata from __consumer_offsets-19 for epoch 0 (kafka.coordinator.group.GroupMetadataManager:66)
[2026-03-04 15:47:58,527] INFO [GroupCoordinator 0]: Elected as the group coordinator for partition 2 in epoch 0 (kafka.coordinator.group.GroupCoordinator:66)
[2026-03-04 15:47:58,527] INFO [GroupMetadataManager brokerId=0] Scheduling loading of offsets and group metadata from __consumer_offsets-2 for epoch 0 (kafka.coordinator.group.GroupMetadataManager:66)
[2026-03-04 15:47:58,527] INFO [GroupCoordinator 0]: Elected as the group coordinator for partition 5 in epoch 0 (kafka.coordinator.group.GroupCoordinator:66)
[2026-03-04 15:47:58,527] INFO [GroupMetadataManager brokerId=0] Scheduling loading of offsets and group metadata from __consumer_offsets-5 for epoch 0 (kafka.coordinator.group.GroupMetadataManager:66)
[2026-03-04 15:47:58,527] INFO [GroupCoordinator 0]: Elected as the group coordinator for partition 8 in epoch 0 (kafka.coordinator.group.GroupCoordinator:66)
[2026-03-04 15:47:58,527] INFO [GroupMetadataManager brokerId=0] Scheduling loading of offsets and group metadata from __consumer_offsets-8 for epoch 0 (kafka.coordinator.group.GroupMetadataManager:66)
[2026-03-04 15:47:58,527] INFO [GroupCoordinator 0]: Elected as the group coordinator for partition 11 in epoch 0 (kafka.coordinator.group.GroupCoordinator:66)
[2026-03-04 15:47:58,527] INFO [GroupMetadataManager brokerId=0] Scheduling loading of offsets and group metadata from __consumer_offsets-11 for epoch 0 (kafka.coordinator.group.GroupMetadataManager:66)
[2026-03-04 15:47:58,527] INFO [GroupCoordinator 0]: Elected as the group coordinator for partition 14 in epoch 0 (kafka.coordinator.group.GroupCoordinator:66)
[2026-03-04 15:47:58,527] INFO [GroupMetadataManager brokerId=0] Scheduling loading of offsets and group metadata from __consumer_offsets-14 for epoch 0 (kafka.coordinator.group.GroupMetadataManager:66)
[2026-03-04 15:47:58,527] INFO [GroupCoordinator 0]: Elected as the group coordinator for partition 17 in epoch 0 (kafka.coordinator.group.GroupCoordinator:66)
[2026-03-04 15:47:58,527] INFO [GroupMetadataManager brokerId=0] Scheduling loading of offsets and group metadata from __consumer_offsets-17 for epoch 0 (kafka.coordinator.group.GroupMetadataManager:66)
[2026-03-04 15:47:58,527] INFO [GroupCoordinator 0]: Elected as the group coordinator for partition 20 in epoch 0 (kafka.coordinator.group.GroupCoordinator:66)
[2026-03-04 15:47:58,527] INFO [GroupMetadataManager brokerId=0] Scheduling loading of offsets and group metadata from __consumer_offsets-20 for epoch 0 (kafka.coordinator.group.GroupMetadataManager:66)
[2026-03-04 15:47:58,527] INFO [GroupCoordinator 0]: Elected as the group coordinator for partition 23 in epoch 0 (kafka.coordinator.group.GroupCoordinator:66)
[2026-03-04 15:47:58,527] INFO [GroupMetadataManager brokerId=0] Scheduling loading of offsets and group metadata from __consumer_offsets-23 for epoch 0 (kafka.coordinator.group.GroupMetadataManager:66)
[2026-03-04 15:47:58,528] INFO [GroupCoordinator 0]: Elected as the group coordinator for partition 26 in epoch 0 (kafka.coordinator.group.GroupCoordinator:66)
[2026-03-04 15:47:58,528] INFO [GroupMetadataManager brokerId=0] Scheduling loading of offsets and group metadata from __consumer_offsets-26 for epoch 0 (kafka.coordinator.group.GroupMetadataManager:66)
[2026-03-04 15:47:58,528] INFO [GroupCoordinator 0]: Elected as the group coordinator for partition 29 in epoch 0 (kafka.coordinator.group.GroupCoordinator:66)
[2026-03-04 15:47:58,528] INFO [GroupMetadataManager brokerId=0] Scheduling loading of offsets and group metadata from __consumer_offsets-29 for epoch 0 (kafka.coordinator.group.GroupMetadataManager:66)
[2026-03-04 15:47:58,528] INFO [GroupCoordinator 0]: Elected as the group coordinator for partition 32 in epoch 0 (kafka.coordinator.group.GroupCoordinator:66)
[2026-03-04 15:47:58,528] INFO [GroupMetadataManager brokerId=0] Scheduling loading of offsets and group metadata from __consumer_offsets-32 for epoch 0 (kafka.coordinator.group.GroupMetadataManager:66)
[2026-03-04 15:47:58,528] INFO [GroupCoordinator 0]: Elected as the group coordinator for partition 35 in epoch 0 (kafka.coordinator.group.GroupCoordinator:66)
[2026-03-04 15:47:58,528] INFO [GroupMetadataManager brokerId=0] Scheduling loading of offsets and group metadata from __consumer_offsets-35 for epoch 0 (kafka.coordinator.group.GroupMetadataManager:66)
[2026-03-04 15:47:58,528] INFO [GroupCoordinator 0]: Elected as the group coordinator for partition 38 in epoch 0 (kafka.coordinator.group.GroupCoordinator:66)
[2026-03-04 15:47:58,528] INFO [GroupMetadataManager brokerId=0] Scheduling loading of offsets and group metadata from __consumer_offsets-38 for epoch 0 (kafka.coordinator.group.GroupMetadataManager:66)
[2026-03-04 15:47:58,528] INFO [GroupCoordinator 0]: Elected as the group coordinator for partition 0 in epoch 0 (kafka.coordinator.group.GroupCoordinator:66)
[2026-03-04 15:47:58,528] INFO [GroupMetadataManager brokerId=0] Scheduling loading of offsets and group metadata from __consumer_offsets-0 for epoch 0 (kafka.coordinator.group.GroupMetadataManager:66)
[2026-03-04 15:47:58,528] INFO [GroupCoordinator 0]: Elected as the group coordinator for partition 3 in epoch 0 (kafka.coordinator.group.GroupCoordinator:66)
[2026-03-04 15:47:58,528] INFO [GroupMetadataManager brokerId=0] Scheduling loading of offsets and group metadata from __consumer_offsets-3 for epoch 0 (kafka.coordinator.group.GroupMetadataManager:66)
[2026-03-04 15:47:58,528] INFO [GroupCoordinator 0]: Elected as the group coordinator for partition 6 in epoch 0 (kafka.coordinator.group.GroupCoordinator:66)
[2026-03-04 15:47:58,528] INFO [GroupMetadataManager brokerId=0] Scheduling loading of offsets and group metadata from __consumer_offsets-6 for epoch 0 (kafka.coordinator.group.GroupMetadataManager:66)
[2026-03-04 15:47:58,528] INFO [GroupCoordinator 0]: Elected as the group coordinator for partition 9 in epoch 0 (kafka.coordinator.group.GroupCoordinator:66)
[2026-03-04 15:47:58,528] INFO [GroupMetadataManager brokerId=0] Scheduling loading of offsets and group metadata from __consumer_offsets-9 for epoch 0 (kafka.coordinator.group.GroupMetadataManager:66)
[2026-03-04 15:47:58,528] INFO [GroupCoordinator 0]: Elected as the group coordinator for partition 12 in epoch 0 (kafka.coordinator.group.GroupCoordinator:66)
[2026-03-04 15:47:58,528] INFO [GroupMetadataManager brokerId=0] Scheduling loading of offsets and group metadata from __consumer_offsets-12 for epoch 0 (kafka.coordinator.group.GroupMetadataManager:66)
[2026-03-04 15:47:58,528] INFO [GroupCoordinator 0]: Elected as the group coordinator for partition 15 in epoch 0 (kafka.coordinator.group.GroupCoordinator:66)
[2026-03-04 15:47:58,528] INFO [GroupMetadataManager brokerId=0] Scheduling loading of offsets and group metadata from __consumer_offsets-15 for epoch 0 (kafka.coordinator.group.GroupMetadataManager:66)
[2026-03-04 15:47:58,528] INFO [GroupCoordinator 0]: Elected as the group coordinator for partition 18 in epoch 0 (kafka.coordinator.group.GroupCoordinator:66)
[2026-03-04 15:47:58,528] INFO [GroupMetadataManager brokerId=0] Scheduling loading of offsets and group metadata from __consumer_offsets-18 for epoch 0 (kafka.coordinator.group.GroupMetadataManager:66)
[2026-03-04 15:47:58,528] INFO [GroupCoordinator 0]: Elected as the group coordinator for partition 21 in epoch 0 (kafka.coordinator.group.GroupCoordinator:66)
[2026-03-04 15:47:58,528] INFO [GroupMetadataManager brokerId=0] Scheduling loading of offsets and group metadata from __consumer_offsets-21 for epoch 0 (kafka.coordinator.group.GroupMetadataManager:66)
[2026-03-04 15:47:58,528] INFO [GroupCoordinator 0]: Elected as the group coordinator for partition 24 in epoch 0 (kafka.coordinator.group.GroupCoordinator:66)
[2026-03-04 15:47:58,528] INFO [GroupMetadataManager brokerId=0] Scheduling loading of offsets and group metadata from __consumer_offsets-24 for epoch 0 (kafka.coordinator.group.GroupMetadataManager:66)
[2026-03-04 15:47:58,528] INFO [GroupCoordinator 0]: Elected as the group coordinator for partition 27 in epoch 0 (kafka.coordinator.group.GroupCoordinator:66)
[2026-03-04 15:47:58,528] INFO [GroupMetadataManager brokerId=0] Scheduling loading of offsets and group metadata from __consumer_offsets-27 for epoch 0 (kafka.coordinator.group.GroupMetadataManager:66)
[2026-03-04 15:47:58,528] INFO [GroupCoordinator 0]: Elected as the group coordinator for partition 30 in epoch 0 (kafka.coordinator.group.GroupCoordinator:66)
[2026-03-04 15:47:58,528] INFO [GroupMetadataManager brokerId=0] Scheduling loading of offsets and group metadata from __consumer_offsets-30 for epoch 0 (kafka.coordinator.group.GroupMetadataManager:66)
[2026-03-04 15:47:58,528] INFO [GroupCoordinator 0]: Elected as the group coordinator for partition 33 in epoch 0 (kafka.coordinator.group.GroupCoordinator:66)
[2026-03-04 15:47:58,528] INFO [GroupMetadataManager brokerId=0] Scheduling loading of offsets and group metadata from __consumer_offsets-33 for epoch 0 (kafka.coordinator.group.GroupMetadataManager:66)
[2026-03-04 15:47:58,528] INFO [GroupCoordinator 0]: Elected as the group coordinator for partition 36 in epoch 0 (kafka.coordinator.group.GroupCoordinator:66)
[2026-03-04 15:47:58,528] INFO [GroupMetadataManager brokerId=0] Scheduling loading of offsets and group metadata from __consumer_offsets-36 for epoch 0 (kafka.coordinator.group.GroupMetadataManager:66)
[2026-03-04 15:47:58,528] INFO [GroupCoordinator 0]: Elected as the group coordinator for partition 39 in epoch 0 (kafka.coordinator.group.GroupCoordinator:66)
[2026-03-04 15:47:58,528] INFO [GroupMetadataManager brokerId=0] Scheduling loading of offsets and group metadata from __consumer_offsets-39 for epoch 0 (kafka.coordinator.group.GroupMetadataManager:66)
[2026-03-04 15:47:58,528] INFO [GroupCoordinator 0]: Elected as the group coordinator for partition 42 in epoch 0 (kafka.coordinator.group.GroupCoordinator:66)
[2026-03-04 15:47:58,528] INFO [GroupMetadataManager brokerId=0] Scheduling loading of offsets and group metadata from __consumer_offsets-42 for epoch 0 (kafka.coordinator.group.GroupMetadataManager:66)
[2026-03-04 15:47:58,528] INFO [GroupCoordinator 0]: Elected as the group coordinator for partition 45 in epoch 0 (kafka.coordinator.group.GroupCoordinator:66)
[2026-03-04 15:47:58,528] INFO [GroupMetadataManager brokerId=0] Scheduling loading of offsets and group metadata from __consumer_offsets-45 for epoch 0 (kafka.coordinator.group.GroupMetadataManager:66)
[2026-03-04 15:47:58,528] INFO [GroupCoordinator 0]: Elected as the group coordinator for partition 48 in epoch 0 (kafka.coordinator.group.GroupCoordinator:66)
[2026-03-04 15:47:58,528] INFO [GroupMetadataManager brokerId=0] Scheduling loading of offsets and group metadata from __consumer_offsets-48 for epoch 0 (kafka.coordinator.group.GroupMetadataManager:66)
[2026-03-04 15:47:58,528] INFO [Broker id=0] Finished LeaderAndIsr request in 60ms correlationId 7 from controller 0 for 50 partitions (state.change.logger:66)
[2026-03-04 15:47:58,528] INFO [GroupMetadataManager brokerId=0] Finished loading offsets and group metadata from __consumer_offsets-22 in 1 milliseconds for epoch 0, of which 0 milliseconds was spent in the scheduler. (kafka.coordinator.group.GroupMetadataManager:66)
[2026-03-04 15:47:58,528] INFO [GroupMetadataManager brokerId=0] Finished loading offsets and group metadata from __consumer_offsets-25 in 1 milliseconds for epoch 0, of which 1 milliseconds was spent in the scheduler. (kafka.coordinator.group.GroupMetadataManager:66)
[2026-03-04 15:47:58,528] INFO [GroupMetadataManager brokerId=0] Finished loading offsets and group metadata from __consumer_offsets-28 in 1 milliseconds for epoch 0, of which 1 milliseconds was spent in the scheduler. (kafka.coordinator.group.GroupMetadataManager:66)
[2026-03-04 15:47:58,528] INFO [GroupMetadataManager brokerId=0] Finished loading offsets and group metadata from __consumer_offsets-31 in 1 milliseconds for epoch 0, of which 1 milliseconds was spent in the scheduler. (kafka.coordinator.group.GroupMetadataManager:66)
[2026-03-04 15:47:58,529] INFO [GroupMetadataManager brokerId=0] Finished loading offsets and group metadata from __consumer_offsets-34 in 2 milliseconds for epoch 0, of which 1 milliseconds was spent in the scheduler. (kafka.coordinator.group.GroupMetadataManager:66)
[2026-03-04 15:47:58,529] INFO [GroupMetadataManager brokerId=0] Finished loading offsets and group metadata from __consumer_offsets-37 in 2 milliseconds for epoch 0, of which 2 milliseconds was spent in the scheduler. (kafka.coordinator.group.GroupMetadataManager:66)
[2026-03-04 15:47:58,529] INFO [GroupMetadataManager brokerId=0] Finished loading offsets and group metadata from __consumer_offsets-40 in 2 milliseconds for epoch 0, of which 2 milliseconds was spent in the scheduler. (kafka.coordinator.group.GroupMetadataManager:66)
[2026-03-04 15:47:58,529] INFO [GroupMetadataManager brokerId=0] Finished loading offsets and group metadata from __consumer_offsets-43 in 2 milliseconds for epoch 0, of which 2 milliseconds was spent in the scheduler. (kafka.coordinator.group.GroupMetadataManager:66)
[2026-03-04 15:47:58,529] INFO [GroupMetadataManager brokerId=0] Finished loading offsets and group metadata from __consumer_offsets-46 in 2 milliseconds for epoch 0, of which 2 milliseconds was spent in the scheduler. (kafka.coordinator.group.GroupMetadataManager:66)
[2026-03-04 15:47:58,529] INFO [GroupMetadataManager brokerId=0] Finished loading offsets and group metadata from __consumer_offsets-49 in 2 milliseconds for epoch 0, of which 2 milliseconds was spent in the scheduler. (kafka.coordinator.group.GroupMetadataManager:66)
[2026-03-04 15:47:58,529] INFO [GroupMetadataManager brokerId=0] Finished loading offsets and group metadata from __consumer_offsets-41 in 2 milliseconds for epoch 0, of which 2 milliseconds was spent in the scheduler. (kafka.coordinator.group.GroupMetadataManager:66)
[2026-03-04 15:47:58,529] INFO [GroupMetadataManager brokerId=0] Finished loading offsets and group metadata from __consumer_offsets-44 in 2 milliseconds for epoch 0, of which 2 milliseconds was spent in the scheduler. (kafka.coordinator.group.GroupMetadataManager:66)
[2026-03-04 15:47:58,529] INFO [GroupMetadataManager brokerId=0] Finished loading offsets and group metadata from __consumer_offsets-47 in 2 milliseconds for epoch 0, of which 2 milliseconds was spent in the scheduler. (kafka.coordinator.group.GroupMetadataManager:66)
[2026-03-04 15:47:58,529] INFO [Broker id=0] Add 50 partitions and deleted 0 partitions from metadata cache in response to UpdateMetadata request sent by controller 0 epoch 1 with correlation id 8 (state.change.logger:66)
[2026-03-04 15:47:58,529] INFO [GroupMetadataManager brokerId=0] Finished loading offsets and group metadata from __consumer_offsets-1 in 2 milliseconds for epoch 0, of which 2 milliseconds was spent in the scheduler. (kafka.coordinator.group.GroupMetadataManager:66)
[2026-03-04 15:47:58,529] INFO [GroupMetadataManager brokerId=0] Finished loading offsets and group metadata from __consumer_offsets-4 in 2 milliseconds for epoch 0, of which 2 milliseconds was spent in the scheduler. (kafka.coordinator.group.GroupMetadataManager:66)
[2026-03-04 15:47:58,529] INFO [GroupMetadataManager brokerId=0] Finished loading offsets and group metadata from __consumer_offsets-7 in 2 milliseconds for epoch 0, of which 2 milliseconds was spent in the scheduler. (kafka.coordinator.group.GroupMetadataManager:66)
[2026-03-04 15:47:58,529] INFO [GroupMetadataManager brokerId=0] Finished loading offsets and group metadata from __consumer_offsets-10 in 2 milliseconds for epoch 0, of which 2 milliseconds was spent in the scheduler. (kafka.coordinator.group.GroupMetadataManager:66)
[2026-03-04 15:47:58,529] INFO [GroupMetadataManager brokerId=0] Finished loading offsets and group metadata from __consumer_offsets-13 in 2 milliseconds for epoch 0, of which 2 milliseconds was spent in the scheduler. (kafka.coordinator.group.GroupMetadataManager:66)
[2026-03-04 15:47:58,529] INFO [GroupMetadataManager brokerId=0] Finished loading offsets and group metadata from __consumer_offsets-16 in 2 milliseconds for epoch 0, of which 2 milliseconds was spent in the scheduler. (kafka.coordinator.group.GroupMetadataManager:66)
[2026-03-04 15:47:58,529] INFO [GroupMetadataManager brokerId=0] Finished loading offsets and group metadata from __consumer_offsets-19 in 2 milliseconds for epoch 0, of which 2 milliseconds was spent in the scheduler. (kafka.coordinator.group.GroupMetadataManager:66)
[2026-03-04 15:47:58,529] INFO [GroupMetadataManager brokerId=0] Finished loading offsets and group metadata from __consumer_offsets-2 in 2 milliseconds for epoch 0, of which 2 milliseconds was spent in the scheduler. (kafka.coordinator.group.GroupMetadataManager:66)
[2026-03-04 15:47:58,529] INFO [GroupMetadataManager brokerId=0] Finished loading offsets and group metadata from __consumer_offsets-5 in 2 milliseconds for epoch 0, of which 2 milliseconds was spent in the scheduler. (kafka.coordinator.group.GroupMetadataManager:66)
[2026-03-04 15:47:58,529] INFO [GroupMetadataManager brokerId=0] Finished loading offsets and group metadata from __consumer_offsets-8 in 2 milliseconds for epoch 0, of which 2 milliseconds was spent in the scheduler. (kafka.coordinator.group.GroupMetadataManager:66)
[2026-03-04 15:47:58,530] INFO [GroupMetadataManager brokerId=0] Finished loading offsets and group metadata from __consumer_offsets-11 in 3 milliseconds for epoch 0, of which 2 milliseconds was spent in the scheduler. (kafka.coordinator.group.GroupMetadataManager:66)
[2026-03-04 15:47:58,530] INFO [GroupMetadataManager brokerId=0] Finished loading offsets and group metadata from __consumer_offsets-14 in 3 milliseconds for epoch 0, of which 3 milliseconds was spent in the scheduler. (kafka.coordinator.group.GroupMetadataManager:66)
[2026-03-04 15:47:58,530] INFO [GroupMetadataManager brokerId=0] Finished loading offsets and group metadata from __consumer_offsets-17 in 3 milliseconds for epoch 0, of which 3 milliseconds was spent in the scheduler. (kafka.coordinator.group.GroupMetadataManager:66)
[2026-03-04 15:47:58,530] INFO [GroupMetadataManager brokerId=0] Finished loading offsets and group metadata from __consumer_offsets-20 in 3 milliseconds for epoch 0, of which 3 milliseconds was spent in the scheduler. (kafka.coordinator.group.GroupMetadataManager:66)
[2026-03-04 15:47:58,530] INFO [GroupMetadataManager brokerId=0] Finished loading offsets and group metadata from __consumer_offsets-23 in 2 milliseconds for epoch 0, of which 2 milliseconds was spent in the scheduler. (kafka.coordinator.group.GroupMetadataManager:66)
[2026-03-04 15:47:58,530] INFO [GroupMetadataManager brokerId=0] Finished loading offsets and group metadata from __consumer_offsets-26 in 2 milliseconds for epoch 0, of which 2 milliseconds was spent in the scheduler. (kafka.coordinator.group.GroupMetadataManager:66)
[2026-03-04 15:47:58,530] INFO [GroupMetadataManager brokerId=0] Finished loading offsets and group metadata from __consumer_offsets-29 in 2 milliseconds for epoch 0, of which 2 milliseconds was spent in the scheduler. (kafka.coordinator.group.GroupMetadataManager:66)
[2026-03-04 15:47:58,530] INFO [GroupMetadataManager brokerId=0] Finished loading offsets and group metadata from __consumer_offsets-32 in 2 milliseconds for epoch 0, of which 2 milliseconds was spent in the scheduler. (kafka.coordinator.group.GroupMetadataManager:66)
[2026-03-04 15:47:58,530] INFO [GroupMetadataManager brokerId=0] Finished loading offsets and group metadata from __consumer_offsets-35 in 2 milliseconds for epoch 0, of which 2 milliseconds was spent in the scheduler. (kafka.coordinator.group.GroupMetadataManager:66)
[2026-03-04 15:47:58,530] INFO [GroupMetadataManager brokerId=0] Finished loading offsets and group metadata from __consumer_offsets-38 in 2 milliseconds for epoch 0, of which 2 milliseconds was spent in the scheduler. (kafka.coordinator.group.GroupMetadataManager:66)
[2026-03-04 15:47:58,530] INFO [GroupMetadataManager brokerId=0] Finished loading offsets and group metadata from __consumer_offsets-0 in 2 milliseconds for epoch 0, of which 2 milliseconds was spent in the scheduler. (kafka.coordinator.group.GroupMetadataManager:66)
[2026-03-04 15:47:58,530] INFO [GroupMetadataManager brokerId=0] Finished loading offsets and group metadata from __consumer_offsets-3 in 2 milliseconds for epoch 0, of which 2 milliseconds was spent in the scheduler. (kafka.coordinator.group.GroupMetadataManager:66)
[2026-03-04 15:47:58,530] INFO [GroupMetadataManager brokerId=0] Finished loading offsets and group metadata from __consumer_offsets-6 in 2 milliseconds for epoch 0, of which 2 milliseconds was spent in the scheduler. (kafka.coordinator.group.GroupMetadataManager:66)
[2026-03-04 15:47:58,530] INFO [GroupMetadataManager brokerId=0] Finished loading offsets and group metadata from __consumer_offsets-9 in 2 milliseconds for epoch 0, of which 2 milliseconds was spent in the scheduler. (kafka.coordinator.group.GroupMetadataManager:66)
[2026-03-04 15:47:58,530] INFO [GroupMetadataManager brokerId=0] Finished loading offsets and group metadata from __consumer_offsets-12 in 2 milliseconds for epoch 0, of which 2 milliseconds was spent in the scheduler. (kafka.coordinator.group.GroupMetadataManager:66)
[2026-03-04 15:47:58,530] INFO [GroupMetadataManager brokerId=0] Finished loading offsets and group metadata from __consumer_offsets-15 in 2 milliseconds for epoch 0, of which 2 milliseconds was spent in the scheduler. (kafka.coordinator.group.GroupMetadataManager:66)
[2026-03-04 15:47:58,530] INFO [GroupMetadataManager brokerId=0] Finished loading offsets and group metadata from __consumer_offsets-18 in 2 milliseconds for epoch 0, of which 2 milliseconds was spent in the scheduler. (kafka.coordinator.group.GroupMetadataManager:66)
[2026-03-04 15:47:58,530] INFO [GroupMetadataManager brokerId=0] Finished loading offsets and group metadata from __consumer_offsets-21 in 2 milliseconds for epoch 0, of which 2 milliseconds was spent in the scheduler. (kafka.coordinator.group.GroupMetadataManager:66)
[2026-03-04 15:47:58,530] INFO [GroupMetadataManager brokerId=0] Finished loading offsets and group metadata from __consumer_offsets-24 in 2 milliseconds for epoch 0, of which 2 milliseconds was spent in the scheduler. (kafka.coordinator.group.GroupMetadataManager:66)
[2026-03-04 15:47:58,530] INFO [GroupMetadataManager brokerId=0] Finished loading offsets and group metadata from __consumer_offsets-27 in 2 milliseconds for epoch 0, of which 2 milliseconds was spent in the scheduler. (kafka.coordinator.group.GroupMetadataManager:66)
[2026-03-04 15:47:58,530] INFO [GroupMetadataManager brokerId=0] Finished loading offsets and group metadata from __consumer_offsets-30 in 2 milliseconds for epoch 0, of which 2 milliseconds was spent in the scheduler. (kafka.coordinator.group.GroupMetadataManager:66)
[2026-03-04 15:47:58,530] INFO [GroupMetadataManager brokerId=0] Finished loading offsets and group metadata from __consumer_offsets-33 in 2 milliseconds for epoch 0, of which 2 milliseconds was spent in the scheduler. (kafka.coordinator.group.GroupMetadataManager:66)
[2026-03-04 15:47:58,530] INFO [GroupMetadataManager brokerId=0] Finished loading offsets and group metadata from __consumer_offsets-36 in 2 milliseconds for epoch 0, of which 2 milliseconds was spent in the scheduler. (kafka.coordinator.group.GroupMetadataManager:66)
[2026-03-04 15:47:58,530] INFO [GroupMetadataManager brokerId=0] Finished loading offsets and group metadata from __consumer_offsets-39 in 2 milliseconds for epoch 0, of which 2 milliseconds was spent in the scheduler. (kafka.coordinator.group.GroupMetadataManager:66)
[2026-03-04 15:47:58,530] INFO [GroupMetadataManager brokerId=0] Finished loading offsets and group metadata from __consumer_offsets-42 in 2 milliseconds for epoch 0, of which 2 milliseconds was spent in the scheduler. (kafka.coordinator.group.GroupMetadataManager:66)
[2026-03-04 15:47:58,530] INFO [GroupMetadataManager brokerId=0] Finished loading offsets and group metadata from __consumer_offsets-45 in 2 milliseconds for epoch 0, of which 2 milliseconds was spent in the scheduler. (kafka.coordinator.group.GroupMetadataManager:66)
[2026-03-04 15:47:58,530] INFO [GroupMetadataManager brokerId=0] Finished loading offsets and group metadata from __consumer_offsets-48 in 2 milliseconds for epoch 0, of which 2 milliseconds was spent in the scheduler. (kafka.coordinator.group.GroupMetadataManager:66)
[2026-03-04 15:47:58,643] INFO [Worker clientId=connect-localhost:44643, groupId=connect-integration-test-kcbq-connect-cluster] Discovered group coordinator localhost:35583 (id: 2147483647 rack: null) (org.apache.kafka.connect.runtime.distributed.WorkerCoordinator:936)
[2026-03-04 15:47:58,644] INFO [Worker clientId=connect-localhost:44643, groupId=connect-integration-test-kcbq-connect-cluster] Rebalance started (org.apache.kafka.connect.runtime.distributed.WorkerCoordinator:242)
[2026-03-04 15:47:58,644] INFO [Worker clientId=connect-localhost:44643, groupId=connect-integration-test-kcbq-connect-cluster] (Re-)joining group (org.apache.kafka.connect.runtime.distributed.WorkerCoordinator:604)
[2026-03-04 15:47:58,649] INFO [GroupCoordinator 0]: Dynamic member with unknown member id joins group connect-integration-test-kcbq-connect-cluster in Empty state. Created a new member id connect-localhost:44643-814eee5c-fa13-43bc-bc7a-c1c2157d179b and request the member to rejoin with this id. (kafka.coordinator.group.GroupCoordinator:66)
[2026-03-04 15:47:58,650] INFO [Worker clientId=connect-localhost:44643, groupId=connect-integration-test-kcbq-connect-cluster] (Re-)joining group (org.apache.kafka.connect.runtime.distributed.WorkerCoordinator:604)
[2026-03-04 15:47:58,652] INFO [GroupCoordinator 0]: Preparing to rebalance group connect-integration-test-kcbq-connect-cluster in state PreparingRebalance with old generation 0 (__consumer_offsets-42) (reason: Adding new member connect-localhost:44643-814eee5c-fa13-43bc-bc7a-c1c2157d179b with group instance id None; client reason: ) (kafka.coordinator.group.GroupCoordinator:66)
[2026-03-04 15:47:58,653] INFO [GroupCoordinator 0]: Stabilized group connect-integration-test-kcbq-connect-cluster generation 1 (__consumer_offsets-42) with 1 members (kafka.coordinator.group.GroupCoordinator:66)
[2026-03-04 15:47:58,653] INFO [Worker clientId=connect-localhost:44643, groupId=connect-integration-test-kcbq-connect-cluster] Successfully joined group with generation Generation{generationId=1, memberId='connect-localhost:44643-814eee5c-fa13-43bc-bc7a-c1c2157d179b', protocol='sessioned'} (org.apache.kafka.connect.runtime.distributed.WorkerCoordinator:665)
[2026-03-04 15:47:58,657] INFO [GroupCoordinator 0]: Assignment received from leader connect-localhost:44643-814eee5c-fa13-43bc-bc7a-c1c2157d179b for group connect-integration-test-kcbq-connect-cluster for generation 1. The group has 1 members, 0 of which are static. (kafka.coordinator.group.GroupCoordinator:66)
[2026-03-04 15:47:58,667] INFO [Worker clientId=connect-localhost:44643, groupId=connect-integration-test-kcbq-connect-cluster] Successfully synced group in generation Generation{generationId=1, memberId='connect-localhost:44643-814eee5c-fa13-43bc-bc7a-c1c2157d179b', protocol='sessioned'} (org.apache.kafka.connect.runtime.distributed.WorkerCoordinator:842)
[2026-03-04 15:47:58,668] INFO [Worker clientId=connect-localhost:44643, groupId=connect-integration-test-kcbq-connect-cluster] Joined group at generation 1 with protocol version 2 and got assignment: Assignment{error=0, leader='connect-localhost:44643-814eee5c-fa13-43bc-bc7a-c1c2157d179b', leaderUrl='http://localhost:44643/', offset=-1, connectorIds=[], taskIds=[], revokedConnectorIds=[], revokedTaskIds=[], delay=0} with rebalance delay: 0 (org.apache.kafka.connect.runtime.distributed.DistributedHerder:2621)
[2026-03-04 15:47:58,668] INFO [Worker clientId=connect-localhost:44643, groupId=connect-integration-test-kcbq-connect-cluster] Starting connectors and tasks using config offset -1 (org.apache.kafka.connect.runtime.distributed.DistributedHerder:1959)
[2026-03-04 15:47:58,668] INFO [Worker clientId=connect-localhost:44643, groupId=connect-integration-test-kcbq-connect-cluster] Finished starting connectors and tasks (org.apache.kafka.connect.runtime.distributed.DistributedHerder:1988)
[2026-03-04 15:47:58,681] INFO [Worker clientId=connect-localhost:44643, groupId=connect-integration-test-kcbq-connect-cluster] Session key updated (org.apache.kafka.connect.runtime.distributed.DistributedHerder:2483)
[2026-03-04 15:47:58,697] INFO GET response for URL=http://localhost:44643/connectors/liveness-check is {"error_code":404,"message":"Connector liveness-check not found"} (org.apache.kafka.connect.util.clusters.EmbeddedConnect:1016)
[2026-03-04 15:47:58,697] INFO Completed startup of 1 Connect workers (org.apache.kafka.connect.util.clusters.EmbeddedConnect:152)
[2026-03-04 15:47:58,697] INFO AdminClientConfig values: 
	auto.include.jmx.reporter = true
	bootstrap.controllers = []
	bootstrap.servers = [localhost:35583]
	client.dns.lookup = use_all_dns_ips
	client.id = 
	connections.max.idle.ms = 300000
	default.api.timeout.ms = 60000
	enable.metrics.push = true
	metadata.max.age.ms = 300000
	metadata.recovery.strategy = none
	metric.reporters = []
	metrics.num.samples = 2
	metrics.recording.level = INFO
	metrics.sample.window.ms = 30000
	receive.buffer.bytes = 65536
	reconnect.backoff.max.ms = 1000
	reconnect.backoff.ms = 50
	request.timeout.ms = 30000
	retries = 2147483647
	retry.backoff.max.ms = 1000
	retry.backoff.ms = 100
	sasl.client.callback.handler.class = null
	sasl.jaas.config = null
	sasl.kerberos.kinit.cmd = /usr/bin/kinit
	sasl.kerberos.min.time.before.relogin = 60000
	sasl.kerberos.service.name = null
	sasl.kerberos.ticket.renew.jitter = 0.05
	sasl.kerberos.ticket.renew.window.factor = 0.8
	sasl.login.callback.handler.class = null
	sasl.login.class = null
	sasl.login.connect.timeout.ms = null
	sasl.login.read.timeout.ms = null
	sasl.login.refresh.buffer.seconds = 300
	sasl.login.refresh.min.period.seconds = 60
	sasl.login.refresh.window.factor = 0.8
	sasl.login.refresh.window.jitter = 0.05
	sasl.login.retry.backoff.max.ms = 10000
	sasl.login.retry.backoff.ms = 100
	sasl.mechanism = GSSAPI
	sasl.oauthbearer.clock.skew.seconds = 30
	sasl.oauthbearer.expected.audience = null
	sasl.oauthbearer.expected.issuer = null
	sasl.oauthbearer.jwks.endpoint.refresh.ms = 3600000
	sasl.oauthbearer.jwks.endpoint.retry.backoff.max.ms = 10000
	sasl.oauthbearer.jwks.endpoint.retry.backoff.ms = 100
	sasl.oauthbearer.jwks.endpoint.url = null
	sasl.oauthbearer.scope.claim.name = scope
	sasl.oauthbearer.sub.claim.name = sub
	sasl.oauthbearer.token.endpoint.url = null
	security.protocol = PLAINTEXT
	security.providers = null
	send.buffer.bytes = 131072
	socket.connection.setup.timeout.max.ms = 30000
	socket.connection.setup.timeout.ms = 10000
	ssl.cipher.suites = null
	ssl.enabled.protocols = [TLSv1.2, TLSv1.3]
	ssl.endpoint.identification.algorithm = https
	ssl.engine.factory.class = null
	ssl.key.password = null
	ssl.keymanager.algorithm = SunX509
	ssl.keystore.certificate.chain = null
	ssl.keystore.key = null
	ssl.keystore.location = null
	ssl.keystore.password = null
	ssl.keystore.type = JKS
	ssl.protocol = TLSv1.3
	ssl.provider = null
	ssl.secure.random.implementation = null
	ssl.trustmanager.algorithm = PKIX
	ssl.truststore.certificates = null
	ssl.truststore.location = null
	ssl.truststore.password = null
	ssl.truststore.type = JKS
 (org.apache.kafka.clients.admin.AdminClientConfig:372)
[2026-03-04 15:47:58,698] INFO Kafka version: 3.8.1 (org.apache.kafka.common.utils.AppInfoParser:124)
[2026-03-04 15:47:58,698] INFO Kafka commitId: 70d6ff42debf7e17 (org.apache.kafka.common.utils.AppInfoParser:125)
[2026-03-04 15:47:58,698] INFO Kafka startTimeMs: 1772619478698 (org.apache.kafka.common.utils.AppInfoParser:126)
[2026-03-04 15:47:58,699] INFO 127.0.0.1 - - [04/Mar/2026:10:17:58 +0000] "GET /connectors/liveness-check HTTP/1.1" 404 65 "-" "Jetty/9.4.56.v20240826" 222 (org.apache.kafka.connect.runtime.rest.RestServer:62)
[2026-03-04 15:47:58,705] DEBUG Attempting to open file /home/killua/Downloads/gen-lang-client-0026556124-a7c58e438363.json for service account json key (com.wepay.kafka.connect.bigquery.GcpClientBuilder:147)
[2026-03-04 15:47:58,735] INFO SchemaRegistryConfig values: 
	access.control.allow.headers = 
	access.control.allow.methods = 
	access.control.allow.origin = 
	access.control.expose.headers = 
	access.control.skip.options = true
	authentication.method = NONE
	authentication.realm = 
	authentication.roles = [*]
	authentication.skip.paths = []
	avro.compatibility.level = 
	compression.enable = true
	connector.connection.limit = 0
	context.search.default.limit = 2147483647
	context.search.max.limit = 2147483647
	csrf.prevention.enable = false
	csrf.prevention.token.endpoint = /csrf
	csrf.prevention.token.expiration.minutes = 30
	csrf.prevention.token.max.entries = 10000
	debug = false
	dos.filter.delay.ms = 100
	dos.filter.enabled = false
	dos.filter.insert.headers = true
	dos.filter.ip.whitelist = []
	dos.filter.managed.attr = false
	dos.filter.max.idle.tracker.ms = 30000
	dos.filter.max.requests.ms = 30000
	dos.filter.max.requests.per.connection.per.sec = 25
	dos.filter.max.requests.per.sec = 25
	dos.filter.max.wait.ms = 50
	dos.filter.throttle.ms = 30000
	dos.filter.throttled.requests = 5
	enable.fips = false
	enable.store.health.check = false
	host.name = hinata-waifu
	host.port = 8081
	hsts.header.enable = false
	http2.enabled = true
	idle.timeout.ms = 30000
	init.resource.extension.class = []
	inter.instance.headers.whitelist = []
	inter.instance.listener.name = 
	inter.instance.protocol = http
	kafkagroup.heartbeat.interval.ms = 3000
	kafkagroup.rebalance.timeout.ms = 300000
	kafkagroup.session.timeout.ms = 10000
	kafkastore.bootstrap.servers = [localhost:35583]
	kafkastore.checkpoint.dir = /tmp
	kafkastore.checkpoint.version = 0
	kafkastore.connection.url = 
	kafkastore.group.id = 
	kafkastore.init.timeout.ms = 60000
	kafkastore.init.wait.for.reader = true
	kafkastore.sasl.kerberos.kinit.cmd = /usr/bin/kinit
	kafkastore.sasl.kerberos.min.time.before.relogin = 60000
	kafkastore.sasl.kerberos.service.name = 
	kafkastore.sasl.kerberos.ticket.renew.jitter = 0.05
	kafkastore.sasl.kerberos.ticket.renew.window.factor = 0.8
	kafkastore.sasl.mechanism = GSSAPI
	kafkastore.security.protocol = PLAINTEXT
	kafkastore.ssl.cipher.suites = 
	kafkastore.ssl.enabled.protocols = TLSv1.2,TLSv1.1,TLSv1
	kafkastore.ssl.endpoint.identification.algorithm = 
	kafkastore.ssl.key.password = [hidden]
	kafkastore.ssl.keymanager.algorithm = SunX509
	kafkastore.ssl.keystore.location = 
	kafkastore.ssl.keystore.password = [hidden]
	kafkastore.ssl.keystore.type = JKS
	kafkastore.ssl.protocol = TLS
	kafkastore.ssl.provider = 
	kafkastore.ssl.trustmanager.algorithm = PKIX
	kafkastore.ssl.truststore.location = 
	kafkastore.ssl.truststore.password = [hidden]
	kafkastore.ssl.truststore.type = JKS
	kafkastore.timeout.ms = 500
	kafkastore.topic = _schemas
	kafkastore.topic.replication.factor = 3
	kafkastore.topic.skip.validation = false
	kafkastore.update.handlers = []
	kafkastore.write.max.retries = 5
	leader.connect.timeout.ms = 60000
	leader.election.delay = false
	leader.election.sticky = false
	leader.eligibility = true
	leader.read.timeout.ms = 60000
	listener.protocol.map = []
	listeners = []
	master.eligibility = null
	max.request.header.size = 8192
	max.response.header.size = 8192
	metadata.encoder.old.secret = null
	metadata.encoder.secret = null
	metadata.encoder.topic = _schema_encoders
	metric.reporters = []
	metrics.global.stats.request.tags.enable = false
	metrics.jmx.prefix = kafka.schema.registry
	metrics.latency.sla.ms = 50
	metrics.latency.slo.ms = 5
	metrics.latency.slo.sla.enable = false
	metrics.num.samples = 2
	metrics.sample.window.ms = 30000
	metrics.tag.map = []
	mode.mutability = true
	network.forwarded.request.customizer.enable = false
	network.traffic.rate.limit.backend = guava
	network.traffic.rate.limit.bytes.per.sec = 20971520
	network.traffic.rate.limit.enable = false
	nosniff.prevention.enable = false
	port = 37801
	prefix.sni.check.enabled = false
	prefix.sni.prefix = 
	proxy.protocol.enabled = false
	reject.options.request = false
	request.logger.name = io.confluent.rest-utils.requests
	request.queue.capacity = 2147483647
	request.queue.capacity.growby = 64
	request.queue.capacity.init = 128
	resource.extension.class = []
	resource.extension.classes = []
	resource.static.locations = []
	response.http.headers.config = 
	response.mediatype.default = application/vnd.schemaregistry.v1+json
	response.mediatype.preferred = [application/vnd.schemaregistry.v1+json, application/vnd.schemaregistry+json, application/json]
	rest.servlet.initializor.classes = []
	schema.cache.expiry.secs = 300
	schema.cache.size = 1000
	schema.canonicalize.on.consume = []
	schema.compatibility.level = NONE
	schema.providers = []
	schema.registry.group.id = schema-registry
	schema.registry.inter.instance.protocol = 
	schema.registry.resource.extension.class = []
	schema.search.default.limit = 1000
	schema.search.max.limit = 1000
	schema.validate.fields = false
	server.connection.limit = 0
	shutdown.graceful.ms = 1000
	sni.check.enabled = false
	sni.host.check.enabled = true
	ssl.cipher.suites = []
	ssl.client.auth = false
	ssl.client.authentication = NONE
	ssl.enabled.protocols = []
	ssl.endpoint.identification.algorithm = null
	ssl.key.password = [hidden]
	ssl.keymanager.algorithm = 
	ssl.keystore.location = 
	ssl.keystore.password = [hidden]
	ssl.keystore.reload = false
	ssl.keystore.type = JKS
	ssl.keystore.watch.location = 
	ssl.protocol = TLS
	ssl.provider = 
	ssl.spire.enabled = false
	ssl.trustmanager.algorithm = 
	ssl.truststore.location = 
	ssl.truststore.password = [hidden]
	ssl.truststore.type = JKS
	subject.search.default.limit = 2147483647
	subject.search.max.limit = 2147483647
	subject.version.search.default.limit = 2147483647
	subject.version.search.max.limit = 2147483647
	suppress.stack.trace.response = true
	thread.pool.max = 200
	thread.pool.min = 8
	websocket.path.prefix = /ws
	websocket.servlet.initializor.classes = []
 (io.confluent.kafka.schemaregistry.rest.SchemaRegistryConfig:372)
[2026-03-04 15:47:58,737] INFO Initial capacity 128, increased by 64, maximum capacity 2147483647. (io.confluent.rest.ApplicationServer:516)
WARNING: A terminally deprecated method in sun.misc.Unsafe has been called
WARNING: sun.misc.Unsafe::objectFieldOffset has been called by com.github.benmanes.caffeine.cache.UnsafeAccess (file:/home/killua/.m2/repository/com/github/ben-manes/caffeine/caffeine/2.9.3/caffeine-2.9.3.jar)
WARNING: Please consider reporting this to the maintainers of class com.github.benmanes.caffeine.cache.UnsafeAccess
WARNING: sun.misc.Unsafe::objectFieldOffset will be removed in a future release
[2026-03-04 15:47:58,745] INFO RestConfig values: 
	access.control.allow.headers = 
	access.control.allow.methods = 
	access.control.allow.origin = 
	access.control.expose.headers = 
	access.control.skip.options = true
	authentication.method = NONE
	authentication.realm = 
	authentication.roles = [*]
	authentication.skip.paths = []
	compression.enable = true
	connector.connection.limit = 0
	csrf.prevention.enable = false
	csrf.prevention.token.endpoint = /csrf
	csrf.prevention.token.expiration.minutes = 30
	csrf.prevention.token.max.entries = 10000
	debug = false
	dos.filter.delay.ms = 100
	dos.filter.enabled = false
	dos.filter.insert.headers = true
	dos.filter.ip.whitelist = []
	dos.filter.managed.attr = false
	dos.filter.max.idle.tracker.ms = 30000
	dos.filter.max.requests.ms = 30000
	dos.filter.max.requests.per.connection.per.sec = 25
	dos.filter.max.requests.per.sec = 25
	dos.filter.max.wait.ms = 50
	dos.filter.throttle.ms = 30000
	dos.filter.throttled.requests = 5
	hsts.header.enable = false
	http2.enabled = true
	idle.timeout.ms = 30000
	listener.protocol.map = []
	listeners = []
	max.request.header.size = 8192
	max.response.header.size = 8192
	metric.reporters = []
	metrics.global.stats.request.tags.enable = false
	metrics.jmx.prefix = rest-utils
	metrics.latency.sla.ms = 50
	metrics.latency.slo.ms = 5
	metrics.latency.slo.sla.enable = false
	metrics.num.samples = 2
	metrics.sample.window.ms = 30000
	metrics.tag.map = []
	network.forwarded.request.customizer.enable = false
	network.traffic.rate.limit.backend = guava
	network.traffic.rate.limit.bytes.per.sec = 20971520
	network.traffic.rate.limit.enable = false
	nosniff.prevention.enable = false
	port = 8080
	prefix.sni.check.enabled = false
	prefix.sni.prefix = 
	proxy.protocol.enabled = false
	reject.options.request = false
	request.logger.name = io.confluent.rest-utils.requests
	request.queue.capacity = 2147483647
	request.queue.capacity.growby = 64
	request.queue.capacity.init = 128
	resource.extension.classes = []
	response.http.headers.config = 
	response.mediatype.default = application/json
	response.mediatype.preferred = [application/json]
	rest.servlet.initializor.classes = []
	server.connection.limit = 0
	shutdown.graceful.ms = 1000
	sni.check.enabled = false
	sni.host.check.enabled = true
	ssl.cipher.suites = []
	ssl.client.auth = false
	ssl.client.authentication = NONE
	ssl.enabled.protocols = []
	ssl.endpoint.identification.algorithm = null
	ssl.key.password = [hidden]
	ssl.keymanager.algorithm = 
	ssl.keystore.location = 
	ssl.keystore.password = [hidden]
	ssl.keystore.reload = false
	ssl.keystore.type = JKS
	ssl.keystore.watch.location = 
	ssl.protocol = TLS
	ssl.provider = 
	ssl.spire.enabled = false
	ssl.trustmanager.algorithm = 
	ssl.truststore.location = 
	ssl.truststore.password = [hidden]
	ssl.truststore.type = JKS
	suppress.stack.trace.response = true
	thread.pool.max = 200
	thread.pool.min = 8
	websocket.path.prefix = /ws
	websocket.servlet.initializor.classes = []
 (io.confluent.rest.RestConfig:372)
[2026-03-04 15:47:58,745] INFO Adding listener with HTTP/2: NamedURI{uri=http://0.0.0.0:37801, name='null'} (io.confluent.rest.ApplicationServer:383)
[2026-03-04 15:47:58,748] INFO Registered MetricsListener to network connector null of listener: null (io.confluent.rest.ApplicationServer:171)
[2026-03-04 15:47:58,753] INFO Found internal listener: NamedURI{uri=http://0.0.0.0:37801, name='null'} (io.confluent.kafka.schemaregistry.storage.KafkaSchemaRegistry:207)
[2026-03-04 15:47:58,753] INFO Setting my identity to version=1,host=hinata-waifu,port=37801,scheme=http,leaderEligibility=true,isLeader=false (io.confluent.kafka.schemaregistry.storage.KafkaSchemaRegistry:210)
[2026-03-04 15:47:58,754] INFO AdminClientConfig values: 
	auto.include.jmx.reporter = true
	bootstrap.controllers = []
	bootstrap.servers = [PLAINTEXT://localhost:35583]
	client.dns.lookup = use_all_dns_ips
	client.id = 
	connections.max.idle.ms = 300000
	default.api.timeout.ms = 60000
	enable.metrics.push = true
	metadata.max.age.ms = 300000
	metadata.recovery.strategy = none
	metric.reporters = []
	metrics.num.samples = 2
	metrics.recording.level = INFO
	metrics.sample.window.ms = 30000
	receive.buffer.bytes = 65536
	reconnect.backoff.max.ms = 1000
	reconnect.backoff.ms = 50
	request.timeout.ms = 30000
	retries = 2147483647
	retry.backoff.max.ms = 1000
	retry.backoff.ms = 100
	sasl.client.callback.handler.class = null
	sasl.jaas.config = null
	sasl.kerberos.kinit.cmd = /usr/bin/kinit
	sasl.kerberos.min.time.before.relogin = 60000
	sasl.kerberos.service.name = null
	sasl.kerberos.ticket.renew.jitter = 0.05
	sasl.kerberos.ticket.renew.window.factor = 0.8
	sasl.login.callback.handler.class = null
	sasl.login.class = null
	sasl.login.connect.timeout.ms = null
	sasl.login.read.timeout.ms = null
	sasl.login.refresh.buffer.seconds = 300
	sasl.login.refresh.min.period.seconds = 60
	sasl.login.refresh.window.factor = 0.8
	sasl.login.refresh.window.jitter = 0.05
	sasl.login.retry.backoff.max.ms = 10000
	sasl.login.retry.backoff.ms = 100
	sasl.mechanism = GSSAPI
	sasl.oauthbearer.clock.skew.seconds = 30
	sasl.oauthbearer.expected.audience = null
	sasl.oauthbearer.expected.issuer = null
	sasl.oauthbearer.jwks.endpoint.refresh.ms = 3600000
	sasl.oauthbearer.jwks.endpoint.retry.backoff.max.ms = 10000
	sasl.oauthbearer.jwks.endpoint.retry.backoff.ms = 100
	sasl.oauthbearer.jwks.endpoint.url = null
	sasl.oauthbearer.scope.claim.name = scope
	sasl.oauthbearer.sub.claim.name = sub
	sasl.oauthbearer.token.endpoint.url = null
	security.protocol = PLAINTEXT
	security.providers = null
	send.buffer.bytes = 131072
	socket.connection.setup.timeout.max.ms = 30000
	socket.connection.setup.timeout.ms = 10000
	ssl.cipher.suites = null
	ssl.enabled.protocols = [TLSv1.2, TLSv1.3]
	ssl.endpoint.identification.algorithm = https
	ssl.engine.factory.class = null
	ssl.key.password = null
	ssl.keymanager.algorithm = SunX509
	ssl.keystore.certificate.chain = null
	ssl.keystore.key = null
	ssl.keystore.location = null
	ssl.keystore.password = null
	ssl.keystore.type = JKS
	ssl.protocol = TLSv1.3
	ssl.provider = null
	ssl.secure.random.implementation = null
	ssl.trustmanager.algorithm = PKIX
	ssl.truststore.certificates = null
	ssl.truststore.location = null
	ssl.truststore.password = null
	ssl.truststore.type = JKS
 (org.apache.kafka.clients.admin.AdminClientConfig:372)
[2026-03-04 15:47:58,754] INFO These configurations '[topic]' were supplied but are not used yet. (org.apache.kafka.clients.admin.AdminClientConfig:381)
[2026-03-04 15:47:58,754] INFO Kafka version: 3.8.1 (org.apache.kafka.common.utils.AppInfoParser:124)
[2026-03-04 15:47:58,755] INFO Kafka commitId: 70d6ff42debf7e17 (org.apache.kafka.common.utils.AppInfoParser:125)
[2026-03-04 15:47:58,755] INFO Kafka startTimeMs: 1772619478754 (org.apache.kafka.common.utils.AppInfoParser:126)
[2026-03-04 15:47:58,757] INFO App info kafka.admin.client for adminclient-3 unregistered (org.apache.kafka.common.utils.AppInfoParser:88)
[2026-03-04 15:47:58,757] INFO Metrics scheduler closed (org.apache.kafka.common.metrics.Metrics:684)
[2026-03-04 15:47:58,757] INFO Closing reporter org.apache.kafka.common.metrics.JmxReporter (org.apache.kafka.common.metrics.Metrics:688)
[2026-03-04 15:47:58,757] INFO Metrics reporters closed (org.apache.kafka.common.metrics.Metrics:694)
[2026-03-04 15:47:58,779] INFO Registering schema provider for AVRO: io.confluent.kafka.schemaregistry.avro.AvroSchemaProvider (io.confluent.kafka.schemaregistry.storage.KafkaSchemaRegistry:308)
[2026-03-04 15:47:58,779] INFO Registering schema provider for JSON: io.confluent.kafka.schemaregistry.json.JsonSchemaProvider (io.confluent.kafka.schemaregistry.storage.KafkaSchemaRegistry:308)
[2026-03-04 15:47:58,779] INFO Registering schema provider for PROTOBUF: io.confluent.kafka.schemaregistry.protobuf.ProtobufSchemaProvider (io.confluent.kafka.schemaregistry.storage.KafkaSchemaRegistry:308)
[2026-03-04 15:47:58,787] INFO Initializing KafkaStore with broker endpoints: PLAINTEXT://localhost:35583 (io.confluent.kafka.schemaregistry.storage.KafkaStore:114)
[2026-03-04 15:47:58,813] WARN No value specified for metadata.encoder.secret, sensitive metadata will not be encoded (io.confluent.kafka.schemaregistry.storage.encoder.MetadataEncoderService:94)
[2026-03-04 15:47:58,813] INFO AdminClientConfig values: 
	auto.include.jmx.reporter = true
	bootstrap.controllers = []
	bootstrap.servers = [PLAINTEXT://localhost:35583]
	client.dns.lookup = use_all_dns_ips
	client.id = 
	connections.max.idle.ms = 300000
	default.api.timeout.ms = 60000
	enable.metrics.push = true
	metadata.max.age.ms = 300000
	metadata.recovery.strategy = none
	metric.reporters = []
	metrics.num.samples = 2
	metrics.recording.level = INFO
	metrics.sample.window.ms = 30000
	receive.buffer.bytes = 65536
	reconnect.backoff.max.ms = 1000
	reconnect.backoff.ms = 50
	request.timeout.ms = 30000
	retries = 2147483647
	retry.backoff.max.ms = 1000
	retry.backoff.ms = 100
	sasl.client.callback.handler.class = null
	sasl.jaas.config = null
	sasl.kerberos.kinit.cmd = /usr/bin/kinit
	sasl.kerberos.min.time.before.relogin = 60000
	sasl.kerberos.service.name = null
	sasl.kerberos.ticket.renew.jitter = 0.05
	sasl.kerberos.ticket.renew.window.factor = 0.8
	sasl.login.callback.handler.class = null
	sasl.login.class = null
	sasl.login.connect.timeout.ms = null
	sasl.login.read.timeout.ms = null
	sasl.login.refresh.buffer.seconds = 300
	sasl.login.refresh.min.period.seconds = 60
	sasl.login.refresh.window.factor = 0.8
	sasl.login.refresh.window.jitter = 0.05
	sasl.login.retry.backoff.max.ms = 10000
	sasl.login.retry.backoff.ms = 100
	sasl.mechanism = GSSAPI
	sasl.oauthbearer.clock.skew.seconds = 30
	sasl.oauthbearer.expected.audience = null
	sasl.oauthbearer.expected.issuer = null
	sasl.oauthbearer.jwks.endpoint.refresh.ms = 3600000
	sasl.oauthbearer.jwks.endpoint.retry.backoff.max.ms = 10000
	sasl.oauthbearer.jwks.endpoint.retry.backoff.ms = 100
	sasl.oauthbearer.jwks.endpoint.url = null
	sasl.oauthbearer.scope.claim.name = scope
	sasl.oauthbearer.sub.claim.name = sub
	sasl.oauthbearer.token.endpoint.url = null
	security.protocol = PLAINTEXT
	security.providers = null
	send.buffer.bytes = 131072
	socket.connection.setup.timeout.max.ms = 30000
	socket.connection.setup.timeout.ms = 10000
	ssl.cipher.suites = null
	ssl.enabled.protocols = [TLSv1.2, TLSv1.3]
	ssl.endpoint.identification.algorithm = https
	ssl.engine.factory.class = null
	ssl.key.password = null
	ssl.keymanager.algorithm = SunX509
	ssl.keystore.certificate.chain = null
	ssl.keystore.key = null
	ssl.keystore.location = null
	ssl.keystore.password = null
	ssl.keystore.type = JKS
	ssl.protocol = TLSv1.3
	ssl.provider = null
	ssl.secure.random.implementation = null
	ssl.trustmanager.algorithm = PKIX
	ssl.truststore.certificates = null
	ssl.truststore.location = null
	ssl.truststore.password = null
	ssl.truststore.type = JKS
 (org.apache.kafka.clients.admin.AdminClientConfig:372)
[2026-03-04 15:47:58,813] INFO These configurations '[topic]' were supplied but are not used yet. (org.apache.kafka.clients.admin.AdminClientConfig:381)
[2026-03-04 15:47:58,813] INFO Kafka version: 3.8.1 (org.apache.kafka.common.utils.AppInfoParser:124)
[2026-03-04 15:47:58,813] INFO Kafka commitId: 70d6ff42debf7e17 (org.apache.kafka.common.utils.AppInfoParser:125)
[2026-03-04 15:47:58,813] INFO Kafka startTimeMs: 1772619478813 (org.apache.kafka.common.utils.AppInfoParser:126)
[2026-03-04 15:47:58,816] INFO Creating schemas topic _schemas (io.confluent.kafka.schemaregistry.storage.KafkaStore:210)
[2026-03-04 15:47:58,816] WARN Creating the schema topic _schemas using a replication factor of 1, which is less than the desired one of 3. If this is a production environment, it's crucial to add more brokers and increase the replication factor of the topic. (io.confluent.kafka.schemaregistry.storage.KafkaStore:220)
[2026-03-04 15:47:58,818] INFO Creating topic _schemas with configuration {cleanup.policy=compact} and initial partition assignment Map(0 -> ArrayBuffer(0)) (kafka.zk.AdminZkClient:66)
[2026-03-04 15:47:58,820] INFO [Controller id=0] New topics: [Set(_schemas)], deleted topics: [Set()], new partition replica assignment [Set(TopicIdReplicaAssignment(_schemas,Some(NWEJSiU-R46LoxO1OFL3iw),Map(_schemas-0 -> ReplicaAssignment(replicas=0, addingReplicas=, removingReplicas=))))] (kafka.controller.KafkaController:66)
[2026-03-04 15:47:58,820] INFO [Controller id=0] New partition creation callback for _schemas-0 (kafka.controller.KafkaController:66)
[2026-03-04 15:47:58,820] INFO [Controller id=0 epoch=1] Changed partition _schemas-0 state from NonExistentPartition to NewPartition with assigned replicas 0 (state.change.logger:66)
[2026-03-04 15:47:58,820] INFO [Controller id=0 epoch=1] Sending UpdateMetadata request to brokers Set() for 0 partitions (state.change.logger:66)
[2026-03-04 15:47:58,820] INFO [Controller id=0 epoch=1] Sending UpdateMetadata request to brokers Set() for 0 partitions (state.change.logger:66)
[2026-03-04 15:47:58,821] INFO [Controller id=0 epoch=1] Changed partition _schemas-0 from NewPartition to OnlinePartition with state LeaderAndIsr(leader=0, leaderEpoch=0, isrWithBrokerEpoch=List(BrokerState(brokerId=0, brokerEpoch=-1)), leaderRecoveryState=RECOVERED, partitionEpoch=0) (state.change.logger:66)
[2026-03-04 15:47:58,821] INFO [Controller id=0 epoch=1] Sending LeaderAndIsr request to broker 0 with 1 become-leader and 0 become-follower partitions (state.change.logger:66)
[2026-03-04 15:47:58,822] INFO [Controller id=0 epoch=1] Sending UpdateMetadata request to brokers Set(0) for 1 partitions (state.change.logger:66)
[2026-03-04 15:47:58,822] INFO [Controller id=0 epoch=1] Sending UpdateMetadata request to brokers Set() for 0 partitions (state.change.logger:66)
[2026-03-04 15:47:58,822] INFO [Broker id=0] Handling LeaderAndIsr request correlationId 9 from controller 0 for 1 partitions (state.change.logger:66)
[2026-03-04 15:47:58,822] INFO [ReplicaFetcherManager on broker 0] Removed fetcher for partitions Set(_schemas-0) (kafka.server.ReplicaFetcherManager:66)
[2026-03-04 15:47:58,822] INFO [Broker id=0] Stopped fetchers as part of LeaderAndIsr request correlationId 9 from controller 0 epoch 1 as part of the become-leader transition for 1 partitions (state.change.logger:66)
[2026-03-04 15:47:58,823] INFO [LogLoader partition=_schemas-0, dir=/tmp/EmbeddedKafkaCluster11084523262086392090] Loading producer state till offset 0 with message format version 2 (kafka.log.UnifiedLog$:1937)
[2026-03-04 15:47:58,823] INFO Created log for partition _schemas-0 in /tmp/EmbeddedKafkaCluster11084523262086392090/_schemas-0 with properties {cleanup.policy=compact} (kafka.log.LogManager:66)
[2026-03-04 15:47:58,823] INFO [Partition _schemas-0 broker=0] No checkpointed highwatermark is found for partition _schemas-0 (kafka.cluster.Partition:66)
[2026-03-04 15:47:58,823] INFO [Partition _schemas-0 broker=0] Log loaded for partition _schemas-0 with initial high watermark 0 (kafka.cluster.Partition:66)
[2026-03-04 15:47:58,823] INFO [Broker id=0] Leader _schemas-0 with topic id Some(NWEJSiU-R46LoxO1OFL3iw) starts at leader epoch 0 from offset 0 with partition epoch 0, high watermark 0, ISR [0], adding replicas [] and removing replicas [] . Previous leader None and previous leader epoch was -1. (state.change.logger:66)
[2026-03-04 15:47:58,824] INFO [Broker id=0] Finished LeaderAndIsr request in 2ms correlationId 9 from controller 0 for 1 partitions (state.change.logger:66)
[2026-03-04 15:47:58,824] INFO [Broker id=0] Add 1 partitions and deleted 0 partitions from metadata cache in response to UpdateMetadata request sent by controller 0 epoch 1 with correlation id 10 (state.change.logger:66)
[2026-03-04 15:47:58,825] INFO App info kafka.admin.client for adminclient-4 unregistered (org.apache.kafka.common.utils.AppInfoParser:88)
[2026-03-04 15:47:58,825] INFO Metrics scheduler closed (org.apache.kafka.common.metrics.Metrics:684)
[2026-03-04 15:47:58,825] INFO Closing reporter org.apache.kafka.common.metrics.JmxReporter (org.apache.kafka.common.metrics.Metrics:688)
[2026-03-04 15:47:58,825] INFO Metrics reporters closed (org.apache.kafka.common.metrics.Metrics:694)
[2026-03-04 15:47:58,825] INFO ProducerConfig values: 
	acks = -1
	auto.include.jmx.reporter = true
	batch.size = 16384
	bootstrap.servers = [PLAINTEXT://localhost:35583]
	buffer.memory = 33554432
	client.dns.lookup = use_all_dns_ips
	client.id = producer-2
	compression.gzip.level = -1
	compression.lz4.level = 9
	compression.type = none
	compression.zstd.level = 3
	connections.max.idle.ms = 540000
	delivery.timeout.ms = 120000
	enable.idempotence = true
	enable.metrics.push = true
	interceptor.classes = []
	key.serializer = class org.apache.kafka.common.serialization.ByteArraySerializer
	linger.ms = 0
	max.block.ms = 60000
	max.in.flight.requests.per.connection = 5
	max.request.size = 1048576
	metadata.max.age.ms = 300000
	metadata.max.idle.ms = 300000
	metadata.recovery.strategy = none
	metric.reporters = []
	metrics.num.samples = 2
	metrics.recording.level = INFO
	metrics.sample.window.ms = 30000
	partitioner.adaptive.partitioning.enable = true
	partitioner.availability.timeout.ms = 0
	partitioner.class = null
	partitioner.ignore.keys = false
	receive.buffer.bytes = 32768
	reconnect.backoff.max.ms = 1000
	reconnect.backoff.ms = 50
	request.timeout.ms = 30000
	retries = 2147483647
	retry.backoff.max.ms = 1000
	retry.backoff.ms = 100
	sasl.client.callback.handler.class = null
	sasl.jaas.config = null
	sasl.kerberos.kinit.cmd = /usr/bin/kinit
	sasl.kerberos.min.time.before.relogin = 60000
	sasl.kerberos.service.name = null
	sasl.kerberos.ticket.renew.jitter = 0.05
	sasl.kerberos.ticket.renew.window.factor = 0.8
	sasl.login.callback.handler.class = null
	sasl.login.class = null
	sasl.login.connect.timeout.ms = null
	sasl.login.read.timeout.ms = null
	sasl.login.refresh.buffer.seconds = 300
	sasl.login.refresh.min.period.seconds = 60
	sasl.login.refresh.window.factor = 0.8
	sasl.login.refresh.window.jitter = 0.05
	sasl.login.retry.backoff.max.ms = 10000
	sasl.login.retry.backoff.ms = 100
	sasl.mechanism = GSSAPI
	sasl.oauthbearer.clock.skew.seconds = 30
	sasl.oauthbearer.expected.audience = null
	sasl.oauthbearer.expected.issuer = null
	sasl.oauthbearer.jwks.endpoint.refresh.ms = 3600000
	sasl.oauthbearer.jwks.endpoint.retry.backoff.max.ms = 10000
	sasl.oauthbearer.jwks.endpoint.retry.backoff.ms = 100
	sasl.oauthbearer.jwks.endpoint.url = null
	sasl.oauthbearer.scope.claim.name = scope
	sasl.oauthbearer.sub.claim.name = sub
	sasl.oauthbearer.token.endpoint.url = null
	security.protocol = PLAINTEXT
	security.providers = null
	send.buffer.bytes = 131072
	socket.connection.setup.timeout.max.ms = 30000
	socket.connection.setup.timeout.ms = 10000
	ssl.cipher.suites = null
	ssl.enabled.protocols = [TLSv1.2, TLSv1.3]
	ssl.endpoint.identification.algorithm = https
	ssl.engine.factory.class = null
	ssl.key.password = null
	ssl.keymanager.algorithm = SunX509
	ssl.keystore.certificate.chain = null
	ssl.keystore.key = null
	ssl.keystore.location = null
	ssl.keystore.password = null
	ssl.keystore.type = JKS
	ssl.protocol = TLSv1.3
	ssl.provider = null
	ssl.secure.random.implementation = null
	ssl.trustmanager.algorithm = PKIX
	ssl.truststore.certificates = null
	ssl.truststore.location = null
	ssl.truststore.password = null
	ssl.truststore.type = JKS
	transaction.timeout.ms = 60000
	transactional.id = null
	value.serializer = class org.apache.kafka.common.serialization.ByteArraySerializer
 (org.apache.kafka.clients.producer.ProducerConfig:372)
[2026-03-04 15:47:58,825] INFO initializing Kafka metrics collector (org.apache.kafka.common.telemetry.internals.KafkaMetricsCollector:269)
[2026-03-04 15:47:58,826] INFO [Producer clientId=producer-2] Instantiated an idempotent producer. (org.apache.kafka.clients.producer.KafkaProducer:621)
[2026-03-04 15:47:58,826] INFO These configurations '[topic]' were supplied but are not used yet. (org.apache.kafka.clients.producer.ProducerConfig:381)
[2026-03-04 15:47:58,826] INFO Kafka version: 3.8.1 (org.apache.kafka.common.utils.AppInfoParser:124)
[2026-03-04 15:47:58,826] INFO Kafka commitId: 70d6ff42debf7e17 (org.apache.kafka.common.utils.AppInfoParser:125)
[2026-03-04 15:47:58,826] INFO Kafka startTimeMs: 1772619478826 (org.apache.kafka.common.utils.AppInfoParser:126)
[2026-03-04 15:47:58,827] INFO Kafka store reader thread starting consumer (io.confluent.kafka.schemaregistry.storage.KafkaStoreReaderThread:135)
[2026-03-04 15:47:58,827] INFO [Producer clientId=producer-2] Cluster ID: ZLwlwW0oR46i0M1D5wxHTQ (org.apache.kafka.clients.Metadata:364)
[2026-03-04 15:47:58,827] INFO ConsumerConfig values: 
	allow.auto.create.topics = true
	auto.commit.interval.ms = 5000
	auto.include.jmx.reporter = true
	auto.offset.reset = earliest
	bootstrap.servers = [PLAINTEXT://localhost:35583]
	check.crcs = true
	client.dns.lookup = use_all_dns_ips
	client.id = KafkaStore-reader-_schemas
	client.rack = 
	connections.max.idle.ms = 540000
	default.api.timeout.ms = 60000
	enable.auto.commit = false
	enable.metrics.push = true
	exclude.internal.topics = true
	fetch.max.bytes = 52428800
	fetch.max.wait.ms = 500
	fetch.min.bytes = 1
	group.id = schema-registry-hinata-waifu-37801
	group.instance.id = null
	group.protocol = classic
	group.remote.assignor = null
	heartbeat.interval.ms = 3000
	interceptor.classes = []
	internal.leave.group.on.close = true
	internal.throw.on.fetch.stable.offset.unsupported = false
	isolation.level = read_uncommitted
	key.deserializer = class org.apache.kafka.common.serialization.ByteArrayDeserializer
	max.partition.fetch.bytes = 1048576
	max.poll.interval.ms = 300000
	max.poll.records = 500
	metadata.max.age.ms = 300000
	metadata.recovery.strategy = none
	metric.reporters = []
	metrics.num.samples = 2
	metrics.recording.level = INFO
	metrics.sample.window.ms = 30000
	partition.assignment.strategy = [class org.apache.kafka.clients.consumer.RangeAssignor, class org.apache.kafka.clients.consumer.CooperativeStickyAssignor]
	receive.buffer.bytes = 65536
	reconnect.backoff.max.ms = 1000
	reconnect.backoff.ms = 50
	request.timeout.ms = 30000
	retry.backoff.max.ms = 1000
	retry.backoff.ms = 100
	sasl.client.callback.handler.class = null
	sasl.jaas.config = null
	sasl.kerberos.kinit.cmd = /usr/bin/kinit
	sasl.kerberos.min.time.before.relogin = 60000
	sasl.kerberos.service.name = null
	sasl.kerberos.ticket.renew.jitter = 0.05
	sasl.kerberos.ticket.renew.window.factor = 0.8
	sasl.login.callback.handler.class = null
	sasl.login.class = null
	sasl.login.connect.timeout.ms = null
	sasl.login.read.timeout.ms = null
	sasl.login.refresh.buffer.seconds = 300
	sasl.login.refresh.min.period.seconds = 60
	sasl.login.refresh.window.factor = 0.8
	sasl.login.refresh.window.jitter = 0.05
	sasl.login.retry.backoff.max.ms = 10000
	sasl.login.retry.backoff.ms = 100
	sasl.mechanism = GSSAPI
	sasl.oauthbearer.clock.skew.seconds = 30
	sasl.oauthbearer.expected.audience = null
	sasl.oauthbearer.expected.issuer = null
	sasl.oauthbearer.jwks.endpoint.refresh.ms = 3600000
	sasl.oauthbearer.jwks.endpoint.retry.backoff.max.ms = 10000
	sasl.oauthbearer.jwks.endpoint.retry.backoff.ms = 100
	sasl.oauthbearer.jwks.endpoint.url = null
	sasl.oauthbearer.scope.claim.name = scope
	sasl.oauthbearer.sub.claim.name = sub
	sasl.oauthbearer.token.endpoint.url = null
	security.protocol = PLAINTEXT
	security.providers = null
	send.buffer.bytes = 131072
	session.timeout.ms = 45000
	socket.connection.setup.timeout.max.ms = 30000
	socket.connection.setup.timeout.ms = 10000
	ssl.cipher.suites = null
	ssl.enabled.protocols = [TLSv1.2, TLSv1.3]
	ssl.endpoint.identification.algorithm = https
	ssl.engine.factory.class = null
	ssl.key.password = null
	ssl.keymanager.algorithm = SunX509
	ssl.keystore.certificate.chain = null
	ssl.keystore.key = null
	ssl.keystore.location = null
	ssl.keystore.password = null
	ssl.keystore.type = JKS
	ssl.protocol = TLSv1.3
	ssl.provider = null
	ssl.secure.random.implementation = null
	ssl.trustmanager.algorithm = PKIX
	ssl.truststore.certificates = null
	ssl.truststore.location = null
	ssl.truststore.password = null
	ssl.truststore.type = JKS
	value.deserializer = class org.apache.kafka.common.serialization.ByteArrayDeserializer
 (org.apache.kafka.clients.consumer.ConsumerConfig:372)
[2026-03-04 15:47:58,827] INFO [Producer clientId=producer-2] ProducerId set to 1 with epoch 0 (org.apache.kafka.clients.producer.internals.TransactionManager:502)
[2026-03-04 15:47:58,827] INFO initializing Kafka metrics collector (org.apache.kafka.common.telemetry.internals.KafkaMetricsCollector:269)
[2026-03-04 15:47:58,828] INFO These configurations '[topic]' were supplied but are not used yet. (org.apache.kafka.clients.consumer.ConsumerConfig:381)
[2026-03-04 15:47:58,828] INFO Kafka version: 3.8.1 (org.apache.kafka.common.utils.AppInfoParser:124)
[2026-03-04 15:47:58,828] INFO Kafka commitId: 70d6ff42debf7e17 (org.apache.kafka.common.utils.AppInfoParser:125)
[2026-03-04 15:47:58,828] INFO Kafka startTimeMs: 1772619478828 (org.apache.kafka.common.utils.AppInfoParser:126)
[2026-03-04 15:47:58,829] INFO [Consumer clientId=KafkaStore-reader-_schemas, groupId=schema-registry-hinata-waifu-37801] Cluster ID: ZLwlwW0oR46i0M1D5wxHTQ (org.apache.kafka.clients.Metadata:364)
[2026-03-04 15:47:58,829] INFO [Consumer clientId=KafkaStore-reader-_schemas, groupId=schema-registry-hinata-waifu-37801] Assigned to partition(s): _schemas-0 (org.apache.kafka.clients.consumer.internals.LegacyKafkaConsumer:574)
[2026-03-04 15:47:58,829] INFO Seeking to beginning for all partitions (io.confluent.kafka.schemaregistry.storage.KafkaStoreReaderThread:181)
[2026-03-04 15:47:58,829] INFO [Consumer clientId=KafkaStore-reader-_schemas, groupId=schema-registry-hinata-waifu-37801] Seeking to earliest offset of partition _schemas-0 (org.apache.kafka.clients.consumer.internals.SubscriptionState:704)
[2026-03-04 15:47:58,829] INFO Initialized last consumed offset to -1 (io.confluent.kafka.schemaregistry.storage.KafkaStoreReaderThread:185)
[2026-03-04 15:47:58,829] INFO [kafka-store-reader-thread-_schemas]: Starting (io.confluent.kafka.schemaregistry.storage.KafkaStoreReaderThread:127)
[2026-03-04 15:47:58,831] INFO [Consumer clientId=KafkaStore-reader-_schemas, groupId=schema-registry-hinata-waifu-37801] Resetting offset for partition _schemas-0 to position FetchPosition{offset=0, offsetEpoch=Optional.empty, currentLeader=LeaderAndEpoch{leader=Optional[localhost:35583 (id: 0 rack: null)], epoch=0}}. (org.apache.kafka.clients.consumer.internals.SubscriptionState:398)
[2026-03-04 15:47:58,836] INFO Wait to catch up until the offset at 0 (io.confluent.kafka.schemaregistry.storage.KafkaStore:321)
[2026-03-04 15:47:58,845] INFO Reached offset at 0 (io.confluent.kafka.schemaregistry.storage.KafkaStore:323)
[2026-03-04 15:47:58,845] INFO Joining schema registry with Kafka-based coordination (io.confluent.kafka.schemaregistry.storage.KafkaSchemaRegistry:464)
[2026-03-04 15:47:58,846] INFO Kafka version: 3.8.1 (org.apache.kafka.common.utils.AppInfoParser:124)
[2026-03-04 15:47:58,846] INFO Kafka commitId: 70d6ff42debf7e17 (org.apache.kafka.common.utils.AppInfoParser:125)
[2026-03-04 15:47:58,846] INFO Kafka startTimeMs: 1772619478846 (org.apache.kafka.common.utils.AppInfoParser:126)
[2026-03-04 15:47:58,848] INFO [Schema registry clientId=sr-1, groupId=schema-registry] Cluster ID: ZLwlwW0oR46i0M1D5wxHTQ (org.apache.kafka.clients.Metadata:364)
[2026-03-04 15:47:58,848] INFO [Schema registry clientId=sr-1, groupId=schema-registry] Discovered group coordinator localhost:35583 (id: 2147483647 rack: null) (io.confluent.kafka.schemaregistry.leaderelector.kafka.SchemaRegistryCoordinator:936)
[2026-03-04 15:47:58,848] INFO [Schema registry clientId=sr-1, groupId=schema-registry] (Re-)joining group (io.confluent.kafka.schemaregistry.leaderelector.kafka.SchemaRegistryCoordinator:604)
[2026-03-04 15:47:58,848] INFO Updating metadata (io.confluent.kafka.schemaregistry.leaderelector.kafka.SchemaRegistryCoordinator:140)
[2026-03-04 15:47:58,850] INFO [GroupCoordinator 0]: Dynamic member with unknown member id joins group schema-registry in Empty state. Created a new member id sr-1-07c89395-bfb3-410f-8a86-9f4e3203c2a6 and request the member to rejoin with this id. (kafka.coordinator.group.GroupCoordinator:66)
[2026-03-04 15:47:58,850] INFO [Schema registry clientId=sr-1, groupId=schema-registry] Request joining group due to: need to re-join with the given member-id: sr-1-07c89395-bfb3-410f-8a86-9f4e3203c2a6 (io.confluent.kafka.schemaregistry.leaderelector.kafka.SchemaRegistryCoordinator:1102)
[2026-03-04 15:47:58,850] INFO [Schema registry clientId=sr-1, groupId=schema-registry] (Re-)joining group (io.confluent.kafka.schemaregistry.leaderelector.kafka.SchemaRegistryCoordinator:604)
[2026-03-04 15:47:58,850] INFO Updating metadata (io.confluent.kafka.schemaregistry.leaderelector.kafka.SchemaRegistryCoordinator:140)
[2026-03-04 15:47:58,850] INFO [GroupCoordinator 0]: Preparing to rebalance group schema-registry in state PreparingRebalance with old generation 0 (__consumer_offsets-29) (reason: Adding new member sr-1-07c89395-bfb3-410f-8a86-9f4e3203c2a6 with group instance id None; client reason: need to re-join with the given member-id: sr-1-07c89395-bfb3-410f-8a86-9f4e3203c2a6) (kafka.coordinator.group.GroupCoordinator:66)
[2026-03-04 15:47:58,851] INFO [GroupCoordinator 0]: Stabilized group schema-registry generation 1 (__consumer_offsets-29) with 1 members (kafka.coordinator.group.GroupCoordinator:66)
[2026-03-04 15:47:58,851] INFO [Schema registry clientId=sr-1, groupId=schema-registry] Successfully joined group with generation Generation{generationId=1, memberId='sr-1-07c89395-bfb3-410f-8a86-9f4e3203c2a6', protocol='v0'} (io.confluent.kafka.schemaregistry.leaderelector.kafka.SchemaRegistryCoordinator:665)
[2026-03-04 15:47:58,851] INFO Performing assignment (io.confluent.kafka.schemaregistry.leaderelector.kafka.SchemaRegistryCoordinator:182)
[2026-03-04 15:47:58,853] INFO Member information: {sr-1-07c89395-bfb3-410f-8a86-9f4e3203c2a6=version=1,host=hinata-waifu,port=37801,scheme=http,leaderEligibility=true,isLeader=false} (io.confluent.kafka.schemaregistry.leaderelector.kafka.SchemaRegistryCoordinator:191)
[2026-03-04 15:47:58,853] INFO Assignment: Assignment{version=1, error=0, leader='sr-1-07c89395-bfb3-410f-8a86-9f4e3203c2a6', leaderIdentity=version=1,host=hinata-waifu,port=37801,scheme=http,leaderEligibility=true,isLeader=false} (io.confluent.kafka.schemaregistry.leaderelector.kafka.SchemaRegistryCoordinator:254)
[2026-03-04 15:47:58,854] INFO [GroupCoordinator 0]: Assignment received from leader sr-1-07c89395-bfb3-410f-8a86-9f4e3203c2a6 for group schema-registry for generation 1. The group has 1 members, 0 of which are static. (kafka.coordinator.group.GroupCoordinator:66)
[2026-03-04 15:47:58,854] INFO [Schema registry clientId=sr-1, groupId=schema-registry] Successfully synced group in generation Generation{generationId=1, memberId='sr-1-07c89395-bfb3-410f-8a86-9f4e3203c2a6', protocol='v0'} (io.confluent.kafka.schemaregistry.leaderelector.kafka.SchemaRegistryCoordinator:842)
[2026-03-04 15:47:58,855] INFO Finished rebalance with leader election result: Assignment{version=1, error=0, leader='sr-1-07c89395-bfb3-410f-8a86-9f4e3203c2a6', leaderIdentity=version=1,host=hinata-waifu,port=37801,scheme=http,leaderEligibility=true,isLeader=false} (io.confluent.kafka.schemaregistry.leaderelector.kafka.KafkaGroupLeaderElector:242)
[2026-03-04 15:47:58,855] INFO Setting the leader to version=1,host=hinata-waifu,port=37801,scheme=http,leaderEligibility=true,isLeader=false (io.confluent.kafka.schemaregistry.storage.KafkaSchemaRegistry:531)
[2026-03-04 15:47:58,858] INFO Leader changed from null to version=1,host=hinata-waifu,port=37801,scheme=http,leaderEligibility=true,isLeader=false (io.confluent.kafka.schemaregistry.storage.KafkaSchemaRegistry:561)
[2026-03-04 15:47:58,859] INFO Wait to catch up until the offset at 1 (io.confluent.kafka.schemaregistry.storage.KafkaStore:321)
[2026-03-04 15:47:58,860] INFO Reached offset at 1 (io.confluent.kafka.schemaregistry.storage.KafkaStore:323)
[2026-03-04 15:47:58,863] INFO Binding SchemaRegistryRestApplication to all listeners. (io.confluent.rest.Application:360)
[2026-03-04 15:47:58,877] INFO jetty-9.4.56.v20240826; built: 2024-08-26T17:15:05.868Z; git: ec6782ff5ead824dabdcf47fa98f90a4aedff401; jvm 25.0.2 (org.eclipse.jetty.server.Server:375)
[2026-03-04 15:47:58,882] INFO DefaultSessionIdManager workerName=node0 (org.eclipse.jetty.server.session:334)
[2026-03-04 15:47:58,882] INFO No SessionScavenger set, using defaults (org.eclipse.jetty.server.session:339)
[2026-03-04 15:47:58,882] INFO node0 Scavenging every 660000ms (org.eclipse.jetty.server.session:132)
Mar 04, 2026 3:47:58 PM org.glassfish.jersey.internal.inject.Providers checkProviderRuntime
WARNING: A provider io.confluent.kafka.schemaregistry.rest.resources.ConfigResource registered in SERVER runtime does not implement any provider interfaces applicable in the SERVER runtime. Due to constraint configuration problems the provider io.confluent.kafka.schemaregistry.rest.resources.ConfigResource will be ignored. 
Mar 04, 2026 3:47:58 PM org.glassfish.jersey.internal.inject.Providers checkProviderRuntime
WARNING: A provider io.confluent.kafka.schemaregistry.rest.resources.ContextsResource registered in SERVER runtime does not implement any provider interfaces applicable in the SERVER runtime. Due to constraint configuration problems the provider io.confluent.kafka.schemaregistry.rest.resources.ContextsResource will be ignored. 
Mar 04, 2026 3:47:58 PM org.glassfish.jersey.internal.inject.Providers checkProviderRuntime
WARNING: A provider io.confluent.kafka.schemaregistry.rest.resources.SubjectsResource registered in SERVER runtime does not implement any provider interfaces applicable in the SERVER runtime. Due to constraint configuration problems the provider io.confluent.kafka.schemaregistry.rest.resources.SubjectsResource will be ignored. 
Mar 04, 2026 3:47:58 PM org.glassfish.jersey.internal.inject.Providers checkProviderRuntime
WARNING: A provider io.confluent.kafka.schemaregistry.rest.resources.SchemasResource registered in SERVER runtime does not implement any provider interfaces applicable in the SERVER runtime. Due to constraint configuration problems the provider io.confluent.kafka.schemaregistry.rest.resources.SchemasResource will be ignored. 
Mar 04, 2026 3:47:58 PM org.glassfish.jersey.internal.inject.Providers checkProviderRuntime
WARNING: A provider io.confluent.kafka.schemaregistry.rest.resources.SubjectVersionsResource registered in SERVER runtime does not implement any provider interfaces applicable in the SERVER runtime. Due to constraint configuration problems the provider io.confluent.kafka.schemaregistry.rest.resources.SubjectVersionsResource will be ignored. 
Mar 04, 2026 3:47:58 PM org.glassfish.jersey.internal.inject.Providers checkProviderRuntime
WARNING: A provider io.confluent.kafka.schemaregistry.rest.resources.CompatibilityResource registered in SERVER runtime does not implement any provider interfaces applicable in the SERVER runtime. Due to constraint configuration problems the provider io.confluent.kafka.schemaregistry.rest.resources.CompatibilityResource will be ignored. 
Mar 04, 2026 3:47:58 PM org.glassfish.jersey.internal.inject.Providers checkProviderRuntime
WARNING: A provider io.confluent.kafka.schemaregistry.rest.resources.ModeResource registered in SERVER runtime does not implement any provider interfaces applicable in the SERVER runtime. Due to constraint configuration problems the provider io.confluent.kafka.schemaregistry.rest.resources.ModeResource will be ignored. 
Mar 04, 2026 3:47:58 PM org.glassfish.jersey.internal.inject.Providers checkProviderRuntime
WARNING: A provider io.confluent.kafka.schemaregistry.rest.resources.ServerMetadataResource registered in SERVER runtime does not implement any provider interfaces applicable in the SERVER runtime. Due to constraint configuration problems the provider io.confluent.kafka.schemaregistry.rest.resources.ServerMetadataResource will be ignored. 
[2026-03-04 15:47:58,929] INFO Started o.e.j.s.ServletContextHandler@7da324d0{/,null,AVAILABLE} (org.eclipse.jetty.server.handler.ContextHandler:921)
[2026-03-04 15:47:58,932] INFO Started o.e.j.s.ServletContextHandler@38dd3252{/ws,null,AVAILABLE} (org.eclipse.jetty.server.handler.ContextHandler:921)
[2026-03-04 15:47:58,934] INFO Started NetworkTrafficServerConnector@2659225a{HTTP/1.1, (http/1.1, h2c)}{0.0.0.0:37801} (org.eclipse.jetty.server.AbstractConnector:333)
[2026-03-04 15:47:58,934] INFO Started @2477ms (org.eclipse.jetty.server.Server:415)
[2026-03-04 15:47:58,936] INFO Creating topic { name: test-upsert-delete-sr, partitions: 1, replication: 1, config: {} } (org.apache.kafka.connect.util.clusters.EmbeddedKafkaCluster:427)
[2026-03-04 15:47:58,936] INFO AdminClientConfig values: 
	auto.include.jmx.reporter = true
	bootstrap.controllers = []
	bootstrap.servers = [localhost:35583]
	client.dns.lookup = use_all_dns_ips
	client.id = 
	connections.max.idle.ms = 300000
	default.api.timeout.ms = 60000
	enable.metrics.push = true
	metadata.max.age.ms = 300000
	metadata.recovery.strategy = none
	metric.reporters = []
	metrics.num.samples = 2
	metrics.recording.level = INFO
	metrics.sample.window.ms = 30000
	receive.buffer.bytes = 65536
	reconnect.backoff.max.ms = 1000
	reconnect.backoff.ms = 50
	request.timeout.ms = 30000
	retries = 2147483647
	retry.backoff.max.ms = 1000
	retry.backoff.ms = 100
	sasl.client.callback.handler.class = null
	sasl.jaas.config = null
	sasl.kerberos.kinit.cmd = /usr/bin/kinit
	sasl.kerberos.min.time.before.relogin = 60000
	sasl.kerberos.service.name = null
	sasl.kerberos.ticket.renew.jitter = 0.05
	sasl.kerberos.ticket.renew.window.factor = 0.8
	sasl.login.callback.handler.class = null
	sasl.login.class = null
	sasl.login.connect.timeout.ms = null
	sasl.login.read.timeout.ms = null
	sasl.login.refresh.buffer.seconds = 300
	sasl.login.refresh.min.period.seconds = 60
	sasl.login.refresh.window.factor = 0.8
	sasl.login.refresh.window.jitter = 0.05
	sasl.login.retry.backoff.max.ms = 10000
	sasl.login.retry.backoff.ms = 100
	sasl.mechanism = GSSAPI
	sasl.oauthbearer.clock.skew.seconds = 30
	sasl.oauthbearer.expected.audience = null
	sasl.oauthbearer.expected.issuer = null
	sasl.oauthbearer.jwks.endpoint.refresh.ms = 3600000
	sasl.oauthbearer.jwks.endpoint.retry.backoff.max.ms = 10000
	sasl.oauthbearer.jwks.endpoint.retry.backoff.ms = 100
	sasl.oauthbearer.jwks.endpoint.url = null
	sasl.oauthbearer.scope.claim.name = scope
	sasl.oauthbearer.sub.claim.name = sub
	sasl.oauthbearer.token.endpoint.url = null
	security.protocol = PLAINTEXT
	security.providers = null
	send.buffer.bytes = 131072
	socket.connection.setup.timeout.max.ms = 30000
	socket.connection.setup.timeout.ms = 10000
	ssl.cipher.suites = null
	ssl.enabled.protocols = [TLSv1.2, TLSv1.3]
	ssl.endpoint.identification.algorithm = https
	ssl.engine.factory.class = null
	ssl.key.password = null
	ssl.keymanager.algorithm = SunX509
	ssl.keystore.certificate.chain = null
	ssl.keystore.key = null
	ssl.keystore.location = null
	ssl.keystore.password = null
	ssl.keystore.type = JKS
	ssl.protocol = TLSv1.3
	ssl.provider = null
	ssl.secure.random.implementation = null
	ssl.trustmanager.algorithm = PKIX
	ssl.truststore.certificates = null
	ssl.truststore.location = null
	ssl.truststore.password = null
	ssl.truststore.type = JKS
 (org.apache.kafka.clients.admin.AdminClientConfig:372)
[2026-03-04 15:47:58,937] INFO Kafka version: 3.8.1 (org.apache.kafka.common.utils.AppInfoParser:124)
[2026-03-04 15:47:58,937] INFO Kafka commitId: 70d6ff42debf7e17 (org.apache.kafka.common.utils.AppInfoParser:125)
[2026-03-04 15:47:58,937] INFO Kafka startTimeMs: 1772619478937 (org.apache.kafka.common.utils.AppInfoParser:126)
[2026-03-04 15:47:58,940] INFO Creating topic test-upsert-delete-sr with configuration {} and initial partition assignment Map(0 -> ArrayBuffer(0)) (kafka.zk.AdminZkClient:66)
[2026-03-04 15:47:58,943] INFO [Controller id=0] New topics: [Set(test-upsert-delete-sr)], deleted topics: [Set()], new partition replica assignment [Set(TopicIdReplicaAssignment(test-upsert-delete-sr,Some(k2Fe0xUWTjS0u8vz0-5-vA),Map(test-upsert-delete-sr-0 -> ReplicaAssignment(replicas=0, addingReplicas=, removingReplicas=))))] (kafka.controller.KafkaController:66)
[2026-03-04 15:47:58,943] INFO [Controller id=0] New partition creation callback for test-upsert-delete-sr-0 (kafka.controller.KafkaController:66)
[2026-03-04 15:47:58,943] INFO [Controller id=0 epoch=1] Changed partition test-upsert-delete-sr-0 state from NonExistentPartition to NewPartition with assigned replicas 0 (state.change.logger:66)
[2026-03-04 15:47:58,943] INFO [Controller id=0 epoch=1] Sending UpdateMetadata request to brokers Set() for 0 partitions (state.change.logger:66)
[2026-03-04 15:47:58,943] INFO [Controller id=0 epoch=1] Sending UpdateMetadata request to brokers Set() for 0 partitions (state.change.logger:66)
[2026-03-04 15:47:58,944] INFO [Controller id=0 epoch=1] Changed partition test-upsert-delete-sr-0 from NewPartition to OnlinePartition with state LeaderAndIsr(leader=0, leaderEpoch=0, isrWithBrokerEpoch=List(BrokerState(brokerId=0, brokerEpoch=-1)), leaderRecoveryState=RECOVERED, partitionEpoch=0) (state.change.logger:66)
[2026-03-04 15:47:58,944] INFO [Controller id=0 epoch=1] Sending LeaderAndIsr request to broker 0 with 1 become-leader and 0 become-follower partitions (state.change.logger:66)
[2026-03-04 15:47:58,944] INFO [Controller id=0 epoch=1] Sending UpdateMetadata request to brokers Set(0) for 1 partitions (state.change.logger:66)
[2026-03-04 15:47:58,944] INFO [Controller id=0 epoch=1] Sending UpdateMetadata request to brokers Set() for 0 partitions (state.change.logger:66)
[2026-03-04 15:47:58,945] INFO [Broker id=0] Handling LeaderAndIsr request correlationId 11 from controller 0 for 1 partitions (state.change.logger:66)
[2026-03-04 15:47:58,945] INFO [ReplicaFetcherManager on broker 0] Removed fetcher for partitions Set(test-upsert-delete-sr-0) (kafka.server.ReplicaFetcherManager:66)
[2026-03-04 15:47:58,945] INFO [Broker id=0] Stopped fetchers as part of LeaderAndIsr request correlationId 11 from controller 0 epoch 1 as part of the become-leader transition for 1 partitions (state.change.logger:66)
[2026-03-04 15:47:58,946] INFO [LogLoader partition=test-upsert-delete-sr-0, dir=/tmp/EmbeddedKafkaCluster11084523262086392090] Loading producer state till offset 0 with message format version 2 (kafka.log.UnifiedLog$:1937)
[2026-03-04 15:47:58,946] INFO Created log for partition test-upsert-delete-sr-0 in /tmp/EmbeddedKafkaCluster11084523262086392090/test-upsert-delete-sr-0 with properties {} (kafka.log.LogManager:66)
[2026-03-04 15:47:58,946] INFO [Partition test-upsert-delete-sr-0 broker=0] No checkpointed highwatermark is found for partition test-upsert-delete-sr-0 (kafka.cluster.Partition:66)
[2026-03-04 15:47:58,946] INFO [Partition test-upsert-delete-sr-0 broker=0] Log loaded for partition test-upsert-delete-sr-0 with initial high watermark 0 (kafka.cluster.Partition:66)
[2026-03-04 15:47:58,946] INFO [Broker id=0] Leader test-upsert-delete-sr-0 with topic id Some(k2Fe0xUWTjS0u8vz0-5-vA) starts at leader epoch 0 from offset 0 with partition epoch 0, high watermark 0, ISR [0], adding replicas [] and removing replicas [] . Previous leader None and previous leader epoch was -1. (state.change.logger:66)
[2026-03-04 15:47:58,947] INFO [Broker id=0] Finished LeaderAndIsr request in 2ms correlationId 11 from controller 0 for 1 partitions (state.change.logger:66)
[2026-03-04 15:47:58,947] INFO [Broker id=0] Add 1 partitions and deleted 0 partitions from metadata cache in response to UpdateMetadata request sent by controller 0 epoch 1 with correlation id 12 (state.change.logger:66)
[2026-03-04 15:47:58,948] INFO App info kafka.admin.client for adminclient-5 unregistered (org.apache.kafka.common.utils.AppInfoParser:88)
[2026-03-04 15:47:58,948] INFO Metrics scheduler closed (org.apache.kafka.common.metrics.Metrics:684)
[2026-03-04 15:47:58,948] INFO Closing reporter org.apache.kafka.common.metrics.JmxReporter (org.apache.kafka.common.metrics.Metrics:688)
[2026-03-04 15:47:58,948] INFO Metrics reporters closed (org.apache.kafka.common.metrics.Metrics:694)
[2026-03-04 15:47:59,979] INFO table `test_dataset`.`test_upsert_delete_sr` does not exist (com.wepay.kafka.connect.bigquery.integration.utils.TableClearer:53)
[2026-03-04 15:47:59,990] INFO BigQuerySinkConfig values: 
	allBQFieldsNullable = false
	allowBigQueryRequiredFieldRelaxation = false
	allowNewBigQueryFields = false
	allowSchemaUnionization = false
	autoCreateBucket = true
	autoCreateTables = true
	avroDataCacheSize = 100
	batchLoadIntervalSec = 120
	bigQueryMessageTimePartitioning = false
	bigQueryPartitionDecorator = true
	bigQueryRetry = 0
	bigQueryRetryWait = 1000
	clusteringPartitionFieldNames = null
	commitInterval = 60
	convertDebeziumTimestampToInteger = false
	convertDebeziumVariableScaleDecimal = false
	convertDoubleSpecialValues = false
	decimalHandlingMode = FLOAT
	defaultDataset = test_dataset
	deleteEnabled = true
	enableBatchLoad = []
	enableBatchMode = false
	enableRetries = true
	gcsBucketName = 
	gcsFolderName = 
	ignoreUnknownFields = false
	intermediateTableSuffix = tmp
	kafkaDataFieldName = null
	kafkaKeyFieldName = kafkaKey
	keySource = FILE
	keyfile = [hidden]
	max.retries = 10
	mergeIntervalMs = -1
	mergeRecordsThreshold = 2
	partitionExpirationMs = null
	preserveKafkaTopicPartitionOffset = false
	project = gen-lang-client-0026556124
	queueSize = -1
	sanitizeFieldNames = false
	sanitizeTopics = true
	schemaRetriever = class com.wepay.kafka.connect.bigquery.retrieve.IdentitySchemaRetriever
	threadPoolSize = 10
	timePartitioningType = DAY
	timestampPartitionFieldName = null
	topic2TableMap = 
	topics = [test-upsert-delete-sr]
	topics.regex = 
	upsertEnabled = true
	useCredentialsProjectId = false
	useStorageWriteApi = false
	variableScaleDecimalHandlingMode = RECORD
 (com.wepay.kafka.connect.bigquery.config.BigQuerySinkConfig:372)
[2026-03-04 15:47:59,990] WARN Option convertDebeziumVariableScaleDecimal is deprecated since 2.8.0: Use variableScaleDecimalHandlingMode instead. (com.wepay.kafka.connect.bigquery.config.BigQuerySinkConfig:650)
[2026-03-04 15:47:59,991] DEBUG Attempting to open file /home/killua/Downloads/gen-lang-client-0026556124-a7c58e438363.json for service account json key (com.wepay.kafka.connect.bigquery.GcpClientBuilder:147)
[2026-03-04 15:47:59,992] DEBUG Attempting to open file /home/killua/Downloads/gen-lang-client-0026556124-a7c58e438363.json for service account json key (com.wepay.kafka.connect.bigquery.GcpClientBuilder:147)
[2026-03-04 15:48:00,011] DEBUG Attempting to open file /home/killua/Downloads/gen-lang-client-0026556124-a7c58e438363.json for service account json key (com.wepay.kafka.connect.bigquery.GcpClientBuilder:147)
[2026-03-04 15:48:00,015] DEBUG Attempting to open file /home/killua/Downloads/gen-lang-client-0026556124-a7c58e438363.json for service account json key (com.wepay.kafka.connect.bigquery.GcpClientBuilder:147)
[2026-03-04 15:48:00,017] INFO AbstractConfig values: 
 (org.apache.kafka.common.config.AbstractConfig:372)
[2026-03-04 15:48:00,020] INFO [Worker clientId=connect-localhost:44643, groupId=connect-integration-test-kcbq-connect-cluster] Connector kcbq-sink-connector-testUpsertDelete-sr config updated (org.apache.kafka.connect.runtime.distributed.DistributedHerder:2425)
[2026-03-04 15:48:00,021] INFO [Worker clientId=connect-localhost:44643, groupId=connect-integration-test-kcbq-connect-cluster] Rebalance started (org.apache.kafka.connect.runtime.distributed.WorkerCoordinator:242)
[2026-03-04 15:48:00,021] INFO [Worker clientId=connect-localhost:44643, groupId=connect-integration-test-kcbq-connect-cluster] (Re-)joining group (org.apache.kafka.connect.runtime.distributed.WorkerCoordinator:604)
[2026-03-04 15:48:00,021] INFO [GroupCoordinator 0]: Preparing to rebalance group connect-integration-test-kcbq-connect-cluster in state PreparingRebalance with old generation 1 (__consumer_offsets-42) (reason: Leader connect-localhost:44643-814eee5c-fa13-43bc-bc7a-c1c2157d179b re-joining group during Stable; client reason: ) (kafka.coordinator.group.GroupCoordinator:66)
[2026-03-04 15:48:00,021] INFO [GroupCoordinator 0]: Stabilized group connect-integration-test-kcbq-connect-cluster generation 2 (__consumer_offsets-42) with 1 members (kafka.coordinator.group.GroupCoordinator:66)
[2026-03-04 15:48:00,022] INFO [Worker clientId=connect-localhost:44643, groupId=connect-integration-test-kcbq-connect-cluster] Successfully joined group with generation Generation{generationId=2, memberId='connect-localhost:44643-814eee5c-fa13-43bc-bc7a-c1c2157d179b', protocol='sessioned'} (org.apache.kafka.connect.runtime.distributed.WorkerCoordinator:665)
[2026-03-04 15:48:00,023] INFO [GroupCoordinator 0]: Assignment received from leader connect-localhost:44643-814eee5c-fa13-43bc-bc7a-c1c2157d179b for group connect-integration-test-kcbq-connect-cluster for generation 2. The group has 1 members, 0 of which are static. (kafka.coordinator.group.GroupCoordinator:66)
[2026-03-04 15:48:00,023] INFO [Worker clientId=connect-localhost:44643, groupId=connect-integration-test-kcbq-connect-cluster] Successfully synced group in generation Generation{generationId=2, memberId='connect-localhost:44643-814eee5c-fa13-43bc-bc7a-c1c2157d179b', protocol='sessioned'} (org.apache.kafka.connect.runtime.distributed.WorkerCoordinator:842)
[2026-03-04 15:48:00,023] INFO [Worker clientId=connect-localhost:44643, groupId=connect-integration-test-kcbq-connect-cluster] Joined group at generation 2 with protocol version 2 and got assignment: Assignment{error=0, leader='connect-localhost:44643-814eee5c-fa13-43bc-bc7a-c1c2157d179b', leaderUrl='http://localhost:44643/', offset=2, connectorIds=[kcbq-sink-connector-testUpsertDelete-sr], taskIds=[], revokedConnectorIds=[], revokedTaskIds=[], delay=0} with rebalance delay: 0 (org.apache.kafka.connect.runtime.distributed.DistributedHerder:2621)
[2026-03-04 15:48:00,023] INFO [Worker clientId=connect-localhost:44643, groupId=connect-integration-test-kcbq-connect-cluster] Starting connectors and tasks using config offset 2 (org.apache.kafka.connect.runtime.distributed.DistributedHerder:1959)
[2026-03-04 15:48:00,024] INFO 127.0.0.1 - - [04/Mar/2026:10:17:59 +0000] "PUT /connectors/kcbq-sink-connector-testUpsertDelete-sr/config HTTP/1.1" 201 962 "-" "Jetty/9.4.56.v20240826" 43 (org.apache.kafka.connect.runtime.rest.RestServer:62)
[2026-03-04 15:48:00,024] INFO [Worker clientId=connect-localhost:44643, groupId=connect-integration-test-kcbq-connect-cluster] Starting connector kcbq-sink-connector-testUpsertDelete-sr (org.apache.kafka.connect.runtime.distributed.DistributedHerder:2077)
[2026-03-04 15:48:00,024] INFO PUT response for URL=http://localhost:44643/connectors/kcbq-sink-connector-testUpsertDelete-sr/config is {"name":"kcbq-sink-connector-testUpsertDelete-sr","config":{"connector.class":"com.wepay.kafka.connect.bigquery.BigQuerySinkConnector","keySource":"FILE","sanitizeTopics":"true","autoCreateTables":"true","tasks.max":"1","topics":"test-upsert-delete-sr","mergeIntervalMs":"-1","upsertEnabled":"true","project":"gen-lang-client-0026556124","deleteEnabled":"true","defaultDataset":"test_dataset","value.converter.schema.registry.url":"http://0.0.0.0:37801/","mergeRecordsThreshold":"2","kafkaKeyFieldName":"kafkaKey","keyfile":"/home/killua/Downloads/gen-lang-client-0026556124-a7c58e438363.json","schemaRetriever":"com.wepay.kafka.connect.bigquery.retrieve.IdentitySchemaRetriever","useStorageWriteApi":"false","value.converter":"io.confluent.connect.avro.AvroConverter","key.converter":"io.confluent.connect.avro.AvroConverter","key.converter.schema.registry.url":"http://0.0.0.0:37801/","name":"kcbq-sink-connector-testUpsertDelete-sr"},"tasks":[],"type":"sink"} (org.apache.kafka.connect.util.clusters.EmbeddedConnect:1016)
[2026-03-04 15:48:00,024] INFO [kcbq-sink-connector-testUpsertDelete-sr|worker] Creating connector kcbq-sink-connector-testUpsertDelete-sr of type com.wepay.kafka.connect.bigquery.BigQuerySinkConnector (org.apache.kafka.connect.runtime.Worker:312)
[2026-03-04 15:48:00,024] INFO [kcbq-sink-connector-testUpsertDelete-sr|worker] SinkConnectorConfig values: 
	config.action.reload = restart
	connector.class = com.wepay.kafka.connect.bigquery.BigQuerySinkConnector
	errors.deadletterqueue.context.headers.enable = false
	errors.deadletterqueue.topic.name = 
	errors.deadletterqueue.topic.replication.factor = 3
	errors.log.enable = false
	errors.log.include.messages = false
	errors.retry.delay.max.ms = 60000
	errors.retry.timeout = 0
	errors.tolerance = none
	header.converter = null
	key.converter = class io.confluent.connect.avro.AvroConverter
	name = kcbq-sink-connector-testUpsertDelete-sr
	predicates = []
	tasks.max = 1
	tasks.max.enforce = true
	topics = [test-upsert-delete-sr]
	topics.regex = 
	transforms = []
	value.converter = class io.confluent.connect.avro.AvroConverter
 (org.apache.kafka.connect.runtime.SinkConnectorConfig:372)
[2026-03-04 15:48:00,025] INFO [kcbq-sink-connector-testUpsertDelete-sr|worker] EnrichedConnectorConfig values: 
	config.action.reload = restart
	connector.class = com.wepay.kafka.connect.bigquery.BigQuerySinkConnector
	errors.deadletterqueue.context.headers.enable = false
	errors.deadletterqueue.topic.name = 
	errors.deadletterqueue.topic.replication.factor = 3
	errors.log.enable = false
	errors.log.include.messages = false
	errors.retry.delay.max.ms = 60000
	errors.retry.timeout = 0
	errors.tolerance = none
	header.converter = null
	key.converter = class io.confluent.connect.avro.AvroConverter
	name = kcbq-sink-connector-testUpsertDelete-sr
	predicates = []
	tasks.max = 1
	tasks.max.enforce = true
	topics = [test-upsert-delete-sr]
	topics.regex = 
	transforms = []
	value.converter = class io.confluent.connect.avro.AvroConverter
 (org.apache.kafka.connect.runtime.ConnectorConfig$EnrichedConnectorConfig:372)
[2026-03-04 15:48:00,025] INFO [kcbq-sink-connector-testUpsertDelete-sr|worker] Instantiated connector kcbq-sink-connector-testUpsertDelete-sr with version VERSION-NUMBER of type class com.wepay.kafka.connect.bigquery.BigQuerySinkConnector (org.apache.kafka.connect.runtime.Worker:334)
[2026-03-04 15:48:00,026] INFO [kcbq-sink-connector-testUpsertDelete-sr|worker] Finished creating connector kcbq-sink-connector-testUpsertDelete-sr (org.apache.kafka.connect.runtime.Worker:355)
[2026-03-04 15:48:00,026] INFO 127.0.0.1 - - [04/Mar/2026:10:18:00 +0000] "GET /connectors/kcbq-sink-connector-testUpsertDelete-sr/status HTTP/1.1" 404 100 "-" "Jetty/9.4.56.v20240826" 1 (org.apache.kafka.connect.runtime.rest.RestServer:62)
[2026-03-04 15:48:00,026] INFO GET response for URL=http://localhost:44643/connectors/kcbq-sink-connector-testUpsertDelete-sr/status is {"error_code":404,"message":"No status found for connector kcbq-sink-connector-testUpsertDelete-sr"} (org.apache.kafka.connect.util.clusters.EmbeddedConnect:1016)
[2026-03-04 15:48:00,026] INFO [Worker clientId=connect-localhost:44643, groupId=connect-integration-test-kcbq-connect-cluster] Finished starting connectors and tasks (org.apache.kafka.connect.runtime.distributed.DistributedHerder:1988)
[2026-03-04 15:48:00,026] WARN Could not check connector state info. (com.wepay.kafka.connect.bigquery.integration.BaseConnectorIT:369)
org.apache.kafka.connect.runtime.rest.errors.ConnectRestException: Could not read connector state. Error response: {"error_code":404,"message":"No status found for connector kcbq-sink-connector-testUpsertDelete-sr"}
	at org.apache.kafka.connect.util.clusters.EmbeddedConnect.connectorStatus(EmbeddedConnect.java:513)
	at org.apache.kafka.connect.util.clusters.EmbeddedConnectCluster.connectorStatus(EmbeddedConnectCluster.java:48)
	at com.wepay.kafka.connect.bigquery.integration.BaseConnectorIT.assertConnectorAndTasksRunning(BaseConnectorIT.java:362)
	at com.wepay.kafka.connect.bigquery.integration.BaseConnectorIT.lambda$waitForConnectorToStart$0(BaseConnectorIT.java:346)
	at org.apache.kafka.test.TestUtils.lambda$waitForCondition$3(TestUtils.java:396)
	at org.apache.kafka.test.TestUtils.retryOnExceptionWithTimeout(TestUtils.java:444)
	at org.apache.kafka.test.TestUtils.waitForCondition(TestUtils.java:393)
	at org.apache.kafka.test.TestUtils.waitForCondition(TestUtils.java:377)
	at org.apache.kafka.test.TestUtils.waitForCondition(TestUtils.java:367)
	at com.wepay.kafka.connect.bigquery.integration.BaseConnectorIT.waitForConnectorToStart(BaseConnectorIT.java:345)
	at com.wepay.kafka.connect.bigquery.integration.UpsertDeleteBigQuerySinkConnectorWithSRIT.testUpsertDelete(UpsertDeleteBigQuerySinkConnectorWithSRIT.java:317)
	at java.base/jdk.internal.reflect.DirectMethodHandleAccessor.invoke(DirectMethodHandleAccessor.java:104)
	at java.base/java.lang.reflect.Method.invoke(Method.java:565)
	at org.junit.platform.commons.util.ReflectionUtils.invokeMethod(ReflectionUtils.java:728)
	at org.junit.jupiter.engine.execution.MethodInvocation.proceed(MethodInvocation.java:60)
	at org.junit.jupiter.engine.execution.InvocationInterceptorChain$ValidatingInvocation.proceed(InvocationInterceptorChain.java:131)
	at org.junit.jupiter.engine.extension.TimeoutExtension.intercept(TimeoutExtension.java:156)
	at org.junit.jupiter.engine.extension.TimeoutExtension.interceptTestableMethod(TimeoutExtension.java:147)
	at org.junit.jupiter.engine.extension.TimeoutExtension.interceptTestMethod(TimeoutExtension.java:86)
	at org.junit.jupiter.engine.execution.InterceptingExecutableInvoker$ReflectiveInterceptorCall.lambda$ofVoidMethod$0(InterceptingExecutableInvoker.java:103)
	at org.junit.jupiter.engine.execution.InterceptingExecutableInvoker.lambda$invoke$0(InterceptingExecutableInvoker.java:93)
	at org.junit.jupiter.engine.execution.InvocationInterceptorChain$InterceptedInvocation.proceed(InvocationInterceptorChain.java:106)
	at org.junit.jupiter.engine.execution.InvocationInterceptorChain.proceed(InvocationInterceptorChain.java:64)
	at org.junit.jupiter.engine.execution.InvocationInterceptorChain.chainAndInvoke(InvocationInterceptorChain.java:45)
	at org.junit.jupiter.engine.execution.InvocationInterceptorChain.invoke(InvocationInterceptorChain.java:37)
	at org.junit.jupiter.engine.execution.InterceptingExecutableInvoker.invoke(InterceptingExecutableInvoker.java:92)
	at org.junit.jupiter.engine.execution.InterceptingExecutableInvoker.invoke(InterceptingExecutableInvoker.java:86)
	at org.junit.jupiter.engine.descriptor.TestMethodTestDescriptor.lambda$invokeTestMethod$7(TestMethodTestDescriptor.java:218)
	at org.junit.platform.engine.support.hierarchical.ThrowableCollector.execute(ThrowableCollector.java:73)
	at org.junit.jupiter.engine.descriptor.TestMethodTestDescriptor.invokeTestMethod(TestMethodTestDescriptor.java:214)
	at org.junit.jupiter.engine.descriptor.TestMethodTestDescriptor.execute(TestMethodTestDescriptor.java:139)
	at org.junit.jupiter.engine.descriptor.TestMethodTestDescriptor.execute(TestMethodTestDescriptor.java:69)
	at org.junit.platform.engine.support.hierarchical.NodeTestTask.lambda$executeRecursively$6(NodeTestTask.java:151)
	at org.junit.platform.engine.support.hierarchical.ThrowableCollector.execute(ThrowableCollector.java:73)
	at org.junit.platform.engine.support.hierarchical.NodeTestTask.lambda$executeRecursively$8(NodeTestTask.java:141)
	at org.junit.platform.engine.support.hierarchical.Node.around(Node.java:137)
	at org.junit.platform.engine.support.hierarchical.NodeTestTask.lambda$executeRecursively$9(NodeTestTask.java:139)
	at org.junit.platform.engine.support.hierarchical.ThrowableCollector.execute(ThrowableCollector.java:73)
	at org.junit.platform.engine.support.hierarchical.NodeTestTask.executeRecursively(NodeTestTask.java:138)
	at org.junit.platform.engine.support.hierarchical.NodeTestTask.execute(NodeTestTask.java:95)
	at java.base/java.util.ArrayList.forEach(ArrayList.java:1604)
	at org.junit.platform.engine.support.hierarchical.SameThreadHierarchicalTestExecutorService.invokeAll(SameThreadHierarchicalTestExecutorService.java:41)
	at org.junit.platform.engine.support.hierarchical.NodeTestTask.lambda$executeRecursively$6(NodeTestTask.java:155)
	at org.junit.platform.engine.support.hierarchical.ThrowableCollector.execute(ThrowableCollector.java:73)
	at org.junit.platform.engine.support.hierarchical.NodeTestTask.lambda$executeRecursively$8(NodeTestTask.java:141)
	at org.junit.platform.engine.support.hierarchical.Node.around(Node.java:137)
	at org.junit.platform.engine.support.hierarchical.NodeTestTask.lambda$executeRecursively$9(NodeTestTask.java:139)
	at org.junit.platform.engine.support.hierarchical.ThrowableCollector.execute(ThrowableCollector.java:73)
	at org.junit.platform.engine.support.hierarchical.NodeTestTask.executeRecursively(NodeTestTask.java:138)
	at org.junit.platform.engine.support.hierarchical.NodeTestTask.execute(NodeTestTask.java:95)
	at java.base/java.util.ArrayList.forEach(ArrayList.java:1604)
	at org.junit.platform.engine.support.hierarchical.SameThreadHierarchicalTestExecutorService.invokeAll(SameThreadHierarchicalTestExecutorService.java:41)
	at org.junit.platform.engine.support.hierarchical.NodeTestTask.lambda$executeRecursively$6(NodeTestTask.java:155)
	at org.junit.platform.engine.support.hierarchical.ThrowableCollector.execute(ThrowableCollector.java:73)
	at org.junit.platform.engine.support.hierarchical.NodeTestTask.lambda$executeRecursively$8(NodeTestTask.java:141)
	at org.junit.platform.engine.support.hierarchical.Node.around(Node.java:137)
	at org.junit.platform.engine.support.hierarchical.NodeTestTask.lambda$executeRecursively$9(NodeTestTask.java:139)
	at org.junit.platform.engine.support.hierarchical.ThrowableCollector.execute(ThrowableCollector.java:73)
	at org.junit.platform.engine.support.hierarchical.NodeTestTask.executeRecursively(NodeTestTask.java:138)
	at org.junit.platform.engine.support.hierarchical.NodeTestTask.execute(NodeTestTask.java:95)
	at org.junit.platform.engine.support.hierarchical.SameThreadHierarchicalTestExecutorService.submit(SameThreadHierarchicalTestExecutorService.java:35)
	at org.junit.platform.engine.support.hierarchical.HierarchicalTestExecutor.execute(HierarchicalTestExecutor.java:57)
	at org.junit.platform.engine.support.hierarchical.HierarchicalTestEngine.execute(HierarchicalTestEngine.java:54)
	at org.junit.platform.launcher.core.EngineExecutionOrchestrator.execute(EngineExecutionOrchestrator.java:198)
	at org.junit.platform.launcher.core.EngineExecutionOrchestrator.execute(EngineExecutionOrchestrator.java:169)
	at org.junit.platform.launcher.core.EngineExecutionOrchestrator.execute(EngineExecutionOrchestrator.java:93)
	at org.junit.platform.launcher.core.EngineExecutionOrchestrator.lambda$execute$0(EngineExecutionOrchestrator.java:58)
	at org.junit.platform.launcher.core.EngineExecutionOrchestrator.withInterceptedStreams(EngineExecutionOrchestrator.java:141)
	at org.junit.platform.launcher.core.EngineExecutionOrchestrator.execute(EngineExecutionOrchestrator.java:57)
	at org.junit.platform.launcher.core.DefaultLauncher.execute(DefaultLauncher.java:103)
	at org.junit.platform.launcher.core.DefaultLauncher.execute(DefaultLauncher.java:85)
	at org.junit.platform.launcher.core.DelegatingLauncher.execute(DelegatingLauncher.java:47)
	at org.apache.maven.surefire.junitplatform.LazyLauncher.execute(LazyLauncher.java:56)
	at org.apache.maven.surefire.junitplatform.JUnitPlatformProvider.execute(JUnitPlatformProvider.java:194)
	at org.apache.maven.surefire.junitplatform.JUnitPlatformProvider.invokeAllTests(JUnitPlatformProvider.java:150)
	at org.apache.maven.surefire.junitplatform.JUnitPlatformProvider.invoke(JUnitPlatformProvider.java:124)
	at org.apache.maven.surefire.booter.ForkedBooter.runSuitesInProcess(ForkedBooter.java:385)
	at org.apache.maven.surefire.booter.ForkedBooter.execute(ForkedBooter.java:162)
	at org.apache.maven.surefire.booter.ForkedBooter.run(ForkedBooter.java:507)
	at org.apache.maven.surefire.booter.ForkedBooter.main(ForkedBooter.java:495)
[2026-03-04 15:48:00,026] INFO [kcbq-sink-connector-testUpsertDelete-sr|worker] BigQuerySinkConfig values: 
	allBQFieldsNullable = false
	allowBigQueryRequiredFieldRelaxation = false
	allowNewBigQueryFields = false
	allowSchemaUnionization = false
	autoCreateBucket = true
	autoCreateTables = true
	avroDataCacheSize = 100
	batchLoadIntervalSec = 120
	bigQueryMessageTimePartitioning = false
	bigQueryPartitionDecorator = true
	bigQueryRetry = 0
	bigQueryRetryWait = 1000
	clusteringPartitionFieldNames = null
	commitInterval = 60
	convertDebeziumTimestampToInteger = false
	convertDebeziumVariableScaleDecimal = false
	convertDoubleSpecialValues = false
	decimalHandlingMode = FLOAT
	defaultDataset = test_dataset
	deleteEnabled = true
	enableBatchLoad = []
	enableBatchMode = false
	enableRetries = true
	gcsBucketName = 
	gcsFolderName = 
	ignoreUnknownFields = false
	intermediateTableSuffix = tmp
	kafkaDataFieldName = null
	kafkaKeyFieldName = kafkaKey
	keySource = FILE
	keyfile = [hidden]
	max.retries = 10
	mergeIntervalMs = -1
	mergeRecordsThreshold = 2
	partitionExpirationMs = null
	preserveKafkaTopicPartitionOffset = false
	project = gen-lang-client-0026556124
	queueSize = -1
	sanitizeFieldNames = false
	sanitizeTopics = true
	schemaRetriever = class com.wepay.kafka.connect.bigquery.retrieve.IdentitySchemaRetriever
	threadPoolSize = 10
	timePartitioningType = DAY
	timestampPartitionFieldName = null
	topic2TableMap = 
	topics = [test-upsert-delete-sr]
	topics.regex = 
	upsertEnabled = true
	useCredentialsProjectId = false
	useStorageWriteApi = false
	variableScaleDecimalHandlingMode = RECORD
 (com.wepay.kafka.connect.bigquery.config.BigQuerySinkConfig:372)
[2026-03-04 15:48:00,026] WARN [kcbq-sink-connector-testUpsertDelete-sr|worker] Option convertDebeziumVariableScaleDecimal is deprecated since 2.8.0: Use variableScaleDecimalHandlingMode instead. (com.wepay.kafka.connect.bigquery.config.BigQuerySinkConfig:650)
[2026-03-04 15:48:00,028] INFO SinkConnectorConfig values: 
	config.action.reload = restart
	connector.class = com.wepay.kafka.connect.bigquery.BigQuerySinkConnector
	errors.deadletterqueue.context.headers.enable = false
	errors.deadletterqueue.topic.name = 
	errors.deadletterqueue.topic.replication.factor = 3
	errors.log.enable = false
	errors.log.include.messages = false
	errors.retry.delay.max.ms = 60000
	errors.retry.timeout = 0
	errors.tolerance = none
	header.converter = null
	key.converter = class io.confluent.connect.avro.AvroConverter
	name = kcbq-sink-connector-testUpsertDelete-sr
	predicates = []
	tasks.max = 1
	tasks.max.enforce = true
	topics = [test-upsert-delete-sr]
	topics.regex = 
	transforms = []
	value.converter = class io.confluent.connect.avro.AvroConverter
 (org.apache.kafka.connect.runtime.SinkConnectorConfig:372)
[2026-03-04 15:48:00,028] INFO EnrichedConnectorConfig values: 
	config.action.reload = restart
	connector.class = com.wepay.kafka.connect.bigquery.BigQuerySinkConnector
	errors.deadletterqueue.context.headers.enable = false
	errors.deadletterqueue.topic.name = 
	errors.deadletterqueue.topic.replication.factor = 3
	errors.log.enable = false
	errors.log.include.messages = false
	errors.retry.delay.max.ms = 60000
	errors.retry.timeout = 0
	errors.tolerance = none
	header.converter = null
	key.converter = class io.confluent.connect.avro.AvroConverter
	name = kcbq-sink-connector-testUpsertDelete-sr
	predicates = []
	tasks.max = 1
	tasks.max.enforce = true
	topics = [test-upsert-delete-sr]
	topics.regex = 
	transforms = []
	value.converter = class io.confluent.connect.avro.AvroConverter
 (org.apache.kafka.connect.runtime.ConnectorConfig$EnrichedConnectorConfig:372)
[2026-03-04 15:48:00,033] INFO [Worker clientId=connect-localhost:44643, groupId=connect-integration-test-kcbq-connect-cluster] Tasks [kcbq-sink-connector-testUpsertDelete-sr-0] configs updated (org.apache.kafka.connect.runtime.distributed.DistributedHerder:2440)
[2026-03-04 15:48:00,033] INFO [Worker clientId=connect-localhost:44643, groupId=connect-integration-test-kcbq-connect-cluster] Rebalance started (org.apache.kafka.connect.runtime.distributed.WorkerCoordinator:242)
[2026-03-04 15:48:00,033] INFO [Worker clientId=connect-localhost:44643, groupId=connect-integration-test-kcbq-connect-cluster] (Re-)joining group (org.apache.kafka.connect.runtime.distributed.WorkerCoordinator:604)
[2026-03-04 15:48:00,033] INFO [GroupCoordinator 0]: Preparing to rebalance group connect-integration-test-kcbq-connect-cluster in state PreparingRebalance with old generation 2 (__consumer_offsets-42) (reason: Leader connect-localhost:44643-814eee5c-fa13-43bc-bc7a-c1c2157d179b re-joining group during Stable; client reason: ) (kafka.coordinator.group.GroupCoordinator:66)
[2026-03-04 15:48:00,033] INFO [GroupCoordinator 0]: Stabilized group connect-integration-test-kcbq-connect-cluster generation 3 (__consumer_offsets-42) with 1 members (kafka.coordinator.group.GroupCoordinator:66)
[2026-03-04 15:48:00,033] INFO [Worker clientId=connect-localhost:44643, groupId=connect-integration-test-kcbq-connect-cluster] Successfully joined group with generation Generation{generationId=3, memberId='connect-localhost:44643-814eee5c-fa13-43bc-bc7a-c1c2157d179b', protocol='sessioned'} (org.apache.kafka.connect.runtime.distributed.WorkerCoordinator:665)
[2026-03-04 15:48:00,034] INFO [GroupCoordinator 0]: Assignment received from leader connect-localhost:44643-814eee5c-fa13-43bc-bc7a-c1c2157d179b for group connect-integration-test-kcbq-connect-cluster for generation 3. The group has 1 members, 0 of which are static. (kafka.coordinator.group.GroupCoordinator:66)
[2026-03-04 15:48:00,034] INFO [Worker clientId=connect-localhost:44643, groupId=connect-integration-test-kcbq-connect-cluster] Successfully synced group in generation Generation{generationId=3, memberId='connect-localhost:44643-814eee5c-fa13-43bc-bc7a-c1c2157d179b', protocol='sessioned'} (org.apache.kafka.connect.runtime.distributed.WorkerCoordinator:842)
[2026-03-04 15:48:00,035] INFO [Worker clientId=connect-localhost:44643, groupId=connect-integration-test-kcbq-connect-cluster] Joined group at generation 3 with protocol version 2 and got assignment: Assignment{error=0, leader='connect-localhost:44643-814eee5c-fa13-43bc-bc7a-c1c2157d179b', leaderUrl='http://localhost:44643/', offset=4, connectorIds=[kcbq-sink-connector-testUpsertDelete-sr], taskIds=[kcbq-sink-connector-testUpsertDelete-sr-0], revokedConnectorIds=[], revokedTaskIds=[], delay=0} with rebalance delay: 0 (org.apache.kafka.connect.runtime.distributed.DistributedHerder:2621)
[2026-03-04 15:48:00,035] INFO [Worker clientId=connect-localhost:44643, groupId=connect-integration-test-kcbq-connect-cluster] Starting connectors and tasks using config offset 4 (org.apache.kafka.connect.runtime.distributed.DistributedHerder:1959)
[2026-03-04 15:48:00,035] INFO [Worker clientId=connect-localhost:44643, groupId=connect-integration-test-kcbq-connect-cluster] Starting task kcbq-sink-connector-testUpsertDelete-sr-0 (org.apache.kafka.connect.runtime.distributed.DistributedHerder:2002)
[2026-03-04 15:48:00,036] INFO [kcbq-sink-connector-testUpsertDelete-sr|task-0] Creating task kcbq-sink-connector-testUpsertDelete-sr-0 (org.apache.kafka.connect.runtime.Worker:645)
[2026-03-04 15:48:00,036] INFO [kcbq-sink-connector-testUpsertDelete-sr|task-0] ConnectorConfig values: 
	config.action.reload = restart
	connector.class = com.wepay.kafka.connect.bigquery.BigQuerySinkConnector
	errors.log.enable = false
	errors.log.include.messages = false
	errors.retry.delay.max.ms = 60000
	errors.retry.timeout = 0
	errors.tolerance = none
	header.converter = null
	key.converter = class io.confluent.connect.avro.AvroConverter
	name = kcbq-sink-connector-testUpsertDelete-sr
	predicates = []
	tasks.max = 1
	tasks.max.enforce = true
	transforms = []
	value.converter = class io.confluent.connect.avro.AvroConverter
 (org.apache.kafka.connect.runtime.ConnectorConfig:372)
[2026-03-04 15:48:00,036] INFO [kcbq-sink-connector-testUpsertDelete-sr|task-0] EnrichedConnectorConfig values: 
	config.action.reload = restart
	connector.class = com.wepay.kafka.connect.bigquery.BigQuerySinkConnector
	errors.log.enable = false
	errors.log.include.messages = false
	errors.retry.delay.max.ms = 60000
	errors.retry.timeout = 0
	errors.tolerance = none
	header.converter = null
	key.converter = class io.confluent.connect.avro.AvroConverter
	name = kcbq-sink-connector-testUpsertDelete-sr
	predicates = []
	tasks.max = 1
	tasks.max.enforce = true
	transforms = []
	value.converter = class io.confluent.connect.avro.AvroConverter
 (org.apache.kafka.connect.runtime.ConnectorConfig$EnrichedConnectorConfig:372)
[2026-03-04 15:48:00,037] INFO [kcbq-sink-connector-testUpsertDelete-sr|task-0] TaskConfig values: 
	task.class = class com.wepay.kafka.connect.bigquery.BigQuerySinkTask
 (org.apache.kafka.connect.runtime.TaskConfig:372)
[2026-03-04 15:48:00,038] INFO [kcbq-sink-connector-testUpsertDelete-sr|task-0] Instantiated task kcbq-sink-connector-testUpsertDelete-sr-0 with version VERSION-NUMBER of type com.wepay.kafka.connect.bigquery.BigQuerySinkTask (org.apache.kafka.connect.runtime.Worker:664)
[2026-03-04 15:48:00,039] INFO [kcbq-sink-connector-testUpsertDelete-sr|task-0] AvroConverterConfig values: 
	auto.register.schemas = true
	basic.auth.credentials.source = URL
	basic.auth.user.info = [hidden]
	bearer.auth.cache.expiry.buffer.seconds = 300
	bearer.auth.client.id = null
	bearer.auth.client.secret = null
	bearer.auth.credentials.source = STATIC_TOKEN
	bearer.auth.custom.provider.class = null
	bearer.auth.identity.pool.id = null
	bearer.auth.issuer.endpoint.url = null
	bearer.auth.logical.cluster = null
	bearer.auth.scope = null
	bearer.auth.scope.claim.name = scope
	bearer.auth.sub.claim.name = sub
	bearer.auth.token = [hidden]
	context.name.strategy = class io.confluent.kafka.serializers.context.NullContextNameStrategy
	http.connect.timeout.ms = 60000
	http.read.timeout.ms = 60000
	id.compatibility.strict = true
	key.subject.name.strategy = class io.confluent.kafka.serializers.subject.TopicNameStrategy
	latest.cache.size = 1000
	latest.cache.ttl.sec = -1
	latest.compatibility.strict = true
	max.retries = 3
	max.schemas.per.subject = 1000
	normalize.schemas = false
	propagate.schema.tags = false
	proxy.host = 
	proxy.port = -1
	retries.max.wait.ms = 20000
	retries.wait.ms = 1000
	rule.actions = []
	rule.executors = []
	rule.service.loader.enable = true
	schema.format = null
	schema.reflection = false
	schema.registry.basic.auth.user.info = [hidden]
	schema.registry.ssl.cipher.suites = null
	schema.registry.ssl.enabled.protocols = [TLSv1.2, TLSv1.3]
	schema.registry.ssl.endpoint.identification.algorithm = https
	schema.registry.ssl.engine.factory.class = null
	schema.registry.ssl.key.password = null
	schema.registry.ssl.keymanager.algorithm = SunX509
	schema.registry.ssl.keystore.certificate.chain = null
	schema.registry.ssl.keystore.key = null
	schema.registry.ssl.keystore.location = null
	schema.registry.ssl.keystore.password = null
	schema.registry.ssl.keystore.type = JKS
	schema.registry.ssl.protocol = TLSv1.3
	schema.registry.ssl.provider = null
	schema.registry.ssl.secure.random.implementation = null
	schema.registry.ssl.trustmanager.algorithm = PKIX
	schema.registry.ssl.truststore.certificates = null
	schema.registry.ssl.truststore.location = null
	schema.registry.ssl.truststore.password = null
	schema.registry.ssl.truststore.type = JKS
	schema.registry.url = [http://0.0.0.0:37801/]
	schema.registry.url.randomize = false
	use.latest.version = false
	use.latest.with.metadata = null
	use.schema.id = -1
	value.subject.name.strategy = class io.confluent.kafka.serializers.subject.TopicNameStrategy
 (io.confluent.connect.avro.AvroConverterConfig:372)
[2026-03-04 15:48:00,048] INFO [kcbq-sink-connector-testUpsertDelete-sr|task-0] KafkaAvroSerializerConfig values: 
	auto.register.schemas = true
	avro.reflection.allow.null = false
	avro.remove.java.properties = false
	avro.use.logical.type.converters = false
	basic.auth.credentials.source = URL
	basic.auth.user.info = [hidden]
	bearer.auth.cache.expiry.buffer.seconds = 300
	bearer.auth.client.id = null
	bearer.auth.client.secret = null
	bearer.auth.credentials.source = STATIC_TOKEN
	bearer.auth.custom.provider.class = null
	bearer.auth.identity.pool.id = null
	bearer.auth.issuer.endpoint.url = null
	bearer.auth.logical.cluster = null
	bearer.auth.scope = null
	bearer.auth.scope.claim.name = scope
	bearer.auth.sub.claim.name = sub
	bearer.auth.token = [hidden]
	context.name.strategy = class io.confluent.kafka.serializers.context.NullContextNameStrategy
	http.connect.timeout.ms = 60000
	http.read.timeout.ms = 60000
	id.compatibility.strict = true
	key.subject.name.strategy = class io.confluent.kafka.serializers.subject.TopicNameStrategy
	latest.cache.size = 1000
	latest.cache.ttl.sec = -1
	latest.compatibility.strict = true
	max.retries = 3
	max.schemas.per.subject = 1000
	normalize.schemas = false
	propagate.schema.tags = false
	proxy.host = 
	proxy.port = -1
	retries.max.wait.ms = 20000
	retries.wait.ms = 1000
	rule.actions = []
	rule.executors = []
	rule.service.loader.enable = true
	schema.format = null
	schema.reflection = false
	schema.registry.basic.auth.user.info = [hidden]
	schema.registry.ssl.cipher.suites = null
	schema.registry.ssl.enabled.protocols = [TLSv1.2, TLSv1.3]
	schema.registry.ssl.endpoint.identification.algorithm = https
	schema.registry.ssl.engine.factory.class = null
	schema.registry.ssl.key.password = null
	schema.registry.ssl.keymanager.algorithm = SunX509
	schema.registry.ssl.keystore.certificate.chain = null
	schema.registry.ssl.keystore.key = null
	schema.registry.ssl.keystore.location = null
	schema.registry.ssl.keystore.password = null
	schema.registry.ssl.keystore.type = JKS
	schema.registry.ssl.protocol = TLSv1.3
	schema.registry.ssl.provider = null
	schema.registry.ssl.secure.random.implementation = null
	schema.registry.ssl.trustmanager.algorithm = PKIX
	schema.registry.ssl.truststore.certificates = null
	schema.registry.ssl.truststore.location = null
	schema.registry.ssl.truststore.password = null
	schema.registry.ssl.truststore.type = JKS
	schema.registry.url = [http://0.0.0.0:37801/]
	schema.registry.url.randomize = false
	use.latest.version = false
	use.latest.with.metadata = null
	use.schema.id = -1
	value.subject.name.strategy = class io.confluent.kafka.serializers.subject.TopicNameStrategy
 (io.confluent.kafka.serializers.KafkaAvroSerializerConfig:372)
[2026-03-04 15:48:00,050] INFO [kcbq-sink-connector-testUpsertDelete-sr|task-0] KafkaAvroDeserializerConfig values: 
	auto.register.schemas = true
	avro.reflection.allow.null = false
	avro.use.logical.type.converters = false
	basic.auth.credentials.source = URL
	basic.auth.user.info = [hidden]
	bearer.auth.cache.expiry.buffer.seconds = 300
	bearer.auth.client.id = null
	bearer.auth.client.secret = null
	bearer.auth.credentials.source = STATIC_TOKEN
	bearer.auth.custom.provider.class = null
	bearer.auth.identity.pool.id = null
	bearer.auth.issuer.endpoint.url = null
	bearer.auth.logical.cluster = null
	bearer.auth.scope = null
	bearer.auth.scope.claim.name = scope
	bearer.auth.sub.claim.name = sub
	bearer.auth.token = [hidden]
	context.name.strategy = class io.confluent.kafka.serializers.context.NullContextNameStrategy
	http.connect.timeout.ms = 60000
	http.read.timeout.ms = 60000
	id.compatibility.strict = true
	key.subject.name.strategy = class io.confluent.kafka.serializers.subject.TopicNameStrategy
	latest.cache.size = 1000
	latest.cache.ttl.sec = -1
	latest.compatibility.strict = true
	max.retries = 3
	max.schemas.per.subject = 1000
	normalize.schemas = false
	propagate.schema.tags = false
	proxy.host = 
	proxy.port = -1
	retries.max.wait.ms = 20000
	retries.wait.ms = 1000
	rule.actions = []
	rule.executors = []
	rule.service.loader.enable = true
	schema.format = null
	schema.reflection = false
	schema.registry.basic.auth.user.info = [hidden]
	schema.registry.ssl.cipher.suites = null
	schema.registry.ssl.enabled.protocols = [TLSv1.2, TLSv1.3]
	schema.registry.ssl.endpoint.identification.algorithm = https
	schema.registry.ssl.engine.factory.class = null
	schema.registry.ssl.key.password = null
	schema.registry.ssl.keymanager.algorithm = SunX509
	schema.registry.ssl.keystore.certificate.chain = null
	schema.registry.ssl.keystore.key = null
	schema.registry.ssl.keystore.location = null
	schema.registry.ssl.keystore.password = null
	schema.registry.ssl.keystore.type = JKS
	schema.registry.ssl.protocol = TLSv1.3
	schema.registry.ssl.provider = null
	schema.registry.ssl.secure.random.implementation = null
	schema.registry.ssl.trustmanager.algorithm = PKIX
	schema.registry.ssl.truststore.certificates = null
	schema.registry.ssl.truststore.location = null
	schema.registry.ssl.truststore.password = null
	schema.registry.ssl.truststore.type = JKS
	schema.registry.url = [http://0.0.0.0:37801/]
	schema.registry.url.randomize = false
	specific.avro.key.type = null
	specific.avro.reader = false
	specific.avro.value.type = null
	use.latest.version = false
	use.latest.with.metadata = null
	use.schema.id = -1
	value.subject.name.strategy = class io.confluent.kafka.serializers.subject.TopicNameStrategy
 (io.confluent.kafka.serializers.KafkaAvroDeserializerConfig:372)
[2026-03-04 15:48:00,059] INFO [kcbq-sink-connector-testUpsertDelete-sr|task-0] AvroDataConfig values: 
	allow.optional.map.keys = false
	connect.meta.data = true
	discard.type.doc.default = false
	enhanced.avro.schema.support = false
	flatten.singleton.unions = true
	generalized.sum.type.support = false
	ignore.default.for.nullables = false
	schemas.cache.config = 1000
	scrub.invalid.names = false
 (io.confluent.connect.avro.AvroDataConfig:372)
[2026-03-04 15:48:00,059] INFO [kcbq-sink-connector-testUpsertDelete-sr|task-0] AvroConverterConfig values: 
	auto.register.schemas = true
	basic.auth.credentials.source = URL
	basic.auth.user.info = [hidden]
	bearer.auth.cache.expiry.buffer.seconds = 300
	bearer.auth.client.id = null
	bearer.auth.client.secret = null
	bearer.auth.credentials.source = STATIC_TOKEN
	bearer.auth.custom.provider.class = null
	bearer.auth.identity.pool.id = null
	bearer.auth.issuer.endpoint.url = null
	bearer.auth.logical.cluster = null
	bearer.auth.scope = null
	bearer.auth.scope.claim.name = scope
	bearer.auth.sub.claim.name = sub
	bearer.auth.token = [hidden]
	context.name.strategy = class io.confluent.kafka.serializers.context.NullContextNameStrategy
	http.connect.timeout.ms = 60000
	http.read.timeout.ms = 60000
	id.compatibility.strict = true
	key.subject.name.strategy = class io.confluent.kafka.serializers.subject.TopicNameStrategy
	latest.cache.size = 1000
	latest.cache.ttl.sec = -1
	latest.compatibility.strict = true
	max.retries = 3
	max.schemas.per.subject = 1000
	normalize.schemas = false
	propagate.schema.tags = false
	proxy.host = 
	proxy.port = -1
	retries.max.wait.ms = 20000
	retries.wait.ms = 1000
	rule.actions = []
	rule.executors = []
	rule.service.loader.enable = true
	schema.format = null
	schema.reflection = false
	schema.registry.basic.auth.user.info = [hidden]
	schema.registry.ssl.cipher.suites = null
	schema.registry.ssl.enabled.protocols = [TLSv1.2, TLSv1.3]
	schema.registry.ssl.endpoint.identification.algorithm = https
	schema.registry.ssl.engine.factory.class = null
	schema.registry.ssl.key.password = null
	schema.registry.ssl.keymanager.algorithm = SunX509
	schema.registry.ssl.keystore.certificate.chain = null
	schema.registry.ssl.keystore.key = null
	schema.registry.ssl.keystore.location = null
	schema.registry.ssl.keystore.password = null
	schema.registry.ssl.keystore.type = JKS
	schema.registry.ssl.protocol = TLSv1.3
	schema.registry.ssl.provider = null
	schema.registry.ssl.secure.random.implementation = null
	schema.registry.ssl.trustmanager.algorithm = PKIX
	schema.registry.ssl.truststore.certificates = null
	schema.registry.ssl.truststore.location = null
	schema.registry.ssl.truststore.password = null
	schema.registry.ssl.truststore.type = JKS
	schema.registry.url = [http://0.0.0.0:37801/]
	schema.registry.url.randomize = false
	use.latest.version = false
	use.latest.with.metadata = null
	use.schema.id = -1
	value.subject.name.strategy = class io.confluent.kafka.serializers.subject.TopicNameStrategy
 (io.confluent.connect.avro.AvroConverterConfig:372)
[2026-03-04 15:48:00,059] INFO [kcbq-sink-connector-testUpsertDelete-sr|task-0] KafkaAvroSerializerConfig values: 
	auto.register.schemas = true
	avro.reflection.allow.null = false
	avro.remove.java.properties = false
	avro.use.logical.type.converters = false
	basic.auth.credentials.source = URL
	basic.auth.user.info = [hidden]
	bearer.auth.cache.expiry.buffer.seconds = 300
	bearer.auth.client.id = null
	bearer.auth.client.secret = null
	bearer.auth.credentials.source = STATIC_TOKEN
	bearer.auth.custom.provider.class = null
	bearer.auth.identity.pool.id = null
	bearer.auth.issuer.endpoint.url = null
	bearer.auth.logical.cluster = null
	bearer.auth.scope = null
	bearer.auth.scope.claim.name = scope
	bearer.auth.sub.claim.name = sub
	bearer.auth.token = [hidden]
	context.name.strategy = class io.confluent.kafka.serializers.context.NullContextNameStrategy
	http.connect.timeout.ms = 60000
	http.read.timeout.ms = 60000
	id.compatibility.strict = true
	key.subject.name.strategy = class io.confluent.kafka.serializers.subject.TopicNameStrategy
	latest.cache.size = 1000
	latest.cache.ttl.sec = -1
	latest.compatibility.strict = true
	max.retries = 3
	max.schemas.per.subject = 1000
	normalize.schemas = false
	propagate.schema.tags = false
	proxy.host = 
	proxy.port = -1
	retries.max.wait.ms = 20000
	retries.wait.ms = 1000
	rule.actions = []
	rule.executors = []
	rule.service.loader.enable = true
	schema.format = null
	schema.reflection = false
	schema.registry.basic.auth.user.info = [hidden]
	schema.registry.ssl.cipher.suites = null
	schema.registry.ssl.enabled.protocols = [TLSv1.2, TLSv1.3]
	schema.registry.ssl.endpoint.identification.algorithm = https
	schema.registry.ssl.engine.factory.class = null
	schema.registry.ssl.key.password = null
	schema.registry.ssl.keymanager.algorithm = SunX509
	schema.registry.ssl.keystore.certificate.chain = null
	schema.registry.ssl.keystore.key = null
	schema.registry.ssl.keystore.location = null
	schema.registry.ssl.keystore.password = null
	schema.registry.ssl.keystore.type = JKS
	schema.registry.ssl.protocol = TLSv1.3
	schema.registry.ssl.provider = null
	schema.registry.ssl.secure.random.implementation = null
	schema.registry.ssl.trustmanager.algorithm = PKIX
	schema.registry.ssl.truststore.certificates = null
	schema.registry.ssl.truststore.location = null
	schema.registry.ssl.truststore.password = null
	schema.registry.ssl.truststore.type = JKS
	schema.registry.url = [http://0.0.0.0:37801/]
	schema.registry.url.randomize = false
	use.latest.version = false
	use.latest.with.metadata = null
	use.schema.id = -1
	value.subject.name.strategy = class io.confluent.kafka.serializers.subject.TopicNameStrategy
 (io.confluent.kafka.serializers.KafkaAvroSerializerConfig:372)
[2026-03-04 15:48:00,059] INFO [kcbq-sink-connector-testUpsertDelete-sr|task-0] KafkaAvroDeserializerConfig values: 
	auto.register.schemas = true
	avro.reflection.allow.null = false
	avro.use.logical.type.converters = false
	basic.auth.credentials.source = URL
	basic.auth.user.info = [hidden]
	bearer.auth.cache.expiry.buffer.seconds = 300
	bearer.auth.client.id = null
	bearer.auth.client.secret = null
	bearer.auth.credentials.source = STATIC_TOKEN
	bearer.auth.custom.provider.class = null
	bearer.auth.identity.pool.id = null
	bearer.auth.issuer.endpoint.url = null
	bearer.auth.logical.cluster = null
	bearer.auth.scope = null
	bearer.auth.scope.claim.name = scope
	bearer.auth.sub.claim.name = sub
	bearer.auth.token = [hidden]
	context.name.strategy = class io.confluent.kafka.serializers.context.NullContextNameStrategy
	http.connect.timeout.ms = 60000
	http.read.timeout.ms = 60000
	id.compatibility.strict = true
	key.subject.name.strategy = class io.confluent.kafka.serializers.subject.TopicNameStrategy
	latest.cache.size = 1000
	latest.cache.ttl.sec = -1
	latest.compatibility.strict = true
	max.retries = 3
	max.schemas.per.subject = 1000
	normalize.schemas = false
	propagate.schema.tags = false
	proxy.host = 
	proxy.port = -1
	retries.max.wait.ms = 20000
	retries.wait.ms = 1000
	rule.actions = []
	rule.executors = []
	rule.service.loader.enable = true
	schema.format = null
	schema.reflection = false
	schema.registry.basic.auth.user.info = [hidden]
	schema.registry.ssl.cipher.suites = null
	schema.registry.ssl.enabled.protocols = [TLSv1.2, TLSv1.3]
	schema.registry.ssl.endpoint.identification.algorithm = https
	schema.registry.ssl.engine.factory.class = null
	schema.registry.ssl.key.password = null
	schema.registry.ssl.keymanager.algorithm = SunX509
	schema.registry.ssl.keystore.certificate.chain = null
	schema.registry.ssl.keystore.key = null
	schema.registry.ssl.keystore.location = null
	schema.registry.ssl.keystore.password = null
	schema.registry.ssl.keystore.type = JKS
	schema.registry.ssl.protocol = TLSv1.3
	schema.registry.ssl.provider = null
	schema.registry.ssl.secure.random.implementation = null
	schema.registry.ssl.trustmanager.algorithm = PKIX
	schema.registry.ssl.truststore.certificates = null
	schema.registry.ssl.truststore.location = null
	schema.registry.ssl.truststore.password = null
	schema.registry.ssl.truststore.type = JKS
	schema.registry.url = [http://0.0.0.0:37801/]
	schema.registry.url.randomize = false
	specific.avro.key.type = null
	specific.avro.reader = false
	specific.avro.value.type = null
	use.latest.version = false
	use.latest.with.metadata = null
	use.schema.id = -1
	value.subject.name.strategy = class io.confluent.kafka.serializers.subject.TopicNameStrategy
 (io.confluent.kafka.serializers.KafkaAvroDeserializerConfig:372)
[2026-03-04 15:48:00,059] INFO [kcbq-sink-connector-testUpsertDelete-sr|task-0] AvroDataConfig values: 
	allow.optional.map.keys = false
	connect.meta.data = true
	discard.type.doc.default = false
	enhanced.avro.schema.support = false
	flatten.singleton.unions = true
	generalized.sum.type.support = false
	ignore.default.for.nullables = false
	schemas.cache.config = 1000
	scrub.invalid.names = false
 (io.confluent.connect.avro.AvroDataConfig:372)
[2026-03-04 15:48:00,059] INFO [kcbq-sink-connector-testUpsertDelete-sr|task-0] Set up the key converter class io.confluent.connect.avro.AvroConverter for task kcbq-sink-connector-testUpsertDelete-sr-0 using the connector config (org.apache.kafka.connect.runtime.Worker:679)
[2026-03-04 15:48:00,059] INFO [kcbq-sink-connector-testUpsertDelete-sr|task-0] Set up the value converter class io.confluent.connect.avro.AvroConverter for task kcbq-sink-connector-testUpsertDelete-sr-0 using the connector config (org.apache.kafka.connect.runtime.Worker:685)
[2026-03-04 15:48:00,059] INFO [kcbq-sink-connector-testUpsertDelete-sr|task-0] Set up the header converter class org.apache.kafka.connect.storage.SimpleHeaderConverter for task kcbq-sink-connector-testUpsertDelete-sr-0 using the worker config (org.apache.kafka.connect.runtime.Worker:690)
[2026-03-04 15:48:00,060] INFO [kcbq-sink-connector-testUpsertDelete-sr|task-0] Initializing: org.apache.kafka.connect.runtime.TransformationChain{} (org.apache.kafka.connect.runtime.Worker:1794)
[2026-03-04 15:48:00,061] INFO [kcbq-sink-connector-testUpsertDelete-sr|task-0] SinkConnectorConfig values: 
	config.action.reload = restart
	connector.class = com.wepay.kafka.connect.bigquery.BigQuerySinkConnector
	errors.deadletterqueue.context.headers.enable = false
	errors.deadletterqueue.topic.name = 
	errors.deadletterqueue.topic.replication.factor = 3
	errors.log.enable = false
	errors.log.include.messages = false
	errors.retry.delay.max.ms = 60000
	errors.retry.timeout = 0
	errors.tolerance = none
	header.converter = null
	key.converter = class io.confluent.connect.avro.AvroConverter
	name = kcbq-sink-connector-testUpsertDelete-sr
	predicates = []
	tasks.max = 1
	tasks.max.enforce = true
	topics = [test-upsert-delete-sr]
	topics.regex = 
	transforms = []
	value.converter = class io.confluent.connect.avro.AvroConverter
 (org.apache.kafka.connect.runtime.SinkConnectorConfig:372)
[2026-03-04 15:48:00,061] INFO [kcbq-sink-connector-testUpsertDelete-sr|task-0] EnrichedConnectorConfig values: 
	config.action.reload = restart
	connector.class = com.wepay.kafka.connect.bigquery.BigQuerySinkConnector
	errors.deadletterqueue.context.headers.enable = false
	errors.deadletterqueue.topic.name = 
	errors.deadletterqueue.topic.replication.factor = 3
	errors.log.enable = false
	errors.log.include.messages = false
	errors.retry.delay.max.ms = 60000
	errors.retry.timeout = 0
	errors.tolerance = none
	header.converter = null
	key.converter = class io.confluent.connect.avro.AvroConverter
	name = kcbq-sink-connector-testUpsertDelete-sr
	predicates = []
	tasks.max = 1
	tasks.max.enforce = true
	topics = [test-upsert-delete-sr]
	topics.regex = 
	transforms = []
	value.converter = class io.confluent.connect.avro.AvroConverter
 (org.apache.kafka.connect.runtime.ConnectorConfig$EnrichedConnectorConfig:372)
[2026-03-04 15:48:00,061] INFO [kcbq-sink-connector-testUpsertDelete-sr|task-0] ConsumerConfig values: 
	allow.auto.create.topics = true
	auto.commit.interval.ms = 5000
	auto.include.jmx.reporter = true
	auto.offset.reset = earliest
	bootstrap.servers = [localhost:35583]
	check.crcs = true
	client.dns.lookup = use_all_dns_ips
	client.id = connector-consumer-kcbq-sink-connector-testUpsertDelete-sr-0
	client.rack = 
	connections.max.idle.ms = 540000
	default.api.timeout.ms = 60000
	enable.auto.commit = false
	enable.metrics.push = true
	exclude.internal.topics = true
	fetch.max.bytes = 52428800
	fetch.max.wait.ms = 500
	fetch.min.bytes = 1
	group.id = connect-kcbq-sink-connector-testUpsertDelete-sr
	group.instance.id = null
	group.protocol = classic
	group.remote.assignor = null
	heartbeat.interval.ms = 3000
	interceptor.classes = []
	internal.leave.group.on.close = true
	internal.throw.on.fetch.stable.offset.unsupported = false
	isolation.level = read_uncommitted
	key.deserializer = class org.apache.kafka.common.serialization.ByteArrayDeserializer
	max.partition.fetch.bytes = 1048576
	max.poll.interval.ms = 300000
	max.poll.records = 500
	metadata.max.age.ms = 300000
	metadata.recovery.strategy = none
	metric.reporters = []
	metrics.num.samples = 2
	metrics.recording.level = INFO
	metrics.sample.window.ms = 30000
	partition.assignment.strategy = [class org.apache.kafka.clients.consumer.RangeAssignor, class org.apache.kafka.clients.consumer.CooperativeStickyAssignor]
	receive.buffer.bytes = 65536
	reconnect.backoff.max.ms = 1000
	reconnect.backoff.ms = 50
	request.timeout.ms = 30000
	retry.backoff.max.ms = 1000
	retry.backoff.ms = 100
	sasl.client.callback.handler.class = null
	sasl.jaas.config = null
	sasl.kerberos.kinit.cmd = /usr/bin/kinit
	sasl.kerberos.min.time.before.relogin = 60000
	sasl.kerberos.service.name = null
	sasl.kerberos.ticket.renew.jitter = 0.05
	sasl.kerberos.ticket.renew.window.factor = 0.8
	sasl.login.callback.handler.class = null
	sasl.login.class = null
	sasl.login.connect.timeout.ms = null
	sasl.login.read.timeout.ms = null
	sasl.login.refresh.buffer.seconds = 300
	sasl.login.refresh.min.period.seconds = 60
	sasl.login.refresh.window.factor = 0.8
	sasl.login.refresh.window.jitter = 0.05
	sasl.login.retry.backoff.max.ms = 10000
	sasl.login.retry.backoff.ms = 100
	sasl.mechanism = GSSAPI
	sasl.oauthbearer.clock.skew.seconds = 30
	sasl.oauthbearer.expected.audience = null
	sasl.oauthbearer.expected.issuer = null
	sasl.oauthbearer.jwks.endpoint.refresh.ms = 3600000
	sasl.oauthbearer.jwks.endpoint.retry.backoff.max.ms = 10000
	sasl.oauthbearer.jwks.endpoint.retry.backoff.ms = 100
	sasl.oauthbearer.jwks.endpoint.url = null
	sasl.oauthbearer.scope.claim.name = scope
	sasl.oauthbearer.sub.claim.name = sub
	sasl.oauthbearer.token.endpoint.url = null
	security.protocol = PLAINTEXT
	security.providers = null
	send.buffer.bytes = 131072
	session.timeout.ms = 45000
	socket.connection.setup.timeout.max.ms = 30000
	socket.connection.setup.timeout.ms = 10000
	ssl.cipher.suites = null
	ssl.enabled.protocols = [TLSv1.2, TLSv1.3]
	ssl.endpoint.identification.algorithm = https
	ssl.engine.factory.class = null
	ssl.key.password = null
	ssl.keymanager.algorithm = SunX509
	ssl.keystore.certificate.chain = null
	ssl.keystore.key = null
	ssl.keystore.location = null
	ssl.keystore.password = null
	ssl.keystore.type = JKS
	ssl.protocol = TLSv1.3
	ssl.provider = null
	ssl.secure.random.implementation = null
	ssl.trustmanager.algorithm = PKIX
	ssl.truststore.certificates = null
	ssl.truststore.location = null
	ssl.truststore.password = null
	ssl.truststore.type = JKS
	value.deserializer = class org.apache.kafka.common.serialization.ByteArrayDeserializer
 (org.apache.kafka.clients.consumer.ConsumerConfig:372)
[2026-03-04 15:48:00,061] INFO [kcbq-sink-connector-testUpsertDelete-sr|task-0] initializing Kafka metrics collector (org.apache.kafka.common.telemetry.internals.KafkaMetricsCollector:269)
[2026-03-04 15:48:00,062] INFO [kcbq-sink-connector-testUpsertDelete-sr|task-0] These configurations '[metrics.context.connect.kafka.cluster.id, metrics.context.connect.group.id]' were supplied but are not used yet. (org.apache.kafka.clients.consumer.ConsumerConfig:381)
[2026-03-04 15:48:00,062] INFO [kcbq-sink-connector-testUpsertDelete-sr|task-0] Kafka version: 3.8.1 (org.apache.kafka.common.utils.AppInfoParser:124)
[2026-03-04 15:48:00,062] INFO [kcbq-sink-connector-testUpsertDelete-sr|task-0] Kafka commitId: 70d6ff42debf7e17 (org.apache.kafka.common.utils.AppInfoParser:125)
[2026-03-04 15:48:00,062] INFO [kcbq-sink-connector-testUpsertDelete-sr|task-0] Kafka startTimeMs: 1772619480062 (org.apache.kafka.common.utils.AppInfoParser:126)
[2026-03-04 15:48:00,064] INFO [kcbq-sink-connector-testUpsertDelete-sr|task-0] [Consumer clientId=connector-consumer-kcbq-sink-connector-testUpsertDelete-sr-0, groupId=connect-kcbq-sink-connector-testUpsertDelete-sr] Subscribed to topic(s): test-upsert-delete-sr (org.apache.kafka.clients.consumer.internals.LegacyKafkaConsumer:476)
[2026-03-04 15:48:00,064] INFO [kcbq-sink-connector-testUpsertDelete-sr|task-0] BigQuerySinkTaskConfig values: 
	GCSBQTask = false
	allBQFieldsNullable = false
	allowBigQueryRequiredFieldRelaxation = false
	allowNewBigQueryFields = false
	allowSchemaUnionization = false
	autoCreateBucket = true
	autoCreateTables = true
	avroDataCacheSize = 100
	batchLoadIntervalSec = 120
	bigQueryMessageTimePartitioning = false
	bigQueryPartitionDecorator = true
	bigQueryRetry = 0
	bigQueryRetryWait = 1000
	clusteringPartitionFieldNames = null
	commitInterval = 60
	convertDebeziumTimestampToInteger = false
	convertDebeziumVariableScaleDecimal = false
	convertDoubleSpecialValues = false
	decimalHandlingMode = FLOAT
	defaultDataset = test_dataset
	deleteEnabled = true
	enableBatchLoad = []
	enableBatchMode = false
	enableRetries = true
	gcsBucketName = 
	gcsFolderName = 
	ignoreUnknownFields = false
	intermediateTableSuffix = tmp
	kafkaDataFieldName = null
	kafkaKeyFieldName = kafkaKey
	keySource = FILE
	keyfile = [hidden]
	max.retries = 10
	mergeIntervalMs = -1
	mergeRecordsThreshold = 2
	partitionExpirationMs = null
	preserveKafkaTopicPartitionOffset = false
	project = gen-lang-client-0026556124
	queueSize = -1
	sanitizeFieldNames = false
	sanitizeTopics = true
	schemaRetriever = class com.wepay.kafka.connect.bigquery.retrieve.IdentitySchemaRetriever
	taskId = 0
	threadPoolSize = 10
	timePartitioningType = DAY
	timestampPartitionFieldName = null
	topic2TableMap = 
	topics = [test-upsert-delete-sr]
	topics.regex = 
	upsertEnabled = true
	useCredentialsProjectId = false
	useStorageWriteApi = false
	variableScaleDecimalHandlingMode = RECORD
 (com.wepay.kafka.connect.bigquery.config.BigQuerySinkTaskConfig:372)
[2026-03-04 15:48:00,064] INFO [Worker clientId=connect-localhost:44643, groupId=connect-integration-test-kcbq-connect-cluster] Finished starting connectors and tasks (org.apache.kafka.connect.runtime.distributed.DistributedHerder:1988)
[2026-03-04 15:48:00,064] WARN [kcbq-sink-connector-testUpsertDelete-sr|task-0] Option convertDebeziumVariableScaleDecimal is deprecated since 2.8.0: Use variableScaleDecimalHandlingMode instead. (com.wepay.kafka.connect.bigquery.config.BigQuerySinkConfig:650)
[2026-03-04 15:48:00,067] DEBUG [kcbq-sink-connector-testUpsertDelete-sr|task-0] Attempting to open file /home/killua/Downloads/gen-lang-client-0026556124-a7c58e438363.json for service account json key (com.wepay.kafka.connect.bigquery.GcpClientBuilder:147)
[2026-03-04 15:48:00,079] DEBUG [kcbq-sink-connector-testUpsertDelete-sr|task-0] Attempting to open file /home/killua/Downloads/gen-lang-client-0026556124-a7c58e438363.json for service account json key (com.wepay.kafka.connect.bigquery.GcpClientBuilder:147)
[2026-03-04 15:48:00,081] INFO [kcbq-sink-connector-testUpsertDelete-sr|task-0] mergeIntervalMs is set to -1; periodic merge flushes are disabled (com.wepay.kafka.connect.bigquery.BigQuerySinkTask:596)
[2026-03-04 15:48:00,081] INFO [kcbq-sink-connector-testUpsertDelete-sr|task-0] WorkerSinkTask{id=kcbq-sink-connector-testUpsertDelete-sr-0} Sink task finished initialization and start (org.apache.kafka.connect.runtime.WorkerSinkTask:324)
[2026-03-04 15:48:00,082] INFO [kcbq-sink-connector-testUpsertDelete-sr|task-0] WorkerSinkTask{id=kcbq-sink-connector-testUpsertDelete-sr-0} Executing sink task (org.apache.kafka.connect.runtime.WorkerSinkTask:210)
[2026-03-04 15:48:00,083] INFO [kcbq-sink-connector-testUpsertDelete-sr|task-0] [Consumer clientId=connector-consumer-kcbq-sink-connector-testUpsertDelete-sr-0, groupId=connect-kcbq-sink-connector-testUpsertDelete-sr] Cluster ID: ZLwlwW0oR46i0M1D5wxHTQ (org.apache.kafka.clients.Metadata:364)
[2026-03-04 15:48:00,083] INFO [kcbq-sink-connector-testUpsertDelete-sr|task-0] [Consumer clientId=connector-consumer-kcbq-sink-connector-testUpsertDelete-sr-0, groupId=connect-kcbq-sink-connector-testUpsertDelete-sr] Discovered group coordinator localhost:35583 (id: 2147483647 rack: null) (org.apache.kafka.clients.consumer.internals.ConsumerCoordinator:936)
[2026-03-04 15:48:00,084] INFO [kcbq-sink-connector-testUpsertDelete-sr|task-0] [Consumer clientId=connector-consumer-kcbq-sink-connector-testUpsertDelete-sr-0, groupId=connect-kcbq-sink-connector-testUpsertDelete-sr] (Re-)joining group (org.apache.kafka.clients.consumer.internals.ConsumerCoordinator:604)
[2026-03-04 15:48:00,085] INFO [GroupCoordinator 0]: Dynamic member with unknown member id joins group connect-kcbq-sink-connector-testUpsertDelete-sr in Empty state. Created a new member id connector-consumer-kcbq-sink-connector-testUpsertDelete-sr-0-945b06e8-525c-403e-9dcb-f32fa7c9fe73 and request the member to rejoin with this id. (kafka.coordinator.group.GroupCoordinator:66)
[2026-03-04 15:48:00,086] INFO [kcbq-sink-connector-testUpsertDelete-sr|task-0] [Consumer clientId=connector-consumer-kcbq-sink-connector-testUpsertDelete-sr-0, groupId=connect-kcbq-sink-connector-testUpsertDelete-sr] Request joining group due to: need to re-join with the given member-id: connector-consumer-kcbq-sink-connector-testUpsertDelete-sr-0-945b06e8-525c-403e-9dcb-f32fa7c9fe73 (org.apache.kafka.clients.consumer.internals.ConsumerCoordinator:1102)
[2026-03-04 15:48:00,086] INFO [kcbq-sink-connector-testUpsertDelete-sr|task-0] [Consumer clientId=connector-consumer-kcbq-sink-connector-testUpsertDelete-sr-0, groupId=connect-kcbq-sink-connector-testUpsertDelete-sr] (Re-)joining group (org.apache.kafka.clients.consumer.internals.ConsumerCoordinator:604)
[2026-03-04 15:48:00,086] INFO [GroupCoordinator 0]: Preparing to rebalance group connect-kcbq-sink-connector-testUpsertDelete-sr in state PreparingRebalance with old generation 0 (__consumer_offsets-21) (reason: Adding new member connector-consumer-kcbq-sink-connector-testUpsertDelete-sr-0-945b06e8-525c-403e-9dcb-f32fa7c9fe73 with group instance id None; client reason: need to re-join with the given member-id: connector-consumer-kcbq-sink-connector-testUpsertDelete-sr-0-945b06e8-525c-403e-9dcb-f32fa7c9fe73) (kafka.coordinator.group.GroupCoordinator:66)
[2026-03-04 15:48:00,086] INFO [GroupCoordinator 0]: Stabilized group connect-kcbq-sink-connector-testUpsertDelete-sr generation 1 (__consumer_offsets-21) with 1 members (kafka.coordinator.group.GroupCoordinator:66)
[2026-03-04 15:48:00,087] INFO [kcbq-sink-connector-testUpsertDelete-sr|task-0] [Consumer clientId=connector-consumer-kcbq-sink-connector-testUpsertDelete-sr-0, groupId=connect-kcbq-sink-connector-testUpsertDelete-sr] Successfully joined group with generation Generation{generationId=1, memberId='connector-consumer-kcbq-sink-connector-testUpsertDelete-sr-0-945b06e8-525c-403e-9dcb-f32fa7c9fe73', protocol='range'} (org.apache.kafka.clients.consumer.internals.ConsumerCoordinator:665)
[2026-03-04 15:48:00,088] INFO [kcbq-sink-connector-testUpsertDelete-sr|task-0] [Consumer clientId=connector-consumer-kcbq-sink-connector-testUpsertDelete-sr-0, groupId=connect-kcbq-sink-connector-testUpsertDelete-sr] Finished assignment for group at generation 1: {connector-consumer-kcbq-sink-connector-testUpsertDelete-sr-0-945b06e8-525c-403e-9dcb-f32fa7c9fe73=Assignment(partitions=[test-upsert-delete-sr-0])} (org.apache.kafka.clients.consumer.internals.ConsumerCoordinator:663)
[2026-03-04 15:48:00,089] INFO [GroupCoordinator 0]: Assignment received from leader connector-consumer-kcbq-sink-connector-testUpsertDelete-sr-0-945b06e8-525c-403e-9dcb-f32fa7c9fe73 for group connect-kcbq-sink-connector-testUpsertDelete-sr for generation 1. The group has 1 members, 0 of which are static. (kafka.coordinator.group.GroupCoordinator:66)
[2026-03-04 15:48:00,089] INFO [kcbq-sink-connector-testUpsertDelete-sr|task-0] [Consumer clientId=connector-consumer-kcbq-sink-connector-testUpsertDelete-sr-0, groupId=connect-kcbq-sink-connector-testUpsertDelete-sr] Successfully synced group in generation Generation{generationId=1, memberId='connector-consumer-kcbq-sink-connector-testUpsertDelete-sr-0-945b06e8-525c-403e-9dcb-f32fa7c9fe73', protocol='range'} (org.apache.kafka.clients.consumer.internals.ConsumerCoordinator:842)
[2026-03-04 15:48:00,089] INFO [kcbq-sink-connector-testUpsertDelete-sr|task-0] [Consumer clientId=connector-consumer-kcbq-sink-connector-testUpsertDelete-sr-0, groupId=connect-kcbq-sink-connector-testUpsertDelete-sr] Notifying assignor about the new Assignment(partitions=[test-upsert-delete-sr-0]) (org.apache.kafka.clients.consumer.internals.ConsumerCoordinator:323)
[2026-03-04 15:48:00,089] INFO [kcbq-sink-connector-testUpsertDelete-sr|task-0] [Consumer clientId=connector-consumer-kcbq-sink-connector-testUpsertDelete-sr-0, groupId=connect-kcbq-sink-connector-testUpsertDelete-sr] Adding newly assigned partitions: test-upsert-delete-sr-0 (org.apache.kafka.clients.consumer.internals.ConsumerRebalanceListenerInvoker:57)
[2026-03-04 15:48:00,092] INFO [kcbq-sink-connector-testUpsertDelete-sr|task-0] [Consumer clientId=connector-consumer-kcbq-sink-connector-testUpsertDelete-sr-0, groupId=connect-kcbq-sink-connector-testUpsertDelete-sr] Found no committed offset for partition test-upsert-delete-sr-0 (org.apache.kafka.clients.consumer.internals.ConsumerCoordinator:1506)
[2026-03-04 15:48:00,093] INFO [kcbq-sink-connector-testUpsertDelete-sr|task-0] [Consumer clientId=connector-consumer-kcbq-sink-connector-testUpsertDelete-sr-0, groupId=connect-kcbq-sink-connector-testUpsertDelete-sr] Resetting offset for partition test-upsert-delete-sr-0 to position FetchPosition{offset=0, offsetEpoch=Optional.empty, currentLeader=LeaderAndEpoch{leader=Optional[localhost:35583 (id: 0 rack: null)], epoch=0}}. (org.apache.kafka.clients.consumer.internals.SubscriptionState:398)
[2026-03-04 15:48:00,130] INFO 127.0.0.1 - - [04/Mar/2026:10:18:00 +0000] "GET /connectors/kcbq-sink-connector-testUpsertDelete-sr/status HTTP/1.1" 200 193 "-" "Jetty/9.4.56.v20240826" 3 (org.apache.kafka.connect.runtime.rest.RestServer:62)
[2026-03-04 15:48:00,130] INFO GET response for URL=http://localhost:44643/connectors/kcbq-sink-connector-testUpsertDelete-sr/status is {"name":"kcbq-sink-connector-testUpsertDelete-sr","connector":{"state":"RUNNING","worker_id":"localhost:44643"},"tasks":[{"id":0,"state":"RUNNING","worker_id":"localhost:44643"}],"type":"sink"} (org.apache.kafka.connect.util.clusters.EmbeddedConnect:1016)
[2026-03-04 15:48:00,133] INFO AvroConverterConfig values: 
	auto.register.schemas = true
	basic.auth.credentials.source = URL
	basic.auth.user.info = [hidden]
	bearer.auth.cache.expiry.buffer.seconds = 300
	bearer.auth.client.id = null
	bearer.auth.client.secret = null
	bearer.auth.credentials.source = STATIC_TOKEN
	bearer.auth.custom.provider.class = null
	bearer.auth.identity.pool.id = null
	bearer.auth.issuer.endpoint.url = null
	bearer.auth.logical.cluster = null
	bearer.auth.scope = null
	bearer.auth.scope.claim.name = scope
	bearer.auth.sub.claim.name = sub
	bearer.auth.token = [hidden]
	context.name.strategy = class io.confluent.kafka.serializers.context.NullContextNameStrategy
	http.connect.timeout.ms = 60000
	http.read.timeout.ms = 60000
	id.compatibility.strict = true
	key.subject.name.strategy = class io.confluent.kafka.serializers.subject.TopicNameStrategy
	latest.cache.size = 1000
	latest.cache.ttl.sec = -1
	latest.compatibility.strict = true
	max.retries = 3
	max.schemas.per.subject = 1000
	normalize.schemas = false
	propagate.schema.tags = false
	proxy.host = 
	proxy.port = -1
	retries.max.wait.ms = 20000
	retries.wait.ms = 1000
	rule.actions = []
	rule.executors = []
	rule.service.loader.enable = true
	schema.format = null
	schema.reflection = false
	schema.registry.basic.auth.user.info = [hidden]
	schema.registry.ssl.cipher.suites = null
	schema.registry.ssl.enabled.protocols = [TLSv1.2, TLSv1.3]
	schema.registry.ssl.endpoint.identification.algorithm = https
	schema.registry.ssl.engine.factory.class = null
	schema.registry.ssl.key.password = null
	schema.registry.ssl.keymanager.algorithm = SunX509
	schema.registry.ssl.keystore.certificate.chain = null
	schema.registry.ssl.keystore.key = null
	schema.registry.ssl.keystore.location = null
	schema.registry.ssl.keystore.password = null
	schema.registry.ssl.keystore.type = JKS
	schema.registry.ssl.protocol = TLSv1.3
	schema.registry.ssl.provider = null
	schema.registry.ssl.secure.random.implementation = null
	schema.registry.ssl.trustmanager.algorithm = PKIX
	schema.registry.ssl.truststore.certificates = null
	schema.registry.ssl.truststore.location = null
	schema.registry.ssl.truststore.password = null
	schema.registry.ssl.truststore.type = JKS
	schema.registry.url = [http://0.0.0.0:37801/]
	schema.registry.url.randomize = false
	use.latest.version = false
	use.latest.with.metadata = null
	use.schema.id = -1
	value.subject.name.strategy = class io.confluent.kafka.serializers.subject.TopicNameStrategy
 (io.confluent.connect.avro.AvroConverterConfig:372)
[2026-03-04 15:48:00,133] INFO KafkaAvroSerializerConfig values: 
	auto.register.schemas = true
	avro.reflection.allow.null = false
	avro.remove.java.properties = false
	avro.use.logical.type.converters = false
	basic.auth.credentials.source = URL
	basic.auth.user.info = [hidden]
	bearer.auth.cache.expiry.buffer.seconds = 300
	bearer.auth.client.id = null
	bearer.auth.client.secret = null
	bearer.auth.credentials.source = STATIC_TOKEN
	bearer.auth.custom.provider.class = null
	bearer.auth.identity.pool.id = null
	bearer.auth.issuer.endpoint.url = null
	bearer.auth.logical.cluster = null
	bearer.auth.scope = null
	bearer.auth.scope.claim.name = scope
	bearer.auth.sub.claim.name = sub
	bearer.auth.token = [hidden]
	context.name.strategy = class io.confluent.kafka.serializers.context.NullContextNameStrategy
	http.connect.timeout.ms = 60000
	http.read.timeout.ms = 60000
	id.compatibility.strict = true
	key.subject.name.strategy = class io.confluent.kafka.serializers.subject.TopicNameStrategy
	latest.cache.size = 1000
	latest.cache.ttl.sec = -1
	latest.compatibility.strict = true
	max.retries = 3
	max.schemas.per.subject = 1000
	normalize.schemas = false
	propagate.schema.tags = false
	proxy.host = 
	proxy.port = -1
	retries.max.wait.ms = 20000
	retries.wait.ms = 1000
	rule.actions = []
	rule.executors = []
	rule.service.loader.enable = true
	schema.format = null
	schema.reflection = false
	schema.registry.basic.auth.user.info = [hidden]
	schema.registry.ssl.cipher.suites = null
	schema.registry.ssl.enabled.protocols = [TLSv1.2, TLSv1.3]
	schema.registry.ssl.endpoint.identification.algorithm = https
	schema.registry.ssl.engine.factory.class = null
	schema.registry.ssl.key.password = null
	schema.registry.ssl.keymanager.algorithm = SunX509
	schema.registry.ssl.keystore.certificate.chain = null
	schema.registry.ssl.keystore.key = null
	schema.registry.ssl.keystore.location = null
	schema.registry.ssl.keystore.password = null
	schema.registry.ssl.keystore.type = JKS
	schema.registry.ssl.protocol = TLSv1.3
	schema.registry.ssl.provider = null
	schema.registry.ssl.secure.random.implementation = null
	schema.registry.ssl.trustmanager.algorithm = PKIX
	schema.registry.ssl.truststore.certificates = null
	schema.registry.ssl.truststore.location = null
	schema.registry.ssl.truststore.password = null
	schema.registry.ssl.truststore.type = JKS
	schema.registry.url = [http://0.0.0.0:37801/]
	schema.registry.url.randomize = false
	use.latest.version = false
	use.latest.with.metadata = null
	use.schema.id = -1
	value.subject.name.strategy = class io.confluent.kafka.serializers.subject.TopicNameStrategy
 (io.confluent.kafka.serializers.KafkaAvroSerializerConfig:372)
[2026-03-04 15:48:00,133] INFO KafkaAvroDeserializerConfig values: 
	auto.register.schemas = true
	avro.reflection.allow.null = false
	avro.use.logical.type.converters = false
	basic.auth.credentials.source = URL
	basic.auth.user.info = [hidden]
	bearer.auth.cache.expiry.buffer.seconds = 300
	bearer.auth.client.id = null
	bearer.auth.client.secret = null
	bearer.auth.credentials.source = STATIC_TOKEN
	bearer.auth.custom.provider.class = null
	bearer.auth.identity.pool.id = null
	bearer.auth.issuer.endpoint.url = null
	bearer.auth.logical.cluster = null
	bearer.auth.scope = null
	bearer.auth.scope.claim.name = scope
	bearer.auth.sub.claim.name = sub
	bearer.auth.token = [hidden]
	context.name.strategy = class io.confluent.kafka.serializers.context.NullContextNameStrategy
	http.connect.timeout.ms = 60000
	http.read.timeout.ms = 60000
	id.compatibility.strict = true
	key.subject.name.strategy = class io.confluent.kafka.serializers.subject.TopicNameStrategy
	latest.cache.size = 1000
	latest.cache.ttl.sec = -1
	latest.compatibility.strict = true
	max.retries = 3
	max.schemas.per.subject = 1000
	normalize.schemas = false
	propagate.schema.tags = false
	proxy.host = 
	proxy.port = -1
	retries.max.wait.ms = 20000
	retries.wait.ms = 1000
	rule.actions = []
	rule.executors = []
	rule.service.loader.enable = true
	schema.format = null
	schema.reflection = false
	schema.registry.basic.auth.user.info = [hidden]
	schema.registry.ssl.cipher.suites = null
	schema.registry.ssl.enabled.protocols = [TLSv1.2, TLSv1.3]
	schema.registry.ssl.endpoint.identification.algorithm = https
	schema.registry.ssl.engine.factory.class = null
	schema.registry.ssl.key.password = null
	schema.registry.ssl.keymanager.algorithm = SunX509
	schema.registry.ssl.keystore.certificate.chain = null
	schema.registry.ssl.keystore.key = null
	schema.registry.ssl.keystore.location = null
	schema.registry.ssl.keystore.password = null
	schema.registry.ssl.keystore.type = JKS
	schema.registry.ssl.protocol = TLSv1.3
	schema.registry.ssl.provider = null
	schema.registry.ssl.secure.random.implementation = null
	schema.registry.ssl.trustmanager.algorithm = PKIX
	schema.registry.ssl.truststore.certificates = null
	schema.registry.ssl.truststore.location = null
	schema.registry.ssl.truststore.password = null
	schema.registry.ssl.truststore.type = JKS
	schema.registry.url = [http://0.0.0.0:37801/]
	schema.registry.url.randomize = false
	specific.avro.key.type = null
	specific.avro.reader = false
	specific.avro.value.type = null
	use.latest.version = false
	use.latest.with.metadata = null
	use.schema.id = -1
	value.subject.name.strategy = class io.confluent.kafka.serializers.subject.TopicNameStrategy
 (io.confluent.kafka.serializers.KafkaAvroDeserializerConfig:372)
[2026-03-04 15:48:00,134] INFO AvroDataConfig values: 
	allow.optional.map.keys = false
	connect.meta.data = true
	discard.type.doc.default = false
	enhanced.avro.schema.support = false
	flatten.singleton.unions = true
	generalized.sum.type.support = false
	ignore.default.for.nullables = false
	schemas.cache.config = 1000
	scrub.invalid.names = false
 (io.confluent.connect.avro.AvroDataConfig:372)
[2026-03-04 15:48:00,134] INFO AvroConverterConfig values: 
	auto.register.schemas = true
	basic.auth.credentials.source = URL
	basic.auth.user.info = [hidden]
	bearer.auth.cache.expiry.buffer.seconds = 300
	bearer.auth.client.id = null
	bearer.auth.client.secret = null
	bearer.auth.credentials.source = STATIC_TOKEN
	bearer.auth.custom.provider.class = null
	bearer.auth.identity.pool.id = null
	bearer.auth.issuer.endpoint.url = null
	bearer.auth.logical.cluster = null
	bearer.auth.scope = null
	bearer.auth.scope.claim.name = scope
	bearer.auth.sub.claim.name = sub
	bearer.auth.token = [hidden]
	context.name.strategy = class io.confluent.kafka.serializers.context.NullContextNameStrategy
	http.connect.timeout.ms = 60000
	http.read.timeout.ms = 60000
	id.compatibility.strict = true
	key.subject.name.strategy = class io.confluent.kafka.serializers.subject.TopicNameStrategy
	latest.cache.size = 1000
	latest.cache.ttl.sec = -1
	latest.compatibility.strict = true
	max.retries = 3
	max.schemas.per.subject = 1000
	normalize.schemas = false
	propagate.schema.tags = false
	proxy.host = 
	proxy.port = -1
	retries.max.wait.ms = 20000
	retries.wait.ms = 1000
	rule.actions = []
	rule.executors = []
	rule.service.loader.enable = true
	schema.format = null
	schema.reflection = false
	schema.registry.basic.auth.user.info = [hidden]
	schema.registry.ssl.cipher.suites = null
	schema.registry.ssl.enabled.protocols = [TLSv1.2, TLSv1.3]
	schema.registry.ssl.endpoint.identification.algorithm = https
	schema.registry.ssl.engine.factory.class = null
	schema.registry.ssl.key.password = null
	schema.registry.ssl.keymanager.algorithm = SunX509
	schema.registry.ssl.keystore.certificate.chain = null
	schema.registry.ssl.keystore.key = null
	schema.registry.ssl.keystore.location = null
	schema.registry.ssl.keystore.password = null
	schema.registry.ssl.keystore.type = JKS
	schema.registry.ssl.protocol = TLSv1.3
	schema.registry.ssl.provider = null
	schema.registry.ssl.secure.random.implementation = null
	schema.registry.ssl.trustmanager.algorithm = PKIX
	schema.registry.ssl.truststore.certificates = null
	schema.registry.ssl.truststore.location = null
	schema.registry.ssl.truststore.password = null
	schema.registry.ssl.truststore.type = JKS
	schema.registry.url = [http://0.0.0.0:37801/]
	schema.registry.url.randomize = false
	use.latest.version = false
	use.latest.with.metadata = null
	use.schema.id = -1
	value.subject.name.strategy = class io.confluent.kafka.serializers.subject.TopicNameStrategy
 (io.confluent.connect.avro.AvroConverterConfig:372)
[2026-03-04 15:48:00,134] INFO KafkaAvroSerializerConfig values: 
	auto.register.schemas = true
	avro.reflection.allow.null = false
	avro.remove.java.properties = false
	avro.use.logical.type.converters = false
	basic.auth.credentials.source = URL
	basic.auth.user.info = [hidden]
	bearer.auth.cache.expiry.buffer.seconds = 300
	bearer.auth.client.id = null
	bearer.auth.client.secret = null
	bearer.auth.credentials.source = STATIC_TOKEN
	bearer.auth.custom.provider.class = null
	bearer.auth.identity.pool.id = null
	bearer.auth.issuer.endpoint.url = null
	bearer.auth.logical.cluster = null
	bearer.auth.scope = null
	bearer.auth.scope.claim.name = scope
	bearer.auth.sub.claim.name = sub
	bearer.auth.token = [hidden]
	context.name.strategy = class io.confluent.kafka.serializers.context.NullContextNameStrategy
	http.connect.timeout.ms = 60000
	http.read.timeout.ms = 60000
	id.compatibility.strict = true
	key.subject.name.strategy = class io.confluent.kafka.serializers.subject.TopicNameStrategy
	latest.cache.size = 1000
	latest.cache.ttl.sec = -1
	latest.compatibility.strict = true
	max.retries = 3
	max.schemas.per.subject = 1000
	normalize.schemas = false
	propagate.schema.tags = false
	proxy.host = 
	proxy.port = -1
	retries.max.wait.ms = 20000
	retries.wait.ms = 1000
	rule.actions = []
	rule.executors = []
	rule.service.loader.enable = true
	schema.format = null
	schema.reflection = false
	schema.registry.basic.auth.user.info = [hidden]
	schema.registry.ssl.cipher.suites = null
	schema.registry.ssl.enabled.protocols = [TLSv1.2, TLSv1.3]
	schema.registry.ssl.endpoint.identification.algorithm = https
	schema.registry.ssl.engine.factory.class = null
	schema.registry.ssl.key.password = null
	schema.registry.ssl.keymanager.algorithm = SunX509
	schema.registry.ssl.keystore.certificate.chain = null
	schema.registry.ssl.keystore.key = null
	schema.registry.ssl.keystore.location = null
	schema.registry.ssl.keystore.password = null
	schema.registry.ssl.keystore.type = JKS
	schema.registry.ssl.protocol = TLSv1.3
	schema.registry.ssl.provider = null
	schema.registry.ssl.secure.random.implementation = null
	schema.registry.ssl.trustmanager.algorithm = PKIX
	schema.registry.ssl.truststore.certificates = null
	schema.registry.ssl.truststore.location = null
	schema.registry.ssl.truststore.password = null
	schema.registry.ssl.truststore.type = JKS
	schema.registry.url = [http://0.0.0.0:37801/]
	schema.registry.url.randomize = false
	use.latest.version = false
	use.latest.with.metadata = null
	use.schema.id = -1
	value.subject.name.strategy = class io.confluent.kafka.serializers.subject.TopicNameStrategy
 (io.confluent.kafka.serializers.KafkaAvroSerializerConfig:372)
[2026-03-04 15:48:00,134] INFO KafkaAvroDeserializerConfig values: 
	auto.register.schemas = true
	avro.reflection.allow.null = false
	avro.use.logical.type.converters = false
	basic.auth.credentials.source = URL
	basic.auth.user.info = [hidden]
	bearer.auth.cache.expiry.buffer.seconds = 300
	bearer.auth.client.id = null
	bearer.auth.client.secret = null
	bearer.auth.credentials.source = STATIC_TOKEN
	bearer.auth.custom.provider.class = null
	bearer.auth.identity.pool.id = null
	bearer.auth.issuer.endpoint.url = null
	bearer.auth.logical.cluster = null
	bearer.auth.scope = null
	bearer.auth.scope.claim.name = scope
	bearer.auth.sub.claim.name = sub
	bearer.auth.token = [hidden]
	context.name.strategy = class io.confluent.kafka.serializers.context.NullContextNameStrategy
	http.connect.timeout.ms = 60000
	http.read.timeout.ms = 60000
	id.compatibility.strict = true
	key.subject.name.strategy = class io.confluent.kafka.serializers.subject.TopicNameStrategy
	latest.cache.size = 1000
	latest.cache.ttl.sec = -1
	latest.compatibility.strict = true
	max.retries = 3
	max.schemas.per.subject = 1000
	normalize.schemas = false
	propagate.schema.tags = false
	proxy.host = 
	proxy.port = -1
	retries.max.wait.ms = 20000
	retries.wait.ms = 1000
	rule.actions = []
	rule.executors = []
	rule.service.loader.enable = true
	schema.format = null
	schema.reflection = false
	schema.registry.basic.auth.user.info = [hidden]
	schema.registry.ssl.cipher.suites = null
	schema.registry.ssl.enabled.protocols = [TLSv1.2, TLSv1.3]
	schema.registry.ssl.endpoint.identification.algorithm = https
	schema.registry.ssl.engine.factory.class = null
	schema.registry.ssl.key.password = null
	schema.registry.ssl.keymanager.algorithm = SunX509
	schema.registry.ssl.keystore.certificate.chain = null
	schema.registry.ssl.keystore.key = null
	schema.registry.ssl.keystore.location = null
	schema.registry.ssl.keystore.password = null
	schema.registry.ssl.keystore.type = JKS
	schema.registry.ssl.protocol = TLSv1.3
	schema.registry.ssl.provider = null
	schema.registry.ssl.secure.random.implementation = null
	schema.registry.ssl.trustmanager.algorithm = PKIX
	schema.registry.ssl.truststore.certificates = null
	schema.registry.ssl.truststore.location = null
	schema.registry.ssl.truststore.password = null
	schema.registry.ssl.truststore.type = JKS
	schema.registry.url = [http://0.0.0.0:37801/]
	schema.registry.url.randomize = false
	specific.avro.key.type = null
	specific.avro.reader = false
	specific.avro.value.type = null
	use.latest.version = false
	use.latest.with.metadata = null
	use.schema.id = -1
	value.subject.name.strategy = class io.confluent.kafka.serializers.subject.TopicNameStrategy
 (io.confluent.kafka.serializers.KafkaAvroDeserializerConfig:372)
[2026-03-04 15:48:00,134] INFO AvroDataConfig values: 
	allow.optional.map.keys = false
	connect.meta.data = true
	discard.type.doc.default = false
	enhanced.avro.schema.support = false
	flatten.singleton.unions = true
	generalized.sum.type.support = false
	ignore.default.for.nullables = false
	schemas.cache.config = 1000
	scrub.invalid.names = false
 (io.confluent.connect.avro.AvroDataConfig:372)
[2026-03-04 15:48:00,134] DEBUG Sending message with key 'SchemaAndValue{schema=Schema{STRUCT}, value=Struct{k1=0}}' and value 'SchemaAndValue{schema=Schema{STRUCT}, value=Struct{f1=a string,f2=true,f3=0.0}}' to topic 'test-upsert-delete-sr' (com.wepay.kafka.connect.bigquery.integration.UpsertDeleteBigQuerySinkConnectorWithSRIT:340)
[2026-03-04 15:48:00,134] DEBUG Sending message with key 'SchemaAndValue{schema=Schema{STRUCT}, value=Struct{k1=0}}' and value 'SchemaAndValue{schema=Schema{STRUCT}, value=Struct{f1=another string,f2=false,f3=1.4492753623188408}}' to topic 'test-upsert-delete-sr' (com.wepay.kafka.connect.bigquery.integration.UpsertDeleteBigQuerySinkConnectorWithSRIT:340)
[2026-03-04 15:48:00,134] DEBUG Sending message with key 'SchemaAndValue{schema=Schema{STRUCT}, value=Struct{k1=1}}' and value 'SchemaAndValue{schema=Schema{STRUCT}, value=Struct{f1=a string,f2=false,f3=2.8985507246376816}}' to topic 'test-upsert-delete-sr' (com.wepay.kafka.connect.bigquery.integration.UpsertDeleteBigQuerySinkConnectorWithSRIT:340)
[2026-03-04 15:48:00,134] DEBUG Sending message with key 'SchemaAndValue{schema=Schema{STRUCT}, value=Struct{k1=1}}' and value 'SchemaAndValue{schema=Schema{STRUCT}, value=null}' to topic 'test-upsert-delete-sr' (com.wepay.kafka.connect.bigquery.integration.UpsertDeleteBigQuerySinkConnectorWithSRIT:340)
[2026-03-04 15:48:00,134] DEBUG Sending message with key 'SchemaAndValue{schema=Schema{STRUCT}, value=Struct{k1=2}}' and value 'SchemaAndValue{schema=Schema{STRUCT}, value=Struct{f1=a string,f2=false,f3=5.797101449275363}}' to topic 'test-upsert-delete-sr' (com.wepay.kafka.connect.bigquery.integration.UpsertDeleteBigQuerySinkConnectorWithSRIT:340)
[2026-03-04 15:48:00,134] DEBUG Sending message with key 'SchemaAndValue{schema=Schema{STRUCT}, value=Struct{k1=2}}' and value 'SchemaAndValue{schema=Schema{STRUCT}, value=Struct{f1=another string,f2=false,f3=7.246376811594203}}' to topic 'test-upsert-delete-sr' (com.wepay.kafka.connect.bigquery.integration.UpsertDeleteBigQuerySinkConnectorWithSRIT:340)
[2026-03-04 15:48:00,134] DEBUG Sending message with key 'SchemaAndValue{schema=Schema{STRUCT}, value=Struct{k1=3}}' and value 'SchemaAndValue{schema=Schema{STRUCT}, value=Struct{f1=a string,f2=true,f3=8.695652173913045}}' to topic 'test-upsert-delete-sr' (com.wepay.kafka.connect.bigquery.integration.UpsertDeleteBigQuerySinkConnectorWithSRIT:340)
[2026-03-04 15:48:00,135] DEBUG Sending message with key 'SchemaAndValue{schema=Schema{STRUCT}, value=Struct{k1=3}}' and value 'SchemaAndValue{schema=Schema{STRUCT}, value=null}' to topic 'test-upsert-delete-sr' (com.wepay.kafka.connect.bigquery.integration.UpsertDeleteBigQuerySinkConnectorWithSRIT:340)
[2026-03-04 15:48:00,135] INFO ProducerConfig values: 
	acks = -1
	auto.include.jmx.reporter = true
	batch.size = 16384
	bootstrap.servers = [localhost:35583]
	buffer.memory = 33554432
	client.dns.lookup = use_all_dns_ips
	client.id = producer-3
	compression.gzip.level = -1
	compression.lz4.level = 9
	compression.type = none
	compression.zstd.level = 3
	connections.max.idle.ms = 540000
	delivery.timeout.ms = 120000
	enable.idempotence = true
	enable.metrics.push = true
	interceptor.classes = []
	key.serializer = class org.apache.kafka.common.serialization.ByteArraySerializer
	linger.ms = 0
	max.block.ms = 60000
	max.in.flight.requests.per.connection = 5
	max.request.size = 10485760
	metadata.max.age.ms = 300000
	metadata.max.idle.ms = 300000
	metadata.recovery.strategy = none
	metric.reporters = []
	metrics.num.samples = 2
	metrics.recording.level = INFO
	metrics.sample.window.ms = 30000
	partitioner.adaptive.partitioning.enable = true
	partitioner.availability.timeout.ms = 0
	partitioner.class = null
	partitioner.ignore.keys = false
	receive.buffer.bytes = 32768
	reconnect.backoff.max.ms = 1000
	reconnect.backoff.ms = 50
	request.timeout.ms = 30000
	retries = 2147483647
	retry.backoff.max.ms = 1000
	retry.backoff.ms = 100
	sasl.client.callback.handler.class = null
	sasl.jaas.config = null
	sasl.kerberos.kinit.cmd = /usr/bin/kinit
	sasl.kerberos.min.time.before.relogin = 60000
	sasl.kerberos.service.name = null
	sasl.kerberos.ticket.renew.jitter = 0.05
	sasl.kerberos.ticket.renew.window.factor = 0.8
	sasl.login.callback.handler.class = null
	sasl.login.class = null
	sasl.login.connect.timeout.ms = null
	sasl.login.read.timeout.ms = null
	sasl.login.refresh.buffer.seconds = 300
	sasl.login.refresh.min.period.seconds = 60
	sasl.login.refresh.window.factor = 0.8
	sasl.login.refresh.window.jitter = 0.05
	sasl.login.retry.backoff.max.ms = 10000
	sasl.login.retry.backoff.ms = 100
	sasl.mechanism = GSSAPI
	sasl.oauthbearer.clock.skew.seconds = 30
	sasl.oauthbearer.expected.audience = null
	sasl.oauthbearer.expected.issuer = null
	sasl.oauthbearer.jwks.endpoint.refresh.ms = 3600000
	sasl.oauthbearer.jwks.endpoint.retry.backoff.max.ms = 10000
	sasl.oauthbearer.jwks.endpoint.retry.backoff.ms = 100
	sasl.oauthbearer.jwks.endpoint.url = null
	sasl.oauthbearer.scope.claim.name = scope
	sasl.oauthbearer.sub.claim.name = sub
	sasl.oauthbearer.token.endpoint.url = null
	security.protocol = PLAINTEXT
	security.providers = null
	send.buffer.bytes = 131072
	socket.connection.setup.timeout.max.ms = 30000
	socket.connection.setup.timeout.ms = 10000
	ssl.cipher.suites = null
	ssl.enabled.protocols = [TLSv1.2, TLSv1.3]
	ssl.endpoint.identification.algorithm = https
	ssl.engine.factory.class = null
	ssl.key.password = null
	ssl.keymanager.algorithm = SunX509
	ssl.keystore.certificate.chain = null
	ssl.keystore.key = null
	ssl.keystore.location = null
	ssl.keystore.password = null
	ssl.keystore.type = JKS
	ssl.protocol = TLSv1.3
	ssl.provider = null
	ssl.secure.random.implementation = null
	ssl.trustmanager.algorithm = PKIX
	ssl.truststore.certificates = null
	ssl.truststore.location = null
	ssl.truststore.password = null
	ssl.truststore.type = JKS
	transaction.timeout.ms = 60000
	transactional.id = null
	value.serializer = class org.apache.kafka.common.serialization.ByteArraySerializer
 (org.apache.kafka.clients.producer.ProducerConfig:372)
[2026-03-04 15:48:00,135] INFO initializing Kafka metrics collector (org.apache.kafka.common.telemetry.internals.KafkaMetricsCollector:269)
[2026-03-04 15:48:00,135] INFO [Producer clientId=producer-3] Instantiated an idempotent producer. (org.apache.kafka.clients.producer.KafkaProducer:621)
[2026-03-04 15:48:00,136] INFO Kafka version: 3.8.1 (org.apache.kafka.common.utils.AppInfoParser:124)
[2026-03-04 15:48:00,136] INFO Kafka commitId: 70d6ff42debf7e17 (org.apache.kafka.common.utils.AppInfoParser:125)
[2026-03-04 15:48:00,136] INFO Kafka startTimeMs: 1772619480136 (org.apache.kafka.common.utils.AppInfoParser:126)
[2026-03-04 15:48:00,137] INFO [Producer clientId=producer-3] Cluster ID: ZLwlwW0oR46i0M1D5wxHTQ (org.apache.kafka.clients.Metadata:364)
[2026-03-04 15:48:00,137] INFO [Producer clientId=producer-3] ProducerId set to 2 with epoch 0 (org.apache.kafka.clients.producer.internals.TransactionManager:502)
[2026-03-04 15:48:00,149] INFO Forwarded for header in RequestHeaderHandler: 127.0.0.1 (io.confluent.kafka.schemaregistry.rest.RequestHeaderHandler:75)
[2026-03-04 15:48:00,181] INFO Registering new schema: subject test-upsert-delete-sr-key, version null, id null, type null, schema size 120 (io.confluent.kafka.schemaregistry.rest.resources.SubjectVersionsResource:418)
[2026-03-04 15:48:00,186] INFO Wait to catch up until the offset at 1 (io.confluent.kafka.schemaregistry.storage.KafkaStore:321)
[2026-03-04 15:48:00,186] INFO Reached offset at 1 (io.confluent.kafka.schemaregistry.storage.KafkaStore:323)
[2026-03-04 15:48:00,191] INFO Wait to catch up until the offset at 2 (io.confluent.kafka.schemaregistry.storage.KafkaStore:321)
[2026-03-04 15:48:00,199] INFO Reached offset at 2 (io.confluent.kafka.schemaregistry.storage.KafkaStore:323)
[2026-03-04 15:48:00,199] INFO Resource association log - (tenant, id, subject, operation): (default, 1, test-upsert-delete-sr-key, REGISTER) (io.confluent.kafka.schemaregistry.storage.KafkaSchemaRegistry:2697)
[2026-03-04 15:48:00,201] INFO 127.0.0.1 - - [04/Mar/2026:10:18:00 +0000] "POST /subjects/test-upsert-delete-sr-key/versions?normalize=false HTTP/1.1" 200 8 "-" "Java/25.0.2" 53 (io.confluent.rest-utils.requests:62)
[2026-03-04 15:48:00,214] INFO Forwarded for header in RequestHeaderHandler: 127.0.0.1 (io.confluent.kafka.schemaregistry.rest.RequestHeaderHandler:75)
[2026-03-04 15:48:00,215] INFO Registering new schema: subject test-upsert-delete-sr-value, version null, id null, type null, schema size 192 (io.confluent.kafka.schemaregistry.rest.resources.SubjectVersionsResource:418)
[2026-03-04 15:48:00,215] INFO Wait to catch up until the offset at 2 (io.confluent.kafka.schemaregistry.storage.KafkaStore:321)
[2026-03-04 15:48:00,215] INFO Reached offset at 2 (io.confluent.kafka.schemaregistry.storage.KafkaStore:323)
[2026-03-04 15:48:00,217] INFO Wait to catch up until the offset at 3 (io.confluent.kafka.schemaregistry.storage.KafkaStore:321)
[2026-03-04 15:48:00,218] INFO Reached offset at 3 (io.confluent.kafka.schemaregistry.storage.KafkaStore:323)
[2026-03-04 15:48:00,218] INFO Resource association log - (tenant, id, subject, operation): (default, 2, test-upsert-delete-sr-value, REGISTER) (io.confluent.kafka.schemaregistry.storage.KafkaSchemaRegistry:2697)
[2026-03-04 15:48:00,219] INFO 127.0.0.1 - - [04/Mar/2026:10:18:00 +0000] "POST /subjects/test-upsert-delete-sr-value/versions?normalize=false HTTP/1.1" 200 8 "-" "Java/25.0.2" 5 (io.confluent.rest-utils.requests:62)
[2026-03-04 15:48:00,223] INFO Sent 1 Avro records to topic test-upsert-delete-sr (com.wepay.kafka.connect.bigquery.integration.utils.SchemaRegistryTestUtils:149)
[2026-03-04 15:48:00,223] INFO Sent 2 Avro records to topic test-upsert-delete-sr (com.wepay.kafka.connect.bigquery.integration.utils.SchemaRegistryTestUtils:149)
[2026-03-04 15:48:00,224] INFO Sent 3 Avro records to topic test-upsert-delete-sr (com.wepay.kafka.connect.bigquery.integration.utils.SchemaRegistryTestUtils:149)
[2026-03-04 15:48:00,224] INFO Sent 4 Avro records to topic test-upsert-delete-sr (com.wepay.kafka.connect.bigquery.integration.utils.SchemaRegistryTestUtils:149)
[2026-03-04 15:48:00,224] INFO Sent 5 Avro records to topic test-upsert-delete-sr (com.wepay.kafka.connect.bigquery.integration.utils.SchemaRegistryTestUtils:149)
[2026-03-04 15:48:00,224] INFO Sent 6 Avro records to topic test-upsert-delete-sr (com.wepay.kafka.connect.bigquery.integration.utils.SchemaRegistryTestUtils:149)
[2026-03-04 15:48:00,224] INFO Sent 7 Avro records to topic test-upsert-delete-sr (com.wepay.kafka.connect.bigquery.integration.utils.SchemaRegistryTestUtils:149)
[2026-03-04 15:48:00,225] INFO Sent 8 Avro records to topic test-upsert-delete-sr (com.wepay.kafka.connect.bigquery.integration.utils.SchemaRegistryTestUtils:149)
[2026-03-04 15:48:00,225] INFO [Producer clientId=producer-3] Closing the Kafka producer with timeoutMillis = 9223372036854775807 ms. (org.apache.kafka.clients.producer.KafkaProducer:1373)
[2026-03-04 15:48:00,226] INFO Forwarded for header in RequestHeaderHandler: 127.0.0.1 (io.confluent.kafka.schemaregistry.rest.RequestHeaderHandler:75)
[2026-03-04 15:48:00,226] INFO Metrics scheduler closed (org.apache.kafka.common.metrics.Metrics:684)
[2026-03-04 15:48:00,226] INFO Closing reporter org.apache.kafka.common.metrics.JmxReporter (org.apache.kafka.common.metrics.Metrics:688)
[2026-03-04 15:48:00,226] INFO Closing reporter org.apache.kafka.common.telemetry.internals.ClientTelemetryReporter (org.apache.kafka.common.metrics.Metrics:688)
[2026-03-04 15:48:00,226] INFO Metrics reporters closed (org.apache.kafka.common.metrics.Metrics:694)
[2026-03-04 15:48:00,227] INFO App info kafka.producer for producer-3 unregistered (org.apache.kafka.common.utils.AppInfoParser:88)
[2026-03-04 15:48:00,230] INFO Resource association log - (tenant, id, subject, operation): (default, 1, test-upsert-delete-sr-key, READ) (io.confluent.kafka.schemaregistry.storage.KafkaSchemaRegistry:2697)
[2026-03-04 15:48:00,232] INFO 127.0.0.1 - - [04/Mar/2026:10:18:00 +0000] "GET /schemas/ids/1?fetchMaxId=false&subject=test-upsert-delete-sr-key HTTP/1.1" 200 155 "-" "Java/25.0.2" 6 (io.confluent.rest-utils.requests:62)
[2026-03-04 15:48:00,233] INFO 127.0.0.1 - - [04/Mar/2026:10:18:00 +0000] "GET /connectors/kcbq-sink-connector-testUpsertDelete-sr/status HTTP/1.1" 200 193 "-" "Jetty/9.4.56.v20240826" 1 (org.apache.kafka.connect.runtime.rest.RestServer:62)
[2026-03-04 15:48:00,233] INFO GET response for URL=http://localhost:44643/connectors/kcbq-sink-connector-testUpsertDelete-sr/status is {"name":"kcbq-sink-connector-testUpsertDelete-sr","connector":{"state":"RUNNING","worker_id":"localhost:44643"},"tasks":[{"id":0,"state":"RUNNING","worker_id":"localhost:44643"}],"type":"sink"} (org.apache.kafka.connect.util.clusters.EmbeddedConnect:1016)
[2026-03-04 15:48:00,234] DEBUG Connector has only committed 0 records for topics [test-upsert-delete-sr] so far; 8 expected (com.wepay.kafka.connect.bigquery.integration.BaseConnectorIT:210)
[2026-03-04 15:48:00,240] INFO Forwarded for header in RequestHeaderHandler: 127.0.0.1 (io.confluent.kafka.schemaregistry.rest.RequestHeaderHandler:75)
[2026-03-04 15:48:00,247] INFO Resource association log - (tenant, id, subject, operation): (default, 1, test-upsert-delete-sr-key, READ) (io.confluent.kafka.schemaregistry.storage.KafkaSchemaRegistry:2697)
[2026-03-04 15:48:00,249] INFO 127.0.0.1 - - [04/Mar/2026:10:18:00 +0000] "POST /subjects/test-upsert-delete-sr-key?normalize=false&deleted=true HTTP/1.1" 200 212 "-" "Java/25.0.2" 9 (io.confluent.rest-utils.requests:62)
[2026-03-04 15:48:00,253] INFO Forwarded for header in RequestHeaderHandler: 127.0.0.1 (io.confluent.kafka.schemaregistry.rest.RequestHeaderHandler:75)
[2026-03-04 15:48:00,254] INFO Resource association log - (tenant, id, subject, operation): (default, 2, test-upsert-delete-sr-value, READ) (io.confluent.kafka.schemaregistry.storage.KafkaSchemaRegistry:2697)
[2026-03-04 15:48:00,254] INFO 127.0.0.1 - - [04/Mar/2026:10:18:00 +0000] "GET /schemas/ids/2?fetchMaxId=false&subject=test-upsert-delete-sr-value HTTP/1.1" 200 245 "-" "Java/25.0.2" 1 (io.confluent.rest-utils.requests:62)
[2026-03-04 15:48:00,256] INFO Forwarded for header in RequestHeaderHandler: 127.0.0.1 (io.confluent.kafka.schemaregistry.rest.RequestHeaderHandler:75)
[2026-03-04 15:48:00,258] INFO Resource association log - (tenant, id, subject, operation): (default, 2, test-upsert-delete-sr-value, READ) (io.confluent.kafka.schemaregistry.storage.KafkaSchemaRegistry:2697)
[2026-03-04 15:48:00,259] INFO 127.0.0.1 - - [04/Mar/2026:10:18:00 +0000] "POST /subjects/test-upsert-delete-sr-value?normalize=false&deleted=true HTTP/1.1" 200 304 "-" "Java/25.0.2" 3 (io.confluent.rest-utils.requests:62)
[2026-03-04 15:48:00,260] DEBUG [kcbq-sink-connector-testUpsertDelete-sr|task-0] Putting 1 records in the sink. (com.wepay.kafka.connect.bigquery.BigQuerySinkTask:217)
[2026-03-04 15:48:00,953] DEBUG [kcbq-sink-connector-testUpsertDelete-sr|task-0] writing 1 row to table GenericData{classInfo=[datasetId, projectId, tableId], {datasetId=test_dataset, tableId=test_upsert_delete_sr_tmp_0_06393aa7_ab93_4191_9792_4b50a5e9cb80_1772619480065}} (com.wepay.kafka.connect.bigquery.write.row.BigQueryWriter:139)
[2026-03-04 15:48:00,954] DEBUG [kcbq-sink-connector-testUpsertDelete-sr|task-0] Putting 6 records in the sink. (com.wepay.kafka.connect.bigquery.BigQuerySinkTask:217)
[2026-03-04 15:48:00,954] DEBUG [kcbq-sink-connector-testUpsertDelete-sr|task-0] Triggering merge flush for table GenericData{classInfo=[datasetId, projectId, tableId], {datasetId=test_dataset, tableId=test_upsert_delete_sr_tmp_0_06393aa7_ab93_4191_9792_4b50a5e9cb80_1772619480065}} since the size of its current batch has exceeded the configured threshold of 2} (com.wepay.kafka.connect.bigquery.utils.SinkRecordConverter:92)
[2026-03-04 15:48:00,954] DEBUG [kcbq-sink-connector-testUpsertDelete-sr|task-0] Flushing first batch for intermediate table `test_dataset`.`test_upsert_delete_sr_tmp_0_06393aa7_ab93_4191_9792_4b50a5e9cb80_1772619480065` (com.wepay.kafka.connect.bigquery.write.batch.MergeBatches:266)
[2026-03-04 15:48:00,954] DEBUG [kcbq-sink-connector-testUpsertDelete-sr|task-0] 2 rows currently remaining for batch 0 for intermediate table `test_dataset`.`test_upsert_delete_sr_tmp_0_06393aa7_ab93_4191_9792_4b50a5e9cb80_1772619480065` (com.wepay.kafka.connect.bigquery.write.batch.MergeBatches:276)
[2026-03-04 15:48:00,954] DEBUG [kcbq-sink-connector-testUpsertDelete-sr|task-0] Triggering merge flush for table GenericData{classInfo=[datasetId, projectId, tableId], {datasetId=test_dataset, tableId=test_upsert_delete_sr_tmp_0_06393aa7_ab93_4191_9792_4b50a5e9cb80_1772619480065}} since the size of its current batch has exceeded the configured threshold of 2} (com.wepay.kafka.connect.bigquery.utils.SinkRecordConverter:92)
[2026-03-04 15:48:00,954] DEBUG [kcbq-sink-connector-testUpsertDelete-sr|task-0] Ensuring batch 0 is completed for intermediate table `test_dataset`.`test_upsert_delete_sr_tmp_0_06393aa7_ab93_4191_9792_4b50a5e9cb80_1772619480065` before flushing batch 1 (com.wepay.kafka.connect.bigquery.write.batch.MergeBatches:250)
[2026-03-04 15:48:00,954] DEBUG [kcbq-sink-connector-testUpsertDelete-sr|task-0] Triggering merge flush for table GenericData{classInfo=[datasetId, projectId, tableId], {datasetId=test_dataset, tableId=test_upsert_delete_sr_tmp_0_06393aa7_ab93_4191_9792_4b50a5e9cb80_1772619480065}} since the size of its current batch has exceeded the configured threshold of 2} (com.wepay.kafka.connect.bigquery.utils.SinkRecordConverter:92)
[2026-03-04 15:48:00,955] DEBUG [kcbq-sink-connector-testUpsertDelete-sr|task-0] Ensuring batch 1 is completed for intermediate table `test_dataset`.`test_upsert_delete_sr_tmp_0_06393aa7_ab93_4191_9792_4b50a5e9cb80_1772619480065` before flushing batch 2 (com.wepay.kafka.connect.bigquery.write.batch.MergeBatches:250)
[2026-03-04 15:48:00,955] DEBUG [kcbq-sink-connector-testUpsertDelete-sr|task-0] writing 6 rows to table GenericData{classInfo=[datasetId, projectId, tableId], {datasetId=test_dataset, tableId=test_upsert_delete_sr_tmp_0_06393aa7_ab93_4191_9792_4b50a5e9cb80_1772619480065}} (com.wepay.kafka.connect.bigquery.write.row.BigQueryWriter:139)
[2026-03-04 15:48:00,955] DEBUG [kcbq-sink-connector-testUpsertDelete-sr|task-0] Putting 1 records in the sink. (com.wepay.kafka.connect.bigquery.BigQuerySinkTask:217)
[2026-03-04 15:48:00,955] DEBUG [kcbq-sink-connector-testUpsertDelete-sr|task-0] Triggering merge flush for table GenericData{classInfo=[datasetId, projectId, tableId], {datasetId=test_dataset, tableId=test_upsert_delete_sr_tmp_0_06393aa7_ab93_4191_9792_4b50a5e9cb80_1772619480065}} since the size of its current batch has exceeded the configured threshold of 2} (com.wepay.kafka.connect.bigquery.utils.SinkRecordConverter:92)
[2026-03-04 15:48:00,955] DEBUG [kcbq-sink-connector-testUpsertDelete-sr|task-0] Ensuring batch 2 is completed for intermediate table `test_dataset`.`test_upsert_delete_sr_tmp_0_06393aa7_ab93_4191_9792_4b50a5e9cb80_1772619480065` before flushing batch 3 (com.wepay.kafka.connect.bigquery.write.batch.MergeBatches:250)
[2026-03-04 15:48:00,955] DEBUG [kcbq-sink-connector-testUpsertDelete-sr|task-0] writing 1 row to table GenericData{classInfo=[datasetId, projectId, tableId], {datasetId=test_dataset, tableId=test_upsert_delete_sr_tmp_0_06393aa7_ab93_4191_9792_4b50a5e9cb80_1772619480065}} (com.wepay.kafka.connect.bigquery.write.row.BigQueryWriter:139)
[2026-03-04 15:48:01,491] DEBUG [kcbq-sink-connector-testUpsertDelete-sr|task-0] A write thread has failed with an unrecoverable error (com.wepay.kafka.connect.bigquery.write.batch.KcbqThreadPoolExecutor:77)
com.wepay.kafka.connect.bigquery.exception.BigQueryConnectException: Failed to write to table
Caused by: Not found: Dataset gen-lang-client-0026556124:test_dataset
	at com.wepay.kafka.connect.bigquery.write.batch.TableWriter.run(TableWriter.java:149)
	at java.base/java.util.concurrent.ThreadPoolExecutor.runWorker(ThreadPoolExecutor.java:1090)
	at java.base/java.util.concurrent.ThreadPoolExecutor$Worker.run(ThreadPoolExecutor.java:614)
	at com.wepay.kafka.connect.bigquery.BigQuerySinkTask$MdcContextThreadFactory.lambda$newThread$0(BigQuerySinkTask.java:673)
	at java.base/java.lang.Thread.run(Thread.java:1474)
Caused by: com.google.cloud.bigquery.BigQueryException: Not found: Dataset gen-lang-client-0026556124:test_dataset
	at com.google.cloud.bigquery.spi.v2.HttpBigQueryRpc.translate(HttpBigQueryRpc.java:115)
	at com.google.cloud.bigquery.spi.v2.HttpBigQueryRpc.insertAll(HttpBigQueryRpc.java:548)
	at com.google.cloud.bigquery.BigQueryImpl$28.call(BigQueryImpl.java:1119)
	at com.google.cloud.bigquery.BigQueryImpl$28.call(BigQueryImpl.java:1116)
	at com.google.api.gax.retrying.DirectRetryingExecutor.submit(DirectRetryingExecutor.java:103)
	at com.google.cloud.RetryHelper.run(RetryHelper.java:76)
	at com.google.cloud.RetryHelper.runWithRetries(RetryHelper.java:50)
	at com.google.cloud.bigquery.BigQueryImpl.insertAll(BigQueryImpl.java:1115)
	at com.wepay.kafka.connect.bigquery.write.row.AdaptiveBigQueryWriter.performWriteRequest(AdaptiveBigQueryWriter.java:131)
	at com.wepay.kafka.connect.bigquery.write.row.BigQueryWriter.writeRows(BigQueryWriter.java:150)
	at com.wepay.kafka.connect.bigquery.write.batch.TableWriter.run(TableWriter.java:136)
	... 4 more
Caused by: com.google.api.client.googleapis.json.GoogleJsonResponseException: 404 Not Found
POST https://bigquery.googleapis.com/bigquery/v2/projects/gen-lang-client-0026556124/datasets/test_dataset/tables/test_upsert_delete_sr_tmp_0_06393aa7_ab93_4191_9792_4b50a5e9cb80_1772619480065/insertAll?prettyPrint=false
{
  "code": 404,
  "errors": [
    {
      "domain": "global",
      "message": "Not found: Dataset gen-lang-client-0026556124:test_dataset",
      "reason": "notFound"
    }
  ],
  "message": "Not found: Dataset gen-lang-client-0026556124:test_dataset",
  "status": "NOT_FOUND"
}
	at com.google.api.client.googleapis.json.GoogleJsonResponseException.from(GoogleJsonResponseException.java:146)
	at com.google.api.client.googleapis.services.json.AbstractGoogleJsonClientRequest.newExceptionOnError(AbstractGoogleJsonClientRequest.java:118)
	at com.google.api.client.googleapis.services.json.AbstractGoogleJsonClientRequest.newExceptionOnError(AbstractGoogleJsonClientRequest.java:37)
	at com.google.api.client.googleapis.services.AbstractGoogleClientRequest$3.interceptResponse(AbstractGoogleClientRequest.java:466)
	at com.google.api.client.http.HttpRequest.execute(HttpRequest.java:1111)
	at com.google.api.client.googleapis.services.AbstractGoogleClientRequest.executeUnparsed(AbstractGoogleClientRequest.java:552)
	at com.google.api.client.googleapis.services.AbstractGoogleClientRequest.executeUnparsed(AbstractGoogleClientRequest.java:493)
	at com.google.api.client.googleapis.services.AbstractGoogleClientRequest.execute(AbstractGoogleClientRequest.java:603)
	at com.google.cloud.bigquery.spi.v2.HttpBigQueryRpc.insertAll(HttpBigQueryRpc.java:546)
	... 13 more
[2026-03-04 15:48:01,492] DEBUG [kcbq-sink-connector-testUpsertDelete-sr|task-0] A write thread has failed with an unrecoverable error (com.wepay.kafka.connect.bigquery.write.batch.KcbqThreadPoolExecutor:77)
com.wepay.kafka.connect.bigquery.exception.BigQueryConnectException: Failed to write to table
Caused by: Not found: Dataset gen-lang-client-0026556124:test_dataset
	at com.wepay.kafka.connect.bigquery.write.batch.TableWriter.run(TableWriter.java:149)
	at java.base/java.util.concurrent.ThreadPoolExecutor.runWorker(ThreadPoolExecutor.java:1090)
	at java.base/java.util.concurrent.ThreadPoolExecutor$Worker.run(ThreadPoolExecutor.java:614)
	at com.wepay.kafka.connect.bigquery.BigQuerySinkTask$MdcContextThreadFactory.lambda$newThread$0(BigQuerySinkTask.java:673)
	at java.base/java.lang.Thread.run(Thread.java:1474)
Caused by: com.google.cloud.bigquery.BigQueryException: Not found: Dataset gen-lang-client-0026556124:test_dataset
	at com.google.cloud.bigquery.spi.v2.HttpBigQueryRpc.translate(HttpBigQueryRpc.java:115)
	at com.google.cloud.bigquery.spi.v2.HttpBigQueryRpc.insertAll(HttpBigQueryRpc.java:548)
	at com.google.cloud.bigquery.BigQueryImpl$28.call(BigQueryImpl.java:1119)
	at com.google.cloud.bigquery.BigQueryImpl$28.call(BigQueryImpl.java:1116)
	at com.google.api.gax.retrying.DirectRetryingExecutor.submit(DirectRetryingExecutor.java:103)
	at com.google.cloud.RetryHelper.run(RetryHelper.java:76)
	at com.google.cloud.RetryHelper.runWithRetries(RetryHelper.java:50)
	at com.google.cloud.bigquery.BigQueryImpl.insertAll(BigQueryImpl.java:1115)
	at com.wepay.kafka.connect.bigquery.write.row.AdaptiveBigQueryWriter.performWriteRequest(AdaptiveBigQueryWriter.java:131)
	at com.wepay.kafka.connect.bigquery.write.row.BigQueryWriter.writeRows(BigQueryWriter.java:150)
	at com.wepay.kafka.connect.bigquery.write.batch.TableWriter.run(TableWriter.java:136)
	... 4 more
Caused by: com.google.api.client.googleapis.json.GoogleJsonResponseException: 404 Not Found
POST https://bigquery.googleapis.com/bigquery/v2/projects/gen-lang-client-0026556124/datasets/test_dataset/tables/test_upsert_delete_sr_tmp_0_06393aa7_ab93_4191_9792_4b50a5e9cb80_1772619480065/insertAll?prettyPrint=false
{
  "code": 404,
  "errors": [
    {
      "domain": "global",
      "message": "Not found: Dataset gen-lang-client-0026556124:test_dataset",
      "reason": "notFound"
    }
  ],
  "message": "Not found: Dataset gen-lang-client-0026556124:test_dataset",
  "status": "NOT_FOUND"
}
	at com.google.api.client.googleapis.json.GoogleJsonResponseException.from(GoogleJsonResponseException.java:146)
	at com.google.api.client.googleapis.services.json.AbstractGoogleJsonClientRequest.newExceptionOnError(AbstractGoogleJsonClientRequest.java:118)
	at com.google.api.client.googleapis.services.json.AbstractGoogleJsonClientRequest.newExceptionOnError(AbstractGoogleJsonClientRequest.java:37)
	at com.google.api.client.googleapis.services.AbstractGoogleClientRequest$3.interceptResponse(AbstractGoogleClientRequest.java:466)
	at com.google.api.client.http.HttpRequest.execute(HttpRequest.java:1111)
	at com.google.api.client.googleapis.services.AbstractGoogleClientRequest.executeUnparsed(AbstractGoogleClientRequest.java:552)
	at com.google.api.client.googleapis.services.AbstractGoogleClientRequest.executeUnparsed(AbstractGoogleClientRequest.java:493)
	at com.google.api.client.googleapis.services.AbstractGoogleClientRequest.execute(AbstractGoogleClientRequest.java:603)
	at com.google.cloud.bigquery.spi.v2.HttpBigQueryRpc.insertAll(HttpBigQueryRpc.java:546)
	... 13 more
[2026-03-04 15:48:01,492] DEBUG [kcbq-sink-connector-testUpsertDelete-sr|task-0] A write thread has failed with an unrecoverable error (com.wepay.kafka.connect.bigquery.write.batch.KcbqThreadPoolExecutor:77)
com.wepay.kafka.connect.bigquery.exception.BigQueryConnectException: Failed to write to table
Caused by: Not found: Dataset gen-lang-client-0026556124:test_dataset
	at com.wepay.kafka.connect.bigquery.write.batch.TableWriter.run(TableWriter.java:149)
	at java.base/java.util.concurrent.ThreadPoolExecutor.runWorker(ThreadPoolExecutor.java:1090)
	at java.base/java.util.concurrent.ThreadPoolExecutor$Worker.run(ThreadPoolExecutor.java:614)
	at com.wepay.kafka.connect.bigquery.BigQuerySinkTask$MdcContextThreadFactory.lambda$newThread$0(BigQuerySinkTask.java:673)
	at java.base/java.lang.Thread.run(Thread.java:1474)
Caused by: com.google.cloud.bigquery.BigQueryException: Not found: Dataset gen-lang-client-0026556124:test_dataset
	at com.google.cloud.bigquery.spi.v2.HttpBigQueryRpc.translate(HttpBigQueryRpc.java:115)
	at com.google.cloud.bigquery.spi.v2.HttpBigQueryRpc.insertAll(HttpBigQueryRpc.java:548)
	at com.google.cloud.bigquery.BigQueryImpl$28.call(BigQueryImpl.java:1119)
	at com.google.cloud.bigquery.BigQueryImpl$28.call(BigQueryImpl.java:1116)
	at com.google.api.gax.retrying.DirectRetryingExecutor.submit(DirectRetryingExecutor.java:103)
	at com.google.cloud.RetryHelper.run(RetryHelper.java:76)
	at com.google.cloud.RetryHelper.runWithRetries(RetryHelper.java:50)
	at com.google.cloud.bigquery.BigQueryImpl.insertAll(BigQueryImpl.java:1115)
	at com.wepay.kafka.connect.bigquery.write.row.AdaptiveBigQueryWriter.performWriteRequest(AdaptiveBigQueryWriter.java:131)
	at com.wepay.kafka.connect.bigquery.write.row.BigQueryWriter.writeRows(BigQueryWriter.java:150)
	at com.wepay.kafka.connect.bigquery.write.batch.TableWriter.run(TableWriter.java:136)
	... 4 more
Caused by: com.google.api.client.googleapis.json.GoogleJsonResponseException: 404 Not Found
POST https://bigquery.googleapis.com/bigquery/v2/projects/gen-lang-client-0026556124/datasets/test_dataset/tables/test_upsert_delete_sr_tmp_0_06393aa7_ab93_4191_9792_4b50a5e9cb80_1772619480065/insertAll?prettyPrint=false
{
  "code": 404,
  "errors": [
    {
      "domain": "global",
      "message": "Not found: Dataset gen-lang-client-0026556124:test_dataset",
      "reason": "notFound"
    }
  ],
  "message": "Not found: Dataset gen-lang-client-0026556124:test_dataset",
  "status": "NOT_FOUND"
}
	at com.google.api.client.googleapis.json.GoogleJsonResponseException.from(GoogleJsonResponseException.java:146)
	at com.google.api.client.googleapis.services.json.AbstractGoogleJsonClientRequest.newExceptionOnError(AbstractGoogleJsonClientRequest.java:118)
	at com.google.api.client.googleapis.services.json.AbstractGoogleJsonClientRequest.newExceptionOnError(AbstractGoogleJsonClientRequest.java:37)
	at com.google.api.client.googleapis.services.AbstractGoogleClientRequest$3.interceptResponse(AbstractGoogleClientRequest.java:466)
	at com.google.api.client.http.HttpRequest.execute(HttpRequest.java:1111)
	at com.google.api.client.googleapis.services.AbstractGoogleClientRequest.executeUnparsed(AbstractGoogleClientRequest.java:552)
	at com.google.api.client.googleapis.services.AbstractGoogleClientRequest.executeUnparsed(AbstractGoogleClientRequest.java:493)
	at com.google.api.client.googleapis.services.AbstractGoogleClientRequest.execute(AbstractGoogleClientRequest.java:603)
	at com.google.cloud.bigquery.spi.v2.HttpBigQueryRpc.insertAll(HttpBigQueryRpc.java:546)
	... 13 more
[2026-03-04 15:48:02,201] INFO [Controller id=0] Processing automatic preferred replica leader election (kafka.controller.KafkaController:66)
[2026-03-04 15:48:05,336] INFO 127.0.0.1 - - [04/Mar/2026:10:18:05 +0000] "GET /connectors/kcbq-sink-connector-testUpsertDelete-sr/status HTTP/1.1" 200 193 "-" "Jetty/9.4.56.v20240826" 0 (org.apache.kafka.connect.runtime.rest.RestServer:62)
[2026-03-04 15:48:05,337] INFO GET response for URL=http://localhost:44643/connectors/kcbq-sink-connector-testUpsertDelete-sr/status is {"name":"kcbq-sink-connector-testUpsertDelete-sr","connector":{"state":"RUNNING","worker_id":"localhost:44643"},"tasks":[{"id":0,"state":"RUNNING","worker_id":"localhost:44643"}],"type":"sink"} (org.apache.kafka.connect.util.clusters.EmbeddedConnect:1016)
[2026-03-04 15:48:05,338] DEBUG Connector has only committed 0 records for topics [test-upsert-delete-sr] so far; 8 expected (com.wepay.kafka.connect.bigquery.integration.BaseConnectorIT:210)
[2026-03-04 15:48:10,063] ERROR [kcbq-sink-connector-testUpsertDelete-sr|task-0] WorkerSinkTask{id=kcbq-sink-connector-testUpsertDelete-sr-0} Task threw an uncaught and unrecoverable exception. Task is being killed and will not recover until manually restarted. Error: A write thread has failed with an unrecoverable error (org.apache.kafka.connect.runtime.WorkerSinkTask:633)
com.wepay.kafka.connect.bigquery.exception.BigQueryConnectException: A write thread has failed with an unrecoverable error
Caused by: Failed to write to table
	at com.wepay.kafka.connect.bigquery.write.batch.KcbqThreadPoolExecutor.lambda$maybeThrowEncounteredError$0(KcbqThreadPoolExecutor.java:111)
	at java.base/java.util.Optional.ifPresent(Optional.java:178)
	at com.wepay.kafka.connect.bigquery.write.batch.KcbqThreadPoolExecutor.maybeThrowEncounteredError(KcbqThreadPoolExecutor.java:110)
	at com.wepay.kafka.connect.bigquery.BigQuerySinkTask.maybeThrowErrors(BigQuerySinkTask.java:559)
	at com.wepay.kafka.connect.bigquery.BigQuerySinkTask.writeSinkRecords(BigQuerySinkTask.java:215)
	at com.wepay.kafka.connect.bigquery.BigQuerySinkTask.put(BigQuerySinkTask.java:287)
	at org.apache.kafka.connect.runtime.WorkerSinkTask.deliverMessages(WorkerSinkTask.java:605)
	at org.apache.kafka.connect.runtime.WorkerSinkTask.poll(WorkerSinkTask.java:344)
	at org.apache.kafka.connect.runtime.WorkerSinkTask.iteration(WorkerSinkTask.java:246)
	at org.apache.kafka.connect.runtime.WorkerSinkTask.execute(WorkerSinkTask.java:215)
	at org.apache.kafka.connect.runtime.WorkerTask.doRun(WorkerTask.java:225)
	at org.apache.kafka.connect.runtime.WorkerTask.run(WorkerTask.java:280)
	at org.apache.kafka.connect.runtime.isolation.Plugins.lambda$withClassLoader$1(Plugins.java:237)
	at java.base/java.util.concurrent.Executors$RunnableAdapter.call(Executors.java:545)
	at java.base/java.util.concurrent.FutureTask.run(FutureTask.java:328)
	at java.base/java.util.concurrent.ThreadPoolExecutor.runWorker(ThreadPoolExecutor.java:1090)
	at java.base/java.util.concurrent.ThreadPoolExecutor$Worker.run(ThreadPoolExecutor.java:614)
	at java.base/java.lang.Thread.run(Thread.java:1474)
Caused by: com.wepay.kafka.connect.bigquery.exception.BigQueryConnectException: Failed to write to table
Caused by: Not found: Dataset gen-lang-client-0026556124:test_dataset
	at com.wepay.kafka.connect.bigquery.write.batch.TableWriter.run(TableWriter.java:149)
	at java.base/java.util.concurrent.ThreadPoolExecutor.runWorker(ThreadPoolExecutor.java:1090)
	at java.base/java.util.concurrent.ThreadPoolExecutor$Worker.run(ThreadPoolExecutor.java:614)
	at com.wepay.kafka.connect.bigquery.BigQuerySinkTask$MdcContextThreadFactory.lambda$newThread$0(BigQuerySinkTask.java:673)
	... 1 more
Caused by: com.google.cloud.bigquery.BigQueryException: Not found: Dataset gen-lang-client-0026556124:test_dataset
	at com.google.cloud.bigquery.spi.v2.HttpBigQueryRpc.translate(HttpBigQueryRpc.java:115)
	at com.google.cloud.bigquery.spi.v2.HttpBigQueryRpc.insertAll(HttpBigQueryRpc.java:548)
	at com.google.cloud.bigquery.BigQueryImpl$28.call(BigQueryImpl.java:1119)
	at com.google.cloud.bigquery.BigQueryImpl$28.call(BigQueryImpl.java:1116)
	at com.google.api.gax.retrying.DirectRetryingExecutor.submit(DirectRetryingExecutor.java:103)
	at com.google.cloud.RetryHelper.run(RetryHelper.java:76)
	at com.google.cloud.RetryHelper.runWithRetries(RetryHelper.java:50)
	at com.google.cloud.bigquery.BigQueryImpl.insertAll(BigQueryImpl.java:1115)
	at com.wepay.kafka.connect.bigquery.write.row.AdaptiveBigQueryWriter.performWriteRequest(AdaptiveBigQueryWriter.java:131)
	at com.wepay.kafka.connect.bigquery.write.row.BigQueryWriter.writeRows(BigQueryWriter.java:150)
	at com.wepay.kafka.connect.bigquery.write.batch.TableWriter.run(TableWriter.java:136)
	... 4 more
Caused by: com.google.api.client.googleapis.json.GoogleJsonResponseException: 404 Not Found
POST https://bigquery.googleapis.com/bigquery/v2/projects/gen-lang-client-0026556124/datasets/test_dataset/tables/test_upsert_delete_sr_tmp_0_06393aa7_ab93_4191_9792_4b50a5e9cb80_1772619480065/insertAll?prettyPrint=false
{
  "code": 404,
  "errors": [
    {
      "domain": "global",
      "message": "Not found: Dataset gen-lang-client-0026556124:test_dataset",
      "reason": "notFound"
    }
  ],
  "message": "Not found: Dataset gen-lang-client-0026556124:test_dataset",
  "status": "NOT_FOUND"
}
	at com.google.api.client.googleapis.json.GoogleJsonResponseException.from(GoogleJsonResponseException.java:146)
	at com.google.api.client.googleapis.services.json.AbstractGoogleJsonClientRequest.newExceptionOnError(AbstractGoogleJsonClientRequest.java:118)
	at com.google.api.client.googleapis.services.json.AbstractGoogleJsonClientRequest.newExceptionOnError(AbstractGoogleJsonClientRequest.java:37)
	at com.google.api.client.googleapis.services.AbstractGoogleClientRequest$3.interceptResponse(AbstractGoogleClientRequest.java:466)
	at com.google.api.client.http.HttpRequest.execute(HttpRequest.java:1111)
	at com.google.api.client.googleapis.services.AbstractGoogleClientRequest.executeUnparsed(AbstractGoogleClientRequest.java:552)
	at com.google.api.client.googleapis.services.AbstractGoogleClientRequest.executeUnparsed(AbstractGoogleClientRequest.java:493)
	at com.google.api.client.googleapis.services.AbstractGoogleClientRequest.execute(AbstractGoogleClientRequest.java:603)
	at com.google.cloud.bigquery.spi.v2.HttpBigQueryRpc.insertAll(HttpBigQueryRpc.java:546)
	... 13 more
[2026-03-04 15:48:10,064] ERROR [kcbq-sink-connector-testUpsertDelete-sr|task-0] WorkerSinkTask{id=kcbq-sink-connector-testUpsertDelete-sr-0} Task threw an uncaught and unrecoverable exception. Task is being killed and will not recover until manually restarted (org.apache.kafka.connect.runtime.WorkerTask:233)
org.apache.kafka.connect.errors.ConnectException: Exiting WorkerSinkTask due to unrecoverable exception.
	at org.apache.kafka.connect.runtime.WorkerSinkTask.deliverMessages(WorkerSinkTask.java:635)
	at org.apache.kafka.connect.runtime.WorkerSinkTask.poll(WorkerSinkTask.java:344)
	at org.apache.kafka.connect.runtime.WorkerSinkTask.iteration(WorkerSinkTask.java:246)
	at org.apache.kafka.connect.runtime.WorkerSinkTask.execute(WorkerSinkTask.java:215)
	at org.apache.kafka.connect.runtime.WorkerTask.doRun(WorkerTask.java:225)
	at org.apache.kafka.connect.runtime.WorkerTask.run(WorkerTask.java:280)
	at org.apache.kafka.connect.runtime.isolation.Plugins.lambda$withClassLoader$1(Plugins.java:237)
	at java.base/java.util.concurrent.Executors$RunnableAdapter.call(Executors.java:545)
	at java.base/java.util.concurrent.FutureTask.run(FutureTask.java:328)
	at java.base/java.util.concurrent.ThreadPoolExecutor.runWorker(ThreadPoolExecutor.java:1090)
	at java.base/java.util.concurrent.ThreadPoolExecutor$Worker.run(ThreadPoolExecutor.java:614)
	at java.base/java.lang.Thread.run(Thread.java:1474)
Caused by: com.wepay.kafka.connect.bigquery.exception.BigQueryConnectException: A write thread has failed with an unrecoverable error
Caused by: Failed to write to table
	at com.wepay.kafka.connect.bigquery.write.batch.KcbqThreadPoolExecutor.lambda$maybeThrowEncounteredError$0(KcbqThreadPoolExecutor.java:111)
	at java.base/java.util.Optional.ifPresent(Optional.java:178)
	at com.wepay.kafka.connect.bigquery.write.batch.KcbqThreadPoolExecutor.maybeThrowEncounteredError(KcbqThreadPoolExecutor.java:110)
	at com.wepay.kafka.connect.bigquery.BigQuerySinkTask.maybeThrowErrors(BigQuerySinkTask.java:559)
	at com.wepay.kafka.connect.bigquery.BigQuerySinkTask.writeSinkRecords(BigQuerySinkTask.java:215)
	at com.wepay.kafka.connect.bigquery.BigQuerySinkTask.put(BigQuerySinkTask.java:287)
	at org.apache.kafka.connect.runtime.WorkerSinkTask.deliverMessages(WorkerSinkTask.java:605)
	... 11 more
Caused by: com.wepay.kafka.connect.bigquery.exception.BigQueryConnectException: Failed to write to table
Caused by: Not found: Dataset gen-lang-client-0026556124:test_dataset
	at com.wepay.kafka.connect.bigquery.write.batch.TableWriter.run(TableWriter.java:149)
	at java.base/java.util.concurrent.ThreadPoolExecutor.runWorker(ThreadPoolExecutor.java:1090)
	at java.base/java.util.concurrent.ThreadPoolExecutor$Worker.run(ThreadPoolExecutor.java:614)
	at com.wepay.kafka.connect.bigquery.BigQuerySinkTask$MdcContextThreadFactory.lambda$newThread$0(BigQuerySinkTask.java:673)
	... 1 more
Caused by: com.google.cloud.bigquery.BigQueryException: Not found: Dataset gen-lang-client-0026556124:test_dataset
	at com.google.cloud.bigquery.spi.v2.HttpBigQueryRpc.translate(HttpBigQueryRpc.java:115)
	at com.google.cloud.bigquery.spi.v2.HttpBigQueryRpc.insertAll(HttpBigQueryRpc.java:548)
	at com.google.cloud.bigquery.BigQueryImpl$28.call(BigQueryImpl.java:1119)
	at com.google.cloud.bigquery.BigQueryImpl$28.call(BigQueryImpl.java:1116)
	at com.google.api.gax.retrying.DirectRetryingExecutor.submit(DirectRetryingExecutor.java:103)
	at com.google.cloud.RetryHelper.run(RetryHelper.java:76)
	at com.google.cloud.RetryHelper.runWithRetries(RetryHelper.java:50)
	at com.google.cloud.bigquery.BigQueryImpl.insertAll(BigQueryImpl.java:1115)
	at com.wepay.kafka.connect.bigquery.write.row.AdaptiveBigQueryWriter.performWriteRequest(AdaptiveBigQueryWriter.java:131)
	at com.wepay.kafka.connect.bigquery.write.row.BigQueryWriter.writeRows(BigQueryWriter.java:150)
	at com.wepay.kafka.connect.bigquery.write.batch.TableWriter.run(TableWriter.java:136)
	... 4 more
Caused by: com.google.api.client.googleapis.json.GoogleJsonResponseException: 404 Not Found
POST https://bigquery.googleapis.com/bigquery/v2/projects/gen-lang-client-0026556124/datasets/test_dataset/tables/test_upsert_delete_sr_tmp_0_06393aa7_ab93_4191_9792_4b50a5e9cb80_1772619480065/insertAll?prettyPrint=false
{
  "code": 404,
  "errors": [
    {
      "domain": "global",
      "message": "Not found: Dataset gen-lang-client-0026556124:test_dataset",
      "reason": "notFound"
    }
  ],
  "message": "Not found: Dataset gen-lang-client-0026556124:test_dataset",
  "status": "NOT_FOUND"
}
	at com.google.api.client.googleapis.json.GoogleJsonResponseException.from(GoogleJsonResponseException.java:146)
	at com.google.api.client.googleapis.services.json.AbstractGoogleJsonClientRequest.newExceptionOnError(AbstractGoogleJsonClientRequest.java:118)
	at com.google.api.client.googleapis.services.json.AbstractGoogleJsonClientRequest.newExceptionOnError(AbstractGoogleJsonClientRequest.java:37)
	at com.google.api.client.googleapis.services.AbstractGoogleClientRequest$3.interceptResponse(AbstractGoogleClientRequest.java:466)
	at com.google.api.client.http.HttpRequest.execute(HttpRequest.java:1111)
	at com.google.api.client.googleapis.services.AbstractGoogleClientRequest.executeUnparsed(AbstractGoogleClientRequest.java:552)
	at com.google.api.client.googleapis.services.AbstractGoogleClientRequest.executeUnparsed(AbstractGoogleClientRequest.java:493)
	at com.google.api.client.googleapis.services.AbstractGoogleClientRequest.execute(AbstractGoogleClientRequest.java:603)
	at com.google.cloud.bigquery.spi.v2.HttpBigQueryRpc.insertAll(HttpBigQueryRpc.java:546)
	... 13 more
[2026-03-04 15:48:10,064] WARN [kcbq-sink-connector-testUpsertDelete-sr|task-0] Interrupted while waiting for all rows for batch 0 from intermediate table `test_dataset`.`test_upsert_delete_sr_tmp_0_06393aa7_ab93_4191_9792_4b50a5e9cb80_1772619480065` to be written (com.wepay.kafka.connect.bigquery.write.batch.MergeBatches:284)
[2026-03-04 15:48:10,064] WARN [kcbq-sink-connector-testUpsertDelete-sr|task-0] Interrupted while waiting for batch 3 to complete for intermediate table `test_dataset`.`test_upsert_delete_sr_tmp_0_06393aa7_ab93_4191_9792_4b50a5e9cb80_1772619480065` (com.wepay.kafka.connect.bigquery.write.batch.MergeBatches:256)
[2026-03-04 15:48:10,064] WARN [kcbq-sink-connector-testUpsertDelete-sr|task-0] Interrupted while waiting for batch 2 to complete for intermediate table `test_dataset`.`test_upsert_delete_sr_tmp_0_06393aa7_ab93_4191_9792_4b50a5e9cb80_1772619480065` (com.wepay.kafka.connect.bigquery.write.batch.MergeBatches:256)
[2026-03-04 15:48:10,064] WARN [kcbq-sink-connector-testUpsertDelete-sr|task-0] Interrupted while waiting for batch 1 to complete for intermediate table `test_dataset`.`test_upsert_delete_sr_tmp_0_06393aa7_ab93_4191_9792_4b50a5e9cb80_1772619480065` (com.wepay.kafka.connect.bigquery.write.batch.MergeBatches:256)
[2026-03-04 15:48:10,065] DEBUG [kcbq-sink-connector-testUpsertDelete-sr|task-0] Deleting intermediate table `test_dataset`.`test_upsert_delete_sr_tmp_0_06393aa7_ab93_4191_9792_4b50a5e9cb80_1772619480065` (com.wepay.kafka.connect.bigquery.BigQuerySinkTask:612)
[2026-03-04 15:48:10,440] INFO 127.0.0.1 - - [04/Mar/2026:10:18:10 +0000] "GET /connectors/kcbq-sink-connector-testUpsertDelete-sr/status HTTP/1.1" 200 193 "-" "Jetty/9.4.56.v20240826" 1 (org.apache.kafka.connect.runtime.rest.RestServer:62)
[2026-03-04 15:48:10,440] INFO GET response for URL=http://localhost:44643/connectors/kcbq-sink-connector-testUpsertDelete-sr/status is {"name":"kcbq-sink-connector-testUpsertDelete-sr","connector":{"state":"RUNNING","worker_id":"localhost:44643"},"tasks":[{"id":0,"state":"RUNNING","worker_id":"localhost:44643"}],"type":"sink"} (org.apache.kafka.connect.util.clusters.EmbeddedConnect:1016)
[2026-03-04 15:48:10,441] DEBUG Connector has only committed 0 records for topics [test-upsert-delete-sr] so far; 8 expected (com.wepay.kafka.connect.bigquery.integration.BaseConnectorIT:210)
[2026-03-04 15:48:10,755] INFO [kcbq-sink-connector-testUpsertDelete-sr|task-0] [Consumer clientId=connector-consumer-kcbq-sink-connector-testUpsertDelete-sr-0, groupId=connect-kcbq-sink-connector-testUpsertDelete-sr] Revoke previously assigned partitions test-upsert-delete-sr-0 (org.apache.kafka.clients.consumer.internals.ConsumerRebalanceListenerInvoker:79)
[2026-03-04 15:48:10,756] INFO [kcbq-sink-connector-testUpsertDelete-sr|task-0] [Consumer clientId=connector-consumer-kcbq-sink-connector-testUpsertDelete-sr-0, groupId=connect-kcbq-sink-connector-testUpsertDelete-sr] Member connector-consumer-kcbq-sink-connector-testUpsertDelete-sr-0-945b06e8-525c-403e-9dcb-f32fa7c9fe73 sending LeaveGroup request to coordinator localhost:35583 (id: 2147483647 rack: null) due to the consumer is being closed (org.apache.kafka.clients.consumer.internals.ConsumerCoordinator:1173)
[2026-03-04 15:48:10,756] INFO [kcbq-sink-connector-testUpsertDelete-sr|task-0] [Consumer clientId=connector-consumer-kcbq-sink-connector-testUpsertDelete-sr-0, groupId=connect-kcbq-sink-connector-testUpsertDelete-sr] Resetting generation and member id due to: consumer pro-actively leaving the group (org.apache.kafka.clients.consumer.internals.ConsumerCoordinator:1055)
[2026-03-04 15:48:10,756] INFO [kcbq-sink-connector-testUpsertDelete-sr|task-0] [Consumer clientId=connector-consumer-kcbq-sink-connector-testUpsertDelete-sr-0, groupId=connect-kcbq-sink-connector-testUpsertDelete-sr] Request joining group due to: consumer pro-actively leaving the group (org.apache.kafka.clients.consumer.internals.ConsumerCoordinator:1102)
[2026-03-04 15:48:10,757] INFO [GroupCoordinator 0]: Preparing to rebalance group connect-kcbq-sink-connector-testUpsertDelete-sr in state PreparingRebalance with old generation 1 (__consumer_offsets-21) (reason: Removing member connector-consumer-kcbq-sink-connector-testUpsertDelete-sr-0-945b06e8-525c-403e-9dcb-f32fa7c9fe73 on LeaveGroup; client reason: the consumer is being closed) (kafka.coordinator.group.GroupCoordinator:66)
[2026-03-04 15:48:10,757] INFO [GroupCoordinator 0]: Group connect-kcbq-sink-connector-testUpsertDelete-sr with generation 2 is now empty (__consumer_offsets-21) (kafka.coordinator.group.GroupCoordinator:66)
[2026-03-04 15:48:10,758] INFO [GroupCoordinator 0]: Member MemberMetadata(memberId=connector-consumer-kcbq-sink-connector-testUpsertDelete-sr-0-945b06e8-525c-403e-9dcb-f32fa7c9fe73, groupInstanceId=None, clientId=connector-consumer-kcbq-sink-connector-testUpsertDelete-sr-0, clientHost=/127.0.0.1, sessionTimeoutMs=45000, rebalanceTimeoutMs=300000, supportedProtocols=List(range, cooperative-sticky)) has left group connect-kcbq-sink-connector-testUpsertDelete-sr through explicit `LeaveGroup`; client reason: the consumer is being closed (kafka.coordinator.group.GroupCoordinator:66)
[2026-03-04 15:48:10,760] INFO [kcbq-sink-connector-testUpsertDelete-sr|task-0] Metrics scheduler closed (org.apache.kafka.common.metrics.Metrics:684)
[2026-03-04 15:48:10,760] INFO [kcbq-sink-connector-testUpsertDelete-sr|task-0] Closing reporter org.apache.kafka.common.metrics.JmxReporter (org.apache.kafka.common.metrics.Metrics:688)
[2026-03-04 15:48:10,760] INFO [kcbq-sink-connector-testUpsertDelete-sr|task-0] Closing reporter org.apache.kafka.common.telemetry.internals.ClientTelemetryReporter (org.apache.kafka.common.metrics.Metrics:688)
[2026-03-04 15:48:10,760] INFO [kcbq-sink-connector-testUpsertDelete-sr|task-0] Metrics reporters closed (org.apache.kafka.common.metrics.Metrics:694)
[2026-03-04 15:48:10,760] INFO [kcbq-sink-connector-testUpsertDelete-sr|task-0] App info kafka.consumer for connector-consumer-kcbq-sink-connector-testUpsertDelete-sr-0 unregistered (org.apache.kafka.common.utils.AppInfoParser:88)
[2026-03-04 15:48:15,544] INFO 127.0.0.1 - - [04/Mar/2026:10:18:15 +0000] "GET /connectors/kcbq-sink-connector-testUpsertDelete-sr/status HTTP/1.1" 200 5656 "-" "Jetty/9.4.56.v20240826" 1 (org.apache.kafka.connect.runtime.rest.RestServer:62)
[2026-03-04 15:48:15,544] INFO GET response for URL=http://localhost:44643/connectors/kcbq-sink-connector-testUpsertDelete-sr/status is {"name":"kcbq-sink-connector-testUpsertDelete-sr","connector":{"state":"RUNNING","worker_id":"localhost:44643"},"tasks":[{"id":0,"state":"FAILED","worker_id":"localhost:44643","trace":"org.apache.kafka.connect.errors.ConnectException: Exiting WorkerSinkTask due to unrecoverable exception.\n\tat org.apache.kafka.connect.runtime.WorkerSinkTask.deliverMessages(WorkerSinkTask.java:635)\n\tat org.apache.kafka.connect.runtime.WorkerSinkTask.poll(WorkerSinkTask.java:344)\n\tat org.apache.kafka.connect.runtime.WorkerSinkTask.iteration(WorkerSinkTask.java:246)\n\tat org.apache.kafka.connect.runtime.WorkerSinkTask.execute(WorkerSinkTask.java:215)\n\tat org.apache.kafka.connect.runtime.WorkerTask.doRun(WorkerTask.java:225)\n\tat org.apache.kafka.connect.runtime.WorkerTask.run(WorkerTask.java:280)\n\tat org.apache.kafka.connect.runtime.isolation.Plugins.lambda$withClassLoader$1(Plugins.java:237)\n\tat java.base/java.util.concurrent.Executors$RunnableAdapter.call(Executors.java:545)\n\tat java.base/java.util.concurrent.FutureTask.run(FutureTask.java:328)\n\tat java.base/java.util.concurrent.ThreadPoolExecutor.runWorker(ThreadPoolExecutor.java:1090)\n\tat java.base/java.util.concurrent.ThreadPoolExecutor$Worker.run(ThreadPoolExecutor.java:614)\n\tat java.base/java.lang.Thread.run(Thread.java:1474)\nCaused by: com.wepay.kafka.connect.bigquery.exception.BigQueryConnectException: A write thread has failed with an unrecoverable error\nCaused by: Failed to write to table\n\tat com.wepay.kafka.connect.bigquery.write.batch.KcbqThreadPoolExecutor.lambda$maybeThrowEncounteredError$0(KcbqThreadPoolExecutor.java:111)\n\tat java.base/java.util.Optional.ifPresent(Optional.java:178)\n\tat com.wepay.kafka.connect.bigquery.write.batch.KcbqThreadPoolExecutor.maybeThrowEncounteredError(KcbqThreadPoolExecutor.java:110)\n\tat com.wepay.kafka.connect.bigquery.BigQuerySinkTask.maybeThrowErrors(BigQuerySinkTask.java:559)\n\tat com.wepay.kafka.connect.bigquery.BigQuerySinkTask.writeSinkRecords(BigQuerySinkTask.java:215)\n\tat com.wepay.kafka.connect.bigquery.BigQuerySinkTask.put(BigQuerySinkTask.java:287)\n\tat org.apache.kafka.connect.runtime.WorkerSinkTask.deliverMessages(WorkerSinkTask.java:605)\n\t... 11 more\nCaused by: com.wepay.kafka.connect.bigquery.exception.BigQueryConnectException: Failed to write to table\nCaused by: Not found: Dataset gen-lang-client-0026556124:test_dataset\n\tat com.wepay.kafka.connect.bigquery.write.batch.TableWriter.run(TableWriter.java:149)\n\tat java.base/java.util.concurrent.ThreadPoolExecutor.runWorker(ThreadPoolExecutor.java:1090)\n\tat java.base/java.util.concurrent.ThreadPoolExecutor$Worker.run(ThreadPoolExecutor.java:614)\n\tat com.wepay.kafka.connect.bigquery.BigQuerySinkTask$MdcContextThreadFactory.lambda$newThread$0(BigQuerySinkTask.java:673)\n\t... 1 more\nCaused by: com.google.cloud.bigquery.BigQueryException: Not found: Dataset gen-lang-client-0026556124:test_dataset\n\tat com.google.cloud.bigquery.spi.v2.HttpBigQueryRpc.translate(HttpBigQueryRpc.java:115)\n\tat com.google.cloud.bigquery.spi.v2.HttpBigQueryRpc.insertAll(HttpBigQueryRpc.java:548)\n\tat com.google.cloud.bigquery.BigQueryImpl$28.call(BigQueryImpl.java:1119)\n\tat com.google.cloud.bigquery.BigQueryImpl$28.call(BigQueryImpl.java:1116)\n\tat com.google.api.gax.retrying.DirectRetryingExecutor.submit(DirectRetryingExecutor.java:103)\n\tat com.google.cloud.RetryHelper.run(RetryHelper.java:76)\n\tat com.google.cloud.RetryHelper.runWithRetries(RetryHelper.java:50)\n\tat com.google.cloud.bigquery.BigQueryImpl.insertAll(BigQueryImpl.java:1115)\n\tat com.wepay.kafka.connect.bigquery.write.row.AdaptiveBigQueryWriter.performWriteRequest(AdaptiveBigQueryWriter.java:131)\n\tat com.wepay.kafka.connect.bigquery.write.row.BigQueryWriter.writeRows(BigQueryWriter.java:150)\n\tat com.wepay.kafka.connect.bigquery.write.batch.TableWriter.run(TableWriter.java:136)\n\t... 4 more\nCaused by: com.google.api.client.googleapis.json.GoogleJsonResponseException: 404 Not Found\nPOST https://bigquery.googleapis.com/bigquery/v2/projects/gen-lang-client-0026556124/datasets/test_dataset/tables/test_upsert_delete_sr_tmp_0_06393aa7_ab93_4191_9792_4b50a5e9cb80_1772619480065/insertAll?prettyPrint=false\n{\n  \"code\": 404,\n  \"errors\": [\n    {\n      \"domain\": \"global\",\n      \"message\": \"Not found: Dataset gen-lang-client-0026556124:test_dataset\",\n      \"reason\": \"notFound\"\n    }\n  ],\n  \"message\": \"Not found: Dataset gen-lang-client-0026556124:test_dataset\",\n  \"status\": \"NOT_FOUND\"\n}\n\tat com.google.api.client.googleapis.json.GoogleJsonResponseException.from(GoogleJsonResponseException.java:146)\n\tat com.google.api.client.googleapis.services.json.AbstractGoogleJsonClientRequest.newExceptionOnError(AbstractGoogleJsonClientRequest.java:118)\n\tat com.google.api.client.googleapis.services.json.AbstractGoogleJsonClientRequest.newExceptionOnError(AbstractGoogleJsonClientRequest.java:37)\n\tat com.google.api.client.googleapis.services.AbstractGoogleClientRequest$3.interceptResponse(AbstractGoogleClientRequest.java:466)\n\tat com.google.api.client.http.HttpRequest.execute(HttpRequest.java:1111)\n\tat com.google.api.client.googleapis.services.AbstractGoogleClientRequest.executeUnparsed(AbstractGoogleClientRequest.java:552)\n\tat com.google.api.client.googleapis.services.AbstractGoogleClientRequest.executeUnparsed(AbstractGoogleClientRequest.java:493)\n\tat com.google.api.client.googleapis.services.AbstractGoogleClientRequest.execute(AbstractGoogleClientRequest.java:603)\n\tat com.google.cloud.bigquery.spi.v2.HttpBigQueryRpc.insertAll(HttpBigQueryRpc.java:546)\n\t... 13 more\n"}],"type":"sink"} (org.apache.kafka.connect.util.clusters.EmbeddedConnect:1016)
[2026-03-04 15:48:15,546] INFO App info kafka.admin.client for adminclient-2 unregistered (org.apache.kafka.common.utils.AppInfoParser:88)
[2026-03-04 15:48:15,547] INFO Metrics scheduler closed (org.apache.kafka.common.metrics.Metrics:684)
[2026-03-04 15:48:15,547] INFO Closing reporter org.apache.kafka.common.metrics.JmxReporter (org.apache.kafka.common.metrics.Metrics:688)
[2026-03-04 15:48:15,547] INFO Metrics reporters closed (org.apache.kafka.common.metrics.Metrics:694)
[2026-03-04 15:48:15,548] INFO Stopping worker WorkerHandle{workerName='connect-worker-0'workerURL='http://localhost:44643/'} (org.apache.kafka.connect.util.clusters.EmbeddedConnect:186)
[2026-03-04 15:48:15,548] INFO Kafka Connect stopping (org.apache.kafka.connect.runtime.Connect:67)
[2026-03-04 15:48:15,548] INFO Stopping REST server (org.apache.kafka.connect.runtime.rest.RestServer:354)
[2026-03-04 15:48:15,549] INFO Stopped o.e.j.s.ServletContextHandler@14432052{/,null,STOPPED} (org.eclipse.jetty.server.handler.ContextHandler:1159)
[2026-03-04 15:48:15,550] INFO Stopped http_localhost0@55a7f0af{HTTP/1.1, (http/1.1)}{localhost:0} (org.eclipse.jetty.server.AbstractConnector:383)
[2026-03-04 15:48:15,550] INFO node0 Stopped scavenging (org.eclipse.jetty.server.session:149)
[2026-03-04 15:48:15,550] INFO REST server stopped (org.apache.kafka.connect.runtime.rest.RestServer:383)
[2026-03-04 15:48:15,550] INFO [Worker clientId=connect-localhost:44643, groupId=connect-integration-test-kcbq-connect-cluster] Herder stopping (org.apache.kafka.connect.runtime.distributed.DistributedHerder:841)
[2026-03-04 15:48:15,550] INFO [Worker clientId=connect-localhost:44643, groupId=connect-integration-test-kcbq-connect-cluster] Stopping connectors and tasks that are still assigned to this worker. (org.apache.kafka.connect.runtime.distributed.DistributedHerder:798)
[2026-03-04 15:48:15,550] INFO [kcbq-sink-connector-testUpsertDelete-sr|worker] Stopping connector kcbq-sink-connector-testUpsertDelete-sr (org.apache.kafka.connect.runtime.Worker:451)
[2026-03-04 15:48:15,550] INFO [kcbq-sink-connector-testUpsertDelete-sr|worker] Scheduled shutdown for WorkerConnector{id=kcbq-sink-connector-testUpsertDelete-sr} (org.apache.kafka.connect.runtime.WorkerConnector:294)
[2026-03-04 15:48:15,551] INFO [kcbq-sink-connector-testUpsertDelete-sr|worker] Completed shutdown for WorkerConnector{id=kcbq-sink-connector-testUpsertDelete-sr} (org.apache.kafka.connect.runtime.WorkerConnector:314)
[2026-03-04 15:48:15,551] INFO [kcbq-sink-connector-testUpsertDelete-sr|task-0] Stopping task kcbq-sink-connector-testUpsertDelete-sr-0 (org.apache.kafka.connect.runtime.Worker:1047)
[2026-03-04 15:48:15,551] INFO Stopping KafkaBasedLog for topic connect-status-topic-kcbq-connect-cluster (org.apache.kafka.connect.util.KafkaBasedLog:316)
[2026-03-04 15:48:15,551] INFO [Producer clientId=connect-integration-test-kcbq-connect-cluster-statuses] Closing the Kafka producer with timeoutMillis = 9223372036854775807 ms. (org.apache.kafka.clients.producer.KafkaProducer:1373)
[2026-03-04 15:48:15,552] INFO Metrics scheduler closed (org.apache.kafka.common.metrics.Metrics:684)
[2026-03-04 15:48:15,552] INFO Closing reporter org.apache.kafka.common.metrics.JmxReporter (org.apache.kafka.common.metrics.Metrics:688)
[2026-03-04 15:48:15,552] INFO Closing reporter org.apache.kafka.common.telemetry.internals.ClientTelemetryReporter (org.apache.kafka.common.metrics.Metrics:688)
[2026-03-04 15:48:15,552] INFO Metrics reporters closed (org.apache.kafka.common.metrics.Metrics:694)
[2026-03-04 15:48:15,552] INFO App info kafka.producer for connect-integration-test-kcbq-connect-cluster-statuses unregistered (org.apache.kafka.common.utils.AppInfoParser:88)
[2026-03-04 15:48:15,552] INFO [Consumer clientId=connect-integration-test-kcbq-connect-cluster-statuses, groupId=connect-integration-test-kcbq-connect-cluster] Resetting generation and member id due to: consumer pro-actively leaving the group (org.apache.kafka.clients.consumer.internals.ConsumerCoordinator:1055)
[2026-03-04 15:48:15,552] INFO [Consumer clientId=connect-integration-test-kcbq-connect-cluster-statuses, groupId=connect-integration-test-kcbq-connect-cluster] Request joining group due to: consumer pro-actively leaving the group (org.apache.kafka.clients.consumer.internals.ConsumerCoordinator:1102)
[2026-03-04 15:48:15,552] INFO [Consumer clientId=connect-integration-test-kcbq-connect-cluster-statuses, groupId=connect-integration-test-kcbq-connect-cluster] Node 0 sent an invalid full fetch response with extraIds=(GixHTihJSWeQ0HopcwAOtA), response=() (org.apache.kafka.clients.FetchSessionHandler:555)
[2026-03-04 15:48:15,552] INFO Metrics scheduler closed (org.apache.kafka.common.metrics.Metrics:684)
[2026-03-04 15:48:15,552] INFO Closing reporter org.apache.kafka.common.metrics.JmxReporter (org.apache.kafka.common.metrics.Metrics:688)
[2026-03-04 15:48:15,552] INFO Closing reporter org.apache.kafka.common.telemetry.internals.ClientTelemetryReporter (org.apache.kafka.common.metrics.Metrics:688)
[2026-03-04 15:48:15,552] INFO Metrics reporters closed (org.apache.kafka.common.metrics.Metrics:694)
[2026-03-04 15:48:15,553] INFO App info kafka.consumer for connect-integration-test-kcbq-connect-cluster-statuses unregistered (org.apache.kafka.common.utils.AppInfoParser:88)
[2026-03-04 15:48:15,553] INFO Stopped KafkaBasedLog for topic connect-status-topic-kcbq-connect-cluster (org.apache.kafka.connect.util.KafkaBasedLog:340)
[2026-03-04 15:48:15,553] INFO Closing KafkaConfigBackingStore (org.apache.kafka.connect.storage.KafkaConfigBackingStore:405)
[2026-03-04 15:48:15,553] INFO Stopping KafkaBasedLog for topic connect-config-topic-kcbq-connect-cluster (org.apache.kafka.connect.util.KafkaBasedLog:316)
[2026-03-04 15:48:15,553] INFO [Producer clientId=connect-integration-test-kcbq-connect-cluster-configs] Closing the Kafka producer with timeoutMillis = 9223372036854775807 ms. (org.apache.kafka.clients.producer.KafkaProducer:1373)
[2026-03-04 15:48:15,553] INFO Metrics scheduler closed (org.apache.kafka.common.metrics.Metrics:684)
[2026-03-04 15:48:15,553] INFO Closing reporter org.apache.kafka.common.metrics.JmxReporter (org.apache.kafka.common.metrics.Metrics:688)
[2026-03-04 15:48:15,553] INFO Closing reporter org.apache.kafka.common.telemetry.internals.ClientTelemetryReporter (org.apache.kafka.common.metrics.Metrics:688)
[2026-03-04 15:48:15,553] INFO Metrics reporters closed (org.apache.kafka.common.metrics.Metrics:694)
[2026-03-04 15:48:15,553] INFO App info kafka.producer for connect-integration-test-kcbq-connect-cluster-configs unregistered (org.apache.kafka.common.utils.AppInfoParser:88)
[2026-03-04 15:48:15,553] INFO [Consumer clientId=connect-integration-test-kcbq-connect-cluster-configs, groupId=connect-integration-test-kcbq-connect-cluster] Resetting generation and member id due to: consumer pro-actively leaving the group (org.apache.kafka.clients.consumer.internals.ConsumerCoordinator:1055)
[2026-03-04 15:48:15,553] INFO [Consumer clientId=connect-integration-test-kcbq-connect-cluster-configs, groupId=connect-integration-test-kcbq-connect-cluster] Request joining group due to: consumer pro-actively leaving the group (org.apache.kafka.clients.consumer.internals.ConsumerCoordinator:1102)
[2026-03-04 15:48:15,554] INFO Metrics scheduler closed (org.apache.kafka.common.metrics.Metrics:684)
[2026-03-04 15:48:15,554] INFO Closing reporter org.apache.kafka.common.metrics.JmxReporter (org.apache.kafka.common.metrics.Metrics:688)
[2026-03-04 15:48:15,554] INFO Closing reporter org.apache.kafka.common.telemetry.internals.ClientTelemetryReporter (org.apache.kafka.common.metrics.Metrics:688)
[2026-03-04 15:48:15,554] INFO Metrics reporters closed (org.apache.kafka.common.metrics.Metrics:694)
[2026-03-04 15:48:15,555] INFO App info kafka.consumer for connect-integration-test-kcbq-connect-cluster-configs unregistered (org.apache.kafka.common.utils.AppInfoParser:88)
[2026-03-04 15:48:15,555] INFO Stopped KafkaBasedLog for topic connect-config-topic-kcbq-connect-cluster (org.apache.kafka.connect.util.KafkaBasedLog:340)
[2026-03-04 15:48:15,555] INFO Closed KafkaConfigBackingStore (org.apache.kafka.connect.storage.KafkaConfigBackingStore:410)
[2026-03-04 15:48:15,555] INFO Worker stopping (org.apache.kafka.connect.runtime.Worker:249)
[2026-03-04 15:48:15,555] INFO Stopping KafkaOffsetBackingStore (org.apache.kafka.connect.storage.KafkaOffsetBackingStore:260)
[2026-03-04 15:48:15,555] INFO Stopping KafkaBasedLog for topic connect-offset-topic-kcbq-connect-cluster (org.apache.kafka.connect.util.KafkaBasedLog:316)
[2026-03-04 15:48:15,555] INFO [Producer clientId=connect-integration-test-kcbq-connect-cluster-offsets] Closing the Kafka producer with timeoutMillis = 9223372036854775807 ms. (org.apache.kafka.clients.producer.KafkaProducer:1373)
[2026-03-04 15:48:15,555] INFO Metrics scheduler closed (org.apache.kafka.common.metrics.Metrics:684)
[2026-03-04 15:48:15,555] INFO Closing reporter org.apache.kafka.common.metrics.JmxReporter (org.apache.kafka.common.metrics.Metrics:688)
[2026-03-04 15:48:15,555] INFO Closing reporter org.apache.kafka.common.telemetry.internals.ClientTelemetryReporter (org.apache.kafka.common.metrics.Metrics:688)
[2026-03-04 15:48:15,555] INFO Metrics reporters closed (org.apache.kafka.common.metrics.Metrics:694)
[2026-03-04 15:48:15,555] INFO App info kafka.producer for connect-integration-test-kcbq-connect-cluster-offsets unregistered (org.apache.kafka.common.utils.AppInfoParser:88)
[2026-03-04 15:48:15,555] INFO [Consumer clientId=connect-integration-test-kcbq-connect-cluster-offsets, groupId=connect-integration-test-kcbq-connect-cluster] Resetting generation and member id due to: consumer pro-actively leaving the group (org.apache.kafka.clients.consumer.internals.ConsumerCoordinator:1055)
[2026-03-04 15:48:15,555] INFO [Consumer clientId=connect-integration-test-kcbq-connect-cluster-offsets, groupId=connect-integration-test-kcbq-connect-cluster] Request joining group due to: consumer pro-actively leaving the group (org.apache.kafka.clients.consumer.internals.ConsumerCoordinator:1102)
[2026-03-04 15:48:15,944] INFO Metrics scheduler closed (org.apache.kafka.common.metrics.Metrics:684)
[2026-03-04 15:48:15,944] INFO Closing reporter org.apache.kafka.common.metrics.JmxReporter (org.apache.kafka.common.metrics.Metrics:688)
[2026-03-04 15:48:15,944] INFO Closing reporter org.apache.kafka.common.telemetry.internals.ClientTelemetryReporter (org.apache.kafka.common.metrics.Metrics:688)
[2026-03-04 15:48:15,944] INFO Metrics reporters closed (org.apache.kafka.common.metrics.Metrics:694)
[2026-03-04 15:48:15,944] INFO App info kafka.consumer for connect-integration-test-kcbq-connect-cluster-offsets unregistered (org.apache.kafka.common.utils.AppInfoParser:88)
[2026-03-04 15:48:15,945] INFO Stopped KafkaBasedLog for topic connect-offset-topic-kcbq-connect-cluster (org.apache.kafka.connect.util.KafkaBasedLog:340)
[2026-03-04 15:48:15,945] INFO Stopped KafkaOffsetBackingStore (org.apache.kafka.connect.storage.KafkaOffsetBackingStore:262)
[2026-03-04 15:48:15,945] INFO Metrics scheduler closed (org.apache.kafka.common.metrics.Metrics:684)
[2026-03-04 15:48:15,945] INFO Closing reporter org.apache.kafka.common.metrics.JmxReporter (org.apache.kafka.common.metrics.Metrics:688)
[2026-03-04 15:48:15,945] INFO Metrics reporters closed (org.apache.kafka.common.metrics.Metrics:694)
[2026-03-04 15:48:15,945] INFO App info kafka.connect for localhost:44643 unregistered (org.apache.kafka.common.utils.AppInfoParser:88)
[2026-03-04 15:48:15,945] INFO Worker stopped (org.apache.kafka.connect.runtime.Worker:270)
[2026-03-04 15:48:15,945] INFO [Worker clientId=connect-localhost:44643, groupId=connect-integration-test-kcbq-connect-cluster] Member connect-localhost:44643-814eee5c-fa13-43bc-bc7a-c1c2157d179b sending LeaveGroup request to coordinator localhost:35583 (id: 2147483647 rack: null) due to the consumer is being closed (org.apache.kafka.connect.runtime.distributed.WorkerCoordinator:1173)
[2026-03-04 15:48:15,945] INFO [Worker clientId=connect-localhost:44643, groupId=connect-integration-test-kcbq-connect-cluster] Resetting generation and member id due to: consumer pro-actively leaving the group (org.apache.kafka.connect.runtime.distributed.WorkerCoordinator:1055)
[2026-03-04 15:48:15,945] WARN [Worker clientId=connect-localhost:44643, groupId=connect-integration-test-kcbq-connect-cluster] Close timed out with 1 pending requests to coordinator, terminating client connections (org.apache.kafka.connect.runtime.distributed.WorkerCoordinator:1140)
[2026-03-04 15:48:15,945] INFO Metrics scheduler closed (org.apache.kafka.common.metrics.Metrics:684)
[2026-03-04 15:48:15,945] INFO Closing reporter org.apache.kafka.common.metrics.JmxReporter (org.apache.kafka.common.metrics.Metrics:688)
[2026-03-04 15:48:15,945] INFO Metrics reporters closed (org.apache.kafka.common.metrics.Metrics:694)
[2026-03-04 15:48:15,945] INFO [GroupCoordinator 0]: Preparing to rebalance group connect-integration-test-kcbq-connect-cluster in state PreparingRebalance with old generation 3 (__consumer_offsets-42) (reason: Removing member connect-localhost:44643-814eee5c-fa13-43bc-bc7a-c1c2157d179b on LeaveGroup; client reason: the consumer is being closed) (kafka.coordinator.group.GroupCoordinator:66)
[2026-03-04 15:48:15,945] INFO [GroupCoordinator 0]: Group connect-integration-test-kcbq-connect-cluster with generation 4 is now empty (__consumer_offsets-42) (kafka.coordinator.group.GroupCoordinator:66)
[2026-03-04 15:48:15,945] INFO App info kafka.connect for connect-localhost:44643 unregistered (org.apache.kafka.common.utils.AppInfoParser:88)
[2026-03-04 15:48:15,946] INFO [GroupCoordinator 0]: Member MemberMetadata(memberId=connect-localhost:44643-814eee5c-fa13-43bc-bc7a-c1c2157d179b, groupInstanceId=None, clientId=connect-localhost:44643, clientHost=/127.0.0.1, sessionTimeoutMs=10000, rebalanceTimeoutMs=60000, supportedProtocols=List(sessioned, compatible, default)) has left group connect-integration-test-kcbq-connect-cluster through explicit `LeaveGroup`; client reason: the consumer is being closed (kafka.coordinator.group.GroupCoordinator:66)
[2026-03-04 15:48:15,946] INFO App info kafka.admin.client for connect-integration-test-kcbq-connect-cluster-shared-admin unregistered (org.apache.kafka.common.utils.AppInfoParser:88)
[2026-03-04 15:48:15,946] INFO Metrics scheduler closed (org.apache.kafka.common.metrics.Metrics:684)
[2026-03-04 15:48:15,946] INFO Closing reporter org.apache.kafka.common.metrics.JmxReporter (org.apache.kafka.common.metrics.Metrics:688)
[2026-03-04 15:48:15,946] INFO Metrics reporters closed (org.apache.kafka.common.metrics.Metrics:694)
[2026-03-04 15:48:15,946] INFO [Worker clientId=connect-localhost:44643, groupId=connect-integration-test-kcbq-connect-cluster] Herder stopped (org.apache.kafka.connect.runtime.distributed.DistributedHerder:387)
[2026-03-04 15:48:15,946] INFO [Worker clientId=connect-localhost:44643, groupId=connect-integration-test-kcbq-connect-cluster] Herder stopped (org.apache.kafka.connect.runtime.distributed.DistributedHerder:848)
[2026-03-04 15:48:15,946] INFO Kafka Connect stopped (org.apache.kafka.connect.runtime.Connect:72)
[2026-03-04 15:48:15,946] INFO [Producer clientId=producer-1] Closing the Kafka producer with timeoutMillis = 9223372036854775807 ms. (org.apache.kafka.clients.producer.KafkaProducer:1373)
[2026-03-04 15:48:15,947] INFO Metrics scheduler closed (org.apache.kafka.common.metrics.Metrics:684)
[2026-03-04 15:48:15,947] INFO Closing reporter org.apache.kafka.common.metrics.JmxReporter (org.apache.kafka.common.metrics.Metrics:688)
[2026-03-04 15:48:15,947] INFO Closing reporter org.apache.kafka.common.telemetry.internals.ClientTelemetryReporter (org.apache.kafka.common.metrics.Metrics:688)
[2026-03-04 15:48:15,947] INFO Metrics reporters closed (org.apache.kafka.common.metrics.Metrics:694)
[2026-03-04 15:48:15,947] INFO App info kafka.producer for producer-1 unregistered (org.apache.kafka.common.utils.AppInfoParser:88)
[2026-03-04 15:48:15,947] INFO [KafkaServer id=0] shutting down (kafka.server.KafkaServer:66)
[2026-03-04 15:48:15,947] INFO [KafkaServer id=0] Starting controlled shutdown (kafka.server.KafkaServer:66)
[2026-03-04 15:48:15,948] INFO [Controller id=0] Shutting down broker 0 (kafka.controller.KafkaController:66)
[2026-03-04 15:48:15,949] INFO [Controller id=0 epoch=1] Sending UpdateMetadata request to brokers Set() for 0 partitions (state.change.logger:66)
[2026-03-04 15:48:15,950] INFO [KafkaServer id=0] Controlled shutdown request returned successfully after 2ms (kafka.server.KafkaServer:66)
[2026-03-04 15:48:15,950] INFO [/config/changes-event-process-thread]: Shutting down (kafka.common.ZkNodeChangeNotificationListener$ChangeEventProcessThread:90)
[2026-03-04 15:48:15,951] INFO [/config/changes-event-process-thread]: Stopped (kafka.common.ZkNodeChangeNotificationListener$ChangeEventProcessThread:147)
[2026-03-04 15:48:15,951] INFO [/config/changes-event-process-thread]: Shutdown completed (kafka.common.ZkNodeChangeNotificationListener$ChangeEventProcessThread:109)
[2026-03-04 15:48:15,951] INFO [SocketServer listenerType=ZK_BROKER, nodeId=0] Stopping socket server request processors (kafka.network.SocketServer:66)
[2026-03-04 15:48:15,951] INFO [Producer clientId=producer-2] Node 0 disconnected. (org.apache.kafka.clients.NetworkClient:1017)
[2026-03-04 15:48:15,951] INFO [NodeToControllerChannelManager id=0 name=forwarding] Node 0 disconnected. (org.apache.kafka.clients.NetworkClient:1017)
[2026-03-04 15:48:15,951] INFO [Consumer clientId=KafkaStore-reader-_schemas, groupId=schema-registry-hinata-waifu-37801] Node 0 disconnected. (org.apache.kafka.clients.NetworkClient:1017)
[2026-03-04 15:48:15,951] INFO [Schema registry clientId=sr-1, groupId=schema-registry] Node -1 disconnected. (org.apache.kafka.clients.NetworkClient:1017)
[2026-03-04 15:48:15,952] INFO [Consumer clientId=KafkaStore-reader-_schemas, groupId=schema-registry-hinata-waifu-37801] Cancelled in-flight FETCH request with correlation id 44 due to node 0 being disconnected (elapsed time since creation: 210ms, elapsed time since send: 210ms, throttle time: 0ms, request timeout: 30000ms) (org.apache.kafka.clients.NetworkClient:363)
[2026-03-04 15:48:15,952] INFO [Consumer clientId=KafkaStore-reader-_schemas, groupId=schema-registry-hinata-waifu-37801] Node -1 disconnected. (org.apache.kafka.clients.NetworkClient:1017)
[2026-03-04 15:48:15,952] INFO [Producer clientId=producer-2] Node -1 disconnected. (org.apache.kafka.clients.NetworkClient:1017)
[2026-03-04 15:48:15,952] INFO [Consumer clientId=KafkaStore-reader-_schemas, groupId=schema-registry-hinata-waifu-37801] Error sending fetch request (sessionId=398912806, epoch=37) to node 0: (org.apache.kafka.clients.FetchSessionHandler:617)
org.apache.kafka.common.errors.DisconnectException
[2026-03-04 15:48:15,952] INFO [Schema registry clientId=sr-1, groupId=schema-registry] Node 0 disconnected. (org.apache.kafka.clients.NetworkClient:1017)
[2026-03-04 15:48:15,952] WARN [Schema registry clientId=sr-1, groupId=schema-registry] Connection to node 0 (localhost/127.0.0.1:35583) could not be established. Node may not be available. (org.apache.kafka.clients.NetworkClient:849)
[2026-03-04 15:48:15,952] INFO [Schema registry clientId=sr-1, groupId=schema-registry] Node 2147483647 disconnected. (org.apache.kafka.clients.NetworkClient:1017)
[2026-03-04 15:48:15,952] INFO [Schema registry clientId=sr-1, groupId=schema-registry] Group coordinator localhost:35583 (id: 2147483647 rack: null) is unavailable or invalid due to cause: coordinator unavailable. isDisconnected: true. Rediscovery will be attempted. (io.confluent.kafka.schemaregistry.leaderelector.kafka.SchemaRegistryCoordinator:999)
[2026-03-04 15:48:15,952] INFO [SocketServer listenerType=ZK_BROKER, nodeId=0] Stopped socket server request processors (kafka.network.SocketServer:66)
[2026-03-04 15:48:15,952] INFO [data-plane Kafka Request Handler on Broker 0], shutting down (kafka.server.KafkaRequestHandlerPool:66)
[2026-03-04 15:48:15,953] INFO [data-plane Kafka Request Handler on Broker 0], shut down completely (kafka.server.KafkaRequestHandlerPool:66)
[2026-03-04 15:48:15,953] INFO [ExpirationReaper-0-AlterAcls]: Shutting down (kafka.server.DelayedOperationPurgatory$ExpiredOperationReaper:90)
[2026-03-04 15:48:15,953] INFO [ExpirationReaper-0-AlterAcls]: Stopped (kafka.server.DelayedOperationPurgatory$ExpiredOperationReaper:147)
[2026-03-04 15:48:15,953] INFO [ExpirationReaper-0-AlterAcls]: Shutdown completed (kafka.server.DelayedOperationPurgatory$ExpiredOperationReaper:109)
[2026-03-04 15:48:15,953] INFO [KafkaApi-0] Shutdown complete. (kafka.server.KafkaApis:66)
[2026-03-04 15:48:15,954] INFO [ExpirationReaper-0-topic]: Shutting down (kafka.server.DelayedOperationPurgatory$ExpiredOperationReaper:90)
[2026-03-04 15:48:15,954] INFO [ExpirationReaper-0-topic]: Stopped (kafka.server.DelayedOperationPurgatory$ExpiredOperationReaper:147)
[2026-03-04 15:48:15,954] INFO [ExpirationReaper-0-topic]: Shutdown completed (kafka.server.DelayedOperationPurgatory$ExpiredOperationReaper:109)
[2026-03-04 15:48:15,954] INFO [TransactionCoordinator id=0] Shutting down. (kafka.coordinator.transaction.TransactionCoordinator:66)
[2026-03-04 15:48:15,954] INFO [Transaction State Manager 0]: Shutdown complete (kafka.coordinator.transaction.TransactionStateManager:66)
[2026-03-04 15:48:15,954] INFO [TxnMarkerSenderThread-0]: Shutting down (kafka.coordinator.transaction.TransactionMarkerChannelManager:90)
[2026-03-04 15:48:15,954] INFO [TxnMarkerSenderThread-0]: Stopped (kafka.coordinator.transaction.TransactionMarkerChannelManager:147)
[2026-03-04 15:48:15,954] INFO [TxnMarkerSenderThread-0]: Shutdown completed (kafka.coordinator.transaction.TransactionMarkerChannelManager:109)
[2026-03-04 15:48:15,954] INFO [TransactionCoordinator id=0] Shutdown complete. (kafka.coordinator.transaction.TransactionCoordinator:66)
[2026-03-04 15:48:15,955] INFO [GroupCoordinator 0]: Shutting down. (kafka.coordinator.group.GroupCoordinator:66)
[2026-03-04 15:48:15,955] INFO [ExpirationReaper-0-Heartbeat]: Shutting down (kafka.server.DelayedOperationPurgatory$ExpiredOperationReaper:90)
[2026-03-04 15:48:15,955] INFO [ExpirationReaper-0-Heartbeat]: Stopped (kafka.server.DelayedOperationPurgatory$ExpiredOperationReaper:147)
[2026-03-04 15:48:15,955] INFO [ExpirationReaper-0-Heartbeat]: Shutdown completed (kafka.server.DelayedOperationPurgatory$ExpiredOperationReaper:109)
[2026-03-04 15:48:15,955] INFO [ExpirationReaper-0-Rebalance]: Shutting down (kafka.server.DelayedOperationPurgatory$ExpiredOperationReaper:90)
[2026-03-04 15:48:15,955] INFO [ExpirationReaper-0-Rebalance]: Stopped (kafka.server.DelayedOperationPurgatory$ExpiredOperationReaper:147)
[2026-03-04 15:48:15,955] INFO [ExpirationReaper-0-Rebalance]: Shutdown completed (kafka.server.DelayedOperationPurgatory$ExpiredOperationReaper:109)
[2026-03-04 15:48:15,955] INFO [GroupCoordinator 0]: Shutdown complete. (kafka.coordinator.group.GroupCoordinator:66)
[2026-03-04 15:48:15,955] INFO [ReplicaManager broker=0] Shutting down (kafka.server.ReplicaManager:66)
[2026-03-04 15:48:15,955] INFO [LogDirFailureHandler]: Shutting down (kafka.server.ReplicaManager$LogDirFailureHandler:90)
[2026-03-04 15:48:15,955] INFO [LogDirFailureHandler]: Stopped (kafka.server.ReplicaManager$LogDirFailureHandler:147)
[2026-03-04 15:48:15,955] INFO [LogDirFailureHandler]: Shutdown completed (kafka.server.ReplicaManager$LogDirFailureHandler:109)
[2026-03-04 15:48:15,955] INFO [ReplicaFetcherManager on broker 0] shutting down (kafka.server.ReplicaFetcherManager:66)
[2026-03-04 15:48:15,956] INFO [ReplicaFetcherManager on broker 0] shutdown completed (kafka.server.ReplicaFetcherManager:66)
[2026-03-04 15:48:15,956] INFO [ReplicaAlterLogDirsManager on broker 0] shutting down (kafka.server.ReplicaAlterLogDirsManager:66)
[2026-03-04 15:48:15,956] INFO [ReplicaAlterLogDirsManager on broker 0] shutdown completed (kafka.server.ReplicaAlterLogDirsManager:66)
[2026-03-04 15:48:15,956] INFO [ExpirationReaper-0-Fetch]: Shutting down (kafka.server.DelayedOperationPurgatory$ExpiredOperationReaper:90)
[2026-03-04 15:48:15,956] INFO [ExpirationReaper-0-Fetch]: Stopped (kafka.server.DelayedOperationPurgatory$ExpiredOperationReaper:147)
[2026-03-04 15:48:15,956] INFO [ExpirationReaper-0-Fetch]: Shutdown completed (kafka.server.DelayedOperationPurgatory$ExpiredOperationReaper:109)
[2026-03-04 15:48:15,956] INFO [ExpirationReaper-0-RemoteFetch]: Shutting down (kafka.server.DelayedOperationPurgatory$ExpiredOperationReaper:90)
[2026-03-04 15:48:15,956] INFO [ExpirationReaper-0-RemoteFetch]: Stopped (kafka.server.DelayedOperationPurgatory$ExpiredOperationReaper:147)
[2026-03-04 15:48:15,956] INFO [ExpirationReaper-0-RemoteFetch]: Shutdown completed (kafka.server.DelayedOperationPurgatory$ExpiredOperationReaper:109)
[2026-03-04 15:48:15,956] INFO [ExpirationReaper-0-Produce]: Shutting down (kafka.server.DelayedOperationPurgatory$ExpiredOperationReaper:90)
[2026-03-04 15:48:15,956] INFO [ExpirationReaper-0-Produce]: Stopped (kafka.server.DelayedOperationPurgatory$ExpiredOperationReaper:147)
[2026-03-04 15:48:15,956] INFO [ExpirationReaper-0-Produce]: Shutdown completed (kafka.server.DelayedOperationPurgatory$ExpiredOperationReaper:109)
[2026-03-04 15:48:15,956] INFO [ExpirationReaper-0-DeleteRecords]: Shutting down (kafka.server.DelayedOperationPurgatory$ExpiredOperationReaper:90)
[2026-03-04 15:48:15,956] INFO [ExpirationReaper-0-DeleteRecords]: Shutdown completed (kafka.server.DelayedOperationPurgatory$ExpiredOperationReaper:109)
[2026-03-04 15:48:15,956] INFO [ExpirationReaper-0-DeleteRecords]: Stopped (kafka.server.DelayedOperationPurgatory$ExpiredOperationReaper:147)
[2026-03-04 15:48:15,956] INFO [ExpirationReaper-0-ElectLeader]: Shutting down (kafka.server.DelayedOperationPurgatory$ExpiredOperationReaper:90)
[2026-03-04 15:48:15,956] INFO [ExpirationReaper-0-ElectLeader]: Shutdown completed (kafka.server.DelayedOperationPurgatory$ExpiredOperationReaper:109)
[2026-03-04 15:48:15,956] INFO [ExpirationReaper-0-ElectLeader]: Stopped (kafka.server.DelayedOperationPurgatory$ExpiredOperationReaper:147)
[2026-03-04 15:48:15,957] INFO [AddPartitionsToTxnSenderThread-0]: Shutting down (kafka.server.AddPartitionsToTxnManager:90)
[2026-03-04 15:48:15,957] INFO [AddPartitionsToTxnSenderThread-0]: Stopped (kafka.server.AddPartitionsToTxnManager:147)
[2026-03-04 15:48:15,957] INFO [AddPartitionsToTxnSenderThread-0]: Shutdown completed (kafka.server.AddPartitionsToTxnManager:109)
[2026-03-04 15:48:15,958] INFO [ReplicaManager broker=0] Shut down completely (kafka.server.ReplicaManager:66)
[2026-03-04 15:48:15,958] INFO [zk-broker-0-to-controller-alter-partition-channel-manager]: Shutting down (kafka.server.NodeToControllerRequestThread:90)
[2026-03-04 15:48:15,958] INFO [zk-broker-0-to-controller-alter-partition-channel-manager]: Stopped (kafka.server.NodeToControllerRequestThread:147)
[2026-03-04 15:48:15,958] INFO [zk-broker-0-to-controller-alter-partition-channel-manager]: Shutdown completed (kafka.server.NodeToControllerRequestThread:109)
[2026-03-04 15:48:15,958] INFO Node to controller channel manager for alter-partition shutdown (kafka.server.NodeToControllerChannelManagerImpl:66)
[2026-03-04 15:48:15,958] INFO [zk-broker-0-to-controller-forwarding-channel-manager]: Shutting down (kafka.server.NodeToControllerRequestThread:90)
[2026-03-04 15:48:15,958] INFO [zk-broker-0-to-controller-forwarding-channel-manager]: Stopped (kafka.server.NodeToControllerRequestThread:147)
[2026-03-04 15:48:15,958] INFO [zk-broker-0-to-controller-forwarding-channel-manager]: Shutdown completed (kafka.server.NodeToControllerRequestThread:109)
[2026-03-04 15:48:15,958] INFO Node to controller channel manager for forwarding shutdown (kafka.server.NodeToControllerChannelManagerImpl:66)
[2026-03-04 15:48:15,958] INFO Shutting down. (kafka.log.LogManager:66)
[2026-03-04 15:48:15,958] INFO Shutting down the log cleaner. (kafka.log.LogCleaner:66)
[2026-03-04 15:48:15,958] INFO [kafka-log-cleaner-thread-0]: Shutting down (kafka.log.LogCleaner$CleanerThread:90)
[2026-03-04 15:48:15,958] INFO [kafka-log-cleaner-thread-0]: Stopped (kafka.log.LogCleaner$CleanerThread:147)
[2026-03-04 15:48:15,958] INFO [kafka-log-cleaner-thread-0]: Shutdown completed (kafka.log.LogCleaner$CleanerThread:109)
[2026-03-04 15:48:15,961] INFO [ProducerStateManager partition=connect-status-topic-kcbq-connect-cluster-1] Wrote producer snapshot at offset 1 with 0 producer ids in 0 ms. (org.apache.kafka.storage.internals.log.ProducerStateManager:470)
[2026-03-04 15:48:15,963] INFO [ProducerStateManager partition=test-upsert-delete-sr-0] Wrote producer snapshot at offset 8 with 1 producer ids in 0 ms. (org.apache.kafka.storage.internals.log.ProducerStateManager:470)
[2026-03-04 15:48:15,963] INFO [ProducerStateManager partition=__consumer_offsets-42] Wrote producer snapshot at offset 4 with 0 producer ids in 0 ms. (org.apache.kafka.storage.internals.log.ProducerStateManager:470)
[2026-03-04 15:48:15,963] INFO [ProducerStateManager partition=__consumer_offsets-29] Wrote producer snapshot at offset 1 with 0 producer ids in 0 ms. (org.apache.kafka.storage.internals.log.ProducerStateManager:470)
[2026-03-04 15:48:15,963] INFO [ProducerStateManager partition=__consumer_offsets-21] Wrote producer snapshot at offset 2 with 0 producer ids in 0 ms. (org.apache.kafka.storage.internals.log.ProducerStateManager:470)
[2026-03-04 15:48:15,964] INFO [ProducerStateManager partition=connect-status-topic-kcbq-connect-cluster-0] Wrote producer snapshot at offset 2 with 0 producer ids in 0 ms. (org.apache.kafka.storage.internals.log.ProducerStateManager:470)
[2026-03-04 15:48:15,964] INFO [ProducerStateManager partition=_schemas-0] Wrote producer snapshot at offset 4 with 1 producer ids in 0 ms. (org.apache.kafka.storage.internals.log.ProducerStateManager:470)
[2026-03-04 15:48:15,965] INFO [ProducerStateManager partition=connect-config-topic-kcbq-connect-cluster-0] Wrote producer snapshot at offset 4 with 0 producer ids in 0 ms. (org.apache.kafka.storage.internals.log.ProducerStateManager:470)
[2026-03-04 15:48:15,965] INFO [ProducerStateManager partition=connect-status-topic-kcbq-connect-cluster-3] Wrote producer snapshot at offset 2 with 0 producer ids in 0 ms. (org.apache.kafka.storage.internals.log.ProducerStateManager:470)
[2026-03-04 15:48:15,968] INFO Shutdown complete. (kafka.log.LogManager:66)
[2026-03-04 15:48:15,968] INFO [ControllerEventThread controllerId=0] Shutting down (kafka.controller.ControllerEventManager$ControllerEventThread:90)
[2026-03-04 15:48:15,968] INFO [ControllerEventThread controllerId=0] Stopped (kafka.controller.ControllerEventManager$ControllerEventThread:147)
[2026-03-04 15:48:15,968] INFO [ControllerEventThread controllerId=0] Shutdown completed (kafka.controller.ControllerEventManager$ControllerEventThread:109)
[2026-03-04 15:48:15,968] INFO [PartitionStateMachine controllerId=0] Stopped partition state machine (kafka.controller.ZkPartitionStateMachine:66)
[2026-03-04 15:48:15,968] INFO [ReplicaStateMachine controllerId=0] Stopped replica state machine (kafka.controller.ZkReplicaStateMachine:66)
[2026-03-04 15:48:15,969] INFO [RequestSendThread controllerId=0] Shutting down (kafka.controller.RequestSendThread:90)
[2026-03-04 15:48:15,969] INFO [RequestSendThread controllerId=0] Stopped (kafka.controller.RequestSendThread:147)
[2026-03-04 15:48:15,969] INFO [RequestSendThread controllerId=0] Shutdown completed (kafka.controller.RequestSendThread:109)
[2026-03-04 15:48:15,969] INFO [Controller id=0] Resigned (kafka.controller.KafkaController:66)
[2026-03-04 15:48:15,969] INFO [feature-zk-node-event-process-thread]: Shutting down (kafka.server.FinalizedFeatureChangeListener$ChangeNotificationProcessorThread:90)
[2026-03-04 15:48:15,969] INFO [feature-zk-node-event-process-thread]: Stopped (kafka.server.FinalizedFeatureChangeListener$ChangeNotificationProcessorThread:147)
[2026-03-04 15:48:15,969] INFO [feature-zk-node-event-process-thread]: Shutdown completed (kafka.server.FinalizedFeatureChangeListener$ChangeNotificationProcessorThread:109)
[2026-03-04 15:48:15,969] INFO [ZooKeeperClient Kafka server] Closing. (kafka.zookeeper.ZooKeeperClient:66)
[2026-03-04 15:48:16,052] INFO [Consumer clientId=KafkaStore-reader-_schemas, groupId=schema-registry-hinata-waifu-37801] Node 0 disconnected. (org.apache.kafka.clients.NetworkClient:1017)
[2026-03-04 15:48:16,052] WARN [Consumer clientId=KafkaStore-reader-_schemas, groupId=schema-registry-hinata-waifu-37801] Connection to node 0 (localhost/127.0.0.1:35583) could not be established. Node may not be available. (org.apache.kafka.clients.NetworkClient:849)
[2026-03-04 15:48:16,057] INFO [Producer clientId=producer-2] Node 0 disconnected. (org.apache.kafka.clients.NetworkClient:1017)
[2026-03-04 15:48:16,057] WARN [Producer clientId=producer-2] Connection to node 0 (localhost/127.0.0.1:35583) could not be established. Node may not be available. (org.apache.kafka.clients.NetworkClient:849)
[2026-03-04 15:48:16,061] INFO [Schema registry clientId=sr-1, groupId=schema-registry] Node 0 disconnected. (org.apache.kafka.clients.NetworkClient:1017)
[2026-03-04 15:48:16,061] WARN [Schema registry clientId=sr-1, groupId=schema-registry] Connection to node 0 (localhost/127.0.0.1:35583) could not be established. Node may not be available. (org.apache.kafka.clients.NetworkClient:849)
[2026-03-04 15:48:16,071] INFO [ZooKeeperClient Kafka server] Closed. (kafka.zookeeper.ZooKeeperClient:66)
[2026-03-04 15:48:16,071] INFO [ThrottledChannelReaper-Fetch]: Shutting down (kafka.server.ClientQuotaManager$ThrottledChannelReaper:90)
[2026-03-04 15:48:16,072] INFO [ThrottledChannelReaper-Fetch]: Stopped (kafka.server.ClientQuotaManager$ThrottledChannelReaper:147)
[2026-03-04 15:48:16,072] INFO [ThrottledChannelReaper-Fetch]: Shutdown completed (kafka.server.ClientQuotaManager$ThrottledChannelReaper:109)
[2026-03-04 15:48:16,072] INFO [ThrottledChannelReaper-Produce]: Shutting down (kafka.server.ClientQuotaManager$ThrottledChannelReaper:90)
[2026-03-04 15:48:16,072] INFO [ThrottledChannelReaper-Produce]: Stopped (kafka.server.ClientQuotaManager$ThrottledChannelReaper:147)
[2026-03-04 15:48:16,072] INFO [ThrottledChannelReaper-Produce]: Shutdown completed (kafka.server.ClientQuotaManager$ThrottledChannelReaper:109)
[2026-03-04 15:48:16,072] INFO [ThrottledChannelReaper-Request]: Shutting down (kafka.server.ClientQuotaManager$ThrottledChannelReaper:90)
[2026-03-04 15:48:16,072] INFO [ThrottledChannelReaper-Request]: Stopped (kafka.server.ClientQuotaManager$ThrottledChannelReaper:147)
[2026-03-04 15:48:16,072] INFO [ThrottledChannelReaper-Request]: Shutdown completed (kafka.server.ClientQuotaManager$ThrottledChannelReaper:109)
[2026-03-04 15:48:16,072] INFO [ThrottledChannelReaper-ControllerMutation]: Shutting down (kafka.server.ClientQuotaManager$ThrottledChannelReaper:90)
[2026-03-04 15:48:16,072] INFO [ThrottledChannelReaper-ControllerMutation]: Stopped (kafka.server.ClientQuotaManager$ThrottledChannelReaper:147)
[2026-03-04 15:48:16,072] INFO [ThrottledChannelReaper-ControllerMutation]: Shutdown completed (kafka.server.ClientQuotaManager$ThrottledChannelReaper:109)
[2026-03-04 15:48:16,072] INFO [SocketServer listenerType=ZK_BROKER, nodeId=0] Shutting down socket server (kafka.network.SocketServer:66)
[2026-03-04 15:48:16,075] INFO [SocketServer listenerType=ZK_BROKER, nodeId=0] Shutdown completed (kafka.network.SocketServer:66)
[2026-03-04 15:48:16,076] INFO Metrics scheduler closed (org.apache.kafka.common.metrics.Metrics:684)
[2026-03-04 15:48:16,076] INFO Closing reporter org.apache.kafka.common.metrics.JmxReporter (org.apache.kafka.common.metrics.Metrics:688)
[2026-03-04 15:48:16,076] INFO Metrics reporters closed (org.apache.kafka.common.metrics.Metrics:694)
[2026-03-04 15:48:16,076] INFO Broker and topic stats closed (kafka.server.BrokerTopicStats:66)
[2026-03-04 15:48:16,076] INFO App info kafka.server for 0 unregistered (org.apache.kafka.common.utils.AppInfoParser:88)
[2026-03-04 15:48:16,076] INFO [KafkaServer id=0] shut down completed (kafka.server.KafkaServer:66)
[2026-03-04 15:48:16,076] INFO Cleaning up kafka log dirs at Buffer(/tmp/EmbeddedKafkaCluster11084523262086392090) (org.apache.kafka.connect.util.clusters.EmbeddedKafkaCluster:231)
[2026-03-04 15:48:16,081] INFO Stopped NetworkTrafficServerConnector@2659225a{HTTP/1.1, (http/1.1, h2c)}{0.0.0.0:37801} (org.eclipse.jetty.server.AbstractConnector:383)
[2026-03-04 15:48:16,081] INFO node0 Stopped scavenging (org.eclipse.jetty.server.session:149)
[2026-03-04 15:48:16,081] INFO Stopped o.e.j.s.ServletContextHandler@38dd3252{/ws,null,STOPPED} (org.eclipse.jetty.server.handler.ContextHandler:1159)
[2026-03-04 15:48:16,082] INFO Stopped o.e.j.s.ServletContextHandler@7da324d0{/,null,STOPPED} (org.eclipse.jetty.server.handler.ContextHandler:1159)
[2026-03-04 15:48:16,082] INFO Metrics scheduler closed (org.apache.kafka.common.metrics.Metrics:684)
[2026-03-04 15:48:16,082] INFO Closing reporter org.apache.kafka.common.metrics.JmxReporter (org.apache.kafka.common.metrics.Metrics:688)
[2026-03-04 15:48:16,082] INFO Metrics reporters closed (org.apache.kafka.common.metrics.Metrics:694)
[2026-03-04 15:48:16,082] INFO Shutting down schema registry (io.confluent.kafka.schemaregistry.storage.KafkaSchemaRegistry:2226)
[2026-03-04 15:48:16,082] INFO Stopping the schema registry group member. (io.confluent.kafka.schemaregistry.leaderelector.kafka.KafkaGroupLeaderElector:303)
[2026-03-04 15:48:16,082] INFO [Schema registry clientId=sr-1, groupId=schema-registry] Resetting generation and member id due to: consumer pro-actively leaving the group (io.confluent.kafka.schemaregistry.leaderelector.kafka.SchemaRegistryCoordinator:1055)
[2026-03-04 15:48:16,082] INFO [Schema registry clientId=sr-1, groupId=schema-registry] Request joining group due to: consumer pro-actively leaving the group (io.confluent.kafka.schemaregistry.leaderelector.kafka.SchemaRegistryCoordinator:1102)
[2026-03-04 15:48:16,082] INFO Metrics scheduler closed (org.apache.kafka.common.metrics.Metrics:684)
[2026-03-04 15:48:16,082] INFO Closing reporter org.apache.kafka.common.metrics.JmxReporter (org.apache.kafka.common.metrics.Metrics:688)
[2026-03-04 15:48:16,082] INFO Metrics reporters closed (org.apache.kafka.common.metrics.Metrics:694)
[2026-03-04 15:48:16,083] INFO App info kafka.schema.registry for sr-1 unregistered (org.apache.kafka.common.utils.AppInfoParser:88)
[2026-03-04 15:48:16,083] INFO The schema registry group member has stopped. (io.confluent.kafka.schemaregistry.leaderelector.kafka.KafkaGroupLeaderElector:337)
[2026-03-04 15:48:16,083] INFO [kafka-store-reader-thread-_schemas]: Shutting down (io.confluent.kafka.schemaregistry.storage.KafkaStoreReaderThread:80)
[2026-03-04 15:48:16,083] INFO [kafka-store-reader-thread-_schemas]: Stopped (io.confluent.kafka.schemaregistry.storage.KafkaStoreReaderThread:144)
[2026-03-04 15:48:16,083] INFO [kafka-store-reader-thread-_schemas]: Shutdown completed (io.confluent.kafka.schemaregistry.storage.KafkaStoreReaderThread:102)
[2026-03-04 15:48:16,083] INFO [Consumer clientId=KafkaStore-reader-_schemas, groupId=schema-registry-hinata-waifu-37801] Resetting generation and member id due to: consumer pro-actively leaving the group (org.apache.kafka.clients.consumer.internals.ConsumerCoordinator:1055)
[2026-03-04 15:48:16,083] INFO [Consumer clientId=KafkaStore-reader-_schemas, groupId=schema-registry-hinata-waifu-37801] Request joining group due to: consumer pro-actively leaving the group (org.apache.kafka.clients.consumer.internals.ConsumerCoordinator:1102)
[2026-03-04 15:48:16,083] INFO Metrics scheduler closed (org.apache.kafka.common.metrics.Metrics:684)
[2026-03-04 15:48:16,083] INFO Closing reporter org.apache.kafka.common.metrics.JmxReporter (org.apache.kafka.common.metrics.Metrics:688)
[2026-03-04 15:48:16,083] INFO Closing reporter org.apache.kafka.common.telemetry.internals.ClientTelemetryReporter (org.apache.kafka.common.metrics.Metrics:688)
[2026-03-04 15:48:16,083] INFO Metrics reporters closed (org.apache.kafka.common.metrics.Metrics:694)
[2026-03-04 15:48:16,083] INFO App info kafka.consumer for KafkaStore-reader-_schemas unregistered (org.apache.kafka.common.utils.AppInfoParser:88)
[2026-03-04 15:48:16,083] INFO KafkaStoreReaderThread shutdown complete. (io.confluent.kafka.schemaregistry.storage.KafkaStoreReaderThread:337)
[2026-03-04 15:48:16,083] INFO [Producer clientId=producer-2] Closing the Kafka producer with timeoutMillis = 9223372036854775807 ms. (org.apache.kafka.clients.producer.KafkaProducer:1373)
[2026-03-04 15:48:16,084] INFO Metrics scheduler closed (org.apache.kafka.common.metrics.Metrics:684)
[2026-03-04 15:48:16,084] INFO Closing reporter org.apache.kafka.common.metrics.JmxReporter (org.apache.kafka.common.metrics.Metrics:688)
[2026-03-04 15:48:16,084] INFO Closing reporter org.apache.kafka.common.telemetry.internals.ClientTelemetryReporter (org.apache.kafka.common.metrics.Metrics:688)
[2026-03-04 15:48:16,084] INFO Metrics reporters closed (org.apache.kafka.common.metrics.Metrics:694)
[2026-03-04 15:48:16,084] INFO App info kafka.producer for producer-2 unregistered (org.apache.kafka.common.utils.AppInfoParser:88)
[2026-03-04 15:48:16,084] INFO Kafka store producer shut down (io.confluent.kafka.schemaregistry.storage.KafkaStore:431)
[2026-03-04 15:48:16,084] INFO Kafka store shut down complete (io.confluent.kafka.schemaregistry.storage.KafkaStore:437)
[2026-03-04 15:48:16,084] INFO Shutting down MetadataEncoderService (io.confluent.kafka.schemaregistry.storage.encoder.MetadataEncoderService:387)
[2026-03-04 15:48:16,084] INFO Finished test testUpsertDelete() (com.wepay.kafka.connect.bigquery.integration.utils.TestCaseLogger:42)
[2026-03-04 15:48:16,088] INFO Starting test testDelete() (com.wepay.kafka.connect.bigquery.integration.utils.TestCaseLogger:37)
[2026-03-04 15:48:16,090] INFO KafkaConfig values: 
	advertised.listeners = null
	alter.config.policy.class.name = null
	alter.log.dirs.replication.quota.window.num = 11
	alter.log.dirs.replication.quota.window.size.seconds = 1
	authorizer.class.name = 
	auto.create.topics.enable = false
	auto.include.jmx.reporter = true
	auto.leader.rebalance.enable = true
	background.threads = 10
	broker.heartbeat.interval.ms = 2000
	broker.id = 0
	broker.id.generation.enable = true
	broker.rack = null
	broker.session.timeout.ms = 9000
	client.quota.callback.class = null
	compression.gzip.level = -1
	compression.lz4.level = 9
	compression.type = producer
	compression.zstd.level = 3
	connection.failed.authentication.delay.ms = 100
	connections.max.idle.ms = 600000
	connections.max.reauth.ms = 0
	control.plane.listener.name = null
	controlled.shutdown.enable = true
	controlled.shutdown.max.retries = 3
	controlled.shutdown.retry.backoff.ms = 5000
	controller.listener.names = null
	controller.quorum.append.linger.ms = 25
	controller.quorum.bootstrap.servers = []
	controller.quorum.election.backoff.max.ms = 1000
	controller.quorum.election.timeout.ms = 1000
	controller.quorum.fetch.timeout.ms = 2000
	controller.quorum.request.timeout.ms = 2000
	controller.quorum.retry.backoff.ms = 20
	controller.quorum.voters = []
	controller.quota.window.num = 11
	controller.quota.window.size.seconds = 1
	controller.socket.timeout.ms = 30000
	create.topic.policy.class.name = null
	default.replication.factor = 1
	delegation.token.expiry.check.interval.ms = 3600000
	delegation.token.expiry.time.ms = 86400000
	delegation.token.master.key = null
	delegation.token.max.lifetime.ms = 604800000
	delegation.token.secret.key = null
	delete.records.purgatory.purge.interval.requests = 1
	delete.topic.enable = true
	early.start.listeners = null
	eligible.leader.replicas.enable = false
	fetch.max.bytes = 57671680
	fetch.purgatory.purge.interval.requests = 1000
	group.consumer.assignors = [org.apache.kafka.coordinator.group.assignor.UniformAssignor, org.apache.kafka.coordinator.group.assignor.RangeAssignor]
	group.consumer.heartbeat.interval.ms = 5000
	group.consumer.max.heartbeat.interval.ms = 15000
	group.consumer.max.session.timeout.ms = 60000
	group.consumer.max.size = 2147483647
	group.consumer.migration.policy = disabled
	group.consumer.min.heartbeat.interval.ms = 5000
	group.consumer.min.session.timeout.ms = 45000
	group.consumer.session.timeout.ms = 45000
	group.coordinator.append.linger.ms = 10
	group.coordinator.new.enable = false
	group.coordinator.rebalance.protocols = [classic]
	group.coordinator.threads = 1
	group.initial.rebalance.delay.ms = 0
	group.max.session.timeout.ms = 1800000
	group.max.size = 2147483647
	group.min.session.timeout.ms = 6000
	initial.broker.registration.timeout.ms = 60000
	inter.broker.listener.name = null
	inter.broker.protocol.version = 3.8-IV0
	kafka.metrics.polling.interval.secs = 10
	kafka.metrics.reporters = []
	leader.imbalance.check.interval.seconds = 300
	leader.imbalance.per.broker.percentage = 10
	listener.security.protocol.map = SASL_SSL:SASL_SSL,PLAINTEXT:PLAINTEXT,SSL:SSL,SASL_PLAINTEXT:SASL_PLAINTEXT
	listeners = PLAINTEXT://localhost:0
	log.cleaner.backoff.ms = 15000
	log.cleaner.dedupe.buffer.size = 2097152
	log.cleaner.delete.retention.ms = 86400000
	log.cleaner.enable = true
	log.cleaner.io.buffer.load.factor = 0.9
	log.cleaner.io.buffer.size = 524288
	log.cleaner.io.max.bytes.per.second = 1.7976931348623157E308
	log.cleaner.max.compaction.lag.ms = 9223372036854775807
	log.cleaner.min.cleanable.ratio = 0.5
	log.cleaner.min.compaction.lag.ms = 0
	log.cleaner.threads = 1
	log.cleanup.policy = [delete]
	log.dir = /tmp/EmbeddedKafkaCluster2815493917284875739
	log.dir.failure.timeout.ms = 30000
	log.dirs = null
	log.flush.interval.messages = 9223372036854775807
	log.flush.interval.ms = null
	log.flush.offset.checkpoint.interval.ms = 60000
	log.flush.scheduler.interval.ms = 9223372036854775807
	log.flush.start.offset.checkpoint.interval.ms = 60000
	log.index.interval.bytes = 4096
	log.index.size.max.bytes = 10485760
	log.initial.task.delay.ms = 30000
	log.local.retention.bytes = -2
	log.local.retention.ms = -2
	log.message.downconversion.enable = true
	log.message.format.version = 3.0-IV1
	log.message.timestamp.after.max.ms = 9223372036854775807
	log.message.timestamp.before.max.ms = 9223372036854775807
	log.message.timestamp.difference.max.ms = 9223372036854775807
	log.message.timestamp.type = CreateTime
	log.preallocate = false
	log.retention.bytes = -1
	log.retention.check.interval.ms = 300000
	log.retention.hours = 168
	log.retention.minutes = null
	log.retention.ms = null
	log.roll.hours = 168
	log.roll.jitter.hours = 0
	log.roll.jitter.ms = null
	log.roll.ms = null
	log.segment.bytes = 1073741824
	log.segment.delete.delay.ms = 60000
	max.connection.creation.rate = 2147483647
	max.connections = 2147483647
	max.connections.per.ip = 2147483647
	max.connections.per.ip.overrides = 
	max.incremental.fetch.session.cache.slots = 1000
	max.request.partition.size.limit = 2000
	message.max.bytes = 10485760
	metadata.log.dir = null
	metadata.log.max.record.bytes.between.snapshots = 20971520
	metadata.log.max.snapshot.interval.ms = 3600000
	metadata.log.segment.bytes = 1073741824
	metadata.log.segment.min.bytes = 8388608
	metadata.log.segment.ms = 604800000
	metadata.max.idle.interval.ms = 500
	metadata.max.retention.bytes = 104857600
	metadata.max.retention.ms = 604800000
	metric.reporters = []
	metrics.num.samples = 2
	metrics.recording.level = INFO
	metrics.sample.window.ms = 30000
	min.insync.replicas = 1
	node.id = 0
	num.io.threads = 8
	num.network.threads = 3
	num.partitions = 1
	num.recovery.threads.per.data.dir = 1
	num.replica.alter.log.dirs.threads = null
	num.replica.fetchers = 1
	offset.metadata.max.bytes = 4096
	offsets.commit.required.acks = -1
	offsets.commit.timeout.ms = 5000
	offsets.load.buffer.size = 5242880
	offsets.retention.check.interval.ms = 600000
	offsets.retention.minutes = 10080
	offsets.topic.compression.codec = 0
	offsets.topic.num.partitions = 50
	offsets.topic.replication.factor = 1
	offsets.topic.segment.bytes = 104857600
	password.encoder.cipher.algorithm = AES/CBC/PKCS5Padding
	password.encoder.iterations = 4096
	password.encoder.key.length = 128
	password.encoder.keyfactory.algorithm = null
	password.encoder.old.secret = null
	password.encoder.secret = null
	principal.builder.class = class org.apache.kafka.common.security.authenticator.DefaultKafkaPrincipalBuilder
	process.roles = []
	producer.id.expiration.check.interval.ms = 600000
	producer.id.expiration.ms = 86400000
	producer.purgatory.purge.interval.requests = 1000
	queued.max.request.bytes = -1
	queued.max.requests = 500
	quota.window.num = 11
	quota.window.size.seconds = 1
	remote.fetch.max.wait.ms = 500
	remote.log.index.file.cache.total.size.bytes = 1073741824
	remote.log.manager.copier.thread.pool.size = 10
	remote.log.manager.copy.max.bytes.per.second = 9223372036854775807
	remote.log.manager.copy.quota.window.num = 11
	remote.log.manager.copy.quota.window.size.seconds = 1
	remote.log.manager.expiration.thread.pool.size = 10
	remote.log.manager.fetch.max.bytes.per.second = 9223372036854775807
	remote.log.manager.fetch.quota.window.num = 11
	remote.log.manager.fetch.quota.window.size.seconds = 1
	remote.log.manager.task.interval.ms = 30000
	remote.log.manager.task.retry.backoff.max.ms = 30000
	remote.log.manager.task.retry.backoff.ms = 500
	remote.log.manager.task.retry.jitter = 0.2
	remote.log.manager.thread.pool.size = 10
	remote.log.metadata.custom.metadata.max.bytes = 128
	remote.log.metadata.manager.class.name = org.apache.kafka.server.log.remote.metadata.storage.TopicBasedRemoteLogMetadataManager
	remote.log.metadata.manager.class.path = null
	remote.log.metadata.manager.impl.prefix = rlmm.config.
	remote.log.metadata.manager.listener.name = null
	remote.log.reader.max.pending.tasks = 100
	remote.log.reader.threads = 10
	remote.log.storage.manager.class.name = null
	remote.log.storage.manager.class.path = null
	remote.log.storage.manager.impl.prefix = rsm.config.
	remote.log.storage.system.enable = false
	replica.fetch.backoff.ms = 1000
	replica.fetch.max.bytes = 1048576
	replica.fetch.min.bytes = 1
	replica.fetch.response.max.bytes = 10485760
	replica.fetch.wait.max.ms = 500
	replica.high.watermark.checkpoint.interval.ms = 5000
	replica.lag.time.max.ms = 30000
	replica.selector.class = null
	replica.socket.receive.buffer.bytes = 65536
	replica.socket.timeout.ms = 30000
	replication.quota.window.num = 11
	replication.quota.window.size.seconds = 1
	request.timeout.ms = 30000
	reserved.broker.max.id = 1000
	sasl.client.callback.handler.class = null
	sasl.enabled.mechanisms = [GSSAPI]
	sasl.jaas.config = null
	sasl.kerberos.kinit.cmd = /usr/bin/kinit
	sasl.kerberos.min.time.before.relogin = 60000
	sasl.kerberos.principal.to.local.rules = [DEFAULT]
	sasl.kerberos.service.name = null
	sasl.kerberos.ticket.renew.jitter = 0.05
	sasl.kerberos.ticket.renew.window.factor = 0.8
	sasl.login.callback.handler.class = null
	sasl.login.class = null
	sasl.login.connect.timeout.ms = null
	sasl.login.read.timeout.ms = null
	sasl.login.refresh.buffer.seconds = 300
	sasl.login.refresh.min.period.seconds = 60
	sasl.login.refresh.window.factor = 0.8
	sasl.login.refresh.window.jitter = 0.05
	sasl.login.retry.backoff.max.ms = 10000
	sasl.login.retry.backoff.ms = 100
	sasl.mechanism.controller.protocol = GSSAPI
	sasl.mechanism.inter.broker.protocol = GSSAPI
	sasl.oauthbearer.clock.skew.seconds = 30
	sasl.oauthbearer.expected.audience = null
	sasl.oauthbearer.expected.issuer = null
	sasl.oauthbearer.jwks.endpoint.refresh.ms = 3600000
	sasl.oauthbearer.jwks.endpoint.retry.backoff.max.ms = 10000
	sasl.oauthbearer.jwks.endpoint.retry.backoff.ms = 100
	sasl.oauthbearer.jwks.endpoint.url = null
	sasl.oauthbearer.scope.claim.name = scope
	sasl.oauthbearer.sub.claim.name = sub
	sasl.oauthbearer.token.endpoint.url = null
	sasl.server.callback.handler.class = null
	sasl.server.max.receive.size = 524288
	security.inter.broker.protocol = PLAINTEXT
	security.providers = null
	server.max.startup.time.ms = 9223372036854775807
	socket.connection.setup.timeout.max.ms = 30000
	socket.connection.setup.timeout.ms = 10000
	socket.listen.backlog.size = 50
	socket.receive.buffer.bytes = 102400
	socket.request.max.bytes = 104857600
	socket.send.buffer.bytes = 102400
	ssl.allow.dn.changes = false
	ssl.allow.san.changes = false
	ssl.cipher.suites = []
	ssl.client.auth = none
	ssl.enabled.protocols = [TLSv1.2, TLSv1.3]
	ssl.endpoint.identification.algorithm = https
	ssl.engine.factory.class = null
	ssl.key.password = null
	ssl.keymanager.algorithm = SunX509
	ssl.keystore.certificate.chain = null
	ssl.keystore.key = null
	ssl.keystore.location = null
	ssl.keystore.password = null
	ssl.keystore.type = JKS
	ssl.principal.mapping.rules = DEFAULT
	ssl.protocol = TLSv1.3
	ssl.provider = null
	ssl.secure.random.implementation = null
	ssl.trustmanager.algorithm = PKIX
	ssl.truststore.certificates = null
	ssl.truststore.location = null
	ssl.truststore.password = null
	ssl.truststore.type = JKS
	telemetry.max.bytes = 1048576
	transaction.abort.timed.out.transaction.cleanup.interval.ms = 10000
	transaction.max.timeout.ms = 900000
	transaction.partition.verification.enable = true
	transaction.remove.expired.transaction.cleanup.interval.ms = 3600000
	transaction.state.log.load.buffer.size = 5242880
	transaction.state.log.min.isr = 2
	transaction.state.log.num.partitions = 50
	transaction.state.log.replication.factor = 3
	transaction.state.log.segment.bytes = 104857600
	transactional.id.expiration.ms = 604800000
	unclean.leader.election.enable = false
	unstable.api.versions.enable = false
	unstable.feature.versions.enable = false
	zookeeper.clientCnxnSocket = null
	zookeeper.connect = 127.0.0.1:43233
	zookeeper.connection.timeout.ms = null
	zookeeper.max.in.flight.requests = 10
	zookeeper.metadata.migration.enable = false
	zookeeper.metadata.migration.min.batch.size = 200
	zookeeper.session.timeout.ms = 18000
	zookeeper.set.acl = false
	zookeeper.ssl.cipher.suites = null
	zookeeper.ssl.client.enable = false
	zookeeper.ssl.crl.enable = false
	zookeeper.ssl.enabled.protocols = null
	zookeeper.ssl.endpoint.identification.algorithm = HTTPS
	zookeeper.ssl.keystore.location = null
	zookeeper.ssl.keystore.password = null
	zookeeper.ssl.keystore.type = null
	zookeeper.ssl.ocsp.enable = false
	zookeeper.ssl.protocol = TLSv1.2
	zookeeper.ssl.truststore.location = null
	zookeeper.ssl.truststore.password = null
	zookeeper.ssl.truststore.type = null
 (kafka.server.KafkaConfig:372)
[2026-03-04 15:48:16,090] INFO RemoteLogManagerConfig values: 
	log.local.retention.bytes = -2
	log.local.retention.ms = -2
	remote.fetch.max.wait.ms = 500
	remote.log.index.file.cache.total.size.bytes = 1073741824
	remote.log.manager.copier.thread.pool.size = 10
	remote.log.manager.copy.max.bytes.per.second = 9223372036854775807
	remote.log.manager.copy.quota.window.num = 11
	remote.log.manager.copy.quota.window.size.seconds = 1
	remote.log.manager.expiration.thread.pool.size = 10
	remote.log.manager.fetch.max.bytes.per.second = 9223372036854775807
	remote.log.manager.fetch.quota.window.num = 11
	remote.log.manager.fetch.quota.window.size.seconds = 1
	remote.log.manager.task.interval.ms = 30000
	remote.log.manager.task.retry.backoff.max.ms = 30000
	remote.log.manager.task.retry.backoff.ms = 500
	remote.log.manager.task.retry.jitter = 0.2
	remote.log.manager.thread.pool.size = 10
	remote.log.metadata.custom.metadata.max.bytes = 128
	remote.log.metadata.manager.class.name = org.apache.kafka.server.log.remote.metadata.storage.TopicBasedRemoteLogMetadataManager
	remote.log.metadata.manager.class.path = null
	remote.log.metadata.manager.impl.prefix = rlmm.config.
	remote.log.metadata.manager.listener.name = null
	remote.log.reader.max.pending.tasks = 100
	remote.log.reader.threads = 10
	remote.log.storage.manager.class.name = null
	remote.log.storage.manager.class.path = null
	remote.log.storage.manager.impl.prefix = rsm.config.
	remote.log.storage.system.enable = false
 (org.apache.kafka.server.log.remote.storage.RemoteLogManagerConfig:372)
[2026-03-04 15:48:16,091] INFO starting (kafka.server.KafkaServer:66)
[2026-03-04 15:48:16,091] INFO Connecting to zookeeper on 127.0.0.1:43233 (kafka.server.KafkaServer:66)
[2026-03-04 15:48:16,091] INFO [ZooKeeperClient Kafka server] Initializing a new session to 127.0.0.1:43233. (kafka.zookeeper.ZooKeeperClient:66)
[2026-03-04 15:48:16,091] INFO [ZooKeeperClient Kafka server] Waiting until connected. (kafka.zookeeper.ZooKeeperClient:66)
[2026-03-04 15:48:16,092] INFO [ZooKeeperClient Kafka server] Connected. (kafka.zookeeper.ZooKeeperClient:66)
[2026-03-04 15:48:16,099] INFO Cluster ID = Iw_fbrLTTu62gEU1L876rA (kafka.server.KafkaServer:66)
[2026-03-04 15:48:16,099] INFO RemoteLogManagerConfig values: 
	log.local.retention.bytes = -2
	log.local.retention.ms = -2
	remote.fetch.max.wait.ms = 500
	remote.log.index.file.cache.total.size.bytes = 1073741824
	remote.log.manager.copier.thread.pool.size = 10
	remote.log.manager.copy.max.bytes.per.second = 9223372036854775807
	remote.log.manager.copy.quota.window.num = 11
	remote.log.manager.copy.quota.window.size.seconds = 1
	remote.log.manager.expiration.thread.pool.size = 10
	remote.log.manager.fetch.max.bytes.per.second = 9223372036854775807
	remote.log.manager.fetch.quota.window.num = 11
	remote.log.manager.fetch.quota.window.size.seconds = 1
	remote.log.manager.task.interval.ms = 30000
	remote.log.manager.task.retry.backoff.max.ms = 30000
	remote.log.manager.task.retry.backoff.ms = 500
	remote.log.manager.task.retry.jitter = 0.2
	remote.log.manager.thread.pool.size = 10
	remote.log.metadata.custom.metadata.max.bytes = 128
	remote.log.metadata.manager.class.name = org.apache.kafka.server.log.remote.metadata.storage.TopicBasedRemoteLogMetadataManager
	remote.log.metadata.manager.class.path = null
	remote.log.metadata.manager.impl.prefix = rlmm.config.
	remote.log.metadata.manager.listener.name = null
	remote.log.reader.max.pending.tasks = 100
	remote.log.reader.threads = 10
	remote.log.storage.manager.class.name = null
	remote.log.storage.manager.class.path = null
	remote.log.storage.manager.impl.prefix = rsm.config.
	remote.log.storage.system.enable = false
 (org.apache.kafka.server.log.remote.storage.RemoteLogManagerConfig:372)
[2026-03-04 15:48:16,100] INFO RemoteLogManagerConfig values: 
	log.local.retention.bytes = -2
	log.local.retention.ms = -2
	remote.fetch.max.wait.ms = 500
	remote.log.index.file.cache.total.size.bytes = 1073741824
	remote.log.manager.copier.thread.pool.size = 10
	remote.log.manager.copy.max.bytes.per.second = 9223372036854775807
	remote.log.manager.copy.quota.window.num = 11
	remote.log.manager.copy.quota.window.size.seconds = 1
	remote.log.manager.expiration.thread.pool.size = 10
	remote.log.manager.fetch.max.bytes.per.second = 9223372036854775807
	remote.log.manager.fetch.quota.window.num = 11
	remote.log.manager.fetch.quota.window.size.seconds = 1
	remote.log.manager.task.interval.ms = 30000
	remote.log.manager.task.retry.backoff.max.ms = 30000
	remote.log.manager.task.retry.backoff.ms = 500
	remote.log.manager.task.retry.jitter = 0.2
	remote.log.manager.thread.pool.size = 10
	remote.log.metadata.custom.metadata.max.bytes = 128
	remote.log.metadata.manager.class.name = org.apache.kafka.server.log.remote.metadata.storage.TopicBasedRemoteLogMetadataManager
	remote.log.metadata.manager.class.path = null
	remote.log.metadata.manager.impl.prefix = rlmm.config.
	remote.log.metadata.manager.listener.name = null
	remote.log.reader.max.pending.tasks = 100
	remote.log.reader.threads = 10
	remote.log.storage.manager.class.name = null
	remote.log.storage.manager.class.path = null
	remote.log.storage.manager.impl.prefix = rsm.config.
	remote.log.storage.system.enable = false
 (org.apache.kafka.server.log.remote.storage.RemoteLogManagerConfig:372)
[2026-03-04 15:48:16,101] INFO KafkaConfig values: 
	advertised.listeners = null
	alter.config.policy.class.name = null
	alter.log.dirs.replication.quota.window.num = 11
	alter.log.dirs.replication.quota.window.size.seconds = 1
	authorizer.class.name = 
	auto.create.topics.enable = false
	auto.include.jmx.reporter = true
	auto.leader.rebalance.enable = true
	background.threads = 10
	broker.heartbeat.interval.ms = 2000
	broker.id = 0
	broker.id.generation.enable = true
	broker.rack = null
	broker.session.timeout.ms = 9000
	client.quota.callback.class = null
	compression.gzip.level = -1
	compression.lz4.level = 9
	compression.type = producer
	compression.zstd.level = 3
	connection.failed.authentication.delay.ms = 100
	connections.max.idle.ms = 600000
	connections.max.reauth.ms = 0
	control.plane.listener.name = null
	controlled.shutdown.enable = true
	controlled.shutdown.max.retries = 3
	controlled.shutdown.retry.backoff.ms = 5000
	controller.listener.names = null
	controller.quorum.append.linger.ms = 25
	controller.quorum.bootstrap.servers = []
	controller.quorum.election.backoff.max.ms = 1000
	controller.quorum.election.timeout.ms = 1000
	controller.quorum.fetch.timeout.ms = 2000
	controller.quorum.request.timeout.ms = 2000
	controller.quorum.retry.backoff.ms = 20
	controller.quorum.voters = []
	controller.quota.window.num = 11
	controller.quota.window.size.seconds = 1
	controller.socket.timeout.ms = 30000
	create.topic.policy.class.name = null
	default.replication.factor = 1
	delegation.token.expiry.check.interval.ms = 3600000
	delegation.token.expiry.time.ms = 86400000
	delegation.token.master.key = null
	delegation.token.max.lifetime.ms = 604800000
	delegation.token.secret.key = null
	delete.records.purgatory.purge.interval.requests = 1
	delete.topic.enable = true
	early.start.listeners = null
	eligible.leader.replicas.enable = false
	fetch.max.bytes = 57671680
	fetch.purgatory.purge.interval.requests = 1000
	group.consumer.assignors = [org.apache.kafka.coordinator.group.assignor.UniformAssignor, org.apache.kafka.coordinator.group.assignor.RangeAssignor]
	group.consumer.heartbeat.interval.ms = 5000
	group.consumer.max.heartbeat.interval.ms = 15000
	group.consumer.max.session.timeout.ms = 60000
	group.consumer.max.size = 2147483647
	group.consumer.migration.policy = disabled
	group.consumer.min.heartbeat.interval.ms = 5000
	group.consumer.min.session.timeout.ms = 45000
	group.consumer.session.timeout.ms = 45000
	group.coordinator.append.linger.ms = 10
	group.coordinator.new.enable = false
	group.coordinator.rebalance.protocols = [classic]
	group.coordinator.threads = 1
	group.initial.rebalance.delay.ms = 0
	group.max.session.timeout.ms = 1800000
	group.max.size = 2147483647
	group.min.session.timeout.ms = 6000
	initial.broker.registration.timeout.ms = 60000
	inter.broker.listener.name = null
	inter.broker.protocol.version = 3.8-IV0
	kafka.metrics.polling.interval.secs = 10
	kafka.metrics.reporters = []
	leader.imbalance.check.interval.seconds = 300
	leader.imbalance.per.broker.percentage = 10
	listener.security.protocol.map = SASL_SSL:SASL_SSL,PLAINTEXT:PLAINTEXT,SSL:SSL,SASL_PLAINTEXT:SASL_PLAINTEXT
	listeners = PLAINTEXT://localhost:0
	log.cleaner.backoff.ms = 15000
	log.cleaner.dedupe.buffer.size = 2097152
	log.cleaner.delete.retention.ms = 86400000
	log.cleaner.enable = true
	log.cleaner.io.buffer.load.factor = 0.9
	log.cleaner.io.buffer.size = 524288
	log.cleaner.io.max.bytes.per.second = 1.7976931348623157E308
	log.cleaner.max.compaction.lag.ms = 9223372036854775807
	log.cleaner.min.cleanable.ratio = 0.5
	log.cleaner.min.compaction.lag.ms = 0
	log.cleaner.threads = 1
	log.cleanup.policy = [delete]
	log.dir = /tmp/EmbeddedKafkaCluster2815493917284875739
	log.dir.failure.timeout.ms = 30000
	log.dirs = null
	log.flush.interval.messages = 9223372036854775807
	log.flush.interval.ms = null
	log.flush.offset.checkpoint.interval.ms = 60000
	log.flush.scheduler.interval.ms = 9223372036854775807
	log.flush.start.offset.checkpoint.interval.ms = 60000
	log.index.interval.bytes = 4096
	log.index.size.max.bytes = 10485760
	log.initial.task.delay.ms = 30000
	log.local.retention.bytes = -2
	log.local.retention.ms = -2
	log.message.downconversion.enable = true
	log.message.format.version = 3.0-IV1
	log.message.timestamp.after.max.ms = 9223372036854775807
	log.message.timestamp.before.max.ms = 9223372036854775807
	log.message.timestamp.difference.max.ms = 9223372036854775807
	log.message.timestamp.type = CreateTime
	log.preallocate = false
	log.retention.bytes = -1
	log.retention.check.interval.ms = 300000
	log.retention.hours = 168
	log.retention.minutes = null
	log.retention.ms = null
	log.roll.hours = 168
	log.roll.jitter.hours = 0
	log.roll.jitter.ms = null
	log.roll.ms = null
	log.segment.bytes = 1073741824
	log.segment.delete.delay.ms = 60000
	max.connection.creation.rate = 2147483647
	max.connections = 2147483647
	max.connections.per.ip = 2147483647
	max.connections.per.ip.overrides = 
	max.incremental.fetch.session.cache.slots = 1000
	max.request.partition.size.limit = 2000
	message.max.bytes = 10485760
	metadata.log.dir = null
	metadata.log.max.record.bytes.between.snapshots = 20971520
	metadata.log.max.snapshot.interval.ms = 3600000
	metadata.log.segment.bytes = 1073741824
	metadata.log.segment.min.bytes = 8388608
	metadata.log.segment.ms = 604800000
	metadata.max.idle.interval.ms = 500
	metadata.max.retention.bytes = 104857600
	metadata.max.retention.ms = 604800000
	metric.reporters = []
	metrics.num.samples = 2
	metrics.recording.level = INFO
	metrics.sample.window.ms = 30000
	min.insync.replicas = 1
	node.id = 0
	num.io.threads = 8
	num.network.threads = 3
	num.partitions = 1
	num.recovery.threads.per.data.dir = 1
	num.replica.alter.log.dirs.threads = null
	num.replica.fetchers = 1
	offset.metadata.max.bytes = 4096
	offsets.commit.required.acks = -1
	offsets.commit.timeout.ms = 5000
	offsets.load.buffer.size = 5242880
	offsets.retention.check.interval.ms = 600000
	offsets.retention.minutes = 10080
	offsets.topic.compression.codec = 0
	offsets.topic.num.partitions = 50
	offsets.topic.replication.factor = 1
	offsets.topic.segment.bytes = 104857600
	password.encoder.cipher.algorithm = AES/CBC/PKCS5Padding
	password.encoder.iterations = 4096
	password.encoder.key.length = 128
	password.encoder.keyfactory.algorithm = null
	password.encoder.old.secret = null
	password.encoder.secret = null
	principal.builder.class = class org.apache.kafka.common.security.authenticator.DefaultKafkaPrincipalBuilder
	process.roles = []
	producer.id.expiration.check.interval.ms = 600000
	producer.id.expiration.ms = 86400000
	producer.purgatory.purge.interval.requests = 1000
	queued.max.request.bytes = -1
	queued.max.requests = 500
	quota.window.num = 11
	quota.window.size.seconds = 1
	remote.fetch.max.wait.ms = 500
	remote.log.index.file.cache.total.size.bytes = 1073741824
	remote.log.manager.copier.thread.pool.size = 10
	remote.log.manager.copy.max.bytes.per.second = 9223372036854775807
	remote.log.manager.copy.quota.window.num = 11
	remote.log.manager.copy.quota.window.size.seconds = 1
	remote.log.manager.expiration.thread.pool.size = 10
	remote.log.manager.fetch.max.bytes.per.second = 9223372036854775807
	remote.log.manager.fetch.quota.window.num = 11
	remote.log.manager.fetch.quota.window.size.seconds = 1
	remote.log.manager.task.interval.ms = 30000
	remote.log.manager.task.retry.backoff.max.ms = 30000
	remote.log.manager.task.retry.backoff.ms = 500
	remote.log.manager.task.retry.jitter = 0.2
	remote.log.manager.thread.pool.size = 10
	remote.log.metadata.custom.metadata.max.bytes = 128
	remote.log.metadata.manager.class.name = org.apache.kafka.server.log.remote.metadata.storage.TopicBasedRemoteLogMetadataManager
	remote.log.metadata.manager.class.path = null
	remote.log.metadata.manager.impl.prefix = rlmm.config.
	remote.log.metadata.manager.listener.name = null
	remote.log.reader.max.pending.tasks = 100
	remote.log.reader.threads = 10
	remote.log.storage.manager.class.name = null
	remote.log.storage.manager.class.path = null
	remote.log.storage.manager.impl.prefix = rsm.config.
	remote.log.storage.system.enable = false
	replica.fetch.backoff.ms = 1000
	replica.fetch.max.bytes = 1048576
	replica.fetch.min.bytes = 1
	replica.fetch.response.max.bytes = 10485760
	replica.fetch.wait.max.ms = 500
	replica.high.watermark.checkpoint.interval.ms = 5000
	replica.lag.time.max.ms = 30000
	replica.selector.class = null
	replica.socket.receive.buffer.bytes = 65536
	replica.socket.timeout.ms = 30000
	replication.quota.window.num = 11
	replication.quota.window.size.seconds = 1
	request.timeout.ms = 30000
	reserved.broker.max.id = 1000
	sasl.client.callback.handler.class = null
	sasl.enabled.mechanisms = [GSSAPI]
	sasl.jaas.config = null
	sasl.kerberos.kinit.cmd = /usr/bin/kinit
	sasl.kerberos.min.time.before.relogin = 60000
	sasl.kerberos.principal.to.local.rules = [DEFAULT]
	sasl.kerberos.service.name = null
	sasl.kerberos.ticket.renew.jitter = 0.05
	sasl.kerberos.ticket.renew.window.factor = 0.8
	sasl.login.callback.handler.class = null
	sasl.login.class = null
	sasl.login.connect.timeout.ms = null
	sasl.login.read.timeout.ms = null
	sasl.login.refresh.buffer.seconds = 300
	sasl.login.refresh.min.period.seconds = 60
	sasl.login.refresh.window.factor = 0.8
	sasl.login.refresh.window.jitter = 0.05
	sasl.login.retry.backoff.max.ms = 10000
	sasl.login.retry.backoff.ms = 100
	sasl.mechanism.controller.protocol = GSSAPI
	sasl.mechanism.inter.broker.protocol = GSSAPI
	sasl.oauthbearer.clock.skew.seconds = 30
	sasl.oauthbearer.expected.audience = null
	sasl.oauthbearer.expected.issuer = null
	sasl.oauthbearer.jwks.endpoint.refresh.ms = 3600000
	sasl.oauthbearer.jwks.endpoint.retry.backoff.max.ms = 10000
	sasl.oauthbearer.jwks.endpoint.retry.backoff.ms = 100
	sasl.oauthbearer.jwks.endpoint.url = null
	sasl.oauthbearer.scope.claim.name = scope
	sasl.oauthbearer.sub.claim.name = sub
	sasl.oauthbearer.token.endpoint.url = null
	sasl.server.callback.handler.class = null
	sasl.server.max.receive.size = 524288
	security.inter.broker.protocol = PLAINTEXT
	security.providers = null
	server.max.startup.time.ms = 9223372036854775807
	socket.connection.setup.timeout.max.ms = 30000
	socket.connection.setup.timeout.ms = 10000
	socket.listen.backlog.size = 50
	socket.receive.buffer.bytes = 102400
	socket.request.max.bytes = 104857600
	socket.send.buffer.bytes = 102400
	ssl.allow.dn.changes = false
	ssl.allow.san.changes = false
	ssl.cipher.suites = []
	ssl.client.auth = none
	ssl.enabled.protocols = [TLSv1.2, TLSv1.3]
	ssl.endpoint.identification.algorithm = https
	ssl.engine.factory.class = null
	ssl.key.password = null
	ssl.keymanager.algorithm = SunX509
	ssl.keystore.certificate.chain = null
	ssl.keystore.key = null
	ssl.keystore.location = null
	ssl.keystore.password = null
	ssl.keystore.type = JKS
	ssl.principal.mapping.rules = DEFAULT
	ssl.protocol = TLSv1.3
	ssl.provider = null
	ssl.secure.random.implementation = null
	ssl.trustmanager.algorithm = PKIX
	ssl.truststore.certificates = null
	ssl.truststore.location = null
	ssl.truststore.password = null
	ssl.truststore.type = JKS
	telemetry.max.bytes = 1048576
	transaction.abort.timed.out.transaction.cleanup.interval.ms = 10000
	transaction.max.timeout.ms = 900000
	transaction.partition.verification.enable = true
	transaction.remove.expired.transaction.cleanup.interval.ms = 3600000
	transaction.state.log.load.buffer.size = 5242880
	transaction.state.log.min.isr = 2
	transaction.state.log.num.partitions = 50
	transaction.state.log.replication.factor = 3
	transaction.state.log.segment.bytes = 104857600
	transactional.id.expiration.ms = 604800000
	unclean.leader.election.enable = false
	unstable.api.versions.enable = false
	unstable.feature.versions.enable = false
	zookeeper.clientCnxnSocket = null
	zookeeper.connect = 127.0.0.1:43233
	zookeeper.connection.timeout.ms = null
	zookeeper.max.in.flight.requests = 10
	zookeeper.metadata.migration.enable = false
	zookeeper.metadata.migration.min.batch.size = 200
	zookeeper.session.timeout.ms = 18000
	zookeeper.set.acl = false
	zookeeper.ssl.cipher.suites = null
	zookeeper.ssl.client.enable = false
	zookeeper.ssl.crl.enable = false
	zookeeper.ssl.enabled.protocols = null
	zookeeper.ssl.endpoint.identification.algorithm = HTTPS
	zookeeper.ssl.keystore.location = null
	zookeeper.ssl.keystore.password = null
	zookeeper.ssl.keystore.type = null
	zookeeper.ssl.ocsp.enable = false
	zookeeper.ssl.protocol = TLSv1.2
	zookeeper.ssl.truststore.location = null
	zookeeper.ssl.truststore.password = null
	zookeeper.ssl.truststore.type = null
 (kafka.server.KafkaConfig:372)
[2026-03-04 15:48:16,102] INFO RemoteLogManagerConfig values: 
	log.local.retention.bytes = -2
	log.local.retention.ms = -2
	remote.fetch.max.wait.ms = 500
	remote.log.index.file.cache.total.size.bytes = 1073741824
	remote.log.manager.copier.thread.pool.size = 10
	remote.log.manager.copy.max.bytes.per.second = 9223372036854775807
	remote.log.manager.copy.quota.window.num = 11
	remote.log.manager.copy.quota.window.size.seconds = 1
	remote.log.manager.expiration.thread.pool.size = 10
	remote.log.manager.fetch.max.bytes.per.second = 9223372036854775807
	remote.log.manager.fetch.quota.window.num = 11
	remote.log.manager.fetch.quota.window.size.seconds = 1
	remote.log.manager.task.interval.ms = 30000
	remote.log.manager.task.retry.backoff.max.ms = 30000
	remote.log.manager.task.retry.backoff.ms = 500
	remote.log.manager.task.retry.jitter = 0.2
	remote.log.manager.thread.pool.size = 10
	remote.log.metadata.custom.metadata.max.bytes = 128
	remote.log.metadata.manager.class.name = org.apache.kafka.server.log.remote.metadata.storage.TopicBasedRemoteLogMetadataManager
	remote.log.metadata.manager.class.path = null
	remote.log.metadata.manager.impl.prefix = rlmm.config.
	remote.log.metadata.manager.listener.name = null
	remote.log.reader.max.pending.tasks = 100
	remote.log.reader.threads = 10
	remote.log.storage.manager.class.name = null
	remote.log.storage.manager.class.path = null
	remote.log.storage.manager.impl.prefix = rsm.config.
	remote.log.storage.system.enable = false
 (org.apache.kafka.server.log.remote.storage.RemoteLogManagerConfig:372)
[2026-03-04 15:48:16,104] INFO [ThrottledChannelReaper-Fetch]: Starting (kafka.server.ClientQuotaManager$ThrottledChannelReaper:132)
[2026-03-04 15:48:16,104] INFO [ThrottledChannelReaper-Produce]: Starting (kafka.server.ClientQuotaManager$ThrottledChannelReaper:132)
[2026-03-04 15:48:16,104] INFO [ThrottledChannelReaper-Request]: Starting (kafka.server.ClientQuotaManager$ThrottledChannelReaper:132)
[2026-03-04 15:48:16,104] INFO [ThrottledChannelReaper-ControllerMutation]: Starting (kafka.server.ClientQuotaManager$ThrottledChannelReaper:132)
[2026-03-04 15:48:16,104] INFO [KafkaServer id=0] Rewriting /tmp/EmbeddedKafkaCluster2815493917284875739/meta.properties (kafka.server.KafkaServer:66)
[2026-03-04 15:48:16,105] INFO Loading logs from log dirs ArrayBuffer(/tmp/EmbeddedKafkaCluster2815493917284875739) (kafka.log.LogManager:66)
[2026-03-04 15:48:16,105] INFO No logs found to be loaded in /tmp/EmbeddedKafkaCluster2815493917284875739 (kafka.log.LogManager:66)
[2026-03-04 15:48:16,105] INFO Loaded 0 logs in 1ms (kafka.log.LogManager:66)
[2026-03-04 15:48:16,105] INFO Starting log cleanup with a period of 300000 ms. (kafka.log.LogManager:66)
[2026-03-04 15:48:16,105] INFO Starting log flusher with a default period of 9223372036854775807 ms. (kafka.log.LogManager:66)
[2026-03-04 15:48:16,106] INFO Starting the log cleaner (kafka.log.LogCleaner:66)
[2026-03-04 15:48:16,106] INFO [kafka-log-cleaner-thread-0]: Starting (kafka.log.LogCleaner$CleanerThread:132)
[2026-03-04 15:48:16,106] INFO [feature-zk-node-event-process-thread]: Starting (kafka.server.FinalizedFeatureChangeListener$ChangeNotificationProcessorThread:132)
[2026-03-04 15:48:16,106] INFO Feature ZK node at path: /feature does not exist (kafka.server.FinalizedFeatureChangeListener:66)
[2026-03-04 15:48:16,106] INFO [zk-broker-0-to-controller-forwarding-channel-manager]: Starting (kafka.server.NodeToControllerRequestThread:132)
[2026-03-04 15:48:16,110] INFO Updated connection-accept-rate max connection creation rate to 2147483647 (kafka.network.ConnectionQuotas:66)
[2026-03-04 15:48:16,110] INFO Awaiting socket connections on localhost:41079. (kafka.network.DataPlaneAcceptor:66)
[2026-03-04 15:48:16,110] INFO Opened wildcard endpoint localhost:41079 (kafka.network.DataPlaneAcceptor:66)
[2026-03-04 15:48:16,111] INFO [SocketServer listenerType=ZK_BROKER, nodeId=0] Created data-plane acceptor and processors for endpoint : ListenerName(PLAINTEXT) (kafka.network.SocketServer:66)
[2026-03-04 15:48:16,111] INFO [zk-broker-0-to-controller-alter-partition-channel-manager]: Starting (kafka.server.NodeToControllerRequestThread:132)
[2026-03-04 15:48:16,111] INFO [ExpirationReaper-0-Produce]: Starting (kafka.server.DelayedOperationPurgatory$ExpiredOperationReaper:132)
[2026-03-04 15:48:16,112] INFO [ExpirationReaper-0-Fetch]: Starting (kafka.server.DelayedOperationPurgatory$ExpiredOperationReaper:132)
[2026-03-04 15:48:16,112] INFO [ExpirationReaper-0-DeleteRecords]: Starting (kafka.server.DelayedOperationPurgatory$ExpiredOperationReaper:132)
[2026-03-04 15:48:16,112] INFO [ExpirationReaper-0-ElectLeader]: Starting (kafka.server.DelayedOperationPurgatory$ExpiredOperationReaper:132)
[2026-03-04 15:48:16,112] INFO [ExpirationReaper-0-RemoteFetch]: Starting (kafka.server.DelayedOperationPurgatory$ExpiredOperationReaper:132)
[2026-03-04 15:48:16,112] INFO [LogDirFailureHandler]: Starting (kafka.server.ReplicaManager$LogDirFailureHandler:132)
[2026-03-04 15:48:16,112] INFO [AddPartitionsToTxnSenderThread-0]: Starting (kafka.server.AddPartitionsToTxnManager:132)
[2026-03-04 15:48:16,113] INFO Creating /brokers/ids/0 (is it secure? false) (kafka.zk.KafkaZkClient:66)
[2026-03-04 15:48:16,113] INFO Stat of the created znode at /brokers/ids/0 is: 25,25,1772619496113,1772619496113,1,0,0,72057916011184128,204,0,25
 (kafka.zk.KafkaZkClient:66)
[2026-03-04 15:48:16,113] INFO Registered broker 0 at path /brokers/ids/0 with addresses: PLAINTEXT://localhost:41079, czxid (broker epoch): 25 (kafka.zk.KafkaZkClient:66)
[2026-03-04 15:48:16,114] INFO [ControllerEventThread controllerId=0] Starting (kafka.controller.ControllerEventManager$ControllerEventThread:132)
[2026-03-04 15:48:16,114] INFO [ExpirationReaper-0-topic]: Starting (kafka.server.DelayedOperationPurgatory$ExpiredOperationReaper:132)
[2026-03-04 15:48:16,114] INFO [ExpirationReaper-0-Heartbeat]: Starting (kafka.server.DelayedOperationPurgatory$ExpiredOperationReaper:132)
[2026-03-04 15:48:16,114] INFO [ExpirationReaper-0-Rebalance]: Starting (kafka.server.DelayedOperationPurgatory$ExpiredOperationReaper:132)
[2026-03-04 15:48:16,114] INFO [GroupCoordinator 0]: Starting up. (kafka.coordinator.group.GroupCoordinator:66)
[2026-03-04 15:48:16,115] INFO Successfully created /controller_epoch with initial epoch 0 (kafka.zk.KafkaZkClient:66)
[2026-03-04 15:48:16,115] INFO [GroupCoordinator 0]: Startup complete. (kafka.coordinator.group.GroupCoordinator:66)
[2026-03-04 15:48:16,115] INFO [TransactionCoordinator id=0] Starting up. (kafka.coordinator.transaction.TransactionCoordinator:66)
[2026-03-04 15:48:16,115] INFO [Controller id=0] 0 successfully elected as the controller. Epoch incremented to 1 and epoch zk version is now 1 (kafka.controller.KafkaController:66)
[2026-03-04 15:48:16,115] INFO [TransactionCoordinator id=0] Startup complete. (kafka.coordinator.transaction.TransactionCoordinator:66)
[2026-03-04 15:48:16,115] INFO [TxnMarkerSenderThread-0]: Starting (kafka.coordinator.transaction.TransactionMarkerChannelManager:132)
[2026-03-04 15:48:16,115] INFO [Controller id=0] Creating FeatureZNode at path: /feature with contents: FeatureZNode(2,Enabled,Map()) (kafka.controller.KafkaController:66)
[2026-03-04 15:48:16,115] INFO [ExpirationReaper-0-AlterAcls]: Starting (kafka.server.DelayedOperationPurgatory$ExpiredOperationReaper:132)
[2026-03-04 15:48:16,116] INFO Feature ZK node created at path: /feature (kafka.server.FinalizedFeatureChangeListener:66)
[2026-03-04 15:48:16,116] INFO [MetadataCache brokerId=0] Updated cache from existing None to latest Features(metadataVersion=3.8-IV0, finalizedFeatures={}, finalizedFeaturesEpoch=0). (kafka.server.metadata.ZkMetadataCache:66)
[2026-03-04 15:48:16,116] INFO [Controller id=0] Registering handlers (kafka.controller.KafkaController:66)
[2026-03-04 15:48:16,116] INFO [/config/changes-event-process-thread]: Starting (kafka.common.ZkNodeChangeNotificationListener$ChangeEventProcessThread:132)
[2026-03-04 15:48:16,116] INFO [Controller id=0] Deleting log dir event notifications (kafka.controller.KafkaController:66)
[2026-03-04 15:48:16,116] INFO [Controller id=0] Deleting isr change notifications (kafka.controller.KafkaController:66)
[2026-03-04 15:48:16,117] INFO [Controller id=0] Initializing controller context (kafka.controller.KafkaController:66)
[2026-03-04 15:48:16,117] INFO [SocketServer listenerType=ZK_BROKER, nodeId=0] Enabling request processing. (kafka.network.SocketServer:66)
[2026-03-04 15:48:16,117] INFO [Controller id=0] Initialized broker epochs cache: Map(0 -> 25) (kafka.controller.KafkaController:66)
[2026-03-04 15:48:16,117] INFO [KafkaServer id=0] Start processing authorizer futures (kafka.server.KafkaServer:66)
[2026-03-04 15:48:16,117] INFO [KafkaServer id=0] End processing authorizer futures (kafka.server.KafkaServer:66)
[2026-03-04 15:48:16,117] INFO [KafkaServer id=0] Start processing enable request processing future (kafka.server.KafkaServer:66)
[2026-03-04 15:48:16,117] INFO [KafkaServer id=0] End processing enable request processing future (kafka.server.KafkaServer:66)
[2026-03-04 15:48:16,117] INFO Kafka version: 3.8.1 (org.apache.kafka.common.utils.AppInfoParser:124)
[2026-03-04 15:48:16,117] INFO Kafka commitId: 70d6ff42debf7e17 (org.apache.kafka.common.utils.AppInfoParser:125)
[2026-03-04 15:48:16,117] INFO Kafka startTimeMs: 1772619496117 (org.apache.kafka.common.utils.AppInfoParser:126)
[2026-03-04 15:48:16,117] INFO [KafkaServer id=0] started (kafka.server.KafkaServer:66)
[2026-03-04 15:48:16,118] INFO ProducerConfig values: 
	acks = -1
	auto.include.jmx.reporter = true
	batch.size = 16384
	bootstrap.servers = [localhost:41079]
	buffer.memory = 33554432
	client.dns.lookup = use_all_dns_ips
	client.id = producer-4
	compression.gzip.level = -1
	compression.lz4.level = 9
	compression.type = none
	compression.zstd.level = 3
	connections.max.idle.ms = 540000
	delivery.timeout.ms = 120000
	enable.idempotence = true
	enable.metrics.push = true
	interceptor.classes = []
	key.serializer = class org.apache.kafka.common.serialization.ByteArraySerializer
	linger.ms = 0
	max.block.ms = 60000
	max.in.flight.requests.per.connection = 5
	max.request.size = 1048576
	metadata.max.age.ms = 300000
	metadata.max.idle.ms = 300000
	metadata.recovery.strategy = none
	metric.reporters = []
	metrics.num.samples = 2
	metrics.recording.level = INFO
	metrics.sample.window.ms = 30000
	partitioner.adaptive.partitioning.enable = true
	partitioner.availability.timeout.ms = 0
	partitioner.class = null
	partitioner.ignore.keys = false
	receive.buffer.bytes = 32768
	reconnect.backoff.max.ms = 1000
	reconnect.backoff.ms = 50
	request.timeout.ms = 30000
	retries = 2147483647
	retry.backoff.max.ms = 1000
	retry.backoff.ms = 100
	sasl.client.callback.handler.class = null
	sasl.jaas.config = null
	sasl.kerberos.kinit.cmd = /usr/bin/kinit
	sasl.kerberos.min.time.before.relogin = 60000
	sasl.kerberos.service.name = null
	sasl.kerberos.ticket.renew.jitter = 0.05
	sasl.kerberos.ticket.renew.window.factor = 0.8
	sasl.login.callback.handler.class = null
	sasl.login.class = null
	sasl.login.connect.timeout.ms = null
	sasl.login.read.timeout.ms = null
	sasl.login.refresh.buffer.seconds = 300
	sasl.login.refresh.min.period.seconds = 60
	sasl.login.refresh.window.factor = 0.8
	sasl.login.refresh.window.jitter = 0.05
	sasl.login.retry.backoff.max.ms = 10000
	sasl.login.retry.backoff.ms = 100
	sasl.mechanism = GSSAPI
	sasl.oauthbearer.clock.skew.seconds = 30
	sasl.oauthbearer.expected.audience = null
	sasl.oauthbearer.expected.issuer = null
	sasl.oauthbearer.jwks.endpoint.refresh.ms = 3600000
	sasl.oauthbearer.jwks.endpoint.retry.backoff.max.ms = 10000
	sasl.oauthbearer.jwks.endpoint.retry.backoff.ms = 100
	sasl.oauthbearer.jwks.endpoint.url = null
	sasl.oauthbearer.scope.claim.name = scope
	sasl.oauthbearer.sub.claim.name = sub
	sasl.oauthbearer.token.endpoint.url = null
	security.protocol = PLAINTEXT
	security.providers = null
	send.buffer.bytes = 131072
	socket.connection.setup.timeout.max.ms = 30000
	socket.connection.setup.timeout.ms = 10000
	ssl.cipher.suites = null
	ssl.enabled.protocols = [TLSv1.2, TLSv1.3]
	ssl.endpoint.identification.algorithm = https
	ssl.engine.factory.class = null
	ssl.key.password = null
	ssl.keymanager.algorithm = SunX509
	ssl.keystore.certificate.chain = null
	ssl.keystore.key = null
	ssl.keystore.location = null
	ssl.keystore.password = null
	ssl.keystore.type = JKS
	ssl.protocol = TLSv1.3
	ssl.provider = null
	ssl.secure.random.implementation = null
	ssl.trustmanager.algorithm = PKIX
	ssl.truststore.certificates = null
	ssl.truststore.location = null
	ssl.truststore.password = null
	ssl.truststore.type = JKS
	transaction.timeout.ms = 60000
	transactional.id = null
	value.serializer = class org.apache.kafka.common.serialization.ByteArraySerializer
 (org.apache.kafka.clients.producer.ProducerConfig:372)
[2026-03-04 15:48:16,118] INFO initializing Kafka metrics collector (org.apache.kafka.common.telemetry.internals.KafkaMetricsCollector:269)
[2026-03-04 15:48:16,118] INFO [RequestSendThread controllerId=0] Starting (kafka.controller.RequestSendThread:132)
[2026-03-04 15:48:16,118] INFO [Controller id=0] Currently active brokers in the cluster: Set(0) (kafka.controller.KafkaController:66)
[2026-03-04 15:48:16,118] INFO [Controller id=0] Currently shutting brokers in the cluster: Set() (kafka.controller.KafkaController:66)
[2026-03-04 15:48:16,118] INFO [Controller id=0] Current list of topics in the cluster: Set() (kafka.controller.KafkaController:66)
[2026-03-04 15:48:16,118] INFO [Controller id=0] Fetching topic deletions in progress (kafka.controller.KafkaController:66)
[2026-03-04 15:48:16,118] INFO [Producer clientId=producer-4] Instantiated an idempotent producer. (org.apache.kafka.clients.producer.KafkaProducer:621)
[2026-03-04 15:48:16,118] INFO [Controller id=0] List of topics to be deleted:  (kafka.controller.KafkaController:66)
[2026-03-04 15:48:16,118] INFO [Controller id=0] List of topics ineligible for deletion:  (kafka.controller.KafkaController:66)
[2026-03-04 15:48:16,118] INFO [Controller id=0] Initializing topic deletion manager (kafka.controller.KafkaController:66)
[2026-03-04 15:48:16,118] INFO [Topic Deletion Manager 0] Initializing manager with initial deletions: Set(), initial ineligible deletions: Set() (kafka.controller.TopicDeletionManager:66)
[2026-03-04 15:48:16,118] INFO [Controller id=0] Sending update metadata request (kafka.controller.KafkaController:66)
[2026-03-04 15:48:16,118] INFO [Controller id=0 epoch=1] Sending UpdateMetadata request to brokers Set(0) for 0 partitions (state.change.logger:66)
[2026-03-04 15:48:16,118] INFO [ReplicaStateMachine controllerId=0] Initializing replica state (kafka.controller.ZkReplicaStateMachine:66)
[2026-03-04 15:48:16,118] INFO [ReplicaStateMachine controllerId=0] Triggering online replica state changes (kafka.controller.ZkReplicaStateMachine:66)
[2026-03-04 15:48:16,118] INFO [ReplicaStateMachine controllerId=0] Triggering offline replica state changes (kafka.controller.ZkReplicaStateMachine:66)
[2026-03-04 15:48:16,118] INFO [PartitionStateMachine controllerId=0] Initializing partition state (kafka.controller.ZkPartitionStateMachine:66)
[2026-03-04 15:48:16,118] INFO [PartitionStateMachine controllerId=0] Triggering online partition state changes (kafka.controller.ZkPartitionStateMachine:66)
[2026-03-04 15:48:16,118] INFO [Controller id=0] Ready to serve as the new controller with epoch 1 (kafka.controller.KafkaController:66)
[2026-03-04 15:48:16,118] INFO [RequestSendThread controllerId=0] Controller 0 connected to localhost:41079 (id: 0 rack: null) for sending state change requests (kafka.controller.RequestSendThread:66)
[2026-03-04 15:48:16,119] INFO Kafka version: 3.8.1 (org.apache.kafka.common.utils.AppInfoParser:124)
[2026-03-04 15:48:16,119] INFO Kafka commitId: 70d6ff42debf7e17 (org.apache.kafka.common.utils.AppInfoParser:125)
[2026-03-04 15:48:16,119] INFO Kafka startTimeMs: 1772619496119 (org.apache.kafka.common.utils.AppInfoParser:126)
[2026-03-04 15:48:16,119] INFO [Controller id=0] Partitions undergoing preferred replica election:  (kafka.controller.KafkaController:66)
[2026-03-04 15:48:16,119] INFO [Controller id=0] Partitions that completed preferred replica election:  (kafka.controller.KafkaController:66)
[2026-03-04 15:48:16,119] INFO [Controller id=0] Skipping preferred replica election for partitions due to topic deletion:  (kafka.controller.KafkaController:66)
[2026-03-04 15:48:16,119] INFO [Controller id=0] Resuming preferred replica election for partitions:  (kafka.controller.KafkaController:66)
[2026-03-04 15:48:16,119] INFO [Controller id=0] Starting replica leader election (PREFERRED) for partitions  triggered by ZkTriggered (kafka.controller.KafkaController:66)
[2026-03-04 15:48:16,119] INFO Kafka Connect worker initializing ... (org.apache.kafka.connect.cli.AbstractConnectCli:114)
[2026-03-04 15:48:16,119] INFO WorkerInfo values: 
	jvm.args = 
	jvm.spec = Arch Linux, OpenJDK 64-Bit Server VM, 25.0.2, 25.0.2
	jvm.classpath = /home/killua/bq-sink/bigquery-connector-for-apache-kafka/kcbq-connector/target/test-classes:/home/killua/bq-sink/bigquery-connector-for-apache-kafka/kcbq-connector/target/classes:/home/killua/.m2/repository/io/aiven/commons/google-utils/1.1.0/google-utils-1.1.0.jar:/home/killua/.m2/repository/io/aiven/commons/system/1.1.0/system-1.1.0.jar:/home/killua/.m2/repository/org/apache/kafka/connect-api/3.8.1/connect-api-3.8.1.jar:/home/killua/.m2/repository/org/apache/kafka/kafka-clients/3.8.1/kafka-clients-3.8.1.jar:/home/killua/.m2/repository/javax/ws/rs/javax.ws.rs-api/2.1.1/javax.ws.rs-api-2.1.1.jar:/home/killua/.m2/repository/com/fasterxml/jackson/core/jackson-core/2.20.1/jackson-core-2.20.1.jar:/home/killua/.m2/repository/com/fasterxml/jackson/core/jackson-databind/2.20.1/jackson-databind-2.20.1.jar:/home/killua/.m2/repository/com/fasterxml/jackson/core/jackson-annotations/2.20/jackson-annotations-2.20.jar:/home/killua/.m2/repository/org/eclipse/jetty/jetty-server/9.4.56.v20240826/jetty-server-9.4.56.v20240826.jar:/home/killua/.m2/repository/javax/servlet/javax.servlet-api/3.1.0/javax.servlet-api-3.1.0.jar:/home/killua/.m2/repository/org/eclipse/jetty/jetty-http/9.4.56.v20240826/jetty-http-9.4.56.v20240826.jar:/home/killua/.m2/repository/org/eclipse/jetty/jetty-io/9.4.56.v20240826/jetty-io-9.4.56.v20240826.jar:/home/killua/.m2/repository/org/eclipse/jetty/jetty-servlet/9.4.56.v20240826/jetty-servlet-9.4.56.v20240826.jar:/home/killua/.m2/repository/org/eclipse/jetty/jetty-security/9.4.56.v20240826/jetty-security-9.4.56.v20240826.jar:/home/killua/.m2/repository/org/eclipse/jetty/jetty-util-ajax/9.4.56.v20240826/jetty-util-ajax-9.4.56.v20240826.jar:/home/killua/.m2/repository/org/eclipse/jetty/jetty-servlets/9.4.56.v20240826/jetty-servlets-9.4.56.v20240826.jar:/home/killua/.m2/repository/org/eclipse/jetty/jetty-continuation/9.4.56.v20240826/jetty-continuation-9.4.56.v20240826.jar:/home/killua/.m2/repository/org/eclipse/jetty/jetty-util/9.4.56.v20240826/jetty-util-9.4.56.v20240826.jar:/home/killua/.m2/repository/org/eclipse/jetty/jetty-client/9.4.56.v20240826/jetty-client-9.4.56.v20240826.jar:/home/killua/.m2/repository/org/slf4j/slf4j-api/1.7.26/slf4j-api-1.7.26.jar:/home/killua/.m2/repository/io/debezium/debezium-core/0.6.2/debezium-core-0.6.2.jar:/home/killua/.m2/repository/com/wepay/kcbq/kcbq-api/2.13.0-SNAPSHOT/kcbq-api-2.13.0-SNAPSHOT.jar:/home/killua/.m2/repository/org/junit/jupiter/junit-jupiter-engine/5.10.2/junit-jupiter-engine-5.10.2.jar:/home/killua/.m2/repository/org/junit/platform/junit-platform-engine/1.10.2/junit-platform-engine-1.10.2.jar:/home/killua/.m2/repository/org/apiguardian/apiguardian-api/1.1.2/apiguardian-api-1.1.2.jar:/home/killua/.m2/repository/org/junit/jupiter/junit-jupiter-api/5.10.2/junit-jupiter-api-5.10.2.jar:/home/killua/.m2/repository/org/opentest4j/opentest4j/1.3.0/opentest4j-1.3.0.jar:/home/killua/.m2/repository/org/junit/platform/junit-platform-commons/1.10.2/junit-platform-commons-1.10.2.jar:/home/killua/.m2/repository/org/junit/jupiter/junit-jupiter-params/5.10.2/junit-jupiter-params-5.10.2.jar:/home/killua/.m2/repository/org/mockito/mockito-core/5.20.0/mockito-core-5.20.0.jar:/home/killua/.m2/repository/net/bytebuddy/byte-buddy/1.17.7/byte-buddy-1.17.7.jar:/home/killua/.m2/repository/net/bytebuddy/byte-buddy-agent/1.17.7/byte-buddy-agent-1.17.7.jar:/home/killua/.m2/repository/org/objenesis/objenesis/3.3/objenesis-3.3.jar:/home/killua/.m2/repository/org/slf4j/slf4j-log4j12/1.7.26/slf4j-log4j12-1.7.26.jar:/home/killua/.m2/repository/log4j/log4j/1.2.17/log4j-1.2.17.jar:/home/killua/.m2/repository/org/apache/kafka/kafka_2.12/3.8.1/kafka_2.12-3.8.1.jar:/home/killua/.m2/repository/org/scala-lang/scala-library/2.12.19/scala-library-2.12.19.jar:/home/killua/.m2/repository/org/apache/kafka/kafka-server-common/3.8.1/kafka-server-common-3.8.1.jar:/home/killua/.m2/repository/org/pcollections/pcollections/4.0.1/pcollections-4.0.1.jar:/home/killua/.m2/repository/org/apache/kafka/kafka-group-coordinator-api/3.8.1/kafka-group-coordinator-api-3.8.1.jar:/home/killua/.m2/repository/org/apache/kafka/kafka-group-coordinator/3.8.1/kafka-group-coordinator-3.8.1.jar:/home/killua/.m2/repository/org/apache/kafka/kafka-transaction-coordinator/3.8.1/kafka-transaction-coordinator-3.8.1.jar:/home/killua/.m2/repository/org/apache/kafka/kafka-metadata/3.8.1/kafka-metadata-3.8.1.jar:/home/killua/.m2/repository/org/apache/kafka/kafka-storage-api/3.8.1/kafka-storage-api-3.8.1.jar:/home/killua/.m2/repository/org/apache/kafka/kafka-tools-api/3.8.1/kafka-tools-api-3.8.1.jar:/home/killua/.m2/repository/org/apache/kafka/kafka-raft/3.8.1/kafka-raft-3.8.1.jar:/home/killua/.m2/repository/org/apache/kafka/kafka-storage/3.8.1/kafka-storage-3.8.1.jar:/home/killua/.m2/repository/org/apache/kafka/kafka-server/3.8.1/kafka-server-3.8.1.jar:/home/killua/.m2/repository/net/sourceforge/argparse4j/argparse4j/0.7.0/argparse4j-0.7.0.jar:/home/killua/.m2/repository/commons-validator/commons-validator/1.7/commons-validator-1.7.jar:/home/killua/.m2/repository/commons-beanutils/commons-beanutils/1.9.4/commons-beanutils-1.9.4.jar:/home/killua/.m2/repository/commons-digester/commons-digester/2.1/commons-digester-2.1.jar:/home/killua/.m2/repository/commons-collections/commons-collections/3.2.2/commons-collections-3.2.2.jar:/home/killua/.m2/repository/com/fasterxml/jackson/module/jackson-module-scala_2.12/2.16.2/jackson-module-scala_2.12-2.16.2.jar:/home/killua/.m2/repository/com/thoughtworks/paranamer/paranamer/2.8/paranamer-2.8.jar:/home/killua/.m2/repository/com/fasterxml/jackson/dataformat/jackson-dataformat-csv/2.16.2/jackson-dataformat-csv-2.16.2.jar:/home/killua/.m2/repository/com/fasterxml/jackson/datatype/jackson-datatype-jdk8/2.16.2/jackson-datatype-jdk8-2.16.2.jar:/home/killua/.m2/repository/net/sf/jopt-simple/jopt-simple/5.0.4/jopt-simple-5.0.4.jar:/home/killua/.m2/repository/org/bitbucket/b_c/jose4j/0.9.4/jose4j-0.9.4.jar:/home/killua/.m2/repository/com/yammer/metrics/metrics-core/2.2.0/metrics-core-2.2.0.jar:/home/killua/.m2/repository/org/scala-lang/modules/scala-collection-compat_2.12/2.10.0/scala-collection-compat_2.12-2.10.0.jar:/home/killua/.m2/repository/org/scala-lang/modules/scala-java8-compat_2.12/1.0.2/scala-java8-compat_2.12-1.0.2.jar:/home/killua/.m2/repository/org/scala-lang/scala-reflect/2.12.19/scala-reflect-2.12.19.jar:/home/killua/.m2/repository/com/typesafe/scala-logging/scala-logging_2.12/3.9.4/scala-logging_2.12-3.9.4.jar:/home/killua/.m2/repository/commons-io/commons-io/2.14.0/commons-io-2.14.0.jar:/home/killua/.m2/repository/io/dropwizard/metrics/metrics-core/4.1.12.1/metrics-core-4.1.12.1.jar:/home/killua/.m2/repository/org/apache/zookeeper/zookeeper/3.8.4/zookeeper-3.8.4.jar:/home/killua/.m2/repository/org/apache/zookeeper/zookeeper-jute/3.8.4/zookeeper-jute-3.8.4.jar:/home/killua/.m2/repository/org/apache/yetus/audience-annotations/0.12.0/audience-annotations-0.12.0.jar:/home/killua/.m2/repository/io/netty/netty-handler/4.1.105.Final/netty-handler-4.1.105.Final.jar:/home/killua/.m2/repository/io/netty/netty-resolver/4.1.105.Final/netty-resolver-4.1.105.Final.jar:/home/killua/.m2/repository/io/netty/netty-transport-native-unix-common/4.1.105.Final/netty-transport-native-unix-common-4.1.105.Final.jar:/home/killua/.m2/repository/io/netty/netty-transport-native-epoll/4.1.105.Final/netty-transport-native-epoll-4.1.105.Final.jar:/home/killua/.m2/repository/io/netty/netty-transport-classes-epoll/4.1.105.Final/netty-transport-classes-epoll-4.1.105.Final.jar:/home/killua/.m2/repository/commons-cli/commons-cli/1.4/commons-cli-1.4.jar:/home/killua/.m2/repository/org/apache/kafka/kafka_2.12/3.8.1/kafka_2.12-3.8.1-test.jar:/home/killua/.m2/repository/org/apache/kafka/kafka-clients/3.8.1/kafka-clients-3.8.1-test.jar:/home/killua/.m2/repository/com/github/luben/zstd-jni/1.5.6-4/zstd-jni-1.5.6-4.jar:/home/killua/.m2/repository/org/lz4/lz4-java/1.8.0/lz4-java-1.8.0.jar:/home/killua/.m2/repository/org/xerial/snappy/snappy-java/1.1.10.5/snappy-java-1.1.10.5.jar:/home/killua/.m2/repository/org/apache/kafka/connect-runtime/3.8.1/connect-runtime-3.8.1.jar:/home/killua/.m2/repository/org/apache/kafka/connect-json/3.8.1/connect-json-3.8.1.jar:/home/killua/.m2/repository/com/fasterxml/jackson/module/jackson-module-afterburner/2.16.2/jackson-module-afterburner-2.16.2.jar:/home/killua/.m2/repository/org/apache/kafka/connect-transforms/3.8.1/connect-transforms-3.8.1.jar:/home/killua/.m2/repository/ch/qos/reload4j/reload4j/1.2.25/reload4j-1.2.25.jar:/home/killua/.m2/repository/com/fasterxml/jackson/jaxrs/jackson-jaxrs-json-provider/2.16.2/jackson-jaxrs-json-provider-2.16.2.jar:/home/killua/.m2/repository/com/fasterxml/jackson/jaxrs/jackson-jaxrs-base/2.16.2/jackson-jaxrs-base-2.16.2.jar:/home/killua/.m2/repository/com/fasterxml/jackson/module/jackson-module-jaxb-annotations/2.16.2/jackson-module-jaxb-annotations-2.16.2.jar:/home/killua/.m2/repository/jakarta/activation/jakarta.activation-api/1.2.2/jakarta.activation-api-1.2.2.jar:/home/killua/.m2/repository/org/glassfish/jersey/containers/jersey-container-servlet/2.39.1/jersey-container-servlet-2.39.1.jar:/home/killua/.m2/repository/org/glassfish/jersey/containers/jersey-container-servlet-core/2.39.1/jersey-container-servlet-core-2.39.1.jar:/home/killua/.m2/repository/org/glassfish/jersey/core/jersey-common/2.39.1/jersey-common-2.39.1.jar:/home/killua/.m2/repository/jakarta/annotation/jakarta.annotation-api/1.3.5/jakarta.annotation-api-1.3.5.jar:/home/killua/.m2/repository/org/glassfish/hk2/osgi-resource-locator/1.0.3/osgi-resource-locator-1.0.3.jar:/home/killua/.m2/repository/org/glassfish/jersey/core/jersey-server/2.39.1/jersey-server-2.39.1.jar:/home/killua/.m2/repository/org/glassfish/jersey/core/jersey-client/2.39.1/jersey-client-2.39.1.jar:/home/killua/.m2/repository/jakarta/ws/rs/jakarta.ws.rs-api/2.1.6/jakarta.ws.rs-api-2.1.6.jar:/home/killua/.m2/repository/org/glassfish/jersey/inject/jersey-hk2/2.39.1/jersey-hk2-2.39.1.jar:/home/killua/.m2/repository/org/glassfish/hk2/hk2-locator/2.6.1/hk2-locator-2.6.1.jar:/home/killua/.m2/repository/org/glassfish/hk2/external/aopalliance-repackaged/2.6.1/aopalliance-repackaged-2.6.1.jar:/home/killua/.m2/repository/org/glassfish/hk2/hk2-api/2.6.1/hk2-api-2.6.1.jar:/home/killua/.m2/repository/org/glassfish/hk2/hk2-utils/2.6.1/hk2-utils-2.6.1.jar:/home/killua/.m2/repository/org/javassist/javassist/3.29.0-GA/javassist-3.29.0-GA.jar:/home/killua/.m2/repository/javax/xml/bind/jaxb-api/2.3.1/jaxb-api-2.3.1.jar:/home/killua/.m2/repository/javax/activation/javax.activation-api/1.2.0/javax.activation-api-1.2.0.jar:/home/killua/.m2/repository/javax/activation/activation/1.1.1/activation-1.1.1.jar:/home/killua/.m2/repository/org/reflections/reflections/0.10.2/reflections-0.10.2.jar:/home/killua/.m2/repository/org/apache/maven/maven-artifact/3.9.6/maven-artifact-3.9.6.jar:/home/killua/.m2/repository/org/codehaus/plexus/plexus-utils/3.5.1/plexus-utils-3.5.1.jar:/home/killua/.m2/repository/org/apache/commons/commons-lang3/3.12.0/commons-lang3-3.12.0.jar:/home/killua/.m2/repository/io/swagger/core/v3/swagger-annotations/2.2.8/swagger-annotations-2.2.8.jar:/home/killua/.m2/repository/org/apache/kafka/connect-runtime/3.8.1/connect-runtime-3.8.1-test.jar:/home/killua/.m2/repository/io/confluent/kafka-schema-registry/7.9.5/kafka-schema-registry-7.9.5.jar:/home/killua/.m2/repository/io/confluent/kafka-schema-registry-client/7.9.5/kafka-schema-registry-client-7.9.5.jar:/home/killua/.m2/repository/org/yaml/snakeyaml/2.0/snakeyaml-2.0.jar:/home/killua/.m2/repository/io/confluent/kafka-json-schema-provider/7.9.5/kafka-json-schema-provider-7.9.5.jar:/home/killua/.m2/repository/com/github/erosb/everit-json-schema/1.14.6/everit-json-schema-1.14.6.jar:/home/killua/.m2/repository/com/damnhandy/handy-uri-templates/2.1.8/handy-uri-templates-2.1.8.jar:/home/killua/.m2/repository/com/github/erosb/json-sKema/0.24.0/json-sKema-0.24.0.jar:/home/killua/.m2/repository/com/sanctionco/jmail/jmail/2.0.1/jmail-2.0.1.jar:/home/killua/.m2/repository/com/fasterxml/jackson/datatype/jackson-datatype-guava/2.16.0/jackson-datatype-guava-2.16.0.jar:/home/killua/.m2/repository/com/fasterxml/jackson/datatype/jackson-datatype-joda/2.16.0/jackson-datatype-joda-2.16.0.jar:/home/killua/.m2/repository/joda-time/joda-time/2.10.14/joda-time-2.10.14.jar:/home/killua/.m2/repository/com/fasterxml/jackson/module/jackson-module-parameter-names/2.16.0/jackson-module-parameter-names-2.16.0.jar:/home/killua/.m2/repository/io/yokota/mbknor-jackson-jsonschema-java8/1.0.39.3/mbknor-jackson-jsonschema-java8-1.0.39.3.jar:/home/killua/.m2/repository/javax/validation/validation-api/2.0.1.Final/validation-api-2.0.1.Final.jar:/home/killua/.m2/repository/io/github/classgraph/classgraph/4.8.138/classgraph-4.8.138.jar:/home/killua/.m2/repository/org/jetbrains/kotlin/kotlin-stdlib/1.9.10/kotlin-stdlib-1.9.10.jar:/home/killua/.m2/repository/org/jetbrains/kotlin/kotlin-stdlib-common/1.9.10/kotlin-stdlib-common-1.9.10.jar:/home/killua/.m2/repository/org/jetbrains/annotations/13.0/annotations-13.0.jar:/home/killua/.m2/repository/org/jetbrains/kotlin/kotlin-scripting-jvm/1.9.10/kotlin-scripting-jvm-1.9.10.jar:/home/killua/.m2/repository/org/jetbrains/kotlin/kotlin-script-runtime/1.9.10/kotlin-script-runtime-1.9.10.jar:/home/killua/.m2/repository/org/jetbrains/kotlin/kotlin-scripting-common/1.9.10/kotlin-scripting-common-1.9.10.jar:/home/killua/.m2/repository/org/jetbrains/kotlin/kotlin-scripting-compiler-embeddable/1.9.10/kotlin-scripting-compiler-embeddable-1.9.10.jar:/home/killua/.m2/repository/org/jetbrains/kotlin/kotlin-scripting-compiler-impl-embeddable/1.9.10/kotlin-scripting-compiler-impl-embeddable-1.9.10.jar:/home/killua/.m2/repository/io/confluent/kafka-protobuf-provider/7.9.5/kafka-protobuf-provider-7.9.5.jar:/home/killua/.m2/repository/com/squareup/wire/wire-schema-jvm/5.1.0/wire-schema-jvm-5.1.0.jar:/home/killua/.m2/repository/com/squareup/javapoet/1.13.0/javapoet-1.13.0.jar:/home/killua/.m2/repository/com/squareup/kotlinpoet-jvm/1.18.1/kotlinpoet-jvm-1.18.1.jar:/home/killua/.m2/repository/org/jetbrains/kotlin/kotlin-reflect/2.0.0/kotlin-reflect-2.0.0.jar:/home/killua/.m2/repository/com/squareup/wire/wire-runtime-jvm/5.1.0/wire-runtime-jvm-5.1.0.jar:/home/killua/.m2/repository/com/squareup/okio/okio-jvm/3.4.0/okio-jvm-3.4.0.jar:/home/killua/.m2/repository/org/jetbrains/kotlin/kotlin-stdlib-jdk8/1.8.0/kotlin-stdlib-jdk8-1.8.0.jar:/home/killua/.m2/repository/org/jetbrains/kotlin/kotlin-stdlib-jdk7/1.8.0/kotlin-stdlib-jdk7-1.8.0.jar:/home/killua/.m2/repository/io/confluent/kafka-protobuf-types/7.9.5/kafka-protobuf-types-7.9.5.jar:/home/killua/.m2/repository/org/apache/kafka/kafka_2.13/7.9.5-ccs/kafka_2.13-7.9.5-ccs.jar:/home/killua/.m2/repository/com/fasterxml/jackson/module/jackson-module-scala_2.13/2.16.2/jackson-module-scala_2.13-2.16.2.jar:/home/killua/.m2/repository/org/scala-lang/modules/scala-collection-compat_2.13/2.10.0/scala-collection-compat_2.13-2.10.0.jar:/home/killua/.m2/repository/org/scala-lang/modules/scala-java8-compat_2.13/1.0.2/scala-java8-compat_2.13-1.0.2.jar:/home/killua/.m2/repository/com/typesafe/scala-logging/scala-logging_2.13/3.9.5/scala-logging_2.13-3.9.5.jar:/home/killua/.m2/repository/org/glassfish/jersey/ext/jersey-bean-validation/2.36/jersey-bean-validation-2.36.jar:/home/killua/.m2/repository/org/glassfish/hk2/external/jakarta.inject/2.6.1/jakarta.inject-2.6.1.jar:/home/killua/.m2/repository/jakarta/validation/jakarta.validation-api/2.0.2/jakarta.validation-api-2.0.2.jar:/home/killua/.m2/repository/org/hibernate/validator/hibernate-validator/6.2.0.Final/hibernate-validator-6.2.0.Final.jar:/home/killua/.m2/repository/org/jboss/logging/jboss-logging/3.4.1.Final/jboss-logging-3.4.1.Final.jar:/home/killua/.m2/repository/com/fasterxml/classmate/1.5.1/classmate-1.5.1.jar:/home/killua/.m2/repository/jakarta/el/jakarta.el-api/3.0.3/jakarta.el-api-3.0.3.jar:/home/killua/.m2/repository/org/glassfish/jakarta.el/3.0.4/jakarta.el-3.0.4.jar:/home/killua/.m2/repository/io/confluent/rest-utils/7.9.5/rest-utils-7.9.5.jar:/home/killua/.m2/repository/io/spiffe/java-spiffe-core/0.8.13/java-spiffe-core-0.8.13.jar:/home/killua/.m2/repository/com/nimbusds/nimbus-jose-jwt/10.3.1/nimbus-jose-jwt-10.3.1.jar:/home/killua/.m2/repository/io/spiffe/grpc-netty-linux/0.8.13/grpc-netty-linux-0.8.13.jar:/home/killua/.m2/repository/io/spiffe/grpc-netty-macos-aarch64/0.8.13/grpc-netty-macos-aarch64-0.8.13.jar:/home/killua/.m2/repository/io/grpc/grpc-netty/1.61.1/grpc-netty-1.61.1.jar:/home/killua/.m2/repository/io/netty/netty-codec-http2/4.1.100.Final/netty-codec-http2-4.1.100.Final.jar:/home/killua/.m2/repository/io/netty/netty-codec-http/4.1.100.Final/netty-codec-http-4.1.100.Final.jar:/home/killua/.m2/repository/io/netty/netty-handler-proxy/4.1.100.Final/netty-handler-proxy-4.1.100.Final.jar:/home/killua/.m2/repository/io/netty/netty-codec-socks/4.1.100.Final/netty-codec-socks-4.1.100.Final.jar:/home/killua/.m2/repository/io/netty/netty-transport-native-kqueue/4.2.2.Final/netty-transport-native-kqueue-4.2.2.Final-osx-aarch_64.jar:/home/killua/.m2/repository/io/netty/netty-transport-classes-kqueue/4.2.2.Final/netty-transport-classes-kqueue-4.2.2.Final.jar:/home/killua/.m2/repository/io/spiffe/java-spiffe-provider/0.8.13/java-spiffe-provider-0.8.13.jar:/home/killua/.m2/repository/org/eclipse/jetty/websocket/javax-websocket-server-impl/9.4.58.v20250814/javax-websocket-server-impl-9.4.58.v20250814.jar:/home/killua/.m2/repository/org/eclipse/jetty/jetty-annotations/9.4.58.v20250814/jetty-annotations-9.4.58.v20250814.jar:/home/killua/.m2/repository/org/eclipse/jetty/jetty-plus/9.4.58.v20250814/jetty-plus-9.4.58.v20250814.jar:/home/killua/.m2/repository/org/eclipse/jetty/jetty-jndi/9.4.58.v20250814/jetty-jndi-9.4.58.v20250814.jar:/home/killua/.m2/repository/org/eclipse/jetty/jetty-webapp/9.4.58.v20250814/jetty-webapp-9.4.58.v20250814.jar:/home/killua/.m2/repository/org/eclipse/jetty/jetty-xml/9.4.58.v20250814/jetty-xml-9.4.58.v20250814.jar:/home/killua/.m2/repository/org/ow2/asm/asm/9.7.1/asm-9.7.1.jar:/home/killua/.m2/repository/org/ow2/asm/asm-commons/9.7.1/asm-commons-9.7.1.jar:/home/killua/.m2/repository/org/ow2/asm/asm-tree/9.7.1/asm-tree-9.7.1.jar:/home/killua/.m2/repository/org/eclipse/jetty/websocket/javax-websocket-client-impl/9.4.58.v20250814/javax-websocket-client-impl-9.4.58.v20250814.jar:/home/killua/.m2/repository/org/eclipse/jetty/websocket/websocket-client/9.4.58.v20250814/websocket-client-9.4.58.v20250814.jar:/home/killua/.m2/repository/javax/websocket/javax.websocket-client-api/1.0/javax.websocket-client-api-1.0.jar:/home/killua/.m2/repository/org/eclipse/jetty/websocket/websocket-server/9.4.58.v20250814/websocket-server-9.4.58.v20250814.jar:/home/killua/.m2/repository/org/eclipse/jetty/websocket/websocket-common/9.4.58.v20250814/websocket-common-9.4.58.v20250814.jar:/home/killua/.m2/repository/org/eclipse/jetty/websocket/websocket-api/9.4.58.v20250814/websocket-api-9.4.58.v20250814.jar:/home/killua/.m2/repository/org/eclipse/jetty/websocket/websocket-servlet/9.4.58.v20250814/websocket-servlet-9.4.58.v20250814.jar:/home/killua/.m2/repository/javax/websocket/javax.websocket-api/1.0/javax.websocket-api-1.0.jar:/home/killua/.m2/repository/jakarta/xml/bind/jakarta.xml.bind-api/2.3.3/jakarta.xml.bind-api-2.3.3.jar:/home/killua/.m2/repository/org/eclipse/jetty/jetty-jmx/9.4.58.v20250814/jetty-jmx-9.4.58.v20250814.jar:/home/killua/.m2/repository/org/eclipse/jetty/http2/http2-server/9.4.58.v20250814/http2-server-9.4.58.v20250814.jar:/home/killua/.m2/repository/org/eclipse/jetty/http2/http2-common/9.4.58.v20250814/http2-common-9.4.58.v20250814.jar:/home/killua/.m2/repository/org/eclipse/jetty/http2/http2-hpack/9.4.58.v20250814/http2-hpack-9.4.58.v20250814.jar:/home/killua/.m2/repository/org/eclipse/jetty/jetty-alpn-server/9.4.58.v20250814/jetty-alpn-server-9.4.58.v20250814.jar:/home/killua/.m2/repository/org/eclipse/jetty/jetty-alpn-conscrypt-server/9.4.58.v20250814/jetty-alpn-conscrypt-server-9.4.58.v20250814.jar:/home/killua/.m2/repository/org/eclipse/jetty/jetty-jaas/9.4.58.v20250814/jetty-jaas-9.4.58.v20250814.jar:/home/killua/.m2/repository/org/apache/directory/api/api-ldap-model/2.1.5/api-ldap-model-2.1.5.jar:/home/killua/.m2/repository/org/apache/directory/api/api-asn1-ber/2.1.5/api-asn1-ber-2.1.5.jar:/home/killua/.m2/repository/org/apache/directory/api/api-i18n/2.1.5/api-i18n-2.1.5.jar:/home/killua/.m2/repository/org/apache/mina/mina-core/2.2.3/mina-core-2.2.3.jar:/home/killua/.m2/repository/org/apache/servicemix/bundles/org.apache.servicemix.bundles.antlr/2.7.7_5/org.apache.servicemix.bundles.antlr-2.7.7_5.jar:/home/killua/.m2/repository/org/apache/commons/commons-collections4/4.4/commons-collections4-4.4.jar:/home/killua/.m2/repository/org/apache/directory/api/api-util/2.1.5/api-util-2.1.5.jar:/home/killua/.m2/repository/org/apache/directory/api/api-asn1-api/2.1.5/api-asn1-api-2.1.5.jar:/home/killua/.m2/repository/io/github/resilience4j/resilience4j-ratelimiter/1.7.1/resilience4j-ratelimiter-1.7.1.jar:/home/killua/.m2/repository/io/vavr/vavr/0.10.2/vavr-0.10.2.jar:/home/killua/.m2/repository/io/vavr/vavr-match/0.10.2/vavr-match-0.10.2.jar:/home/killua/.m2/repository/io/github/resilience4j/resilience4j-core/1.7.1/resilience4j-core-1.7.1.jar:/home/killua/.m2/repository/org/slf4j/slf4j-reload4j/1.7.36/slf4j-reload4j-1.7.36.jar:/home/killua/.m2/repository/io/confluent/logredactor/1.0.12/logredactor-1.0.12.jar:/home/killua/.m2/repository/io/confluent/logredactor-metrics/1.0.12/logredactor-metrics-1.0.12.jar:/home/killua/.m2/repository/com/eclipsesource/minimal-json/minimal-json/0.9.5/minimal-json-0.9.5.jar:/home/killua/.m2/repository/io/kcache/kcache/4.0.11/kcache-4.0.11.jar:/home/killua/.m2/repository/com/github/ben-manes/caffeine/caffeine/2.9.3/caffeine-2.9.3.jar:/home/killua/.m2/repository/com/google/guava/guava/32.0.1-jre/guava-32.0.1-jre.jar:/home/killua/.m2/repository/com/google/crypto/tink/tink/1.15.0/tink-1.15.0.jar:/home/killua/.m2/repository/org/apache/avro/avro/1.11.4/avro-1.11.4.jar:/home/killua/.m2/repository/org/apache/commons/commons-compress/1.26.1/commons-compress-1.26.1.jar:/home/killua/.m2/repository/io/netty/netty-codec/4.1.128.Final/netty-codec-4.1.128.Final.jar:/home/killua/.m2/repository/io/netty/netty-transport/4.1.128.Final/netty-transport-4.1.128.Final.jar:/home/killua/.m2/repository/org/eclipse/jetty/jetty-alpn-java-server/9.4.58.v20250814/jetty-alpn-java-server-9.4.58.v20250814.jar:/home/killua/.m2/repository/io/swagger/core/v3/swagger-core/2.1.10/swagger-core-2.1.10.jar:/home/killua/.m2/repository/com/fasterxml/jackson/dataformat/jackson-dataformat-yaml/2.12.1/jackson-dataformat-yaml-2.12.1.jar:/home/killua/.m2/repository/io/swagger/core/v3/swagger-models/2.1.10/swagger-models-2.1.10.jar:/home/killua/.m2/repository/io/confluent/common-utils/7.9.5/common-utils-7.9.5.jar:/home/killua/.m2/repository/io/confluent/kafka-schema-registry/7.9.5/kafka-schema-registry-7.9.5-tests.jar:/home/killua/.m2/repository/io/confluent/kafka-connect-avro-converter/7.9.5/kafka-connect-avro-converter-7.9.5.jar:/home/killua/.m2/repository/io/confluent/kafka-connect-avro-data/7.9.5/kafka-connect-avro-data-7.9.5.jar:/home/killua/.m2/repository/io/confluent/kafka-schema-converter/7.9.5/kafka-schema-converter-7.9.5.jar:/home/killua/.m2/repository/io/confluent/kafka-avro-serializer/7.9.5/kafka-avro-serializer-7.9.5.jar:/home/killua/.m2/repository/io/confluent/kafka-schema-serializer/7.9.5/kafka-schema-serializer-7.9.5.jar:/home/killua/.m2/repository/com/google/re2j/re2j/1.7/re2j-1.7.jar:/home/killua/.m2/repository/com/google/cloud/google-cloud-bigquerystorage/3.2.0/google-cloud-bigquerystorage-3.2.0.jar:/home/killua/.m2/repository/io/grpc/grpc-api/1.61.1/grpc-api-1.61.1.jar:/home/killua/.m2/repository/com/google/errorprone/error_prone_annotations/2.24.1/error_prone_annotations-2.24.1.jar:/home/killua/.m2/repository/io/grpc/grpc-stub/1.61.1/grpc-stub-1.61.1.jar:/home/killua/.m2/repository/io/grpc/grpc-protobuf/1.61.1/grpc-protobuf-1.61.1.jar:/home/killua/.m2/repository/io/grpc/grpc-protobuf-lite/1.61.1/grpc-protobuf-lite-1.61.1.jar:/home/killua/.m2/repository/io/grpc/grpc-util/1.61.1/grpc-util-1.61.1.jar:/home/killua/.m2/repository/io/grpc/grpc-core/1.61.1/grpc-core-1.61.1.jar:/home/killua/.m2/repository/com/google/code/gson/gson/2.10.1/gson-2.10.1.jar:/home/killua/.m2/repository/com/google/android/annotations/4.1.1.4/annotations-4.1.1.4.jar:/home/killua/.m2/repository/io/perfmark/perfmark-api/0.27.0/perfmark-api-0.27.0.jar:/home/killua/.m2/repository/io/grpc/grpc-context/1.61.1/grpc-context-1.61.1.jar:/home/killua/.m2/repository/org/codehaus/mojo/animal-sniffer-annotations/1.23/animal-sniffer-annotations-1.23.jar:/home/killua/.m2/repository/com/google/api/api-common/2.26.0/api-common-2.26.0.jar:/home/killua/.m2/repository/javax/annotation/javax.annotation-api/1.3.2/javax.annotation-api-1.3.2.jar:/home/killua/.m2/repository/com/google/auto/value/auto-value/1.10.2/auto-value-1.10.2.jar:/home/killua/.m2/repository/com/google/auto/value/auto-value-annotations/1.10.4/auto-value-annotations-1.10.4.jar:/home/killua/.m2/repository/com/google/protobuf/protobuf-java/3.25.2/protobuf-java-3.25.2.jar:/home/killua/.m2/repository/com/google/api/grpc/proto-google-common-protos/2.34.0/proto-google-common-protos-2.34.0.jar:/home/killua/.m2/repository/com/google/api/grpc/proto-google-cloud-bigquerystorage-v1beta1/0.174.0/proto-google-cloud-bigquerystorage-v1beta1-0.174.0.jar:/home/killua/.m2/repository/com/google/api/grpc/proto-google-cloud-bigquerystorage-v1beta2/0.174.0/proto-google-cloud-bigquerystorage-v1beta2-0.174.0.jar:/home/killua/.m2/repository/com/google/api/grpc/proto-google-cloud-bigquerystorage-v1/3.2.0/proto-google-cloud-bigquerystorage-v1-3.2.0.jar:/home/killua/.m2/repository/com/google/guava/failureaccess/1.0.1/failureaccess-1.0.1.jar:/home/killua/.m2/repository/com/google/guava/listenablefuture/9999.0-empty-to-avoid-conflict-with-guava/listenablefuture-9999.0-empty-to-avoid-conflict-with-guava.jar:/home/killua/.m2/repository/org/checkerframework/checker-qual/3.42.0/checker-qual-3.42.0.jar:/home/killua/.m2/repository/com/google/j2objc/j2objc-annotations/2.8/j2objc-annotations-2.8.jar:/home/killua/.m2/repository/com/google/api/gax/2.43.0/gax-2.43.0.jar:/home/killua/.m2/repository/io/opencensus/opencensus-api/0.31.1/opencensus-api-0.31.1.jar:/home/killua/.m2/repository/com/google/auth/google-auth-library-oauth2-http/1.23.0/google-auth-library-oauth2-http-1.23.0.jar:/home/killua/.m2/repository/com/google/api/gax-grpc/2.43.0/gax-grpc-2.43.0.jar:/home/killua/.m2/repository/io/grpc/grpc-inprocess/1.61.1/grpc-inprocess-1.61.1.jar:/home/killua/.m2/repository/io/grpc/grpc-alts/1.61.1/grpc-alts-1.61.1.jar:/home/killua/.m2/repository/io/grpc/grpc-grpclb/1.61.1/grpc-grpclb-1.61.1.jar:/home/killua/.m2/repository/org/conscrypt/conscrypt-openjdk-uber/2.5.2/conscrypt-openjdk-uber-2.5.2.jar:/home/killua/.m2/repository/io/grpc/grpc-auth/1.61.1/grpc-auth-1.61.1.jar:/home/killua/.m2/repository/io/grpc/grpc-netty-shaded/1.61.1/grpc-netty-shaded-1.61.1.jar:/home/killua/.m2/repository/io/grpc/grpc-googleapis/1.61.1/grpc-googleapis-1.61.1.jar:/home/killua/.m2/repository/org/threeten/threetenbp/1.6.8/threetenbp-1.6.8.jar:/home/killua/.m2/repository/org/json/json/20240205/json-20240205.jar:/home/killua/.m2/repository/com/google/auth/google-auth-library-credentials/1.23.0/google-auth-library-credentials-1.23.0.jar:/home/killua/.m2/repository/com/google/code/findbugs/jsr305/3.0.2/jsr305-3.0.2.jar:/home/killua/.m2/repository/com/google/cloud/google-cloud-core/2.33.0/google-cloud-core-2.33.0.jar:/home/killua/.m2/repository/com/google/protobuf/protobuf-java-util/3.25.2/protobuf-java-util-3.25.2.jar:/home/killua/.m2/repository/com/google/api/grpc/proto-google-iam-v1/1.29.0/proto-google-iam-v1-1.29.0.jar:/home/killua/.m2/repository/com/google/http-client/google-http-client/1.44.1/google-http-client-1.44.1.jar:/home/killua/.m2/repository/org/apache/httpcomponents/httpclient/4.5.14/httpclient-4.5.14.jar:/home/killua/.m2/repository/commons-codec/commons-codec/1.16.1/commons-codec-1.16.1.jar:/home/killua/.m2/repository/org/apache/httpcomponents/httpcore/4.4.16/httpcore-4.4.16.jar:/home/killua/.m2/repository/io/opencensus/opencensus-contrib-http-util/0.31.1/opencensus-contrib-http-util-0.31.1.jar:/home/killua/.m2/repository/com/google/http-client/google-http-client-gson/1.44.1/google-http-client-gson-1.44.1.jar:/home/killua/.m2/repository/com/google/api/grpc/grpc-google-cloud-bigquerystorage-v1beta1/0.174.0/grpc-google-cloud-bigquerystorage-v1beta1-0.174.0.jar:/home/killua/.m2/repository/com/google/api/grpc/grpc-google-cloud-bigquerystorage-v1beta2/0.174.0/grpc-google-cloud-bigquerystorage-v1beta2-0.174.0.jar:/home/killua/.m2/repository/com/google/api/grpc/grpc-google-cloud-bigquerystorage-v1/3.2.0/grpc-google-cloud-bigquerystorage-v1-3.2.0.jar:/home/killua/.m2/repository/com/google/cloud/google-cloud-bigquery/2.37.2/google-cloud-bigquery-2.37.2.jar:/home/killua/.m2/repository/com/google/cloud/google-cloud-core-http/2.33.0/google-cloud-core-http-2.33.0.jar:/home/killua/.m2/repository/com/google/api-client/google-api-client/2.3.0/google-api-client-2.3.0.jar:/home/killua/.m2/repository/com/google/oauth-client/google-oauth-client/1.35.0/google-oauth-client-1.35.0.jar:/home/killua/.m2/repository/com/google/http-client/google-http-client-apache-v2/1.44.1/google-http-client-apache-v2-1.44.1.jar:/home/killua/.m2/repository/com/google/http-client/google-http-client-appengine/1.44.1/google-http-client-appengine-1.44.1.jar:/home/killua/.m2/repository/com/google/api/gax-httpjson/2.43.0/gax-httpjson-2.43.0.jar:/home/killua/.m2/repository/org/checkerframework/checker-compat-qual/2.5.6/checker-compat-qual-2.5.6.jar:/home/killua/.m2/repository/com/google/apis/google-api-services-bigquery/v2-rev20240203-2.0.0/google-api-services-bigquery-v2-rev20240203-2.0.0.jar:/home/killua/.m2/repository/org/threeten/threeten-extra/1.7.2/threeten-extra-1.7.2.jar:/home/killua/.m2/repository/commons-logging/commons-logging/1.2/commons-logging-1.2.jar:/home/killua/.m2/repository/org/apache/arrow/arrow-vector/15.0.0/arrow-vector-15.0.0.jar:/home/killua/.m2/repository/org/apache/arrow/arrow-format/15.0.0/arrow-format-15.0.0.jar:/home/killua/.m2/repository/com/fasterxml/jackson/datatype/jackson-datatype-jsr310/2.16.1/jackson-datatype-jsr310-2.16.1.jar:/home/killua/.m2/repository/com/google/flatbuffers/flatbuffers-java/23.5.26/flatbuffers-java-23.5.26.jar:/home/killua/.m2/repository/org/eclipse/collections/eclipse-collections/11.1.0/eclipse-collections-11.1.0.jar:/home/killua/.m2/repository/org/eclipse/collections/eclipse-collections-api/11.1.0/eclipse-collections-api-11.1.0.jar:/home/killua/.m2/repository/org/apache/arrow/arrow-memory-core/15.0.0/arrow-memory-core-15.0.0.jar:/home/killua/.m2/repository/org/apache/arrow/arrow-memory-netty/15.0.0/arrow-memory-netty-15.0.0.jar:/home/killua/.m2/repository/io/netty/netty-buffer/4.1.104.Final/netty-buffer-4.1.104.Final.jar:/home/killua/.m2/repository/io/netty/netty-common/4.1.104.Final/netty-common-4.1.104.Final.jar:/home/killua/.m2/repository/com/google/cloud/google-cloud-storage/2.34.0/google-cloud-storage-2.34.0.jar:/home/killua/.m2/repository/com/google/http-client/google-http-client-jackson2/1.44.1/google-http-client-jackson2-1.44.1.jar:/home/killua/.m2/repository/com/google/apis/google-api-services-storage/v1-rev20240209-2.0.0/google-api-services-storage-v1-rev20240209-2.0.0.jar:/home/killua/.m2/repository/com/google/cloud/google-cloud-core-grpc/2.33.0/google-cloud-core-grpc-2.33.0.jar:/home/killua/.m2/repository/com/google/api/grpc/proto-google-cloud-storage-v2/2.34.0-alpha/proto-google-cloud-storage-v2-2.34.0-alpha.jar:/home/killua/.m2/repository/com/google/api/grpc/grpc-google-cloud-storage-v2/2.34.0-alpha/grpc-google-cloud-storage-v2-2.34.0-alpha.jar:/home/killua/.m2/repository/com/google/api/grpc/gapic-google-cloud-storage-v2/2.34.0-alpha/gapic-google-cloud-storage-v2-2.34.0-alpha.jar:/home/killua/.m2/repository/io/grpc/grpc-xds/1.61.1/grpc-xds-1.61.1.jar:/home/killua/.m2/repository/io/opencensus/opencensus-proto/0.2.0/opencensus-proto-0.2.0.jar:/home/killua/.m2/repository/io/grpc/grpc-services/1.61.1/grpc-services-1.61.1.jar:/home/killua/.m2/repository/io/grpc/grpc-rls/1.61.1/grpc-rls-1.61.1.jar:
	os.spec = Linux, amd64, 6.19.5-3-cachyos
	os.vcpus = 16
 (org.apache.kafka.connect.runtime.WorkerInfo:71)
[2026-03-04 15:48:16,119] INFO Scanning for plugin classes. This might take a moment ... (org.apache.kafka.connect.cli.AbstractConnectCli:120)
[2026-03-04 15:48:16,119] INFO [Controller id=0] Starting the controller scheduler (kafka.controller.KafkaController:66)
[2026-03-04 15:48:16,120] INFO [Producer clientId=producer-4] Cluster ID: Iw_fbrLTTu62gEU1L876rA (org.apache.kafka.clients.Metadata:364)
[2026-03-04 15:48:16,121] INFO Loading plugin from: classpath (org.apache.kafka.connect.runtime.isolation.PluginScanner:75)
[2026-03-04 15:48:16,124] INFO Registered loader: jdk.internal.loader.ClassLoaders$AppClassLoader@341d43cd (org.apache.kafka.connect.runtime.isolation.PluginScanner:80)
[2026-03-04 15:48:16,124] INFO Scanning plugins with ServiceLoaderScanner took 3 ms (org.apache.kafka.connect.runtime.isolation.PluginScanner:70)
[2026-03-04 15:48:16,124] INFO Loading plugin from: classpath (org.apache.kafka.connect.runtime.isolation.PluginScanner:75)
[2026-03-04 15:48:16,207] INFO [zk-broker-0-to-controller-forwarding-channel-manager]: Recorded new ZK controller, from now on will use node localhost:41079 (id: 0 rack: null) (kafka.server.NodeToControllerRequestThread:66)
[2026-03-04 15:48:16,216] INFO [zk-broker-0-to-controller-alter-partition-channel-manager]: Recorded new ZK controller, from now on will use node localhost:41079 (id: 0 rack: null) (kafka.server.NodeToControllerRequestThread:66)
[2026-03-04 15:48:16,221] INFO [Controller id=0] Acquired new producerId block ProducerIdsBlock(assignedBrokerId=0, firstProducerId=0, size=1000) by writing to Zk with path version 1 (kafka.controller.KafkaController:66)
[2026-03-04 15:48:16,227] INFO [Producer clientId=producer-4] ProducerId set to 0 with epoch 0 (org.apache.kafka.clients.producer.internals.TransactionManager:502)
[2026-03-04 15:48:16,529] ERROR Failed to discover Converter in classpath: Unable to instantiate TestConverterWithPrivateConstructor: Plugin class default constructor must be public (org.apache.kafka.connect.runtime.isolation.ReflectionScanner:138)
java.lang.IllegalAccessException: class org.apache.kafka.connect.runtime.isolation.ReflectionScanner cannot access a member of class org.apache.kafka.connect.integration.ConnectorValidationIntegrationTest$TestConverterWithPrivateConstructor with modifiers "private"
	at java.base/jdk.internal.reflect.Reflection.newIllegalAccessException(Reflection.java:400)
	at java.base/java.lang.reflect.AccessibleObject.checkAccess(AccessibleObject.java:670)
	at java.base/java.lang.reflect.Constructor.newInstanceWithCaller(Constructor.java:492)
	at java.base/java.lang.reflect.Constructor.newInstance(Constructor.java:483)
	at org.apache.kafka.connect.runtime.isolation.ReflectionScanner.versionFor(ReflectionScanner.java:73)
	at org.apache.kafka.connect.runtime.isolation.ReflectionScanner.getPluginDesc(ReflectionScanner.java:136)
	at org.apache.kafka.connect.runtime.isolation.ReflectionScanner.scanPlugins(ReflectionScanner.java:89)
	at org.apache.kafka.connect.runtime.isolation.PluginScanner.scanUrlsAndAddPlugins(PluginScanner.java:79)
	at org.apache.kafka.connect.runtime.isolation.PluginScanner.discoverPlugins(PluginScanner.java:67)
	at org.apache.kafka.connect.runtime.isolation.Plugins.initLoaders(Plugins.java:91)
	at org.apache.kafka.connect.runtime.isolation.Plugins.<init>(Plugins.java:75)
	at org.apache.kafka.connect.runtime.isolation.Plugins.<init>(Plugins.java:64)
	at org.apache.kafka.connect.cli.AbstractConnectCli.startConnect(AbstractConnectCli.java:121)
	at org.apache.kafka.connect.util.clusters.WorkerHandle.start(WorkerHandle.java:47)
	at org.apache.kafka.connect.util.clusters.EmbeddedConnectCluster.addWorker(EmbeddedConnectCluster.java:88)
	at org.apache.kafka.connect.util.clusters.EmbeddedConnectCluster.startConnect(EmbeddedConnectCluster.java:163)
	at org.apache.kafka.connect.util.clusters.EmbeddedConnect.start(EmbeddedConnect.java:130)
	at org.apache.kafka.connect.util.clusters.EmbeddedConnectCluster.start(EmbeddedConnectCluster.java:48)
	at com.wepay.kafka.connect.bigquery.integration.BaseConnectorIT.startConnect(BaseConnectorIT.java:138)
	at com.wepay.kafka.connect.bigquery.integration.UpsertDeleteBigQuerySinkConnectorWithSRIT.setup(UpsertDeleteBigQuerySinkConnectorWithSRIT.java:86)
	at java.base/jdk.internal.reflect.DirectMethodHandleAccessor.invoke(DirectMethodHandleAccessor.java:104)
	at java.base/java.lang.reflect.Method.invoke(Method.java:565)
	at org.junit.platform.commons.util.ReflectionUtils.invokeMethod(ReflectionUtils.java:728)
	at org.junit.jupiter.engine.execution.MethodInvocation.proceed(MethodInvocation.java:60)
	at org.junit.jupiter.engine.execution.InvocationInterceptorChain$ValidatingInvocation.proceed(InvocationInterceptorChain.java:131)
	at org.junit.jupiter.engine.extension.TimeoutExtension.intercept(TimeoutExtension.java:156)
	at org.junit.jupiter.engine.extension.TimeoutExtension.interceptLifecycleMethod(TimeoutExtension.java:128)
	at org.junit.jupiter.engine.extension.TimeoutExtension.interceptBeforeEachMethod(TimeoutExtension.java:78)
	at org.junit.jupiter.engine.execution.InterceptingExecutableInvoker$ReflectiveInterceptorCall.lambda$ofVoidMethod$0(InterceptingExecutableInvoker.java:103)
	at org.junit.jupiter.engine.execution.InterceptingExecutableInvoker.lambda$invoke$0(InterceptingExecutableInvoker.java:93)
	at org.junit.jupiter.engine.execution.InvocationInterceptorChain$InterceptedInvocation.proceed(InvocationInterceptorChain.java:106)
	at org.junit.jupiter.engine.execution.InvocationInterceptorChain.proceed(InvocationInterceptorChain.java:64)
	at org.junit.jupiter.engine.execution.InvocationInterceptorChain.chainAndInvoke(InvocationInterceptorChain.java:45)
	at org.junit.jupiter.engine.execution.InvocationInterceptorChain.invoke(InvocationInterceptorChain.java:37)
	at org.junit.jupiter.engine.execution.InterceptingExecutableInvoker.invoke(InterceptingExecutableInvoker.java:92)
	at org.junit.jupiter.engine.execution.InterceptingExecutableInvoker.invoke(InterceptingExecutableInvoker.java:86)
	at org.junit.jupiter.engine.descriptor.ClassBasedTestDescriptor.invokeMethodInExtensionContext(ClassBasedTestDescriptor.java:521)
	at org.junit.jupiter.engine.descriptor.ClassBasedTestDescriptor.lambda$synthesizeBeforeEachMethodAdapter$23(ClassBasedTestDescriptor.java:506)
	at org.junit.jupiter.engine.descriptor.TestMethodTestDescriptor.lambda$invokeBeforeEachMethods$3(TestMethodTestDescriptor.java:175)
	at org.junit.jupiter.engine.descriptor.TestMethodTestDescriptor.lambda$invokeBeforeMethodsOrCallbacksUntilExceptionOccurs$6(TestMethodTestDescriptor.java:203)
	at org.junit.platform.engine.support.hierarchical.ThrowableCollector.execute(ThrowableCollector.java:73)
	at org.junit.jupiter.engine.descriptor.TestMethodTestDescriptor.invokeBeforeMethodsOrCallbacksUntilExceptionOccurs(TestMethodTestDescriptor.java:203)
	at org.junit.jupiter.engine.descriptor.TestMethodTestDescriptor.invokeBeforeEachMethods(TestMethodTestDescriptor.java:172)
	at org.junit.jupiter.engine.descriptor.TestMethodTestDescriptor.execute(TestMethodTestDescriptor.java:135)
	at org.junit.jupiter.engine.descriptor.TestMethodTestDescriptor.execute(TestMethodTestDescriptor.java:69)
	at org.junit.platform.engine.support.hierarchical.NodeTestTask.lambda$executeRecursively$6(NodeTestTask.java:151)
	at org.junit.platform.engine.support.hierarchical.ThrowableCollector.execute(ThrowableCollector.java:73)
	at org.junit.platform.engine.support.hierarchical.NodeTestTask.lambda$executeRecursively$8(NodeTestTask.java:141)
	at org.junit.platform.engine.support.hierarchical.Node.around(Node.java:137)
	at org.junit.platform.engine.support.hierarchical.NodeTestTask.lambda$executeRecursively$9(NodeTestTask.java:139)
	at org.junit.platform.engine.support.hierarchical.ThrowableCollector.execute(ThrowableCollector.java:73)
	at org.junit.platform.engine.support.hierarchical.NodeTestTask.executeRecursively(NodeTestTask.java:138)
	at org.junit.platform.engine.support.hierarchical.NodeTestTask.execute(NodeTestTask.java:95)
	at java.base/java.util.ArrayList.forEach(ArrayList.java:1604)
	at org.junit.platform.engine.support.hierarchical.SameThreadHierarchicalTestExecutorService.invokeAll(SameThreadHierarchicalTestExecutorService.java:41)
	at org.junit.platform.engine.support.hierarchical.NodeTestTask.lambda$executeRecursively$6(NodeTestTask.java:155)
	at org.junit.platform.engine.support.hierarchical.ThrowableCollector.execute(ThrowableCollector.java:73)
	at org.junit.platform.engine.support.hierarchical.NodeTestTask.lambda$executeRecursively$8(NodeTestTask.java:141)
	at org.junit.platform.engine.support.hierarchical.Node.around(Node.java:137)
	at org.junit.platform.engine.support.hierarchical.NodeTestTask.lambda$executeRecursively$9(NodeTestTask.java:139)
	at org.junit.platform.engine.support.hierarchical.ThrowableCollector.execute(ThrowableCollector.java:73)
	at org.junit.platform.engine.support.hierarchical.NodeTestTask.executeRecursively(NodeTestTask.java:138)
	at org.junit.platform.engine.support.hierarchical.NodeTestTask.execute(NodeTestTask.java:95)
	at java.base/java.util.ArrayList.forEach(ArrayList.java:1604)
	at org.junit.platform.engine.support.hierarchical.SameThreadHierarchicalTestExecutorService.invokeAll(SameThreadHierarchicalTestExecutorService.java:41)
	at org.junit.platform.engine.support.hierarchical.NodeTestTask.lambda$executeRecursively$6(NodeTestTask.java:155)
	at org.junit.platform.engine.support.hierarchical.ThrowableCollector.execute(ThrowableCollector.java:73)
	at org.junit.platform.engine.support.hierarchical.NodeTestTask.lambda$executeRecursively$8(NodeTestTask.java:141)
	at org.junit.platform.engine.support.hierarchical.Node.around(Node.java:137)
	at org.junit.platform.engine.support.hierarchical.NodeTestTask.lambda$executeRecursively$9(NodeTestTask.java:139)
	at org.junit.platform.engine.support.hierarchical.ThrowableCollector.execute(ThrowableCollector.java:73)
	at org.junit.platform.engine.support.hierarchical.NodeTestTask.executeRecursively(NodeTestTask.java:138)
	at org.junit.platform.engine.support.hierarchical.NodeTestTask.execute(NodeTestTask.java:95)
	at org.junit.platform.engine.support.hierarchical.SameThreadHierarchicalTestExecutorService.submit(SameThreadHierarchicalTestExecutorService.java:35)
	at org.junit.platform.engine.support.hierarchical.HierarchicalTestExecutor.execute(HierarchicalTestExecutor.java:57)
	at org.junit.platform.engine.support.hierarchical.HierarchicalTestEngine.execute(HierarchicalTestEngine.java:54)
	at org.junit.platform.launcher.core.EngineExecutionOrchestrator.execute(EngineExecutionOrchestrator.java:198)
	at org.junit.platform.launcher.core.EngineExecutionOrchestrator.execute(EngineExecutionOrchestrator.java:169)
	at org.junit.platform.launcher.core.EngineExecutionOrchestrator.execute(EngineExecutionOrchestrator.java:93)
	at org.junit.platform.launcher.core.EngineExecutionOrchestrator.lambda$execute$0(EngineExecutionOrchestrator.java:58)
	at org.junit.platform.launcher.core.EngineExecutionOrchestrator.withInterceptedStreams(EngineExecutionOrchestrator.java:141)
	at org.junit.platform.launcher.core.EngineExecutionOrchestrator.execute(EngineExecutionOrchestrator.java:57)
	at org.junit.platform.launcher.core.DefaultLauncher.execute(DefaultLauncher.java:103)
	at org.junit.platform.launcher.core.DefaultLauncher.execute(DefaultLauncher.java:85)
	at org.junit.platform.launcher.core.DelegatingLauncher.execute(DelegatingLauncher.java:47)
	at org.apache.maven.surefire.junitplatform.LazyLauncher.execute(LazyLauncher.java:56)
	at org.apache.maven.surefire.junitplatform.JUnitPlatformProvider.execute(JUnitPlatformProvider.java:194)
	at org.apache.maven.surefire.junitplatform.JUnitPlatformProvider.invokeAllTests(JUnitPlatformProvider.java:150)
	at org.apache.maven.surefire.junitplatform.JUnitPlatformProvider.invoke(JUnitPlatformProvider.java:124)
	at org.apache.maven.surefire.booter.ForkedBooter.runSuitesInProcess(ForkedBooter.java:385)
	at org.apache.maven.surefire.booter.ForkedBooter.execute(ForkedBooter.java:162)
	at org.apache.maven.surefire.booter.ForkedBooter.run(ForkedBooter.java:507)
	at org.apache.maven.surefire.booter.ForkedBooter.main(ForkedBooter.java:495)
[2026-03-04 15:48:16,529] ERROR Failed to discover Converter in classpath: Unable to instantiate TestConverterWithConstructorThatThrowsException: Failed to invoke plugin constructor (org.apache.kafka.connect.runtime.isolation.ReflectionScanner:138)
java.lang.reflect.InvocationTargetException
	at java.base/jdk.internal.reflect.DirectConstructorHandleAccessor.newInstance(DirectConstructorHandleAccessor.java:74)
	at java.base/java.lang.reflect.Constructor.newInstanceWithCaller(Constructor.java:499)
	at java.base/java.lang.reflect.Constructor.newInstance(Constructor.java:483)
	at org.apache.kafka.connect.runtime.isolation.ReflectionScanner.versionFor(ReflectionScanner.java:73)
	at org.apache.kafka.connect.runtime.isolation.ReflectionScanner.getPluginDesc(ReflectionScanner.java:136)
	at org.apache.kafka.connect.runtime.isolation.ReflectionScanner.scanPlugins(ReflectionScanner.java:89)
	at org.apache.kafka.connect.runtime.isolation.PluginScanner.scanUrlsAndAddPlugins(PluginScanner.java:79)
	at org.apache.kafka.connect.runtime.isolation.PluginScanner.discoverPlugins(PluginScanner.java:67)
	at org.apache.kafka.connect.runtime.isolation.Plugins.initLoaders(Plugins.java:91)
	at org.apache.kafka.connect.runtime.isolation.Plugins.<init>(Plugins.java:75)
	at org.apache.kafka.connect.runtime.isolation.Plugins.<init>(Plugins.java:64)
	at org.apache.kafka.connect.cli.AbstractConnectCli.startConnect(AbstractConnectCli.java:121)
	at org.apache.kafka.connect.util.clusters.WorkerHandle.start(WorkerHandle.java:47)
	at org.apache.kafka.connect.util.clusters.EmbeddedConnectCluster.addWorker(EmbeddedConnectCluster.java:88)
	at org.apache.kafka.connect.util.clusters.EmbeddedConnectCluster.startConnect(EmbeddedConnectCluster.java:163)
	at org.apache.kafka.connect.util.clusters.EmbeddedConnect.start(EmbeddedConnect.java:130)
	at org.apache.kafka.connect.util.clusters.EmbeddedConnectCluster.start(EmbeddedConnectCluster.java:48)
	at com.wepay.kafka.connect.bigquery.integration.BaseConnectorIT.startConnect(BaseConnectorIT.java:138)
	at com.wepay.kafka.connect.bigquery.integration.UpsertDeleteBigQuerySinkConnectorWithSRIT.setup(UpsertDeleteBigQuerySinkConnectorWithSRIT.java:86)
	at java.base/jdk.internal.reflect.DirectMethodHandleAccessor.invoke(DirectMethodHandleAccessor.java:104)
	at java.base/java.lang.reflect.Method.invoke(Method.java:565)
	at org.junit.platform.commons.util.ReflectionUtils.invokeMethod(ReflectionUtils.java:728)
	at org.junit.jupiter.engine.execution.MethodInvocation.proceed(MethodInvocation.java:60)
	at org.junit.jupiter.engine.execution.InvocationInterceptorChain$ValidatingInvocation.proceed(InvocationInterceptorChain.java:131)
	at org.junit.jupiter.engine.extension.TimeoutExtension.intercept(TimeoutExtension.java:156)
	at org.junit.jupiter.engine.extension.TimeoutExtension.interceptLifecycleMethod(TimeoutExtension.java:128)
	at org.junit.jupiter.engine.extension.TimeoutExtension.interceptBeforeEachMethod(TimeoutExtension.java:78)
	at org.junit.jupiter.engine.execution.InterceptingExecutableInvoker$ReflectiveInterceptorCall.lambda$ofVoidMethod$0(InterceptingExecutableInvoker.java:103)
	at org.junit.jupiter.engine.execution.InterceptingExecutableInvoker.lambda$invoke$0(InterceptingExecutableInvoker.java:93)
	at org.junit.jupiter.engine.execution.InvocationInterceptorChain$InterceptedInvocation.proceed(InvocationInterceptorChain.java:106)
	at org.junit.jupiter.engine.execution.InvocationInterceptorChain.proceed(InvocationInterceptorChain.java:64)
	at org.junit.jupiter.engine.execution.InvocationInterceptorChain.chainAndInvoke(InvocationInterceptorChain.java:45)
	at org.junit.jupiter.engine.execution.InvocationInterceptorChain.invoke(InvocationInterceptorChain.java:37)
	at org.junit.jupiter.engine.execution.InterceptingExecutableInvoker.invoke(InterceptingExecutableInvoker.java:92)
	at org.junit.jupiter.engine.execution.InterceptingExecutableInvoker.invoke(InterceptingExecutableInvoker.java:86)
	at org.junit.jupiter.engine.descriptor.ClassBasedTestDescriptor.invokeMethodInExtensionContext(ClassBasedTestDescriptor.java:521)
	at org.junit.jupiter.engine.descriptor.ClassBasedTestDescriptor.lambda$synthesizeBeforeEachMethodAdapter$23(ClassBasedTestDescriptor.java:506)
	at org.junit.jupiter.engine.descriptor.TestMethodTestDescriptor.lambda$invokeBeforeEachMethods$3(TestMethodTestDescriptor.java:175)
	at org.junit.jupiter.engine.descriptor.TestMethodTestDescriptor.lambda$invokeBeforeMethodsOrCallbacksUntilExceptionOccurs$6(TestMethodTestDescriptor.java:203)
	at org.junit.platform.engine.support.hierarchical.ThrowableCollector.execute(ThrowableCollector.java:73)
	at org.junit.jupiter.engine.descriptor.TestMethodTestDescriptor.invokeBeforeMethodsOrCallbacksUntilExceptionOccurs(TestMethodTestDescriptor.java:203)
	at org.junit.jupiter.engine.descriptor.TestMethodTestDescriptor.invokeBeforeEachMethods(TestMethodTestDescriptor.java:172)
	at org.junit.jupiter.engine.descriptor.TestMethodTestDescriptor.execute(TestMethodTestDescriptor.java:135)
	at org.junit.jupiter.engine.descriptor.TestMethodTestDescriptor.execute(TestMethodTestDescriptor.java:69)
	at org.junit.platform.engine.support.hierarchical.NodeTestTask.lambda$executeRecursively$6(NodeTestTask.java:151)
	at org.junit.platform.engine.support.hierarchical.ThrowableCollector.execute(ThrowableCollector.java:73)
	at org.junit.platform.engine.support.hierarchical.NodeTestTask.lambda$executeRecursively$8(NodeTestTask.java:141)
	at org.junit.platform.engine.support.hierarchical.Node.around(Node.java:137)
	at org.junit.platform.engine.support.hierarchical.NodeTestTask.lambda$executeRecursively$9(NodeTestTask.java:139)
	at org.junit.platform.engine.support.hierarchical.ThrowableCollector.execute(ThrowableCollector.java:73)
	at org.junit.platform.engine.support.hierarchical.NodeTestTask.executeRecursively(NodeTestTask.java:138)
	at org.junit.platform.engine.support.hierarchical.NodeTestTask.execute(NodeTestTask.java:95)
	at java.base/java.util.ArrayList.forEach(ArrayList.java:1604)
	at org.junit.platform.engine.support.hierarchical.SameThreadHierarchicalTestExecutorService.invokeAll(SameThreadHierarchicalTestExecutorService.java:41)
	at org.junit.platform.engine.support.hierarchical.NodeTestTask.lambda$executeRecursively$6(NodeTestTask.java:155)
	at org.junit.platform.engine.support.hierarchical.ThrowableCollector.execute(ThrowableCollector.java:73)
	at org.junit.platform.engine.support.hierarchical.NodeTestTask.lambda$executeRecursively$8(NodeTestTask.java:141)
	at org.junit.platform.engine.support.hierarchical.Node.around(Node.java:137)
	at org.junit.platform.engine.support.hierarchical.NodeTestTask.lambda$executeRecursively$9(NodeTestTask.java:139)
	at org.junit.platform.engine.support.hierarchical.ThrowableCollector.execute(ThrowableCollector.java:73)
	at org.junit.platform.engine.support.hierarchical.NodeTestTask.executeRecursively(NodeTestTask.java:138)
	at org.junit.platform.engine.support.hierarchical.NodeTestTask.execute(NodeTestTask.java:95)
	at java.base/java.util.ArrayList.forEach(ArrayList.java:1604)
	at org.junit.platform.engine.support.hierarchical.SameThreadHierarchicalTestExecutorService.invokeAll(SameThreadHierarchicalTestExecutorService.java:41)
	at org.junit.platform.engine.support.hierarchical.NodeTestTask.lambda$executeRecursively$6(NodeTestTask.java:155)
	at org.junit.platform.engine.support.hierarchical.ThrowableCollector.execute(ThrowableCollector.java:73)
	at org.junit.platform.engine.support.hierarchical.NodeTestTask.lambda$executeRecursively$8(NodeTestTask.java:141)
	at org.junit.platform.engine.support.hierarchical.Node.around(Node.java:137)
	at org.junit.platform.engine.support.hierarchical.NodeTestTask.lambda$executeRecursively$9(NodeTestTask.java:139)
	at org.junit.platform.engine.support.hierarchical.ThrowableCollector.execute(ThrowableCollector.java:73)
	at org.junit.platform.engine.support.hierarchical.NodeTestTask.executeRecursively(NodeTestTask.java:138)
	at org.junit.platform.engine.support.hierarchical.NodeTestTask.execute(NodeTestTask.java:95)
	at org.junit.platform.engine.support.hierarchical.SameThreadHierarchicalTestExecutorService.submit(SameThreadHierarchicalTestExecutorService.java:35)
	at org.junit.platform.engine.support.hierarchical.HierarchicalTestExecutor.execute(HierarchicalTestExecutor.java:57)
	at org.junit.platform.engine.support.hierarchical.HierarchicalTestEngine.execute(HierarchicalTestEngine.java:54)
	at org.junit.platform.launcher.core.EngineExecutionOrchestrator.execute(EngineExecutionOrchestrator.java:198)
	at org.junit.platform.launcher.core.EngineExecutionOrchestrator.execute(EngineExecutionOrchestrator.java:169)
	at org.junit.platform.launcher.core.EngineExecutionOrchestrator.execute(EngineExecutionOrchestrator.java:93)
	at org.junit.platform.launcher.core.EngineExecutionOrchestrator.lambda$execute$0(EngineExecutionOrchestrator.java:58)
	at org.junit.platform.launcher.core.EngineExecutionOrchestrator.withInterceptedStreams(EngineExecutionOrchestrator.java:141)
	at org.junit.platform.launcher.core.EngineExecutionOrchestrator.execute(EngineExecutionOrchestrator.java:57)
	at org.junit.platform.launcher.core.DefaultLauncher.execute(DefaultLauncher.java:103)
	at org.junit.platform.launcher.core.DefaultLauncher.execute(DefaultLauncher.java:85)
	at org.junit.platform.launcher.core.DelegatingLauncher.execute(DelegatingLauncher.java:47)
	at org.apache.maven.surefire.junitplatform.LazyLauncher.execute(LazyLauncher.java:56)
	at org.apache.maven.surefire.junitplatform.JUnitPlatformProvider.execute(JUnitPlatformProvider.java:194)
	at org.apache.maven.surefire.junitplatform.JUnitPlatformProvider.invokeAllTests(JUnitPlatformProvider.java:150)
	at org.apache.maven.surefire.junitplatform.JUnitPlatformProvider.invoke(JUnitPlatformProvider.java:124)
	at org.apache.maven.surefire.booter.ForkedBooter.runSuitesInProcess(ForkedBooter.java:385)
	at org.apache.maven.surefire.booter.ForkedBooter.execute(ForkedBooter.java:162)
	at org.apache.maven.surefire.booter.ForkedBooter.run(ForkedBooter.java:507)
	at org.apache.maven.surefire.booter.ForkedBooter.main(ForkedBooter.java:495)
Caused by: org.apache.kafka.connect.errors.ConnectException: whoops
	at org.apache.kafka.connect.integration.ConnectorValidationIntegrationTest$TestConverterWithConstructorThatThrowsException.<init>(ConnectorValidationIntegrationTest.java:530)
	at java.base/jdk.internal.reflect.DirectConstructorHandleAccessor.newInstance(DirectConstructorHandleAccessor.java:62)
	... 91 more
[2026-03-04 15:48:16,530] ERROR Failed to discover HeaderConverter in classpath: Unable to instantiate TestConverterWithPrivateConstructor: Plugin class default constructor must be public (org.apache.kafka.connect.runtime.isolation.ReflectionScanner:138)
java.lang.IllegalAccessException: class org.apache.kafka.connect.runtime.isolation.ReflectionScanner cannot access a member of class org.apache.kafka.connect.integration.ConnectorValidationIntegrationTest$TestConverterWithPrivateConstructor with modifiers "private"
	at java.base/jdk.internal.reflect.Reflection.newIllegalAccessException(Reflection.java:400)
	at java.base/java.lang.reflect.AccessibleObject.checkAccess(AccessibleObject.java:670)
	at java.base/java.lang.reflect.Constructor.newInstanceWithCaller(Constructor.java:492)
	at java.base/java.lang.reflect.Constructor.newInstance(Constructor.java:483)
	at org.apache.kafka.connect.runtime.isolation.ReflectionScanner.versionFor(ReflectionScanner.java:73)
	at org.apache.kafka.connect.runtime.isolation.ReflectionScanner.getPluginDesc(ReflectionScanner.java:136)
	at org.apache.kafka.connect.runtime.isolation.ReflectionScanner.scanPlugins(ReflectionScanner.java:90)
	at org.apache.kafka.connect.runtime.isolation.PluginScanner.scanUrlsAndAddPlugins(PluginScanner.java:79)
	at org.apache.kafka.connect.runtime.isolation.PluginScanner.discoverPlugins(PluginScanner.java:67)
	at org.apache.kafka.connect.runtime.isolation.Plugins.initLoaders(Plugins.java:91)
	at org.apache.kafka.connect.runtime.isolation.Plugins.<init>(Plugins.java:75)
	at org.apache.kafka.connect.runtime.isolation.Plugins.<init>(Plugins.java:64)
	at org.apache.kafka.connect.cli.AbstractConnectCli.startConnect(AbstractConnectCli.java:121)
	at org.apache.kafka.connect.util.clusters.WorkerHandle.start(WorkerHandle.java:47)
	at org.apache.kafka.connect.util.clusters.EmbeddedConnectCluster.addWorker(EmbeddedConnectCluster.java:88)
	at org.apache.kafka.connect.util.clusters.EmbeddedConnectCluster.startConnect(EmbeddedConnectCluster.java:163)
	at org.apache.kafka.connect.util.clusters.EmbeddedConnect.start(EmbeddedConnect.java:130)
	at org.apache.kafka.connect.util.clusters.EmbeddedConnectCluster.start(EmbeddedConnectCluster.java:48)
	at com.wepay.kafka.connect.bigquery.integration.BaseConnectorIT.startConnect(BaseConnectorIT.java:138)
	at com.wepay.kafka.connect.bigquery.integration.UpsertDeleteBigQuerySinkConnectorWithSRIT.setup(UpsertDeleteBigQuerySinkConnectorWithSRIT.java:86)
	at java.base/jdk.internal.reflect.DirectMethodHandleAccessor.invoke(DirectMethodHandleAccessor.java:104)
	at java.base/java.lang.reflect.Method.invoke(Method.java:565)
	at org.junit.platform.commons.util.ReflectionUtils.invokeMethod(ReflectionUtils.java:728)
	at org.junit.jupiter.engine.execution.MethodInvocation.proceed(MethodInvocation.java:60)
	at org.junit.jupiter.engine.execution.InvocationInterceptorChain$ValidatingInvocation.proceed(InvocationInterceptorChain.java:131)
	at org.junit.jupiter.engine.extension.TimeoutExtension.intercept(TimeoutExtension.java:156)
	at org.junit.jupiter.engine.extension.TimeoutExtension.interceptLifecycleMethod(TimeoutExtension.java:128)
	at org.junit.jupiter.engine.extension.TimeoutExtension.interceptBeforeEachMethod(TimeoutExtension.java:78)
	at org.junit.jupiter.engine.execution.InterceptingExecutableInvoker$ReflectiveInterceptorCall.lambda$ofVoidMethod$0(InterceptingExecutableInvoker.java:103)
	at org.junit.jupiter.engine.execution.InterceptingExecutableInvoker.lambda$invoke$0(InterceptingExecutableInvoker.java:93)
	at org.junit.jupiter.engine.execution.InvocationInterceptorChain$InterceptedInvocation.proceed(InvocationInterceptorChain.java:106)
	at org.junit.jupiter.engine.execution.InvocationInterceptorChain.proceed(InvocationInterceptorChain.java:64)
	at org.junit.jupiter.engine.execution.InvocationInterceptorChain.chainAndInvoke(InvocationInterceptorChain.java:45)
	at org.junit.jupiter.engine.execution.InvocationInterceptorChain.invoke(InvocationInterceptorChain.java:37)
	at org.junit.jupiter.engine.execution.InterceptingExecutableInvoker.invoke(InterceptingExecutableInvoker.java:92)
	at org.junit.jupiter.engine.execution.InterceptingExecutableInvoker.invoke(InterceptingExecutableInvoker.java:86)
	at org.junit.jupiter.engine.descriptor.ClassBasedTestDescriptor.invokeMethodInExtensionContext(ClassBasedTestDescriptor.java:521)
	at org.junit.jupiter.engine.descriptor.ClassBasedTestDescriptor.lambda$synthesizeBeforeEachMethodAdapter$23(ClassBasedTestDescriptor.java:506)
	at org.junit.jupiter.engine.descriptor.TestMethodTestDescriptor.lambda$invokeBeforeEachMethods$3(TestMethodTestDescriptor.java:175)
	at org.junit.jupiter.engine.descriptor.TestMethodTestDescriptor.lambda$invokeBeforeMethodsOrCallbacksUntilExceptionOccurs$6(TestMethodTestDescriptor.java:203)
	at org.junit.platform.engine.support.hierarchical.ThrowableCollector.execute(ThrowableCollector.java:73)
	at org.junit.jupiter.engine.descriptor.TestMethodTestDescriptor.invokeBeforeMethodsOrCallbacksUntilExceptionOccurs(TestMethodTestDescriptor.java:203)
	at org.junit.jupiter.engine.descriptor.TestMethodTestDescriptor.invokeBeforeEachMethods(TestMethodTestDescriptor.java:172)
	at org.junit.jupiter.engine.descriptor.TestMethodTestDescriptor.execute(TestMethodTestDescriptor.java:135)
	at org.junit.jupiter.engine.descriptor.TestMethodTestDescriptor.execute(TestMethodTestDescriptor.java:69)
	at org.junit.platform.engine.support.hierarchical.NodeTestTask.lambda$executeRecursively$6(NodeTestTask.java:151)
	at org.junit.platform.engine.support.hierarchical.ThrowableCollector.execute(ThrowableCollector.java:73)
	at org.junit.platform.engine.support.hierarchical.NodeTestTask.lambda$executeRecursively$8(NodeTestTask.java:141)
	at org.junit.platform.engine.support.hierarchical.Node.around(Node.java:137)
	at org.junit.platform.engine.support.hierarchical.NodeTestTask.lambda$executeRecursively$9(NodeTestTask.java:139)
	at org.junit.platform.engine.support.hierarchical.ThrowableCollector.execute(ThrowableCollector.java:73)
	at org.junit.platform.engine.support.hierarchical.NodeTestTask.executeRecursively(NodeTestTask.java:138)
	at org.junit.platform.engine.support.hierarchical.NodeTestTask.execute(NodeTestTask.java:95)
	at java.base/java.util.ArrayList.forEach(ArrayList.java:1604)
	at org.junit.platform.engine.support.hierarchical.SameThreadHierarchicalTestExecutorService.invokeAll(SameThreadHierarchicalTestExecutorService.java:41)
	at org.junit.platform.engine.support.hierarchical.NodeTestTask.lambda$executeRecursively$6(NodeTestTask.java:155)
	at org.junit.platform.engine.support.hierarchical.ThrowableCollector.execute(ThrowableCollector.java:73)
	at org.junit.platform.engine.support.hierarchical.NodeTestTask.lambda$executeRecursively$8(NodeTestTask.java:141)
	at org.junit.platform.engine.support.hierarchical.Node.around(Node.java:137)
	at org.junit.platform.engine.support.hierarchical.NodeTestTask.lambda$executeRecursively$9(NodeTestTask.java:139)
	at org.junit.platform.engine.support.hierarchical.ThrowableCollector.execute(ThrowableCollector.java:73)
	at org.junit.platform.engine.support.hierarchical.NodeTestTask.executeRecursively(NodeTestTask.java:138)
	at org.junit.platform.engine.support.hierarchical.NodeTestTask.execute(NodeTestTask.java:95)
	at java.base/java.util.ArrayList.forEach(ArrayList.java:1604)
	at org.junit.platform.engine.support.hierarchical.SameThreadHierarchicalTestExecutorService.invokeAll(SameThreadHierarchicalTestExecutorService.java:41)
	at org.junit.platform.engine.support.hierarchical.NodeTestTask.lambda$executeRecursively$6(NodeTestTask.java:155)
	at org.junit.platform.engine.support.hierarchical.ThrowableCollector.execute(ThrowableCollector.java:73)
	at org.junit.platform.engine.support.hierarchical.NodeTestTask.lambda$executeRecursively$8(NodeTestTask.java:141)
	at org.junit.platform.engine.support.hierarchical.Node.around(Node.java:137)
	at org.junit.platform.engine.support.hierarchical.NodeTestTask.lambda$executeRecursively$9(NodeTestTask.java:139)
	at org.junit.platform.engine.support.hierarchical.ThrowableCollector.execute(ThrowableCollector.java:73)
	at org.junit.platform.engine.support.hierarchical.NodeTestTask.executeRecursively(NodeTestTask.java:138)
	at org.junit.platform.engine.support.hierarchical.NodeTestTask.execute(NodeTestTask.java:95)
	at org.junit.platform.engine.support.hierarchical.SameThreadHierarchicalTestExecutorService.submit(SameThreadHierarchicalTestExecutorService.java:35)
	at org.junit.platform.engine.support.hierarchical.HierarchicalTestExecutor.execute(HierarchicalTestExecutor.java:57)
	at org.junit.platform.engine.support.hierarchical.HierarchicalTestEngine.execute(HierarchicalTestEngine.java:54)
	at org.junit.platform.launcher.core.EngineExecutionOrchestrator.execute(EngineExecutionOrchestrator.java:198)
	at org.junit.platform.launcher.core.EngineExecutionOrchestrator.execute(EngineExecutionOrchestrator.java:169)
	at org.junit.platform.launcher.core.EngineExecutionOrchestrator.execute(EngineExecutionOrchestrator.java:93)
	at org.junit.platform.launcher.core.EngineExecutionOrchestrator.lambda$execute$0(EngineExecutionOrchestrator.java:58)
	at org.junit.platform.launcher.core.EngineExecutionOrchestrator.withInterceptedStreams(EngineExecutionOrchestrator.java:141)
	at org.junit.platform.launcher.core.EngineExecutionOrchestrator.execute(EngineExecutionOrchestrator.java:57)
	at org.junit.platform.launcher.core.DefaultLauncher.execute(DefaultLauncher.java:103)
	at org.junit.platform.launcher.core.DefaultLauncher.execute(DefaultLauncher.java:85)
	at org.junit.platform.launcher.core.DelegatingLauncher.execute(DelegatingLauncher.java:47)
	at org.apache.maven.surefire.junitplatform.LazyLauncher.execute(LazyLauncher.java:56)
	at org.apache.maven.surefire.junitplatform.JUnitPlatformProvider.execute(JUnitPlatformProvider.java:194)
	at org.apache.maven.surefire.junitplatform.JUnitPlatformProvider.invokeAllTests(JUnitPlatformProvider.java:150)
	at org.apache.maven.surefire.junitplatform.JUnitPlatformProvider.invoke(JUnitPlatformProvider.java:124)
	at org.apache.maven.surefire.booter.ForkedBooter.runSuitesInProcess(ForkedBooter.java:385)
	at org.apache.maven.surefire.booter.ForkedBooter.execute(ForkedBooter.java:162)
	at org.apache.maven.surefire.booter.ForkedBooter.run(ForkedBooter.java:507)
	at org.apache.maven.surefire.booter.ForkedBooter.main(ForkedBooter.java:495)
[2026-03-04 15:48:16,530] ERROR Failed to discover HeaderConverter in classpath: Unable to instantiate TestConverterWithConstructorThatThrowsException: Failed to invoke plugin constructor (org.apache.kafka.connect.runtime.isolation.ReflectionScanner:138)
java.lang.reflect.InvocationTargetException
	at java.base/jdk.internal.reflect.DirectConstructorHandleAccessor.newInstance(DirectConstructorHandleAccessor.java:74)
	at java.base/java.lang.reflect.Constructor.newInstanceWithCaller(Constructor.java:499)
	at java.base/java.lang.reflect.Constructor.newInstance(Constructor.java:483)
	at org.apache.kafka.connect.runtime.isolation.ReflectionScanner.versionFor(ReflectionScanner.java:73)
	at org.apache.kafka.connect.runtime.isolation.ReflectionScanner.getPluginDesc(ReflectionScanner.java:136)
	at org.apache.kafka.connect.runtime.isolation.ReflectionScanner.scanPlugins(ReflectionScanner.java:90)
	at org.apache.kafka.connect.runtime.isolation.PluginScanner.scanUrlsAndAddPlugins(PluginScanner.java:79)
	at org.apache.kafka.connect.runtime.isolation.PluginScanner.discoverPlugins(PluginScanner.java:67)
	at org.apache.kafka.connect.runtime.isolation.Plugins.initLoaders(Plugins.java:91)
	at org.apache.kafka.connect.runtime.isolation.Plugins.<init>(Plugins.java:75)
	at org.apache.kafka.connect.runtime.isolation.Plugins.<init>(Plugins.java:64)
	at org.apache.kafka.connect.cli.AbstractConnectCli.startConnect(AbstractConnectCli.java:121)
	at org.apache.kafka.connect.util.clusters.WorkerHandle.start(WorkerHandle.java:47)
	at org.apache.kafka.connect.util.clusters.EmbeddedConnectCluster.addWorker(EmbeddedConnectCluster.java:88)
	at org.apache.kafka.connect.util.clusters.EmbeddedConnectCluster.startConnect(EmbeddedConnectCluster.java:163)
	at org.apache.kafka.connect.util.clusters.EmbeddedConnect.start(EmbeddedConnect.java:130)
	at org.apache.kafka.connect.util.clusters.EmbeddedConnectCluster.start(EmbeddedConnectCluster.java:48)
	at com.wepay.kafka.connect.bigquery.integration.BaseConnectorIT.startConnect(BaseConnectorIT.java:138)
	at com.wepay.kafka.connect.bigquery.integration.UpsertDeleteBigQuerySinkConnectorWithSRIT.setup(UpsertDeleteBigQuerySinkConnectorWithSRIT.java:86)
	at java.base/jdk.internal.reflect.DirectMethodHandleAccessor.invoke(DirectMethodHandleAccessor.java:104)
	at java.base/java.lang.reflect.Method.invoke(Method.java:565)
	at org.junit.platform.commons.util.ReflectionUtils.invokeMethod(ReflectionUtils.java:728)
	at org.junit.jupiter.engine.execution.MethodInvocation.proceed(MethodInvocation.java:60)
	at org.junit.jupiter.engine.execution.InvocationInterceptorChain$ValidatingInvocation.proceed(InvocationInterceptorChain.java:131)
	at org.junit.jupiter.engine.extension.TimeoutExtension.intercept(TimeoutExtension.java:156)
	at org.junit.jupiter.engine.extension.TimeoutExtension.interceptLifecycleMethod(TimeoutExtension.java:128)
	at org.junit.jupiter.engine.extension.TimeoutExtension.interceptBeforeEachMethod(TimeoutExtension.java:78)
	at org.junit.jupiter.engine.execution.InterceptingExecutableInvoker$ReflectiveInterceptorCall.lambda$ofVoidMethod$0(InterceptingExecutableInvoker.java:103)
	at org.junit.jupiter.engine.execution.InterceptingExecutableInvoker.lambda$invoke$0(InterceptingExecutableInvoker.java:93)
	at org.junit.jupiter.engine.execution.InvocationInterceptorChain$InterceptedInvocation.proceed(InvocationInterceptorChain.java:106)
	at org.junit.jupiter.engine.execution.InvocationInterceptorChain.proceed(InvocationInterceptorChain.java:64)
	at org.junit.jupiter.engine.execution.InvocationInterceptorChain.chainAndInvoke(InvocationInterceptorChain.java:45)
	at org.junit.jupiter.engine.execution.InvocationInterceptorChain.invoke(InvocationInterceptorChain.java:37)
	at org.junit.jupiter.engine.execution.InterceptingExecutableInvoker.invoke(InterceptingExecutableInvoker.java:92)
	at org.junit.jupiter.engine.execution.InterceptingExecutableInvoker.invoke(InterceptingExecutableInvoker.java:86)
	at org.junit.jupiter.engine.descriptor.ClassBasedTestDescriptor.invokeMethodInExtensionContext(ClassBasedTestDescriptor.java:521)
	at org.junit.jupiter.engine.descriptor.ClassBasedTestDescriptor.lambda$synthesizeBeforeEachMethodAdapter$23(ClassBasedTestDescriptor.java:506)
	at org.junit.jupiter.engine.descriptor.TestMethodTestDescriptor.lambda$invokeBeforeEachMethods$3(TestMethodTestDescriptor.java:175)
	at org.junit.jupiter.engine.descriptor.TestMethodTestDescriptor.lambda$invokeBeforeMethodsOrCallbacksUntilExceptionOccurs$6(TestMethodTestDescriptor.java:203)
	at org.junit.platform.engine.support.hierarchical.ThrowableCollector.execute(ThrowableCollector.java:73)
	at org.junit.jupiter.engine.descriptor.TestMethodTestDescriptor.invokeBeforeMethodsOrCallbacksUntilExceptionOccurs(TestMethodTestDescriptor.java:203)
	at org.junit.jupiter.engine.descriptor.TestMethodTestDescriptor.invokeBeforeEachMethods(TestMethodTestDescriptor.java:172)
	at org.junit.jupiter.engine.descriptor.TestMethodTestDescriptor.execute(TestMethodTestDescriptor.java:135)
	at org.junit.jupiter.engine.descriptor.TestMethodTestDescriptor.execute(TestMethodTestDescriptor.java:69)
	at org.junit.platform.engine.support.hierarchical.NodeTestTask.lambda$executeRecursively$6(NodeTestTask.java:151)
	at org.junit.platform.engine.support.hierarchical.ThrowableCollector.execute(ThrowableCollector.java:73)
	at org.junit.platform.engine.support.hierarchical.NodeTestTask.lambda$executeRecursively$8(NodeTestTask.java:141)
	at org.junit.platform.engine.support.hierarchical.Node.around(Node.java:137)
	at org.junit.platform.engine.support.hierarchical.NodeTestTask.lambda$executeRecursively$9(NodeTestTask.java:139)
	at org.junit.platform.engine.support.hierarchical.ThrowableCollector.execute(ThrowableCollector.java:73)
	at org.junit.platform.engine.support.hierarchical.NodeTestTask.executeRecursively(NodeTestTask.java:138)
	at org.junit.platform.engine.support.hierarchical.NodeTestTask.execute(NodeTestTask.java:95)
	at java.base/java.util.ArrayList.forEach(ArrayList.java:1604)
	at org.junit.platform.engine.support.hierarchical.SameThreadHierarchicalTestExecutorService.invokeAll(SameThreadHierarchicalTestExecutorService.java:41)
	at org.junit.platform.engine.support.hierarchical.NodeTestTask.lambda$executeRecursively$6(NodeTestTask.java:155)
	at org.junit.platform.engine.support.hierarchical.ThrowableCollector.execute(ThrowableCollector.java:73)
	at org.junit.platform.engine.support.hierarchical.NodeTestTask.lambda$executeRecursively$8(NodeTestTask.java:141)
	at org.junit.platform.engine.support.hierarchical.Node.around(Node.java:137)
	at org.junit.platform.engine.support.hierarchical.NodeTestTask.lambda$executeRecursively$9(NodeTestTask.java:139)
	at org.junit.platform.engine.support.hierarchical.ThrowableCollector.execute(ThrowableCollector.java:73)
	at org.junit.platform.engine.support.hierarchical.NodeTestTask.executeRecursively(NodeTestTask.java:138)
	at org.junit.platform.engine.support.hierarchical.NodeTestTask.execute(NodeTestTask.java:95)
	at java.base/java.util.ArrayList.forEach(ArrayList.java:1604)
	at org.junit.platform.engine.support.hierarchical.SameThreadHierarchicalTestExecutorService.invokeAll(SameThreadHierarchicalTestExecutorService.java:41)
	at org.junit.platform.engine.support.hierarchical.NodeTestTask.lambda$executeRecursively$6(NodeTestTask.java:155)
	at org.junit.platform.engine.support.hierarchical.ThrowableCollector.execute(ThrowableCollector.java:73)
	at org.junit.platform.engine.support.hierarchical.NodeTestTask.lambda$executeRecursively$8(NodeTestTask.java:141)
	at org.junit.platform.engine.support.hierarchical.Node.around(Node.java:137)
	at org.junit.platform.engine.support.hierarchical.NodeTestTask.lambda$executeRecursively$9(NodeTestTask.java:139)
	at org.junit.platform.engine.support.hierarchical.ThrowableCollector.execute(ThrowableCollector.java:73)
	at org.junit.platform.engine.support.hierarchical.NodeTestTask.executeRecursively(NodeTestTask.java:138)
	at org.junit.platform.engine.support.hierarchical.NodeTestTask.execute(NodeTestTask.java:95)
	at org.junit.platform.engine.support.hierarchical.SameThreadHierarchicalTestExecutorService.submit(SameThreadHierarchicalTestExecutorService.java:35)
	at org.junit.platform.engine.support.hierarchical.HierarchicalTestExecutor.execute(HierarchicalTestExecutor.java:57)
	at org.junit.platform.engine.support.hierarchical.HierarchicalTestEngine.execute(HierarchicalTestEngine.java:54)
	at org.junit.platform.launcher.core.EngineExecutionOrchestrator.execute(EngineExecutionOrchestrator.java:198)
	at org.junit.platform.launcher.core.EngineExecutionOrchestrator.execute(EngineExecutionOrchestrator.java:169)
	at org.junit.platform.launcher.core.EngineExecutionOrchestrator.execute(EngineExecutionOrchestrator.java:93)
	at org.junit.platform.launcher.core.EngineExecutionOrchestrator.lambda$execute$0(EngineExecutionOrchestrator.java:58)
	at org.junit.platform.launcher.core.EngineExecutionOrchestrator.withInterceptedStreams(EngineExecutionOrchestrator.java:141)
	at org.junit.platform.launcher.core.EngineExecutionOrchestrator.execute(EngineExecutionOrchestrator.java:57)
	at org.junit.platform.launcher.core.DefaultLauncher.execute(DefaultLauncher.java:103)
	at org.junit.platform.launcher.core.DefaultLauncher.execute(DefaultLauncher.java:85)
	at org.junit.platform.launcher.core.DelegatingLauncher.execute(DelegatingLauncher.java:47)
	at org.apache.maven.surefire.junitplatform.LazyLauncher.execute(LazyLauncher.java:56)
	at org.apache.maven.surefire.junitplatform.JUnitPlatformProvider.execute(JUnitPlatformProvider.java:194)
	at org.apache.maven.surefire.junitplatform.JUnitPlatformProvider.invokeAllTests(JUnitPlatformProvider.java:150)
	at org.apache.maven.surefire.junitplatform.JUnitPlatformProvider.invoke(JUnitPlatformProvider.java:124)
	at org.apache.maven.surefire.booter.ForkedBooter.runSuitesInProcess(ForkedBooter.java:385)
	at org.apache.maven.surefire.booter.ForkedBooter.execute(ForkedBooter.java:162)
	at org.apache.maven.surefire.booter.ForkedBooter.run(ForkedBooter.java:507)
	at org.apache.maven.surefire.booter.ForkedBooter.main(ForkedBooter.java:495)
Caused by: org.apache.kafka.connect.errors.ConnectException: whoops
	at org.apache.kafka.connect.integration.ConnectorValidationIntegrationTest$TestConverterWithConstructorThatThrowsException.<init>(ConnectorValidationIntegrationTest.java:530)
	at java.base/jdk.internal.reflect.DirectConstructorHandleAccessor.newInstance(DirectConstructorHandleAccessor.java:62)
	... 91 more
[2026-03-04 15:48:16,531] INFO Registered loader: jdk.internal.loader.ClassLoaders$AppClassLoader@341d43cd (org.apache.kafka.connect.runtime.isolation.PluginScanner:80)
[2026-03-04 15:48:16,531] INFO Scanning plugins with ReflectionScanner took 407 ms (org.apache.kafka.connect.runtime.isolation.PluginScanner:70)
[2026-03-04 15:48:16,531] WARN One or more plugins are missing ServiceLoader manifests may not be usable with plugin.discovery=service_load: [
classpath	io.confluent.connect.avro.AvroConverter	converter	undefined
classpath	io.debezium.transforms.ByLogicalTableRouter	transformation	undefined
classpath	io.debezium.transforms.UnwrapFromEnvelope	transformation	undefined
]
Read the documentation at https://kafka.apache.org/documentation.html#connect_plugindiscovery for instructions on migrating your plugins to take advantage of the performance improvements of service_load mode. To silence this warning, set plugin.discovery=only_scan in the worker config. (org.apache.kafka.connect.runtime.isolation.Plugins:122)
[2026-03-04 15:48:16,531] INFO Added plugin 'org.apache.kafka.connect.converters.FloatConverter' (org.apache.kafka.connect.runtime.isolation.DelegatingClassLoader:105)
[2026-03-04 15:48:16,531] INFO Added plugin 'org.apache.kafka.connect.transforms.ReplaceField$Key' (org.apache.kafka.connect.runtime.isolation.DelegatingClassLoader:105)
[2026-03-04 15:48:16,531] INFO Added plugin 'org.apache.kafka.connect.transforms.Filter' (org.apache.kafka.connect.runtime.isolation.DelegatingClassLoader:105)
[2026-03-04 15:48:16,531] INFO Added plugin 'org.apache.kafka.connect.transforms.InsertField$Value' (org.apache.kafka.connect.runtime.isolation.DelegatingClassLoader:105)
[2026-03-04 15:48:16,531] INFO Added plugin 'com.wepay.kafka.connect.bigquery.BigQuerySinkConnector' (org.apache.kafka.connect.runtime.isolation.DelegatingClassLoader:105)
[2026-03-04 15:48:16,531] INFO Added plugin 'org.apache.kafka.connect.transforms.TimestampConverter$Key' (org.apache.kafka.connect.runtime.isolation.DelegatingClassLoader:105)
[2026-03-04 15:48:16,531] INFO Added plugin 'org.apache.kafka.connect.integration.ErrorHandlingIntegrationTest$FaultyPassthrough' (org.apache.kafka.connect.runtime.isolation.DelegatingClassLoader:105)
[2026-03-04 15:48:16,531] INFO Added plugin 'org.apache.kafka.connect.runtime.isolation.PluginUtilsTest$CollidingHeaderConverter' (org.apache.kafka.connect.runtime.isolation.DelegatingClassLoader:105)
[2026-03-04 15:48:16,531] INFO Added plugin 'org.apache.kafka.connect.converters.DoubleConverter' (org.apache.kafka.connect.runtime.isolation.DelegatingClassLoader:105)
[2026-03-04 15:48:16,531] INFO Added plugin 'org.apache.kafka.connect.integration.MonitorableSourceConnector' (org.apache.kafka.connect.runtime.isolation.DelegatingClassLoader:105)
[2026-03-04 15:48:16,531] INFO Added plugin 'org.apache.kafka.connect.connector.policy.AllConnectorClientConfigOverridePolicy' (org.apache.kafka.connect.runtime.isolation.DelegatingClassLoader:105)
[2026-03-04 15:48:16,531] INFO Added plugin 'org.apache.kafka.connect.transforms.TimestampRouter' (org.apache.kafka.connect.runtime.isolation.DelegatingClassLoader:105)
[2026-03-04 15:48:16,531] INFO Added plugin 'org.apache.kafka.connect.integration.BlockingConnectorTest$TaskInitializeBlockingSourceConnector' (org.apache.kafka.connect.runtime.isolation.DelegatingClassLoader:105)
[2026-03-04 15:48:16,531] INFO Added plugin 'org.apache.kafka.connect.runtime.ErrorHandlingTaskTest$FaultyPassthrough' (org.apache.kafka.connect.runtime.isolation.DelegatingClassLoader:105)
[2026-03-04 15:48:16,531] INFO Added plugin 'io.debezium.transforms.ByLogicalTableRouter' (org.apache.kafka.connect.runtime.isolation.DelegatingClassLoader:105)
[2026-03-04 15:48:16,531] INFO Added plugin 'org.apache.kafka.connect.transforms.RegexRouter' (org.apache.kafka.connect.runtime.isolation.DelegatingClassLoader:105)
[2026-03-04 15:48:16,531] INFO Added plugin 'org.apache.kafka.connect.transforms.HoistField$Value' (org.apache.kafka.connect.runtime.isolation.DelegatingClassLoader:105)
[2026-03-04 15:48:16,531] INFO Added plugin 'org.apache.kafka.connect.connector.policy.PrincipalConnectorClientConfigOverridePolicy' (org.apache.kafka.connect.runtime.isolation.DelegatingClassLoader:105)
[2026-03-04 15:48:16,532] INFO Added plugin 'org.apache.kafka.connect.transforms.ValueToKey' (org.apache.kafka.connect.runtime.isolation.DelegatingClassLoader:105)
[2026-03-04 15:48:16,532] INFO Added plugin 'org.apache.kafka.connect.transforms.DropHeaders' (org.apache.kafka.connect.runtime.isolation.DelegatingClassLoader:105)
[2026-03-04 15:48:16,532] INFO Added plugin 'org.apache.kafka.connect.integration.ErrantRecordSinkConnector' (org.apache.kafka.connect.runtime.isolation.DelegatingClassLoader:105)
[2026-03-04 15:48:16,532] INFO Added plugin 'org.apache.kafka.connect.transforms.Cast$Key' (org.apache.kafka.connect.runtime.isolation.DelegatingClassLoader:105)
[2026-03-04 15:48:16,532] INFO Added plugin 'org.apache.kafka.connect.runtime.ErrorHandlingTaskTest$FaultyConverter' (org.apache.kafka.connect.runtime.isolation.DelegatingClassLoader:105)
[2026-03-04 15:48:16,532] INFO Added plugin 'org.apache.kafka.connect.runtime.ConnectorConfigTest$TestPredicate' (org.apache.kafka.connect.runtime.isolation.DelegatingClassLoader:105)
[2026-03-04 15:48:16,532] INFO Added plugin 'org.apache.kafka.connect.storage.SimpleHeaderConverter' (org.apache.kafka.connect.runtime.isolation.DelegatingClassLoader:105)
[2026-03-04 15:48:16,532] INFO Added plugin 'org.apache.kafka.connect.converters.LongConverter' (org.apache.kafka.connect.runtime.isolation.DelegatingClassLoader:105)
[2026-03-04 15:48:16,532] INFO Added plugin 'org.apache.kafka.connect.runtime.isolation.PluginsTest$TestConnectRestExtension' (org.apache.kafka.connect.runtime.isolation.DelegatingClassLoader:105)
[2026-03-04 15:48:16,532] INFO Added plugin 'org.apache.kafka.connect.integration.MonitorableSinkConnector' (org.apache.kafka.connect.runtime.isolation.DelegatingClassLoader:105)
[2026-03-04 15:48:16,532] INFO Added plugin 'org.apache.kafka.common.config.provider.FileConfigProvider' (org.apache.kafka.connect.runtime.isolation.DelegatingClassLoader:105)
[2026-03-04 15:48:16,532] INFO Added plugin 'org.apache.kafka.connect.runtime.ConnectorConfigTest$SimpleTransformation' (org.apache.kafka.connect.runtime.isolation.DelegatingClassLoader:105)
[2026-03-04 15:48:16,532] INFO Added plugin 'org.apache.kafka.connect.transforms.InsertHeader' (org.apache.kafka.connect.runtime.isolation.DelegatingClassLoader:105)
[2026-03-04 15:48:16,532] INFO Added plugin 'org.apache.kafka.connect.runtime.isolation.PluginUtilsTest$CollidingConverter' (org.apache.kafka.connect.runtime.isolation.DelegatingClassLoader:105)
[2026-03-04 15:48:16,532] INFO Added plugin 'org.apache.kafka.connect.runtime.SampleSinkConnector' (org.apache.kafka.connect.runtime.isolation.DelegatingClassLoader:105)
[2026-03-04 15:48:16,532] INFO Added plugin 'io.debezium.transforms.UnwrapFromEnvelope' (org.apache.kafka.connect.runtime.isolation.DelegatingClassLoader:105)
[2026-03-04 15:48:16,532] INFO Added plugin 'org.apache.kafka.common.config.provider.DirectoryConfigProvider' (org.apache.kafka.connect.runtime.isolation.DelegatingClassLoader:105)
[2026-03-04 15:48:16,532] INFO Added plugin 'org.apache.kafka.connect.runtime.isolation.PluginsTest$TestConverter' (org.apache.kafka.connect.runtime.isolation.DelegatingClassLoader:105)
[2026-03-04 15:48:16,532] INFO Added plugin 'org.apache.kafka.connect.transforms.Flatten$Key' (org.apache.kafka.connect.runtime.isolation.DelegatingClassLoader:105)
[2026-03-04 15:48:16,532] INFO Added plugin 'org.apache.kafka.connect.runtime.SampleConverterWithHeaders' (org.apache.kafka.connect.runtime.isolation.DelegatingClassLoader:105)
[2026-03-04 15:48:16,532] INFO Added plugin 'org.apache.kafka.connect.transforms.HeaderFrom$Value' (org.apache.kafka.connect.runtime.isolation.DelegatingClassLoader:105)
[2026-03-04 15:48:16,532] INFO Added plugin 'org.apache.kafka.connect.transforms.SetSchemaMetadata$Key' (org.apache.kafka.connect.runtime.isolation.DelegatingClassLoader:105)
[2026-03-04 15:48:16,532] INFO Added plugin 'io.confluent.kafka.schemaregistry.client.config.provider.SchemaRegistryConfigProvider' (org.apache.kafka.connect.runtime.isolation.DelegatingClassLoader:105)
[2026-03-04 15:48:16,532] INFO Added plugin 'org.apache.kafka.connect.runtime.ConnectorConfigTest$AbstractKeyValueTransformation$Value' (org.apache.kafka.connect.runtime.isolation.DelegatingClassLoader:105)
[2026-03-04 15:48:16,532] INFO Added plugin 'org.apache.kafka.connect.json.JsonConverter' (org.apache.kafka.connect.runtime.isolation.DelegatingClassLoader:105)
[2026-03-04 15:48:16,532] INFO Added plugin 'org.apache.kafka.connect.integration.ExactlyOnceSourceIntegrationTest$NaughtyConnector' (org.apache.kafka.connect.runtime.isolation.DelegatingClassLoader:105)
[2026-03-04 15:48:16,532] INFO Added plugin 'org.apache.kafka.connect.runtime.SampleHeaderConverter' (org.apache.kafka.connect.runtime.isolation.DelegatingClassLoader:105)
[2026-03-04 15:48:16,532] INFO Added plugin 'org.apache.kafka.connect.runtime.rest.resources.ConnectorPluginsResourceTest$ConnectorPluginsResourceTestConnector' (org.apache.kafka.connect.runtime.isolation.DelegatingClassLoader:105)
[2026-03-04 15:48:16,532] INFO Added plugin 'org.apache.kafka.connect.transforms.predicates.TopicNameMatches' (org.apache.kafka.connect.runtime.isolation.DelegatingClassLoader:105)
[2026-03-04 15:48:16,532] INFO Added plugin 'org.apache.kafka.connect.transforms.ReplaceField$Value' (org.apache.kafka.connect.runtime.isolation.DelegatingClassLoader:105)
[2026-03-04 15:48:16,532] INFO Added plugin 'org.apache.kafka.connect.integration.BlockingConnectorTest$ConfigBlockingConnector' (org.apache.kafka.connect.runtime.isolation.DelegatingClassLoader:105)
[2026-03-04 15:48:16,532] INFO Added plugin 'org.apache.kafka.connect.transforms.SetSchemaMetadata$Value' (org.apache.kafka.connect.runtime.isolation.DelegatingClassLoader:105)
[2026-03-04 15:48:16,532] INFO Added plugin 'org.apache.kafka.connect.runtime.isolation.PluginsTest$TestInternalConverter' (org.apache.kafka.connect.runtime.isolation.DelegatingClassLoader:105)
[2026-03-04 15:48:16,532] INFO Added plugin 'org.apache.kafka.connect.converters.IntegerConverter' (org.apache.kafka.connect.runtime.isolation.DelegatingClassLoader:105)
[2026-03-04 15:48:16,532] INFO Added plugin 'org.apache.kafka.connect.runtime.ConnectorConfigTest$AbstractKeyValueTransformation$Key' (org.apache.kafka.connect.runtime.isolation.DelegatingClassLoader:105)
[2026-03-04 15:48:16,532] INFO Added plugin 'org.apache.kafka.connect.runtime.ConnectorConfigTest$HasDuplicateConfigTransformation' (org.apache.kafka.connect.runtime.isolation.DelegatingClassLoader:105)
[2026-03-04 15:48:16,532] INFO Added plugin 'org.apache.kafka.connect.transforms.HeaderFrom$Key' (org.apache.kafka.connect.runtime.isolation.DelegatingClassLoader:105)
[2026-03-04 15:48:16,532] INFO Added plugin 'org.apache.kafka.connect.transforms.predicates.HasHeaderKey' (org.apache.kafka.connect.runtime.isolation.DelegatingClassLoader:105)
[2026-03-04 15:48:16,532] INFO Added plugin 'org.apache.kafka.connect.transforms.predicates.RecordIsTombstone' (org.apache.kafka.connect.runtime.isolation.DelegatingClassLoader:105)
[2026-03-04 15:48:16,532] INFO Added plugin 'org.apache.kafka.connect.transforms.MaskField$Value' (org.apache.kafka.connect.runtime.isolation.DelegatingClassLoader:105)
[2026-03-04 15:48:16,532] INFO Added plugin 'org.apache.kafka.connect.connector.policy.NoneConnectorClientConfigOverridePolicy' (org.apache.kafka.connect.runtime.isolation.DelegatingClassLoader:105)
[2026-03-04 15:48:16,532] INFO Added plugin 'org.apache.kafka.common.config.provider.EnvVarConfigProvider' (org.apache.kafka.connect.runtime.isolation.DelegatingClassLoader:105)
[2026-03-04 15:48:16,532] INFO Added plugin 'org.apache.kafka.connect.integration.BlockingConnectorTest$BlockingSinkConnector' (org.apache.kafka.connect.runtime.isolation.DelegatingClassLoader:105)
[2026-03-04 15:48:16,532] INFO Added plugin 'org.apache.kafka.connect.integration.BlockingConnectorTest$BlockingConnector' (org.apache.kafka.connect.runtime.isolation.DelegatingClassLoader:105)
[2026-03-04 15:48:16,532] INFO Added plugin 'org.apache.kafka.connect.integration.ConnectorValidationIntegrationTest$TestConverterWithNoConfigDef' (org.apache.kafka.connect.runtime.isolation.DelegatingClassLoader:105)
[2026-03-04 15:48:16,532] INFO Added plugin 'org.apache.kafka.connect.integration.BlockingConnectorTest$ValidateBlockingConnector' (org.apache.kafka.connect.runtime.isolation.DelegatingClassLoader:105)
[2026-03-04 15:48:16,532] INFO Added plugin 'org.apache.kafka.connect.integration.BlockingConnectorTest$BlockingSourceConnector' (org.apache.kafka.connect.runtime.isolation.DelegatingClassLoader:105)
[2026-03-04 15:48:16,532] INFO Added plugin 'org.apache.kafka.connect.integration.BlockingConnectorTest$InitializeBlockingConnector' (org.apache.kafka.connect.runtime.isolation.DelegatingClassLoader:105)
[2026-03-04 15:48:16,532] INFO Added plugin 'org.apache.kafka.connect.storage.StringConverter' (org.apache.kafka.connect.runtime.isolation.DelegatingClassLoader:105)
[2026-03-04 15:48:16,532] INFO Added plugin 'org.apache.kafka.connect.integration.ConnectWorkerIntegrationTest$EmptyTaskConfigsConnector' (org.apache.kafka.connect.runtime.isolation.DelegatingClassLoader:105)
[2026-03-04 15:48:16,532] INFO Added plugin 'org.apache.kafka.connect.transforms.MaskField$Key' (org.apache.kafka.connect.runtime.isolation.DelegatingClassLoader:105)
[2026-03-04 15:48:16,532] INFO Added plugin 'org.apache.kafka.connect.converters.ByteArrayConverter' (org.apache.kafka.connect.runtime.isolation.DelegatingClassLoader:105)
[2026-03-04 15:48:16,532] INFO Added plugin 'io.confluent.connect.avro.AvroConverter' (org.apache.kafka.connect.runtime.isolation.DelegatingClassLoader:105)
[2026-03-04 15:48:16,532] INFO Added plugin 'org.apache.kafka.connect.transforms.Cast$Value' (org.apache.kafka.connect.runtime.isolation.DelegatingClassLoader:105)
[2026-03-04 15:48:16,532] INFO Added plugin 'org.apache.kafka.connect.transforms.ExtractField$Key' (org.apache.kafka.connect.runtime.isolation.DelegatingClassLoader:105)
[2026-03-04 15:48:16,532] INFO Added plugin 'org.apache.kafka.connect.runtime.isolation.PluginUtilsTest$Colliding' (org.apache.kafka.connect.runtime.isolation.DelegatingClassLoader:105)
[2026-03-04 15:48:16,532] INFO Added plugin 'org.apache.kafka.connect.transforms.Flatten$Value' (org.apache.kafka.connect.runtime.isolation.DelegatingClassLoader:105)
[2026-03-04 15:48:16,532] INFO Added plugin 'org.apache.kafka.connect.transforms.InsertField$Key' (org.apache.kafka.connect.runtime.isolation.DelegatingClassLoader:105)
[2026-03-04 15:48:16,532] INFO Added plugin 'org.apache.kafka.connect.converters.BooleanConverter' (org.apache.kafka.connect.runtime.isolation.DelegatingClassLoader:105)
[2026-03-04 15:48:16,532] INFO Added plugin 'org.apache.kafka.connect.integration.BlockingConnectorTest$TaskInitializeBlockingSinkConnector' (org.apache.kafka.connect.runtime.isolation.DelegatingClassLoader:105)
[2026-03-04 15:48:16,532] INFO Added plugin 'org.apache.kafka.connect.runtime.SamplePredicate' (org.apache.kafka.connect.runtime.isolation.DelegatingClassLoader:105)
[2026-03-04 15:48:16,532] INFO Added plugin 'org.apache.kafka.connect.runtime.SampleTransformation' (org.apache.kafka.connect.runtime.isolation.DelegatingClassLoader:105)
[2026-03-04 15:48:16,532] INFO Added plugin 'org.apache.kafka.connect.transforms.ExtractField$Value' (org.apache.kafka.connect.runtime.isolation.DelegatingClassLoader:105)
[2026-03-04 15:48:16,532] INFO Added plugin 'org.apache.kafka.connect.integration.ConnectorValidationIntegrationTest$TestConverterWithSinglePropertyConfigDef' (org.apache.kafka.connect.runtime.isolation.DelegatingClassLoader:105)
[2026-03-04 15:48:16,532] INFO Added plugin 'org.apache.kafka.connect.runtime.SampleSourceConnector' (org.apache.kafka.connect.runtime.isolation.DelegatingClassLoader:105)
[2026-03-04 15:48:16,532] INFO Added plugin 'org.apache.kafka.connect.transforms.TimestampConverter$Value' (org.apache.kafka.connect.runtime.isolation.DelegatingClassLoader:105)
[2026-03-04 15:48:16,533] INFO Added plugin 'org.apache.kafka.connect.runtime.isolation.PluginsTest$TestHeaderConverter' (org.apache.kafka.connect.runtime.isolation.DelegatingClassLoader:105)
[2026-03-04 15:48:16,533] INFO Added plugin 'org.apache.kafka.connect.transforms.HoistField$Key' (org.apache.kafka.connect.runtime.isolation.DelegatingClassLoader:105)
[2026-03-04 15:48:16,533] INFO Added plugin 'org.apache.kafka.connect.converters.ShortConverter' (org.apache.kafka.connect.runtime.isolation.DelegatingClassLoader:105)
[2026-03-04 15:48:16,533] INFO Added alias 'EmptyTaskConfigs' to plugin 'org.apache.kafka.connect.integration.ConnectWorkerIntegrationTest$EmptyTaskConfigsConnector' (org.apache.kafka.connect.runtime.isolation.DelegatingClassLoader:109)
[2026-03-04 15:48:16,533] INFO Added alias 'ValidateBlockingConnector' to plugin 'org.apache.kafka.connect.integration.BlockingConnectorTest$ValidateBlockingConnector' (org.apache.kafka.connect.runtime.isolation.DelegatingClassLoader:109)
[2026-03-04 15:48:16,533] INFO Added alias 'RecordIsTombstone' to plugin 'org.apache.kafka.connect.transforms.predicates.RecordIsTombstone' (org.apache.kafka.connect.runtime.isolation.DelegatingClassLoader:109)
[2026-03-04 15:48:16,533] INFO Added alias 'String' to plugin 'org.apache.kafka.connect.storage.StringConverter' (org.apache.kafka.connect.runtime.isolation.DelegatingClassLoader:109)
[2026-03-04 15:48:16,533] INFO Added alias 'ConfigBlockingConnector' to plugin 'org.apache.kafka.connect.integration.BlockingConnectorTest$ConfigBlockingConnector' (org.apache.kafka.connect.runtime.isolation.DelegatingClassLoader:109)
[2026-03-04 15:48:16,533] INFO Added alias 'TestPredicate' to plugin 'org.apache.kafka.connect.runtime.ConnectorConfigTest$TestPredicate' (org.apache.kafka.connect.runtime.isolation.DelegatingClassLoader:109)
[2026-03-04 15:48:16,533] INFO Added alias 'EnvVarConfigProvider' to plugin 'org.apache.kafka.common.config.provider.EnvVarConfigProvider' (org.apache.kafka.connect.runtime.isolation.DelegatingClassLoader:109)
[2026-03-04 15:48:16,533] INFO Added alias 'EnvVar' to plugin 'org.apache.kafka.common.config.provider.EnvVarConfigProvider' (org.apache.kafka.connect.runtime.isolation.DelegatingClassLoader:109)
[2026-03-04 15:48:16,533] INFO Added alias 'Boolean' to plugin 'org.apache.kafka.connect.converters.BooleanConverter' (org.apache.kafka.connect.runtime.isolation.DelegatingClassLoader:109)
[2026-03-04 15:48:16,533] INFO Added alias 'NaughtyConnector' to plugin 'org.apache.kafka.connect.integration.ExactlyOnceSourceIntegrationTest$NaughtyConnector' (org.apache.kafka.connect.runtime.isolation.DelegatingClassLoader:109)
[2026-03-04 15:48:16,533] INFO Added alias 'AvroConverter' to plugin 'io.confluent.connect.avro.AvroConverter' (org.apache.kafka.connect.runtime.isolation.DelegatingClassLoader:109)
[2026-03-04 15:48:16,533] INFO Added alias 'MonitorableSinkConnector' to plugin 'org.apache.kafka.connect.integration.MonitorableSinkConnector' (org.apache.kafka.connect.runtime.isolation.DelegatingClassLoader:109)
[2026-03-04 15:48:16,533] INFO Added alias 'BlockingSink' to plugin 'org.apache.kafka.connect.integration.BlockingConnectorTest$BlockingSinkConnector' (org.apache.kafka.connect.runtime.isolation.DelegatingClassLoader:109)
[2026-03-04 15:48:16,533] INFO Added alias 'BlockingSourceConnector' to plugin 'org.apache.kafka.connect.integration.BlockingConnectorTest$BlockingSourceConnector' (org.apache.kafka.connect.runtime.isolation.DelegatingClassLoader:109)
[2026-03-04 15:48:16,533] INFO Added alias 'SampleSink' to plugin 'org.apache.kafka.connect.runtime.SampleSinkConnector' (org.apache.kafka.connect.runtime.isolation.DelegatingClassLoader:109)
[2026-03-04 15:48:16,533] INFO Added alias 'TestHeaderConverter' to plugin 'org.apache.kafka.connect.runtime.isolation.PluginsTest$TestHeaderConverter' (org.apache.kafka.connect.runtime.isolation.DelegatingClassLoader:109)
[2026-03-04 15:48:16,533] INFO Added alias 'SchemaRegistryConfigProvider' to plugin 'io.confluent.kafka.schemaregistry.client.config.provider.SchemaRegistryConfigProvider' (org.apache.kafka.connect.runtime.isolation.DelegatingClassLoader:109)
[2026-03-04 15:48:16,533] INFO Added alias 'HasDuplicateConfig' to plugin 'org.apache.kafka.connect.runtime.ConnectorConfigTest$HasDuplicateConfigTransformation' (org.apache.kafka.connect.runtime.isolation.DelegatingClassLoader:109)
[2026-03-04 15:48:16,533] INFO Added alias 'Json' to plugin 'org.apache.kafka.connect.json.JsonConverter' (org.apache.kafka.connect.runtime.isolation.DelegatingClassLoader:109)
[2026-03-04 15:48:16,533] INFO Added alias 'StringConverter' to plugin 'org.apache.kafka.connect.storage.StringConverter' (org.apache.kafka.connect.runtime.isolation.DelegatingClassLoader:109)
[2026-03-04 15:48:16,533] INFO Added alias 'SampleHeaderConverter' to plugin 'org.apache.kafka.connect.runtime.SampleHeaderConverter' (org.apache.kafka.connect.runtime.isolation.DelegatingClassLoader:109)
[2026-03-04 15:48:16,533] INFO Added alias 'IntegerConverter' to plugin 'org.apache.kafka.connect.converters.IntegerConverter' (org.apache.kafka.connect.runtime.isolation.DelegatingClassLoader:109)
[2026-03-04 15:48:16,533] INFO Added alias 'Float' to plugin 'org.apache.kafka.connect.converters.FloatConverter' (org.apache.kafka.connect.runtime.isolation.DelegatingClassLoader:109)
[2026-03-04 15:48:16,533] INFO Added alias 'SamplePredicate' to plugin 'org.apache.kafka.connect.runtime.SamplePredicate' (org.apache.kafka.connect.runtime.isolation.DelegatingClassLoader:109)
[2026-03-04 15:48:16,533] INFO Added alias 'LongConverter' to plugin 'org.apache.kafka.connect.converters.LongConverter' (org.apache.kafka.connect.runtime.isolation.DelegatingClassLoader:109)
[2026-03-04 15:48:16,533] INFO Added alias 'DropHeaders' to plugin 'org.apache.kafka.connect.transforms.DropHeaders' (org.apache.kafka.connect.runtime.isolation.DelegatingClassLoader:109)
[2026-03-04 15:48:16,533] INFO Added alias 'BlockingSinkConnector' to plugin 'org.apache.kafka.connect.integration.BlockingConnectorTest$BlockingSinkConnector' (org.apache.kafka.connect.runtime.isolation.DelegatingClassLoader:109)
[2026-03-04 15:48:16,533] INFO Added alias 'SimpleHeaderConverter' to plugin 'org.apache.kafka.connect.storage.SimpleHeaderConverter' (org.apache.kafka.connect.runtime.isolation.DelegatingClassLoader:109)
[2026-03-04 15:48:16,533] INFO Added alias 'DirectoryConfigProvider' to plugin 'org.apache.kafka.common.config.provider.DirectoryConfigProvider' (org.apache.kafka.connect.runtime.isolation.DelegatingClassLoader:109)
[2026-03-04 15:48:16,533] INFO Added alias 'ShortConverter' to plugin 'org.apache.kafka.connect.converters.ShortConverter' (org.apache.kafka.connect.runtime.isolation.DelegatingClassLoader:109)
[2026-03-04 15:48:16,533] INFO Added alias 'Avro' to plugin 'io.confluent.connect.avro.AvroConverter' (org.apache.kafka.connect.runtime.isolation.DelegatingClassLoader:109)
[2026-03-04 15:48:16,533] INFO Added alias 'SampleTransformation' to plugin 'org.apache.kafka.connect.runtime.SampleTransformation' (org.apache.kafka.connect.runtime.isolation.DelegatingClassLoader:109)
[2026-03-04 15:48:16,533] INFO Added alias 'TaskInitializeBlockingSinkConnector' to plugin 'org.apache.kafka.connect.integration.BlockingConnectorTest$TaskInitializeBlockingSinkConnector' (org.apache.kafka.connect.runtime.isolation.DelegatingClassLoader:109)
[2026-03-04 15:48:16,533] INFO Added alias 'AllConnectorClientConfigOverridePolicy' to plugin 'org.apache.kafka.connect.connector.policy.AllConnectorClientConfigOverridePolicy' (org.apache.kafka.connect.runtime.isolation.DelegatingClassLoader:109)
[2026-03-04 15:48:16,533] INFO Added alias 'TaskInitializeBlockingSink' to plugin 'org.apache.kafka.connect.integration.BlockingConnectorTest$TaskInitializeBlockingSinkConnector' (org.apache.kafka.connect.runtime.isolation.DelegatingClassLoader:109)
[2026-03-04 15:48:16,533] INFO Added alias 'EmptyTaskConfigsConnector' to plugin 'org.apache.kafka.connect.integration.ConnectWorkerIntegrationTest$EmptyTaskConfigsConnector' (org.apache.kafka.connect.runtime.isolation.DelegatingClassLoader:109)
[2026-03-04 15:48:16,533] INFO Added alias 'Directory' to plugin 'org.apache.kafka.common.config.provider.DirectoryConfigProvider' (org.apache.kafka.connect.runtime.isolation.DelegatingClassLoader:109)
[2026-03-04 15:48:16,533] INFO Added alias 'FaultyConverter' to plugin 'org.apache.kafka.connect.runtime.ErrorHandlingTaskTest$FaultyConverter' (org.apache.kafka.connect.runtime.isolation.DelegatingClassLoader:109)
[2026-03-04 15:48:16,533] INFO Added alias 'Naughty' to plugin 'org.apache.kafka.connect.integration.ExactlyOnceSourceIntegrationTest$NaughtyConnector' (org.apache.kafka.connect.runtime.isolation.DelegatingClassLoader:109)
[2026-03-04 15:48:16,533] INFO Added alias 'SampleSourceConnector' to plugin 'org.apache.kafka.connect.runtime.SampleSourceConnector' (org.apache.kafka.connect.runtime.isolation.DelegatingClassLoader:109)
[2026-03-04 15:48:16,533] INFO Added alias 'TaskInitializeBlockingSource' to plugin 'org.apache.kafka.connect.integration.BlockingConnectorTest$TaskInitializeBlockingSourceConnector' (org.apache.kafka.connect.runtime.isolation.DelegatingClassLoader:109)
[2026-03-04 15:48:16,533] INFO Added alias 'Blocking' to plugin 'org.apache.kafka.connect.integration.BlockingConnectorTest$BlockingConnector' (org.apache.kafka.connect.runtime.isolation.DelegatingClassLoader:109)
[2026-03-04 15:48:16,534] INFO Added alias 'BigQuerySinkConnector' to plugin 'com.wepay.kafka.connect.bigquery.BigQuerySinkConnector' (org.apache.kafka.connect.runtime.isolation.DelegatingClassLoader:109)
[2026-03-04 15:48:16,534] INFO Added alias 'MonitorableSource' to plugin 'org.apache.kafka.connect.integration.MonitorableSourceConnector' (org.apache.kafka.connect.runtime.isolation.DelegatingClassLoader:109)
[2026-03-04 15:48:16,534] INFO Added alias 'ErrantRecordSinkConnector' to plugin 'org.apache.kafka.connect.integration.ErrantRecordSinkConnector' (org.apache.kafka.connect.runtime.isolation.DelegatingClassLoader:109)
[2026-03-04 15:48:16,534] INFO Added alias 'BooleanConverter' to plugin 'org.apache.kafka.connect.converters.BooleanConverter' (org.apache.kafka.connect.runtime.isolation.DelegatingClassLoader:109)
[2026-03-04 15:48:16,534] INFO Added alias 'HasHeaderKey' to plugin 'org.apache.kafka.connect.transforms.predicates.HasHeaderKey' (org.apache.kafka.connect.runtime.isolation.DelegatingClassLoader:109)
[2026-03-04 15:48:16,534] INFO Added alias 'TestInternalConverter' to plugin 'org.apache.kafka.connect.runtime.isolation.PluginsTest$TestInternalConverter' (org.apache.kafka.connect.runtime.isolation.DelegatingClassLoader:109)
[2026-03-04 15:48:16,534] INFO Added alias 'InitializeBlocking' to plugin 'org.apache.kafka.connect.integration.BlockingConnectorTest$InitializeBlockingConnector' (org.apache.kafka.connect.runtime.isolation.DelegatingClassLoader:109)
[2026-03-04 15:48:16,534] INFO Added alias 'None' to plugin 'org.apache.kafka.connect.connector.policy.NoneConnectorClientConfigOverridePolicy' (org.apache.kafka.connect.runtime.isolation.DelegatingClassLoader:109)
[2026-03-04 15:48:16,534] INFO Added alias 'TimestampRouter' to plugin 'org.apache.kafka.connect.transforms.TimestampRouter' (org.apache.kafka.connect.runtime.isolation.DelegatingClassLoader:109)
[2026-03-04 15:48:16,534] INFO Added alias 'Principal' to plugin 'org.apache.kafka.connect.connector.policy.PrincipalConnectorClientConfigOverridePolicy' (org.apache.kafka.connect.runtime.isolation.DelegatingClassLoader:109)
[2026-03-04 15:48:16,534] INFO Added alias 'All' to plugin 'org.apache.kafka.connect.connector.policy.AllConnectorClientConfigOverridePolicy' (org.apache.kafka.connect.runtime.isolation.DelegatingClassLoader:109)
[2026-03-04 15:48:16,534] INFO Added alias 'ConfigBlocking' to plugin 'org.apache.kafka.connect.integration.BlockingConnectorTest$ConfigBlockingConnector' (org.apache.kafka.connect.runtime.isolation.DelegatingClassLoader:109)
[2026-03-04 15:48:16,534] INFO Added alias 'InitializeBlockingConnector' to plugin 'org.apache.kafka.connect.integration.BlockingConnectorTest$InitializeBlockingConnector' (org.apache.kafka.connect.runtime.isolation.DelegatingClassLoader:109)
[2026-03-04 15:48:16,534] INFO Added alias 'JsonConverter' to plugin 'org.apache.kafka.connect.json.JsonConverter' (org.apache.kafka.connect.runtime.isolation.DelegatingClassLoader:109)
[2026-03-04 15:48:16,534] INFO Added alias 'ValidateBlocking' to plugin 'org.apache.kafka.connect.integration.BlockingConnectorTest$ValidateBlockingConnector' (org.apache.kafka.connect.runtime.isolation.DelegatingClassLoader:109)
[2026-03-04 15:48:16,534] INFO Added alias 'TestConnectRestExtension' to plugin 'org.apache.kafka.connect.runtime.isolation.PluginsTest$TestConnectRestExtension' (org.apache.kafka.connect.runtime.isolation.DelegatingClassLoader:109)
[2026-03-04 15:48:16,534] INFO Added alias 'RegexRouter' to plugin 'org.apache.kafka.connect.transforms.RegexRouter' (org.apache.kafka.connect.runtime.isolation.DelegatingClassLoader:109)
[2026-03-04 15:48:16,534] INFO Added alias 'SampleConverterWithHeaders' to plugin 'org.apache.kafka.connect.runtime.SampleConverterWithHeaders' (org.apache.kafka.connect.runtime.isolation.DelegatingClassLoader:109)
[2026-03-04 15:48:16,534] INFO Added alias 'ByteArray' to plugin 'org.apache.kafka.connect.converters.ByteArrayConverter' (org.apache.kafka.connect.runtime.isolation.DelegatingClassLoader:109)
[2026-03-04 15:48:16,534] INFO Added alias 'NoneConnectorClientConfigOverridePolicy' to plugin 'org.apache.kafka.connect.connector.policy.NoneConnectorClientConfigOverridePolicy' (org.apache.kafka.connect.runtime.isolation.DelegatingClassLoader:109)
[2026-03-04 15:48:16,534] INFO Added alias 'Short' to plugin 'org.apache.kafka.connect.converters.ShortConverter' (org.apache.kafka.connect.runtime.isolation.DelegatingClassLoader:109)
[2026-03-04 15:48:16,534] INFO Added alias 'BigQuerySink' to plugin 'com.wepay.kafka.connect.bigquery.BigQuerySinkConnector' (org.apache.kafka.connect.runtime.isolation.DelegatingClassLoader:109)
[2026-03-04 15:48:16,534] INFO Added alias 'ErrantRecordSink' to plugin 'org.apache.kafka.connect.integration.ErrantRecordSinkConnector' (org.apache.kafka.connect.runtime.isolation.DelegatingClassLoader:109)
[2026-03-04 15:48:16,534] INFO Added alias 'TaskInitializeBlockingSourceConnector' to plugin 'org.apache.kafka.connect.integration.BlockingConnectorTest$TaskInitializeBlockingSourceConnector' (org.apache.kafka.connect.runtime.isolation.DelegatingClassLoader:109)
[2026-03-04 15:48:16,534] INFO Added alias 'SampleSinkConnector' to plugin 'org.apache.kafka.connect.runtime.SampleSinkConnector' (org.apache.kafka.connect.runtime.isolation.DelegatingClassLoader:109)
[2026-03-04 15:48:16,534] INFO Added alias 'ByLogicalTableRouter' to plugin 'io.debezium.transforms.ByLogicalTableRouter' (org.apache.kafka.connect.runtime.isolation.DelegatingClassLoader:109)
[2026-03-04 15:48:16,534] INFO Added alias 'Double' to plugin 'org.apache.kafka.connect.converters.DoubleConverter' (org.apache.kafka.connect.runtime.isolation.DelegatingClassLoader:109)
[2026-03-04 15:48:16,534] INFO Added alias 'FileConfigProvider' to plugin 'org.apache.kafka.common.config.provider.FileConfigProvider' (org.apache.kafka.connect.runtime.isolation.DelegatingClassLoader:109)
[2026-03-04 15:48:16,534] INFO Added alias 'CollidingHeaderConverter' to plugin 'org.apache.kafka.connect.runtime.isolation.PluginUtilsTest$CollidingHeaderConverter' (org.apache.kafka.connect.runtime.isolation.DelegatingClassLoader:109)
[2026-03-04 15:48:16,534] INFO Added alias 'MonitorableSourceConnector' to plugin 'org.apache.kafka.connect.integration.MonitorableSourceConnector' (org.apache.kafka.connect.runtime.isolation.DelegatingClassLoader:109)
[2026-03-04 15:48:16,534] INFO Added alias 'Faulty' to plugin 'org.apache.kafka.connect.runtime.ErrorHandlingTaskTest$FaultyConverter' (org.apache.kafka.connect.runtime.isolation.DelegatingClassLoader:109)
[2026-03-04 15:48:16,534] INFO Added alias 'Long' to plugin 'org.apache.kafka.connect.converters.LongConverter' (org.apache.kafka.connect.runtime.isolation.DelegatingClassLoader:109)
[2026-03-04 15:48:16,534] INFO Added alias 'SampleSource' to plugin 'org.apache.kafka.connect.runtime.SampleSourceConnector' (org.apache.kafka.connect.runtime.isolation.DelegatingClassLoader:109)
[2026-03-04 15:48:16,534] INFO Added alias 'File' to plugin 'org.apache.kafka.common.config.provider.FileConfigProvider' (org.apache.kafka.connect.runtime.isolation.DelegatingClassLoader:109)
[2026-03-04 15:48:16,534] INFO Added alias 'TestConverter' to plugin 'org.apache.kafka.connect.runtime.isolation.PluginsTest$TestConverter' (org.apache.kafka.connect.runtime.isolation.DelegatingClassLoader:109)
[2026-03-04 15:48:16,534] INFO Added alias 'FloatConverter' to plugin 'org.apache.kafka.connect.converters.FloatConverter' (org.apache.kafka.connect.runtime.isolation.DelegatingClassLoader:109)
[2026-03-04 15:48:16,534] INFO Added alias 'ByteArrayConverter' to plugin 'org.apache.kafka.connect.converters.ByteArrayConverter' (org.apache.kafka.connect.runtime.isolation.DelegatingClassLoader:109)
[2026-03-04 15:48:16,534] INFO Added alias 'DoubleConverter' to plugin 'org.apache.kafka.connect.converters.DoubleConverter' (org.apache.kafka.connect.runtime.isolation.DelegatingClassLoader:109)
[2026-03-04 15:48:16,534] INFO Added alias 'ConnectorPluginsResourceTestConnector' to plugin 'org.apache.kafka.connect.runtime.rest.resources.ConnectorPluginsResourceTest$ConnectorPluginsResourceTestConnector' (org.apache.kafka.connect.runtime.isolation.DelegatingClassLoader:109)
[2026-03-04 15:48:16,534] INFO Added alias 'TestInternal' to plugin 'org.apache.kafka.connect.runtime.isolation.PluginsTest$TestInternalConverter' (org.apache.kafka.connect.runtime.isolation.DelegatingClassLoader:109)
[2026-03-04 15:48:16,534] INFO Added alias 'UnwrapFromEnvelope' to plugin 'io.debezium.transforms.UnwrapFromEnvelope' (org.apache.kafka.connect.runtime.isolation.DelegatingClassLoader:109)
[2026-03-04 15:48:16,534] INFO Added alias 'TopicNameMatches' to plugin 'org.apache.kafka.connect.transforms.predicates.TopicNameMatches' (org.apache.kafka.connect.runtime.isolation.DelegatingClassLoader:109)
[2026-03-04 15:48:16,534] INFO Added alias 'TestConverterWithSinglePropertyConfigDef' to plugin 'org.apache.kafka.connect.integration.ConnectorValidationIntegrationTest$TestConverterWithSinglePropertyConfigDef' (org.apache.kafka.connect.runtime.isolation.DelegatingClassLoader:109)
[2026-03-04 15:48:16,534] INFO Added alias 'TestConverterWithNoConfigDef' to plugin 'org.apache.kafka.connect.integration.ConnectorValidationIntegrationTest$TestConverterWithNoConfigDef' (org.apache.kafka.connect.runtime.isolation.DelegatingClassLoader:109)
[2026-03-04 15:48:16,534] INFO Added alias 'CollidingConverter' to plugin 'org.apache.kafka.connect.runtime.isolation.PluginUtilsTest$CollidingConverter' (org.apache.kafka.connect.runtime.isolation.DelegatingClassLoader:109)
[2026-03-04 15:48:16,534] INFO Added alias 'BlockingSource' to plugin 'org.apache.kafka.connect.integration.BlockingConnectorTest$BlockingSourceConnector' (org.apache.kafka.connect.runtime.isolation.DelegatingClassLoader:109)
[2026-03-04 15:48:16,534] INFO Added alias 'InsertHeader' to plugin 'org.apache.kafka.connect.transforms.InsertHeader' (org.apache.kafka.connect.runtime.isolation.DelegatingClassLoader:109)
[2026-03-04 15:48:16,534] INFO Added alias 'BlockingConnector' to plugin 'org.apache.kafka.connect.integration.BlockingConnectorTest$BlockingConnector' (org.apache.kafka.connect.runtime.isolation.DelegatingClassLoader:109)
[2026-03-04 15:48:16,534] INFO Added alias 'PrincipalConnectorClientConfigOverridePolicy' to plugin 'org.apache.kafka.connect.connector.policy.PrincipalConnectorClientConfigOverridePolicy' (org.apache.kafka.connect.runtime.isolation.DelegatingClassLoader:109)
[2026-03-04 15:48:16,534] INFO Added alias 'ValueToKey' to plugin 'org.apache.kafka.connect.transforms.ValueToKey' (org.apache.kafka.connect.runtime.isolation.DelegatingClassLoader:109)
[2026-03-04 15:48:16,534] INFO Added alias 'Integer' to plugin 'org.apache.kafka.connect.converters.IntegerConverter' (org.apache.kafka.connect.runtime.isolation.DelegatingClassLoader:109)
[2026-03-04 15:48:16,534] INFO Added alias 'SimpleTransformation' to plugin 'org.apache.kafka.connect.runtime.ConnectorConfigTest$SimpleTransformation' (org.apache.kafka.connect.runtime.isolation.DelegatingClassLoader:109)
[2026-03-04 15:48:16,534] INFO Added alias 'Filter' to plugin 'org.apache.kafka.connect.transforms.Filter' (org.apache.kafka.connect.runtime.isolation.DelegatingClassLoader:109)
[2026-03-04 15:48:16,534] INFO Added alias 'HasDuplicateConfigTransformation' to plugin 'org.apache.kafka.connect.runtime.ConnectorConfigTest$HasDuplicateConfigTransformation' (org.apache.kafka.connect.runtime.isolation.DelegatingClassLoader:109)
[2026-03-04 15:48:16,534] INFO Added alias 'MonitorableSink' to plugin 'org.apache.kafka.connect.integration.MonitorableSinkConnector' (org.apache.kafka.connect.runtime.isolation.DelegatingClassLoader:109)
[2026-03-04 15:48:16,534] INFO Added alias 'SchemaRegistry' to plugin 'io.confluent.kafka.schemaregistry.client.config.provider.SchemaRegistryConfigProvider' (org.apache.kafka.connect.runtime.isolation.DelegatingClassLoader:109)
[2026-03-04 15:48:16,534] INFO Added alias 'ConnectorPluginsResourceTest' to plugin 'org.apache.kafka.connect.runtime.rest.resources.ConnectorPluginsResourceTest$ConnectorPluginsResourceTestConnector' (org.apache.kafka.connect.runtime.isolation.DelegatingClassLoader:109)
[2026-03-04 15:48:16,535] INFO DistributedConfig values: 
	access.control.allow.methods = 
	access.control.allow.origin = 
	admin.listeners = null
	auto.include.jmx.reporter = true
	bootstrap.servers = [localhost:41079]
	client.dns.lookup = use_all_dns_ips
	client.id = 
	config.providers = []
	config.storage.replication.factor = 1
	config.storage.topic = connect-config-topic-kcbq-connect-cluster
	connect.protocol = sessioned
	connections.max.idle.ms = 540000
	connector.client.config.override.policy = All
	exactly.once.source.support = disabled
	group.id = connect-integration-test-kcbq-connect-cluster
	header.converter = class org.apache.kafka.connect.storage.SimpleHeaderConverter
	heartbeat.interval.ms = 3000
	inter.worker.key.generation.algorithm = HmacSHA256
	inter.worker.key.size = null
	inter.worker.key.ttl.ms = 3600000
	inter.worker.signature.algorithm = HmacSHA256
	inter.worker.verification.algorithms = [HmacSHA256]
	key.converter = class org.apache.kafka.connect.storage.StringConverter
	listeners = [HTTP://localhost:0]
	metadata.max.age.ms = 300000
	metadata.recovery.strategy = none
	metric.reporters = []
	metrics.num.samples = 2
	metrics.recording.level = INFO
	metrics.sample.window.ms = 30000
	offset.flush.interval.ms = 10000
	offset.flush.timeout.ms = 5000
	offset.storage.partitions = 25
	offset.storage.replication.factor = 1
	offset.storage.topic = connect-offset-topic-kcbq-connect-cluster
	plugin.discovery = HYBRID_WARN
	plugin.path = null
	rebalance.timeout.ms = 60000
	receive.buffer.bytes = 32768
	reconnect.backoff.max.ms = 1000
	reconnect.backoff.ms = 50
	request.timeout.ms = 40000
	response.http.headers.config = 
	rest.advertised.host.name = null
	rest.advertised.listener = null
	rest.advertised.port = null
	rest.extension.classes = []
	retry.backoff.max.ms = 1000
	retry.backoff.ms = 100
	sasl.client.callback.handler.class = null
	sasl.jaas.config = null
	sasl.kerberos.kinit.cmd = /usr/bin/kinit
	sasl.kerberos.min.time.before.relogin = 60000
	sasl.kerberos.service.name = null
	sasl.kerberos.ticket.renew.jitter = 0.05
	sasl.kerberos.ticket.renew.window.factor = 0.8
	sasl.login.callback.handler.class = null
	sasl.login.class = null
	sasl.login.connect.timeout.ms = null
	sasl.login.read.timeout.ms = null
	sasl.login.refresh.buffer.seconds = 300
	sasl.login.refresh.min.period.seconds = 60
	sasl.login.refresh.window.factor = 0.8
	sasl.login.refresh.window.jitter = 0.05
	sasl.login.retry.backoff.max.ms = 10000
	sasl.login.retry.backoff.ms = 100
	sasl.mechanism = GSSAPI
	sasl.oauthbearer.clock.skew.seconds = 30
	sasl.oauthbearer.expected.audience = null
	sasl.oauthbearer.expected.issuer = null
	sasl.oauthbearer.jwks.endpoint.refresh.ms = 3600000
	sasl.oauthbearer.jwks.endpoint.retry.backoff.max.ms = 10000
	sasl.oauthbearer.jwks.endpoint.retry.backoff.ms = 100
	sasl.oauthbearer.jwks.endpoint.url = null
	sasl.oauthbearer.scope.claim.name = scope
	sasl.oauthbearer.sub.claim.name = sub
	sasl.oauthbearer.token.endpoint.url = null
	scheduled.rebalance.max.delay.ms = 300000
	security.protocol = PLAINTEXT
	send.buffer.bytes = 131072
	session.timeout.ms = 10000
	socket.connection.setup.timeout.max.ms = 30000
	socket.connection.setup.timeout.ms = 10000
	ssl.cipher.suites = null
	ssl.client.auth = none
	ssl.enabled.protocols = [TLSv1.2, TLSv1.3]
	ssl.endpoint.identification.algorithm = https
	ssl.engine.factory.class = null
	ssl.key.password = null
	ssl.keymanager.algorithm = SunX509
	ssl.keystore.certificate.chain = null
	ssl.keystore.key = null
	ssl.keystore.location = null
	ssl.keystore.password = null
	ssl.keystore.type = JKS
	ssl.protocol = TLSv1.3
	ssl.provider = null
	ssl.secure.random.implementation = null
	ssl.trustmanager.algorithm = PKIX
	ssl.truststore.certificates = null
	ssl.truststore.location = null
	ssl.truststore.password = null
	ssl.truststore.type = JKS
	status.storage.partitions = 5
	status.storage.replication.factor = 1
	status.storage.topic = connect-status-topic-kcbq-connect-cluster
	task.shutdown.graceful.timeout.ms = 5000
	topic.creation.enable = true
	topic.tracking.allow.reset = true
	topic.tracking.enable = true
	value.converter = class org.apache.kafka.connect.storage.StringConverter
	worker.sync.timeout.ms = 3000
	worker.unsync.backoff.ms = 300000
 (org.apache.kafka.connect.runtime.distributed.DistributedConfig:372)
[2026-03-04 15:48:16,535] INFO Creating Kafka admin client (org.apache.kafka.connect.runtime.WorkerConfig:283)
[2026-03-04 15:48:16,535] INFO AdminClientConfig values: 
	auto.include.jmx.reporter = true
	bootstrap.controllers = []
	bootstrap.servers = [localhost:41079]
	client.dns.lookup = use_all_dns_ips
	client.id = 
	connections.max.idle.ms = 300000
	default.api.timeout.ms = 60000
	enable.metrics.push = true
	metadata.max.age.ms = 300000
	metadata.recovery.strategy = none
	metric.reporters = []
	metrics.num.samples = 2
	metrics.recording.level = INFO
	metrics.sample.window.ms = 30000
	receive.buffer.bytes = 65536
	reconnect.backoff.max.ms = 1000
	reconnect.backoff.ms = 50
	request.timeout.ms = 30000
	retries = 2147483647
	retry.backoff.max.ms = 1000
	retry.backoff.ms = 100
	sasl.client.callback.handler.class = null
	sasl.jaas.config = null
	sasl.kerberos.kinit.cmd = /usr/bin/kinit
	sasl.kerberos.min.time.before.relogin = 60000
	sasl.kerberos.service.name = null
	sasl.kerberos.ticket.renew.jitter = 0.05
	sasl.kerberos.ticket.renew.window.factor = 0.8
	sasl.login.callback.handler.class = null
	sasl.login.class = null
	sasl.login.connect.timeout.ms = null
	sasl.login.read.timeout.ms = null
	sasl.login.refresh.buffer.seconds = 300
	sasl.login.refresh.min.period.seconds = 60
	sasl.login.refresh.window.factor = 0.8
	sasl.login.refresh.window.jitter = 0.05
	sasl.login.retry.backoff.max.ms = 10000
	sasl.login.retry.backoff.ms = 100
	sasl.mechanism = GSSAPI
	sasl.oauthbearer.clock.skew.seconds = 30
	sasl.oauthbearer.expected.audience = null
	sasl.oauthbearer.expected.issuer = null
	sasl.oauthbearer.jwks.endpoint.refresh.ms = 3600000
	sasl.oauthbearer.jwks.endpoint.retry.backoff.max.ms = 10000
	sasl.oauthbearer.jwks.endpoint.retry.backoff.ms = 100
	sasl.oauthbearer.jwks.endpoint.url = null
	sasl.oauthbearer.scope.claim.name = scope
	sasl.oauthbearer.sub.claim.name = sub
	sasl.oauthbearer.token.endpoint.url = null
	security.protocol = PLAINTEXT
	security.providers = null
	send.buffer.bytes = 131072
	socket.connection.setup.timeout.max.ms = 30000
	socket.connection.setup.timeout.ms = 10000
	ssl.cipher.suites = null
	ssl.enabled.protocols = [TLSv1.2, TLSv1.3]
	ssl.endpoint.identification.algorithm = https
	ssl.engine.factory.class = null
	ssl.key.password = null
	ssl.keymanager.algorithm = SunX509
	ssl.keystore.certificate.chain = null
	ssl.keystore.key = null
	ssl.keystore.location = null
	ssl.keystore.password = null
	ssl.keystore.type = JKS
	ssl.protocol = TLSv1.3
	ssl.provider = null
	ssl.secure.random.implementation = null
	ssl.trustmanager.algorithm = PKIX
	ssl.truststore.certificates = null
	ssl.truststore.location = null
	ssl.truststore.password = null
	ssl.truststore.type = JKS
 (org.apache.kafka.clients.admin.AdminClientConfig:372)
[2026-03-04 15:48:16,535] INFO These configurations '[connector.client.config.override.policy, plugin.discovery, listeners, config.storage.topic, group.id, status.storage.topic, offset.flush.interval.ms, config.storage.replication.factor, status.storage.replication.factor, offset.storage.replication.factor, offset.storage.topic, value.converter, key.converter]' were supplied but are not used yet. (org.apache.kafka.clients.admin.AdminClientConfig:381)
[2026-03-04 15:48:16,535] INFO Kafka version: 3.8.1 (org.apache.kafka.common.utils.AppInfoParser:124)
[2026-03-04 15:48:16,535] INFO Kafka commitId: 70d6ff42debf7e17 (org.apache.kafka.common.utils.AppInfoParser:125)
[2026-03-04 15:48:16,535] INFO Kafka startTimeMs: 1772619496535 (org.apache.kafka.common.utils.AppInfoParser:126)
[2026-03-04 15:48:16,538] INFO Kafka cluster ID: Iw_fbrLTTu62gEU1L876rA (org.apache.kafka.connect.runtime.WorkerConfig:300)
[2026-03-04 15:48:16,538] INFO App info kafka.admin.client for adminclient-6 unregistered (org.apache.kafka.common.utils.AppInfoParser:88)
[2026-03-04 15:48:16,538] INFO Metrics scheduler closed (org.apache.kafka.common.metrics.Metrics:684)
[2026-03-04 15:48:16,538] INFO Closing reporter org.apache.kafka.common.metrics.JmxReporter (org.apache.kafka.common.metrics.Metrics:688)
[2026-03-04 15:48:16,538] INFO Metrics reporters closed (org.apache.kafka.common.metrics.Metrics:694)
[2026-03-04 15:48:16,538] INFO PublicConfig values: 
	access.control.allow.methods = 
	access.control.allow.origin = 
	admin.listeners = null
	listeners = [HTTP://localhost:0]
	response.http.headers.config = 
	rest.advertised.host.name = null
	rest.advertised.listener = null
	rest.advertised.port = null
	rest.extension.classes = []
	ssl.cipher.suites = null
	ssl.client.auth = none
	ssl.enabled.protocols = [TLSv1.2, TLSv1.3]
	ssl.endpoint.identification.algorithm = https
	ssl.engine.factory.class = null
	ssl.key.password = null
	ssl.keymanager.algorithm = SunX509
	ssl.keystore.certificate.chain = null
	ssl.keystore.key = null
	ssl.keystore.location = null
	ssl.keystore.password = null
	ssl.keystore.type = JKS
	ssl.protocol = TLSv1.3
	ssl.provider = null
	ssl.secure.random.implementation = null
	ssl.trustmanager.algorithm = PKIX
	ssl.truststore.certificates = null
	ssl.truststore.location = null
	ssl.truststore.password = null
	ssl.truststore.type = JKS
	topic.tracking.allow.reset = true
	topic.tracking.enable = true
 (org.apache.kafka.connect.runtime.rest.RestServerConfig$PublicConfig:372)
[2026-03-04 15:48:16,538] INFO Added connector for HTTP://localhost:0 (org.apache.kafka.connect.runtime.rest.RestServer:121)
[2026-03-04 15:48:16,538] INFO Initializing REST server (org.apache.kafka.connect.runtime.rest.RestServer:192)
[2026-03-04 15:48:16,539] INFO jetty-9.4.56.v20240826; built: 2024-08-26T17:15:05.868Z; git: ec6782ff5ead824dabdcf47fa98f90a4aedff401; jvm 25.0.2 (org.eclipse.jetty.server.Server:375)
[2026-03-04 15:48:16,539] INFO Started http_localhost0@65bb0f13{HTTP/1.1, (http/1.1)}{localhost:36425} (org.eclipse.jetty.server.AbstractConnector:333)
[2026-03-04 15:48:16,539] INFO Started @20082ms (org.eclipse.jetty.server.Server:415)
[2026-03-04 15:48:16,540] INFO Advertised URI: http://localhost:36425/ (org.apache.kafka.connect.runtime.rest.RestServer:412)
[2026-03-04 15:48:16,540] INFO REST server listening at http://localhost:36425/, advertising URL http://localhost:36425/ (org.apache.kafka.connect.runtime.rest.RestServer:212)
[2026-03-04 15:48:16,540] INFO Advertised URI: http://localhost:36425/ (org.apache.kafka.connect.runtime.rest.RestServer:412)
[2026-03-04 15:48:16,540] INFO REST admin endpoints at http://localhost:36425/ (org.apache.kafka.connect.runtime.rest.RestServer:215)
[2026-03-04 15:48:16,540] INFO Advertised URI: http://localhost:36425/ (org.apache.kafka.connect.runtime.rest.RestServer:412)
[2026-03-04 15:48:16,540] INFO Setting up All Policy for ConnectorClientConfigOverride. This will allow all client configurations to be overridden (org.apache.kafka.connect.connector.policy.AllConnectorClientConfigOverridePolicy:44)
[2026-03-04 15:48:16,540] INFO JsonConverterConfig values: 
	converter.type = key
	decimal.format = BASE64
	replace.null.with.default = true
	schemas.cache.size = 1000
	schemas.enable = false
 (org.apache.kafka.connect.json.JsonConverterConfig:372)
[2026-03-04 15:48:16,540] INFO Kafka version: 3.8.1 (org.apache.kafka.common.utils.AppInfoParser:124)
[2026-03-04 15:48:16,540] INFO Kafka commitId: 70d6ff42debf7e17 (org.apache.kafka.common.utils.AppInfoParser:125)
[2026-03-04 15:48:16,540] INFO Kafka startTimeMs: 1772619496540 (org.apache.kafka.common.utils.AppInfoParser:126)
[2026-03-04 15:48:16,540] INFO JsonConverterConfig values: 
	converter.type = key
	decimal.format = BASE64
	replace.null.with.default = true
	schemas.cache.size = 1000
	schemas.enable = false
 (org.apache.kafka.connect.json.JsonConverterConfig:372)
[2026-03-04 15:48:16,540] INFO JsonConverterConfig values: 
	converter.type = value
	decimal.format = BASE64
	replace.null.with.default = true
	schemas.cache.size = 1000
	schemas.enable = false
 (org.apache.kafka.connect.json.JsonConverterConfig:372)
[2026-03-04 15:48:16,540] INFO Advertised URI: http://localhost:36425/ (org.apache.kafka.connect.runtime.rest.RestServer:412)
[2026-03-04 15:48:16,541] INFO Kafka version: 3.8.1 (org.apache.kafka.common.utils.AppInfoParser:124)
[2026-03-04 15:48:16,541] INFO Kafka commitId: 70d6ff42debf7e17 (org.apache.kafka.common.utils.AppInfoParser:125)
[2026-03-04 15:48:16,541] INFO Kafka startTimeMs: 1772619496541 (org.apache.kafka.common.utils.AppInfoParser:126)
[2026-03-04 15:48:16,541] INFO Kafka Connect worker initialization took 422ms (org.apache.kafka.connect.cli.AbstractConnectCli:141)
[2026-03-04 15:48:16,541] INFO Kafka Connect starting (org.apache.kafka.connect.runtime.Connect:51)
[2026-03-04 15:48:16,541] INFO Initializing REST resources (org.apache.kafka.connect.runtime.rest.RestServer:219)
[2026-03-04 15:48:16,541] INFO [Worker clientId=connect-localhost:36425, groupId=connect-integration-test-kcbq-connect-cluster] Herder starting (org.apache.kafka.connect.runtime.distributed.DistributedHerder:370)
[2026-03-04 15:48:16,541] INFO Worker starting (org.apache.kafka.connect.runtime.Worker:232)
[2026-03-04 15:48:16,541] INFO Starting KafkaOffsetBackingStore (org.apache.kafka.connect.storage.KafkaOffsetBackingStore:231)
[2026-03-04 15:48:16,541] INFO Starting KafkaBasedLog with topic connect-offset-topic-kcbq-connect-cluster reportErrorsToCallback=false (org.apache.kafka.connect.util.KafkaBasedLog:253)
[2026-03-04 15:48:16,541] INFO Adding admin resources to main listener (org.apache.kafka.connect.runtime.rest.RestServer:234)
[2026-03-04 15:48:16,541] INFO AdminClientConfig values: 
	auto.include.jmx.reporter = true
	bootstrap.controllers = []
	bootstrap.servers = [localhost:41079]
	client.dns.lookup = use_all_dns_ips
	client.id = connect-integration-test-kcbq-connect-cluster-shared-admin
	connections.max.idle.ms = 300000
	default.api.timeout.ms = 60000
	enable.metrics.push = true
	metadata.max.age.ms = 300000
	metadata.recovery.strategy = none
	metric.reporters = []
	metrics.num.samples = 2
	metrics.recording.level = INFO
	metrics.sample.window.ms = 30000
	receive.buffer.bytes = 65536
	reconnect.backoff.max.ms = 1000
	reconnect.backoff.ms = 50
	request.timeout.ms = 30000
	retries = 2147483647
	retry.backoff.max.ms = 1000
	retry.backoff.ms = 100
	sasl.client.callback.handler.class = null
	sasl.jaas.config = null
	sasl.kerberos.kinit.cmd = /usr/bin/kinit
	sasl.kerberos.min.time.before.relogin = 60000
	sasl.kerberos.service.name = null
	sasl.kerberos.ticket.renew.jitter = 0.05
	sasl.kerberos.ticket.renew.window.factor = 0.8
	sasl.login.callback.handler.class = null
	sasl.login.class = null
	sasl.login.connect.timeout.ms = null
	sasl.login.read.timeout.ms = null
	sasl.login.refresh.buffer.seconds = 300
	sasl.login.refresh.min.period.seconds = 60
	sasl.login.refresh.window.factor = 0.8
	sasl.login.refresh.window.jitter = 0.05
	sasl.login.retry.backoff.max.ms = 10000
	sasl.login.retry.backoff.ms = 100
	sasl.mechanism = GSSAPI
	sasl.oauthbearer.clock.skew.seconds = 30
	sasl.oauthbearer.expected.audience = null
	sasl.oauthbearer.expected.issuer = null
	sasl.oauthbearer.jwks.endpoint.refresh.ms = 3600000
	sasl.oauthbearer.jwks.endpoint.retry.backoff.max.ms = 10000
	sasl.oauthbearer.jwks.endpoint.retry.backoff.ms = 100
	sasl.oauthbearer.jwks.endpoint.url = null
	sasl.oauthbearer.scope.claim.name = scope
	sasl.oauthbearer.sub.claim.name = sub
	sasl.oauthbearer.token.endpoint.url = null
	security.protocol = PLAINTEXT
	security.providers = null
	send.buffer.bytes = 131072
	socket.connection.setup.timeout.max.ms = 30000
	socket.connection.setup.timeout.ms = 10000
	ssl.cipher.suites = null
	ssl.enabled.protocols = [TLSv1.2, TLSv1.3]
	ssl.endpoint.identification.algorithm = https
	ssl.engine.factory.class = null
	ssl.key.password = null
	ssl.keymanager.algorithm = SunX509
	ssl.keystore.certificate.chain = null
	ssl.keystore.key = null
	ssl.keystore.location = null
	ssl.keystore.password = null
	ssl.keystore.type = JKS
	ssl.protocol = TLSv1.3
	ssl.provider = null
	ssl.secure.random.implementation = null
	ssl.trustmanager.algorithm = PKIX
	ssl.truststore.certificates = null
	ssl.truststore.location = null
	ssl.truststore.password = null
	ssl.truststore.type = JKS
 (org.apache.kafka.clients.admin.AdminClientConfig:372)
[2026-03-04 15:48:16,541] INFO DefaultSessionIdManager workerName=node0 (org.eclipse.jetty.server.session:334)
[2026-03-04 15:48:16,541] INFO No SessionScavenger set, using defaults (org.eclipse.jetty.server.session:339)
[2026-03-04 15:48:16,541] INFO node0 Scavenging every 600000ms (org.eclipse.jetty.server.session:132)
[2026-03-04 15:48:16,541] INFO These configurations '[connector.client.config.override.policy, plugin.discovery, listeners, config.storage.topic, metrics.context.connect.group.id, group.id, status.storage.topic, offset.flush.interval.ms, config.storage.replication.factor, metrics.context.connect.kafka.cluster.id, status.storage.replication.factor, offset.storage.replication.factor, offset.storage.topic, value.converter, key.converter]' were supplied but are not used yet. (org.apache.kafka.clients.admin.AdminClientConfig:381)
[2026-03-04 15:48:16,541] INFO Kafka version: 3.8.1 (org.apache.kafka.common.utils.AppInfoParser:124)
[2026-03-04 15:48:16,541] INFO Kafka commitId: 70d6ff42debf7e17 (org.apache.kafka.common.utils.AppInfoParser:125)
[2026-03-04 15:48:16,541] INFO Kafka startTimeMs: 1772619496541 (org.apache.kafka.common.utils.AppInfoParser:126)
[2026-03-04 15:48:16,544] INFO Creating topic connect-offset-topic-kcbq-connect-cluster with configuration {cleanup.policy=compact} and initial partition assignment Map(23 -> ArrayBuffer(0), 8 -> ArrayBuffer(0), 17 -> ArrayBuffer(0), 11 -> ArrayBuffer(0), 2 -> ArrayBuffer(0), 20 -> ArrayBuffer(0), 5 -> ArrayBuffer(0), 14 -> ArrayBuffer(0), 4 -> ArrayBuffer(0), 13 -> ArrayBuffer(0), 22 -> ArrayBuffer(0), 7 -> ArrayBuffer(0), 16 -> ArrayBuffer(0), 10 -> ArrayBuffer(0), 1 -> ArrayBuffer(0), 19 -> ArrayBuffer(0), 9 -> ArrayBuffer(0), 18 -> ArrayBuffer(0), 12 -> ArrayBuffer(0), 3 -> ArrayBuffer(0), 21 -> ArrayBuffer(0), 15 -> ArrayBuffer(0), 6 -> ArrayBuffer(0), 24 -> ArrayBuffer(0), 0 -> ArrayBuffer(0)) (kafka.zk.AdminZkClient:66)
[2026-03-04 15:48:16,547] INFO [Controller id=0] New topics: [Set(connect-offset-topic-kcbq-connect-cluster)], deleted topics: [Set()], new partition replica assignment [Set(TopicIdReplicaAssignment(connect-offset-topic-kcbq-connect-cluster,Some(n_LyE3hqQkarVnF386W6-w),Map(connect-offset-topic-kcbq-connect-cluster-14 -> ReplicaAssignment(replicas=0, addingReplicas=, removingReplicas=), connect-offset-topic-kcbq-connect-cluster-10 -> ReplicaAssignment(replicas=0, addingReplicas=, removingReplicas=), connect-offset-topic-kcbq-connect-cluster-19 -> ReplicaAssignment(replicas=0, addingReplicas=, removingReplicas=), connect-offset-topic-kcbq-connect-cluster-16 -> ReplicaAssignment(replicas=0, addingReplicas=, removingReplicas=), connect-offset-topic-kcbq-connect-cluster-5 -> ReplicaAssignment(replicas=0, addingReplicas=, removingReplicas=), connect-offset-topic-kcbq-connect-cluster-7 -> ReplicaAssignment(replicas=0, addingReplicas=, removingReplicas=), connect-offset-topic-kcbq-connect-cluster-4 -> ReplicaAssignment(replicas=0, addingReplicas=, removingReplicas=), connect-offset-topic-kcbq-connect-cluster-0 -> ReplicaAssignment(replicas=0, addingReplicas=, removingReplicas=), connect-offset-topic-kcbq-connect-cluster-17 -> ReplicaAssignment(replicas=0, addingReplicas=, removingReplicas=), connect-offset-topic-kcbq-connect-cluster-13 -> ReplicaAssignment(replicas=0, addingReplicas=, removingReplicas=), connect-offset-topic-kcbq-connect-cluster-24 -> ReplicaAssignment(replicas=0, addingReplicas=, removingReplicas=), connect-offset-topic-kcbq-connect-cluster-22 -> ReplicaAssignment(replicas=0, addingReplicas=, removingReplicas=), connect-offset-topic-kcbq-connect-cluster-18 -> ReplicaAssignment(replicas=0, addingReplicas=, removingReplicas=), connect-offset-topic-kcbq-connect-cluster-3 -> ReplicaAssignment(replicas=0, addingReplicas=, removingReplicas=), connect-offset-topic-kcbq-connect-cluster-8 -> ReplicaAssignment(replicas=0, addingReplicas=, removingReplicas=), connect-offset-topic-kcbq-connect-cluster-12 -> ReplicaAssignment(replicas=0, addingReplicas=, removingReplicas=), connect-offset-topic-kcbq-connect-cluster-15 -> ReplicaAssignment(replicas=0, addingReplicas=, removingReplicas=), connect-offset-topic-kcbq-connect-cluster-9 -> ReplicaAssignment(replicas=0, addingReplicas=, removingReplicas=), connect-offset-topic-kcbq-connect-cluster-21 -> ReplicaAssignment(replicas=0, addingReplicas=, removingReplicas=), connect-offset-topic-kcbq-connect-cluster-2 -> ReplicaAssignment(replicas=0, addingReplicas=, removingReplicas=), connect-offset-topic-kcbq-connect-cluster-6 -> ReplicaAssignment(replicas=0, addingReplicas=, removingReplicas=), connect-offset-topic-kcbq-connect-cluster-20 -> ReplicaAssignment(replicas=0, addingReplicas=, removingReplicas=), connect-offset-topic-kcbq-connect-cluster-1 -> ReplicaAssignment(replicas=0, addingReplicas=, removingReplicas=), connect-offset-topic-kcbq-connect-cluster-11 -> ReplicaAssignment(replicas=0, addingReplicas=, removingReplicas=), connect-offset-topic-kcbq-connect-cluster-23 -> ReplicaAssignment(replicas=0, addingReplicas=, removingReplicas=))))] (kafka.controller.KafkaController:66)
[2026-03-04 15:48:16,547] INFO [Controller id=0] New partition creation callback for connect-offset-topic-kcbq-connect-cluster-14,connect-offset-topic-kcbq-connect-cluster-10,connect-offset-topic-kcbq-connect-cluster-19,connect-offset-topic-kcbq-connect-cluster-16,connect-offset-topic-kcbq-connect-cluster-5,connect-offset-topic-kcbq-connect-cluster-7,connect-offset-topic-kcbq-connect-cluster-4,connect-offset-topic-kcbq-connect-cluster-0,connect-offset-topic-kcbq-connect-cluster-17,connect-offset-topic-kcbq-connect-cluster-13,connect-offset-topic-kcbq-connect-cluster-24,connect-offset-topic-kcbq-connect-cluster-22,connect-offset-topic-kcbq-connect-cluster-18,connect-offset-topic-kcbq-connect-cluster-3,connect-offset-topic-kcbq-connect-cluster-8,connect-offset-topic-kcbq-connect-cluster-12,connect-offset-topic-kcbq-connect-cluster-15,connect-offset-topic-kcbq-connect-cluster-9,connect-offset-topic-kcbq-connect-cluster-21,connect-offset-topic-kcbq-connect-cluster-2,connect-offset-topic-kcbq-connect-cluster-6,connect-offset-topic-kcbq-connect-cluster-20,connect-offset-topic-kcbq-connect-cluster-1,connect-offset-topic-kcbq-connect-cluster-11,connect-offset-topic-kcbq-connect-cluster-23 (kafka.controller.KafkaController:66)
[2026-03-04 15:48:16,547] INFO [Controller id=0 epoch=1] Changed partition connect-offset-topic-kcbq-connect-cluster-14 state from NonExistentPartition to NewPartition with assigned replicas 0 (state.change.logger:66)
[2026-03-04 15:48:16,547] INFO [Controller id=0 epoch=1] Changed partition connect-offset-topic-kcbq-connect-cluster-10 state from NonExistentPartition to NewPartition with assigned replicas 0 (state.change.logger:66)
[2026-03-04 15:48:16,547] INFO [Controller id=0 epoch=1] Changed partition connect-offset-topic-kcbq-connect-cluster-19 state from NonExistentPartition to NewPartition with assigned replicas 0 (state.change.logger:66)
[2026-03-04 15:48:16,547] INFO [Controller id=0 epoch=1] Changed partition connect-offset-topic-kcbq-connect-cluster-16 state from NonExistentPartition to NewPartition with assigned replicas 0 (state.change.logger:66)
[2026-03-04 15:48:16,547] INFO [Controller id=0 epoch=1] Changed partition connect-offset-topic-kcbq-connect-cluster-5 state from NonExistentPartition to NewPartition with assigned replicas 0 (state.change.logger:66)
[2026-03-04 15:48:16,547] INFO [Controller id=0 epoch=1] Changed partition connect-offset-topic-kcbq-connect-cluster-7 state from NonExistentPartition to NewPartition with assigned replicas 0 (state.change.logger:66)
[2026-03-04 15:48:16,547] INFO [Controller id=0 epoch=1] Changed partition connect-offset-topic-kcbq-connect-cluster-4 state from NonExistentPartition to NewPartition with assigned replicas 0 (state.change.logger:66)
[2026-03-04 15:48:16,547] INFO [Controller id=0 epoch=1] Changed partition connect-offset-topic-kcbq-connect-cluster-0 state from NonExistentPartition to NewPartition with assigned replicas 0 (state.change.logger:66)
[2026-03-04 15:48:16,547] INFO [Controller id=0 epoch=1] Changed partition connect-offset-topic-kcbq-connect-cluster-17 state from NonExistentPartition to NewPartition with assigned replicas 0 (state.change.logger:66)
[2026-03-04 15:48:16,547] INFO [Controller id=0 epoch=1] Changed partition connect-offset-topic-kcbq-connect-cluster-13 state from NonExistentPartition to NewPartition with assigned replicas 0 (state.change.logger:66)
[2026-03-04 15:48:16,547] INFO [Controller id=0 epoch=1] Changed partition connect-offset-topic-kcbq-connect-cluster-24 state from NonExistentPartition to NewPartition with assigned replicas 0 (state.change.logger:66)
[2026-03-04 15:48:16,547] INFO [Controller id=0 epoch=1] Changed partition connect-offset-topic-kcbq-connect-cluster-22 state from NonExistentPartition to NewPartition with assigned replicas 0 (state.change.logger:66)
[2026-03-04 15:48:16,547] INFO [Controller id=0 epoch=1] Changed partition connect-offset-topic-kcbq-connect-cluster-18 state from NonExistentPartition to NewPartition with assigned replicas 0 (state.change.logger:66)
[2026-03-04 15:48:16,547] INFO [Controller id=0 epoch=1] Changed partition connect-offset-topic-kcbq-connect-cluster-3 state from NonExistentPartition to NewPartition with assigned replicas 0 (state.change.logger:66)
[2026-03-04 15:48:16,547] INFO [Controller id=0 epoch=1] Changed partition connect-offset-topic-kcbq-connect-cluster-8 state from NonExistentPartition to NewPartition with assigned replicas 0 (state.change.logger:66)
[2026-03-04 15:48:16,547] INFO [Controller id=0 epoch=1] Changed partition connect-offset-topic-kcbq-connect-cluster-12 state from NonExistentPartition to NewPartition with assigned replicas 0 (state.change.logger:66)
[2026-03-04 15:48:16,547] INFO [Controller id=0 epoch=1] Changed partition connect-offset-topic-kcbq-connect-cluster-15 state from NonExistentPartition to NewPartition with assigned replicas 0 (state.change.logger:66)
[2026-03-04 15:48:16,547] INFO [Controller id=0 epoch=1] Changed partition connect-offset-topic-kcbq-connect-cluster-9 state from NonExistentPartition to NewPartition with assigned replicas 0 (state.change.logger:66)
[2026-03-04 15:48:16,547] INFO [Controller id=0 epoch=1] Changed partition connect-offset-topic-kcbq-connect-cluster-21 state from NonExistentPartition to NewPartition with assigned replicas 0 (state.change.logger:66)
[2026-03-04 15:48:16,547] INFO [Controller id=0 epoch=1] Changed partition connect-offset-topic-kcbq-connect-cluster-2 state from NonExistentPartition to NewPartition with assigned replicas 0 (state.change.logger:66)
[2026-03-04 15:48:16,547] INFO [Controller id=0 epoch=1] Changed partition connect-offset-topic-kcbq-connect-cluster-6 state from NonExistentPartition to NewPartition with assigned replicas 0 (state.change.logger:66)
[2026-03-04 15:48:16,547] INFO [Controller id=0 epoch=1] Changed partition connect-offset-topic-kcbq-connect-cluster-20 state from NonExistentPartition to NewPartition with assigned replicas 0 (state.change.logger:66)
[2026-03-04 15:48:16,547] INFO [Controller id=0 epoch=1] Changed partition connect-offset-topic-kcbq-connect-cluster-1 state from NonExistentPartition to NewPartition with assigned replicas 0 (state.change.logger:66)
[2026-03-04 15:48:16,547] INFO [Controller id=0 epoch=1] Changed partition connect-offset-topic-kcbq-connect-cluster-11 state from NonExistentPartition to NewPartition with assigned replicas 0 (state.change.logger:66)
[2026-03-04 15:48:16,547] INFO [Controller id=0 epoch=1] Changed partition connect-offset-topic-kcbq-connect-cluster-23 state from NonExistentPartition to NewPartition with assigned replicas 0 (state.change.logger:66)
[2026-03-04 15:48:16,548] INFO [Controller id=0 epoch=1] Sending UpdateMetadata request to brokers Set() for 0 partitions (state.change.logger:66)
[2026-03-04 15:48:16,548] INFO [Controller id=0 epoch=1] Sending UpdateMetadata request to brokers Set() for 0 partitions (state.change.logger:66)
[2026-03-04 15:48:16,553] INFO [Controller id=0 epoch=1] Changed partition connect-offset-topic-kcbq-connect-cluster-14 from NewPartition to OnlinePartition with state LeaderAndIsr(leader=0, leaderEpoch=0, isrWithBrokerEpoch=List(BrokerState(brokerId=0, brokerEpoch=-1)), leaderRecoveryState=RECOVERED, partitionEpoch=0) (state.change.logger:66)
[2026-03-04 15:48:16,553] INFO [Controller id=0 epoch=1] Changed partition connect-offset-topic-kcbq-connect-cluster-10 from NewPartition to OnlinePartition with state LeaderAndIsr(leader=0, leaderEpoch=0, isrWithBrokerEpoch=List(BrokerState(brokerId=0, brokerEpoch=-1)), leaderRecoveryState=RECOVERED, partitionEpoch=0) (state.change.logger:66)
[2026-03-04 15:48:16,553] INFO [Controller id=0 epoch=1] Changed partition connect-offset-topic-kcbq-connect-cluster-19 from NewPartition to OnlinePartition with state LeaderAndIsr(leader=0, leaderEpoch=0, isrWithBrokerEpoch=List(BrokerState(brokerId=0, brokerEpoch=-1)), leaderRecoveryState=RECOVERED, partitionEpoch=0) (state.change.logger:66)
[2026-03-04 15:48:16,553] INFO [Controller id=0 epoch=1] Changed partition connect-offset-topic-kcbq-connect-cluster-16 from NewPartition to OnlinePartition with state LeaderAndIsr(leader=0, leaderEpoch=0, isrWithBrokerEpoch=List(BrokerState(brokerId=0, brokerEpoch=-1)), leaderRecoveryState=RECOVERED, partitionEpoch=0) (state.change.logger:66)
[2026-03-04 15:48:16,553] INFO [Controller id=0 epoch=1] Changed partition connect-offset-topic-kcbq-connect-cluster-5 from NewPartition to OnlinePartition with state LeaderAndIsr(leader=0, leaderEpoch=0, isrWithBrokerEpoch=List(BrokerState(brokerId=0, brokerEpoch=-1)), leaderRecoveryState=RECOVERED, partitionEpoch=0) (state.change.logger:66)
[2026-03-04 15:48:16,553] INFO [Controller id=0 epoch=1] Changed partition connect-offset-topic-kcbq-connect-cluster-7 from NewPartition to OnlinePartition with state LeaderAndIsr(leader=0, leaderEpoch=0, isrWithBrokerEpoch=List(BrokerState(brokerId=0, brokerEpoch=-1)), leaderRecoveryState=RECOVERED, partitionEpoch=0) (state.change.logger:66)
[2026-03-04 15:48:16,553] INFO [Controller id=0 epoch=1] Changed partition connect-offset-topic-kcbq-connect-cluster-4 from NewPartition to OnlinePartition with state LeaderAndIsr(leader=0, leaderEpoch=0, isrWithBrokerEpoch=List(BrokerState(brokerId=0, brokerEpoch=-1)), leaderRecoveryState=RECOVERED, partitionEpoch=0) (state.change.logger:66)
[2026-03-04 15:48:16,553] INFO [Controller id=0 epoch=1] Changed partition connect-offset-topic-kcbq-connect-cluster-0 from NewPartition to OnlinePartition with state LeaderAndIsr(leader=0, leaderEpoch=0, isrWithBrokerEpoch=List(BrokerState(brokerId=0, brokerEpoch=-1)), leaderRecoveryState=RECOVERED, partitionEpoch=0) (state.change.logger:66)
[2026-03-04 15:48:16,553] INFO [Controller id=0 epoch=1] Changed partition connect-offset-topic-kcbq-connect-cluster-17 from NewPartition to OnlinePartition with state LeaderAndIsr(leader=0, leaderEpoch=0, isrWithBrokerEpoch=List(BrokerState(brokerId=0, brokerEpoch=-1)), leaderRecoveryState=RECOVERED, partitionEpoch=0) (state.change.logger:66)
[2026-03-04 15:48:16,553] INFO [Controller id=0 epoch=1] Changed partition connect-offset-topic-kcbq-connect-cluster-13 from NewPartition to OnlinePartition with state LeaderAndIsr(leader=0, leaderEpoch=0, isrWithBrokerEpoch=List(BrokerState(brokerId=0, brokerEpoch=-1)), leaderRecoveryState=RECOVERED, partitionEpoch=0) (state.change.logger:66)
[2026-03-04 15:48:16,553] INFO [Controller id=0 epoch=1] Changed partition connect-offset-topic-kcbq-connect-cluster-24 from NewPartition to OnlinePartition with state LeaderAndIsr(leader=0, leaderEpoch=0, isrWithBrokerEpoch=List(BrokerState(brokerId=0, brokerEpoch=-1)), leaderRecoveryState=RECOVERED, partitionEpoch=0) (state.change.logger:66)
[2026-03-04 15:48:16,553] INFO [Controller id=0 epoch=1] Changed partition connect-offset-topic-kcbq-connect-cluster-22 from NewPartition to OnlinePartition with state LeaderAndIsr(leader=0, leaderEpoch=0, isrWithBrokerEpoch=List(BrokerState(brokerId=0, brokerEpoch=-1)), leaderRecoveryState=RECOVERED, partitionEpoch=0) (state.change.logger:66)
[2026-03-04 15:48:16,553] INFO [Controller id=0 epoch=1] Changed partition connect-offset-topic-kcbq-connect-cluster-18 from NewPartition to OnlinePartition with state LeaderAndIsr(leader=0, leaderEpoch=0, isrWithBrokerEpoch=List(BrokerState(brokerId=0, brokerEpoch=-1)), leaderRecoveryState=RECOVERED, partitionEpoch=0) (state.change.logger:66)
[2026-03-04 15:48:16,553] INFO [Controller id=0 epoch=1] Changed partition connect-offset-topic-kcbq-connect-cluster-3 from NewPartition to OnlinePartition with state LeaderAndIsr(leader=0, leaderEpoch=0, isrWithBrokerEpoch=List(BrokerState(brokerId=0, brokerEpoch=-1)), leaderRecoveryState=RECOVERED, partitionEpoch=0) (state.change.logger:66)
[2026-03-04 15:48:16,553] INFO [Controller id=0 epoch=1] Changed partition connect-offset-topic-kcbq-connect-cluster-8 from NewPartition to OnlinePartition with state LeaderAndIsr(leader=0, leaderEpoch=0, isrWithBrokerEpoch=List(BrokerState(brokerId=0, brokerEpoch=-1)), leaderRecoveryState=RECOVERED, partitionEpoch=0) (state.change.logger:66)
[2026-03-04 15:48:16,553] INFO [Controller id=0 epoch=1] Changed partition connect-offset-topic-kcbq-connect-cluster-12 from NewPartition to OnlinePartition with state LeaderAndIsr(leader=0, leaderEpoch=0, isrWithBrokerEpoch=List(BrokerState(brokerId=0, brokerEpoch=-1)), leaderRecoveryState=RECOVERED, partitionEpoch=0) (state.change.logger:66)
[2026-03-04 15:48:16,553] INFO [Controller id=0 epoch=1] Changed partition connect-offset-topic-kcbq-connect-cluster-15 from NewPartition to OnlinePartition with state LeaderAndIsr(leader=0, leaderEpoch=0, isrWithBrokerEpoch=List(BrokerState(brokerId=0, brokerEpoch=-1)), leaderRecoveryState=RECOVERED, partitionEpoch=0) (state.change.logger:66)
[2026-03-04 15:48:16,553] INFO [Controller id=0 epoch=1] Changed partition connect-offset-topic-kcbq-connect-cluster-9 from NewPartition to OnlinePartition with state LeaderAndIsr(leader=0, leaderEpoch=0, isrWithBrokerEpoch=List(BrokerState(brokerId=0, brokerEpoch=-1)), leaderRecoveryState=RECOVERED, partitionEpoch=0) (state.change.logger:66)
[2026-03-04 15:48:16,553] INFO [Controller id=0 epoch=1] Changed partition connect-offset-topic-kcbq-connect-cluster-21 from NewPartition to OnlinePartition with state LeaderAndIsr(leader=0, leaderEpoch=0, isrWithBrokerEpoch=List(BrokerState(brokerId=0, brokerEpoch=-1)), leaderRecoveryState=RECOVERED, partitionEpoch=0) (state.change.logger:66)
[2026-03-04 15:48:16,553] INFO [Controller id=0 epoch=1] Changed partition connect-offset-topic-kcbq-connect-cluster-2 from NewPartition to OnlinePartition with state LeaderAndIsr(leader=0, leaderEpoch=0, isrWithBrokerEpoch=List(BrokerState(brokerId=0, brokerEpoch=-1)), leaderRecoveryState=RECOVERED, partitionEpoch=0) (state.change.logger:66)
[2026-03-04 15:48:16,553] INFO [Controller id=0 epoch=1] Changed partition connect-offset-topic-kcbq-connect-cluster-6 from NewPartition to OnlinePartition with state LeaderAndIsr(leader=0, leaderEpoch=0, isrWithBrokerEpoch=List(BrokerState(brokerId=0, brokerEpoch=-1)), leaderRecoveryState=RECOVERED, partitionEpoch=0) (state.change.logger:66)
[2026-03-04 15:48:16,553] INFO [Controller id=0 epoch=1] Changed partition connect-offset-topic-kcbq-connect-cluster-20 from NewPartition to OnlinePartition with state LeaderAndIsr(leader=0, leaderEpoch=0, isrWithBrokerEpoch=List(BrokerState(brokerId=0, brokerEpoch=-1)), leaderRecoveryState=RECOVERED, partitionEpoch=0) (state.change.logger:66)
[2026-03-04 15:48:16,553] INFO [Controller id=0 epoch=1] Changed partition connect-offset-topic-kcbq-connect-cluster-1 from NewPartition to OnlinePartition with state LeaderAndIsr(leader=0, leaderEpoch=0, isrWithBrokerEpoch=List(BrokerState(brokerId=0, brokerEpoch=-1)), leaderRecoveryState=RECOVERED, partitionEpoch=0) (state.change.logger:66)
[2026-03-04 15:48:16,553] INFO [Controller id=0 epoch=1] Changed partition connect-offset-topic-kcbq-connect-cluster-11 from NewPartition to OnlinePartition with state LeaderAndIsr(leader=0, leaderEpoch=0, isrWithBrokerEpoch=List(BrokerState(brokerId=0, brokerEpoch=-1)), leaderRecoveryState=RECOVERED, partitionEpoch=0) (state.change.logger:66)
[2026-03-04 15:48:16,553] INFO [Controller id=0 epoch=1] Changed partition connect-offset-topic-kcbq-connect-cluster-23 from NewPartition to OnlinePartition with state LeaderAndIsr(leader=0, leaderEpoch=0, isrWithBrokerEpoch=List(BrokerState(brokerId=0, brokerEpoch=-1)), leaderRecoveryState=RECOVERED, partitionEpoch=0) (state.change.logger:66)
[2026-03-04 15:48:16,553] INFO [Controller id=0 epoch=1] Sending LeaderAndIsr request to broker 0 with 25 become-leader and 0 become-follower partitions (state.change.logger:66)
[2026-03-04 15:48:16,553] INFO [Controller id=0 epoch=1] Sending UpdateMetadata request to brokers Set(0) for 25 partitions (state.change.logger:66)
[2026-03-04 15:48:16,554] INFO [Controller id=0 epoch=1] Sending UpdateMetadata request to brokers Set() for 0 partitions (state.change.logger:66)
[2026-03-04 15:48:16,554] INFO [Broker id=0] Handling LeaderAndIsr request correlationId 1 from controller 0 for 25 partitions (state.change.logger:66)
[2026-03-04 15:48:16,555] INFO [ReplicaFetcherManager on broker 0] Removed fetcher for partitions Set(connect-offset-topic-kcbq-connect-cluster-14, connect-offset-topic-kcbq-connect-cluster-10, connect-offset-topic-kcbq-connect-cluster-19, connect-offset-topic-kcbq-connect-cluster-16, connect-offset-topic-kcbq-connect-cluster-5, connect-offset-topic-kcbq-connect-cluster-7, connect-offset-topic-kcbq-connect-cluster-4, connect-offset-topic-kcbq-connect-cluster-0, connect-offset-topic-kcbq-connect-cluster-17, connect-offset-topic-kcbq-connect-cluster-13, connect-offset-topic-kcbq-connect-cluster-24, connect-offset-topic-kcbq-connect-cluster-22, connect-offset-topic-kcbq-connect-cluster-18, connect-offset-topic-kcbq-connect-cluster-3, connect-offset-topic-kcbq-connect-cluster-8, connect-offset-topic-kcbq-connect-cluster-12, connect-offset-topic-kcbq-connect-cluster-15, connect-offset-topic-kcbq-connect-cluster-9, connect-offset-topic-kcbq-connect-cluster-21, connect-offset-topic-kcbq-connect-cluster-2, connect-offset-topic-kcbq-connect-cluster-6, connect-offset-topic-kcbq-connect-cluster-20, connect-offset-topic-kcbq-connect-cluster-1, connect-offset-topic-kcbq-connect-cluster-11, connect-offset-topic-kcbq-connect-cluster-23) (kafka.server.ReplicaFetcherManager:66)
[2026-03-04 15:48:16,555] INFO [Broker id=0] Stopped fetchers as part of LeaderAndIsr request correlationId 1 from controller 0 epoch 1 as part of the become-leader transition for 25 partitions (state.change.logger:66)
[2026-03-04 15:48:16,556] INFO [LogLoader partition=connect-offset-topic-kcbq-connect-cluster-10, dir=/tmp/EmbeddedKafkaCluster2815493917284875739] Loading producer state till offset 0 with message format version 2 (kafka.log.UnifiedLog$:1937)
[2026-03-04 15:48:16,556] INFO Created log for partition connect-offset-topic-kcbq-connect-cluster-10 in /tmp/EmbeddedKafkaCluster2815493917284875739/connect-offset-topic-kcbq-connect-cluster-10 with properties {cleanup.policy=compact} (kafka.log.LogManager:66)
[2026-03-04 15:48:16,556] INFO [Partition connect-offset-topic-kcbq-connect-cluster-10 broker=0] No checkpointed highwatermark is found for partition connect-offset-topic-kcbq-connect-cluster-10 (kafka.cluster.Partition:66)
[2026-03-04 15:48:16,556] INFO [Partition connect-offset-topic-kcbq-connect-cluster-10 broker=0] Log loaded for partition connect-offset-topic-kcbq-connect-cluster-10 with initial high watermark 0 (kafka.cluster.Partition:66)
[2026-03-04 15:48:16,556] INFO [Broker id=0] Leader connect-offset-topic-kcbq-connect-cluster-10 with topic id Some(n_LyE3hqQkarVnF386W6-w) starts at leader epoch 0 from offset 0 with partition epoch 0, high watermark 0, ISR [0], adding replicas [] and removing replicas [] . Previous leader None and previous leader epoch was -1. (state.change.logger:66)
[2026-03-04 15:48:16,557] INFO [LogLoader partition=connect-offset-topic-kcbq-connect-cluster-7, dir=/tmp/EmbeddedKafkaCluster2815493917284875739] Loading producer state till offset 0 with message format version 2 (kafka.log.UnifiedLog$:1937)
[2026-03-04 15:48:16,557] INFO Created log for partition connect-offset-topic-kcbq-connect-cluster-7 in /tmp/EmbeddedKafkaCluster2815493917284875739/connect-offset-topic-kcbq-connect-cluster-7 with properties {cleanup.policy=compact} (kafka.log.LogManager:66)
[2026-03-04 15:48:16,557] INFO [Partition connect-offset-topic-kcbq-connect-cluster-7 broker=0] No checkpointed highwatermark is found for partition connect-offset-topic-kcbq-connect-cluster-7 (kafka.cluster.Partition:66)
[2026-03-04 15:48:16,557] INFO [Partition connect-offset-topic-kcbq-connect-cluster-7 broker=0] Log loaded for partition connect-offset-topic-kcbq-connect-cluster-7 with initial high watermark 0 (kafka.cluster.Partition:66)
[2026-03-04 15:48:16,557] INFO [Broker id=0] Leader connect-offset-topic-kcbq-connect-cluster-7 with topic id Some(n_LyE3hqQkarVnF386W6-w) starts at leader epoch 0 from offset 0 with partition epoch 0, high watermark 0, ISR [0], adding replicas [] and removing replicas [] . Previous leader None and previous leader epoch was -1. (state.change.logger:66)
[2026-03-04 15:48:16,558] INFO [LogLoader partition=connect-offset-topic-kcbq-connect-cluster-4, dir=/tmp/EmbeddedKafkaCluster2815493917284875739] Loading producer state till offset 0 with message format version 2 (kafka.log.UnifiedLog$:1937)
[2026-03-04 15:48:16,558] INFO Created log for partition connect-offset-topic-kcbq-connect-cluster-4 in /tmp/EmbeddedKafkaCluster2815493917284875739/connect-offset-topic-kcbq-connect-cluster-4 with properties {cleanup.policy=compact} (kafka.log.LogManager:66)
[2026-03-04 15:48:16,558] INFO [Partition connect-offset-topic-kcbq-connect-cluster-4 broker=0] No checkpointed highwatermark is found for partition connect-offset-topic-kcbq-connect-cluster-4 (kafka.cluster.Partition:66)
[2026-03-04 15:48:16,558] INFO [Partition connect-offset-topic-kcbq-connect-cluster-4 broker=0] Log loaded for partition connect-offset-topic-kcbq-connect-cluster-4 with initial high watermark 0 (kafka.cluster.Partition:66)
[2026-03-04 15:48:16,558] INFO [Broker id=0] Leader connect-offset-topic-kcbq-connect-cluster-4 with topic id Some(n_LyE3hqQkarVnF386W6-w) starts at leader epoch 0 from offset 0 with partition epoch 0, high watermark 0, ISR [0], adding replicas [] and removing replicas [] . Previous leader None and previous leader epoch was -1. (state.change.logger:66)
[2026-03-04 15:48:16,559] INFO [LogLoader partition=connect-offset-topic-kcbq-connect-cluster-23, dir=/tmp/EmbeddedKafkaCluster2815493917284875739] Loading producer state till offset 0 with message format version 2 (kafka.log.UnifiedLog$:1937)
[2026-03-04 15:48:16,559] INFO Created log for partition connect-offset-topic-kcbq-connect-cluster-23 in /tmp/EmbeddedKafkaCluster2815493917284875739/connect-offset-topic-kcbq-connect-cluster-23 with properties {cleanup.policy=compact} (kafka.log.LogManager:66)
[2026-03-04 15:48:16,559] INFO [Partition connect-offset-topic-kcbq-connect-cluster-23 broker=0] No checkpointed highwatermark is found for partition connect-offset-topic-kcbq-connect-cluster-23 (kafka.cluster.Partition:66)
[2026-03-04 15:48:16,559] INFO [Partition connect-offset-topic-kcbq-connect-cluster-23 broker=0] Log loaded for partition connect-offset-topic-kcbq-connect-cluster-23 with initial high watermark 0 (kafka.cluster.Partition:66)
[2026-03-04 15:48:16,559] INFO [Broker id=0] Leader connect-offset-topic-kcbq-connect-cluster-23 with topic id Some(n_LyE3hqQkarVnF386W6-w) starts at leader epoch 0 from offset 0 with partition epoch 0, high watermark 0, ISR [0], adding replicas [] and removing replicas [] . Previous leader None and previous leader epoch was -1. (state.change.logger:66)
[2026-03-04 15:48:16,560] INFO [LogLoader partition=connect-offset-topic-kcbq-connect-cluster-1, dir=/tmp/EmbeddedKafkaCluster2815493917284875739] Loading producer state till offset 0 with message format version 2 (kafka.log.UnifiedLog$:1937)
[2026-03-04 15:48:16,560] INFO Created log for partition connect-offset-topic-kcbq-connect-cluster-1 in /tmp/EmbeddedKafkaCluster2815493917284875739/connect-offset-topic-kcbq-connect-cluster-1 with properties {cleanup.policy=compact} (kafka.log.LogManager:66)
[2026-03-04 15:48:16,560] INFO [Partition connect-offset-topic-kcbq-connect-cluster-1 broker=0] No checkpointed highwatermark is found for partition connect-offset-topic-kcbq-connect-cluster-1 (kafka.cluster.Partition:66)
[2026-03-04 15:48:16,560] INFO [Partition connect-offset-topic-kcbq-connect-cluster-1 broker=0] Log loaded for partition connect-offset-topic-kcbq-connect-cluster-1 with initial high watermark 0 (kafka.cluster.Partition:66)
[2026-03-04 15:48:16,560] INFO [Broker id=0] Leader connect-offset-topic-kcbq-connect-cluster-1 with topic id Some(n_LyE3hqQkarVnF386W6-w) starts at leader epoch 0 from offset 0 with partition epoch 0, high watermark 0, ISR [0], adding replicas [] and removing replicas [] . Previous leader None and previous leader epoch was -1. (state.change.logger:66)
[2026-03-04 15:48:16,561] INFO [LogLoader partition=connect-offset-topic-kcbq-connect-cluster-20, dir=/tmp/EmbeddedKafkaCluster2815493917284875739] Loading producer state till offset 0 with message format version 2 (kafka.log.UnifiedLog$:1937)
[2026-03-04 15:48:16,561] INFO Created log for partition connect-offset-topic-kcbq-connect-cluster-20 in /tmp/EmbeddedKafkaCluster2815493917284875739/connect-offset-topic-kcbq-connect-cluster-20 with properties {cleanup.policy=compact} (kafka.log.LogManager:66)
[2026-03-04 15:48:16,561] INFO [Partition connect-offset-topic-kcbq-connect-cluster-20 broker=0] No checkpointed highwatermark is found for partition connect-offset-topic-kcbq-connect-cluster-20 (kafka.cluster.Partition:66)
[2026-03-04 15:48:16,561] INFO [Partition connect-offset-topic-kcbq-connect-cluster-20 broker=0] Log loaded for partition connect-offset-topic-kcbq-connect-cluster-20 with initial high watermark 0 (kafka.cluster.Partition:66)
[2026-03-04 15:48:16,561] INFO [Broker id=0] Leader connect-offset-topic-kcbq-connect-cluster-20 with topic id Some(n_LyE3hqQkarVnF386W6-w) starts at leader epoch 0 from offset 0 with partition epoch 0, high watermark 0, ISR [0], adding replicas [] and removing replicas [] . Previous leader None and previous leader epoch was -1. (state.change.logger:66)
[2026-03-04 15:48:16,561] INFO [LogLoader partition=connect-offset-topic-kcbq-connect-cluster-17, dir=/tmp/EmbeddedKafkaCluster2815493917284875739] Loading producer state till offset 0 with message format version 2 (kafka.log.UnifiedLog$:1937)
[2026-03-04 15:48:16,561] INFO Created log for partition connect-offset-topic-kcbq-connect-cluster-17 in /tmp/EmbeddedKafkaCluster2815493917284875739/connect-offset-topic-kcbq-connect-cluster-17 with properties {cleanup.policy=compact} (kafka.log.LogManager:66)
[2026-03-04 15:48:16,561] INFO [Partition connect-offset-topic-kcbq-connect-cluster-17 broker=0] No checkpointed highwatermark is found for partition connect-offset-topic-kcbq-connect-cluster-17 (kafka.cluster.Partition:66)
[2026-03-04 15:48:16,561] INFO [Partition connect-offset-topic-kcbq-connect-cluster-17 broker=0] Log loaded for partition connect-offset-topic-kcbq-connect-cluster-17 with initial high watermark 0 (kafka.cluster.Partition:66)
[2026-03-04 15:48:16,561] INFO [Broker id=0] Leader connect-offset-topic-kcbq-connect-cluster-17 with topic id Some(n_LyE3hqQkarVnF386W6-w) starts at leader epoch 0 from offset 0 with partition epoch 0, high watermark 0, ISR [0], adding replicas [] and removing replicas [] . Previous leader None and previous leader epoch was -1. (state.change.logger:66)
[2026-03-04 15:48:16,562] INFO [LogLoader partition=connect-offset-topic-kcbq-connect-cluster-14, dir=/tmp/EmbeddedKafkaCluster2815493917284875739] Loading producer state till offset 0 with message format version 2 (kafka.log.UnifiedLog$:1937)
[2026-03-04 15:48:16,562] INFO Created log for partition connect-offset-topic-kcbq-connect-cluster-14 in /tmp/EmbeddedKafkaCluster2815493917284875739/connect-offset-topic-kcbq-connect-cluster-14 with properties {cleanup.policy=compact} (kafka.log.LogManager:66)
[2026-03-04 15:48:16,562] INFO [Partition connect-offset-topic-kcbq-connect-cluster-14 broker=0] No checkpointed highwatermark is found for partition connect-offset-topic-kcbq-connect-cluster-14 (kafka.cluster.Partition:66)
[2026-03-04 15:48:16,562] INFO [Partition connect-offset-topic-kcbq-connect-cluster-14 broker=0] Log loaded for partition connect-offset-topic-kcbq-connect-cluster-14 with initial high watermark 0 (kafka.cluster.Partition:66)
[2026-03-04 15:48:16,562] INFO [Broker id=0] Leader connect-offset-topic-kcbq-connect-cluster-14 with topic id Some(n_LyE3hqQkarVnF386W6-w) starts at leader epoch 0 from offset 0 with partition epoch 0, high watermark 0, ISR [0], adding replicas [] and removing replicas [] . Previous leader None and previous leader epoch was -1. (state.change.logger:66)
[2026-03-04 15:48:16,563] INFO [LogLoader partition=connect-offset-topic-kcbq-connect-cluster-11, dir=/tmp/EmbeddedKafkaCluster2815493917284875739] Loading producer state till offset 0 with message format version 2 (kafka.log.UnifiedLog$:1937)
[2026-03-04 15:48:16,563] INFO Created log for partition connect-offset-topic-kcbq-connect-cluster-11 in /tmp/EmbeddedKafkaCluster2815493917284875739/connect-offset-topic-kcbq-connect-cluster-11 with properties {cleanup.policy=compact} (kafka.log.LogManager:66)
[2026-03-04 15:48:16,563] INFO [Partition connect-offset-topic-kcbq-connect-cluster-11 broker=0] No checkpointed highwatermark is found for partition connect-offset-topic-kcbq-connect-cluster-11 (kafka.cluster.Partition:66)
[2026-03-04 15:48:16,563] INFO [Partition connect-offset-topic-kcbq-connect-cluster-11 broker=0] Log loaded for partition connect-offset-topic-kcbq-connect-cluster-11 with initial high watermark 0 (kafka.cluster.Partition:66)
[2026-03-04 15:48:16,563] INFO [Broker id=0] Leader connect-offset-topic-kcbq-connect-cluster-11 with topic id Some(n_LyE3hqQkarVnF386W6-w) starts at leader epoch 0 from offset 0 with partition epoch 0, high watermark 0, ISR [0], adding replicas [] and removing replicas [] . Previous leader None and previous leader epoch was -1. (state.change.logger:66)
[2026-03-04 15:48:16,564] INFO [LogLoader partition=connect-offset-topic-kcbq-connect-cluster-8, dir=/tmp/EmbeddedKafkaCluster2815493917284875739] Loading producer state till offset 0 with message format version 2 (kafka.log.UnifiedLog$:1937)
[2026-03-04 15:48:16,564] INFO Created log for partition connect-offset-topic-kcbq-connect-cluster-8 in /tmp/EmbeddedKafkaCluster2815493917284875739/connect-offset-topic-kcbq-connect-cluster-8 with properties {cleanup.policy=compact} (kafka.log.LogManager:66)
[2026-03-04 15:48:16,564] INFO [Partition connect-offset-topic-kcbq-connect-cluster-8 broker=0] No checkpointed highwatermark is found for partition connect-offset-topic-kcbq-connect-cluster-8 (kafka.cluster.Partition:66)
[2026-03-04 15:48:16,564] INFO [Partition connect-offset-topic-kcbq-connect-cluster-8 broker=0] Log loaded for partition connect-offset-topic-kcbq-connect-cluster-8 with initial high watermark 0 (kafka.cluster.Partition:66)
[2026-03-04 15:48:16,564] INFO [Broker id=0] Leader connect-offset-topic-kcbq-connect-cluster-8 with topic id Some(n_LyE3hqQkarVnF386W6-w) starts at leader epoch 0 from offset 0 with partition epoch 0, high watermark 0, ISR [0], adding replicas [] and removing replicas [] . Previous leader None and previous leader epoch was -1. (state.change.logger:66)
[2026-03-04 15:48:16,565] INFO Started o.e.j.s.ServletContextHandler@3b6ea33b{/,null,AVAILABLE} (org.eclipse.jetty.server.handler.ContextHandler:921)
[2026-03-04 15:48:16,565] INFO [LogLoader partition=connect-offset-topic-kcbq-connect-cluster-5, dir=/tmp/EmbeddedKafkaCluster2815493917284875739] Loading producer state till offset 0 with message format version 2 (kafka.log.UnifiedLog$:1937)
[2026-03-04 15:48:16,565] INFO REST resources initialized; server is started and ready to handle requests (org.apache.kafka.connect.runtime.rest.RestServer:299)
[2026-03-04 15:48:16,565] INFO Kafka Connect started (org.apache.kafka.connect.runtime.Connect:57)
[2026-03-04 15:48:16,565] INFO Created log for partition connect-offset-topic-kcbq-connect-cluster-5 in /tmp/EmbeddedKafkaCluster2815493917284875739/connect-offset-topic-kcbq-connect-cluster-5 with properties {cleanup.policy=compact} (kafka.log.LogManager:66)
[2026-03-04 15:48:16,565] INFO [Partition connect-offset-topic-kcbq-connect-cluster-5 broker=0] No checkpointed highwatermark is found for partition connect-offset-topic-kcbq-connect-cluster-5 (kafka.cluster.Partition:66)
[2026-03-04 15:48:16,565] INFO [Partition connect-offset-topic-kcbq-connect-cluster-5 broker=0] Log loaded for partition connect-offset-topic-kcbq-connect-cluster-5 with initial high watermark 0 (kafka.cluster.Partition:66)
[2026-03-04 15:48:16,565] INFO [Broker id=0] Leader connect-offset-topic-kcbq-connect-cluster-5 with topic id Some(n_LyE3hqQkarVnF386W6-w) starts at leader epoch 0 from offset 0 with partition epoch 0, high watermark 0, ISR [0], adding replicas [] and removing replicas [] . Previous leader None and previous leader epoch was -1. (state.change.logger:66)
[2026-03-04 15:48:16,566] INFO Completed startup of 1 Kafka brokers (org.apache.kafka.connect.util.clusters.EmbeddedConnect:143)
[2026-03-04 15:48:16,566] INFO [LogLoader partition=connect-offset-topic-kcbq-connect-cluster-24, dir=/tmp/EmbeddedKafkaCluster2815493917284875739] Loading producer state till offset 0 with message format version 2 (kafka.log.UnifiedLog$:1937)
[2026-03-04 15:48:16,566] INFO Created log for partition connect-offset-topic-kcbq-connect-cluster-24 in /tmp/EmbeddedKafkaCluster2815493917284875739/connect-offset-topic-kcbq-connect-cluster-24 with properties {cleanup.policy=compact} (kafka.log.LogManager:66)
[2026-03-04 15:48:16,566] INFO [Partition connect-offset-topic-kcbq-connect-cluster-24 broker=0] No checkpointed highwatermark is found for partition connect-offset-topic-kcbq-connect-cluster-24 (kafka.cluster.Partition:66)
[2026-03-04 15:48:16,566] INFO [Partition connect-offset-topic-kcbq-connect-cluster-24 broker=0] Log loaded for partition connect-offset-topic-kcbq-connect-cluster-24 with initial high watermark 0 (kafka.cluster.Partition:66)
[2026-03-04 15:48:16,566] INFO [Broker id=0] Leader connect-offset-topic-kcbq-connect-cluster-24 with topic id Some(n_LyE3hqQkarVnF386W6-w) starts at leader epoch 0 from offset 0 with partition epoch 0, high watermark 0, ISR [0], adding replicas [] and removing replicas [] . Previous leader None and previous leader epoch was -1. (state.change.logger:66)
[2026-03-04 15:48:16,567] INFO [LogLoader partition=connect-offset-topic-kcbq-connect-cluster-2, dir=/tmp/EmbeddedKafkaCluster2815493917284875739] Loading producer state till offset 0 with message format version 2 (kafka.log.UnifiedLog$:1937)
[2026-03-04 15:48:16,567] INFO Created log for partition connect-offset-topic-kcbq-connect-cluster-2 in /tmp/EmbeddedKafkaCluster2815493917284875739/connect-offset-topic-kcbq-connect-cluster-2 with properties {cleanup.policy=compact} (kafka.log.LogManager:66)
[2026-03-04 15:48:16,567] INFO [Partition connect-offset-topic-kcbq-connect-cluster-2 broker=0] No checkpointed highwatermark is found for partition connect-offset-topic-kcbq-connect-cluster-2 (kafka.cluster.Partition:66)
[2026-03-04 15:48:16,567] INFO [Partition connect-offset-topic-kcbq-connect-cluster-2 broker=0] Log loaded for partition connect-offset-topic-kcbq-connect-cluster-2 with initial high watermark 0 (kafka.cluster.Partition:66)
[2026-03-04 15:48:16,567] INFO [Broker id=0] Leader connect-offset-topic-kcbq-connect-cluster-2 with topic id Some(n_LyE3hqQkarVnF386W6-w) starts at leader epoch 0 from offset 0 with partition epoch 0, high watermark 0, ISR [0], adding replicas [] and removing replicas [] . Previous leader None and previous leader epoch was -1. (state.change.logger:66)
[2026-03-04 15:48:16,568] INFO [LogLoader partition=connect-offset-topic-kcbq-connect-cluster-12, dir=/tmp/EmbeddedKafkaCluster2815493917284875739] Loading producer state till offset 0 with message format version 2 (kafka.log.UnifiedLog$:1937)
[2026-03-04 15:48:16,568] INFO Created log for partition connect-offset-topic-kcbq-connect-cluster-12 in /tmp/EmbeddedKafkaCluster2815493917284875739/connect-offset-topic-kcbq-connect-cluster-12 with properties {cleanup.policy=compact} (kafka.log.LogManager:66)
[2026-03-04 15:48:16,568] INFO [Partition connect-offset-topic-kcbq-connect-cluster-12 broker=0] No checkpointed highwatermark is found for partition connect-offset-topic-kcbq-connect-cluster-12 (kafka.cluster.Partition:66)
[2026-03-04 15:48:16,568] INFO [Partition connect-offset-topic-kcbq-connect-cluster-12 broker=0] Log loaded for partition connect-offset-topic-kcbq-connect-cluster-12 with initial high watermark 0 (kafka.cluster.Partition:66)
[2026-03-04 15:48:16,568] INFO [Broker id=0] Leader connect-offset-topic-kcbq-connect-cluster-12 with topic id Some(n_LyE3hqQkarVnF386W6-w) starts at leader epoch 0 from offset 0 with partition epoch 0, high watermark 0, ISR [0], adding replicas [] and removing replicas [] . Previous leader None and previous leader epoch was -1. (state.change.logger:66)
[2026-03-04 15:48:16,568] INFO [LogLoader partition=connect-offset-topic-kcbq-connect-cluster-21, dir=/tmp/EmbeddedKafkaCluster2815493917284875739] Loading producer state till offset 0 with message format version 2 (kafka.log.UnifiedLog$:1937)
[2026-03-04 15:48:16,568] INFO Created log for partition connect-offset-topic-kcbq-connect-cluster-21 in /tmp/EmbeddedKafkaCluster2815493917284875739/connect-offset-topic-kcbq-connect-cluster-21 with properties {cleanup.policy=compact} (kafka.log.LogManager:66)
[2026-03-04 15:48:16,568] INFO [Partition connect-offset-topic-kcbq-connect-cluster-21 broker=0] No checkpointed highwatermark is found for partition connect-offset-topic-kcbq-connect-cluster-21 (kafka.cluster.Partition:66)
[2026-03-04 15:48:16,568] INFO [Partition connect-offset-topic-kcbq-connect-cluster-21 broker=0] Log loaded for partition connect-offset-topic-kcbq-connect-cluster-21 with initial high watermark 0 (kafka.cluster.Partition:66)
[2026-03-04 15:48:16,568] INFO [Broker id=0] Leader connect-offset-topic-kcbq-connect-cluster-21 with topic id Some(n_LyE3hqQkarVnF386W6-w) starts at leader epoch 0 from offset 0 with partition epoch 0, high watermark 0, ISR [0], adding replicas [] and removing replicas [] . Previous leader None and previous leader epoch was -1. (state.change.logger:66)
[2026-03-04 15:48:16,569] INFO [LogLoader partition=connect-offset-topic-kcbq-connect-cluster-18, dir=/tmp/EmbeddedKafkaCluster2815493917284875739] Loading producer state till offset 0 with message format version 2 (kafka.log.UnifiedLog$:1937)
[2026-03-04 15:48:16,569] INFO Created log for partition connect-offset-topic-kcbq-connect-cluster-18 in /tmp/EmbeddedKafkaCluster2815493917284875739/connect-offset-topic-kcbq-connect-cluster-18 with properties {cleanup.policy=compact} (kafka.log.LogManager:66)
[2026-03-04 15:48:16,569] INFO [Partition connect-offset-topic-kcbq-connect-cluster-18 broker=0] No checkpointed highwatermark is found for partition connect-offset-topic-kcbq-connect-cluster-18 (kafka.cluster.Partition:66)
[2026-03-04 15:48:16,569] INFO [Partition connect-offset-topic-kcbq-connect-cluster-18 broker=0] Log loaded for partition connect-offset-topic-kcbq-connect-cluster-18 with initial high watermark 0 (kafka.cluster.Partition:66)
[2026-03-04 15:48:16,569] INFO [Broker id=0] Leader connect-offset-topic-kcbq-connect-cluster-18 with topic id Some(n_LyE3hqQkarVnF386W6-w) starts at leader epoch 0 from offset 0 with partition epoch 0, high watermark 0, ISR [0], adding replicas [] and removing replicas [] . Previous leader None and previous leader epoch was -1. (state.change.logger:66)
[2026-03-04 15:48:16,570] INFO [LogLoader partition=connect-offset-topic-kcbq-connect-cluster-9, dir=/tmp/EmbeddedKafkaCluster2815493917284875739] Loading producer state till offset 0 with message format version 2 (kafka.log.UnifiedLog$:1937)
[2026-03-04 15:48:16,570] INFO Created log for partition connect-offset-topic-kcbq-connect-cluster-9 in /tmp/EmbeddedKafkaCluster2815493917284875739/connect-offset-topic-kcbq-connect-cluster-9 with properties {cleanup.policy=compact} (kafka.log.LogManager:66)
[2026-03-04 15:48:16,570] INFO [Partition connect-offset-topic-kcbq-connect-cluster-9 broker=0] No checkpointed highwatermark is found for partition connect-offset-topic-kcbq-connect-cluster-9 (kafka.cluster.Partition:66)
[2026-03-04 15:48:16,570] INFO [Partition connect-offset-topic-kcbq-connect-cluster-9 broker=0] Log loaded for partition connect-offset-topic-kcbq-connect-cluster-9 with initial high watermark 0 (kafka.cluster.Partition:66)
[2026-03-04 15:48:16,570] INFO [Broker id=0] Leader connect-offset-topic-kcbq-connect-cluster-9 with topic id Some(n_LyE3hqQkarVnF386W6-w) starts at leader epoch 0 from offset 0 with partition epoch 0, high watermark 0, ISR [0], adding replicas [] and removing replicas [] . Previous leader None and previous leader epoch was -1. (state.change.logger:66)
[2026-03-04 15:48:16,570] INFO [LogLoader partition=connect-offset-topic-kcbq-connect-cluster-6, dir=/tmp/EmbeddedKafkaCluster2815493917284875739] Loading producer state till offset 0 with message format version 2 (kafka.log.UnifiedLog$:1937)
[2026-03-04 15:48:16,571] INFO Created log for partition connect-offset-topic-kcbq-connect-cluster-6 in /tmp/EmbeddedKafkaCluster2815493917284875739/connect-offset-topic-kcbq-connect-cluster-6 with properties {cleanup.policy=compact} (kafka.log.LogManager:66)
[2026-03-04 15:48:16,571] INFO [Partition connect-offset-topic-kcbq-connect-cluster-6 broker=0] No checkpointed highwatermark is found for partition connect-offset-topic-kcbq-connect-cluster-6 (kafka.cluster.Partition:66)
[2026-03-04 15:48:16,571] INFO [Partition connect-offset-topic-kcbq-connect-cluster-6 broker=0] Log loaded for partition connect-offset-topic-kcbq-connect-cluster-6 with initial high watermark 0 (kafka.cluster.Partition:66)
[2026-03-04 15:48:16,571] INFO [Broker id=0] Leader connect-offset-topic-kcbq-connect-cluster-6 with topic id Some(n_LyE3hqQkarVnF386W6-w) starts at leader epoch 0 from offset 0 with partition epoch 0, high watermark 0, ISR [0], adding replicas [] and removing replicas [] . Previous leader None and previous leader epoch was -1. (state.change.logger:66)
[2026-03-04 15:48:16,571] INFO [LogLoader partition=connect-offset-topic-kcbq-connect-cluster-15, dir=/tmp/EmbeddedKafkaCluster2815493917284875739] Loading producer state till offset 0 with message format version 2 (kafka.log.UnifiedLog$:1937)
[2026-03-04 15:48:16,571] INFO Created log for partition connect-offset-topic-kcbq-connect-cluster-15 in /tmp/EmbeddedKafkaCluster2815493917284875739/connect-offset-topic-kcbq-connect-cluster-15 with properties {cleanup.policy=compact} (kafka.log.LogManager:66)
[2026-03-04 15:48:16,571] INFO [Partition connect-offset-topic-kcbq-connect-cluster-15 broker=0] No checkpointed highwatermark is found for partition connect-offset-topic-kcbq-connect-cluster-15 (kafka.cluster.Partition:66)
[2026-03-04 15:48:16,571] INFO [Partition connect-offset-topic-kcbq-connect-cluster-15 broker=0] Log loaded for partition connect-offset-topic-kcbq-connect-cluster-15 with initial high watermark 0 (kafka.cluster.Partition:66)
[2026-03-04 15:48:16,571] INFO [Broker id=0] Leader connect-offset-topic-kcbq-connect-cluster-15 with topic id Some(n_LyE3hqQkarVnF386W6-w) starts at leader epoch 0 from offset 0 with partition epoch 0, high watermark 0, ISR [0], adding replicas [] and removing replicas [] . Previous leader None and previous leader epoch was -1. (state.change.logger:66)
[2026-03-04 15:48:16,572] INFO [LogLoader partition=connect-offset-topic-kcbq-connect-cluster-22, dir=/tmp/EmbeddedKafkaCluster2815493917284875739] Loading producer state till offset 0 with message format version 2 (kafka.log.UnifiedLog$:1937)
[2026-03-04 15:48:16,572] INFO Created log for partition connect-offset-topic-kcbq-connect-cluster-22 in /tmp/EmbeddedKafkaCluster2815493917284875739/connect-offset-topic-kcbq-connect-cluster-22 with properties {cleanup.policy=compact} (kafka.log.LogManager:66)
[2026-03-04 15:48:16,572] INFO [Partition connect-offset-topic-kcbq-connect-cluster-22 broker=0] No checkpointed highwatermark is found for partition connect-offset-topic-kcbq-connect-cluster-22 (kafka.cluster.Partition:66)
[2026-03-04 15:48:16,572] INFO [Partition connect-offset-topic-kcbq-connect-cluster-22 broker=0] Log loaded for partition connect-offset-topic-kcbq-connect-cluster-22 with initial high watermark 0 (kafka.cluster.Partition:66)
[2026-03-04 15:48:16,572] INFO [Broker id=0] Leader connect-offset-topic-kcbq-connect-cluster-22 with topic id Some(n_LyE3hqQkarVnF386W6-w) starts at leader epoch 0 from offset 0 with partition epoch 0, high watermark 0, ISR [0], adding replicas [] and removing replicas [] . Previous leader None and previous leader epoch was -1. (state.change.logger:66)
[2026-03-04 15:48:16,572] INFO [LogLoader partition=connect-offset-topic-kcbq-connect-cluster-3, dir=/tmp/EmbeddedKafkaCluster2815493917284875739] Loading producer state till offset 0 with message format version 2 (kafka.log.UnifiedLog$:1937)
[2026-03-04 15:48:16,572] INFO Created log for partition connect-offset-topic-kcbq-connect-cluster-3 in /tmp/EmbeddedKafkaCluster2815493917284875739/connect-offset-topic-kcbq-connect-cluster-3 with properties {cleanup.policy=compact} (kafka.log.LogManager:66)
[2026-03-04 15:48:16,572] INFO [Partition connect-offset-topic-kcbq-connect-cluster-3 broker=0] No checkpointed highwatermark is found for partition connect-offset-topic-kcbq-connect-cluster-3 (kafka.cluster.Partition:66)
[2026-03-04 15:48:16,572] INFO [Partition connect-offset-topic-kcbq-connect-cluster-3 broker=0] Log loaded for partition connect-offset-topic-kcbq-connect-cluster-3 with initial high watermark 0 (kafka.cluster.Partition:66)
[2026-03-04 15:48:16,572] INFO [Broker id=0] Leader connect-offset-topic-kcbq-connect-cluster-3 with topic id Some(n_LyE3hqQkarVnF386W6-w) starts at leader epoch 0 from offset 0 with partition epoch 0, high watermark 0, ISR [0], adding replicas [] and removing replicas [] . Previous leader None and previous leader epoch was -1. (state.change.logger:66)
[2026-03-04 15:48:16,573] INFO [LogLoader partition=connect-offset-topic-kcbq-connect-cluster-0, dir=/tmp/EmbeddedKafkaCluster2815493917284875739] Loading producer state till offset 0 with message format version 2 (kafka.log.UnifiedLog$:1937)
[2026-03-04 15:48:16,573] INFO Created log for partition connect-offset-topic-kcbq-connect-cluster-0 in /tmp/EmbeddedKafkaCluster2815493917284875739/connect-offset-topic-kcbq-connect-cluster-0 with properties {cleanup.policy=compact} (kafka.log.LogManager:66)
[2026-03-04 15:48:16,573] INFO [Partition connect-offset-topic-kcbq-connect-cluster-0 broker=0] No checkpointed highwatermark is found for partition connect-offset-topic-kcbq-connect-cluster-0 (kafka.cluster.Partition:66)
[2026-03-04 15:48:16,573] INFO [Partition connect-offset-topic-kcbq-connect-cluster-0 broker=0] Log loaded for partition connect-offset-topic-kcbq-connect-cluster-0 with initial high watermark 0 (kafka.cluster.Partition:66)
[2026-03-04 15:48:16,573] INFO [Broker id=0] Leader connect-offset-topic-kcbq-connect-cluster-0 with topic id Some(n_LyE3hqQkarVnF386W6-w) starts at leader epoch 0 from offset 0 with partition epoch 0, high watermark 0, ISR [0], adding replicas [] and removing replicas [] . Previous leader None and previous leader epoch was -1. (state.change.logger:66)
[2026-03-04 15:48:16,574] INFO [LogLoader partition=connect-offset-topic-kcbq-connect-cluster-19, dir=/tmp/EmbeddedKafkaCluster2815493917284875739] Loading producer state till offset 0 with message format version 2 (kafka.log.UnifiedLog$:1937)
[2026-03-04 15:48:16,574] INFO Created log for partition connect-offset-topic-kcbq-connect-cluster-19 in /tmp/EmbeddedKafkaCluster2815493917284875739/connect-offset-topic-kcbq-connect-cluster-19 with properties {cleanup.policy=compact} (kafka.log.LogManager:66)
[2026-03-04 15:48:16,574] INFO [Partition connect-offset-topic-kcbq-connect-cluster-19 broker=0] No checkpointed highwatermark is found for partition connect-offset-topic-kcbq-connect-cluster-19 (kafka.cluster.Partition:66)
[2026-03-04 15:48:16,574] INFO [Partition connect-offset-topic-kcbq-connect-cluster-19 broker=0] Log loaded for partition connect-offset-topic-kcbq-connect-cluster-19 with initial high watermark 0 (kafka.cluster.Partition:66)
[2026-03-04 15:48:16,574] INFO [Broker id=0] Leader connect-offset-topic-kcbq-connect-cluster-19 with topic id Some(n_LyE3hqQkarVnF386W6-w) starts at leader epoch 0 from offset 0 with partition epoch 0, high watermark 0, ISR [0], adding replicas [] and removing replicas [] . Previous leader None and previous leader epoch was -1. (state.change.logger:66)
[2026-03-04 15:48:16,574] INFO [LogLoader partition=connect-offset-topic-kcbq-connect-cluster-16, dir=/tmp/EmbeddedKafkaCluster2815493917284875739] Loading producer state till offset 0 with message format version 2 (kafka.log.UnifiedLog$:1937)
[2026-03-04 15:48:16,574] INFO Created log for partition connect-offset-topic-kcbq-connect-cluster-16 in /tmp/EmbeddedKafkaCluster2815493917284875739/connect-offset-topic-kcbq-connect-cluster-16 with properties {cleanup.policy=compact} (kafka.log.LogManager:66)
[2026-03-04 15:48:16,574] INFO [Partition connect-offset-topic-kcbq-connect-cluster-16 broker=0] No checkpointed highwatermark is found for partition connect-offset-topic-kcbq-connect-cluster-16 (kafka.cluster.Partition:66)
[2026-03-04 15:48:16,574] INFO [Partition connect-offset-topic-kcbq-connect-cluster-16 broker=0] Log loaded for partition connect-offset-topic-kcbq-connect-cluster-16 with initial high watermark 0 (kafka.cluster.Partition:66)
[2026-03-04 15:48:16,574] INFO [Broker id=0] Leader connect-offset-topic-kcbq-connect-cluster-16 with topic id Some(n_LyE3hqQkarVnF386W6-w) starts at leader epoch 0 from offset 0 with partition epoch 0, high watermark 0, ISR [0], adding replicas [] and removing replicas [] . Previous leader None and previous leader epoch was -1. (state.change.logger:66)
[2026-03-04 15:48:16,575] INFO [LogLoader partition=connect-offset-topic-kcbq-connect-cluster-13, dir=/tmp/EmbeddedKafkaCluster2815493917284875739] Loading producer state till offset 0 with message format version 2 (kafka.log.UnifiedLog$:1937)
[2026-03-04 15:48:16,575] INFO Created log for partition connect-offset-topic-kcbq-connect-cluster-13 in /tmp/EmbeddedKafkaCluster2815493917284875739/connect-offset-topic-kcbq-connect-cluster-13 with properties {cleanup.policy=compact} (kafka.log.LogManager:66)
[2026-03-04 15:48:16,575] INFO [Partition connect-offset-topic-kcbq-connect-cluster-13 broker=0] No checkpointed highwatermark is found for partition connect-offset-topic-kcbq-connect-cluster-13 (kafka.cluster.Partition:66)
[2026-03-04 15:48:16,575] INFO [Partition connect-offset-topic-kcbq-connect-cluster-13 broker=0] Log loaded for partition connect-offset-topic-kcbq-connect-cluster-13 with initial high watermark 0 (kafka.cluster.Partition:66)
[2026-03-04 15:48:16,575] INFO [Broker id=0] Leader connect-offset-topic-kcbq-connect-cluster-13 with topic id Some(n_LyE3hqQkarVnF386W6-w) starts at leader epoch 0 from offset 0 with partition epoch 0, high watermark 0, ISR [0], adding replicas [] and removing replicas [] . Previous leader None and previous leader epoch was -1. (state.change.logger:66)
[2026-03-04 15:48:16,575] INFO [Broker id=0] Finished LeaderAndIsr request in 21ms correlationId 1 from controller 0 for 25 partitions (state.change.logger:66)
[2026-03-04 15:48:16,576] INFO [Broker id=0] Add 25 partitions and deleted 0 partitions from metadata cache in response to UpdateMetadata request sent by controller 0 epoch 1 with correlation id 2 (state.change.logger:66)
[2026-03-04 15:48:16,576] INFO Created topic (name=connect-offset-topic-kcbq-connect-cluster, numPartitions=25, replicationFactor=1, replicasAssignments=null, configs={cleanup.policy=compact}) on brokers at localhost:41079 (org.apache.kafka.connect.util.TopicAdmin:415)
[2026-03-04 15:48:16,576] INFO ProducerConfig values: 
	acks = -1
	auto.include.jmx.reporter = true
	batch.size = 16384
	bootstrap.servers = [localhost:41079]
	buffer.memory = 33554432
	client.dns.lookup = use_all_dns_ips
	client.id = connect-integration-test-kcbq-connect-cluster-offsets
	compression.gzip.level = -1
	compression.lz4.level = 9
	compression.type = none
	compression.zstd.level = 3
	connections.max.idle.ms = 540000
	delivery.timeout.ms = 2147483647
	enable.idempotence = false
	enable.metrics.push = true
	interceptor.classes = []
	key.serializer = class org.apache.kafka.common.serialization.ByteArraySerializer
	linger.ms = 0
	max.block.ms = 60000
	max.in.flight.requests.per.connection = 1
	max.request.size = 1048576
	metadata.max.age.ms = 300000
	metadata.max.idle.ms = 300000
	metadata.recovery.strategy = none
	metric.reporters = []
	metrics.num.samples = 2
	metrics.recording.level = INFO
	metrics.sample.window.ms = 30000
	partitioner.adaptive.partitioning.enable = true
	partitioner.availability.timeout.ms = 0
	partitioner.class = null
	partitioner.ignore.keys = false
	receive.buffer.bytes = 32768
	reconnect.backoff.max.ms = 1000
	reconnect.backoff.ms = 50
	request.timeout.ms = 30000
	retries = 2147483647
	retry.backoff.max.ms = 1000
	retry.backoff.ms = 100
	sasl.client.callback.handler.class = null
	sasl.jaas.config = null
	sasl.kerberos.kinit.cmd = /usr/bin/kinit
	sasl.kerberos.min.time.before.relogin = 60000
	sasl.kerberos.service.name = null
	sasl.kerberos.ticket.renew.jitter = 0.05
	sasl.kerberos.ticket.renew.window.factor = 0.8
	sasl.login.callback.handler.class = null
	sasl.login.class = null
	sasl.login.connect.timeout.ms = null
	sasl.login.read.timeout.ms = null
	sasl.login.refresh.buffer.seconds = 300
	sasl.login.refresh.min.period.seconds = 60
	sasl.login.refresh.window.factor = 0.8
	sasl.login.refresh.window.jitter = 0.05
	sasl.login.retry.backoff.max.ms = 10000
	sasl.login.retry.backoff.ms = 100
	sasl.mechanism = GSSAPI
	sasl.oauthbearer.clock.skew.seconds = 30
	sasl.oauthbearer.expected.audience = null
	sasl.oauthbearer.expected.issuer = null
	sasl.oauthbearer.jwks.endpoint.refresh.ms = 3600000
	sasl.oauthbearer.jwks.endpoint.retry.backoff.max.ms = 10000
	sasl.oauthbearer.jwks.endpoint.retry.backoff.ms = 100
	sasl.oauthbearer.jwks.endpoint.url = null
	sasl.oauthbearer.scope.claim.name = scope
	sasl.oauthbearer.sub.claim.name = sub
	sasl.oauthbearer.token.endpoint.url = null
	security.protocol = PLAINTEXT
	security.providers = null
	send.buffer.bytes = 131072
	socket.connection.setup.timeout.max.ms = 30000
	socket.connection.setup.timeout.ms = 10000
	ssl.cipher.suites = null
	ssl.enabled.protocols = [TLSv1.2, TLSv1.3]
	ssl.endpoint.identification.algorithm = https
	ssl.engine.factory.class = null
	ssl.key.password = null
	ssl.keymanager.algorithm = SunX509
	ssl.keystore.certificate.chain = null
	ssl.keystore.key = null
	ssl.keystore.location = null
	ssl.keystore.password = null
	ssl.keystore.type = JKS
	ssl.protocol = TLSv1.3
	ssl.provider = null
	ssl.secure.random.implementation = null
	ssl.trustmanager.algorithm = PKIX
	ssl.truststore.certificates = null
	ssl.truststore.location = null
	ssl.truststore.password = null
	ssl.truststore.type = JKS
	transaction.timeout.ms = 60000
	transactional.id = null
	value.serializer = class org.apache.kafka.common.serialization.ByteArraySerializer
 (org.apache.kafka.clients.producer.ProducerConfig:372)
[2026-03-04 15:48:16,576] INFO initializing Kafka metrics collector (org.apache.kafka.common.telemetry.internals.KafkaMetricsCollector:269)
[2026-03-04 15:48:16,577] INFO These configurations '[connector.client.config.override.policy, plugin.discovery, listeners, config.storage.topic, metrics.context.connect.group.id, group.id, status.storage.topic, offset.flush.interval.ms, config.storage.replication.factor, metrics.context.connect.kafka.cluster.id, status.storage.replication.factor, offset.storage.replication.factor, offset.storage.topic, value.converter, key.converter]' were supplied but are not used yet. (org.apache.kafka.clients.producer.ProducerConfig:381)
[2026-03-04 15:48:16,577] INFO Kafka version: 3.8.1 (org.apache.kafka.common.utils.AppInfoParser:124)
[2026-03-04 15:48:16,577] INFO Kafka commitId: 70d6ff42debf7e17 (org.apache.kafka.common.utils.AppInfoParser:125)
[2026-03-04 15:48:16,577] INFO Kafka startTimeMs: 1772619496577 (org.apache.kafka.common.utils.AppInfoParser:126)
[2026-03-04 15:48:16,577] INFO ConsumerConfig values: 
	allow.auto.create.topics = true
	auto.commit.interval.ms = 5000
	auto.include.jmx.reporter = true
	auto.offset.reset = earliest
	bootstrap.servers = [localhost:41079]
	check.crcs = true
	client.dns.lookup = use_all_dns_ips
	client.id = connect-integration-test-kcbq-connect-cluster-offsets
	client.rack = 
	connections.max.idle.ms = 540000
	default.api.timeout.ms = 60000
	enable.auto.commit = false
	enable.metrics.push = true
	exclude.internal.topics = true
	fetch.max.bytes = 52428800
	fetch.max.wait.ms = 500
	fetch.min.bytes = 1
	group.id = connect-integration-test-kcbq-connect-cluster
	group.instance.id = null
	group.protocol = classic
	group.remote.assignor = null
	heartbeat.interval.ms = 3000
	interceptor.classes = []
	internal.leave.group.on.close = true
	internal.throw.on.fetch.stable.offset.unsupported = false
	isolation.level = read_uncommitted
	key.deserializer = class org.apache.kafka.common.serialization.ByteArrayDeserializer
	max.partition.fetch.bytes = 1048576
	max.poll.interval.ms = 300000
	max.poll.records = 500
	metadata.max.age.ms = 300000
	metadata.recovery.strategy = none
	metric.reporters = []
	metrics.num.samples = 2
	metrics.recording.level = INFO
	metrics.sample.window.ms = 30000
	partition.assignment.strategy = [class org.apache.kafka.clients.consumer.RangeAssignor, class org.apache.kafka.clients.consumer.CooperativeStickyAssignor]
	receive.buffer.bytes = 65536
	reconnect.backoff.max.ms = 1000
	reconnect.backoff.ms = 50
	request.timeout.ms = 30000
	retry.backoff.max.ms = 1000
	retry.backoff.ms = 100
	sasl.client.callback.handler.class = null
	sasl.jaas.config = null
	sasl.kerberos.kinit.cmd = /usr/bin/kinit
	sasl.kerberos.min.time.before.relogin = 60000
	sasl.kerberos.service.name = null
	sasl.kerberos.ticket.renew.jitter = 0.05
	sasl.kerberos.ticket.renew.window.factor = 0.8
	sasl.login.callback.handler.class = null
	sasl.login.class = null
	sasl.login.connect.timeout.ms = null
	sasl.login.read.timeout.ms = null
	sasl.login.refresh.buffer.seconds = 300
	sasl.login.refresh.min.period.seconds = 60
	sasl.login.refresh.window.factor = 0.8
	sasl.login.refresh.window.jitter = 0.05
	sasl.login.retry.backoff.max.ms = 10000
	sasl.login.retry.backoff.ms = 100
	sasl.mechanism = GSSAPI
	sasl.oauthbearer.clock.skew.seconds = 30
	sasl.oauthbearer.expected.audience = null
	sasl.oauthbearer.expected.issuer = null
	sasl.oauthbearer.jwks.endpoint.refresh.ms = 3600000
	sasl.oauthbearer.jwks.endpoint.retry.backoff.max.ms = 10000
	sasl.oauthbearer.jwks.endpoint.retry.backoff.ms = 100
	sasl.oauthbearer.jwks.endpoint.url = null
	sasl.oauthbearer.scope.claim.name = scope
	sasl.oauthbearer.sub.claim.name = sub
	sasl.oauthbearer.token.endpoint.url = null
	security.protocol = PLAINTEXT
	security.providers = null
	send.buffer.bytes = 131072
	session.timeout.ms = 45000
	socket.connection.setup.timeout.max.ms = 30000
	socket.connection.setup.timeout.ms = 10000
	ssl.cipher.suites = null
	ssl.enabled.protocols = [TLSv1.2, TLSv1.3]
	ssl.endpoint.identification.algorithm = https
	ssl.engine.factory.class = null
	ssl.key.password = null
	ssl.keymanager.algorithm = SunX509
	ssl.keystore.certificate.chain = null
	ssl.keystore.key = null
	ssl.keystore.location = null
	ssl.keystore.password = null
	ssl.keystore.type = JKS
	ssl.protocol = TLSv1.3
	ssl.provider = null
	ssl.secure.random.implementation = null
	ssl.trustmanager.algorithm = PKIX
	ssl.truststore.certificates = null
	ssl.truststore.location = null
	ssl.truststore.password = null
	ssl.truststore.type = JKS
	value.deserializer = class org.apache.kafka.common.serialization.ByteArrayDeserializer
 (org.apache.kafka.clients.consumer.ConsumerConfig:372)
[2026-03-04 15:48:16,577] INFO initializing Kafka metrics collector (org.apache.kafka.common.telemetry.internals.KafkaMetricsCollector:269)
[2026-03-04 15:48:16,578] INFO These configurations '[connector.client.config.override.policy, plugin.discovery, listeners, config.storage.topic, metrics.context.connect.group.id, status.storage.topic, offset.flush.interval.ms, config.storage.replication.factor, metrics.context.connect.kafka.cluster.id, status.storage.replication.factor, offset.storage.replication.factor, offset.storage.topic, value.converter, key.converter]' were supplied but are not used yet. (org.apache.kafka.clients.consumer.ConsumerConfig:381)
[2026-03-04 15:48:16,578] INFO Kafka version: 3.8.1 (org.apache.kafka.common.utils.AppInfoParser:124)
[2026-03-04 15:48:16,578] INFO Kafka commitId: 70d6ff42debf7e17 (org.apache.kafka.common.utils.AppInfoParser:125)
[2026-03-04 15:48:16,578] INFO Kafka startTimeMs: 1772619496578 (org.apache.kafka.common.utils.AppInfoParser:126)
[2026-03-04 15:48:16,578] INFO [Producer clientId=connect-integration-test-kcbq-connect-cluster-offsets] Cluster ID: Iw_fbrLTTu62gEU1L876rA (org.apache.kafka.clients.Metadata:364)
[2026-03-04 15:48:16,578] INFO [Consumer clientId=connect-integration-test-kcbq-connect-cluster-offsets, groupId=connect-integration-test-kcbq-connect-cluster] Cluster ID: Iw_fbrLTTu62gEU1L876rA (org.apache.kafka.clients.Metadata:364)
[2026-03-04 15:48:16,579] INFO [Consumer clientId=connect-integration-test-kcbq-connect-cluster-offsets, groupId=connect-integration-test-kcbq-connect-cluster] Assigned to partition(s): connect-offset-topic-kcbq-connect-cluster-0, connect-offset-topic-kcbq-connect-cluster-5, connect-offset-topic-kcbq-connect-cluster-10, connect-offset-topic-kcbq-connect-cluster-20, connect-offset-topic-kcbq-connect-cluster-15, connect-offset-topic-kcbq-connect-cluster-9, connect-offset-topic-kcbq-connect-cluster-11, connect-offset-topic-kcbq-connect-cluster-4, connect-offset-topic-kcbq-connect-cluster-16, connect-offset-topic-kcbq-connect-cluster-17, connect-offset-topic-kcbq-connect-cluster-3, connect-offset-topic-kcbq-connect-cluster-24, connect-offset-topic-kcbq-connect-cluster-23, connect-offset-topic-kcbq-connect-cluster-13, connect-offset-topic-kcbq-connect-cluster-18, connect-offset-topic-kcbq-connect-cluster-22, connect-offset-topic-kcbq-connect-cluster-8, connect-offset-topic-kcbq-connect-cluster-2, connect-offset-topic-kcbq-connect-cluster-12, connect-offset-topic-kcbq-connect-cluster-19, connect-offset-topic-kcbq-connect-cluster-14, connect-offset-topic-kcbq-connect-cluster-1, connect-offset-topic-kcbq-connect-cluster-6, connect-offset-topic-kcbq-connect-cluster-7, connect-offset-topic-kcbq-connect-cluster-21 (org.apache.kafka.clients.consumer.internals.LegacyKafkaConsumer:574)
[2026-03-04 15:48:16,579] INFO [Consumer clientId=connect-integration-test-kcbq-connect-cluster-offsets, groupId=connect-integration-test-kcbq-connect-cluster] Seeking to earliest offset of partition connect-offset-topic-kcbq-connect-cluster-0 (org.apache.kafka.clients.consumer.internals.SubscriptionState:704)
[2026-03-04 15:48:16,579] INFO [Consumer clientId=connect-integration-test-kcbq-connect-cluster-offsets, groupId=connect-integration-test-kcbq-connect-cluster] Seeking to earliest offset of partition connect-offset-topic-kcbq-connect-cluster-5 (org.apache.kafka.clients.consumer.internals.SubscriptionState:704)
[2026-03-04 15:48:16,579] INFO [Consumer clientId=connect-integration-test-kcbq-connect-cluster-offsets, groupId=connect-integration-test-kcbq-connect-cluster] Seeking to earliest offset of partition connect-offset-topic-kcbq-connect-cluster-10 (org.apache.kafka.clients.consumer.internals.SubscriptionState:704)
[2026-03-04 15:48:16,579] INFO [Consumer clientId=connect-integration-test-kcbq-connect-cluster-offsets, groupId=connect-integration-test-kcbq-connect-cluster] Seeking to earliest offset of partition connect-offset-topic-kcbq-connect-cluster-20 (org.apache.kafka.clients.consumer.internals.SubscriptionState:704)
[2026-03-04 15:48:16,579] INFO [Consumer clientId=connect-integration-test-kcbq-connect-cluster-offsets, groupId=connect-integration-test-kcbq-connect-cluster] Seeking to earliest offset of partition connect-offset-topic-kcbq-connect-cluster-15 (org.apache.kafka.clients.consumer.internals.SubscriptionState:704)
[2026-03-04 15:48:16,579] INFO [Consumer clientId=connect-integration-test-kcbq-connect-cluster-offsets, groupId=connect-integration-test-kcbq-connect-cluster] Seeking to earliest offset of partition connect-offset-topic-kcbq-connect-cluster-9 (org.apache.kafka.clients.consumer.internals.SubscriptionState:704)
[2026-03-04 15:48:16,579] INFO [Consumer clientId=connect-integration-test-kcbq-connect-cluster-offsets, groupId=connect-integration-test-kcbq-connect-cluster] Seeking to earliest offset of partition connect-offset-topic-kcbq-connect-cluster-11 (org.apache.kafka.clients.consumer.internals.SubscriptionState:704)
[2026-03-04 15:48:16,579] INFO [Consumer clientId=connect-integration-test-kcbq-connect-cluster-offsets, groupId=connect-integration-test-kcbq-connect-cluster] Seeking to earliest offset of partition connect-offset-topic-kcbq-connect-cluster-4 (org.apache.kafka.clients.consumer.internals.SubscriptionState:704)
[2026-03-04 15:48:16,579] INFO [Consumer clientId=connect-integration-test-kcbq-connect-cluster-offsets, groupId=connect-integration-test-kcbq-connect-cluster] Seeking to earliest offset of partition connect-offset-topic-kcbq-connect-cluster-16 (org.apache.kafka.clients.consumer.internals.SubscriptionState:704)
[2026-03-04 15:48:16,579] INFO [Consumer clientId=connect-integration-test-kcbq-connect-cluster-offsets, groupId=connect-integration-test-kcbq-connect-cluster] Seeking to earliest offset of partition connect-offset-topic-kcbq-connect-cluster-17 (org.apache.kafka.clients.consumer.internals.SubscriptionState:704)
[2026-03-04 15:48:16,579] INFO [Consumer clientId=connect-integration-test-kcbq-connect-cluster-offsets, groupId=connect-integration-test-kcbq-connect-cluster] Seeking to earliest offset of partition connect-offset-topic-kcbq-connect-cluster-3 (org.apache.kafka.clients.consumer.internals.SubscriptionState:704)
[2026-03-04 15:48:16,579] INFO [Consumer clientId=connect-integration-test-kcbq-connect-cluster-offsets, groupId=connect-integration-test-kcbq-connect-cluster] Seeking to earliest offset of partition connect-offset-topic-kcbq-connect-cluster-24 (org.apache.kafka.clients.consumer.internals.SubscriptionState:704)
[2026-03-04 15:48:16,579] INFO [Consumer clientId=connect-integration-test-kcbq-connect-cluster-offsets, groupId=connect-integration-test-kcbq-connect-cluster] Seeking to earliest offset of partition connect-offset-topic-kcbq-connect-cluster-23 (org.apache.kafka.clients.consumer.internals.SubscriptionState:704)
[2026-03-04 15:48:16,579] INFO [Consumer clientId=connect-integration-test-kcbq-connect-cluster-offsets, groupId=connect-integration-test-kcbq-connect-cluster] Seeking to earliest offset of partition connect-offset-topic-kcbq-connect-cluster-13 (org.apache.kafka.clients.consumer.internals.SubscriptionState:704)
[2026-03-04 15:48:16,579] INFO [Consumer clientId=connect-integration-test-kcbq-connect-cluster-offsets, groupId=connect-integration-test-kcbq-connect-cluster] Seeking to earliest offset of partition connect-offset-topic-kcbq-connect-cluster-18 (org.apache.kafka.clients.consumer.internals.SubscriptionState:704)
[2026-03-04 15:48:16,579] INFO [Consumer clientId=connect-integration-test-kcbq-connect-cluster-offsets, groupId=connect-integration-test-kcbq-connect-cluster] Seeking to earliest offset of partition connect-offset-topic-kcbq-connect-cluster-22 (org.apache.kafka.clients.consumer.internals.SubscriptionState:704)
[2026-03-04 15:48:16,579] INFO [Consumer clientId=connect-integration-test-kcbq-connect-cluster-offsets, groupId=connect-integration-test-kcbq-connect-cluster] Seeking to earliest offset of partition connect-offset-topic-kcbq-connect-cluster-8 (org.apache.kafka.clients.consumer.internals.SubscriptionState:704)
[2026-03-04 15:48:16,579] INFO [Consumer clientId=connect-integration-test-kcbq-connect-cluster-offsets, groupId=connect-integration-test-kcbq-connect-cluster] Seeking to earliest offset of partition connect-offset-topic-kcbq-connect-cluster-2 (org.apache.kafka.clients.consumer.internals.SubscriptionState:704)
[2026-03-04 15:48:16,579] INFO [Consumer clientId=connect-integration-test-kcbq-connect-cluster-offsets, groupId=connect-integration-test-kcbq-connect-cluster] Seeking to earliest offset of partition connect-offset-topic-kcbq-connect-cluster-12 (org.apache.kafka.clients.consumer.internals.SubscriptionState:704)
[2026-03-04 15:48:16,579] INFO [Consumer clientId=connect-integration-test-kcbq-connect-cluster-offsets, groupId=connect-integration-test-kcbq-connect-cluster] Seeking to earliest offset of partition connect-offset-topic-kcbq-connect-cluster-19 (org.apache.kafka.clients.consumer.internals.SubscriptionState:704)
[2026-03-04 15:48:16,579] INFO [Consumer clientId=connect-integration-test-kcbq-connect-cluster-offsets, groupId=connect-integration-test-kcbq-connect-cluster] Seeking to earliest offset of partition connect-offset-topic-kcbq-connect-cluster-14 (org.apache.kafka.clients.consumer.internals.SubscriptionState:704)
[2026-03-04 15:48:16,579] INFO [Consumer clientId=connect-integration-test-kcbq-connect-cluster-offsets, groupId=connect-integration-test-kcbq-connect-cluster] Seeking to earliest offset of partition connect-offset-topic-kcbq-connect-cluster-1 (org.apache.kafka.clients.consumer.internals.SubscriptionState:704)
[2026-03-04 15:48:16,579] INFO [Consumer clientId=connect-integration-test-kcbq-connect-cluster-offsets, groupId=connect-integration-test-kcbq-connect-cluster] Seeking to earliest offset of partition connect-offset-topic-kcbq-connect-cluster-6 (org.apache.kafka.clients.consumer.internals.SubscriptionState:704)
[2026-03-04 15:48:16,579] INFO [Consumer clientId=connect-integration-test-kcbq-connect-cluster-offsets, groupId=connect-integration-test-kcbq-connect-cluster] Seeking to earliest offset of partition connect-offset-topic-kcbq-connect-cluster-7 (org.apache.kafka.clients.consumer.internals.SubscriptionState:704)
[2026-03-04 15:48:16,579] INFO [Consumer clientId=connect-integration-test-kcbq-connect-cluster-offsets, groupId=connect-integration-test-kcbq-connect-cluster] Seeking to earliest offset of partition connect-offset-topic-kcbq-connect-cluster-21 (org.apache.kafka.clients.consumer.internals.SubscriptionState:704)
[2026-03-04 15:48:16,581] INFO [Consumer clientId=connect-integration-test-kcbq-connect-cluster-offsets, groupId=connect-integration-test-kcbq-connect-cluster] Resetting offset for partition connect-offset-topic-kcbq-connect-cluster-5 to position FetchPosition{offset=0, offsetEpoch=Optional.empty, currentLeader=LeaderAndEpoch{leader=Optional[localhost:41079 (id: 0 rack: null)], epoch=0}}. (org.apache.kafka.clients.consumer.internals.SubscriptionState:398)
[2026-03-04 15:48:16,581] INFO [Consumer clientId=connect-integration-test-kcbq-connect-cluster-offsets, groupId=connect-integration-test-kcbq-connect-cluster] Resetting offset for partition connect-offset-topic-kcbq-connect-cluster-7 to position FetchPosition{offset=0, offsetEpoch=Optional.empty, currentLeader=LeaderAndEpoch{leader=Optional[localhost:41079 (id: 0 rack: null)], epoch=0}}. (org.apache.kafka.clients.consumer.internals.SubscriptionState:398)
[2026-03-04 15:48:16,581] INFO [Consumer clientId=connect-integration-test-kcbq-connect-cluster-offsets, groupId=connect-integration-test-kcbq-connect-cluster] Resetting offset for partition connect-offset-topic-kcbq-connect-cluster-1 to position FetchPosition{offset=0, offsetEpoch=Optional.empty, currentLeader=LeaderAndEpoch{leader=Optional[localhost:41079 (id: 0 rack: null)], epoch=0}}. (org.apache.kafka.clients.consumer.internals.SubscriptionState:398)
[2026-03-04 15:48:16,581] INFO [Consumer clientId=connect-integration-test-kcbq-connect-cluster-offsets, groupId=connect-integration-test-kcbq-connect-cluster] Resetting offset for partition connect-offset-topic-kcbq-connect-cluster-3 to position FetchPosition{offset=0, offsetEpoch=Optional.empty, currentLeader=LeaderAndEpoch{leader=Optional[localhost:41079 (id: 0 rack: null)], epoch=0}}. (org.apache.kafka.clients.consumer.internals.SubscriptionState:398)
[2026-03-04 15:48:16,582] INFO [Consumer clientId=connect-integration-test-kcbq-connect-cluster-offsets, groupId=connect-integration-test-kcbq-connect-cluster] Resetting offset for partition connect-offset-topic-kcbq-connect-cluster-24 to position FetchPosition{offset=0, offsetEpoch=Optional.empty, currentLeader=LeaderAndEpoch{leader=Optional[localhost:41079 (id: 0 rack: null)], epoch=0}}. (org.apache.kafka.clients.consumer.internals.SubscriptionState:398)
[2026-03-04 15:48:16,582] INFO [Consumer clientId=connect-integration-test-kcbq-connect-cluster-offsets, groupId=connect-integration-test-kcbq-connect-cluster] Resetting offset for partition connect-offset-topic-kcbq-connect-cluster-20 to position FetchPosition{offset=0, offsetEpoch=Optional.empty, currentLeader=LeaderAndEpoch{leader=Optional[localhost:41079 (id: 0 rack: null)], epoch=0}}. (org.apache.kafka.clients.consumer.internals.SubscriptionState:398)
[2026-03-04 15:48:16,582] INFO [Consumer clientId=connect-integration-test-kcbq-connect-cluster-offsets, groupId=connect-integration-test-kcbq-connect-cluster] Resetting offset for partition connect-offset-topic-kcbq-connect-cluster-22 to position FetchPosition{offset=0, offsetEpoch=Optional.empty, currentLeader=LeaderAndEpoch{leader=Optional[localhost:41079 (id: 0 rack: null)], epoch=0}}. (org.apache.kafka.clients.consumer.internals.SubscriptionState:398)
[2026-03-04 15:48:16,582] INFO [Consumer clientId=connect-integration-test-kcbq-connect-cluster-offsets, groupId=connect-integration-test-kcbq-connect-cluster] Resetting offset for partition connect-offset-topic-kcbq-connect-cluster-16 to position FetchPosition{offset=0, offsetEpoch=Optional.empty, currentLeader=LeaderAndEpoch{leader=Optional[localhost:41079 (id: 0 rack: null)], epoch=0}}. (org.apache.kafka.clients.consumer.internals.SubscriptionState:398)
[2026-03-04 15:48:16,582] INFO [Consumer clientId=connect-integration-test-kcbq-connect-cluster-offsets, groupId=connect-integration-test-kcbq-connect-cluster] Resetting offset for partition connect-offset-topic-kcbq-connect-cluster-18 to position FetchPosition{offset=0, offsetEpoch=Optional.empty, currentLeader=LeaderAndEpoch{leader=Optional[localhost:41079 (id: 0 rack: null)], epoch=0}}. (org.apache.kafka.clients.consumer.internals.SubscriptionState:398)
[2026-03-04 15:48:16,582] INFO [Consumer clientId=connect-integration-test-kcbq-connect-cluster-offsets, groupId=connect-integration-test-kcbq-connect-cluster] Resetting offset for partition connect-offset-topic-kcbq-connect-cluster-12 to position FetchPosition{offset=0, offsetEpoch=Optional.empty, currentLeader=LeaderAndEpoch{leader=Optional[localhost:41079 (id: 0 rack: null)], epoch=0}}. (org.apache.kafka.clients.consumer.internals.SubscriptionState:398)
[2026-03-04 15:48:16,582] INFO [Consumer clientId=connect-integration-test-kcbq-connect-cluster-offsets, groupId=connect-integration-test-kcbq-connect-cluster] Resetting offset for partition connect-offset-topic-kcbq-connect-cluster-14 to position FetchPosition{offset=0, offsetEpoch=Optional.empty, currentLeader=LeaderAndEpoch{leader=Optional[localhost:41079 (id: 0 rack: null)], epoch=0}}. (org.apache.kafka.clients.consumer.internals.SubscriptionState:398)
[2026-03-04 15:48:16,582] INFO [Consumer clientId=connect-integration-test-kcbq-connect-cluster-offsets, groupId=connect-integration-test-kcbq-connect-cluster] Resetting offset for partition connect-offset-topic-kcbq-connect-cluster-8 to position FetchPosition{offset=0, offsetEpoch=Optional.empty, currentLeader=LeaderAndEpoch{leader=Optional[localhost:41079 (id: 0 rack: null)], epoch=0}}. (org.apache.kafka.clients.consumer.internals.SubscriptionState:398)
[2026-03-04 15:48:16,582] INFO [Consumer clientId=connect-integration-test-kcbq-connect-cluster-offsets, groupId=connect-integration-test-kcbq-connect-cluster] Resetting offset for partition connect-offset-topic-kcbq-connect-cluster-10 to position FetchPosition{offset=0, offsetEpoch=Optional.empty, currentLeader=LeaderAndEpoch{leader=Optional[localhost:41079 (id: 0 rack: null)], epoch=0}}. (org.apache.kafka.clients.consumer.internals.SubscriptionState:398)
[2026-03-04 15:48:16,582] INFO [Consumer clientId=connect-integration-test-kcbq-connect-cluster-offsets, groupId=connect-integration-test-kcbq-connect-cluster] Resetting offset for partition connect-offset-topic-kcbq-connect-cluster-4 to position FetchPosition{offset=0, offsetEpoch=Optional.empty, currentLeader=LeaderAndEpoch{leader=Optional[localhost:41079 (id: 0 rack: null)], epoch=0}}. (org.apache.kafka.clients.consumer.internals.SubscriptionState:398)
[2026-03-04 15:48:16,582] INFO [Consumer clientId=connect-integration-test-kcbq-connect-cluster-offsets, groupId=connect-integration-test-kcbq-connect-cluster] Resetting offset for partition connect-offset-topic-kcbq-connect-cluster-6 to position FetchPosition{offset=0, offsetEpoch=Optional.empty, currentLeader=LeaderAndEpoch{leader=Optional[localhost:41079 (id: 0 rack: null)], epoch=0}}. (org.apache.kafka.clients.consumer.internals.SubscriptionState:398)
[2026-03-04 15:48:16,582] INFO [Consumer clientId=connect-integration-test-kcbq-connect-cluster-offsets, groupId=connect-integration-test-kcbq-connect-cluster] Resetting offset for partition connect-offset-topic-kcbq-connect-cluster-0 to position FetchPosition{offset=0, offsetEpoch=Optional.empty, currentLeader=LeaderAndEpoch{leader=Optional[localhost:41079 (id: 0 rack: null)], epoch=0}}. (org.apache.kafka.clients.consumer.internals.SubscriptionState:398)
[2026-03-04 15:48:16,582] INFO [Consumer clientId=connect-integration-test-kcbq-connect-cluster-offsets, groupId=connect-integration-test-kcbq-connect-cluster] Resetting offset for partition connect-offset-topic-kcbq-connect-cluster-2 to position FetchPosition{offset=0, offsetEpoch=Optional.empty, currentLeader=LeaderAndEpoch{leader=Optional[localhost:41079 (id: 0 rack: null)], epoch=0}}. (org.apache.kafka.clients.consumer.internals.SubscriptionState:398)
[2026-03-04 15:48:16,582] INFO [Consumer clientId=connect-integration-test-kcbq-connect-cluster-offsets, groupId=connect-integration-test-kcbq-connect-cluster] Resetting offset for partition connect-offset-topic-kcbq-connect-cluster-21 to position FetchPosition{offset=0, offsetEpoch=Optional.empty, currentLeader=LeaderAndEpoch{leader=Optional[localhost:41079 (id: 0 rack: null)], epoch=0}}. (org.apache.kafka.clients.consumer.internals.SubscriptionState:398)
[2026-03-04 15:48:16,582] INFO [Consumer clientId=connect-integration-test-kcbq-connect-cluster-offsets, groupId=connect-integration-test-kcbq-connect-cluster] Resetting offset for partition connect-offset-topic-kcbq-connect-cluster-23 to position FetchPosition{offset=0, offsetEpoch=Optional.empty, currentLeader=LeaderAndEpoch{leader=Optional[localhost:41079 (id: 0 rack: null)], epoch=0}}. (org.apache.kafka.clients.consumer.internals.SubscriptionState:398)
[2026-03-04 15:48:16,582] INFO [Consumer clientId=connect-integration-test-kcbq-connect-cluster-offsets, groupId=connect-integration-test-kcbq-connect-cluster] Resetting offset for partition connect-offset-topic-kcbq-connect-cluster-17 to position FetchPosition{offset=0, offsetEpoch=Optional.empty, currentLeader=LeaderAndEpoch{leader=Optional[localhost:41079 (id: 0 rack: null)], epoch=0}}. (org.apache.kafka.clients.consumer.internals.SubscriptionState:398)
[2026-03-04 15:48:16,582] INFO [Consumer clientId=connect-integration-test-kcbq-connect-cluster-offsets, groupId=connect-integration-test-kcbq-connect-cluster] Resetting offset for partition connect-offset-topic-kcbq-connect-cluster-19 to position FetchPosition{offset=0, offsetEpoch=Optional.empty, currentLeader=LeaderAndEpoch{leader=Optional[localhost:41079 (id: 0 rack: null)], epoch=0}}. (org.apache.kafka.clients.consumer.internals.SubscriptionState:398)
[2026-03-04 15:48:16,582] INFO [Consumer clientId=connect-integration-test-kcbq-connect-cluster-offsets, groupId=connect-integration-test-kcbq-connect-cluster] Resetting offset for partition connect-offset-topic-kcbq-connect-cluster-13 to position FetchPosition{offset=0, offsetEpoch=Optional.empty, currentLeader=LeaderAndEpoch{leader=Optional[localhost:41079 (id: 0 rack: null)], epoch=0}}. (org.apache.kafka.clients.consumer.internals.SubscriptionState:398)
[2026-03-04 15:48:16,582] INFO [Consumer clientId=connect-integration-test-kcbq-connect-cluster-offsets, groupId=connect-integration-test-kcbq-connect-cluster] Resetting offset for partition connect-offset-topic-kcbq-connect-cluster-15 to position FetchPosition{offset=0, offsetEpoch=Optional.empty, currentLeader=LeaderAndEpoch{leader=Optional[localhost:41079 (id: 0 rack: null)], epoch=0}}. (org.apache.kafka.clients.consumer.internals.SubscriptionState:398)
[2026-03-04 15:48:16,582] INFO [Consumer clientId=connect-integration-test-kcbq-connect-cluster-offsets, groupId=connect-integration-test-kcbq-connect-cluster] Resetting offset for partition connect-offset-topic-kcbq-connect-cluster-9 to position FetchPosition{offset=0, offsetEpoch=Optional.empty, currentLeader=LeaderAndEpoch{leader=Optional[localhost:41079 (id: 0 rack: null)], epoch=0}}. (org.apache.kafka.clients.consumer.internals.SubscriptionState:398)
[2026-03-04 15:48:16,582] INFO [Consumer clientId=connect-integration-test-kcbq-connect-cluster-offsets, groupId=connect-integration-test-kcbq-connect-cluster] Resetting offset for partition connect-offset-topic-kcbq-connect-cluster-11 to position FetchPosition{offset=0, offsetEpoch=Optional.empty, currentLeader=LeaderAndEpoch{leader=Optional[localhost:41079 (id: 0 rack: null)], epoch=0}}. (org.apache.kafka.clients.consumer.internals.SubscriptionState:398)
[2026-03-04 15:48:16,582] INFO Finished reading KafkaBasedLog for topic connect-offset-topic-kcbq-connect-cluster (org.apache.kafka.connect.util.KafkaBasedLog:310)
[2026-03-04 15:48:16,582] INFO Started KafkaBasedLog for topic connect-offset-topic-kcbq-connect-cluster (org.apache.kafka.connect.util.KafkaBasedLog:312)
[2026-03-04 15:48:16,582] INFO Finished reading offsets topic and starting KafkaOffsetBackingStore (org.apache.kafka.connect.storage.KafkaOffsetBackingStore:248)
[2026-03-04 15:48:16,582] INFO Worker started (org.apache.kafka.connect.runtime.Worker:242)
[2026-03-04 15:48:16,582] INFO Starting KafkaBasedLog with topic connect-status-topic-kcbq-connect-cluster reportErrorsToCallback=false (org.apache.kafka.connect.util.KafkaBasedLog:253)
[2026-03-04 15:48:16,583] INFO Creating topic connect-status-topic-kcbq-connect-cluster with configuration {cleanup.policy=compact} and initial partition assignment Map(2 -> ArrayBuffer(0), 4 -> ArrayBuffer(0), 1 -> ArrayBuffer(0), 3 -> ArrayBuffer(0), 0 -> ArrayBuffer(0)) (kafka.zk.AdminZkClient:66)
[2026-03-04 15:48:16,585] INFO [Controller id=0] New topics: [Set(connect-status-topic-kcbq-connect-cluster)], deleted topics: [Set()], new partition replica assignment [Set(TopicIdReplicaAssignment(connect-status-topic-kcbq-connect-cluster,Some(09Hc5WSLQRC5j17fyFIZJg),Map(connect-status-topic-kcbq-connect-cluster-1 -> ReplicaAssignment(replicas=0, addingReplicas=, removingReplicas=), connect-status-topic-kcbq-connect-cluster-4 -> ReplicaAssignment(replicas=0, addingReplicas=, removingReplicas=), connect-status-topic-kcbq-connect-cluster-2 -> ReplicaAssignment(replicas=0, addingReplicas=, removingReplicas=), connect-status-topic-kcbq-connect-cluster-0 -> ReplicaAssignment(replicas=0, addingReplicas=, removingReplicas=), connect-status-topic-kcbq-connect-cluster-3 -> ReplicaAssignment(replicas=0, addingReplicas=, removingReplicas=))))] (kafka.controller.KafkaController:66)
[2026-03-04 15:48:16,585] INFO [Controller id=0] New partition creation callback for connect-status-topic-kcbq-connect-cluster-1,connect-status-topic-kcbq-connect-cluster-4,connect-status-topic-kcbq-connect-cluster-2,connect-status-topic-kcbq-connect-cluster-0,connect-status-topic-kcbq-connect-cluster-3 (kafka.controller.KafkaController:66)
[2026-03-04 15:48:16,585] INFO [Controller id=0 epoch=1] Changed partition connect-status-topic-kcbq-connect-cluster-1 state from NonExistentPartition to NewPartition with assigned replicas 0 (state.change.logger:66)
[2026-03-04 15:48:16,585] INFO [Controller id=0 epoch=1] Changed partition connect-status-topic-kcbq-connect-cluster-4 state from NonExistentPartition to NewPartition with assigned replicas 0 (state.change.logger:66)
[2026-03-04 15:48:16,585] INFO [Controller id=0 epoch=1] Changed partition connect-status-topic-kcbq-connect-cluster-2 state from NonExistentPartition to NewPartition with assigned replicas 0 (state.change.logger:66)
[2026-03-04 15:48:16,585] INFO [Controller id=0 epoch=1] Changed partition connect-status-topic-kcbq-connect-cluster-0 state from NonExistentPartition to NewPartition with assigned replicas 0 (state.change.logger:66)
[2026-03-04 15:48:16,585] INFO [Controller id=0 epoch=1] Changed partition connect-status-topic-kcbq-connect-cluster-3 state from NonExistentPartition to NewPartition with assigned replicas 0 (state.change.logger:66)
[2026-03-04 15:48:16,585] INFO [Controller id=0 epoch=1] Sending UpdateMetadata request to brokers Set() for 0 partitions (state.change.logger:66)
[2026-03-04 15:48:16,585] INFO [Controller id=0 epoch=1] Sending UpdateMetadata request to brokers Set() for 0 partitions (state.change.logger:66)
[2026-03-04 15:48:16,586] INFO [Controller id=0 epoch=1] Changed partition connect-status-topic-kcbq-connect-cluster-1 from NewPartition to OnlinePartition with state LeaderAndIsr(leader=0, leaderEpoch=0, isrWithBrokerEpoch=List(BrokerState(brokerId=0, brokerEpoch=-1)), leaderRecoveryState=RECOVERED, partitionEpoch=0) (state.change.logger:66)
[2026-03-04 15:48:16,586] INFO [Controller id=0 epoch=1] Changed partition connect-status-topic-kcbq-connect-cluster-4 from NewPartition to OnlinePartition with state LeaderAndIsr(leader=0, leaderEpoch=0, isrWithBrokerEpoch=List(BrokerState(brokerId=0, brokerEpoch=-1)), leaderRecoveryState=RECOVERED, partitionEpoch=0) (state.change.logger:66)
[2026-03-04 15:48:16,586] INFO [Controller id=0 epoch=1] Changed partition connect-status-topic-kcbq-connect-cluster-2 from NewPartition to OnlinePartition with state LeaderAndIsr(leader=0, leaderEpoch=0, isrWithBrokerEpoch=List(BrokerState(brokerId=0, brokerEpoch=-1)), leaderRecoveryState=RECOVERED, partitionEpoch=0) (state.change.logger:66)
[2026-03-04 15:48:16,586] INFO [Controller id=0 epoch=1] Changed partition connect-status-topic-kcbq-connect-cluster-0 from NewPartition to OnlinePartition with state LeaderAndIsr(leader=0, leaderEpoch=0, isrWithBrokerEpoch=List(BrokerState(brokerId=0, brokerEpoch=-1)), leaderRecoveryState=RECOVERED, partitionEpoch=0) (state.change.logger:66)
[2026-03-04 15:48:16,586] INFO [Controller id=0 epoch=1] Changed partition connect-status-topic-kcbq-connect-cluster-3 from NewPartition to OnlinePartition with state LeaderAndIsr(leader=0, leaderEpoch=0, isrWithBrokerEpoch=List(BrokerState(brokerId=0, brokerEpoch=-1)), leaderRecoveryState=RECOVERED, partitionEpoch=0) (state.change.logger:66)
[2026-03-04 15:48:16,586] INFO [Controller id=0 epoch=1] Sending LeaderAndIsr request to broker 0 with 5 become-leader and 0 become-follower partitions (state.change.logger:66)
[2026-03-04 15:48:16,587] INFO [Controller id=0 epoch=1] Sending UpdateMetadata request to brokers Set(0) for 5 partitions (state.change.logger:66)
[2026-03-04 15:48:16,587] INFO [Controller id=0 epoch=1] Sending UpdateMetadata request to brokers Set() for 0 partitions (state.change.logger:66)
[2026-03-04 15:48:16,587] INFO [Broker id=0] Handling LeaderAndIsr request correlationId 3 from controller 0 for 5 partitions (state.change.logger:66)
[2026-03-04 15:48:16,587] INFO [ReplicaFetcherManager on broker 0] Removed fetcher for partitions Set(connect-status-topic-kcbq-connect-cluster-1, connect-status-topic-kcbq-connect-cluster-4, connect-status-topic-kcbq-connect-cluster-2, connect-status-topic-kcbq-connect-cluster-0, connect-status-topic-kcbq-connect-cluster-3) (kafka.server.ReplicaFetcherManager:66)
[2026-03-04 15:48:16,587] INFO [Broker id=0] Stopped fetchers as part of LeaderAndIsr request correlationId 3 from controller 0 epoch 1 as part of the become-leader transition for 5 partitions (state.change.logger:66)
[2026-03-04 15:48:16,588] INFO [LogLoader partition=connect-status-topic-kcbq-connect-cluster-4, dir=/tmp/EmbeddedKafkaCluster2815493917284875739] Loading producer state till offset 0 with message format version 2 (kafka.log.UnifiedLog$:1937)
[2026-03-04 15:48:16,588] INFO Created log for partition connect-status-topic-kcbq-connect-cluster-4 in /tmp/EmbeddedKafkaCluster2815493917284875739/connect-status-topic-kcbq-connect-cluster-4 with properties {cleanup.policy=compact} (kafka.log.LogManager:66)
[2026-03-04 15:48:16,588] INFO [Partition connect-status-topic-kcbq-connect-cluster-4 broker=0] No checkpointed highwatermark is found for partition connect-status-topic-kcbq-connect-cluster-4 (kafka.cluster.Partition:66)
[2026-03-04 15:48:16,588] INFO [Partition connect-status-topic-kcbq-connect-cluster-4 broker=0] Log loaded for partition connect-status-topic-kcbq-connect-cluster-4 with initial high watermark 0 (kafka.cluster.Partition:66)
[2026-03-04 15:48:16,588] INFO [Broker id=0] Leader connect-status-topic-kcbq-connect-cluster-4 with topic id Some(09Hc5WSLQRC5j17fyFIZJg) starts at leader epoch 0 from offset 0 with partition epoch 0, high watermark 0, ISR [0], adding replicas [] and removing replicas [] . Previous leader None and previous leader epoch was -1. (state.change.logger:66)
[2026-03-04 15:48:16,589] INFO [LogLoader partition=connect-status-topic-kcbq-connect-cluster-1, dir=/tmp/EmbeddedKafkaCluster2815493917284875739] Loading producer state till offset 0 with message format version 2 (kafka.log.UnifiedLog$:1937)
[2026-03-04 15:48:16,589] INFO Created log for partition connect-status-topic-kcbq-connect-cluster-1 in /tmp/EmbeddedKafkaCluster2815493917284875739/connect-status-topic-kcbq-connect-cluster-1 with properties {cleanup.policy=compact} (kafka.log.LogManager:66)
[2026-03-04 15:48:16,589] INFO [Partition connect-status-topic-kcbq-connect-cluster-1 broker=0] No checkpointed highwatermark is found for partition connect-status-topic-kcbq-connect-cluster-1 (kafka.cluster.Partition:66)
[2026-03-04 15:48:16,589] INFO [Partition connect-status-topic-kcbq-connect-cluster-1 broker=0] Log loaded for partition connect-status-topic-kcbq-connect-cluster-1 with initial high watermark 0 (kafka.cluster.Partition:66)
[2026-03-04 15:48:16,589] INFO [Broker id=0] Leader connect-status-topic-kcbq-connect-cluster-1 with topic id Some(09Hc5WSLQRC5j17fyFIZJg) starts at leader epoch 0 from offset 0 with partition epoch 0, high watermark 0, ISR [0], adding replicas [] and removing replicas [] . Previous leader None and previous leader epoch was -1. (state.change.logger:66)
[2026-03-04 15:48:16,590] INFO [LogLoader partition=connect-status-topic-kcbq-connect-cluster-2, dir=/tmp/EmbeddedKafkaCluster2815493917284875739] Loading producer state till offset 0 with message format version 2 (kafka.log.UnifiedLog$:1937)
[2026-03-04 15:48:16,590] INFO Created log for partition connect-status-topic-kcbq-connect-cluster-2 in /tmp/EmbeddedKafkaCluster2815493917284875739/connect-status-topic-kcbq-connect-cluster-2 with properties {cleanup.policy=compact} (kafka.log.LogManager:66)
[2026-03-04 15:48:16,590] INFO [Partition connect-status-topic-kcbq-connect-cluster-2 broker=0] No checkpointed highwatermark is found for partition connect-status-topic-kcbq-connect-cluster-2 (kafka.cluster.Partition:66)
[2026-03-04 15:48:16,590] INFO [Partition connect-status-topic-kcbq-connect-cluster-2 broker=0] Log loaded for partition connect-status-topic-kcbq-connect-cluster-2 with initial high watermark 0 (kafka.cluster.Partition:66)
[2026-03-04 15:48:16,590] INFO [Broker id=0] Leader connect-status-topic-kcbq-connect-cluster-2 with topic id Some(09Hc5WSLQRC5j17fyFIZJg) starts at leader epoch 0 from offset 0 with partition epoch 0, high watermark 0, ISR [0], adding replicas [] and removing replicas [] . Previous leader None and previous leader epoch was -1. (state.change.logger:66)
[2026-03-04 15:48:16,590] INFO [LogLoader partition=connect-status-topic-kcbq-connect-cluster-3, dir=/tmp/EmbeddedKafkaCluster2815493917284875739] Loading producer state till offset 0 with message format version 2 (kafka.log.UnifiedLog$:1937)
[2026-03-04 15:48:16,590] INFO Created log for partition connect-status-topic-kcbq-connect-cluster-3 in /tmp/EmbeddedKafkaCluster2815493917284875739/connect-status-topic-kcbq-connect-cluster-3 with properties {cleanup.policy=compact} (kafka.log.LogManager:66)
[2026-03-04 15:48:16,590] INFO [Partition connect-status-topic-kcbq-connect-cluster-3 broker=0] No checkpointed highwatermark is found for partition connect-status-topic-kcbq-connect-cluster-3 (kafka.cluster.Partition:66)
[2026-03-04 15:48:16,591] INFO [Partition connect-status-topic-kcbq-connect-cluster-3 broker=0] Log loaded for partition connect-status-topic-kcbq-connect-cluster-3 with initial high watermark 0 (kafka.cluster.Partition:66)
[2026-03-04 15:48:16,591] INFO [Broker id=0] Leader connect-status-topic-kcbq-connect-cluster-3 with topic id Some(09Hc5WSLQRC5j17fyFIZJg) starts at leader epoch 0 from offset 0 with partition epoch 0, high watermark 0, ISR [0], adding replicas [] and removing replicas [] . Previous leader None and previous leader epoch was -1. (state.change.logger:66)
[2026-03-04 15:48:16,591] INFO [LogLoader partition=connect-status-topic-kcbq-connect-cluster-0, dir=/tmp/EmbeddedKafkaCluster2815493917284875739] Loading producer state till offset 0 with message format version 2 (kafka.log.UnifiedLog$:1937)
[2026-03-04 15:48:16,591] INFO Created log for partition connect-status-topic-kcbq-connect-cluster-0 in /tmp/EmbeddedKafkaCluster2815493917284875739/connect-status-topic-kcbq-connect-cluster-0 with properties {cleanup.policy=compact} (kafka.log.LogManager:66)
[2026-03-04 15:48:16,591] INFO [Partition connect-status-topic-kcbq-connect-cluster-0 broker=0] No checkpointed highwatermark is found for partition connect-status-topic-kcbq-connect-cluster-0 (kafka.cluster.Partition:66)
[2026-03-04 15:48:16,591] INFO [Partition connect-status-topic-kcbq-connect-cluster-0 broker=0] Log loaded for partition connect-status-topic-kcbq-connect-cluster-0 with initial high watermark 0 (kafka.cluster.Partition:66)
[2026-03-04 15:48:16,591] INFO [Broker id=0] Leader connect-status-topic-kcbq-connect-cluster-0 with topic id Some(09Hc5WSLQRC5j17fyFIZJg) starts at leader epoch 0 from offset 0 with partition epoch 0, high watermark 0, ISR [0], adding replicas [] and removing replicas [] . Previous leader None and previous leader epoch was -1. (state.change.logger:66)
[2026-03-04 15:48:16,591] INFO [Broker id=0] Finished LeaderAndIsr request in 4ms correlationId 3 from controller 0 for 5 partitions (state.change.logger:66)
[2026-03-04 15:48:16,592] INFO [Broker id=0] Add 5 partitions and deleted 0 partitions from metadata cache in response to UpdateMetadata request sent by controller 0 epoch 1 with correlation id 4 (state.change.logger:66)
[2026-03-04 15:48:16,592] INFO Created topic (name=connect-status-topic-kcbq-connect-cluster, numPartitions=5, replicationFactor=1, replicasAssignments=null, configs={cleanup.policy=compact}) on brokers at localhost:41079 (org.apache.kafka.connect.util.TopicAdmin:415)
[2026-03-04 15:48:16,592] INFO ProducerConfig values: 
	acks = -1
	auto.include.jmx.reporter = true
	batch.size = 16384
	bootstrap.servers = [localhost:41079]
	buffer.memory = 33554432
	client.dns.lookup = use_all_dns_ips
	client.id = connect-integration-test-kcbq-connect-cluster-statuses
	compression.gzip.level = -1
	compression.lz4.level = 9
	compression.type = none
	compression.zstd.level = 3
	connections.max.idle.ms = 540000
	delivery.timeout.ms = 120000
	enable.idempotence = false
	enable.metrics.push = true
	interceptor.classes = []
	key.serializer = class org.apache.kafka.common.serialization.StringSerializer
	linger.ms = 0
	max.block.ms = 60000
	max.in.flight.requests.per.connection = 1
	max.request.size = 1048576
	metadata.max.age.ms = 300000
	metadata.max.idle.ms = 300000
	metadata.recovery.strategy = none
	metric.reporters = []
	metrics.num.samples = 2
	metrics.recording.level = INFO
	metrics.sample.window.ms = 30000
	partitioner.adaptive.partitioning.enable = true
	partitioner.availability.timeout.ms = 0
	partitioner.class = null
	partitioner.ignore.keys = false
	receive.buffer.bytes = 32768
	reconnect.backoff.max.ms = 1000
	reconnect.backoff.ms = 50
	request.timeout.ms = 30000
	retries = 0
	retry.backoff.max.ms = 1000
	retry.backoff.ms = 100
	sasl.client.callback.handler.class = null
	sasl.jaas.config = null
	sasl.kerberos.kinit.cmd = /usr/bin/kinit
	sasl.kerberos.min.time.before.relogin = 60000
	sasl.kerberos.service.name = null
	sasl.kerberos.ticket.renew.jitter = 0.05
	sasl.kerberos.ticket.renew.window.factor = 0.8
	sasl.login.callback.handler.class = null
	sasl.login.class = null
	sasl.login.connect.timeout.ms = null
	sasl.login.read.timeout.ms = null
	sasl.login.refresh.buffer.seconds = 300
	sasl.login.refresh.min.period.seconds = 60
	sasl.login.refresh.window.factor = 0.8
	sasl.login.refresh.window.jitter = 0.05
	sasl.login.retry.backoff.max.ms = 10000
	sasl.login.retry.backoff.ms = 100
	sasl.mechanism = GSSAPI
	sasl.oauthbearer.clock.skew.seconds = 30
	sasl.oauthbearer.expected.audience = null
	sasl.oauthbearer.expected.issuer = null
	sasl.oauthbearer.jwks.endpoint.refresh.ms = 3600000
	sasl.oauthbearer.jwks.endpoint.retry.backoff.max.ms = 10000
	sasl.oauthbearer.jwks.endpoint.retry.backoff.ms = 100
	sasl.oauthbearer.jwks.endpoint.url = null
	sasl.oauthbearer.scope.claim.name = scope
	sasl.oauthbearer.sub.claim.name = sub
	sasl.oauthbearer.token.endpoint.url = null
	security.protocol = PLAINTEXT
	security.providers = null
	send.buffer.bytes = 131072
	socket.connection.setup.timeout.max.ms = 30000
	socket.connection.setup.timeout.ms = 10000
	ssl.cipher.suites = null
	ssl.enabled.protocols = [TLSv1.2, TLSv1.3]
	ssl.endpoint.identification.algorithm = https
	ssl.engine.factory.class = null
	ssl.key.password = null
	ssl.keymanager.algorithm = SunX509
	ssl.keystore.certificate.chain = null
	ssl.keystore.key = null
	ssl.keystore.location = null
	ssl.keystore.password = null
	ssl.keystore.type = JKS
	ssl.protocol = TLSv1.3
	ssl.provider = null
	ssl.secure.random.implementation = null
	ssl.trustmanager.algorithm = PKIX
	ssl.truststore.certificates = null
	ssl.truststore.location = null
	ssl.truststore.password = null
	ssl.truststore.type = JKS
	transaction.timeout.ms = 60000
	transactional.id = null
	value.serializer = class org.apache.kafka.common.serialization.ByteArraySerializer
 (org.apache.kafka.clients.producer.ProducerConfig:372)
[2026-03-04 15:48:16,592] INFO initializing Kafka metrics collector (org.apache.kafka.common.telemetry.internals.KafkaMetricsCollector:269)
[2026-03-04 15:48:16,593] INFO These configurations '[connector.client.config.override.policy, plugin.discovery, listeners, config.storage.topic, metrics.context.connect.group.id, group.id, status.storage.topic, offset.flush.interval.ms, config.storage.replication.factor, metrics.context.connect.kafka.cluster.id, status.storage.replication.factor, offset.storage.replication.factor, offset.storage.topic, value.converter, key.converter]' were supplied but are not used yet. (org.apache.kafka.clients.producer.ProducerConfig:381)
[2026-03-04 15:48:16,593] INFO Kafka version: 3.8.1 (org.apache.kafka.common.utils.AppInfoParser:124)
[2026-03-04 15:48:16,593] INFO Kafka commitId: 70d6ff42debf7e17 (org.apache.kafka.common.utils.AppInfoParser:125)
[2026-03-04 15:48:16,593] INFO Kafka startTimeMs: 1772619496593 (org.apache.kafka.common.utils.AppInfoParser:126)
[2026-03-04 15:48:16,593] INFO ConsumerConfig values: 
	allow.auto.create.topics = true
	auto.commit.interval.ms = 5000
	auto.include.jmx.reporter = true
	auto.offset.reset = earliest
	bootstrap.servers = [localhost:41079]
	check.crcs = true
	client.dns.lookup = use_all_dns_ips
	client.id = connect-integration-test-kcbq-connect-cluster-statuses
	client.rack = 
	connections.max.idle.ms = 540000
	default.api.timeout.ms = 60000
	enable.auto.commit = false
	enable.metrics.push = true
	exclude.internal.topics = true
	fetch.max.bytes = 52428800
	fetch.max.wait.ms = 500
	fetch.min.bytes = 1
	group.id = connect-integration-test-kcbq-connect-cluster
	group.instance.id = null
	group.protocol = classic
	group.remote.assignor = null
	heartbeat.interval.ms = 3000
	interceptor.classes = []
	internal.leave.group.on.close = true
	internal.throw.on.fetch.stable.offset.unsupported = false
	isolation.level = read_uncommitted
	key.deserializer = class org.apache.kafka.common.serialization.StringDeserializer
	max.partition.fetch.bytes = 1048576
	max.poll.interval.ms = 300000
	max.poll.records = 500
	metadata.max.age.ms = 300000
	metadata.recovery.strategy = none
	metric.reporters = []
	metrics.num.samples = 2
	metrics.recording.level = INFO
	metrics.sample.window.ms = 30000
	partition.assignment.strategy = [class org.apache.kafka.clients.consumer.RangeAssignor, class org.apache.kafka.clients.consumer.CooperativeStickyAssignor]
	receive.buffer.bytes = 65536
	reconnect.backoff.max.ms = 1000
	reconnect.backoff.ms = 50
	request.timeout.ms = 30000
	retry.backoff.max.ms = 1000
	retry.backoff.ms = 100
	sasl.client.callback.handler.class = null
	sasl.jaas.config = null
	sasl.kerberos.kinit.cmd = /usr/bin/kinit
	sasl.kerberos.min.time.before.relogin = 60000
	sasl.kerberos.service.name = null
	sasl.kerberos.ticket.renew.jitter = 0.05
	sasl.kerberos.ticket.renew.window.factor = 0.8
	sasl.login.callback.handler.class = null
	sasl.login.class = null
	sasl.login.connect.timeout.ms = null
	sasl.login.read.timeout.ms = null
	sasl.login.refresh.buffer.seconds = 300
	sasl.login.refresh.min.period.seconds = 60
	sasl.login.refresh.window.factor = 0.8
	sasl.login.refresh.window.jitter = 0.05
	sasl.login.retry.backoff.max.ms = 10000
	sasl.login.retry.backoff.ms = 100
	sasl.mechanism = GSSAPI
	sasl.oauthbearer.clock.skew.seconds = 30
	sasl.oauthbearer.expected.audience = null
	sasl.oauthbearer.expected.issuer = null
	sasl.oauthbearer.jwks.endpoint.refresh.ms = 3600000
	sasl.oauthbearer.jwks.endpoint.retry.backoff.max.ms = 10000
	sasl.oauthbearer.jwks.endpoint.retry.backoff.ms = 100
	sasl.oauthbearer.jwks.endpoint.url = null
	sasl.oauthbearer.scope.claim.name = scope
	sasl.oauthbearer.sub.claim.name = sub
	sasl.oauthbearer.token.endpoint.url = null
	security.protocol = PLAINTEXT
	security.providers = null
	send.buffer.bytes = 131072
	session.timeout.ms = 45000
	socket.connection.setup.timeout.max.ms = 30000
	socket.connection.setup.timeout.ms = 10000
	ssl.cipher.suites = null
	ssl.enabled.protocols = [TLSv1.2, TLSv1.3]
	ssl.endpoint.identification.algorithm = https
	ssl.engine.factory.class = null
	ssl.key.password = null
	ssl.keymanager.algorithm = SunX509
	ssl.keystore.certificate.chain = null
	ssl.keystore.key = null
	ssl.keystore.location = null
	ssl.keystore.password = null
	ssl.keystore.type = JKS
	ssl.protocol = TLSv1.3
	ssl.provider = null
	ssl.secure.random.implementation = null
	ssl.trustmanager.algorithm = PKIX
	ssl.truststore.certificates = null
	ssl.truststore.location = null
	ssl.truststore.password = null
	ssl.truststore.type = JKS
	value.deserializer = class org.apache.kafka.common.serialization.ByteArrayDeserializer
 (org.apache.kafka.clients.consumer.ConsumerConfig:372)
[2026-03-04 15:48:16,593] INFO initializing Kafka metrics collector (org.apache.kafka.common.telemetry.internals.KafkaMetricsCollector:269)
[2026-03-04 15:48:16,594] INFO [Producer clientId=connect-integration-test-kcbq-connect-cluster-statuses] Cluster ID: Iw_fbrLTTu62gEU1L876rA (org.apache.kafka.clients.Metadata:364)
[2026-03-04 15:48:16,594] INFO These configurations '[connector.client.config.override.policy, plugin.discovery, listeners, config.storage.topic, metrics.context.connect.group.id, status.storage.topic, offset.flush.interval.ms, config.storage.replication.factor, metrics.context.connect.kafka.cluster.id, status.storage.replication.factor, offset.storage.replication.factor, offset.storage.topic, value.converter, key.converter]' were supplied but are not used yet. (org.apache.kafka.clients.consumer.ConsumerConfig:381)
[2026-03-04 15:48:16,594] INFO Kafka version: 3.8.1 (org.apache.kafka.common.utils.AppInfoParser:124)
[2026-03-04 15:48:16,594] INFO Kafka commitId: 70d6ff42debf7e17 (org.apache.kafka.common.utils.AppInfoParser:125)
[2026-03-04 15:48:16,594] INFO Kafka startTimeMs: 1772619496594 (org.apache.kafka.common.utils.AppInfoParser:126)
[2026-03-04 15:48:16,594] INFO [Consumer clientId=connect-integration-test-kcbq-connect-cluster-statuses, groupId=connect-integration-test-kcbq-connect-cluster] Cluster ID: Iw_fbrLTTu62gEU1L876rA (org.apache.kafka.clients.Metadata:364)
[2026-03-04 15:48:16,595] INFO [Consumer clientId=connect-integration-test-kcbq-connect-cluster-statuses, groupId=connect-integration-test-kcbq-connect-cluster] Assigned to partition(s): connect-status-topic-kcbq-connect-cluster-0, connect-status-topic-kcbq-connect-cluster-4, connect-status-topic-kcbq-connect-cluster-1, connect-status-topic-kcbq-connect-cluster-2, connect-status-topic-kcbq-connect-cluster-3 (org.apache.kafka.clients.consumer.internals.LegacyKafkaConsumer:574)
[2026-03-04 15:48:16,595] INFO [Consumer clientId=connect-integration-test-kcbq-connect-cluster-statuses, groupId=connect-integration-test-kcbq-connect-cluster] Seeking to earliest offset of partition connect-status-topic-kcbq-connect-cluster-0 (org.apache.kafka.clients.consumer.internals.SubscriptionState:704)
[2026-03-04 15:48:16,595] INFO [Consumer clientId=connect-integration-test-kcbq-connect-cluster-statuses, groupId=connect-integration-test-kcbq-connect-cluster] Seeking to earliest offset of partition connect-status-topic-kcbq-connect-cluster-4 (org.apache.kafka.clients.consumer.internals.SubscriptionState:704)
[2026-03-04 15:48:16,595] INFO [Consumer clientId=connect-integration-test-kcbq-connect-cluster-statuses, groupId=connect-integration-test-kcbq-connect-cluster] Seeking to earliest offset of partition connect-status-topic-kcbq-connect-cluster-1 (org.apache.kafka.clients.consumer.internals.SubscriptionState:704)
[2026-03-04 15:48:16,595] INFO [Consumer clientId=connect-integration-test-kcbq-connect-cluster-statuses, groupId=connect-integration-test-kcbq-connect-cluster] Seeking to earliest offset of partition connect-status-topic-kcbq-connect-cluster-2 (org.apache.kafka.clients.consumer.internals.SubscriptionState:704)
[2026-03-04 15:48:16,595] INFO [Consumer clientId=connect-integration-test-kcbq-connect-cluster-statuses, groupId=connect-integration-test-kcbq-connect-cluster] Seeking to earliest offset of partition connect-status-topic-kcbq-connect-cluster-3 (org.apache.kafka.clients.consumer.internals.SubscriptionState:704)
[2026-03-04 15:48:16,596] INFO [Consumer clientId=connect-integration-test-kcbq-connect-cluster-statuses, groupId=connect-integration-test-kcbq-connect-cluster] Resetting offset for partition connect-status-topic-kcbq-connect-cluster-2 to position FetchPosition{offset=0, offsetEpoch=Optional.empty, currentLeader=LeaderAndEpoch{leader=Optional[localhost:41079 (id: 0 rack: null)], epoch=0}}. (org.apache.kafka.clients.consumer.internals.SubscriptionState:398)
[2026-03-04 15:48:16,596] INFO [Consumer clientId=connect-integration-test-kcbq-connect-cluster-statuses, groupId=connect-integration-test-kcbq-connect-cluster] Resetting offset for partition connect-status-topic-kcbq-connect-cluster-1 to position FetchPosition{offset=0, offsetEpoch=Optional.empty, currentLeader=LeaderAndEpoch{leader=Optional[localhost:41079 (id: 0 rack: null)], epoch=0}}. (org.apache.kafka.clients.consumer.internals.SubscriptionState:398)
[2026-03-04 15:48:16,596] INFO [Consumer clientId=connect-integration-test-kcbq-connect-cluster-statuses, groupId=connect-integration-test-kcbq-connect-cluster] Resetting offset for partition connect-status-topic-kcbq-connect-cluster-4 to position FetchPosition{offset=0, offsetEpoch=Optional.empty, currentLeader=LeaderAndEpoch{leader=Optional[localhost:41079 (id: 0 rack: null)], epoch=0}}. (org.apache.kafka.clients.consumer.internals.SubscriptionState:398)
[2026-03-04 15:48:16,596] INFO [Consumer clientId=connect-integration-test-kcbq-connect-cluster-statuses, groupId=connect-integration-test-kcbq-connect-cluster] Resetting offset for partition connect-status-topic-kcbq-connect-cluster-3 to position FetchPosition{offset=0, offsetEpoch=Optional.empty, currentLeader=LeaderAndEpoch{leader=Optional[localhost:41079 (id: 0 rack: null)], epoch=0}}. (org.apache.kafka.clients.consumer.internals.SubscriptionState:398)
[2026-03-04 15:48:16,596] INFO [Consumer clientId=connect-integration-test-kcbq-connect-cluster-statuses, groupId=connect-integration-test-kcbq-connect-cluster] Resetting offset for partition connect-status-topic-kcbq-connect-cluster-0 to position FetchPosition{offset=0, offsetEpoch=Optional.empty, currentLeader=LeaderAndEpoch{leader=Optional[localhost:41079 (id: 0 rack: null)], epoch=0}}. (org.apache.kafka.clients.consumer.internals.SubscriptionState:398)
[2026-03-04 15:48:16,596] INFO Finished reading KafkaBasedLog for topic connect-status-topic-kcbq-connect-cluster (org.apache.kafka.connect.util.KafkaBasedLog:310)
[2026-03-04 15:48:16,596] INFO Started KafkaBasedLog for topic connect-status-topic-kcbq-connect-cluster (org.apache.kafka.connect.util.KafkaBasedLog:312)
[2026-03-04 15:48:16,596] INFO Starting KafkaConfigBackingStore (org.apache.kafka.connect.storage.KafkaConfigBackingStore:376)
[2026-03-04 15:48:16,596] INFO Starting KafkaBasedLog with topic connect-config-topic-kcbq-connect-cluster reportErrorsToCallback=false (org.apache.kafka.connect.util.KafkaBasedLog:253)
[2026-03-04 15:48:16,598] INFO Creating topic connect-config-topic-kcbq-connect-cluster with configuration {cleanup.policy=compact} and initial partition assignment Map(0 -> ArrayBuffer(0)) (kafka.zk.AdminZkClient:66)
[2026-03-04 15:48:16,599] INFO [Controller id=0] New topics: [Set(connect-config-topic-kcbq-connect-cluster)], deleted topics: [Set()], new partition replica assignment [Set(TopicIdReplicaAssignment(connect-config-topic-kcbq-connect-cluster,Some(u--Ak6TxS4GuS4wWouS3rQ),Map(connect-config-topic-kcbq-connect-cluster-0 -> ReplicaAssignment(replicas=0, addingReplicas=, removingReplicas=))))] (kafka.controller.KafkaController:66)
[2026-03-04 15:48:16,599] INFO [Controller id=0] New partition creation callback for connect-config-topic-kcbq-connect-cluster-0 (kafka.controller.KafkaController:66)
[2026-03-04 15:48:16,599] INFO [Controller id=0 epoch=1] Changed partition connect-config-topic-kcbq-connect-cluster-0 state from NonExistentPartition to NewPartition with assigned replicas 0 (state.change.logger:66)
[2026-03-04 15:48:16,600] INFO [Controller id=0 epoch=1] Sending UpdateMetadata request to brokers Set() for 0 partitions (state.change.logger:66)
[2026-03-04 15:48:16,600] INFO [Controller id=0 epoch=1] Sending UpdateMetadata request to brokers Set() for 0 partitions (state.change.logger:66)
[2026-03-04 15:48:16,600] INFO [Controller id=0 epoch=1] Changed partition connect-config-topic-kcbq-connect-cluster-0 from NewPartition to OnlinePartition with state LeaderAndIsr(leader=0, leaderEpoch=0, isrWithBrokerEpoch=List(BrokerState(brokerId=0, brokerEpoch=-1)), leaderRecoveryState=RECOVERED, partitionEpoch=0) (state.change.logger:66)
[2026-03-04 15:48:16,600] INFO [Controller id=0 epoch=1] Sending LeaderAndIsr request to broker 0 with 1 become-leader and 0 become-follower partitions (state.change.logger:66)
[2026-03-04 15:48:16,600] INFO [Controller id=0 epoch=1] Sending UpdateMetadata request to brokers Set(0) for 1 partitions (state.change.logger:66)
[2026-03-04 15:48:16,600] INFO [Controller id=0 epoch=1] Sending UpdateMetadata request to brokers Set() for 0 partitions (state.change.logger:66)
[2026-03-04 15:48:16,600] INFO [Broker id=0] Handling LeaderAndIsr request correlationId 5 from controller 0 for 1 partitions (state.change.logger:66)
[2026-03-04 15:48:16,601] INFO [ReplicaFetcherManager on broker 0] Removed fetcher for partitions Set(connect-config-topic-kcbq-connect-cluster-0) (kafka.server.ReplicaFetcherManager:66)
[2026-03-04 15:48:16,601] INFO [Broker id=0] Stopped fetchers as part of LeaderAndIsr request correlationId 5 from controller 0 epoch 1 as part of the become-leader transition for 1 partitions (state.change.logger:66)
[2026-03-04 15:48:16,601] INFO [LogLoader partition=connect-config-topic-kcbq-connect-cluster-0, dir=/tmp/EmbeddedKafkaCluster2815493917284875739] Loading producer state till offset 0 with message format version 2 (kafka.log.UnifiedLog$:1937)
[2026-03-04 15:48:16,601] INFO Created log for partition connect-config-topic-kcbq-connect-cluster-0 in /tmp/EmbeddedKafkaCluster2815493917284875739/connect-config-topic-kcbq-connect-cluster-0 with properties {cleanup.policy=compact} (kafka.log.LogManager:66)
[2026-03-04 15:48:16,602] INFO [Partition connect-config-topic-kcbq-connect-cluster-0 broker=0] No checkpointed highwatermark is found for partition connect-config-topic-kcbq-connect-cluster-0 (kafka.cluster.Partition:66)
[2026-03-04 15:48:16,602] INFO [Partition connect-config-topic-kcbq-connect-cluster-0 broker=0] Log loaded for partition connect-config-topic-kcbq-connect-cluster-0 with initial high watermark 0 (kafka.cluster.Partition:66)
[2026-03-04 15:48:16,602] INFO [Broker id=0] Leader connect-config-topic-kcbq-connect-cluster-0 with topic id Some(u--Ak6TxS4GuS4wWouS3rQ) starts at leader epoch 0 from offset 0 with partition epoch 0, high watermark 0, ISR [0], adding replicas [] and removing replicas [] . Previous leader None and previous leader epoch was -1. (state.change.logger:66)
[2026-03-04 15:48:16,602] INFO [Broker id=0] Finished LeaderAndIsr request in 2ms correlationId 5 from controller 0 for 1 partitions (state.change.logger:66)
[2026-03-04 15:48:16,602] INFO [Broker id=0] Add 1 partitions and deleted 0 partitions from metadata cache in response to UpdateMetadata request sent by controller 0 epoch 1 with correlation id 6 (state.change.logger:66)
[2026-03-04 15:48:16,603] INFO Created topic (name=connect-config-topic-kcbq-connect-cluster, numPartitions=1, replicationFactor=1, replicasAssignments=null, configs={cleanup.policy=compact}) on brokers at localhost:41079 (org.apache.kafka.connect.util.TopicAdmin:415)
[2026-03-04 15:48:16,603] INFO ProducerConfig values: 
	acks = -1
	auto.include.jmx.reporter = true
	batch.size = 16384
	bootstrap.servers = [localhost:41079]
	buffer.memory = 33554432
	client.dns.lookup = use_all_dns_ips
	client.id = connect-integration-test-kcbq-connect-cluster-configs
	compression.gzip.level = -1
	compression.lz4.level = 9
	compression.type = none
	compression.zstd.level = 3
	connections.max.idle.ms = 540000
	delivery.timeout.ms = 2147483647
	enable.idempotence = false
	enable.metrics.push = true
	interceptor.classes = []
	key.serializer = class org.apache.kafka.common.serialization.StringSerializer
	linger.ms = 0
	max.block.ms = 60000
	max.in.flight.requests.per.connection = 1
	max.request.size = 1048576
	metadata.max.age.ms = 300000
	metadata.max.idle.ms = 300000
	metadata.recovery.strategy = none
	metric.reporters = []
	metrics.num.samples = 2
	metrics.recording.level = INFO
	metrics.sample.window.ms = 30000
	partitioner.adaptive.partitioning.enable = true
	partitioner.availability.timeout.ms = 0
	partitioner.class = null
	partitioner.ignore.keys = false
	receive.buffer.bytes = 32768
	reconnect.backoff.max.ms = 1000
	reconnect.backoff.ms = 50
	request.timeout.ms = 30000
	retries = 2147483647
	retry.backoff.max.ms = 1000
	retry.backoff.ms = 100
	sasl.client.callback.handler.class = null
	sasl.jaas.config = null
	sasl.kerberos.kinit.cmd = /usr/bin/kinit
	sasl.kerberos.min.time.before.relogin = 60000
	sasl.kerberos.service.name = null
	sasl.kerberos.ticket.renew.jitter = 0.05
	sasl.kerberos.ticket.renew.window.factor = 0.8
	sasl.login.callback.handler.class = null
	sasl.login.class = null
	sasl.login.connect.timeout.ms = null
	sasl.login.read.timeout.ms = null
	sasl.login.refresh.buffer.seconds = 300
	sasl.login.refresh.min.period.seconds = 60
	sasl.login.refresh.window.factor = 0.8
	sasl.login.refresh.window.jitter = 0.05
	sasl.login.retry.backoff.max.ms = 10000
	sasl.login.retry.backoff.ms = 100
	sasl.mechanism = GSSAPI
	sasl.oauthbearer.clock.skew.seconds = 30
	sasl.oauthbearer.expected.audience = null
	sasl.oauthbearer.expected.issuer = null
	sasl.oauthbearer.jwks.endpoint.refresh.ms = 3600000
	sasl.oauthbearer.jwks.endpoint.retry.backoff.max.ms = 10000
	sasl.oauthbearer.jwks.endpoint.retry.backoff.ms = 100
	sasl.oauthbearer.jwks.endpoint.url = null
	sasl.oauthbearer.scope.claim.name = scope
	sasl.oauthbearer.sub.claim.name = sub
	sasl.oauthbearer.token.endpoint.url = null
	security.protocol = PLAINTEXT
	security.providers = null
	send.buffer.bytes = 131072
	socket.connection.setup.timeout.max.ms = 30000
	socket.connection.setup.timeout.ms = 10000
	ssl.cipher.suites = null
	ssl.enabled.protocols = [TLSv1.2, TLSv1.3]
	ssl.endpoint.identification.algorithm = https
	ssl.engine.factory.class = null
	ssl.key.password = null
	ssl.keymanager.algorithm = SunX509
	ssl.keystore.certificate.chain = null
	ssl.keystore.key = null
	ssl.keystore.location = null
	ssl.keystore.password = null
	ssl.keystore.type = JKS
	ssl.protocol = TLSv1.3
	ssl.provider = null
	ssl.secure.random.implementation = null
	ssl.trustmanager.algorithm = PKIX
	ssl.truststore.certificates = null
	ssl.truststore.location = null
	ssl.truststore.password = null
	ssl.truststore.type = JKS
	transaction.timeout.ms = 60000
	transactional.id = null
	value.serializer = class org.apache.kafka.common.serialization.ByteArraySerializer
 (org.apache.kafka.clients.producer.ProducerConfig:372)
[2026-03-04 15:48:16,603] INFO initializing Kafka metrics collector (org.apache.kafka.common.telemetry.internals.KafkaMetricsCollector:269)
[2026-03-04 15:48:16,603] INFO These configurations '[connector.client.config.override.policy, plugin.discovery, listeners, config.storage.topic, metrics.context.connect.group.id, group.id, status.storage.topic, offset.flush.interval.ms, config.storage.replication.factor, metrics.context.connect.kafka.cluster.id, status.storage.replication.factor, offset.storage.replication.factor, offset.storage.topic, value.converter, key.converter]' were supplied but are not used yet. (org.apache.kafka.clients.producer.ProducerConfig:381)
[2026-03-04 15:48:16,603] INFO Kafka version: 3.8.1 (org.apache.kafka.common.utils.AppInfoParser:124)
[2026-03-04 15:48:16,603] INFO Kafka commitId: 70d6ff42debf7e17 (org.apache.kafka.common.utils.AppInfoParser:125)
[2026-03-04 15:48:16,603] INFO Kafka startTimeMs: 1772619496603 (org.apache.kafka.common.utils.AppInfoParser:126)
[2026-03-04 15:48:16,604] INFO ConsumerConfig values: 
	allow.auto.create.topics = true
	auto.commit.interval.ms = 5000
	auto.include.jmx.reporter = true
	auto.offset.reset = earliest
	bootstrap.servers = [localhost:41079]
	check.crcs = true
	client.dns.lookup = use_all_dns_ips
	client.id = connect-integration-test-kcbq-connect-cluster-configs
	client.rack = 
	connections.max.idle.ms = 540000
	default.api.timeout.ms = 60000
	enable.auto.commit = false
	enable.metrics.push = true
	exclude.internal.topics = true
	fetch.max.bytes = 52428800
	fetch.max.wait.ms = 500
	fetch.min.bytes = 1
	group.id = connect-integration-test-kcbq-connect-cluster
	group.instance.id = null
	group.protocol = classic
	group.remote.assignor = null
	heartbeat.interval.ms = 3000
	interceptor.classes = []
	internal.leave.group.on.close = true
	internal.throw.on.fetch.stable.offset.unsupported = false
	isolation.level = read_uncommitted
	key.deserializer = class org.apache.kafka.common.serialization.StringDeserializer
	max.partition.fetch.bytes = 1048576
	max.poll.interval.ms = 300000
	max.poll.records = 500
	metadata.max.age.ms = 300000
	metadata.recovery.strategy = none
	metric.reporters = []
	metrics.num.samples = 2
	metrics.recording.level = INFO
	metrics.sample.window.ms = 30000
	partition.assignment.strategy = [class org.apache.kafka.clients.consumer.RangeAssignor, class org.apache.kafka.clients.consumer.CooperativeStickyAssignor]
	receive.buffer.bytes = 65536
	reconnect.backoff.max.ms = 1000
	reconnect.backoff.ms = 50
	request.timeout.ms = 30000
	retry.backoff.max.ms = 1000
	retry.backoff.ms = 100
	sasl.client.callback.handler.class = null
	sasl.jaas.config = null
	sasl.kerberos.kinit.cmd = /usr/bin/kinit
	sasl.kerberos.min.time.before.relogin = 60000
	sasl.kerberos.service.name = null
	sasl.kerberos.ticket.renew.jitter = 0.05
	sasl.kerberos.ticket.renew.window.factor = 0.8
	sasl.login.callback.handler.class = null
	sasl.login.class = null
	sasl.login.connect.timeout.ms = null
	sasl.login.read.timeout.ms = null
	sasl.login.refresh.buffer.seconds = 300
	sasl.login.refresh.min.period.seconds = 60
	sasl.login.refresh.window.factor = 0.8
	sasl.login.refresh.window.jitter = 0.05
	sasl.login.retry.backoff.max.ms = 10000
	sasl.login.retry.backoff.ms = 100
	sasl.mechanism = GSSAPI
	sasl.oauthbearer.clock.skew.seconds = 30
	sasl.oauthbearer.expected.audience = null
	sasl.oauthbearer.expected.issuer = null
	sasl.oauthbearer.jwks.endpoint.refresh.ms = 3600000
	sasl.oauthbearer.jwks.endpoint.retry.backoff.max.ms = 10000
	sasl.oauthbearer.jwks.endpoint.retry.backoff.ms = 100
	sasl.oauthbearer.jwks.endpoint.url = null
	sasl.oauthbearer.scope.claim.name = scope
	sasl.oauthbearer.sub.claim.name = sub
	sasl.oauthbearer.token.endpoint.url = null
	security.protocol = PLAINTEXT
	security.providers = null
	send.buffer.bytes = 131072
	session.timeout.ms = 45000
	socket.connection.setup.timeout.max.ms = 30000
	socket.connection.setup.timeout.ms = 10000
	ssl.cipher.suites = null
	ssl.enabled.protocols = [TLSv1.2, TLSv1.3]
	ssl.endpoint.identification.algorithm = https
	ssl.engine.factory.class = null
	ssl.key.password = null
	ssl.keymanager.algorithm = SunX509
	ssl.keystore.certificate.chain = null
	ssl.keystore.key = null
	ssl.keystore.location = null
	ssl.keystore.password = null
	ssl.keystore.type = JKS
	ssl.protocol = TLSv1.3
	ssl.provider = null
	ssl.secure.random.implementation = null
	ssl.trustmanager.algorithm = PKIX
	ssl.truststore.certificates = null
	ssl.truststore.location = null
	ssl.truststore.password = null
	ssl.truststore.type = JKS
	value.deserializer = class org.apache.kafka.common.serialization.ByteArrayDeserializer
 (org.apache.kafka.clients.consumer.ConsumerConfig:372)
[2026-03-04 15:48:16,604] INFO initializing Kafka metrics collector (org.apache.kafka.common.telemetry.internals.KafkaMetricsCollector:269)
[2026-03-04 15:48:16,604] INFO [Producer clientId=connect-integration-test-kcbq-connect-cluster-configs] Cluster ID: Iw_fbrLTTu62gEU1L876rA (org.apache.kafka.clients.Metadata:364)
[2026-03-04 15:48:16,604] INFO These configurations '[connector.client.config.override.policy, plugin.discovery, listeners, config.storage.topic, metrics.context.connect.group.id, status.storage.topic, offset.flush.interval.ms, config.storage.replication.factor, metrics.context.connect.kafka.cluster.id, status.storage.replication.factor, offset.storage.replication.factor, offset.storage.topic, value.converter, key.converter]' were supplied but are not used yet. (org.apache.kafka.clients.consumer.ConsumerConfig:381)
[2026-03-04 15:48:16,604] INFO Kafka version: 3.8.1 (org.apache.kafka.common.utils.AppInfoParser:124)
[2026-03-04 15:48:16,604] INFO Kafka commitId: 70d6ff42debf7e17 (org.apache.kafka.common.utils.AppInfoParser:125)
[2026-03-04 15:48:16,604] INFO Kafka startTimeMs: 1772619496604 (org.apache.kafka.common.utils.AppInfoParser:126)
[2026-03-04 15:48:16,605] INFO [Consumer clientId=connect-integration-test-kcbq-connect-cluster-configs, groupId=connect-integration-test-kcbq-connect-cluster] Cluster ID: Iw_fbrLTTu62gEU1L876rA (org.apache.kafka.clients.Metadata:364)
[2026-03-04 15:48:16,605] INFO [Consumer clientId=connect-integration-test-kcbq-connect-cluster-configs, groupId=connect-integration-test-kcbq-connect-cluster] Assigned to partition(s): connect-config-topic-kcbq-connect-cluster-0 (org.apache.kafka.clients.consumer.internals.LegacyKafkaConsumer:574)
[2026-03-04 15:48:16,605] INFO [Consumer clientId=connect-integration-test-kcbq-connect-cluster-configs, groupId=connect-integration-test-kcbq-connect-cluster] Seeking to earliest offset of partition connect-config-topic-kcbq-connect-cluster-0 (org.apache.kafka.clients.consumer.internals.SubscriptionState:704)
[2026-03-04 15:48:16,606] INFO [Consumer clientId=connect-integration-test-kcbq-connect-cluster-configs, groupId=connect-integration-test-kcbq-connect-cluster] Resetting offset for partition connect-config-topic-kcbq-connect-cluster-0 to position FetchPosition{offset=0, offsetEpoch=Optional.empty, currentLeader=LeaderAndEpoch{leader=Optional[localhost:41079 (id: 0 rack: null)], epoch=0}}. (org.apache.kafka.clients.consumer.internals.SubscriptionState:398)
[2026-03-04 15:48:16,606] INFO Finished reading KafkaBasedLog for topic connect-config-topic-kcbq-connect-cluster (org.apache.kafka.connect.util.KafkaBasedLog:310)
[2026-03-04 15:48:16,606] INFO Started KafkaBasedLog for topic connect-config-topic-kcbq-connect-cluster (org.apache.kafka.connect.util.KafkaBasedLog:312)
[2026-03-04 15:48:16,606] INFO Started KafkaConfigBackingStore (org.apache.kafka.connect.storage.KafkaConfigBackingStore:400)
[2026-03-04 15:48:16,606] INFO [Worker clientId=connect-localhost:36425, groupId=connect-integration-test-kcbq-connect-cluster] Herder started (org.apache.kafka.connect.runtime.distributed.DistributedHerder:377)
[2026-03-04 15:48:16,607] INFO [Worker clientId=connect-localhost:36425, groupId=connect-integration-test-kcbq-connect-cluster] Cluster ID: Iw_fbrLTTu62gEU1L876rA (org.apache.kafka.clients.Metadata:364)
[2026-03-04 15:48:16,608] INFO Creating topic __consumer_offsets with configuration {compression.type=producer, cleanup.policy=compact, segment.bytes=104857600} and initial partition assignment Map(23 -> ArrayBuffer(0), 32 -> ArrayBuffer(0), 41 -> ArrayBuffer(0), 17 -> ArrayBuffer(0), 8 -> ArrayBuffer(0), 35 -> ArrayBuffer(0), 44 -> ArrayBuffer(0), 26 -> ArrayBuffer(0), 11 -> ArrayBuffer(0), 29 -> ArrayBuffer(0), 38 -> ArrayBuffer(0), 47 -> ArrayBuffer(0), 20 -> ArrayBuffer(0), 2 -> ArrayBuffer(0), 5 -> ArrayBuffer(0), 14 -> ArrayBuffer(0), 46 -> ArrayBuffer(0), 49 -> ArrayBuffer(0), 40 -> ArrayBuffer(0), 13 -> ArrayBuffer(0), 4 -> ArrayBuffer(0), 22 -> ArrayBuffer(0), 31 -> ArrayBuffer(0), 16 -> ArrayBuffer(0), 7 -> ArrayBuffer(0), 43 -> ArrayBuffer(0), 25 -> ArrayBuffer(0), 34 -> ArrayBuffer(0), 10 -> ArrayBuffer(0), 37 -> ArrayBuffer(0), 1 -> ArrayBuffer(0), 19 -> ArrayBuffer(0), 28 -> ArrayBuffer(0), 45 -> ArrayBuffer(0), 27 -> ArrayBuffer(0), 36 -> ArrayBuffer(0), 18 -> ArrayBuffer(0), 9 -> ArrayBuffer(0), 21 -> ArrayBuffer(0), 48 -> ArrayBuffer(0), 3 -> ArrayBuffer(0), 12 -> ArrayBuffer(0), 30 -> ArrayBuffer(0), 39 -> ArrayBuffer(0), 15 -> ArrayBuffer(0), 42 -> ArrayBuffer(0), 24 -> ArrayBuffer(0), 6 -> ArrayBuffer(0), 33 -> ArrayBuffer(0), 0 -> ArrayBuffer(0)) (kafka.zk.AdminZkClient:66)
[2026-03-04 15:48:16,610] INFO [Controller id=0] New topics: [Set(__consumer_offsets)], deleted topics: [Set()], new partition replica assignment [Set(TopicIdReplicaAssignment(__consumer_offsets,Some(yRozCZZXQUGiCYzkKkOymA),Map(__consumer_offsets-22 -> ReplicaAssignment(replicas=0, addingReplicas=, removingReplicas=), __consumer_offsets-30 -> ReplicaAssignment(replicas=0, addingReplicas=, removingReplicas=), __consumer_offsets-8 -> ReplicaAssignment(replicas=0, addingReplicas=, removingReplicas=), __consumer_offsets-21 -> ReplicaAssignment(replicas=0, addingReplicas=, removingReplicas=), __consumer_offsets-4 -> ReplicaAssignment(replicas=0, addingReplicas=, removingReplicas=), __consumer_offsets-27 -> ReplicaAssignment(replicas=0, addingReplicas=, removingReplicas=), __consumer_offsets-7 -> ReplicaAssignment(replicas=0, addingReplicas=, removingReplicas=), __consumer_offsets-9 -> ReplicaAssignment(replicas=0, addingReplicas=, removingReplicas=), __consumer_offsets-46 -> ReplicaAssignment(replicas=0, addingReplicas=, removingReplicas=), __consumer_offsets-25 -> ReplicaAssignment(replicas=0, addingReplicas=, removingReplicas=), __consumer_offsets-35 -> ReplicaAssignment(replicas=0, addingReplicas=, removingReplicas=), __consumer_offsets-41 -> ReplicaAssignment(replicas=0, addingReplicas=, removingReplicas=), __consumer_offsets-33 -> ReplicaAssignment(replicas=0, addingReplicas=, removingReplicas=), __consumer_offsets-23 -> ReplicaAssignment(replicas=0, addingReplicas=, removingReplicas=), __consumer_offsets-49 -> ReplicaAssignment(replicas=0, addingReplicas=, removingReplicas=), __consumer_offsets-47 -> ReplicaAssignment(replicas=0, addingReplicas=, removingReplicas=), __consumer_offsets-16 -> ReplicaAssignment(replicas=0, addingReplicas=, removingReplicas=), __consumer_offsets-28 -> ReplicaAssignment(replicas=0, addingReplicas=, removingReplicas=), __consumer_offsets-31 -> ReplicaAssignment(replicas=0, addingReplicas=, removingReplicas=), __consumer_offsets-36 -> ReplicaAssignment(replicas=0, addingReplicas=, removingReplicas=), __consumer_offsets-42 -> ReplicaAssignment(replicas=0, addingReplicas=, removingReplicas=), __consumer_offsets-3 -> ReplicaAssignment(replicas=0, addingReplicas=, removingReplicas=), __consumer_offsets-18 -> ReplicaAssignment(replicas=0, addingReplicas=, removingReplicas=), __consumer_offsets-37 -> ReplicaAssignment(replicas=0, addingReplicas=, removingReplicas=), __consumer_offsets-15 -> ReplicaAssignment(replicas=0, addingReplicas=, removingReplicas=), __consumer_offsets-24 -> ReplicaAssignment(replicas=0, addingReplicas=, removingReplicas=), __consumer_offsets-38 -> ReplicaAssignment(replicas=0, addingReplicas=, removingReplicas=), __consumer_offsets-17 -> ReplicaAssignment(replicas=0, addingReplicas=, removingReplicas=), __consumer_offsets-48 -> ReplicaAssignment(replicas=0, addingReplicas=, removingReplicas=), __consumer_offsets-19 -> ReplicaAssignment(replicas=0, addingReplicas=, removingReplicas=), __consumer_offsets-11 -> ReplicaAssignment(replicas=0, addingReplicas=, removingReplicas=), __consumer_offsets-13 -> ReplicaAssignment(replicas=0, addingReplicas=, removingReplicas=), __consumer_offsets-2 -> ReplicaAssignment(replicas=0, addingReplicas=, removingReplicas=), __consumer_offsets-43 -> ReplicaAssignment(replicas=0, addingReplicas=, removingReplicas=), __consumer_offsets-6 -> ReplicaAssignment(replicas=0, addingReplicas=, removingReplicas=), __consumer_offsets-14 -> ReplicaAssignment(replicas=0, addingReplicas=, removingReplicas=), __consumer_offsets-20 -> ReplicaAssignment(replicas=0, addingReplicas=, removingReplicas=), __consumer_offsets-0 -> ReplicaAssignment(replicas=0, addingReplicas=, removingReplicas=), __consumer_offsets-44 -> ReplicaAssignment(replicas=0, addingReplicas=, removingReplicas=), __consumer_offsets-39 -> ReplicaAssignment(replicas=0, addingReplicas=, removingReplicas=), __consumer_offsets-12 -> ReplicaAssignment(replicas=0, addingReplicas=, removingReplicas=), __consumer_offsets-45 -> ReplicaAssignment(replicas=0, addingReplicas=, removingReplicas=), __consumer_offsets-1 -> ReplicaAssignment(replicas=0, addingReplicas=, removingReplicas=), __consumer_offsets-5 -> ReplicaAssignment(replicas=0, addingReplicas=, removingReplicas=), __consumer_offsets-26 -> ReplicaAssignment(replicas=0, addingReplicas=, removingReplicas=), __consumer_offsets-29 -> ReplicaAssignment(replicas=0, addingReplicas=, removingReplicas=), __consumer_offsets-34 -> ReplicaAssignment(replicas=0, addingReplicas=, removingReplicas=), __consumer_offsets-10 -> ReplicaAssignment(replicas=0, addingReplicas=, removingReplicas=), __consumer_offsets-32 -> ReplicaAssignment(replicas=0, addingReplicas=, removingReplicas=), __consumer_offsets-40 -> ReplicaAssignment(replicas=0, addingReplicas=, removingReplicas=))))] (kafka.controller.KafkaController:66)
[2026-03-04 15:48:16,610] INFO [Controller id=0] New partition creation callback for __consumer_offsets-22,__consumer_offsets-30,__consumer_offsets-8,__consumer_offsets-21,__consumer_offsets-4,__consumer_offsets-27,__consumer_offsets-7,__consumer_offsets-9,__consumer_offsets-46,__consumer_offsets-25,__consumer_offsets-35,__consumer_offsets-41,__consumer_offsets-33,__consumer_offsets-23,__consumer_offsets-49,__consumer_offsets-47,__consumer_offsets-16,__consumer_offsets-28,__consumer_offsets-31,__consumer_offsets-36,__consumer_offsets-42,__consumer_offsets-3,__consumer_offsets-18,__consumer_offsets-37,__consumer_offsets-15,__consumer_offsets-24,__consumer_offsets-38,__consumer_offsets-17,__consumer_offsets-48,__consumer_offsets-19,__consumer_offsets-11,__consumer_offsets-13,__consumer_offsets-2,__consumer_offsets-43,__consumer_offsets-6,__consumer_offsets-14,__consumer_offsets-20,__consumer_offsets-0,__consumer_offsets-44,__consumer_offsets-39,__consumer_offsets-12,__consumer_offsets-45,__consumer_offsets-1,__consumer_offsets-5,__consumer_offsets-26,__consumer_offsets-29,__consumer_offsets-34,__consumer_offsets-10,__consumer_offsets-32,__consumer_offsets-40 (kafka.controller.KafkaController:66)
[2026-03-04 15:48:16,610] INFO [Controller id=0 epoch=1] Changed partition __consumer_offsets-22 state from NonExistentPartition to NewPartition with assigned replicas 0 (state.change.logger:66)
[2026-03-04 15:48:16,610] INFO [Controller id=0 epoch=1] Changed partition __consumer_offsets-30 state from NonExistentPartition to NewPartition with assigned replicas 0 (state.change.logger:66)
[2026-03-04 15:48:16,610] INFO [Controller id=0 epoch=1] Changed partition __consumer_offsets-8 state from NonExistentPartition to NewPartition with assigned replicas 0 (state.change.logger:66)
[2026-03-04 15:48:16,610] INFO [Controller id=0 epoch=1] Changed partition __consumer_offsets-21 state from NonExistentPartition to NewPartition with assigned replicas 0 (state.change.logger:66)
[2026-03-04 15:48:16,610] INFO [Controller id=0 epoch=1] Changed partition __consumer_offsets-4 state from NonExistentPartition to NewPartition with assigned replicas 0 (state.change.logger:66)
[2026-03-04 15:48:16,610] INFO [Controller id=0 epoch=1] Changed partition __consumer_offsets-27 state from NonExistentPartition to NewPartition with assigned replicas 0 (state.change.logger:66)
[2026-03-04 15:48:16,610] INFO [Controller id=0 epoch=1] Changed partition __consumer_offsets-7 state from NonExistentPartition to NewPartition with assigned replicas 0 (state.change.logger:66)
[2026-03-04 15:48:16,610] INFO [Controller id=0 epoch=1] Changed partition __consumer_offsets-9 state from NonExistentPartition to NewPartition with assigned replicas 0 (state.change.logger:66)
[2026-03-04 15:48:16,610] INFO [Controller id=0 epoch=1] Changed partition __consumer_offsets-46 state from NonExistentPartition to NewPartition with assigned replicas 0 (state.change.logger:66)
[2026-03-04 15:48:16,610] INFO [Controller id=0 epoch=1] Changed partition __consumer_offsets-25 state from NonExistentPartition to NewPartition with assigned replicas 0 (state.change.logger:66)
[2026-03-04 15:48:16,610] INFO [Controller id=0 epoch=1] Changed partition __consumer_offsets-35 state from NonExistentPartition to NewPartition with assigned replicas 0 (state.change.logger:66)
[2026-03-04 15:48:16,610] INFO [Controller id=0 epoch=1] Changed partition __consumer_offsets-41 state from NonExistentPartition to NewPartition with assigned replicas 0 (state.change.logger:66)
[2026-03-04 15:48:16,610] INFO [Controller id=0 epoch=1] Changed partition __consumer_offsets-33 state from NonExistentPartition to NewPartition with assigned replicas 0 (state.change.logger:66)
[2026-03-04 15:48:16,610] INFO [Controller id=0 epoch=1] Changed partition __consumer_offsets-23 state from NonExistentPartition to NewPartition with assigned replicas 0 (state.change.logger:66)
[2026-03-04 15:48:16,610] INFO [Controller id=0 epoch=1] Changed partition __consumer_offsets-49 state from NonExistentPartition to NewPartition with assigned replicas 0 (state.change.logger:66)
[2026-03-04 15:48:16,610] INFO [Controller id=0 epoch=1] Changed partition __consumer_offsets-47 state from NonExistentPartition to NewPartition with assigned replicas 0 (state.change.logger:66)
[2026-03-04 15:48:16,610] INFO [Controller id=0 epoch=1] Changed partition __consumer_offsets-16 state from NonExistentPartition to NewPartition with assigned replicas 0 (state.change.logger:66)
[2026-03-04 15:48:16,610] INFO [Controller id=0 epoch=1] Changed partition __consumer_offsets-28 state from NonExistentPartition to NewPartition with assigned replicas 0 (state.change.logger:66)
[2026-03-04 15:48:16,610] INFO [Controller id=0 epoch=1] Changed partition __consumer_offsets-31 state from NonExistentPartition to NewPartition with assigned replicas 0 (state.change.logger:66)
[2026-03-04 15:48:16,610] INFO [Controller id=0 epoch=1] Changed partition __consumer_offsets-36 state from NonExistentPartition to NewPartition with assigned replicas 0 (state.change.logger:66)
[2026-03-04 15:48:16,610] INFO [Controller id=0 epoch=1] Changed partition __consumer_offsets-42 state from NonExistentPartition to NewPartition with assigned replicas 0 (state.change.logger:66)
[2026-03-04 15:48:16,610] INFO [Controller id=0 epoch=1] Changed partition __consumer_offsets-3 state from NonExistentPartition to NewPartition with assigned replicas 0 (state.change.logger:66)
[2026-03-04 15:48:16,610] INFO [Controller id=0 epoch=1] Changed partition __consumer_offsets-18 state from NonExistentPartition to NewPartition with assigned replicas 0 (state.change.logger:66)
[2026-03-04 15:48:16,610] INFO [Controller id=0 epoch=1] Changed partition __consumer_offsets-37 state from NonExistentPartition to NewPartition with assigned replicas 0 (state.change.logger:66)
[2026-03-04 15:48:16,610] INFO [Controller id=0 epoch=1] Changed partition __consumer_offsets-15 state from NonExistentPartition to NewPartition with assigned replicas 0 (state.change.logger:66)
[2026-03-04 15:48:16,610] INFO [Controller id=0 epoch=1] Changed partition __consumer_offsets-24 state from NonExistentPartition to NewPartition with assigned replicas 0 (state.change.logger:66)
[2026-03-04 15:48:16,610] INFO [Controller id=0 epoch=1] Changed partition __consumer_offsets-38 state from NonExistentPartition to NewPartition with assigned replicas 0 (state.change.logger:66)
[2026-03-04 15:48:16,610] INFO [Controller id=0 epoch=1] Changed partition __consumer_offsets-17 state from NonExistentPartition to NewPartition with assigned replicas 0 (state.change.logger:66)
[2026-03-04 15:48:16,610] INFO [Controller id=0 epoch=1] Changed partition __consumer_offsets-48 state from NonExistentPartition to NewPartition with assigned replicas 0 (state.change.logger:66)
[2026-03-04 15:48:16,610] INFO [Controller id=0 epoch=1] Changed partition __consumer_offsets-19 state from NonExistentPartition to NewPartition with assigned replicas 0 (state.change.logger:66)
[2026-03-04 15:48:16,610] INFO [Controller id=0 epoch=1] Changed partition __consumer_offsets-11 state from NonExistentPartition to NewPartition with assigned replicas 0 (state.change.logger:66)
[2026-03-04 15:48:16,610] INFO [Controller id=0 epoch=1] Changed partition __consumer_offsets-13 state from NonExistentPartition to NewPartition with assigned replicas 0 (state.change.logger:66)
[2026-03-04 15:48:16,610] INFO [Controller id=0 epoch=1] Changed partition __consumer_offsets-2 state from NonExistentPartition to NewPartition with assigned replicas 0 (state.change.logger:66)
[2026-03-04 15:48:16,610] INFO [Controller id=0 epoch=1] Changed partition __consumer_offsets-43 state from NonExistentPartition to NewPartition with assigned replicas 0 (state.change.logger:66)
[2026-03-04 15:48:16,610] INFO [Controller id=0 epoch=1] Changed partition __consumer_offsets-6 state from NonExistentPartition to NewPartition with assigned replicas 0 (state.change.logger:66)
[2026-03-04 15:48:16,610] INFO [Controller id=0 epoch=1] Changed partition __consumer_offsets-14 state from NonExistentPartition to NewPartition with assigned replicas 0 (state.change.logger:66)
[2026-03-04 15:48:16,610] INFO [Controller id=0 epoch=1] Changed partition __consumer_offsets-20 state from NonExistentPartition to NewPartition with assigned replicas 0 (state.change.logger:66)
[2026-03-04 15:48:16,610] INFO [Controller id=0 epoch=1] Changed partition __consumer_offsets-0 state from NonExistentPartition to NewPartition with assigned replicas 0 (state.change.logger:66)
[2026-03-04 15:48:16,610] INFO [Controller id=0 epoch=1] Changed partition __consumer_offsets-44 state from NonExistentPartition to NewPartition with assigned replicas 0 (state.change.logger:66)
[2026-03-04 15:48:16,610] INFO [Controller id=0 epoch=1] Changed partition __consumer_offsets-39 state from NonExistentPartition to NewPartition with assigned replicas 0 (state.change.logger:66)
[2026-03-04 15:48:16,610] INFO [Controller id=0 epoch=1] Changed partition __consumer_offsets-12 state from NonExistentPartition to NewPartition with assigned replicas 0 (state.change.logger:66)
[2026-03-04 15:48:16,610] INFO [Controller id=0 epoch=1] Changed partition __consumer_offsets-45 state from NonExistentPartition to NewPartition with assigned replicas 0 (state.change.logger:66)
[2026-03-04 15:48:16,610] INFO [Controller id=0 epoch=1] Changed partition __consumer_offsets-1 state from NonExistentPartition to NewPartition with assigned replicas 0 (state.change.logger:66)
[2026-03-04 15:48:16,610] INFO [Controller id=0 epoch=1] Changed partition __consumer_offsets-5 state from NonExistentPartition to NewPartition with assigned replicas 0 (state.change.logger:66)
[2026-03-04 15:48:16,610] INFO [Controller id=0 epoch=1] Changed partition __consumer_offsets-26 state from NonExistentPartition to NewPartition with assigned replicas 0 (state.change.logger:66)
[2026-03-04 15:48:16,610] INFO [Controller id=0 epoch=1] Changed partition __consumer_offsets-29 state from NonExistentPartition to NewPartition with assigned replicas 0 (state.change.logger:66)
[2026-03-04 15:48:16,610] INFO [Controller id=0 epoch=1] Changed partition __consumer_offsets-34 state from NonExistentPartition to NewPartition with assigned replicas 0 (state.change.logger:66)
[2026-03-04 15:48:16,610] INFO [Controller id=0 epoch=1] Changed partition __consumer_offsets-10 state from NonExistentPartition to NewPartition with assigned replicas 0 (state.change.logger:66)
[2026-03-04 15:48:16,610] INFO [Controller id=0 epoch=1] Changed partition __consumer_offsets-32 state from NonExistentPartition to NewPartition with assigned replicas 0 (state.change.logger:66)
[2026-03-04 15:48:16,610] INFO [Controller id=0 epoch=1] Changed partition __consumer_offsets-40 state from NonExistentPartition to NewPartition with assigned replicas 0 (state.change.logger:66)
[2026-03-04 15:48:16,610] INFO [Controller id=0 epoch=1] Sending UpdateMetadata request to brokers Set() for 0 partitions (state.change.logger:66)
[2026-03-04 15:48:16,611] INFO [Controller id=0 epoch=1] Sending UpdateMetadata request to brokers Set() for 0 partitions (state.change.logger:66)
[2026-03-04 15:48:16,616] INFO [Controller id=0 epoch=1] Changed partition __consumer_offsets-22 from NewPartition to OnlinePartition with state LeaderAndIsr(leader=0, leaderEpoch=0, isrWithBrokerEpoch=List(BrokerState(brokerId=0, brokerEpoch=-1)), leaderRecoveryState=RECOVERED, partitionEpoch=0) (state.change.logger:66)
[2026-03-04 15:48:16,616] INFO [Controller id=0 epoch=1] Changed partition __consumer_offsets-30 from NewPartition to OnlinePartition with state LeaderAndIsr(leader=0, leaderEpoch=0, isrWithBrokerEpoch=List(BrokerState(brokerId=0, brokerEpoch=-1)), leaderRecoveryState=RECOVERED, partitionEpoch=0) (state.change.logger:66)
[2026-03-04 15:48:16,616] INFO [Controller id=0 epoch=1] Changed partition __consumer_offsets-8 from NewPartition to OnlinePartition with state LeaderAndIsr(leader=0, leaderEpoch=0, isrWithBrokerEpoch=List(BrokerState(brokerId=0, brokerEpoch=-1)), leaderRecoveryState=RECOVERED, partitionEpoch=0) (state.change.logger:66)
[2026-03-04 15:48:16,616] INFO [Controller id=0 epoch=1] Changed partition __consumer_offsets-21 from NewPartition to OnlinePartition with state LeaderAndIsr(leader=0, leaderEpoch=0, isrWithBrokerEpoch=List(BrokerState(brokerId=0, brokerEpoch=-1)), leaderRecoveryState=RECOVERED, partitionEpoch=0) (state.change.logger:66)
[2026-03-04 15:48:16,616] INFO [Controller id=0 epoch=1] Changed partition __consumer_offsets-4 from NewPartition to OnlinePartition with state LeaderAndIsr(leader=0, leaderEpoch=0, isrWithBrokerEpoch=List(BrokerState(brokerId=0, brokerEpoch=-1)), leaderRecoveryState=RECOVERED, partitionEpoch=0) (state.change.logger:66)
[2026-03-04 15:48:16,616] INFO [Controller id=0 epoch=1] Changed partition __consumer_offsets-27 from NewPartition to OnlinePartition with state LeaderAndIsr(leader=0, leaderEpoch=0, isrWithBrokerEpoch=List(BrokerState(brokerId=0, brokerEpoch=-1)), leaderRecoveryState=RECOVERED, partitionEpoch=0) (state.change.logger:66)
[2026-03-04 15:48:16,616] INFO [Controller id=0 epoch=1] Changed partition __consumer_offsets-7 from NewPartition to OnlinePartition with state LeaderAndIsr(leader=0, leaderEpoch=0, isrWithBrokerEpoch=List(BrokerState(brokerId=0, brokerEpoch=-1)), leaderRecoveryState=RECOVERED, partitionEpoch=0) (state.change.logger:66)
[2026-03-04 15:48:16,616] INFO [Controller id=0 epoch=1] Changed partition __consumer_offsets-9 from NewPartition to OnlinePartition with state LeaderAndIsr(leader=0, leaderEpoch=0, isrWithBrokerEpoch=List(BrokerState(brokerId=0, brokerEpoch=-1)), leaderRecoveryState=RECOVERED, partitionEpoch=0) (state.change.logger:66)
[2026-03-04 15:48:16,616] INFO [Controller id=0 epoch=1] Changed partition __consumer_offsets-46 from NewPartition to OnlinePartition with state LeaderAndIsr(leader=0, leaderEpoch=0, isrWithBrokerEpoch=List(BrokerState(brokerId=0, brokerEpoch=-1)), leaderRecoveryState=RECOVERED, partitionEpoch=0) (state.change.logger:66)
[2026-03-04 15:48:16,616] INFO [Controller id=0 epoch=1] Changed partition __consumer_offsets-25 from NewPartition to OnlinePartition with state LeaderAndIsr(leader=0, leaderEpoch=0, isrWithBrokerEpoch=List(BrokerState(brokerId=0, brokerEpoch=-1)), leaderRecoveryState=RECOVERED, partitionEpoch=0) (state.change.logger:66)
[2026-03-04 15:48:16,616] INFO [Controller id=0 epoch=1] Changed partition __consumer_offsets-35 from NewPartition to OnlinePartition with state LeaderAndIsr(leader=0, leaderEpoch=0, isrWithBrokerEpoch=List(BrokerState(brokerId=0, brokerEpoch=-1)), leaderRecoveryState=RECOVERED, partitionEpoch=0) (state.change.logger:66)
[2026-03-04 15:48:16,616] INFO [Controller id=0 epoch=1] Changed partition __consumer_offsets-41 from NewPartition to OnlinePartition with state LeaderAndIsr(leader=0, leaderEpoch=0, isrWithBrokerEpoch=List(BrokerState(brokerId=0, brokerEpoch=-1)), leaderRecoveryState=RECOVERED, partitionEpoch=0) (state.change.logger:66)
[2026-03-04 15:48:16,616] INFO [Controller id=0 epoch=1] Changed partition __consumer_offsets-33 from NewPartition to OnlinePartition with state LeaderAndIsr(leader=0, leaderEpoch=0, isrWithBrokerEpoch=List(BrokerState(brokerId=0, brokerEpoch=-1)), leaderRecoveryState=RECOVERED, partitionEpoch=0) (state.change.logger:66)
[2026-03-04 15:48:16,616] INFO [Controller id=0 epoch=1] Changed partition __consumer_offsets-23 from NewPartition to OnlinePartition with state LeaderAndIsr(leader=0, leaderEpoch=0, isrWithBrokerEpoch=List(BrokerState(brokerId=0, brokerEpoch=-1)), leaderRecoveryState=RECOVERED, partitionEpoch=0) (state.change.logger:66)
[2026-03-04 15:48:16,616] INFO [Controller id=0 epoch=1] Changed partition __consumer_offsets-49 from NewPartition to OnlinePartition with state LeaderAndIsr(leader=0, leaderEpoch=0, isrWithBrokerEpoch=List(BrokerState(brokerId=0, brokerEpoch=-1)), leaderRecoveryState=RECOVERED, partitionEpoch=0) (state.change.logger:66)
[2026-03-04 15:48:16,616] INFO [Controller id=0 epoch=1] Changed partition __consumer_offsets-47 from NewPartition to OnlinePartition with state LeaderAndIsr(leader=0, leaderEpoch=0, isrWithBrokerEpoch=List(BrokerState(brokerId=0, brokerEpoch=-1)), leaderRecoveryState=RECOVERED, partitionEpoch=0) (state.change.logger:66)
[2026-03-04 15:48:16,616] INFO [Controller id=0 epoch=1] Changed partition __consumer_offsets-16 from NewPartition to OnlinePartition with state LeaderAndIsr(leader=0, leaderEpoch=0, isrWithBrokerEpoch=List(BrokerState(brokerId=0, brokerEpoch=-1)), leaderRecoveryState=RECOVERED, partitionEpoch=0) (state.change.logger:66)
[2026-03-04 15:48:16,616] INFO [Controller id=0 epoch=1] Changed partition __consumer_offsets-28 from NewPartition to OnlinePartition with state LeaderAndIsr(leader=0, leaderEpoch=0, isrWithBrokerEpoch=List(BrokerState(brokerId=0, brokerEpoch=-1)), leaderRecoveryState=RECOVERED, partitionEpoch=0) (state.change.logger:66)
[2026-03-04 15:48:16,616] INFO [Controller id=0 epoch=1] Changed partition __consumer_offsets-31 from NewPartition to OnlinePartition with state LeaderAndIsr(leader=0, leaderEpoch=0, isrWithBrokerEpoch=List(BrokerState(brokerId=0, brokerEpoch=-1)), leaderRecoveryState=RECOVERED, partitionEpoch=0) (state.change.logger:66)
[2026-03-04 15:48:16,616] INFO [Controller id=0 epoch=1] Changed partition __consumer_offsets-36 from NewPartition to OnlinePartition with state LeaderAndIsr(leader=0, leaderEpoch=0, isrWithBrokerEpoch=List(BrokerState(brokerId=0, brokerEpoch=-1)), leaderRecoveryState=RECOVERED, partitionEpoch=0) (state.change.logger:66)
[2026-03-04 15:48:16,616] INFO [Controller id=0 epoch=1] Changed partition __consumer_offsets-42 from NewPartition to OnlinePartition with state LeaderAndIsr(leader=0, leaderEpoch=0, isrWithBrokerEpoch=List(BrokerState(brokerId=0, brokerEpoch=-1)), leaderRecoveryState=RECOVERED, partitionEpoch=0) (state.change.logger:66)
[2026-03-04 15:48:16,616] INFO [Controller id=0 epoch=1] Changed partition __consumer_offsets-3 from NewPartition to OnlinePartition with state LeaderAndIsr(leader=0, leaderEpoch=0, isrWithBrokerEpoch=List(BrokerState(brokerId=0, brokerEpoch=-1)), leaderRecoveryState=RECOVERED, partitionEpoch=0) (state.change.logger:66)
[2026-03-04 15:48:16,616] INFO [Controller id=0 epoch=1] Changed partition __consumer_offsets-18 from NewPartition to OnlinePartition with state LeaderAndIsr(leader=0, leaderEpoch=0, isrWithBrokerEpoch=List(BrokerState(brokerId=0, brokerEpoch=-1)), leaderRecoveryState=RECOVERED, partitionEpoch=0) (state.change.logger:66)
[2026-03-04 15:48:16,616] INFO [Controller id=0 epoch=1] Changed partition __consumer_offsets-37 from NewPartition to OnlinePartition with state LeaderAndIsr(leader=0, leaderEpoch=0, isrWithBrokerEpoch=List(BrokerState(brokerId=0, brokerEpoch=-1)), leaderRecoveryState=RECOVERED, partitionEpoch=0) (state.change.logger:66)
[2026-03-04 15:48:16,616] INFO [Controller id=0 epoch=1] Changed partition __consumer_offsets-15 from NewPartition to OnlinePartition with state LeaderAndIsr(leader=0, leaderEpoch=0, isrWithBrokerEpoch=List(BrokerState(brokerId=0, brokerEpoch=-1)), leaderRecoveryState=RECOVERED, partitionEpoch=0) (state.change.logger:66)
[2026-03-04 15:48:16,616] INFO [Controller id=0 epoch=1] Changed partition __consumer_offsets-24 from NewPartition to OnlinePartition with state LeaderAndIsr(leader=0, leaderEpoch=0, isrWithBrokerEpoch=List(BrokerState(brokerId=0, brokerEpoch=-1)), leaderRecoveryState=RECOVERED, partitionEpoch=0) (state.change.logger:66)
[2026-03-04 15:48:16,616] INFO [Controller id=0 epoch=1] Changed partition __consumer_offsets-38 from NewPartition to OnlinePartition with state LeaderAndIsr(leader=0, leaderEpoch=0, isrWithBrokerEpoch=List(BrokerState(brokerId=0, brokerEpoch=-1)), leaderRecoveryState=RECOVERED, partitionEpoch=0) (state.change.logger:66)
[2026-03-04 15:48:16,616] INFO [Controller id=0 epoch=1] Changed partition __consumer_offsets-17 from NewPartition to OnlinePartition with state LeaderAndIsr(leader=0, leaderEpoch=0, isrWithBrokerEpoch=List(BrokerState(brokerId=0, brokerEpoch=-1)), leaderRecoveryState=RECOVERED, partitionEpoch=0) (state.change.logger:66)
[2026-03-04 15:48:16,616] INFO [Controller id=0 epoch=1] Changed partition __consumer_offsets-48 from NewPartition to OnlinePartition with state LeaderAndIsr(leader=0, leaderEpoch=0, isrWithBrokerEpoch=List(BrokerState(brokerId=0, brokerEpoch=-1)), leaderRecoveryState=RECOVERED, partitionEpoch=0) (state.change.logger:66)
[2026-03-04 15:48:16,616] INFO [Controller id=0 epoch=1] Changed partition __consumer_offsets-19 from NewPartition to OnlinePartition with state LeaderAndIsr(leader=0, leaderEpoch=0, isrWithBrokerEpoch=List(BrokerState(brokerId=0, brokerEpoch=-1)), leaderRecoveryState=RECOVERED, partitionEpoch=0) (state.change.logger:66)
[2026-03-04 15:48:16,616] INFO [Controller id=0 epoch=1] Changed partition __consumer_offsets-11 from NewPartition to OnlinePartition with state LeaderAndIsr(leader=0, leaderEpoch=0, isrWithBrokerEpoch=List(BrokerState(brokerId=0, brokerEpoch=-1)), leaderRecoveryState=RECOVERED, partitionEpoch=0) (state.change.logger:66)
[2026-03-04 15:48:16,616] INFO [Controller id=0 epoch=1] Changed partition __consumer_offsets-13 from NewPartition to OnlinePartition with state LeaderAndIsr(leader=0, leaderEpoch=0, isrWithBrokerEpoch=List(BrokerState(brokerId=0, brokerEpoch=-1)), leaderRecoveryState=RECOVERED, partitionEpoch=0) (state.change.logger:66)
[2026-03-04 15:48:16,616] INFO [Controller id=0 epoch=1] Changed partition __consumer_offsets-2 from NewPartition to OnlinePartition with state LeaderAndIsr(leader=0, leaderEpoch=0, isrWithBrokerEpoch=List(BrokerState(brokerId=0, brokerEpoch=-1)), leaderRecoveryState=RECOVERED, partitionEpoch=0) (state.change.logger:66)
[2026-03-04 15:48:16,616] INFO [Controller id=0 epoch=1] Changed partition __consumer_offsets-43 from NewPartition to OnlinePartition with state LeaderAndIsr(leader=0, leaderEpoch=0, isrWithBrokerEpoch=List(BrokerState(brokerId=0, brokerEpoch=-1)), leaderRecoveryState=RECOVERED, partitionEpoch=0) (state.change.logger:66)
[2026-03-04 15:48:16,616] INFO [Controller id=0 epoch=1] Changed partition __consumer_offsets-6 from NewPartition to OnlinePartition with state LeaderAndIsr(leader=0, leaderEpoch=0, isrWithBrokerEpoch=List(BrokerState(brokerId=0, brokerEpoch=-1)), leaderRecoveryState=RECOVERED, partitionEpoch=0) (state.change.logger:66)
[2026-03-04 15:48:16,616] INFO [Controller id=0 epoch=1] Changed partition __consumer_offsets-14 from NewPartition to OnlinePartition with state LeaderAndIsr(leader=0, leaderEpoch=0, isrWithBrokerEpoch=List(BrokerState(brokerId=0, brokerEpoch=-1)), leaderRecoveryState=RECOVERED, partitionEpoch=0) (state.change.logger:66)
[2026-03-04 15:48:16,616] INFO [Controller id=0 epoch=1] Changed partition __consumer_offsets-20 from NewPartition to OnlinePartition with state LeaderAndIsr(leader=0, leaderEpoch=0, isrWithBrokerEpoch=List(BrokerState(brokerId=0, brokerEpoch=-1)), leaderRecoveryState=RECOVERED, partitionEpoch=0) (state.change.logger:66)
[2026-03-04 15:48:16,616] INFO [Controller id=0 epoch=1] Changed partition __consumer_offsets-0 from NewPartition to OnlinePartition with state LeaderAndIsr(leader=0, leaderEpoch=0, isrWithBrokerEpoch=List(BrokerState(brokerId=0, brokerEpoch=-1)), leaderRecoveryState=RECOVERED, partitionEpoch=0) (state.change.logger:66)
[2026-03-04 15:48:16,616] INFO [Controller id=0 epoch=1] Changed partition __consumer_offsets-44 from NewPartition to OnlinePartition with state LeaderAndIsr(leader=0, leaderEpoch=0, isrWithBrokerEpoch=List(BrokerState(brokerId=0, brokerEpoch=-1)), leaderRecoveryState=RECOVERED, partitionEpoch=0) (state.change.logger:66)
[2026-03-04 15:48:16,616] INFO [Controller id=0 epoch=1] Changed partition __consumer_offsets-39 from NewPartition to OnlinePartition with state LeaderAndIsr(leader=0, leaderEpoch=0, isrWithBrokerEpoch=List(BrokerState(brokerId=0, brokerEpoch=-1)), leaderRecoveryState=RECOVERED, partitionEpoch=0) (state.change.logger:66)
[2026-03-04 15:48:16,616] INFO [Controller id=0 epoch=1] Changed partition __consumer_offsets-12 from NewPartition to OnlinePartition with state LeaderAndIsr(leader=0, leaderEpoch=0, isrWithBrokerEpoch=List(BrokerState(brokerId=0, brokerEpoch=-1)), leaderRecoveryState=RECOVERED, partitionEpoch=0) (state.change.logger:66)
[2026-03-04 15:48:16,616] INFO [Controller id=0 epoch=1] Changed partition __consumer_offsets-45 from NewPartition to OnlinePartition with state LeaderAndIsr(leader=0, leaderEpoch=0, isrWithBrokerEpoch=List(BrokerState(brokerId=0, brokerEpoch=-1)), leaderRecoveryState=RECOVERED, partitionEpoch=0) (state.change.logger:66)
[2026-03-04 15:48:16,616] INFO [Controller id=0 epoch=1] Changed partition __consumer_offsets-1 from NewPartition to OnlinePartition with state LeaderAndIsr(leader=0, leaderEpoch=0, isrWithBrokerEpoch=List(BrokerState(brokerId=0, brokerEpoch=-1)), leaderRecoveryState=RECOVERED, partitionEpoch=0) (state.change.logger:66)
[2026-03-04 15:48:16,616] INFO [Controller id=0 epoch=1] Changed partition __consumer_offsets-5 from NewPartition to OnlinePartition with state LeaderAndIsr(leader=0, leaderEpoch=0, isrWithBrokerEpoch=List(BrokerState(brokerId=0, brokerEpoch=-1)), leaderRecoveryState=RECOVERED, partitionEpoch=0) (state.change.logger:66)
[2026-03-04 15:48:16,616] INFO [Controller id=0 epoch=1] Changed partition __consumer_offsets-26 from NewPartition to OnlinePartition with state LeaderAndIsr(leader=0, leaderEpoch=0, isrWithBrokerEpoch=List(BrokerState(brokerId=0, brokerEpoch=-1)), leaderRecoveryState=RECOVERED, partitionEpoch=0) (state.change.logger:66)
[2026-03-04 15:48:16,617] INFO [Controller id=0 epoch=1] Changed partition __consumer_offsets-29 from NewPartition to OnlinePartition with state LeaderAndIsr(leader=0, leaderEpoch=0, isrWithBrokerEpoch=List(BrokerState(brokerId=0, brokerEpoch=-1)), leaderRecoveryState=RECOVERED, partitionEpoch=0) (state.change.logger:66)
[2026-03-04 15:48:16,617] INFO [Controller id=0 epoch=1] Changed partition __consumer_offsets-34 from NewPartition to OnlinePartition with state LeaderAndIsr(leader=0, leaderEpoch=0, isrWithBrokerEpoch=List(BrokerState(brokerId=0, brokerEpoch=-1)), leaderRecoveryState=RECOVERED, partitionEpoch=0) (state.change.logger:66)
[2026-03-04 15:48:16,617] INFO [Controller id=0 epoch=1] Changed partition __consumer_offsets-10 from NewPartition to OnlinePartition with state LeaderAndIsr(leader=0, leaderEpoch=0, isrWithBrokerEpoch=List(BrokerState(brokerId=0, brokerEpoch=-1)), leaderRecoveryState=RECOVERED, partitionEpoch=0) (state.change.logger:66)
[2026-03-04 15:48:16,617] INFO [Controller id=0 epoch=1] Changed partition __consumer_offsets-32 from NewPartition to OnlinePartition with state LeaderAndIsr(leader=0, leaderEpoch=0, isrWithBrokerEpoch=List(BrokerState(brokerId=0, brokerEpoch=-1)), leaderRecoveryState=RECOVERED, partitionEpoch=0) (state.change.logger:66)
[2026-03-04 15:48:16,617] INFO [Controller id=0 epoch=1] Changed partition __consumer_offsets-40 from NewPartition to OnlinePartition with state LeaderAndIsr(leader=0, leaderEpoch=0, isrWithBrokerEpoch=List(BrokerState(brokerId=0, brokerEpoch=-1)), leaderRecoveryState=RECOVERED, partitionEpoch=0) (state.change.logger:66)
[2026-03-04 15:48:16,617] INFO [Controller id=0 epoch=1] Sending LeaderAndIsr request to broker 0 with 50 become-leader and 0 become-follower partitions (state.change.logger:66)
[2026-03-04 15:48:16,617] INFO [Controller id=0 epoch=1] Sending UpdateMetadata request to brokers Set(0) for 50 partitions (state.change.logger:66)
[2026-03-04 15:48:16,617] INFO [Controller id=0 epoch=1] Sending UpdateMetadata request to brokers Set() for 0 partitions (state.change.logger:66)
[2026-03-04 15:48:16,617] INFO [Broker id=0] Handling LeaderAndIsr request correlationId 7 from controller 0 for 50 partitions (state.change.logger:66)
[2026-03-04 15:48:16,618] INFO [ReplicaFetcherManager on broker 0] Removed fetcher for partitions Set(__consumer_offsets-22, __consumer_offsets-30, __consumer_offsets-8, __consumer_offsets-21, __consumer_offsets-4, __consumer_offsets-27, __consumer_offsets-7, __consumer_offsets-9, __consumer_offsets-46, __consumer_offsets-25, __consumer_offsets-35, __consumer_offsets-41, __consumer_offsets-33, __consumer_offsets-23, __consumer_offsets-49, __consumer_offsets-47, __consumer_offsets-16, __consumer_offsets-28, __consumer_offsets-31, __consumer_offsets-36, __consumer_offsets-42, __consumer_offsets-3, __consumer_offsets-18, __consumer_offsets-37, __consumer_offsets-15, __consumer_offsets-24, __consumer_offsets-38, __consumer_offsets-17, __consumer_offsets-48, __consumer_offsets-19, __consumer_offsets-11, __consumer_offsets-13, __consumer_offsets-2, __consumer_offsets-43, __consumer_offsets-6, __consumer_offsets-14, __consumer_offsets-20, __consumer_offsets-0, __consumer_offsets-44, __consumer_offsets-39, __consumer_offsets-12, __consumer_offsets-45, __consumer_offsets-1, __consumer_offsets-5, __consumer_offsets-26, __consumer_offsets-29, __consumer_offsets-34, __consumer_offsets-10, __consumer_offsets-32, __consumer_offsets-40) (kafka.server.ReplicaFetcherManager:66)
[2026-03-04 15:48:16,618] INFO [Broker id=0] Stopped fetchers as part of LeaderAndIsr request correlationId 7 from controller 0 epoch 1 as part of the become-leader transition for 50 partitions (state.change.logger:66)
[2026-03-04 15:48:16,619] INFO [LogLoader partition=__consumer_offsets-0, dir=/tmp/EmbeddedKafkaCluster2815493917284875739] Loading producer state till offset 0 with message format version 2 (kafka.log.UnifiedLog$:1937)
[2026-03-04 15:48:16,619] INFO Created log for partition __consumer_offsets-0 in /tmp/EmbeddedKafkaCluster2815493917284875739/__consumer_offsets-0 with properties {cleanup.policy=compact, compression.type="producer", segment.bytes=104857600} (kafka.log.LogManager:66)
[2026-03-04 15:48:16,619] INFO [Partition __consumer_offsets-0 broker=0] No checkpointed highwatermark is found for partition __consumer_offsets-0 (kafka.cluster.Partition:66)
[2026-03-04 15:48:16,619] INFO [Partition __consumer_offsets-0 broker=0] Log loaded for partition __consumer_offsets-0 with initial high watermark 0 (kafka.cluster.Partition:66)
[2026-03-04 15:48:16,619] INFO [Broker id=0] Leader __consumer_offsets-0 with topic id Some(yRozCZZXQUGiCYzkKkOymA) starts at leader epoch 0 from offset 0 with partition epoch 0, high watermark 0, ISR [0], adding replicas [] and removing replicas [] . Previous leader None and previous leader epoch was -1. (state.change.logger:66)
[2026-03-04 15:48:16,620] INFO [LogLoader partition=__consumer_offsets-29, dir=/tmp/EmbeddedKafkaCluster2815493917284875739] Loading producer state till offset 0 with message format version 2 (kafka.log.UnifiedLog$:1937)
[2026-03-04 15:48:16,620] INFO Created log for partition __consumer_offsets-29 in /tmp/EmbeddedKafkaCluster2815493917284875739/__consumer_offsets-29 with properties {cleanup.policy=compact, compression.type="producer", segment.bytes=104857600} (kafka.log.LogManager:66)
[2026-03-04 15:48:16,620] INFO [Partition __consumer_offsets-29 broker=0] No checkpointed highwatermark is found for partition __consumer_offsets-29 (kafka.cluster.Partition:66)
[2026-03-04 15:48:16,620] INFO [Partition __consumer_offsets-29 broker=0] Log loaded for partition __consumer_offsets-29 with initial high watermark 0 (kafka.cluster.Partition:66)
[2026-03-04 15:48:16,620] INFO [Broker id=0] Leader __consumer_offsets-29 with topic id Some(yRozCZZXQUGiCYzkKkOymA) starts at leader epoch 0 from offset 0 with partition epoch 0, high watermark 0, ISR [0], adding replicas [] and removing replicas [] . Previous leader None and previous leader epoch was -1. (state.change.logger:66)
[2026-03-04 15:48:16,621] INFO [LogLoader partition=__consumer_offsets-48, dir=/tmp/EmbeddedKafkaCluster2815493917284875739] Loading producer state till offset 0 with message format version 2 (kafka.log.UnifiedLog$:1937)
[2026-03-04 15:48:16,621] INFO Created log for partition __consumer_offsets-48 in /tmp/EmbeddedKafkaCluster2815493917284875739/__consumer_offsets-48 with properties {cleanup.policy=compact, compression.type="producer", segment.bytes=104857600} (kafka.log.LogManager:66)
[2026-03-04 15:48:16,621] INFO [Partition __consumer_offsets-48 broker=0] No checkpointed highwatermark is found for partition __consumer_offsets-48 (kafka.cluster.Partition:66)
[2026-03-04 15:48:16,621] INFO [Partition __consumer_offsets-48 broker=0] Log loaded for partition __consumer_offsets-48 with initial high watermark 0 (kafka.cluster.Partition:66)
[2026-03-04 15:48:16,621] INFO [Broker id=0] Leader __consumer_offsets-48 with topic id Some(yRozCZZXQUGiCYzkKkOymA) starts at leader epoch 0 from offset 0 with partition epoch 0, high watermark 0, ISR [0], adding replicas [] and removing replicas [] . Previous leader None and previous leader epoch was -1. (state.change.logger:66)
[2026-03-04 15:48:16,621] INFO [LogLoader partition=__consumer_offsets-10, dir=/tmp/EmbeddedKafkaCluster2815493917284875739] Loading producer state till offset 0 with message format version 2 (kafka.log.UnifiedLog$:1937)
[2026-03-04 15:48:16,621] INFO Created log for partition __consumer_offsets-10 in /tmp/EmbeddedKafkaCluster2815493917284875739/__consumer_offsets-10 with properties {cleanup.policy=compact, compression.type="producer", segment.bytes=104857600} (kafka.log.LogManager:66)
[2026-03-04 15:48:16,621] INFO [Partition __consumer_offsets-10 broker=0] No checkpointed highwatermark is found for partition __consumer_offsets-10 (kafka.cluster.Partition:66)
[2026-03-04 15:48:16,621] INFO [Partition __consumer_offsets-10 broker=0] Log loaded for partition __consumer_offsets-10 with initial high watermark 0 (kafka.cluster.Partition:66)
[2026-03-04 15:48:16,621] INFO [Broker id=0] Leader __consumer_offsets-10 with topic id Some(yRozCZZXQUGiCYzkKkOymA) starts at leader epoch 0 from offset 0 with partition epoch 0, high watermark 0, ISR [0], adding replicas [] and removing replicas [] . Previous leader None and previous leader epoch was -1. (state.change.logger:66)
[2026-03-04 15:48:16,622] INFO [LogLoader partition=__consumer_offsets-45, dir=/tmp/EmbeddedKafkaCluster2815493917284875739] Loading producer state till offset 0 with message format version 2 (kafka.log.UnifiedLog$:1937)
[2026-03-04 15:48:16,622] INFO Created log for partition __consumer_offsets-45 in /tmp/EmbeddedKafkaCluster2815493917284875739/__consumer_offsets-45 with properties {cleanup.policy=compact, compression.type="producer", segment.bytes=104857600} (kafka.log.LogManager:66)
[2026-03-04 15:48:16,622] INFO [Partition __consumer_offsets-45 broker=0] No checkpointed highwatermark is found for partition __consumer_offsets-45 (kafka.cluster.Partition:66)
[2026-03-04 15:48:16,622] INFO [Partition __consumer_offsets-45 broker=0] Log loaded for partition __consumer_offsets-45 with initial high watermark 0 (kafka.cluster.Partition:66)
[2026-03-04 15:48:16,622] INFO [Broker id=0] Leader __consumer_offsets-45 with topic id Some(yRozCZZXQUGiCYzkKkOymA) starts at leader epoch 0 from offset 0 with partition epoch 0, high watermark 0, ISR [0], adding replicas [] and removing replicas [] . Previous leader None and previous leader epoch was -1. (state.change.logger:66)
[2026-03-04 15:48:16,623] INFO [LogLoader partition=__consumer_offsets-26, dir=/tmp/EmbeddedKafkaCluster2815493917284875739] Loading producer state till offset 0 with message format version 2 (kafka.log.UnifiedLog$:1937)
[2026-03-04 15:48:16,623] INFO Created log for partition __consumer_offsets-26 in /tmp/EmbeddedKafkaCluster2815493917284875739/__consumer_offsets-26 with properties {cleanup.policy=compact, compression.type="producer", segment.bytes=104857600} (kafka.log.LogManager:66)
[2026-03-04 15:48:16,623] INFO [Partition __consumer_offsets-26 broker=0] No checkpointed highwatermark is found for partition __consumer_offsets-26 (kafka.cluster.Partition:66)
[2026-03-04 15:48:16,623] INFO [Partition __consumer_offsets-26 broker=0] Log loaded for partition __consumer_offsets-26 with initial high watermark 0 (kafka.cluster.Partition:66)
[2026-03-04 15:48:16,623] INFO [Broker id=0] Leader __consumer_offsets-26 with topic id Some(yRozCZZXQUGiCYzkKkOymA) starts at leader epoch 0 from offset 0 with partition epoch 0, high watermark 0, ISR [0], adding replicas [] and removing replicas [] . Previous leader None and previous leader epoch was -1. (state.change.logger:66)
[2026-03-04 15:48:16,623] INFO [LogLoader partition=__consumer_offsets-7, dir=/tmp/EmbeddedKafkaCluster2815493917284875739] Loading producer state till offset 0 with message format version 2 (kafka.log.UnifiedLog$:1937)
[2026-03-04 15:48:16,623] INFO Created log for partition __consumer_offsets-7 in /tmp/EmbeddedKafkaCluster2815493917284875739/__consumer_offsets-7 with properties {cleanup.policy=compact, compression.type="producer", segment.bytes=104857600} (kafka.log.LogManager:66)
[2026-03-04 15:48:16,623] INFO [Partition __consumer_offsets-7 broker=0] No checkpointed highwatermark is found for partition __consumer_offsets-7 (kafka.cluster.Partition:66)
[2026-03-04 15:48:16,623] INFO [Partition __consumer_offsets-7 broker=0] Log loaded for partition __consumer_offsets-7 with initial high watermark 0 (kafka.cluster.Partition:66)
[2026-03-04 15:48:16,623] INFO [Broker id=0] Leader __consumer_offsets-7 with topic id Some(yRozCZZXQUGiCYzkKkOymA) starts at leader epoch 0 from offset 0 with partition epoch 0, high watermark 0, ISR [0], adding replicas [] and removing replicas [] . Previous leader None and previous leader epoch was -1. (state.change.logger:66)
[2026-03-04 15:48:16,624] INFO [LogLoader partition=__consumer_offsets-42, dir=/tmp/EmbeddedKafkaCluster2815493917284875739] Loading producer state till offset 0 with message format version 2 (kafka.log.UnifiedLog$:1937)
[2026-03-04 15:48:16,624] INFO Created log for partition __consumer_offsets-42 in /tmp/EmbeddedKafkaCluster2815493917284875739/__consumer_offsets-42 with properties {cleanup.policy=compact, compression.type="producer", segment.bytes=104857600} (kafka.log.LogManager:66)
[2026-03-04 15:48:16,624] INFO [Partition __consumer_offsets-42 broker=0] No checkpointed highwatermark is found for partition __consumer_offsets-42 (kafka.cluster.Partition:66)
[2026-03-04 15:48:16,624] INFO [Partition __consumer_offsets-42 broker=0] Log loaded for partition __consumer_offsets-42 with initial high watermark 0 (kafka.cluster.Partition:66)
[2026-03-04 15:48:16,624] INFO [Broker id=0] Leader __consumer_offsets-42 with topic id Some(yRozCZZXQUGiCYzkKkOymA) starts at leader epoch 0 from offset 0 with partition epoch 0, high watermark 0, ISR [0], adding replicas [] and removing replicas [] . Previous leader None and previous leader epoch was -1. (state.change.logger:66)
[2026-03-04 15:48:16,624] INFO [LogLoader partition=__consumer_offsets-4, dir=/tmp/EmbeddedKafkaCluster2815493917284875739] Loading producer state till offset 0 with message format version 2 (kafka.log.UnifiedLog$:1937)
[2026-03-04 15:48:16,624] INFO Created log for partition __consumer_offsets-4 in /tmp/EmbeddedKafkaCluster2815493917284875739/__consumer_offsets-4 with properties {cleanup.policy=compact, compression.type="producer", segment.bytes=104857600} (kafka.log.LogManager:66)
[2026-03-04 15:48:16,625] INFO [Partition __consumer_offsets-4 broker=0] No checkpointed highwatermark is found for partition __consumer_offsets-4 (kafka.cluster.Partition:66)
[2026-03-04 15:48:16,625] INFO [Partition __consumer_offsets-4 broker=0] Log loaded for partition __consumer_offsets-4 with initial high watermark 0 (kafka.cluster.Partition:66)
[2026-03-04 15:48:16,625] INFO [Broker id=0] Leader __consumer_offsets-4 with topic id Some(yRozCZZXQUGiCYzkKkOymA) starts at leader epoch 0 from offset 0 with partition epoch 0, high watermark 0, ISR [0], adding replicas [] and removing replicas [] . Previous leader None and previous leader epoch was -1. (state.change.logger:66)
[2026-03-04 15:48:16,625] INFO [LogLoader partition=__consumer_offsets-23, dir=/tmp/EmbeddedKafkaCluster2815493917284875739] Loading producer state till offset 0 with message format version 2 (kafka.log.UnifiedLog$:1937)
[2026-03-04 15:48:16,625] INFO Created log for partition __consumer_offsets-23 in /tmp/EmbeddedKafkaCluster2815493917284875739/__consumer_offsets-23 with properties {cleanup.policy=compact, compression.type="producer", segment.bytes=104857600} (kafka.log.LogManager:66)
[2026-03-04 15:48:16,625] INFO [Partition __consumer_offsets-23 broker=0] No checkpointed highwatermark is found for partition __consumer_offsets-23 (kafka.cluster.Partition:66)
[2026-03-04 15:48:16,625] INFO [Partition __consumer_offsets-23 broker=0] Log loaded for partition __consumer_offsets-23 with initial high watermark 0 (kafka.cluster.Partition:66)
[2026-03-04 15:48:16,625] INFO [Broker id=0] Leader __consumer_offsets-23 with topic id Some(yRozCZZXQUGiCYzkKkOymA) starts at leader epoch 0 from offset 0 with partition epoch 0, high watermark 0, ISR [0], adding replicas [] and removing replicas [] . Previous leader None and previous leader epoch was -1. (state.change.logger:66)
[2026-03-04 15:48:16,626] INFO [LogLoader partition=__consumer_offsets-1, dir=/tmp/EmbeddedKafkaCluster2815493917284875739] Loading producer state till offset 0 with message format version 2 (kafka.log.UnifiedLog$:1937)
[2026-03-04 15:48:16,626] INFO Created log for partition __consumer_offsets-1 in /tmp/EmbeddedKafkaCluster2815493917284875739/__consumer_offsets-1 with properties {cleanup.policy=compact, compression.type="producer", segment.bytes=104857600} (kafka.log.LogManager:66)
[2026-03-04 15:48:16,626] INFO [Partition __consumer_offsets-1 broker=0] No checkpointed highwatermark is found for partition __consumer_offsets-1 (kafka.cluster.Partition:66)
[2026-03-04 15:48:16,626] INFO [Partition __consumer_offsets-1 broker=0] Log loaded for partition __consumer_offsets-1 with initial high watermark 0 (kafka.cluster.Partition:66)
[2026-03-04 15:48:16,626] INFO [Broker id=0] Leader __consumer_offsets-1 with topic id Some(yRozCZZXQUGiCYzkKkOymA) starts at leader epoch 0 from offset 0 with partition epoch 0, high watermark 0, ISR [0], adding replicas [] and removing replicas [] . Previous leader None and previous leader epoch was -1. (state.change.logger:66)
[2026-03-04 15:48:16,626] INFO [LogLoader partition=__consumer_offsets-20, dir=/tmp/EmbeddedKafkaCluster2815493917284875739] Loading producer state till offset 0 with message format version 2 (kafka.log.UnifiedLog$:1937)
[2026-03-04 15:48:16,626] INFO Created log for partition __consumer_offsets-20 in /tmp/EmbeddedKafkaCluster2815493917284875739/__consumer_offsets-20 with properties {cleanup.policy=compact, compression.type="producer", segment.bytes=104857600} (kafka.log.LogManager:66)
[2026-03-04 15:48:16,626] INFO [Partition __consumer_offsets-20 broker=0] No checkpointed highwatermark is found for partition __consumer_offsets-20 (kafka.cluster.Partition:66)
[2026-03-04 15:48:16,626] INFO [Partition __consumer_offsets-20 broker=0] Log loaded for partition __consumer_offsets-20 with initial high watermark 0 (kafka.cluster.Partition:66)
[2026-03-04 15:48:16,626] INFO [Broker id=0] Leader __consumer_offsets-20 with topic id Some(yRozCZZXQUGiCYzkKkOymA) starts at leader epoch 0 from offset 0 with partition epoch 0, high watermark 0, ISR [0], adding replicas [] and removing replicas [] . Previous leader None and previous leader epoch was -1. (state.change.logger:66)
[2026-03-04 15:48:16,627] INFO [LogLoader partition=__consumer_offsets-39, dir=/tmp/EmbeddedKafkaCluster2815493917284875739] Loading producer state till offset 0 with message format version 2 (kafka.log.UnifiedLog$:1937)
[2026-03-04 15:48:16,627] INFO Created log for partition __consumer_offsets-39 in /tmp/EmbeddedKafkaCluster2815493917284875739/__consumer_offsets-39 with properties {cleanup.policy=compact, compression.type="producer", segment.bytes=104857600} (kafka.log.LogManager:66)
[2026-03-04 15:48:16,627] INFO [Partition __consumer_offsets-39 broker=0] No checkpointed highwatermark is found for partition __consumer_offsets-39 (kafka.cluster.Partition:66)
[2026-03-04 15:48:16,627] INFO [Partition __consumer_offsets-39 broker=0] Log loaded for partition __consumer_offsets-39 with initial high watermark 0 (kafka.cluster.Partition:66)
[2026-03-04 15:48:16,627] INFO [Broker id=0] Leader __consumer_offsets-39 with topic id Some(yRozCZZXQUGiCYzkKkOymA) starts at leader epoch 0 from offset 0 with partition epoch 0, high watermark 0, ISR [0], adding replicas [] and removing replicas [] . Previous leader None and previous leader epoch was -1. (state.change.logger:66)
[2026-03-04 15:48:16,628] INFO [LogLoader partition=__consumer_offsets-17, dir=/tmp/EmbeddedKafkaCluster2815493917284875739] Loading producer state till offset 0 with message format version 2 (kafka.log.UnifiedLog$:1937)
[2026-03-04 15:48:16,628] INFO Created log for partition __consumer_offsets-17 in /tmp/EmbeddedKafkaCluster2815493917284875739/__consumer_offsets-17 with properties {cleanup.policy=compact, compression.type="producer", segment.bytes=104857600} (kafka.log.LogManager:66)
[2026-03-04 15:48:16,628] INFO [Partition __consumer_offsets-17 broker=0] No checkpointed highwatermark is found for partition __consumer_offsets-17 (kafka.cluster.Partition:66)
[2026-03-04 15:48:16,628] INFO [Partition __consumer_offsets-17 broker=0] Log loaded for partition __consumer_offsets-17 with initial high watermark 0 (kafka.cluster.Partition:66)
[2026-03-04 15:48:16,628] INFO [Broker id=0] Leader __consumer_offsets-17 with topic id Some(yRozCZZXQUGiCYzkKkOymA) starts at leader epoch 0 from offset 0 with partition epoch 0, high watermark 0, ISR [0], adding replicas [] and removing replicas [] . Previous leader None and previous leader epoch was -1. (state.change.logger:66)
[2026-03-04 15:48:16,629] INFO [LogLoader partition=__consumer_offsets-36, dir=/tmp/EmbeddedKafkaCluster2815493917284875739] Loading producer state till offset 0 with message format version 2 (kafka.log.UnifiedLog$:1937)
[2026-03-04 15:48:16,629] INFO Created log for partition __consumer_offsets-36 in /tmp/EmbeddedKafkaCluster2815493917284875739/__consumer_offsets-36 with properties {cleanup.policy=compact, compression.type="producer", segment.bytes=104857600} (kafka.log.LogManager:66)
[2026-03-04 15:48:16,629] INFO [Partition __consumer_offsets-36 broker=0] No checkpointed highwatermark is found for partition __consumer_offsets-36 (kafka.cluster.Partition:66)
[2026-03-04 15:48:16,629] INFO [Partition __consumer_offsets-36 broker=0] Log loaded for partition __consumer_offsets-36 with initial high watermark 0 (kafka.cluster.Partition:66)
[2026-03-04 15:48:16,629] INFO [Broker id=0] Leader __consumer_offsets-36 with topic id Some(yRozCZZXQUGiCYzkKkOymA) starts at leader epoch 0 from offset 0 with partition epoch 0, high watermark 0, ISR [0], adding replicas [] and removing replicas [] . Previous leader None and previous leader epoch was -1. (state.change.logger:66)
[2026-03-04 15:48:16,629] INFO [LogLoader partition=__consumer_offsets-14, dir=/tmp/EmbeddedKafkaCluster2815493917284875739] Loading producer state till offset 0 with message format version 2 (kafka.log.UnifiedLog$:1937)
[2026-03-04 15:48:16,629] INFO Created log for partition __consumer_offsets-14 in /tmp/EmbeddedKafkaCluster2815493917284875739/__consumer_offsets-14 with properties {cleanup.policy=compact, compression.type="producer", segment.bytes=104857600} (kafka.log.LogManager:66)
[2026-03-04 15:48:16,629] INFO [Partition __consumer_offsets-14 broker=0] No checkpointed highwatermark is found for partition __consumer_offsets-14 (kafka.cluster.Partition:66)
[2026-03-04 15:48:16,629] INFO [Partition __consumer_offsets-14 broker=0] Log loaded for partition __consumer_offsets-14 with initial high watermark 0 (kafka.cluster.Partition:66)
[2026-03-04 15:48:16,629] INFO [Broker id=0] Leader __consumer_offsets-14 with topic id Some(yRozCZZXQUGiCYzkKkOymA) starts at leader epoch 0 from offset 0 with partition epoch 0, high watermark 0, ISR [0], adding replicas [] and removing replicas [] . Previous leader None and previous leader epoch was -1. (state.change.logger:66)
[2026-03-04 15:48:16,630] INFO [LogLoader partition=__consumer_offsets-33, dir=/tmp/EmbeddedKafkaCluster2815493917284875739] Loading producer state till offset 0 with message format version 2 (kafka.log.UnifiedLog$:1937)
[2026-03-04 15:48:16,630] INFO Created log for partition __consumer_offsets-33 in /tmp/EmbeddedKafkaCluster2815493917284875739/__consumer_offsets-33 with properties {cleanup.policy=compact, compression.type="producer", segment.bytes=104857600} (kafka.log.LogManager:66)
[2026-03-04 15:48:16,630] INFO [Partition __consumer_offsets-33 broker=0] No checkpointed highwatermark is found for partition __consumer_offsets-33 (kafka.cluster.Partition:66)
[2026-03-04 15:48:16,630] INFO [Partition __consumer_offsets-33 broker=0] Log loaded for partition __consumer_offsets-33 with initial high watermark 0 (kafka.cluster.Partition:66)
[2026-03-04 15:48:16,630] INFO [Broker id=0] Leader __consumer_offsets-33 with topic id Some(yRozCZZXQUGiCYzkKkOymA) starts at leader epoch 0 from offset 0 with partition epoch 0, high watermark 0, ISR [0], adding replicas [] and removing replicas [] . Previous leader None and previous leader epoch was -1. (state.change.logger:66)
[2026-03-04 15:48:16,630] INFO [LogLoader partition=__consumer_offsets-49, dir=/tmp/EmbeddedKafkaCluster2815493917284875739] Loading producer state till offset 0 with message format version 2 (kafka.log.UnifiedLog$:1937)
[2026-03-04 15:48:16,630] INFO Created log for partition __consumer_offsets-49 in /tmp/EmbeddedKafkaCluster2815493917284875739/__consumer_offsets-49 with properties {cleanup.policy=compact, compression.type="producer", segment.bytes=104857600} (kafka.log.LogManager:66)
[2026-03-04 15:48:16,630] INFO [Partition __consumer_offsets-49 broker=0] No checkpointed highwatermark is found for partition __consumer_offsets-49 (kafka.cluster.Partition:66)
[2026-03-04 15:48:16,630] INFO [Partition __consumer_offsets-49 broker=0] Log loaded for partition __consumer_offsets-49 with initial high watermark 0 (kafka.cluster.Partition:66)
[2026-03-04 15:48:16,630] INFO [Broker id=0] Leader __consumer_offsets-49 with topic id Some(yRozCZZXQUGiCYzkKkOymA) starts at leader epoch 0 from offset 0 with partition epoch 0, high watermark 0, ISR [0], adding replicas [] and removing replicas [] . Previous leader None and previous leader epoch was -1. (state.change.logger:66)
[2026-03-04 15:48:16,631] INFO [LogLoader partition=__consumer_offsets-11, dir=/tmp/EmbeddedKafkaCluster2815493917284875739] Loading producer state till offset 0 with message format version 2 (kafka.log.UnifiedLog$:1937)
[2026-03-04 15:48:16,631] INFO Created log for partition __consumer_offsets-11 in /tmp/EmbeddedKafkaCluster2815493917284875739/__consumer_offsets-11 with properties {cleanup.policy=compact, compression.type="producer", segment.bytes=104857600} (kafka.log.LogManager:66)
[2026-03-04 15:48:16,631] INFO [Partition __consumer_offsets-11 broker=0] No checkpointed highwatermark is found for partition __consumer_offsets-11 (kafka.cluster.Partition:66)
[2026-03-04 15:48:16,631] INFO [Partition __consumer_offsets-11 broker=0] Log loaded for partition __consumer_offsets-11 with initial high watermark 0 (kafka.cluster.Partition:66)
[2026-03-04 15:48:16,631] INFO [Broker id=0] Leader __consumer_offsets-11 with topic id Some(yRozCZZXQUGiCYzkKkOymA) starts at leader epoch 0 from offset 0 with partition epoch 0, high watermark 0, ISR [0], adding replicas [] and removing replicas [] . Previous leader None and previous leader epoch was -1. (state.change.logger:66)
[2026-03-04 15:48:16,631] INFO [LogLoader partition=__consumer_offsets-30, dir=/tmp/EmbeddedKafkaCluster2815493917284875739] Loading producer state till offset 0 with message format version 2 (kafka.log.UnifiedLog$:1937)
[2026-03-04 15:48:16,631] INFO Created log for partition __consumer_offsets-30 in /tmp/EmbeddedKafkaCluster2815493917284875739/__consumer_offsets-30 with properties {cleanup.policy=compact, compression.type="producer", segment.bytes=104857600} (kafka.log.LogManager:66)
[2026-03-04 15:48:16,631] INFO [Partition __consumer_offsets-30 broker=0] No checkpointed highwatermark is found for partition __consumer_offsets-30 (kafka.cluster.Partition:66)
[2026-03-04 15:48:16,632] INFO [Partition __consumer_offsets-30 broker=0] Log loaded for partition __consumer_offsets-30 with initial high watermark 0 (kafka.cluster.Partition:66)
[2026-03-04 15:48:16,632] INFO [Broker id=0] Leader __consumer_offsets-30 with topic id Some(yRozCZZXQUGiCYzkKkOymA) starts at leader epoch 0 from offset 0 with partition epoch 0, high watermark 0, ISR [0], adding replicas [] and removing replicas [] . Previous leader None and previous leader epoch was -1. (state.change.logger:66)
[2026-03-04 15:48:16,632] INFO [LogLoader partition=__consumer_offsets-46, dir=/tmp/EmbeddedKafkaCluster2815493917284875739] Loading producer state till offset 0 with message format version 2 (kafka.log.UnifiedLog$:1937)
[2026-03-04 15:48:16,632] INFO Created log for partition __consumer_offsets-46 in /tmp/EmbeddedKafkaCluster2815493917284875739/__consumer_offsets-46 with properties {cleanup.policy=compact, compression.type="producer", segment.bytes=104857600} (kafka.log.LogManager:66)
[2026-03-04 15:48:16,632] INFO [Partition __consumer_offsets-46 broker=0] No checkpointed highwatermark is found for partition __consumer_offsets-46 (kafka.cluster.Partition:66)
[2026-03-04 15:48:16,632] INFO [Partition __consumer_offsets-46 broker=0] Log loaded for partition __consumer_offsets-46 with initial high watermark 0 (kafka.cluster.Partition:66)
[2026-03-04 15:48:16,632] INFO [Broker id=0] Leader __consumer_offsets-46 with topic id Some(yRozCZZXQUGiCYzkKkOymA) starts at leader epoch 0 from offset 0 with partition epoch 0, high watermark 0, ISR [0], adding replicas [] and removing replicas [] . Previous leader None and previous leader epoch was -1. (state.change.logger:66)
[2026-03-04 15:48:16,633] INFO [LogLoader partition=__consumer_offsets-27, dir=/tmp/EmbeddedKafkaCluster2815493917284875739] Loading producer state till offset 0 with message format version 2 (kafka.log.UnifiedLog$:1937)
[2026-03-04 15:48:16,633] INFO Created log for partition __consumer_offsets-27 in /tmp/EmbeddedKafkaCluster2815493917284875739/__consumer_offsets-27 with properties {cleanup.policy=compact, compression.type="producer", segment.bytes=104857600} (kafka.log.LogManager:66)
[2026-03-04 15:48:16,633] INFO [Partition __consumer_offsets-27 broker=0] No checkpointed highwatermark is found for partition __consumer_offsets-27 (kafka.cluster.Partition:66)
[2026-03-04 15:48:16,633] INFO [Partition __consumer_offsets-27 broker=0] Log loaded for partition __consumer_offsets-27 with initial high watermark 0 (kafka.cluster.Partition:66)
[2026-03-04 15:48:16,633] INFO [Broker id=0] Leader __consumer_offsets-27 with topic id Some(yRozCZZXQUGiCYzkKkOymA) starts at leader epoch 0 from offset 0 with partition epoch 0, high watermark 0, ISR [0], adding replicas [] and removing replicas [] . Previous leader None and previous leader epoch was -1. (state.change.logger:66)
[2026-03-04 15:48:16,633] INFO [LogLoader partition=__consumer_offsets-8, dir=/tmp/EmbeddedKafkaCluster2815493917284875739] Loading producer state till offset 0 with message format version 2 (kafka.log.UnifiedLog$:1937)
[2026-03-04 15:48:16,633] INFO Created log for partition __consumer_offsets-8 in /tmp/EmbeddedKafkaCluster2815493917284875739/__consumer_offsets-8 with properties {cleanup.policy=compact, compression.type="producer", segment.bytes=104857600} (kafka.log.LogManager:66)
[2026-03-04 15:48:16,633] INFO [Partition __consumer_offsets-8 broker=0] No checkpointed highwatermark is found for partition __consumer_offsets-8 (kafka.cluster.Partition:66)
[2026-03-04 15:48:16,633] INFO [Partition __consumer_offsets-8 broker=0] Log loaded for partition __consumer_offsets-8 with initial high watermark 0 (kafka.cluster.Partition:66)
[2026-03-04 15:48:16,633] INFO [Broker id=0] Leader __consumer_offsets-8 with topic id Some(yRozCZZXQUGiCYzkKkOymA) starts at leader epoch 0 from offset 0 with partition epoch 0, high watermark 0, ISR [0], adding replicas [] and removing replicas [] . Previous leader None and previous leader epoch was -1. (state.change.logger:66)
[2026-03-04 15:48:16,634] INFO [LogLoader partition=__consumer_offsets-24, dir=/tmp/EmbeddedKafkaCluster2815493917284875739] Loading producer state till offset 0 with message format version 2 (kafka.log.UnifiedLog$:1937)
[2026-03-04 15:48:16,634] INFO Created log for partition __consumer_offsets-24 in /tmp/EmbeddedKafkaCluster2815493917284875739/__consumer_offsets-24 with properties {cleanup.policy=compact, compression.type="producer", segment.bytes=104857600} (kafka.log.LogManager:66)
[2026-03-04 15:48:16,634] INFO [Partition __consumer_offsets-24 broker=0] No checkpointed highwatermark is found for partition __consumer_offsets-24 (kafka.cluster.Partition:66)
[2026-03-04 15:48:16,634] INFO [Partition __consumer_offsets-24 broker=0] Log loaded for partition __consumer_offsets-24 with initial high watermark 0 (kafka.cluster.Partition:66)
[2026-03-04 15:48:16,634] INFO [Broker id=0] Leader __consumer_offsets-24 with topic id Some(yRozCZZXQUGiCYzkKkOymA) starts at leader epoch 0 from offset 0 with partition epoch 0, high watermark 0, ISR [0], adding replicas [] and removing replicas [] . Previous leader None and previous leader epoch was -1. (state.change.logger:66)
[2026-03-04 15:48:16,634] INFO [LogLoader partition=__consumer_offsets-43, dir=/tmp/EmbeddedKafkaCluster2815493917284875739] Loading producer state till offset 0 with message format version 2 (kafka.log.UnifiedLog$:1937)
[2026-03-04 15:48:16,634] INFO Created log for partition __consumer_offsets-43 in /tmp/EmbeddedKafkaCluster2815493917284875739/__consumer_offsets-43 with properties {cleanup.policy=compact, compression.type="producer", segment.bytes=104857600} (kafka.log.LogManager:66)
[2026-03-04 15:48:16,634] INFO [Partition __consumer_offsets-43 broker=0] No checkpointed highwatermark is found for partition __consumer_offsets-43 (kafka.cluster.Partition:66)
[2026-03-04 15:48:16,634] INFO [Partition __consumer_offsets-43 broker=0] Log loaded for partition __consumer_offsets-43 with initial high watermark 0 (kafka.cluster.Partition:66)
[2026-03-04 15:48:16,634] INFO [Broker id=0] Leader __consumer_offsets-43 with topic id Some(yRozCZZXQUGiCYzkKkOymA) starts at leader epoch 0 from offset 0 with partition epoch 0, high watermark 0, ISR [0], adding replicas [] and removing replicas [] . Previous leader None and previous leader epoch was -1. (state.change.logger:66)
[2026-03-04 15:48:16,635] INFO [LogLoader partition=__consumer_offsets-5, dir=/tmp/EmbeddedKafkaCluster2815493917284875739] Loading producer state till offset 0 with message format version 2 (kafka.log.UnifiedLog$:1937)
[2026-03-04 15:48:16,635] INFO Created log for partition __consumer_offsets-5 in /tmp/EmbeddedKafkaCluster2815493917284875739/__consumer_offsets-5 with properties {cleanup.policy=compact, compression.type="producer", segment.bytes=104857600} (kafka.log.LogManager:66)
[2026-03-04 15:48:16,635] INFO [Partition __consumer_offsets-5 broker=0] No checkpointed highwatermark is found for partition __consumer_offsets-5 (kafka.cluster.Partition:66)
[2026-03-04 15:48:16,635] INFO [Partition __consumer_offsets-5 broker=0] Log loaded for partition __consumer_offsets-5 with initial high watermark 0 (kafka.cluster.Partition:66)
[2026-03-04 15:48:16,635] INFO [Broker id=0] Leader __consumer_offsets-5 with topic id Some(yRozCZZXQUGiCYzkKkOymA) starts at leader epoch 0 from offset 0 with partition epoch 0, high watermark 0, ISR [0], adding replicas [] and removing replicas [] . Previous leader None and previous leader epoch was -1. (state.change.logger:66)
[2026-03-04 15:48:16,635] INFO [LogLoader partition=__consumer_offsets-21, dir=/tmp/EmbeddedKafkaCluster2815493917284875739] Loading producer state till offset 0 with message format version 2 (kafka.log.UnifiedLog$:1937)
[2026-03-04 15:48:16,635] INFO Created log for partition __consumer_offsets-21 in /tmp/EmbeddedKafkaCluster2815493917284875739/__consumer_offsets-21 with properties {cleanup.policy=compact, compression.type="producer", segment.bytes=104857600} (kafka.log.LogManager:66)
[2026-03-04 15:48:16,635] INFO [Partition __consumer_offsets-21 broker=0] No checkpointed highwatermark is found for partition __consumer_offsets-21 (kafka.cluster.Partition:66)
[2026-03-04 15:48:16,635] INFO [Partition __consumer_offsets-21 broker=0] Log loaded for partition __consumer_offsets-21 with initial high watermark 0 (kafka.cluster.Partition:66)
[2026-03-04 15:48:16,635] INFO [Broker id=0] Leader __consumer_offsets-21 with topic id Some(yRozCZZXQUGiCYzkKkOymA) starts at leader epoch 0 from offset 0 with partition epoch 0, high watermark 0, ISR [0], adding replicas [] and removing replicas [] . Previous leader None and previous leader epoch was -1. (state.change.logger:66)
[2026-03-04 15:48:16,636] INFO [LogLoader partition=__consumer_offsets-40, dir=/tmp/EmbeddedKafkaCluster2815493917284875739] Loading producer state till offset 0 with message format version 2 (kafka.log.UnifiedLog$:1937)
[2026-03-04 15:48:16,636] INFO Created log for partition __consumer_offsets-40 in /tmp/EmbeddedKafkaCluster2815493917284875739/__consumer_offsets-40 with properties {cleanup.policy=compact, compression.type="producer", segment.bytes=104857600} (kafka.log.LogManager:66)
[2026-03-04 15:48:16,636] INFO [Partition __consumer_offsets-40 broker=0] No checkpointed highwatermark is found for partition __consumer_offsets-40 (kafka.cluster.Partition:66)
[2026-03-04 15:48:16,636] INFO [Partition __consumer_offsets-40 broker=0] Log loaded for partition __consumer_offsets-40 with initial high watermark 0 (kafka.cluster.Partition:66)
[2026-03-04 15:48:16,636] INFO [Broker id=0] Leader __consumer_offsets-40 with topic id Some(yRozCZZXQUGiCYzkKkOymA) starts at leader epoch 0 from offset 0 with partition epoch 0, high watermark 0, ISR [0], adding replicas [] and removing replicas [] . Previous leader None and previous leader epoch was -1. (state.change.logger:66)
[2026-03-04 15:48:16,636] INFO [LogLoader partition=__consumer_offsets-2, dir=/tmp/EmbeddedKafkaCluster2815493917284875739] Loading producer state till offset 0 with message format version 2 (kafka.log.UnifiedLog$:1937)
[2026-03-04 15:48:16,636] INFO Created log for partition __consumer_offsets-2 in /tmp/EmbeddedKafkaCluster2815493917284875739/__consumer_offsets-2 with properties {cleanup.policy=compact, compression.type="producer", segment.bytes=104857600} (kafka.log.LogManager:66)
[2026-03-04 15:48:16,636] INFO [Partition __consumer_offsets-2 broker=0] No checkpointed highwatermark is found for partition __consumer_offsets-2 (kafka.cluster.Partition:66)
[2026-03-04 15:48:16,636] INFO [Partition __consumer_offsets-2 broker=0] Log loaded for partition __consumer_offsets-2 with initial high watermark 0 (kafka.cluster.Partition:66)
[2026-03-04 15:48:16,636] INFO [Broker id=0] Leader __consumer_offsets-2 with topic id Some(yRozCZZXQUGiCYzkKkOymA) starts at leader epoch 0 from offset 0 with partition epoch 0, high watermark 0, ISR [0], adding replicas [] and removing replicas [] . Previous leader None and previous leader epoch was -1. (state.change.logger:66)
[2026-03-04 15:48:16,637] INFO [LogLoader partition=__consumer_offsets-37, dir=/tmp/EmbeddedKafkaCluster2815493917284875739] Loading producer state till offset 0 with message format version 2 (kafka.log.UnifiedLog$:1937)
[2026-03-04 15:48:16,637] INFO Created log for partition __consumer_offsets-37 in /tmp/EmbeddedKafkaCluster2815493917284875739/__consumer_offsets-37 with properties {cleanup.policy=compact, compression.type="producer", segment.bytes=104857600} (kafka.log.LogManager:66)
[2026-03-04 15:48:16,637] INFO [Partition __consumer_offsets-37 broker=0] No checkpointed highwatermark is found for partition __consumer_offsets-37 (kafka.cluster.Partition:66)
[2026-03-04 15:48:16,637] INFO [Partition __consumer_offsets-37 broker=0] Log loaded for partition __consumer_offsets-37 with initial high watermark 0 (kafka.cluster.Partition:66)
[2026-03-04 15:48:16,637] INFO [Broker id=0] Leader __consumer_offsets-37 with topic id Some(yRozCZZXQUGiCYzkKkOymA) starts at leader epoch 0 from offset 0 with partition epoch 0, high watermark 0, ISR [0], adding replicas [] and removing replicas [] . Previous leader None and previous leader epoch was -1. (state.change.logger:66)
[2026-03-04 15:48:16,637] INFO [LogLoader partition=__consumer_offsets-18, dir=/tmp/EmbeddedKafkaCluster2815493917284875739] Loading producer state till offset 0 with message format version 2 (kafka.log.UnifiedLog$:1937)
[2026-03-04 15:48:16,637] INFO Created log for partition __consumer_offsets-18 in /tmp/EmbeddedKafkaCluster2815493917284875739/__consumer_offsets-18 with properties {cleanup.policy=compact, compression.type="producer", segment.bytes=104857600} (kafka.log.LogManager:66)
[2026-03-04 15:48:16,637] INFO [Partition __consumer_offsets-18 broker=0] No checkpointed highwatermark is found for partition __consumer_offsets-18 (kafka.cluster.Partition:66)
[2026-03-04 15:48:16,637] INFO [Partition __consumer_offsets-18 broker=0] Log loaded for partition __consumer_offsets-18 with initial high watermark 0 (kafka.cluster.Partition:66)
[2026-03-04 15:48:16,637] INFO [Broker id=0] Leader __consumer_offsets-18 with topic id Some(yRozCZZXQUGiCYzkKkOymA) starts at leader epoch 0 from offset 0 with partition epoch 0, high watermark 0, ISR [0], adding replicas [] and removing replicas [] . Previous leader None and previous leader epoch was -1. (state.change.logger:66)
[2026-03-04 15:48:16,638] INFO [LogLoader partition=__consumer_offsets-34, dir=/tmp/EmbeddedKafkaCluster2815493917284875739] Loading producer state till offset 0 with message format version 2 (kafka.log.UnifiedLog$:1937)
[2026-03-04 15:48:16,638] INFO Created log for partition __consumer_offsets-34 in /tmp/EmbeddedKafkaCluster2815493917284875739/__consumer_offsets-34 with properties {cleanup.policy=compact, compression.type="producer", segment.bytes=104857600} (kafka.log.LogManager:66)
[2026-03-04 15:48:16,638] INFO [Partition __consumer_offsets-34 broker=0] No checkpointed highwatermark is found for partition __consumer_offsets-34 (kafka.cluster.Partition:66)
[2026-03-04 15:48:16,638] INFO [Partition __consumer_offsets-34 broker=0] Log loaded for partition __consumer_offsets-34 with initial high watermark 0 (kafka.cluster.Partition:66)
[2026-03-04 15:48:16,638] INFO [Broker id=0] Leader __consumer_offsets-34 with topic id Some(yRozCZZXQUGiCYzkKkOymA) starts at leader epoch 0 from offset 0 with partition epoch 0, high watermark 0, ISR [0], adding replicas [] and removing replicas [] . Previous leader None and previous leader epoch was -1. (state.change.logger:66)
[2026-03-04 15:48:16,638] INFO [LogLoader partition=__consumer_offsets-15, dir=/tmp/EmbeddedKafkaCluster2815493917284875739] Loading producer state till offset 0 with message format version 2 (kafka.log.UnifiedLog$:1937)
[2026-03-04 15:48:16,638] INFO Created log for partition __consumer_offsets-15 in /tmp/EmbeddedKafkaCluster2815493917284875739/__consumer_offsets-15 with properties {cleanup.policy=compact, compression.type="producer", segment.bytes=104857600} (kafka.log.LogManager:66)
[2026-03-04 15:48:16,638] INFO [Partition __consumer_offsets-15 broker=0] No checkpointed highwatermark is found for partition __consumer_offsets-15 (kafka.cluster.Partition:66)
[2026-03-04 15:48:16,638] INFO [Partition __consumer_offsets-15 broker=0] Log loaded for partition __consumer_offsets-15 with initial high watermark 0 (kafka.cluster.Partition:66)
[2026-03-04 15:48:16,638] INFO [Broker id=0] Leader __consumer_offsets-15 with topic id Some(yRozCZZXQUGiCYzkKkOymA) starts at leader epoch 0 from offset 0 with partition epoch 0, high watermark 0, ISR [0], adding replicas [] and removing replicas [] . Previous leader None and previous leader epoch was -1. (state.change.logger:66)
[2026-03-04 15:48:16,639] INFO [LogLoader partition=__consumer_offsets-12, dir=/tmp/EmbeddedKafkaCluster2815493917284875739] Loading producer state till offset 0 with message format version 2 (kafka.log.UnifiedLog$:1937)
[2026-03-04 15:48:16,639] INFO Created log for partition __consumer_offsets-12 in /tmp/EmbeddedKafkaCluster2815493917284875739/__consumer_offsets-12 with properties {cleanup.policy=compact, compression.type="producer", segment.bytes=104857600} (kafka.log.LogManager:66)
[2026-03-04 15:48:16,639] INFO [Partition __consumer_offsets-12 broker=0] No checkpointed highwatermark is found for partition __consumer_offsets-12 (kafka.cluster.Partition:66)
[2026-03-04 15:48:16,639] INFO [Partition __consumer_offsets-12 broker=0] Log loaded for partition __consumer_offsets-12 with initial high watermark 0 (kafka.cluster.Partition:66)
[2026-03-04 15:48:16,639] INFO [Broker id=0] Leader __consumer_offsets-12 with topic id Some(yRozCZZXQUGiCYzkKkOymA) starts at leader epoch 0 from offset 0 with partition epoch 0, high watermark 0, ISR [0], adding replicas [] and removing replicas [] . Previous leader None and previous leader epoch was -1. (state.change.logger:66)
[2026-03-04 15:48:16,639] INFO [LogLoader partition=__consumer_offsets-31, dir=/tmp/EmbeddedKafkaCluster2815493917284875739] Loading producer state till offset 0 with message format version 2 (kafka.log.UnifiedLog$:1937)
[2026-03-04 15:48:16,639] INFO Created log for partition __consumer_offsets-31 in /tmp/EmbeddedKafkaCluster2815493917284875739/__consumer_offsets-31 with properties {cleanup.policy=compact, compression.type="producer", segment.bytes=104857600} (kafka.log.LogManager:66)
[2026-03-04 15:48:16,639] INFO [Partition __consumer_offsets-31 broker=0] No checkpointed highwatermark is found for partition __consumer_offsets-31 (kafka.cluster.Partition:66)
[2026-03-04 15:48:16,639] INFO [Partition __consumer_offsets-31 broker=0] Log loaded for partition __consumer_offsets-31 with initial high watermark 0 (kafka.cluster.Partition:66)
[2026-03-04 15:48:16,639] INFO [Broker id=0] Leader __consumer_offsets-31 with topic id Some(yRozCZZXQUGiCYzkKkOymA) starts at leader epoch 0 from offset 0 with partition epoch 0, high watermark 0, ISR [0], adding replicas [] and removing replicas [] . Previous leader None and previous leader epoch was -1. (state.change.logger:66)
[2026-03-04 15:48:16,640] INFO [LogLoader partition=__consumer_offsets-9, dir=/tmp/EmbeddedKafkaCluster2815493917284875739] Loading producer state till offset 0 with message format version 2 (kafka.log.UnifiedLog$:1937)
[2026-03-04 15:48:16,640] INFO Created log for partition __consumer_offsets-9 in /tmp/EmbeddedKafkaCluster2815493917284875739/__consumer_offsets-9 with properties {cleanup.policy=compact, compression.type="producer", segment.bytes=104857600} (kafka.log.LogManager:66)
[2026-03-04 15:48:16,640] INFO [Partition __consumer_offsets-9 broker=0] No checkpointed highwatermark is found for partition __consumer_offsets-9 (kafka.cluster.Partition:66)
[2026-03-04 15:48:16,640] INFO [Partition __consumer_offsets-9 broker=0] Log loaded for partition __consumer_offsets-9 with initial high watermark 0 (kafka.cluster.Partition:66)
[2026-03-04 15:48:16,640] INFO [Broker id=0] Leader __consumer_offsets-9 with topic id Some(yRozCZZXQUGiCYzkKkOymA) starts at leader epoch 0 from offset 0 with partition epoch 0, high watermark 0, ISR [0], adding replicas [] and removing replicas [] . Previous leader None and previous leader epoch was -1. (state.change.logger:66)
[2026-03-04 15:48:16,640] INFO [LogLoader partition=__consumer_offsets-47, dir=/tmp/EmbeddedKafkaCluster2815493917284875739] Loading producer state till offset 0 with message format version 2 (kafka.log.UnifiedLog$:1937)
[2026-03-04 15:48:16,640] INFO Created log for partition __consumer_offsets-47 in /tmp/EmbeddedKafkaCluster2815493917284875739/__consumer_offsets-47 with properties {cleanup.policy=compact, compression.type="producer", segment.bytes=104857600} (kafka.log.LogManager:66)
[2026-03-04 15:48:16,640] INFO [Partition __consumer_offsets-47 broker=0] No checkpointed highwatermark is found for partition __consumer_offsets-47 (kafka.cluster.Partition:66)
[2026-03-04 15:48:16,640] INFO [Partition __consumer_offsets-47 broker=0] Log loaded for partition __consumer_offsets-47 with initial high watermark 0 (kafka.cluster.Partition:66)
[2026-03-04 15:48:16,640] INFO [Broker id=0] Leader __consumer_offsets-47 with topic id Some(yRozCZZXQUGiCYzkKkOymA) starts at leader epoch 0 from offset 0 with partition epoch 0, high watermark 0, ISR [0], adding replicas [] and removing replicas [] . Previous leader None and previous leader epoch was -1. (state.change.logger:66)
[2026-03-04 15:48:16,641] INFO [LogLoader partition=__consumer_offsets-19, dir=/tmp/EmbeddedKafkaCluster2815493917284875739] Loading producer state till offset 0 with message format version 2 (kafka.log.UnifiedLog$:1937)
[2026-03-04 15:48:16,641] INFO Created log for partition __consumer_offsets-19 in /tmp/EmbeddedKafkaCluster2815493917284875739/__consumer_offsets-19 with properties {cleanup.policy=compact, compression.type="producer", segment.bytes=104857600} (kafka.log.LogManager:66)
[2026-03-04 15:48:16,641] INFO [Partition __consumer_offsets-19 broker=0] No checkpointed highwatermark is found for partition __consumer_offsets-19 (kafka.cluster.Partition:66)
[2026-03-04 15:48:16,641] INFO [Partition __consumer_offsets-19 broker=0] Log loaded for partition __consumer_offsets-19 with initial high watermark 0 (kafka.cluster.Partition:66)
[2026-03-04 15:48:16,641] INFO [Broker id=0] Leader __consumer_offsets-19 with topic id Some(yRozCZZXQUGiCYzkKkOymA) starts at leader epoch 0 from offset 0 with partition epoch 0, high watermark 0, ISR [0], adding replicas [] and removing replicas [] . Previous leader None and previous leader epoch was -1. (state.change.logger:66)
[2026-03-04 15:48:16,641] INFO [LogLoader partition=__consumer_offsets-28, dir=/tmp/EmbeddedKafkaCluster2815493917284875739] Loading producer state till offset 0 with message format version 2 (kafka.log.UnifiedLog$:1937)
[2026-03-04 15:48:16,642] INFO Created log for partition __consumer_offsets-28 in /tmp/EmbeddedKafkaCluster2815493917284875739/__consumer_offsets-28 with properties {cleanup.policy=compact, compression.type="producer", segment.bytes=104857600} (kafka.log.LogManager:66)
[2026-03-04 15:48:16,642] INFO [Partition __consumer_offsets-28 broker=0] No checkpointed highwatermark is found for partition __consumer_offsets-28 (kafka.cluster.Partition:66)
[2026-03-04 15:48:16,642] INFO [Partition __consumer_offsets-28 broker=0] Log loaded for partition __consumer_offsets-28 with initial high watermark 0 (kafka.cluster.Partition:66)
[2026-03-04 15:48:16,642] INFO [Broker id=0] Leader __consumer_offsets-28 with topic id Some(yRozCZZXQUGiCYzkKkOymA) starts at leader epoch 0 from offset 0 with partition epoch 0, high watermark 0, ISR [0], adding replicas [] and removing replicas [] . Previous leader None and previous leader epoch was -1. (state.change.logger:66)
[2026-03-04 15:48:16,642] INFO [LogLoader partition=__consumer_offsets-38, dir=/tmp/EmbeddedKafkaCluster2815493917284875739] Loading producer state till offset 0 with message format version 2 (kafka.log.UnifiedLog$:1937)
[2026-03-04 15:48:16,642] INFO Created log for partition __consumer_offsets-38 in /tmp/EmbeddedKafkaCluster2815493917284875739/__consumer_offsets-38 with properties {cleanup.policy=compact, compression.type="producer", segment.bytes=104857600} (kafka.log.LogManager:66)
[2026-03-04 15:48:16,642] INFO [Partition __consumer_offsets-38 broker=0] No checkpointed highwatermark is found for partition __consumer_offsets-38 (kafka.cluster.Partition:66)
[2026-03-04 15:48:16,642] INFO [Partition __consumer_offsets-38 broker=0] Log loaded for partition __consumer_offsets-38 with initial high watermark 0 (kafka.cluster.Partition:66)
[2026-03-04 15:48:16,642] INFO [Broker id=0] Leader __consumer_offsets-38 with topic id Some(yRozCZZXQUGiCYzkKkOymA) starts at leader epoch 0 from offset 0 with partition epoch 0, high watermark 0, ISR [0], adding replicas [] and removing replicas [] . Previous leader None and previous leader epoch was -1. (state.change.logger:66)
[2026-03-04 15:48:16,642] INFO [LogLoader partition=__consumer_offsets-35, dir=/tmp/EmbeddedKafkaCluster2815493917284875739] Loading producer state till offset 0 with message format version 2 (kafka.log.UnifiedLog$:1937)
[2026-03-04 15:48:16,643] INFO Created log for partition __consumer_offsets-35 in /tmp/EmbeddedKafkaCluster2815493917284875739/__consumer_offsets-35 with properties {cleanup.policy=compact, compression.type="producer", segment.bytes=104857600} (kafka.log.LogManager:66)
[2026-03-04 15:48:16,643] INFO [Partition __consumer_offsets-35 broker=0] No checkpointed highwatermark is found for partition __consumer_offsets-35 (kafka.cluster.Partition:66)
[2026-03-04 15:48:16,643] INFO [Partition __consumer_offsets-35 broker=0] Log loaded for partition __consumer_offsets-35 with initial high watermark 0 (kafka.cluster.Partition:66)
[2026-03-04 15:48:16,643] INFO [Broker id=0] Leader __consumer_offsets-35 with topic id Some(yRozCZZXQUGiCYzkKkOymA) starts at leader epoch 0 from offset 0 with partition epoch 0, high watermark 0, ISR [0], adding replicas [] and removing replicas [] . Previous leader None and previous leader epoch was -1. (state.change.logger:66)
[2026-03-04 15:48:16,643] INFO [LogLoader partition=__consumer_offsets-6, dir=/tmp/EmbeddedKafkaCluster2815493917284875739] Loading producer state till offset 0 with message format version 2 (kafka.log.UnifiedLog$:1937)
[2026-03-04 15:48:16,643] INFO Created log for partition __consumer_offsets-6 in /tmp/EmbeddedKafkaCluster2815493917284875739/__consumer_offsets-6 with properties {cleanup.policy=compact, compression.type="producer", segment.bytes=104857600} (kafka.log.LogManager:66)
[2026-03-04 15:48:16,643] INFO [Partition __consumer_offsets-6 broker=0] No checkpointed highwatermark is found for partition __consumer_offsets-6 (kafka.cluster.Partition:66)
[2026-03-04 15:48:16,643] INFO [Partition __consumer_offsets-6 broker=0] Log loaded for partition __consumer_offsets-6 with initial high watermark 0 (kafka.cluster.Partition:66)
[2026-03-04 15:48:16,643] INFO [Broker id=0] Leader __consumer_offsets-6 with topic id Some(yRozCZZXQUGiCYzkKkOymA) starts at leader epoch 0 from offset 0 with partition epoch 0, high watermark 0, ISR [0], adding replicas [] and removing replicas [] . Previous leader None and previous leader epoch was -1. (state.change.logger:66)
[2026-03-04 15:48:16,643] INFO [LogLoader partition=__consumer_offsets-44, dir=/tmp/EmbeddedKafkaCluster2815493917284875739] Loading producer state till offset 0 with message format version 2 (kafka.log.UnifiedLog$:1937)
[2026-03-04 15:48:16,644] INFO Created log for partition __consumer_offsets-44 in /tmp/EmbeddedKafkaCluster2815493917284875739/__consumer_offsets-44 with properties {cleanup.policy=compact, compression.type="producer", segment.bytes=104857600} (kafka.log.LogManager:66)
[2026-03-04 15:48:16,644] INFO [Partition __consumer_offsets-44 broker=0] No checkpointed highwatermark is found for partition __consumer_offsets-44 (kafka.cluster.Partition:66)
[2026-03-04 15:48:16,644] INFO [Partition __consumer_offsets-44 broker=0] Log loaded for partition __consumer_offsets-44 with initial high watermark 0 (kafka.cluster.Partition:66)
[2026-03-04 15:48:16,644] INFO [Broker id=0] Leader __consumer_offsets-44 with topic id Some(yRozCZZXQUGiCYzkKkOymA) starts at leader epoch 0 from offset 0 with partition epoch 0, high watermark 0, ISR [0], adding replicas [] and removing replicas [] . Previous leader None and previous leader epoch was -1. (state.change.logger:66)
[2026-03-04 15:48:16,644] INFO [LogLoader partition=__consumer_offsets-25, dir=/tmp/EmbeddedKafkaCluster2815493917284875739] Loading producer state till offset 0 with message format version 2 (kafka.log.UnifiedLog$:1937)
[2026-03-04 15:48:16,644] INFO Created log for partition __consumer_offsets-25 in /tmp/EmbeddedKafkaCluster2815493917284875739/__consumer_offsets-25 with properties {cleanup.policy=compact, compression.type="producer", segment.bytes=104857600} (kafka.log.LogManager:66)
[2026-03-04 15:48:16,644] INFO [Partition __consumer_offsets-25 broker=0] No checkpointed highwatermark is found for partition __consumer_offsets-25 (kafka.cluster.Partition:66)
[2026-03-04 15:48:16,644] INFO [Partition __consumer_offsets-25 broker=0] Log loaded for partition __consumer_offsets-25 with initial high watermark 0 (kafka.cluster.Partition:66)
[2026-03-04 15:48:16,644] INFO [Broker id=0] Leader __consumer_offsets-25 with topic id Some(yRozCZZXQUGiCYzkKkOymA) starts at leader epoch 0 from offset 0 with partition epoch 0, high watermark 0, ISR [0], adding replicas [] and removing replicas [] . Previous leader None and previous leader epoch was -1. (state.change.logger:66)
[2026-03-04 15:48:16,644] INFO [LogLoader partition=__consumer_offsets-16, dir=/tmp/EmbeddedKafkaCluster2815493917284875739] Loading producer state till offset 0 with message format version 2 (kafka.log.UnifiedLog$:1937)
[2026-03-04 15:48:16,645] INFO Created log for partition __consumer_offsets-16 in /tmp/EmbeddedKafkaCluster2815493917284875739/__consumer_offsets-16 with properties {cleanup.policy=compact, compression.type="producer", segment.bytes=104857600} (kafka.log.LogManager:66)
[2026-03-04 15:48:16,645] INFO [Partition __consumer_offsets-16 broker=0] No checkpointed highwatermark is found for partition __consumer_offsets-16 (kafka.cluster.Partition:66)
[2026-03-04 15:48:16,645] INFO [Partition __consumer_offsets-16 broker=0] Log loaded for partition __consumer_offsets-16 with initial high watermark 0 (kafka.cluster.Partition:66)
[2026-03-04 15:48:16,645] INFO [Broker id=0] Leader __consumer_offsets-16 with topic id Some(yRozCZZXQUGiCYzkKkOymA) starts at leader epoch 0 from offset 0 with partition epoch 0, high watermark 0, ISR [0], adding replicas [] and removing replicas [] . Previous leader None and previous leader epoch was -1. (state.change.logger:66)
[2026-03-04 15:48:16,645] INFO [LogLoader partition=__consumer_offsets-22, dir=/tmp/EmbeddedKafkaCluster2815493917284875739] Loading producer state till offset 0 with message format version 2 (kafka.log.UnifiedLog$:1937)
[2026-03-04 15:48:16,645] INFO Created log for partition __consumer_offsets-22 in /tmp/EmbeddedKafkaCluster2815493917284875739/__consumer_offsets-22 with properties {cleanup.policy=compact, compression.type="producer", segment.bytes=104857600} (kafka.log.LogManager:66)
[2026-03-04 15:48:16,645] INFO [Partition __consumer_offsets-22 broker=0] No checkpointed highwatermark is found for partition __consumer_offsets-22 (kafka.cluster.Partition:66)
[2026-03-04 15:48:16,645] INFO [Partition __consumer_offsets-22 broker=0] Log loaded for partition __consumer_offsets-22 with initial high watermark 0 (kafka.cluster.Partition:66)
[2026-03-04 15:48:16,645] INFO [Broker id=0] Leader __consumer_offsets-22 with topic id Some(yRozCZZXQUGiCYzkKkOymA) starts at leader epoch 0 from offset 0 with partition epoch 0, high watermark 0, ISR [0], adding replicas [] and removing replicas [] . Previous leader None and previous leader epoch was -1. (state.change.logger:66)
[2026-03-04 15:48:16,645] INFO [LogLoader partition=__consumer_offsets-41, dir=/tmp/EmbeddedKafkaCluster2815493917284875739] Loading producer state till offset 0 with message format version 2 (kafka.log.UnifiedLog$:1937)
[2026-03-04 15:48:16,645] INFO Created log for partition __consumer_offsets-41 in /tmp/EmbeddedKafkaCluster2815493917284875739/__consumer_offsets-41 with properties {cleanup.policy=compact, compression.type="producer", segment.bytes=104857600} (kafka.log.LogManager:66)
[2026-03-04 15:48:16,645] INFO [Partition __consumer_offsets-41 broker=0] No checkpointed highwatermark is found for partition __consumer_offsets-41 (kafka.cluster.Partition:66)
[2026-03-04 15:48:16,645] INFO [Partition __consumer_offsets-41 broker=0] Log loaded for partition __consumer_offsets-41 with initial high watermark 0 (kafka.cluster.Partition:66)
[2026-03-04 15:48:16,646] INFO [Broker id=0] Leader __consumer_offsets-41 with topic id Some(yRozCZZXQUGiCYzkKkOymA) starts at leader epoch 0 from offset 0 with partition epoch 0, high watermark 0, ISR [0], adding replicas [] and removing replicas [] . Previous leader None and previous leader epoch was -1. (state.change.logger:66)
[2026-03-04 15:48:16,646] INFO [LogLoader partition=__consumer_offsets-32, dir=/tmp/EmbeddedKafkaCluster2815493917284875739] Loading producer state till offset 0 with message format version 2 (kafka.log.UnifiedLog$:1937)
[2026-03-04 15:48:16,646] INFO Created log for partition __consumer_offsets-32 in /tmp/EmbeddedKafkaCluster2815493917284875739/__consumer_offsets-32 with properties {cleanup.policy=compact, compression.type="producer", segment.bytes=104857600} (kafka.log.LogManager:66)
[2026-03-04 15:48:16,646] INFO [Partition __consumer_offsets-32 broker=0] No checkpointed highwatermark is found for partition __consumer_offsets-32 (kafka.cluster.Partition:66)
[2026-03-04 15:48:16,646] INFO [Partition __consumer_offsets-32 broker=0] Log loaded for partition __consumer_offsets-32 with initial high watermark 0 (kafka.cluster.Partition:66)
[2026-03-04 15:48:16,646] INFO [Broker id=0] Leader __consumer_offsets-32 with topic id Some(yRozCZZXQUGiCYzkKkOymA) starts at leader epoch 0 from offset 0 with partition epoch 0, high watermark 0, ISR [0], adding replicas [] and removing replicas [] . Previous leader None and previous leader epoch was -1. (state.change.logger:66)
[2026-03-04 15:48:16,646] INFO [LogLoader partition=__consumer_offsets-3, dir=/tmp/EmbeddedKafkaCluster2815493917284875739] Loading producer state till offset 0 with message format version 2 (kafka.log.UnifiedLog$:1937)
[2026-03-04 15:48:16,646] INFO Created log for partition __consumer_offsets-3 in /tmp/EmbeddedKafkaCluster2815493917284875739/__consumer_offsets-3 with properties {cleanup.policy=compact, compression.type="producer", segment.bytes=104857600} (kafka.log.LogManager:66)
[2026-03-04 15:48:16,646] INFO [Partition __consumer_offsets-3 broker=0] No checkpointed highwatermark is found for partition __consumer_offsets-3 (kafka.cluster.Partition:66)
[2026-03-04 15:48:16,646] INFO [Partition __consumer_offsets-3 broker=0] Log loaded for partition __consumer_offsets-3 with initial high watermark 0 (kafka.cluster.Partition:66)
[2026-03-04 15:48:16,646] INFO [Broker id=0] Leader __consumer_offsets-3 with topic id Some(yRozCZZXQUGiCYzkKkOymA) starts at leader epoch 0 from offset 0 with partition epoch 0, high watermark 0, ISR [0], adding replicas [] and removing replicas [] . Previous leader None and previous leader epoch was -1. (state.change.logger:66)
[2026-03-04 15:48:16,647] INFO [LogLoader partition=__consumer_offsets-13, dir=/tmp/EmbeddedKafkaCluster2815493917284875739] Loading producer state till offset 0 with message format version 2 (kafka.log.UnifiedLog$:1937)
[2026-03-04 15:48:16,647] INFO Created log for partition __consumer_offsets-13 in /tmp/EmbeddedKafkaCluster2815493917284875739/__consumer_offsets-13 with properties {cleanup.policy=compact, compression.type="producer", segment.bytes=104857600} (kafka.log.LogManager:66)
[2026-03-04 15:48:16,647] INFO [Partition __consumer_offsets-13 broker=0] No checkpointed highwatermark is found for partition __consumer_offsets-13 (kafka.cluster.Partition:66)
[2026-03-04 15:48:16,647] INFO [Partition __consumer_offsets-13 broker=0] Log loaded for partition __consumer_offsets-13 with initial high watermark 0 (kafka.cluster.Partition:66)
[2026-03-04 15:48:16,647] INFO [Broker id=0] Leader __consumer_offsets-13 with topic id Some(yRozCZZXQUGiCYzkKkOymA) starts at leader epoch 0 from offset 0 with partition epoch 0, high watermark 0, ISR [0], adding replicas [] and removing replicas [] . Previous leader None and previous leader epoch was -1. (state.change.logger:66)
[2026-03-04 15:48:16,647] INFO [GroupCoordinator 0]: Elected as the group coordinator for partition 22 in epoch 0 (kafka.coordinator.group.GroupCoordinator:66)
[2026-03-04 15:48:16,647] INFO [GroupMetadataManager brokerId=0] Scheduling loading of offsets and group metadata from __consumer_offsets-22 for epoch 0 (kafka.coordinator.group.GroupMetadataManager:66)
[2026-03-04 15:48:16,647] INFO [GroupCoordinator 0]: Elected as the group coordinator for partition 25 in epoch 0 (kafka.coordinator.group.GroupCoordinator:66)
[2026-03-04 15:48:16,647] INFO [GroupMetadataManager brokerId=0] Scheduling loading of offsets and group metadata from __consumer_offsets-25 for epoch 0 (kafka.coordinator.group.GroupMetadataManager:66)
[2026-03-04 15:48:16,647] INFO [GroupCoordinator 0]: Elected as the group coordinator for partition 28 in epoch 0 (kafka.coordinator.group.GroupCoordinator:66)
[2026-03-04 15:48:16,647] INFO [GroupMetadataManager brokerId=0] Scheduling loading of offsets and group metadata from __consumer_offsets-28 for epoch 0 (kafka.coordinator.group.GroupMetadataManager:66)
[2026-03-04 15:48:16,647] INFO [GroupCoordinator 0]: Elected as the group coordinator for partition 31 in epoch 0 (kafka.coordinator.group.GroupCoordinator:66)
[2026-03-04 15:48:16,647] INFO [GroupMetadataManager brokerId=0] Scheduling loading of offsets and group metadata from __consumer_offsets-31 for epoch 0 (kafka.coordinator.group.GroupMetadataManager:66)
[2026-03-04 15:48:16,647] INFO [GroupCoordinator 0]: Elected as the group coordinator for partition 34 in epoch 0 (kafka.coordinator.group.GroupCoordinator:66)
[2026-03-04 15:48:16,647] INFO [GroupMetadataManager brokerId=0] Scheduling loading of offsets and group metadata from __consumer_offsets-34 for epoch 0 (kafka.coordinator.group.GroupMetadataManager:66)
[2026-03-04 15:48:16,647] INFO [GroupCoordinator 0]: Elected as the group coordinator for partition 37 in epoch 0 (kafka.coordinator.group.GroupCoordinator:66)
[2026-03-04 15:48:16,647] INFO [GroupMetadataManager brokerId=0] Scheduling loading of offsets and group metadata from __consumer_offsets-37 for epoch 0 (kafka.coordinator.group.GroupMetadataManager:66)
[2026-03-04 15:48:16,647] INFO [GroupCoordinator 0]: Elected as the group coordinator for partition 40 in epoch 0 (kafka.coordinator.group.GroupCoordinator:66)
[2026-03-04 15:48:16,647] INFO [GroupMetadataManager brokerId=0] Scheduling loading of offsets and group metadata from __consumer_offsets-40 for epoch 0 (kafka.coordinator.group.GroupMetadataManager:66)
[2026-03-04 15:48:16,647] INFO [GroupCoordinator 0]: Elected as the group coordinator for partition 43 in epoch 0 (kafka.coordinator.group.GroupCoordinator:66)
[2026-03-04 15:48:16,647] INFO [GroupMetadataManager brokerId=0] Scheduling loading of offsets and group metadata from __consumer_offsets-43 for epoch 0 (kafka.coordinator.group.GroupMetadataManager:66)
[2026-03-04 15:48:16,647] INFO [GroupMetadataManager brokerId=0] Finished loading offsets and group metadata from __consumer_offsets-22 in 0 milliseconds for epoch 0, of which 0 milliseconds was spent in the scheduler. (kafka.coordinator.group.GroupMetadataManager:66)
[2026-03-04 15:48:16,647] INFO [GroupCoordinator 0]: Elected as the group coordinator for partition 46 in epoch 0 (kafka.coordinator.group.GroupCoordinator:66)
[2026-03-04 15:48:16,647] INFO [GroupMetadataManager brokerId=0] Scheduling loading of offsets and group metadata from __consumer_offsets-46 for epoch 0 (kafka.coordinator.group.GroupMetadataManager:66)
[2026-03-04 15:48:16,647] INFO [GroupCoordinator 0]: Elected as the group coordinator for partition 49 in epoch 0 (kafka.coordinator.group.GroupCoordinator:66)
[2026-03-04 15:48:16,647] INFO [GroupMetadataManager brokerId=0] Scheduling loading of offsets and group metadata from __consumer_offsets-49 for epoch 0 (kafka.coordinator.group.GroupMetadataManager:66)
[2026-03-04 15:48:16,647] INFO [GroupMetadataManager brokerId=0] Finished loading offsets and group metadata from __consumer_offsets-25 in 0 milliseconds for epoch 0, of which 0 milliseconds was spent in the scheduler. (kafka.coordinator.group.GroupMetadataManager:66)
[2026-03-04 15:48:16,647] INFO [GroupCoordinator 0]: Elected as the group coordinator for partition 41 in epoch 0 (kafka.coordinator.group.GroupCoordinator:66)
[2026-03-04 15:48:16,647] INFO [GroupMetadataManager brokerId=0] Scheduling loading of offsets and group metadata from __consumer_offsets-41 for epoch 0 (kafka.coordinator.group.GroupMetadataManager:66)
[2026-03-04 15:48:16,647] INFO [GroupCoordinator 0]: Elected as the group coordinator for partition 44 in epoch 0 (kafka.coordinator.group.GroupCoordinator:66)
[2026-03-04 15:48:16,647] INFO [GroupMetadataManager brokerId=0] Scheduling loading of offsets and group metadata from __consumer_offsets-44 for epoch 0 (kafka.coordinator.group.GroupMetadataManager:66)
[2026-03-04 15:48:16,647] INFO [GroupMetadataManager brokerId=0] Finished loading offsets and group metadata from __consumer_offsets-28 in 0 milliseconds for epoch 0, of which 0 milliseconds was spent in the scheduler. (kafka.coordinator.group.GroupMetadataManager:66)
[2026-03-04 15:48:16,647] INFO [GroupCoordinator 0]: Elected as the group coordinator for partition 47 in epoch 0 (kafka.coordinator.group.GroupCoordinator:66)
[2026-03-04 15:48:16,648] INFO [GroupMetadataManager brokerId=0] Scheduling loading of offsets and group metadata from __consumer_offsets-47 for epoch 0 (kafka.coordinator.group.GroupMetadataManager:66)
[2026-03-04 15:48:16,648] INFO [GroupMetadataManager brokerId=0] Finished loading offsets and group metadata from __consumer_offsets-31 in 1 milliseconds for epoch 0, of which 1 milliseconds was spent in the scheduler. (kafka.coordinator.group.GroupMetadataManager:66)
[2026-03-04 15:48:16,648] INFO [GroupCoordinator 0]: Elected as the group coordinator for partition 1 in epoch 0 (kafka.coordinator.group.GroupCoordinator:66)
[2026-03-04 15:48:16,648] INFO [GroupMetadataManager brokerId=0] Scheduling loading of offsets and group metadata from __consumer_offsets-1 for epoch 0 (kafka.coordinator.group.GroupMetadataManager:66)
[2026-03-04 15:48:16,648] INFO [GroupMetadataManager brokerId=0] Finished loading offsets and group metadata from __consumer_offsets-34 in 1 milliseconds for epoch 0, of which 1 milliseconds was spent in the scheduler. (kafka.coordinator.group.GroupMetadataManager:66)
[2026-03-04 15:48:16,648] INFO [GroupCoordinator 0]: Elected as the group coordinator for partition 4 in epoch 0 (kafka.coordinator.group.GroupCoordinator:66)
[2026-03-04 15:48:16,648] INFO [GroupMetadataManager brokerId=0] Scheduling loading of offsets and group metadata from __consumer_offsets-4 for epoch 0 (kafka.coordinator.group.GroupMetadataManager:66)
[2026-03-04 15:48:16,648] INFO [GroupMetadataManager brokerId=0] Finished loading offsets and group metadata from __consumer_offsets-37 in 1 milliseconds for epoch 0, of which 1 milliseconds was spent in the scheduler. (kafka.coordinator.group.GroupMetadataManager:66)
[2026-03-04 15:48:16,648] INFO [GroupCoordinator 0]: Elected as the group coordinator for partition 7 in epoch 0 (kafka.coordinator.group.GroupCoordinator:66)
[2026-03-04 15:48:16,648] INFO [GroupMetadataManager brokerId=0] Scheduling loading of offsets and group metadata from __consumer_offsets-7 for epoch 0 (kafka.coordinator.group.GroupMetadataManager:66)
[2026-03-04 15:48:16,648] INFO [GroupMetadataManager brokerId=0] Finished loading offsets and group metadata from __consumer_offsets-40 in 1 milliseconds for epoch 0, of which 1 milliseconds was spent in the scheduler. (kafka.coordinator.group.GroupMetadataManager:66)
[2026-03-04 15:48:16,648] INFO [GroupCoordinator 0]: Elected as the group coordinator for partition 10 in epoch 0 (kafka.coordinator.group.GroupCoordinator:66)
[2026-03-04 15:48:16,648] INFO [GroupMetadataManager brokerId=0] Scheduling loading of offsets and group metadata from __consumer_offsets-10 for epoch 0 (kafka.coordinator.group.GroupMetadataManager:66)
[2026-03-04 15:48:16,648] INFO [GroupMetadataManager brokerId=0] Finished loading offsets and group metadata from __consumer_offsets-43 in 1 milliseconds for epoch 0, of which 1 milliseconds was spent in the scheduler. (kafka.coordinator.group.GroupMetadataManager:66)
[2026-03-04 15:48:16,648] INFO [GroupCoordinator 0]: Elected as the group coordinator for partition 13 in epoch 0 (kafka.coordinator.group.GroupCoordinator:66)
[2026-03-04 15:48:16,648] INFO [GroupMetadataManager brokerId=0] Scheduling loading of offsets and group metadata from __consumer_offsets-13 for epoch 0 (kafka.coordinator.group.GroupMetadataManager:66)
[2026-03-04 15:48:16,648] INFO [GroupMetadataManager brokerId=0] Finished loading offsets and group metadata from __consumer_offsets-46 in 1 milliseconds for epoch 0, of which 1 milliseconds was spent in the scheduler. (kafka.coordinator.group.GroupMetadataManager:66)
[2026-03-04 15:48:16,648] INFO [GroupCoordinator 0]: Elected as the group coordinator for partition 16 in epoch 0 (kafka.coordinator.group.GroupCoordinator:66)
[2026-03-04 15:48:16,648] INFO [GroupMetadataManager brokerId=0] Scheduling loading of offsets and group metadata from __consumer_offsets-16 for epoch 0 (kafka.coordinator.group.GroupMetadataManager:66)
[2026-03-04 15:48:16,648] INFO [GroupMetadataManager brokerId=0] Finished loading offsets and group metadata from __consumer_offsets-49 in 1 milliseconds for epoch 0, of which 1 milliseconds was spent in the scheduler. (kafka.coordinator.group.GroupMetadataManager:66)
[2026-03-04 15:48:16,648] INFO [GroupCoordinator 0]: Elected as the group coordinator for partition 19 in epoch 0 (kafka.coordinator.group.GroupCoordinator:66)
[2026-03-04 15:48:16,648] INFO [GroupMetadataManager brokerId=0] Scheduling loading of offsets and group metadata from __consumer_offsets-19 for epoch 0 (kafka.coordinator.group.GroupMetadataManager:66)
[2026-03-04 15:48:16,648] INFO [GroupMetadataManager brokerId=0] Finished loading offsets and group metadata from __consumer_offsets-41 in 1 milliseconds for epoch 0, of which 1 milliseconds was spent in the scheduler. (kafka.coordinator.group.GroupMetadataManager:66)
[2026-03-04 15:48:16,648] INFO [GroupCoordinator 0]: Elected as the group coordinator for partition 2 in epoch 0 (kafka.coordinator.group.GroupCoordinator:66)
[2026-03-04 15:48:16,648] INFO [GroupMetadataManager brokerId=0] Scheduling loading of offsets and group metadata from __consumer_offsets-2 for epoch 0 (kafka.coordinator.group.GroupMetadataManager:66)
[2026-03-04 15:48:16,648] INFO [GroupCoordinator 0]: Elected as the group coordinator for partition 5 in epoch 0 (kafka.coordinator.group.GroupCoordinator:66)
[2026-03-04 15:48:16,648] INFO [GroupMetadataManager brokerId=0] Scheduling loading of offsets and group metadata from __consumer_offsets-5 for epoch 0 (kafka.coordinator.group.GroupMetadataManager:66)
[2026-03-04 15:48:16,648] INFO [GroupCoordinator 0]: Elected as the group coordinator for partition 8 in epoch 0 (kafka.coordinator.group.GroupCoordinator:66)
[2026-03-04 15:48:16,648] INFO [GroupMetadataManager brokerId=0] Scheduling loading of offsets and group metadata from __consumer_offsets-8 for epoch 0 (kafka.coordinator.group.GroupMetadataManager:66)
[2026-03-04 15:48:16,648] INFO [GroupCoordinator 0]: Elected as the group coordinator for partition 11 in epoch 0 (kafka.coordinator.group.GroupCoordinator:66)
[2026-03-04 15:48:16,648] INFO [GroupMetadataManager brokerId=0] Scheduling loading of offsets and group metadata from __consumer_offsets-11 for epoch 0 (kafka.coordinator.group.GroupMetadataManager:66)
[2026-03-04 15:48:16,648] INFO [GroupCoordinator 0]: Elected as the group coordinator for partition 14 in epoch 0 (kafka.coordinator.group.GroupCoordinator:66)
[2026-03-04 15:48:16,648] INFO [GroupMetadataManager brokerId=0] Scheduling loading of offsets and group metadata from __consumer_offsets-14 for epoch 0 (kafka.coordinator.group.GroupMetadataManager:66)
[2026-03-04 15:48:16,648] INFO [GroupMetadataManager brokerId=0] Finished loading offsets and group metadata from __consumer_offsets-44 in 1 milliseconds for epoch 0, of which 1 milliseconds was spent in the scheduler. (kafka.coordinator.group.GroupMetadataManager:66)
[2026-03-04 15:48:16,648] INFO [GroupCoordinator 0]: Elected as the group coordinator for partition 17 in epoch 0 (kafka.coordinator.group.GroupCoordinator:66)
[2026-03-04 15:48:16,648] INFO [GroupMetadataManager brokerId=0] Scheduling loading of offsets and group metadata from __consumer_offsets-17 for epoch 0 (kafka.coordinator.group.GroupMetadataManager:66)
[2026-03-04 15:48:16,648] INFO [GroupMetadataManager brokerId=0] Finished loading offsets and group metadata from __consumer_offsets-47 in 0 milliseconds for epoch 0, of which 0 milliseconds was spent in the scheduler. (kafka.coordinator.group.GroupMetadataManager:66)
[2026-03-04 15:48:16,648] INFO [GroupCoordinator 0]: Elected as the group coordinator for partition 20 in epoch 0 (kafka.coordinator.group.GroupCoordinator:66)
[2026-03-04 15:48:16,648] INFO [GroupMetadataManager brokerId=0] Scheduling loading of offsets and group metadata from __consumer_offsets-20 for epoch 0 (kafka.coordinator.group.GroupMetadataManager:66)
[2026-03-04 15:48:16,648] INFO [GroupMetadataManager brokerId=0] Finished loading offsets and group metadata from __consumer_offsets-1 in 0 milliseconds for epoch 0, of which 0 milliseconds was spent in the scheduler. (kafka.coordinator.group.GroupMetadataManager:66)
[2026-03-04 15:48:16,648] INFO [GroupCoordinator 0]: Elected as the group coordinator for partition 23 in epoch 0 (kafka.coordinator.group.GroupCoordinator:66)
[2026-03-04 15:48:16,648] INFO [GroupMetadataManager brokerId=0] Finished loading offsets and group metadata from __consumer_offsets-4 in 0 milliseconds for epoch 0, of which 0 milliseconds was spent in the scheduler. (kafka.coordinator.group.GroupMetadataManager:66)
[2026-03-04 15:48:16,648] INFO [GroupMetadataManager brokerId=0] Scheduling loading of offsets and group metadata from __consumer_offsets-23 for epoch 0 (kafka.coordinator.group.GroupMetadataManager:66)
[2026-03-04 15:48:16,648] INFO [GroupMetadataManager brokerId=0] Finished loading offsets and group metadata from __consumer_offsets-7 in 0 milliseconds for epoch 0, of which 0 milliseconds was spent in the scheduler. (kafka.coordinator.group.GroupMetadataManager:66)
[2026-03-04 15:48:16,648] INFO [GroupCoordinator 0]: Elected as the group coordinator for partition 26 in epoch 0 (kafka.coordinator.group.GroupCoordinator:66)
[2026-03-04 15:48:16,648] INFO [GroupMetadataManager brokerId=0] Finished loading offsets and group metadata from __consumer_offsets-10 in 0 milliseconds for epoch 0, of which 0 milliseconds was spent in the scheduler. (kafka.coordinator.group.GroupMetadataManager:66)
[2026-03-04 15:48:16,648] INFO [GroupMetadataManager brokerId=0] Scheduling loading of offsets and group metadata from __consumer_offsets-26 for epoch 0 (kafka.coordinator.group.GroupMetadataManager:66)
[2026-03-04 15:48:16,648] INFO [GroupMetadataManager brokerId=0] Finished loading offsets and group metadata from __consumer_offsets-13 in 0 milliseconds for epoch 0, of which 0 milliseconds was spent in the scheduler. (kafka.coordinator.group.GroupMetadataManager:66)
[2026-03-04 15:48:16,648] INFO [GroupCoordinator 0]: Elected as the group coordinator for partition 29 in epoch 0 (kafka.coordinator.group.GroupCoordinator:66)
[2026-03-04 15:48:16,648] INFO [GroupMetadataManager brokerId=0] Scheduling loading of offsets and group metadata from __consumer_offsets-29 for epoch 0 (kafka.coordinator.group.GroupMetadataManager:66)
[2026-03-04 15:48:16,648] INFO [GroupMetadataManager brokerId=0] Finished loading offsets and group metadata from __consumer_offsets-16 in 0 milliseconds for epoch 0, of which 0 milliseconds was spent in the scheduler. (kafka.coordinator.group.GroupMetadataManager:66)
[2026-03-04 15:48:16,648] INFO [GroupCoordinator 0]: Elected as the group coordinator for partition 32 in epoch 0 (kafka.coordinator.group.GroupCoordinator:66)
[2026-03-04 15:48:16,648] INFO [GroupMetadataManager brokerId=0] Scheduling loading of offsets and group metadata from __consumer_offsets-32 for epoch 0 (kafka.coordinator.group.GroupMetadataManager:66)
[2026-03-04 15:48:16,648] INFO [GroupMetadataManager brokerId=0] Finished loading offsets and group metadata from __consumer_offsets-19 in 0 milliseconds for epoch 0, of which 0 milliseconds was spent in the scheduler. (kafka.coordinator.group.GroupMetadataManager:66)
[2026-03-04 15:48:16,648] INFO [GroupCoordinator 0]: Elected as the group coordinator for partition 35 in epoch 0 (kafka.coordinator.group.GroupCoordinator:66)
[2026-03-04 15:48:16,648] INFO [GroupMetadataManager brokerId=0] Scheduling loading of offsets and group metadata from __consumer_offsets-35 for epoch 0 (kafka.coordinator.group.GroupMetadataManager:66)
[2026-03-04 15:48:16,648] INFO [GroupMetadataManager brokerId=0] Finished loading offsets and group metadata from __consumer_offsets-2 in 0 milliseconds for epoch 0, of which 0 milliseconds was spent in the scheduler. (kafka.coordinator.group.GroupMetadataManager:66)
[2026-03-04 15:48:16,648] INFO [GroupCoordinator 0]: Elected as the group coordinator for partition 38 in epoch 0 (kafka.coordinator.group.GroupCoordinator:66)
[2026-03-04 15:48:16,648] INFO [GroupMetadataManager brokerId=0] Scheduling loading of offsets and group metadata from __consumer_offsets-38 for epoch 0 (kafka.coordinator.group.GroupMetadataManager:66)
[2026-03-04 15:48:16,648] INFO [GroupMetadataManager brokerId=0] Finished loading offsets and group metadata from __consumer_offsets-5 in 0 milliseconds for epoch 0, of which 0 milliseconds was spent in the scheduler. (kafka.coordinator.group.GroupMetadataManager:66)
[2026-03-04 15:48:16,648] INFO [GroupCoordinator 0]: Elected as the group coordinator for partition 0 in epoch 0 (kafka.coordinator.group.GroupCoordinator:66)
[2026-03-04 15:48:16,648] INFO [GroupMetadataManager brokerId=0] Scheduling loading of offsets and group metadata from __consumer_offsets-0 for epoch 0 (kafka.coordinator.group.GroupMetadataManager:66)
[2026-03-04 15:48:16,648] INFO [GroupMetadataManager brokerId=0] Finished loading offsets and group metadata from __consumer_offsets-8 in 0 milliseconds for epoch 0, of which 0 milliseconds was spent in the scheduler. (kafka.coordinator.group.GroupMetadataManager:66)
[2026-03-04 15:48:16,648] INFO [GroupCoordinator 0]: Elected as the group coordinator for partition 3 in epoch 0 (kafka.coordinator.group.GroupCoordinator:66)
[2026-03-04 15:48:16,648] INFO [GroupMetadataManager brokerId=0] Scheduling loading of offsets and group metadata from __consumer_offsets-3 for epoch 0 (kafka.coordinator.group.GroupMetadataManager:66)
[2026-03-04 15:48:16,648] INFO [GroupMetadataManager brokerId=0] Finished loading offsets and group metadata from __consumer_offsets-11 in 0 milliseconds for epoch 0, of which 0 milliseconds was spent in the scheduler. (kafka.coordinator.group.GroupMetadataManager:66)
[2026-03-04 15:48:16,648] INFO [GroupCoordinator 0]: Elected as the group coordinator for partition 6 in epoch 0 (kafka.coordinator.group.GroupCoordinator:66)
[2026-03-04 15:48:16,648] INFO [GroupMetadataManager brokerId=0] Scheduling loading of offsets and group metadata from __consumer_offsets-6 for epoch 0 (kafka.coordinator.group.GroupMetadataManager:66)
[2026-03-04 15:48:16,648] INFO [GroupMetadataManager brokerId=0] Finished loading offsets and group metadata from __consumer_offsets-14 in 0 milliseconds for epoch 0, of which 0 milliseconds was spent in the scheduler. (kafka.coordinator.group.GroupMetadataManager:66)
[2026-03-04 15:48:16,648] INFO [GroupCoordinator 0]: Elected as the group coordinator for partition 9 in epoch 0 (kafka.coordinator.group.GroupCoordinator:66)
[2026-03-04 15:48:16,648] INFO [GroupMetadataManager brokerId=0] Scheduling loading of offsets and group metadata from __consumer_offsets-9 for epoch 0 (kafka.coordinator.group.GroupMetadataManager:66)
[2026-03-04 15:48:16,648] INFO [GroupMetadataManager brokerId=0] Finished loading offsets and group metadata from __consumer_offsets-17 in 0 milliseconds for epoch 0, of which 0 milliseconds was spent in the scheduler. (kafka.coordinator.group.GroupMetadataManager:66)
[2026-03-04 15:48:16,648] INFO [GroupCoordinator 0]: Elected as the group coordinator for partition 12 in epoch 0 (kafka.coordinator.group.GroupCoordinator:66)
[2026-03-04 15:48:16,648] INFO [GroupMetadataManager brokerId=0] Scheduling loading of offsets and group metadata from __consumer_offsets-12 for epoch 0 (kafka.coordinator.group.GroupMetadataManager:66)
[2026-03-04 15:48:16,648] INFO [GroupMetadataManager brokerId=0] Finished loading offsets and group metadata from __consumer_offsets-20 in 0 milliseconds for epoch 0, of which 0 milliseconds was spent in the scheduler. (kafka.coordinator.group.GroupMetadataManager:66)
[2026-03-04 15:48:16,648] INFO [GroupCoordinator 0]: Elected as the group coordinator for partition 15 in epoch 0 (kafka.coordinator.group.GroupCoordinator:66)
[2026-03-04 15:48:16,648] INFO [GroupMetadataManager brokerId=0] Scheduling loading of offsets and group metadata from __consumer_offsets-15 for epoch 0 (kafka.coordinator.group.GroupMetadataManager:66)
[2026-03-04 15:48:16,648] INFO [GroupMetadataManager brokerId=0] Finished loading offsets and group metadata from __consumer_offsets-23 in 0 milliseconds for epoch 0, of which 0 milliseconds was spent in the scheduler. (kafka.coordinator.group.GroupMetadataManager:66)
[2026-03-04 15:48:16,648] INFO [GroupCoordinator 0]: Elected as the group coordinator for partition 18 in epoch 0 (kafka.coordinator.group.GroupCoordinator:66)
[2026-03-04 15:48:16,648] INFO [GroupMetadataManager brokerId=0] Scheduling loading of offsets and group metadata from __consumer_offsets-18 for epoch 0 (kafka.coordinator.group.GroupMetadataManager:66)
[2026-03-04 15:48:16,648] INFO [GroupCoordinator 0]: Elected as the group coordinator for partition 21 in epoch 0 (kafka.coordinator.group.GroupCoordinator:66)
[2026-03-04 15:48:16,648] INFO [GroupMetadataManager brokerId=0] Scheduling loading of offsets and group metadata from __consumer_offsets-21 for epoch 0 (kafka.coordinator.group.GroupMetadataManager:66)
[2026-03-04 15:48:16,648] INFO [GroupMetadataManager brokerId=0] Finished loading offsets and group metadata from __consumer_offsets-26 in 0 milliseconds for epoch 0, of which 0 milliseconds was spent in the scheduler. (kafka.coordinator.group.GroupMetadataManager:66)
[2026-03-04 15:48:16,648] INFO [GroupCoordinator 0]: Elected as the group coordinator for partition 24 in epoch 0 (kafka.coordinator.group.GroupCoordinator:66)
[2026-03-04 15:48:16,648] INFO [GroupMetadataManager brokerId=0] Scheduling loading of offsets and group metadata from __consumer_offsets-24 for epoch 0 (kafka.coordinator.group.GroupMetadataManager:66)
[2026-03-04 15:48:16,648] INFO [GroupMetadataManager brokerId=0] Finished loading offsets and group metadata from __consumer_offsets-29 in 0 milliseconds for epoch 0, of which 0 milliseconds was spent in the scheduler. (kafka.coordinator.group.GroupMetadataManager:66)
[2026-03-04 15:48:16,648] INFO [GroupCoordinator 0]: Elected as the group coordinator for partition 27 in epoch 0 (kafka.coordinator.group.GroupCoordinator:66)
[2026-03-04 15:48:16,648] INFO [GroupMetadataManager brokerId=0] Scheduling loading of offsets and group metadata from __consumer_offsets-27 for epoch 0 (kafka.coordinator.group.GroupMetadataManager:66)
[2026-03-04 15:48:16,648] INFO [GroupMetadataManager brokerId=0] Finished loading offsets and group metadata from __consumer_offsets-32 in 0 milliseconds for epoch 0, of which 0 milliseconds was spent in the scheduler. (kafka.coordinator.group.GroupMetadataManager:66)
[2026-03-04 15:48:16,648] INFO [GroupCoordinator 0]: Elected as the group coordinator for partition 30 in epoch 0 (kafka.coordinator.group.GroupCoordinator:66)
[2026-03-04 15:48:16,648] INFO [GroupMetadataManager brokerId=0] Finished loading offsets and group metadata from __consumer_offsets-35 in 0 milliseconds for epoch 0, of which 0 milliseconds was spent in the scheduler. (kafka.coordinator.group.GroupMetadataManager:66)
[2026-03-04 15:48:16,648] INFO [GroupMetadataManager brokerId=0] Scheduling loading of offsets and group metadata from __consumer_offsets-30 for epoch 0 (kafka.coordinator.group.GroupMetadataManager:66)
[2026-03-04 15:48:16,648] INFO [GroupCoordinator 0]: Elected as the group coordinator for partition 33 in epoch 0 (kafka.coordinator.group.GroupCoordinator:66)
[2026-03-04 15:48:16,648] INFO [GroupMetadataManager brokerId=0] Finished loading offsets and group metadata from __consumer_offsets-38 in 0 milliseconds for epoch 0, of which 0 milliseconds was spent in the scheduler. (kafka.coordinator.group.GroupMetadataManager:66)
[2026-03-04 15:48:16,648] INFO [GroupMetadataManager brokerId=0] Scheduling loading of offsets and group metadata from __consumer_offsets-33 for epoch 0 (kafka.coordinator.group.GroupMetadataManager:66)
[2026-03-04 15:48:16,648] INFO [GroupMetadataManager brokerId=0] Finished loading offsets and group metadata from __consumer_offsets-0 in 0 milliseconds for epoch 0, of which 0 milliseconds was spent in the scheduler. (kafka.coordinator.group.GroupMetadataManager:66)
[2026-03-04 15:48:16,648] INFO [GroupCoordinator 0]: Elected as the group coordinator for partition 36 in epoch 0 (kafka.coordinator.group.GroupCoordinator:66)
[2026-03-04 15:48:16,648] INFO [GroupMetadataManager brokerId=0] Scheduling loading of offsets and group metadata from __consumer_offsets-36 for epoch 0 (kafka.coordinator.group.GroupMetadataManager:66)
[2026-03-04 15:48:16,648] INFO [GroupMetadataManager brokerId=0] Finished loading offsets and group metadata from __consumer_offsets-3 in 0 milliseconds for epoch 0, of which 0 milliseconds was spent in the scheduler. (kafka.coordinator.group.GroupMetadataManager:66)
[2026-03-04 15:48:16,648] INFO [GroupCoordinator 0]: Elected as the group coordinator for partition 39 in epoch 0 (kafka.coordinator.group.GroupCoordinator:66)
[2026-03-04 15:48:16,648] INFO [GroupMetadataManager brokerId=0] Scheduling loading of offsets and group metadata from __consumer_offsets-39 for epoch 0 (kafka.coordinator.group.GroupMetadataManager:66)
[2026-03-04 15:48:16,648] INFO [GroupMetadataManager brokerId=0] Finished loading offsets and group metadata from __consumer_offsets-6 in 0 milliseconds for epoch 0, of which 0 milliseconds was spent in the scheduler. (kafka.coordinator.group.GroupMetadataManager:66)
[2026-03-04 15:48:16,648] INFO [GroupCoordinator 0]: Elected as the group coordinator for partition 42 in epoch 0 (kafka.coordinator.group.GroupCoordinator:66)
[2026-03-04 15:48:16,648] INFO [GroupMetadataManager brokerId=0] Scheduling loading of offsets and group metadata from __consumer_offsets-42 for epoch 0 (kafka.coordinator.group.GroupMetadataManager:66)
[2026-03-04 15:48:16,648] INFO [GroupMetadataManager brokerId=0] Finished loading offsets and group metadata from __consumer_offsets-9 in 0 milliseconds for epoch 0, of which 0 milliseconds was spent in the scheduler. (kafka.coordinator.group.GroupMetadataManager:66)
[2026-03-04 15:48:16,648] INFO [GroupCoordinator 0]: Elected as the group coordinator for partition 45 in epoch 0 (kafka.coordinator.group.GroupCoordinator:66)
[2026-03-04 15:48:16,648] INFO [GroupMetadataManager brokerId=0] Scheduling loading of offsets and group metadata from __consumer_offsets-45 for epoch 0 (kafka.coordinator.group.GroupMetadataManager:66)
[2026-03-04 15:48:16,648] INFO [GroupMetadataManager brokerId=0] Finished loading offsets and group metadata from __consumer_offsets-12 in 0 milliseconds for epoch 0, of which 0 milliseconds was spent in the scheduler. (kafka.coordinator.group.GroupMetadataManager:66)
[2026-03-04 15:48:16,648] INFO [GroupCoordinator 0]: Elected as the group coordinator for partition 48 in epoch 0 (kafka.coordinator.group.GroupCoordinator:66)
[2026-03-04 15:48:16,648] INFO [GroupMetadataManager brokerId=0] Scheduling loading of offsets and group metadata from __consumer_offsets-48 for epoch 0 (kafka.coordinator.group.GroupMetadataManager:66)
[2026-03-04 15:48:16,648] INFO [GroupMetadataManager brokerId=0] Finished loading offsets and group metadata from __consumer_offsets-15 in 0 milliseconds for epoch 0, of which 0 milliseconds was spent in the scheduler. (kafka.coordinator.group.GroupMetadataManager:66)
[2026-03-04 15:48:16,649] INFO [GroupMetadataManager brokerId=0] Finished loading offsets and group metadata from __consumer_offsets-18 in 1 milliseconds for epoch 0, of which 0 milliseconds was spent in the scheduler. (kafka.coordinator.group.GroupMetadataManager:66)
[2026-03-04 15:48:16,649] INFO [GroupMetadataManager brokerId=0] Finished loading offsets and group metadata from __consumer_offsets-21 in 1 milliseconds for epoch 0, of which 1 milliseconds was spent in the scheduler. (kafka.coordinator.group.GroupMetadataManager:66)
[2026-03-04 15:48:16,649] INFO [GroupMetadataManager brokerId=0] Finished loading offsets and group metadata from __consumer_offsets-24 in 1 milliseconds for epoch 0, of which 1 milliseconds was spent in the scheduler. (kafka.coordinator.group.GroupMetadataManager:66)
[2026-03-04 15:48:16,649] INFO [Broker id=0] Finished LeaderAndIsr request in 32ms correlationId 7 from controller 0 for 50 partitions (state.change.logger:66)
[2026-03-04 15:48:16,649] INFO [GroupMetadataManager brokerId=0] Finished loading offsets and group metadata from __consumer_offsets-27 in 1 milliseconds for epoch 0, of which 1 milliseconds was spent in the scheduler. (kafka.coordinator.group.GroupMetadataManager:66)
[2026-03-04 15:48:16,649] INFO [GroupMetadataManager brokerId=0] Finished loading offsets and group metadata from __consumer_offsets-30 in 1 milliseconds for epoch 0, of which 1 milliseconds was spent in the scheduler. (kafka.coordinator.group.GroupMetadataManager:66)
[2026-03-04 15:48:16,649] INFO [GroupMetadataManager brokerId=0] Finished loading offsets and group metadata from __consumer_offsets-33 in 1 milliseconds for epoch 0, of which 1 milliseconds was spent in the scheduler. (kafka.coordinator.group.GroupMetadataManager:66)
[2026-03-04 15:48:16,649] INFO [GroupMetadataManager brokerId=0] Finished loading offsets and group metadata from __consumer_offsets-36 in 1 milliseconds for epoch 0, of which 1 milliseconds was spent in the scheduler. (kafka.coordinator.group.GroupMetadataManager:66)
[2026-03-04 15:48:16,649] INFO [GroupMetadataManager brokerId=0] Finished loading offsets and group metadata from __consumer_offsets-39 in 1 milliseconds for epoch 0, of which 1 milliseconds was spent in the scheduler. (kafka.coordinator.group.GroupMetadataManager:66)
[2026-03-04 15:48:16,649] INFO [GroupMetadataManager brokerId=0] Finished loading offsets and group metadata from __consumer_offsets-42 in 1 milliseconds for epoch 0, of which 1 milliseconds was spent in the scheduler. (kafka.coordinator.group.GroupMetadataManager:66)
[2026-03-04 15:48:16,649] INFO [GroupMetadataManager brokerId=0] Finished loading offsets and group metadata from __consumer_offsets-45 in 1 milliseconds for epoch 0, of which 1 milliseconds was spent in the scheduler. (kafka.coordinator.group.GroupMetadataManager:66)
[2026-03-04 15:48:16,649] INFO [GroupMetadataManager brokerId=0] Finished loading offsets and group metadata from __consumer_offsets-48 in 1 milliseconds for epoch 0, of which 1 milliseconds was spent in the scheduler. (kafka.coordinator.group.GroupMetadataManager:66)
[2026-03-04 15:48:16,649] INFO [Broker id=0] Add 50 partitions and deleted 0 partitions from metadata cache in response to UpdateMetadata request sent by controller 0 epoch 1 with correlation id 8 (state.change.logger:66)
[2026-03-04 15:48:16,730] INFO [Worker clientId=connect-localhost:36425, groupId=connect-integration-test-kcbq-connect-cluster] Discovered group coordinator localhost:41079 (id: 2147483647 rack: null) (org.apache.kafka.connect.runtime.distributed.WorkerCoordinator:936)
[2026-03-04 15:48:16,730] INFO [Worker clientId=connect-localhost:36425, groupId=connect-integration-test-kcbq-connect-cluster] Rebalance started (org.apache.kafka.connect.runtime.distributed.WorkerCoordinator:242)
[2026-03-04 15:48:16,730] INFO [Worker clientId=connect-localhost:36425, groupId=connect-integration-test-kcbq-connect-cluster] (Re-)joining group (org.apache.kafka.connect.runtime.distributed.WorkerCoordinator:604)
[2026-03-04 15:48:16,730] INFO [GroupCoordinator 0]: Dynamic member with unknown member id joins group connect-integration-test-kcbq-connect-cluster in Empty state. Created a new member id connect-localhost:36425-d5054138-5fd3-4aa1-b8c3-2bf4790ad1a5 and request the member to rejoin with this id. (kafka.coordinator.group.GroupCoordinator:66)
[2026-03-04 15:48:16,731] INFO [Worker clientId=connect-localhost:36425, groupId=connect-integration-test-kcbq-connect-cluster] (Re-)joining group (org.apache.kafka.connect.runtime.distributed.WorkerCoordinator:604)
[2026-03-04 15:48:16,731] INFO [GroupCoordinator 0]: Preparing to rebalance group connect-integration-test-kcbq-connect-cluster in state PreparingRebalance with old generation 0 (__consumer_offsets-42) (reason: Adding new member connect-localhost:36425-d5054138-5fd3-4aa1-b8c3-2bf4790ad1a5 with group instance id None; client reason: ) (kafka.coordinator.group.GroupCoordinator:66)
[2026-03-04 15:48:16,731] INFO [GroupCoordinator 0]: Stabilized group connect-integration-test-kcbq-connect-cluster generation 1 (__consumer_offsets-42) with 1 members (kafka.coordinator.group.GroupCoordinator:66)
[2026-03-04 15:48:16,731] INFO [Worker clientId=connect-localhost:36425, groupId=connect-integration-test-kcbq-connect-cluster] Successfully joined group with generation Generation{generationId=1, memberId='connect-localhost:36425-d5054138-5fd3-4aa1-b8c3-2bf4790ad1a5', protocol='sessioned'} (org.apache.kafka.connect.runtime.distributed.WorkerCoordinator:665)
[2026-03-04 15:48:16,731] INFO [GroupCoordinator 0]: Assignment received from leader connect-localhost:36425-d5054138-5fd3-4aa1-b8c3-2bf4790ad1a5 for group connect-integration-test-kcbq-connect-cluster for generation 1. The group has 1 members, 0 of which are static. (kafka.coordinator.group.GroupCoordinator:66)
[2026-03-04 15:48:16,732] INFO [Worker clientId=connect-localhost:36425, groupId=connect-integration-test-kcbq-connect-cluster] Successfully synced group in generation Generation{generationId=1, memberId='connect-localhost:36425-d5054138-5fd3-4aa1-b8c3-2bf4790ad1a5', protocol='sessioned'} (org.apache.kafka.connect.runtime.distributed.WorkerCoordinator:842)
[2026-03-04 15:48:16,732] INFO [Worker clientId=connect-localhost:36425, groupId=connect-integration-test-kcbq-connect-cluster] Joined group at generation 1 with protocol version 2 and got assignment: Assignment{error=0, leader='connect-localhost:36425-d5054138-5fd3-4aa1-b8c3-2bf4790ad1a5', leaderUrl='http://localhost:36425/', offset=-1, connectorIds=[], taskIds=[], revokedConnectorIds=[], revokedTaskIds=[], delay=0} with rebalance delay: 0 (org.apache.kafka.connect.runtime.distributed.DistributedHerder:2621)
[2026-03-04 15:48:16,732] INFO [Worker clientId=connect-localhost:36425, groupId=connect-integration-test-kcbq-connect-cluster] Starting connectors and tasks using config offset -1 (org.apache.kafka.connect.runtime.distributed.DistributedHerder:1959)
[2026-03-04 15:48:16,732] INFO [Worker clientId=connect-localhost:36425, groupId=connect-integration-test-kcbq-connect-cluster] Finished starting connectors and tasks (org.apache.kafka.connect.runtime.distributed.DistributedHerder:1988)
[2026-03-04 15:48:16,734] INFO [Worker clientId=connect-localhost:36425, groupId=connect-integration-test-kcbq-connect-cluster] Session key updated (org.apache.kafka.connect.runtime.distributed.DistributedHerder:2483)
[2026-03-04 15:48:16,737] INFO 127.0.0.1 - - [04/Mar/2026:10:18:16 +0000] "GET /connectors/liveness-check HTTP/1.1" 404 65 "-" "Jetty/9.4.56.v20240826" 170 (org.apache.kafka.connect.runtime.rest.RestServer:62)
[2026-03-04 15:48:16,737] INFO GET response for URL=http://localhost:36425/connectors/liveness-check is {"error_code":404,"message":"Connector liveness-check not found"} (org.apache.kafka.connect.util.clusters.EmbeddedConnect:1016)
[2026-03-04 15:48:16,737] INFO Completed startup of 1 Connect workers (org.apache.kafka.connect.util.clusters.EmbeddedConnect:152)
[2026-03-04 15:48:16,737] INFO AdminClientConfig values: 
	auto.include.jmx.reporter = true
	bootstrap.controllers = []
	bootstrap.servers = [localhost:41079]
	client.dns.lookup = use_all_dns_ips
	client.id = 
	connections.max.idle.ms = 300000
	default.api.timeout.ms = 60000
	enable.metrics.push = true
	metadata.max.age.ms = 300000
	metadata.recovery.strategy = none
	metric.reporters = []
	metrics.num.samples = 2
	metrics.recording.level = INFO
	metrics.sample.window.ms = 30000
	receive.buffer.bytes = 65536
	reconnect.backoff.max.ms = 1000
	reconnect.backoff.ms = 50
	request.timeout.ms = 30000
	retries = 2147483647
	retry.backoff.max.ms = 1000
	retry.backoff.ms = 100
	sasl.client.callback.handler.class = null
	sasl.jaas.config = null
	sasl.kerberos.kinit.cmd = /usr/bin/kinit
	sasl.kerberos.min.time.before.relogin = 60000
	sasl.kerberos.service.name = null
	sasl.kerberos.ticket.renew.jitter = 0.05
	sasl.kerberos.ticket.renew.window.factor = 0.8
	sasl.login.callback.handler.class = null
	sasl.login.class = null
	sasl.login.connect.timeout.ms = null
	sasl.login.read.timeout.ms = null
	sasl.login.refresh.buffer.seconds = 300
	sasl.login.refresh.min.period.seconds = 60
	sasl.login.refresh.window.factor = 0.8
	sasl.login.refresh.window.jitter = 0.05
	sasl.login.retry.backoff.max.ms = 10000
	sasl.login.retry.backoff.ms = 100
	sasl.mechanism = GSSAPI
	sasl.oauthbearer.clock.skew.seconds = 30
	sasl.oauthbearer.expected.audience = null
	sasl.oauthbearer.expected.issuer = null
	sasl.oauthbearer.jwks.endpoint.refresh.ms = 3600000
	sasl.oauthbearer.jwks.endpoint.retry.backoff.max.ms = 10000
	sasl.oauthbearer.jwks.endpoint.retry.backoff.ms = 100
	sasl.oauthbearer.jwks.endpoint.url = null
	sasl.oauthbearer.scope.claim.name = scope
	sasl.oauthbearer.sub.claim.name = sub
	sasl.oauthbearer.token.endpoint.url = null
	security.protocol = PLAINTEXT
	security.providers = null
	send.buffer.bytes = 131072
	socket.connection.setup.timeout.max.ms = 30000
	socket.connection.setup.timeout.ms = 10000
	ssl.cipher.suites = null
	ssl.enabled.protocols = [TLSv1.2, TLSv1.3]
	ssl.endpoint.identification.algorithm = https
	ssl.engine.factory.class = null
	ssl.key.password = null
	ssl.keymanager.algorithm = SunX509
	ssl.keystore.certificate.chain = null
	ssl.keystore.key = null
	ssl.keystore.location = null
	ssl.keystore.password = null
	ssl.keystore.type = JKS
	ssl.protocol = TLSv1.3
	ssl.provider = null
	ssl.secure.random.implementation = null
	ssl.trustmanager.algorithm = PKIX
	ssl.truststore.certificates = null
	ssl.truststore.location = null
	ssl.truststore.password = null
	ssl.truststore.type = JKS
 (org.apache.kafka.clients.admin.AdminClientConfig:372)
[2026-03-04 15:48:16,738] INFO Kafka version: 3.8.1 (org.apache.kafka.common.utils.AppInfoParser:124)
[2026-03-04 15:48:16,738] INFO Kafka commitId: 70d6ff42debf7e17 (org.apache.kafka.common.utils.AppInfoParser:125)
[2026-03-04 15:48:16,738] INFO Kafka startTimeMs: 1772619496738 (org.apache.kafka.common.utils.AppInfoParser:126)
[2026-03-04 15:48:16,738] DEBUG Attempting to open file /home/killua/Downloads/gen-lang-client-0026556124-a7c58e438363.json for service account json key (com.wepay.kafka.connect.bigquery.GcpClientBuilder:147)
[2026-03-04 15:48:16,739] INFO SchemaRegistryConfig values: 
	access.control.allow.headers = 
	access.control.allow.methods = 
	access.control.allow.origin = 
	access.control.expose.headers = 
	access.control.skip.options = true
	authentication.method = NONE
	authentication.realm = 
	authentication.roles = [*]
	authentication.skip.paths = []
	avro.compatibility.level = 
	compression.enable = true
	connector.connection.limit = 0
	context.search.default.limit = 2147483647
	context.search.max.limit = 2147483647
	csrf.prevention.enable = false
	csrf.prevention.token.endpoint = /csrf
	csrf.prevention.token.expiration.minutes = 30
	csrf.prevention.token.max.entries = 10000
	debug = false
	dos.filter.delay.ms = 100
	dos.filter.enabled = false
	dos.filter.insert.headers = true
	dos.filter.ip.whitelist = []
	dos.filter.managed.attr = false
	dos.filter.max.idle.tracker.ms = 30000
	dos.filter.max.requests.ms = 30000
	dos.filter.max.requests.per.connection.per.sec = 25
	dos.filter.max.requests.per.sec = 25
	dos.filter.max.wait.ms = 50
	dos.filter.throttle.ms = 30000
	dos.filter.throttled.requests = 5
	enable.fips = false
	enable.store.health.check = false
	host.name = hinata-waifu
	host.port = 8081
	hsts.header.enable = false
	http2.enabled = true
	idle.timeout.ms = 30000
	init.resource.extension.class = []
	inter.instance.headers.whitelist = []
	inter.instance.listener.name = 
	inter.instance.protocol = http
	kafkagroup.heartbeat.interval.ms = 3000
	kafkagroup.rebalance.timeout.ms = 300000
	kafkagroup.session.timeout.ms = 10000
	kafkastore.bootstrap.servers = [localhost:41079]
	kafkastore.checkpoint.dir = /tmp
	kafkastore.checkpoint.version = 0
	kafkastore.connection.url = 
	kafkastore.group.id = 
	kafkastore.init.timeout.ms = 60000
	kafkastore.init.wait.for.reader = true
	kafkastore.sasl.kerberos.kinit.cmd = /usr/bin/kinit
	kafkastore.sasl.kerberos.min.time.before.relogin = 60000
	kafkastore.sasl.kerberos.service.name = 
	kafkastore.sasl.kerberos.ticket.renew.jitter = 0.05
	kafkastore.sasl.kerberos.ticket.renew.window.factor = 0.8
	kafkastore.sasl.mechanism = GSSAPI
	kafkastore.security.protocol = PLAINTEXT
	kafkastore.ssl.cipher.suites = 
	kafkastore.ssl.enabled.protocols = TLSv1.2,TLSv1.1,TLSv1
	kafkastore.ssl.endpoint.identification.algorithm = 
	kafkastore.ssl.key.password = [hidden]
	kafkastore.ssl.keymanager.algorithm = SunX509
	kafkastore.ssl.keystore.location = 
	kafkastore.ssl.keystore.password = [hidden]
	kafkastore.ssl.keystore.type = JKS
	kafkastore.ssl.protocol = TLS
	kafkastore.ssl.provider = 
	kafkastore.ssl.trustmanager.algorithm = PKIX
	kafkastore.ssl.truststore.location = 
	kafkastore.ssl.truststore.password = [hidden]
	kafkastore.ssl.truststore.type = JKS
	kafkastore.timeout.ms = 500
	kafkastore.topic = _schemas
	kafkastore.topic.replication.factor = 3
	kafkastore.topic.skip.validation = false
	kafkastore.update.handlers = []
	kafkastore.write.max.retries = 5
	leader.connect.timeout.ms = 60000
	leader.election.delay = false
	leader.election.sticky = false
	leader.eligibility = true
	leader.read.timeout.ms = 60000
	listener.protocol.map = []
	listeners = []
	master.eligibility = null
	max.request.header.size = 8192
	max.response.header.size = 8192
	metadata.encoder.old.secret = null
	metadata.encoder.secret = null
	metadata.encoder.topic = _schema_encoders
	metric.reporters = []
	metrics.global.stats.request.tags.enable = false
	metrics.jmx.prefix = kafka.schema.registry
	metrics.latency.sla.ms = 50
	metrics.latency.slo.ms = 5
	metrics.latency.slo.sla.enable = false
	metrics.num.samples = 2
	metrics.sample.window.ms = 30000
	metrics.tag.map = []
	mode.mutability = true
	network.forwarded.request.customizer.enable = false
	network.traffic.rate.limit.backend = guava
	network.traffic.rate.limit.bytes.per.sec = 20971520
	network.traffic.rate.limit.enable = false
	nosniff.prevention.enable = false
	port = 42201
	prefix.sni.check.enabled = false
	prefix.sni.prefix = 
	proxy.protocol.enabled = false
	reject.options.request = false
	request.logger.name = io.confluent.rest-utils.requests
	request.queue.capacity = 2147483647
	request.queue.capacity.growby = 64
	request.queue.capacity.init = 128
	resource.extension.class = []
	resource.extension.classes = []
	resource.static.locations = []
	response.http.headers.config = 
	response.mediatype.default = application/vnd.schemaregistry.v1+json
	response.mediatype.preferred = [application/vnd.schemaregistry.v1+json, application/vnd.schemaregistry+json, application/json]
	rest.servlet.initializor.classes = []
	schema.cache.expiry.secs = 300
	schema.cache.size = 1000
	schema.canonicalize.on.consume = []
	schema.compatibility.level = NONE
	schema.providers = []
	schema.registry.group.id = schema-registry
	schema.registry.inter.instance.protocol = 
	schema.registry.resource.extension.class = []
	schema.search.default.limit = 1000
	schema.search.max.limit = 1000
	schema.validate.fields = false
	server.connection.limit = 0
	shutdown.graceful.ms = 1000
	sni.check.enabled = false
	sni.host.check.enabled = true
	ssl.cipher.suites = []
	ssl.client.auth = false
	ssl.client.authentication = NONE
	ssl.enabled.protocols = []
	ssl.endpoint.identification.algorithm = null
	ssl.key.password = [hidden]
	ssl.keymanager.algorithm = 
	ssl.keystore.location = 
	ssl.keystore.password = [hidden]
	ssl.keystore.reload = false
	ssl.keystore.type = JKS
	ssl.keystore.watch.location = 
	ssl.protocol = TLS
	ssl.provider = 
	ssl.spire.enabled = false
	ssl.trustmanager.algorithm = 
	ssl.truststore.location = 
	ssl.truststore.password = [hidden]
	ssl.truststore.type = JKS
	subject.search.default.limit = 2147483647
	subject.search.max.limit = 2147483647
	subject.version.search.default.limit = 2147483647
	subject.version.search.max.limit = 2147483647
	suppress.stack.trace.response = true
	thread.pool.max = 200
	thread.pool.min = 8
	websocket.path.prefix = /ws
	websocket.servlet.initializor.classes = []
 (io.confluent.kafka.schemaregistry.rest.SchemaRegistryConfig:372)
[2026-03-04 15:48:16,740] INFO Initial capacity 128, increased by 64, maximum capacity 2147483647. (io.confluent.rest.ApplicationServer:516)
[2026-03-04 15:48:16,741] INFO Adding listener with HTTP/2: NamedURI{uri=http://0.0.0.0:42201, name='null'} (io.confluent.rest.ApplicationServer:383)
[2026-03-04 15:48:16,741] INFO Registered MetricsListener to network connector null of listener: null (io.confluent.rest.ApplicationServer:171)
[2026-03-04 15:48:16,742] INFO Found internal listener: NamedURI{uri=http://0.0.0.0:42201, name='null'} (io.confluent.kafka.schemaregistry.storage.KafkaSchemaRegistry:207)
[2026-03-04 15:48:16,742] INFO Setting my identity to version=1,host=hinata-waifu,port=42201,scheme=http,leaderEligibility=true,isLeader=false (io.confluent.kafka.schemaregistry.storage.KafkaSchemaRegistry:210)
[2026-03-04 15:48:16,742] INFO AdminClientConfig values: 
	auto.include.jmx.reporter = true
	bootstrap.controllers = []
	bootstrap.servers = [PLAINTEXT://localhost:41079]
	client.dns.lookup = use_all_dns_ips
	client.id = 
	connections.max.idle.ms = 300000
	default.api.timeout.ms = 60000
	enable.metrics.push = true
	metadata.max.age.ms = 300000
	metadata.recovery.strategy = none
	metric.reporters = []
	metrics.num.samples = 2
	metrics.recording.level = INFO
	metrics.sample.window.ms = 30000
	receive.buffer.bytes = 65536
	reconnect.backoff.max.ms = 1000
	reconnect.backoff.ms = 50
	request.timeout.ms = 30000
	retries = 2147483647
	retry.backoff.max.ms = 1000
	retry.backoff.ms = 100
	sasl.client.callback.handler.class = null
	sasl.jaas.config = null
	sasl.kerberos.kinit.cmd = /usr/bin/kinit
	sasl.kerberos.min.time.before.relogin = 60000
	sasl.kerberos.service.name = null
	sasl.kerberos.ticket.renew.jitter = 0.05
	sasl.kerberos.ticket.renew.window.factor = 0.8
	sasl.login.callback.handler.class = null
	sasl.login.class = null
	sasl.login.connect.timeout.ms = null
	sasl.login.read.timeout.ms = null
	sasl.login.refresh.buffer.seconds = 300
	sasl.login.refresh.min.period.seconds = 60
	sasl.login.refresh.window.factor = 0.8
	sasl.login.refresh.window.jitter = 0.05
	sasl.login.retry.backoff.max.ms = 10000
	sasl.login.retry.backoff.ms = 100
	sasl.mechanism = GSSAPI
	sasl.oauthbearer.clock.skew.seconds = 30
	sasl.oauthbearer.expected.audience = null
	sasl.oauthbearer.expected.issuer = null
	sasl.oauthbearer.jwks.endpoint.refresh.ms = 3600000
	sasl.oauthbearer.jwks.endpoint.retry.backoff.max.ms = 10000
	sasl.oauthbearer.jwks.endpoint.retry.backoff.ms = 100
	sasl.oauthbearer.jwks.endpoint.url = null
	sasl.oauthbearer.scope.claim.name = scope
	sasl.oauthbearer.sub.claim.name = sub
	sasl.oauthbearer.token.endpoint.url = null
	security.protocol = PLAINTEXT
	security.providers = null
	send.buffer.bytes = 131072
	socket.connection.setup.timeout.max.ms = 30000
	socket.connection.setup.timeout.ms = 10000
	ssl.cipher.suites = null
	ssl.enabled.protocols = [TLSv1.2, TLSv1.3]
	ssl.endpoint.identification.algorithm = https
	ssl.engine.factory.class = null
	ssl.key.password = null
	ssl.keymanager.algorithm = SunX509
	ssl.keystore.certificate.chain = null
	ssl.keystore.key = null
	ssl.keystore.location = null
	ssl.keystore.password = null
	ssl.keystore.type = JKS
	ssl.protocol = TLSv1.3
	ssl.provider = null
	ssl.secure.random.implementation = null
	ssl.trustmanager.algorithm = PKIX
	ssl.truststore.certificates = null
	ssl.truststore.location = null
	ssl.truststore.password = null
	ssl.truststore.type = JKS
 (org.apache.kafka.clients.admin.AdminClientConfig:372)
[2026-03-04 15:48:16,742] INFO These configurations '[topic]' were supplied but are not used yet. (org.apache.kafka.clients.admin.AdminClientConfig:381)
[2026-03-04 15:48:16,742] INFO Kafka version: 3.8.1 (org.apache.kafka.common.utils.AppInfoParser:124)
[2026-03-04 15:48:16,742] INFO Kafka commitId: 70d6ff42debf7e17 (org.apache.kafka.common.utils.AppInfoParser:125)
[2026-03-04 15:48:16,742] INFO Kafka startTimeMs: 1772619496742 (org.apache.kafka.common.utils.AppInfoParser:126)
[2026-03-04 15:48:16,743] INFO App info kafka.admin.client for adminclient-8 unregistered (org.apache.kafka.common.utils.AppInfoParser:88)
[2026-03-04 15:48:16,743] INFO Metrics scheduler closed (org.apache.kafka.common.metrics.Metrics:684)
[2026-03-04 15:48:16,743] INFO Closing reporter org.apache.kafka.common.metrics.JmxReporter (org.apache.kafka.common.metrics.Metrics:688)
[2026-03-04 15:48:16,743] INFO Metrics reporters closed (org.apache.kafka.common.metrics.Metrics:694)
[2026-03-04 15:48:16,744] INFO Registering schema provider for AVRO: io.confluent.kafka.schemaregistry.avro.AvroSchemaProvider (io.confluent.kafka.schemaregistry.storage.KafkaSchemaRegistry:308)
[2026-03-04 15:48:16,744] INFO Registering schema provider for JSON: io.confluent.kafka.schemaregistry.json.JsonSchemaProvider (io.confluent.kafka.schemaregistry.storage.KafkaSchemaRegistry:308)
[2026-03-04 15:48:16,744] INFO Registering schema provider for PROTOBUF: io.confluent.kafka.schemaregistry.protobuf.ProtobufSchemaProvider (io.confluent.kafka.schemaregistry.storage.KafkaSchemaRegistry:308)
[2026-03-04 15:48:16,744] INFO Initializing KafkaStore with broker endpoints: PLAINTEXT://localhost:41079 (io.confluent.kafka.schemaregistry.storage.KafkaStore:114)
[2026-03-04 15:48:16,744] WARN No value specified for metadata.encoder.secret, sensitive metadata will not be encoded (io.confluent.kafka.schemaregistry.storage.encoder.MetadataEncoderService:94)
[2026-03-04 15:48:16,744] INFO AdminClientConfig values: 
	auto.include.jmx.reporter = true
	bootstrap.controllers = []
	bootstrap.servers = [PLAINTEXT://localhost:41079]
	client.dns.lookup = use_all_dns_ips
	client.id = 
	connections.max.idle.ms = 300000
	default.api.timeout.ms = 60000
	enable.metrics.push = true
	metadata.max.age.ms = 300000
	metadata.recovery.strategy = none
	metric.reporters = []
	metrics.num.samples = 2
	metrics.recording.level = INFO
	metrics.sample.window.ms = 30000
	receive.buffer.bytes = 65536
	reconnect.backoff.max.ms = 1000
	reconnect.backoff.ms = 50
	request.timeout.ms = 30000
	retries = 2147483647
	retry.backoff.max.ms = 1000
	retry.backoff.ms = 100
	sasl.client.callback.handler.class = null
	sasl.jaas.config = null
	sasl.kerberos.kinit.cmd = /usr/bin/kinit
	sasl.kerberos.min.time.before.relogin = 60000
	sasl.kerberos.service.name = null
	sasl.kerberos.ticket.renew.jitter = 0.05
	sasl.kerberos.ticket.renew.window.factor = 0.8
	sasl.login.callback.handler.class = null
	sasl.login.class = null
	sasl.login.connect.timeout.ms = null
	sasl.login.read.timeout.ms = null
	sasl.login.refresh.buffer.seconds = 300
	sasl.login.refresh.min.period.seconds = 60
	sasl.login.refresh.window.factor = 0.8
	sasl.login.refresh.window.jitter = 0.05
	sasl.login.retry.backoff.max.ms = 10000
	sasl.login.retry.backoff.ms = 100
	sasl.mechanism = GSSAPI
	sasl.oauthbearer.clock.skew.seconds = 30
	sasl.oauthbearer.expected.audience = null
	sasl.oauthbearer.expected.issuer = null
	sasl.oauthbearer.jwks.endpoint.refresh.ms = 3600000
	sasl.oauthbearer.jwks.endpoint.retry.backoff.max.ms = 10000
	sasl.oauthbearer.jwks.endpoint.retry.backoff.ms = 100
	sasl.oauthbearer.jwks.endpoint.url = null
	sasl.oauthbearer.scope.claim.name = scope
	sasl.oauthbearer.sub.claim.name = sub
	sasl.oauthbearer.token.endpoint.url = null
	security.protocol = PLAINTEXT
	security.providers = null
	send.buffer.bytes = 131072
	socket.connection.setup.timeout.max.ms = 30000
	socket.connection.setup.timeout.ms = 10000
	ssl.cipher.suites = null
	ssl.enabled.protocols = [TLSv1.2, TLSv1.3]
	ssl.endpoint.identification.algorithm = https
	ssl.engine.factory.class = null
	ssl.key.password = null
	ssl.keymanager.algorithm = SunX509
	ssl.keystore.certificate.chain = null
	ssl.keystore.key = null
	ssl.keystore.location = null
	ssl.keystore.password = null
	ssl.keystore.type = JKS
	ssl.protocol = TLSv1.3
	ssl.provider = null
	ssl.secure.random.implementation = null
	ssl.trustmanager.algorithm = PKIX
	ssl.truststore.certificates = null
	ssl.truststore.location = null
	ssl.truststore.password = null
	ssl.truststore.type = JKS
 (org.apache.kafka.clients.admin.AdminClientConfig:372)
[2026-03-04 15:48:16,744] INFO These configurations '[topic]' were supplied but are not used yet. (org.apache.kafka.clients.admin.AdminClientConfig:381)
[2026-03-04 15:48:16,744] INFO Kafka version: 3.8.1 (org.apache.kafka.common.utils.AppInfoParser:124)
[2026-03-04 15:48:16,744] INFO Kafka commitId: 70d6ff42debf7e17 (org.apache.kafka.common.utils.AppInfoParser:125)
[2026-03-04 15:48:16,744] INFO Kafka startTimeMs: 1772619496744 (org.apache.kafka.common.utils.AppInfoParser:126)
[2026-03-04 15:48:16,745] INFO Creating schemas topic _schemas (io.confluent.kafka.schemaregistry.storage.KafkaStore:210)
[2026-03-04 15:48:16,745] WARN Creating the schema topic _schemas using a replication factor of 1, which is less than the desired one of 3. If this is a production environment, it's crucial to add more brokers and increase the replication factor of the topic. (io.confluent.kafka.schemaregistry.storage.KafkaStore:220)
[2026-03-04 15:48:16,747] INFO Creating topic _schemas with configuration {cleanup.policy=compact} and initial partition assignment Map(0 -> ArrayBuffer(0)) (kafka.zk.AdminZkClient:66)
[2026-03-04 15:48:16,748] INFO [Controller id=0] New topics: [Set(_schemas)], deleted topics: [Set()], new partition replica assignment [Set(TopicIdReplicaAssignment(_schemas,Some(QiX_mp_iQPmnY4tRJdzihA),Map(_schemas-0 -> ReplicaAssignment(replicas=0, addingReplicas=, removingReplicas=))))] (kafka.controller.KafkaController:66)
[2026-03-04 15:48:16,748] INFO [Controller id=0] New partition creation callback for _schemas-0 (kafka.controller.KafkaController:66)
[2026-03-04 15:48:16,749] INFO [Controller id=0 epoch=1] Changed partition _schemas-0 state from NonExistentPartition to NewPartition with assigned replicas 0 (state.change.logger:66)
[2026-03-04 15:48:16,749] INFO [Controller id=0 epoch=1] Sending UpdateMetadata request to brokers Set() for 0 partitions (state.change.logger:66)
[2026-03-04 15:48:16,749] INFO [Controller id=0 epoch=1] Sending UpdateMetadata request to brokers Set() for 0 partitions (state.change.logger:66)
[2026-03-04 15:48:16,749] INFO [Controller id=0 epoch=1] Changed partition _schemas-0 from NewPartition to OnlinePartition with state LeaderAndIsr(leader=0, leaderEpoch=0, isrWithBrokerEpoch=List(BrokerState(brokerId=0, brokerEpoch=-1)), leaderRecoveryState=RECOVERED, partitionEpoch=0) (state.change.logger:66)
[2026-03-04 15:48:16,749] INFO [Controller id=0 epoch=1] Sending LeaderAndIsr request to broker 0 with 1 become-leader and 0 become-follower partitions (state.change.logger:66)
[2026-03-04 15:48:16,749] INFO [Controller id=0 epoch=1] Sending UpdateMetadata request to brokers Set(0) for 1 partitions (state.change.logger:66)
[2026-03-04 15:48:16,750] INFO [Controller id=0 epoch=1] Sending UpdateMetadata request to brokers Set() for 0 partitions (state.change.logger:66)
[2026-03-04 15:48:16,750] INFO [Broker id=0] Handling LeaderAndIsr request correlationId 9 from controller 0 for 1 partitions (state.change.logger:66)
[2026-03-04 15:48:16,750] INFO [ReplicaFetcherManager on broker 0] Removed fetcher for partitions Set(_schemas-0) (kafka.server.ReplicaFetcherManager:66)
[2026-03-04 15:48:16,750] INFO [Broker id=0] Stopped fetchers as part of LeaderAndIsr request correlationId 9 from controller 0 epoch 1 as part of the become-leader transition for 1 partitions (state.change.logger:66)
[2026-03-04 15:48:16,751] INFO [LogLoader partition=_schemas-0, dir=/tmp/EmbeddedKafkaCluster2815493917284875739] Loading producer state till offset 0 with message format version 2 (kafka.log.UnifiedLog$:1937)
[2026-03-04 15:48:16,751] INFO Created log for partition _schemas-0 in /tmp/EmbeddedKafkaCluster2815493917284875739/_schemas-0 with properties {cleanup.policy=compact} (kafka.log.LogManager:66)
[2026-03-04 15:48:16,751] INFO [Partition _schemas-0 broker=0] No checkpointed highwatermark is found for partition _schemas-0 (kafka.cluster.Partition:66)
[2026-03-04 15:48:16,751] INFO [Partition _schemas-0 broker=0] Log loaded for partition _schemas-0 with initial high watermark 0 (kafka.cluster.Partition:66)
[2026-03-04 15:48:16,751] INFO [Broker id=0] Leader _schemas-0 with topic id Some(QiX_mp_iQPmnY4tRJdzihA) starts at leader epoch 0 from offset 0 with partition epoch 0, high watermark 0, ISR [0], adding replicas [] and removing replicas [] . Previous leader None and previous leader epoch was -1. (state.change.logger:66)
[2026-03-04 15:48:16,751] INFO [Broker id=0] Finished LeaderAndIsr request in 1ms correlationId 9 from controller 0 for 1 partitions (state.change.logger:66)
[2026-03-04 15:48:16,752] INFO [Broker id=0] Add 1 partitions and deleted 0 partitions from metadata cache in response to UpdateMetadata request sent by controller 0 epoch 1 with correlation id 10 (state.change.logger:66)
[2026-03-04 15:48:16,752] INFO App info kafka.admin.client for adminclient-9 unregistered (org.apache.kafka.common.utils.AppInfoParser:88)
[2026-03-04 15:48:16,752] INFO Metrics scheduler closed (org.apache.kafka.common.metrics.Metrics:684)
[2026-03-04 15:48:16,752] INFO Closing reporter org.apache.kafka.common.metrics.JmxReporter (org.apache.kafka.common.metrics.Metrics:688)
[2026-03-04 15:48:16,752] INFO Metrics reporters closed (org.apache.kafka.common.metrics.Metrics:694)
[2026-03-04 15:48:16,752] INFO ProducerConfig values: 
	acks = -1
	auto.include.jmx.reporter = true
	batch.size = 16384
	bootstrap.servers = [PLAINTEXT://localhost:41079]
	buffer.memory = 33554432
	client.dns.lookup = use_all_dns_ips
	client.id = producer-5
	compression.gzip.level = -1
	compression.lz4.level = 9
	compression.type = none
	compression.zstd.level = 3
	connections.max.idle.ms = 540000
	delivery.timeout.ms = 120000
	enable.idempotence = true
	enable.metrics.push = true
	interceptor.classes = []
	key.serializer = class org.apache.kafka.common.serialization.ByteArraySerializer
	linger.ms = 0
	max.block.ms = 60000
	max.in.flight.requests.per.connection = 5
	max.request.size = 1048576
	metadata.max.age.ms = 300000
	metadata.max.idle.ms = 300000
	metadata.recovery.strategy = none
	metric.reporters = []
	metrics.num.samples = 2
	metrics.recording.level = INFO
	metrics.sample.window.ms = 30000
	partitioner.adaptive.partitioning.enable = true
	partitioner.availability.timeout.ms = 0
	partitioner.class = null
	partitioner.ignore.keys = false
	receive.buffer.bytes = 32768
	reconnect.backoff.max.ms = 1000
	reconnect.backoff.ms = 50
	request.timeout.ms = 30000
	retries = 2147483647
	retry.backoff.max.ms = 1000
	retry.backoff.ms = 100
	sasl.client.callback.handler.class = null
	sasl.jaas.config = null
	sasl.kerberos.kinit.cmd = /usr/bin/kinit
	sasl.kerberos.min.time.before.relogin = 60000
	sasl.kerberos.service.name = null
	sasl.kerberos.ticket.renew.jitter = 0.05
	sasl.kerberos.ticket.renew.window.factor = 0.8
	sasl.login.callback.handler.class = null
	sasl.login.class = null
	sasl.login.connect.timeout.ms = null
	sasl.login.read.timeout.ms = null
	sasl.login.refresh.buffer.seconds = 300
	sasl.login.refresh.min.period.seconds = 60
	sasl.login.refresh.window.factor = 0.8
	sasl.login.refresh.window.jitter = 0.05
	sasl.login.retry.backoff.max.ms = 10000
	sasl.login.retry.backoff.ms = 100
	sasl.mechanism = GSSAPI
	sasl.oauthbearer.clock.skew.seconds = 30
	sasl.oauthbearer.expected.audience = null
	sasl.oauthbearer.expected.issuer = null
	sasl.oauthbearer.jwks.endpoint.refresh.ms = 3600000
	sasl.oauthbearer.jwks.endpoint.retry.backoff.max.ms = 10000
	sasl.oauthbearer.jwks.endpoint.retry.backoff.ms = 100
	sasl.oauthbearer.jwks.endpoint.url = null
	sasl.oauthbearer.scope.claim.name = scope
	sasl.oauthbearer.sub.claim.name = sub
	sasl.oauthbearer.token.endpoint.url = null
	security.protocol = PLAINTEXT
	security.providers = null
	send.buffer.bytes = 131072
	socket.connection.setup.timeout.max.ms = 30000
	socket.connection.setup.timeout.ms = 10000
	ssl.cipher.suites = null
	ssl.enabled.protocols = [TLSv1.2, TLSv1.3]
	ssl.endpoint.identification.algorithm = https
	ssl.engine.factory.class = null
	ssl.key.password = null
	ssl.keymanager.algorithm = SunX509
	ssl.keystore.certificate.chain = null
	ssl.keystore.key = null
	ssl.keystore.location = null
	ssl.keystore.password = null
	ssl.keystore.type = JKS
	ssl.protocol = TLSv1.3
	ssl.provider = null
	ssl.secure.random.implementation = null
	ssl.trustmanager.algorithm = PKIX
	ssl.truststore.certificates = null
	ssl.truststore.location = null
	ssl.truststore.password = null
	ssl.truststore.type = JKS
	transaction.timeout.ms = 60000
	transactional.id = null
	value.serializer = class org.apache.kafka.common.serialization.ByteArraySerializer
 (org.apache.kafka.clients.producer.ProducerConfig:372)
[2026-03-04 15:48:16,753] INFO initializing Kafka metrics collector (org.apache.kafka.common.telemetry.internals.KafkaMetricsCollector:269)
[2026-03-04 15:48:16,753] INFO [Producer clientId=producer-5] Instantiated an idempotent producer. (org.apache.kafka.clients.producer.KafkaProducer:621)
[2026-03-04 15:48:16,753] INFO These configurations '[topic]' were supplied but are not used yet. (org.apache.kafka.clients.producer.ProducerConfig:381)
[2026-03-04 15:48:16,753] INFO Kafka version: 3.8.1 (org.apache.kafka.common.utils.AppInfoParser:124)
[2026-03-04 15:48:16,753] INFO Kafka commitId: 70d6ff42debf7e17 (org.apache.kafka.common.utils.AppInfoParser:125)
[2026-03-04 15:48:16,753] INFO Kafka startTimeMs: 1772619496753 (org.apache.kafka.common.utils.AppInfoParser:126)
[2026-03-04 15:48:16,754] INFO Kafka store reader thread starting consumer (io.confluent.kafka.schemaregistry.storage.KafkaStoreReaderThread:135)
[2026-03-04 15:48:16,754] INFO ConsumerConfig values: 
	allow.auto.create.topics = true
	auto.commit.interval.ms = 5000
	auto.include.jmx.reporter = true
	auto.offset.reset = earliest
	bootstrap.servers = [PLAINTEXT://localhost:41079]
	check.crcs = true
	client.dns.lookup = use_all_dns_ips
	client.id = KafkaStore-reader-_schemas
	client.rack = 
	connections.max.idle.ms = 540000
	default.api.timeout.ms = 60000
	enable.auto.commit = false
	enable.metrics.push = true
	exclude.internal.topics = true
	fetch.max.bytes = 52428800
	fetch.max.wait.ms = 500
	fetch.min.bytes = 1
	group.id = schema-registry-hinata-waifu-42201
	group.instance.id = null
	group.protocol = classic
	group.remote.assignor = null
	heartbeat.interval.ms = 3000
	interceptor.classes = []
	internal.leave.group.on.close = true
	internal.throw.on.fetch.stable.offset.unsupported = false
	isolation.level = read_uncommitted
	key.deserializer = class org.apache.kafka.common.serialization.ByteArrayDeserializer
	max.partition.fetch.bytes = 1048576
	max.poll.interval.ms = 300000
	max.poll.records = 500
	metadata.max.age.ms = 300000
	metadata.recovery.strategy = none
	metric.reporters = []
	metrics.num.samples = 2
	metrics.recording.level = INFO
	metrics.sample.window.ms = 30000
	partition.assignment.strategy = [class org.apache.kafka.clients.consumer.RangeAssignor, class org.apache.kafka.clients.consumer.CooperativeStickyAssignor]
	receive.buffer.bytes = 65536
	reconnect.backoff.max.ms = 1000
	reconnect.backoff.ms = 50
	request.timeout.ms = 30000
	retry.backoff.max.ms = 1000
	retry.backoff.ms = 100
	sasl.client.callback.handler.class = null
	sasl.jaas.config = null
	sasl.kerberos.kinit.cmd = /usr/bin/kinit
	sasl.kerberos.min.time.before.relogin = 60000
	sasl.kerberos.service.name = null
	sasl.kerberos.ticket.renew.jitter = 0.05
	sasl.kerberos.ticket.renew.window.factor = 0.8
	sasl.login.callback.handler.class = null
	sasl.login.class = null
	sasl.login.connect.timeout.ms = null
	sasl.login.read.timeout.ms = null
	sasl.login.refresh.buffer.seconds = 300
	sasl.login.refresh.min.period.seconds = 60
	sasl.login.refresh.window.factor = 0.8
	sasl.login.refresh.window.jitter = 0.05
	sasl.login.retry.backoff.max.ms = 10000
	sasl.login.retry.backoff.ms = 100
	sasl.mechanism = GSSAPI
	sasl.oauthbearer.clock.skew.seconds = 30
	sasl.oauthbearer.expected.audience = null
	sasl.oauthbearer.expected.issuer = null
	sasl.oauthbearer.jwks.endpoint.refresh.ms = 3600000
	sasl.oauthbearer.jwks.endpoint.retry.backoff.max.ms = 10000
	sasl.oauthbearer.jwks.endpoint.retry.backoff.ms = 100
	sasl.oauthbearer.jwks.endpoint.url = null
	sasl.oauthbearer.scope.claim.name = scope
	sasl.oauthbearer.sub.claim.name = sub
	sasl.oauthbearer.token.endpoint.url = null
	security.protocol = PLAINTEXT
	security.providers = null
	send.buffer.bytes = 131072
	session.timeout.ms = 45000
	socket.connection.setup.timeout.max.ms = 30000
	socket.connection.setup.timeout.ms = 10000
	ssl.cipher.suites = null
	ssl.enabled.protocols = [TLSv1.2, TLSv1.3]
	ssl.endpoint.identification.algorithm = https
	ssl.engine.factory.class = null
	ssl.key.password = null
	ssl.keymanager.algorithm = SunX509
	ssl.keystore.certificate.chain = null
	ssl.keystore.key = null
	ssl.keystore.location = null
	ssl.keystore.password = null
	ssl.keystore.type = JKS
	ssl.protocol = TLSv1.3
	ssl.provider = null
	ssl.secure.random.implementation = null
	ssl.trustmanager.algorithm = PKIX
	ssl.truststore.certificates = null
	ssl.truststore.location = null
	ssl.truststore.password = null
	ssl.truststore.type = JKS
	value.deserializer = class org.apache.kafka.common.serialization.ByteArrayDeserializer
 (org.apache.kafka.clients.consumer.ConsumerConfig:372)
[2026-03-04 15:48:16,754] INFO initializing Kafka metrics collector (org.apache.kafka.common.telemetry.internals.KafkaMetricsCollector:269)
[2026-03-04 15:48:16,754] INFO [Producer clientId=producer-5] Cluster ID: Iw_fbrLTTu62gEU1L876rA (org.apache.kafka.clients.Metadata:364)
[2026-03-04 15:48:16,754] INFO [Producer clientId=producer-5] ProducerId set to 1 with epoch 0 (org.apache.kafka.clients.producer.internals.TransactionManager:502)
[2026-03-04 15:48:16,754] INFO These configurations '[topic]' were supplied but are not used yet. (org.apache.kafka.clients.consumer.ConsumerConfig:381)
[2026-03-04 15:48:16,754] INFO Kafka version: 3.8.1 (org.apache.kafka.common.utils.AppInfoParser:124)
[2026-03-04 15:48:16,754] INFO Kafka commitId: 70d6ff42debf7e17 (org.apache.kafka.common.utils.AppInfoParser:125)
[2026-03-04 15:48:16,754] INFO Kafka startTimeMs: 1772619496754 (org.apache.kafka.common.utils.AppInfoParser:126)
[2026-03-04 15:48:16,755] INFO [Consumer clientId=KafkaStore-reader-_schemas, groupId=schema-registry-hinata-waifu-42201] Cluster ID: Iw_fbrLTTu62gEU1L876rA (org.apache.kafka.clients.Metadata:364)
[2026-03-04 15:48:16,755] INFO [Consumer clientId=KafkaStore-reader-_schemas, groupId=schema-registry-hinata-waifu-42201] Assigned to partition(s): _schemas-0 (org.apache.kafka.clients.consumer.internals.LegacyKafkaConsumer:574)
[2026-03-04 15:48:16,755] INFO Seeking to beginning for all partitions (io.confluent.kafka.schemaregistry.storage.KafkaStoreReaderThread:181)
[2026-03-04 15:48:16,755] INFO [Consumer clientId=KafkaStore-reader-_schemas, groupId=schema-registry-hinata-waifu-42201] Seeking to earliest offset of partition _schemas-0 (org.apache.kafka.clients.consumer.internals.SubscriptionState:704)
[2026-03-04 15:48:16,755] INFO Initialized last consumed offset to -1 (io.confluent.kafka.schemaregistry.storage.KafkaStoreReaderThread:185)
[2026-03-04 15:48:16,755] INFO [kafka-store-reader-thread-_schemas]: Starting (io.confluent.kafka.schemaregistry.storage.KafkaStoreReaderThread:127)
[2026-03-04 15:48:16,756] INFO [Consumer clientId=KafkaStore-reader-_schemas, groupId=schema-registry-hinata-waifu-42201] Resetting offset for partition _schemas-0 to position FetchPosition{offset=0, offsetEpoch=Optional.empty, currentLeader=LeaderAndEpoch{leader=Optional[localhost:41079 (id: 0 rack: null)], epoch=0}}. (org.apache.kafka.clients.consumer.internals.SubscriptionState:398)
[2026-03-04 15:48:16,757] INFO Wait to catch up until the offset at 0 (io.confluent.kafka.schemaregistry.storage.KafkaStore:321)
[2026-03-04 15:48:16,758] INFO Reached offset at 0 (io.confluent.kafka.schemaregistry.storage.KafkaStore:323)
[2026-03-04 15:48:16,758] INFO Joining schema registry with Kafka-based coordination (io.confluent.kafka.schemaregistry.storage.KafkaSchemaRegistry:464)
[2026-03-04 15:48:16,758] INFO Kafka version: 3.8.1 (org.apache.kafka.common.utils.AppInfoParser:124)
[2026-03-04 15:48:16,758] INFO Kafka commitId: 70d6ff42debf7e17 (org.apache.kafka.common.utils.AppInfoParser:125)
[2026-03-04 15:48:16,758] INFO Kafka startTimeMs: 1772619496758 (org.apache.kafka.common.utils.AppInfoParser:126)
[2026-03-04 15:48:16,759] INFO [Schema registry clientId=sr-2, groupId=schema-registry] Cluster ID: Iw_fbrLTTu62gEU1L876rA (org.apache.kafka.clients.Metadata:364)
[2026-03-04 15:48:16,759] INFO [Schema registry clientId=sr-2, groupId=schema-registry] Discovered group coordinator localhost:41079 (id: 2147483647 rack: null) (io.confluent.kafka.schemaregistry.leaderelector.kafka.SchemaRegistryCoordinator:936)
[2026-03-04 15:48:16,759] INFO [Schema registry clientId=sr-2, groupId=schema-registry] (Re-)joining group (io.confluent.kafka.schemaregistry.leaderelector.kafka.SchemaRegistryCoordinator:604)
[2026-03-04 15:48:16,759] INFO Updating metadata (io.confluent.kafka.schemaregistry.leaderelector.kafka.SchemaRegistryCoordinator:140)
[2026-03-04 15:48:16,760] INFO [GroupCoordinator 0]: Dynamic member with unknown member id joins group schema-registry in Empty state. Created a new member id sr-2-e93e7f87-ef04-429e-bd37-55d4021423e2 and request the member to rejoin with this id. (kafka.coordinator.group.GroupCoordinator:66)
[2026-03-04 15:48:16,760] INFO [Schema registry clientId=sr-2, groupId=schema-registry] Request joining group due to: need to re-join with the given member-id: sr-2-e93e7f87-ef04-429e-bd37-55d4021423e2 (io.confluent.kafka.schemaregistry.leaderelector.kafka.SchemaRegistryCoordinator:1102)
[2026-03-04 15:48:16,760] INFO [Schema registry clientId=sr-2, groupId=schema-registry] (Re-)joining group (io.confluent.kafka.schemaregistry.leaderelector.kafka.SchemaRegistryCoordinator:604)
[2026-03-04 15:48:16,760] INFO Updating metadata (io.confluent.kafka.schemaregistry.leaderelector.kafka.SchemaRegistryCoordinator:140)
[2026-03-04 15:48:16,760] INFO [GroupCoordinator 0]: Preparing to rebalance group schema-registry in state PreparingRebalance with old generation 0 (__consumer_offsets-29) (reason: Adding new member sr-2-e93e7f87-ef04-429e-bd37-55d4021423e2 with group instance id None; client reason: need to re-join with the given member-id: sr-2-e93e7f87-ef04-429e-bd37-55d4021423e2) (kafka.coordinator.group.GroupCoordinator:66)
[2026-03-04 15:48:16,760] INFO [GroupCoordinator 0]: Stabilized group schema-registry generation 1 (__consumer_offsets-29) with 1 members (kafka.coordinator.group.GroupCoordinator:66)
[2026-03-04 15:48:16,760] INFO [Schema registry clientId=sr-2, groupId=schema-registry] Successfully joined group with generation Generation{generationId=1, memberId='sr-2-e93e7f87-ef04-429e-bd37-55d4021423e2', protocol='v0'} (io.confluent.kafka.schemaregistry.leaderelector.kafka.SchemaRegistryCoordinator:665)
[2026-03-04 15:48:16,760] INFO Performing assignment (io.confluent.kafka.schemaregistry.leaderelector.kafka.SchemaRegistryCoordinator:182)
[2026-03-04 15:48:16,761] INFO Member information: {sr-2-e93e7f87-ef04-429e-bd37-55d4021423e2=version=1,host=hinata-waifu,port=42201,scheme=http,leaderEligibility=true,isLeader=false} (io.confluent.kafka.schemaregistry.leaderelector.kafka.SchemaRegistryCoordinator:191)
[2026-03-04 15:48:16,761] INFO Assignment: Assignment{version=1, error=0, leader='sr-2-e93e7f87-ef04-429e-bd37-55d4021423e2', leaderIdentity=version=1,host=hinata-waifu,port=42201,scheme=http,leaderEligibility=true,isLeader=false} (io.confluent.kafka.schemaregistry.leaderelector.kafka.SchemaRegistryCoordinator:254)
[2026-03-04 15:48:16,761] INFO [GroupCoordinator 0]: Assignment received from leader sr-2-e93e7f87-ef04-429e-bd37-55d4021423e2 for group schema-registry for generation 1. The group has 1 members, 0 of which are static. (kafka.coordinator.group.GroupCoordinator:66)
[2026-03-04 15:48:16,761] INFO [Schema registry clientId=sr-2, groupId=schema-registry] Successfully synced group in generation Generation{generationId=1, memberId='sr-2-e93e7f87-ef04-429e-bd37-55d4021423e2', protocol='v0'} (io.confluent.kafka.schemaregistry.leaderelector.kafka.SchemaRegistryCoordinator:842)
[2026-03-04 15:48:16,761] INFO Finished rebalance with leader election result: Assignment{version=1, error=0, leader='sr-2-e93e7f87-ef04-429e-bd37-55d4021423e2', leaderIdentity=version=1,host=hinata-waifu,port=42201,scheme=http,leaderEligibility=true,isLeader=false} (io.confluent.kafka.schemaregistry.leaderelector.kafka.KafkaGroupLeaderElector:242)
[2026-03-04 15:48:16,761] INFO Setting the leader to version=1,host=hinata-waifu,port=42201,scheme=http,leaderEligibility=true,isLeader=false (io.confluent.kafka.schemaregistry.storage.KafkaSchemaRegistry:531)
[2026-03-04 15:48:16,761] INFO Leader changed from null to version=1,host=hinata-waifu,port=42201,scheme=http,leaderEligibility=true,isLeader=false (io.confluent.kafka.schemaregistry.storage.KafkaSchemaRegistry:561)
[2026-03-04 15:48:16,762] INFO Wait to catch up until the offset at 1 (io.confluent.kafka.schemaregistry.storage.KafkaStore:321)
[2026-03-04 15:48:16,762] INFO Reached offset at 1 (io.confluent.kafka.schemaregistry.storage.KafkaStore:323)
[2026-03-04 15:48:16,763] INFO Binding SchemaRegistryRestApplication to all listeners. (io.confluent.rest.Application:360)
[2026-03-04 15:48:16,764] INFO jetty-9.4.56.v20240826; built: 2024-08-26T17:15:05.868Z; git: ec6782ff5ead824dabdcf47fa98f90a4aedff401; jvm 25.0.2 (org.eclipse.jetty.server.Server:375)
[2026-03-04 15:48:16,767] INFO DefaultSessionIdManager workerName=node0 (org.eclipse.jetty.server.session:334)
[2026-03-04 15:48:16,767] INFO No SessionScavenger set, using defaults (org.eclipse.jetty.server.session:339)
[2026-03-04 15:48:16,767] INFO node0 Scavenging every 600000ms (org.eclipse.jetty.server.session:132)
Mar 04, 2026 3:48:16 PM org.glassfish.jersey.internal.inject.Providers checkProviderRuntime
WARNING: A provider io.confluent.kafka.schemaregistry.rest.resources.ConfigResource registered in SERVER runtime does not implement any provider interfaces applicable in the SERVER runtime. Due to constraint configuration problems the provider io.confluent.kafka.schemaregistry.rest.resources.ConfigResource will be ignored. 
Mar 04, 2026 3:48:16 PM org.glassfish.jersey.internal.inject.Providers checkProviderRuntime
WARNING: A provider io.confluent.kafka.schemaregistry.rest.resources.ContextsResource registered in SERVER runtime does not implement any provider interfaces applicable in the SERVER runtime. Due to constraint configuration problems the provider io.confluent.kafka.schemaregistry.rest.resources.ContextsResource will be ignored. 
Mar 04, 2026 3:48:16 PM org.glassfish.jersey.internal.inject.Providers checkProviderRuntime
WARNING: A provider io.confluent.kafka.schemaregistry.rest.resources.SubjectsResource registered in SERVER runtime does not implement any provider interfaces applicable in the SERVER runtime. Due to constraint configuration problems the provider io.confluent.kafka.schemaregistry.rest.resources.SubjectsResource will be ignored. 
Mar 04, 2026 3:48:16 PM org.glassfish.jersey.internal.inject.Providers checkProviderRuntime
WARNING: A provider io.confluent.kafka.schemaregistry.rest.resources.SchemasResource registered in SERVER runtime does not implement any provider interfaces applicable in the SERVER runtime. Due to constraint configuration problems the provider io.confluent.kafka.schemaregistry.rest.resources.SchemasResource will be ignored. 
Mar 04, 2026 3:48:16 PM org.glassfish.jersey.internal.inject.Providers checkProviderRuntime
WARNING: A provider io.confluent.kafka.schemaregistry.rest.resources.SubjectVersionsResource registered in SERVER runtime does not implement any provider interfaces applicable in the SERVER runtime. Due to constraint configuration problems the provider io.confluent.kafka.schemaregistry.rest.resources.SubjectVersionsResource will be ignored. 
Mar 04, 2026 3:48:16 PM org.glassfish.jersey.internal.inject.Providers checkProviderRuntime
WARNING: A provider io.confluent.kafka.schemaregistry.rest.resources.CompatibilityResource registered in SERVER runtime does not implement any provider interfaces applicable in the SERVER runtime. Due to constraint configuration problems the provider io.confluent.kafka.schemaregistry.rest.resources.CompatibilityResource will be ignored. 
Mar 04, 2026 3:48:16 PM org.glassfish.jersey.internal.inject.Providers checkProviderRuntime
WARNING: A provider io.confluent.kafka.schemaregistry.rest.resources.ModeResource registered in SERVER runtime does not implement any provider interfaces applicable in the SERVER runtime. Due to constraint configuration problems the provider io.confluent.kafka.schemaregistry.rest.resources.ModeResource will be ignored. 
Mar 04, 2026 3:48:16 PM org.glassfish.jersey.internal.inject.Providers checkProviderRuntime
WARNING: A provider io.confluent.kafka.schemaregistry.rest.resources.ServerMetadataResource registered in SERVER runtime does not implement any provider interfaces applicable in the SERVER runtime. Due to constraint configuration problems the provider io.confluent.kafka.schemaregistry.rest.resources.ServerMetadataResource will be ignored. 
[2026-03-04 15:48:16,790] INFO Started o.e.j.s.ServletContextHandler@3e207a23{/,null,AVAILABLE} (org.eclipse.jetty.server.handler.ContextHandler:921)
[2026-03-04 15:48:16,792] INFO Started o.e.j.s.ServletContextHandler@1d1b458e{/ws,null,AVAILABLE} (org.eclipse.jetty.server.handler.ContextHandler:921)
[2026-03-04 15:48:16,793] INFO Started NetworkTrafficServerConnector@4ff43de{HTTP/1.1, (http/1.1, h2c)}{0.0.0.0:42201} (org.eclipse.jetty.server.AbstractConnector:333)
[2026-03-04 15:48:16,793] INFO Started @20336ms (org.eclipse.jetty.server.Server:415)
[2026-03-04 15:48:16,793] INFO Creating topic { name: test-delete-sr, partitions: 1, replication: 1, config: {} } (org.apache.kafka.connect.util.clusters.EmbeddedKafkaCluster:427)
[2026-03-04 15:48:16,794] INFO AdminClientConfig values: 
	auto.include.jmx.reporter = true
	bootstrap.controllers = []
	bootstrap.servers = [localhost:41079]
	client.dns.lookup = use_all_dns_ips
	client.id = 
	connections.max.idle.ms = 300000
	default.api.timeout.ms = 60000
	enable.metrics.push = true
	metadata.max.age.ms = 300000
	metadata.recovery.strategy = none
	metric.reporters = []
	metrics.num.samples = 2
	metrics.recording.level = INFO
	metrics.sample.window.ms = 30000
	receive.buffer.bytes = 65536
	reconnect.backoff.max.ms = 1000
	reconnect.backoff.ms = 50
	request.timeout.ms = 30000
	retries = 2147483647
	retry.backoff.max.ms = 1000
	retry.backoff.ms = 100
	sasl.client.callback.handler.class = null
	sasl.jaas.config = null
	sasl.kerberos.kinit.cmd = /usr/bin/kinit
	sasl.kerberos.min.time.before.relogin = 60000
	sasl.kerberos.service.name = null
	sasl.kerberos.ticket.renew.jitter = 0.05
	sasl.kerberos.ticket.renew.window.factor = 0.8
	sasl.login.callback.handler.class = null
	sasl.login.class = null
	sasl.login.connect.timeout.ms = null
	sasl.login.read.timeout.ms = null
	sasl.login.refresh.buffer.seconds = 300
	sasl.login.refresh.min.period.seconds = 60
	sasl.login.refresh.window.factor = 0.8
	sasl.login.refresh.window.jitter = 0.05
	sasl.login.retry.backoff.max.ms = 10000
	sasl.login.retry.backoff.ms = 100
	sasl.mechanism = GSSAPI
	sasl.oauthbearer.clock.skew.seconds = 30
	sasl.oauthbearer.expected.audience = null
	sasl.oauthbearer.expected.issuer = null
	sasl.oauthbearer.jwks.endpoint.refresh.ms = 3600000
	sasl.oauthbearer.jwks.endpoint.retry.backoff.max.ms = 10000
	sasl.oauthbearer.jwks.endpoint.retry.backoff.ms = 100
	sasl.oauthbearer.jwks.endpoint.url = null
	sasl.oauthbearer.scope.claim.name = scope
	sasl.oauthbearer.sub.claim.name = sub
	sasl.oauthbearer.token.endpoint.url = null
	security.protocol = PLAINTEXT
	security.providers = null
	send.buffer.bytes = 131072
	socket.connection.setup.timeout.max.ms = 30000
	socket.connection.setup.timeout.ms = 10000
	ssl.cipher.suites = null
	ssl.enabled.protocols = [TLSv1.2, TLSv1.3]
	ssl.endpoint.identification.algorithm = https
	ssl.engine.factory.class = null
	ssl.key.password = null
	ssl.keymanager.algorithm = SunX509
	ssl.keystore.certificate.chain = null
	ssl.keystore.key = null
	ssl.keystore.location = null
	ssl.keystore.password = null
	ssl.keystore.type = JKS
	ssl.protocol = TLSv1.3
	ssl.provider = null
	ssl.secure.random.implementation = null
	ssl.trustmanager.algorithm = PKIX
	ssl.truststore.certificates = null
	ssl.truststore.location = null
	ssl.truststore.password = null
	ssl.truststore.type = JKS
 (org.apache.kafka.clients.admin.AdminClientConfig:372)
[2026-03-04 15:48:16,794] INFO Kafka version: 3.8.1 (org.apache.kafka.common.utils.AppInfoParser:124)
[2026-03-04 15:48:16,794] INFO Kafka commitId: 70d6ff42debf7e17 (org.apache.kafka.common.utils.AppInfoParser:125)
[2026-03-04 15:48:16,794] INFO Kafka startTimeMs: 1772619496794 (org.apache.kafka.common.utils.AppInfoParser:126)
[2026-03-04 15:48:16,796] INFO Creating topic test-delete-sr with configuration {} and initial partition assignment Map(0 -> ArrayBuffer(0)) (kafka.zk.AdminZkClient:66)
[2026-03-04 15:48:16,798] INFO [Controller id=0] New topics: [Set(test-delete-sr)], deleted topics: [Set()], new partition replica assignment [Set(TopicIdReplicaAssignment(test-delete-sr,Some(w_sEe2i6QciqtiR4PCpJaQ),Map(test-delete-sr-0 -> ReplicaAssignment(replicas=0, addingReplicas=, removingReplicas=))))] (kafka.controller.KafkaController:66)
[2026-03-04 15:48:16,798] INFO [Controller id=0] New partition creation callback for test-delete-sr-0 (kafka.controller.KafkaController:66)
[2026-03-04 15:48:16,798] INFO [Controller id=0 epoch=1] Changed partition test-delete-sr-0 state from NonExistentPartition to NewPartition with assigned replicas 0 (state.change.logger:66)
[2026-03-04 15:48:16,798] INFO [Controller id=0 epoch=1] Sending UpdateMetadata request to brokers Set() for 0 partitions (state.change.logger:66)
[2026-03-04 15:48:16,798] INFO [Controller id=0 epoch=1] Sending UpdateMetadata request to brokers Set() for 0 partitions (state.change.logger:66)
[2026-03-04 15:48:16,799] INFO [Controller id=0 epoch=1] Changed partition test-delete-sr-0 from NewPartition to OnlinePartition with state LeaderAndIsr(leader=0, leaderEpoch=0, isrWithBrokerEpoch=List(BrokerState(brokerId=0, brokerEpoch=-1)), leaderRecoveryState=RECOVERED, partitionEpoch=0) (state.change.logger:66)
[2026-03-04 15:48:16,799] INFO [Controller id=0 epoch=1] Sending LeaderAndIsr request to broker 0 with 1 become-leader and 0 become-follower partitions (state.change.logger:66)
[2026-03-04 15:48:16,799] INFO [Controller id=0 epoch=1] Sending UpdateMetadata request to brokers Set(0) for 1 partitions (state.change.logger:66)
[2026-03-04 15:48:16,799] INFO [Controller id=0 epoch=1] Sending UpdateMetadata request to brokers Set() for 0 partitions (state.change.logger:66)
[2026-03-04 15:48:16,799] INFO [Broker id=0] Handling LeaderAndIsr request correlationId 11 from controller 0 for 1 partitions (state.change.logger:66)
[2026-03-04 15:48:16,799] INFO [ReplicaFetcherManager on broker 0] Removed fetcher for partitions Set(test-delete-sr-0) (kafka.server.ReplicaFetcherManager:66)
[2026-03-04 15:48:16,799] INFO [Broker id=0] Stopped fetchers as part of LeaderAndIsr request correlationId 11 from controller 0 epoch 1 as part of the become-leader transition for 1 partitions (state.change.logger:66)
[2026-03-04 15:48:16,800] INFO [LogLoader partition=test-delete-sr-0, dir=/tmp/EmbeddedKafkaCluster2815493917284875739] Loading producer state till offset 0 with message format version 2 (kafka.log.UnifiedLog$:1937)
[2026-03-04 15:48:16,800] INFO Created log for partition test-delete-sr-0 in /tmp/EmbeddedKafkaCluster2815493917284875739/test-delete-sr-0 with properties {} (kafka.log.LogManager:66)
[2026-03-04 15:48:16,800] INFO [Partition test-delete-sr-0 broker=0] No checkpointed highwatermark is found for partition test-delete-sr-0 (kafka.cluster.Partition:66)
[2026-03-04 15:48:16,800] INFO [Partition test-delete-sr-0 broker=0] Log loaded for partition test-delete-sr-0 with initial high watermark 0 (kafka.cluster.Partition:66)
[2026-03-04 15:48:16,800] INFO [Broker id=0] Leader test-delete-sr-0 with topic id Some(w_sEe2i6QciqtiR4PCpJaQ) starts at leader epoch 0 from offset 0 with partition epoch 0, high watermark 0, ISR [0], adding replicas [] and removing replicas [] . Previous leader None and previous leader epoch was -1. (state.change.logger:66)
[2026-03-04 15:48:16,801] INFO [Broker id=0] Finished LeaderAndIsr request in 1ms correlationId 11 from controller 0 for 1 partitions (state.change.logger:66)
[2026-03-04 15:48:16,801] INFO [Broker id=0] Add 1 partitions and deleted 0 partitions from metadata cache in response to UpdateMetadata request sent by controller 0 epoch 1 with correlation id 12 (state.change.logger:66)
[2026-03-04 15:48:16,801] INFO App info kafka.admin.client for adminclient-10 unregistered (org.apache.kafka.common.utils.AppInfoParser:88)
[2026-03-04 15:48:16,801] INFO Metrics scheduler closed (org.apache.kafka.common.metrics.Metrics:684)
[2026-03-04 15:48:16,801] INFO Closing reporter org.apache.kafka.common.metrics.JmxReporter (org.apache.kafka.common.metrics.Metrics:688)
[2026-03-04 15:48:16,801] INFO Metrics reporters closed (org.apache.kafka.common.metrics.Metrics:694)
[2026-03-04 15:48:17,436] INFO table `test_dataset`.`test_delete_sr` does not exist (com.wepay.kafka.connect.bigquery.integration.utils.TableClearer:53)
[2026-03-04 15:48:17,438] INFO BigQuerySinkConfig values: 
	allBQFieldsNullable = false
	allowBigQueryRequiredFieldRelaxation = false
	allowNewBigQueryFields = false
	allowSchemaUnionization = false
	autoCreateBucket = true
	autoCreateTables = true
	avroDataCacheSize = 100
	batchLoadIntervalSec = 120
	bigQueryMessageTimePartitioning = false
	bigQueryPartitionDecorator = true
	bigQueryRetry = 0
	bigQueryRetryWait = 1000
	clusteringPartitionFieldNames = null
	commitInterval = 60
	convertDebeziumTimestampToInteger = false
	convertDebeziumVariableScaleDecimal = false
	convertDoubleSpecialValues = false
	decimalHandlingMode = FLOAT
	defaultDataset = test_dataset
	deleteEnabled = true
	enableBatchLoad = []
	enableBatchMode = false
	enableRetries = true
	gcsBucketName = 
	gcsFolderName = 
	ignoreUnknownFields = false
	intermediateTableSuffix = tmp
	kafkaDataFieldName = null
	kafkaKeyFieldName = kafkaKey
	keySource = FILE
	keyfile = [hidden]
	max.retries = 10
	mergeIntervalMs = -1
	mergeRecordsThreshold = 2
	partitionExpirationMs = null
	preserveKafkaTopicPartitionOffset = false
	project = gen-lang-client-0026556124
	queueSize = -1
	sanitizeFieldNames = false
	sanitizeTopics = true
	schemaRetriever = class com.wepay.kafka.connect.bigquery.retrieve.IdentitySchemaRetriever
	threadPoolSize = 10
	timePartitioningType = DAY
	timestampPartitionFieldName = null
	topic2TableMap = 
	topics = [test-delete-sr]
	topics.regex = 
	upsertEnabled = false
	useCredentialsProjectId = false
	useStorageWriteApi = false
	variableScaleDecimalHandlingMode = RECORD
 (com.wepay.kafka.connect.bigquery.config.BigQuerySinkConfig:372)
[2026-03-04 15:48:17,438] WARN Option convertDebeziumVariableScaleDecimal is deprecated since 2.8.0: Use variableScaleDecimalHandlingMode instead. (com.wepay.kafka.connect.bigquery.config.BigQuerySinkConfig:650)
[2026-03-04 15:48:17,438] DEBUG Attempting to open file /home/killua/Downloads/gen-lang-client-0026556124-a7c58e438363.json for service account json key (com.wepay.kafka.connect.bigquery.GcpClientBuilder:147)
[2026-03-04 15:48:17,439] DEBUG Attempting to open file /home/killua/Downloads/gen-lang-client-0026556124-a7c58e438363.json for service account json key (com.wepay.kafka.connect.bigquery.GcpClientBuilder:147)
[2026-03-04 15:48:17,439] DEBUG Attempting to open file /home/killua/Downloads/gen-lang-client-0026556124-a7c58e438363.json for service account json key (com.wepay.kafka.connect.bigquery.GcpClientBuilder:147)
[2026-03-04 15:48:17,440] DEBUG Attempting to open file /home/killua/Downloads/gen-lang-client-0026556124-a7c58e438363.json for service account json key (com.wepay.kafka.connect.bigquery.GcpClientBuilder:147)
[2026-03-04 15:48:17,440] INFO AbstractConfig values: 
 (org.apache.kafka.common.config.AbstractConfig:372)
[2026-03-04 15:48:17,442] INFO [Worker clientId=connect-localhost:36425, groupId=connect-integration-test-kcbq-connect-cluster] Connector kcbq-sink-connector-testDelete-sr config updated (org.apache.kafka.connect.runtime.distributed.DistributedHerder:2425)
[2026-03-04 15:48:17,442] INFO [Worker clientId=connect-localhost:36425, groupId=connect-integration-test-kcbq-connect-cluster] Rebalance started (org.apache.kafka.connect.runtime.distributed.WorkerCoordinator:242)
[2026-03-04 15:48:17,442] INFO [Worker clientId=connect-localhost:36425, groupId=connect-integration-test-kcbq-connect-cluster] (Re-)joining group (org.apache.kafka.connect.runtime.distributed.WorkerCoordinator:604)
[2026-03-04 15:48:17,442] INFO [GroupCoordinator 0]: Preparing to rebalance group connect-integration-test-kcbq-connect-cluster in state PreparingRebalance with old generation 1 (__consumer_offsets-42) (reason: Leader connect-localhost:36425-d5054138-5fd3-4aa1-b8c3-2bf4790ad1a5 re-joining group during Stable; client reason: ) (kafka.coordinator.group.GroupCoordinator:66)
[2026-03-04 15:48:17,442] INFO [GroupCoordinator 0]: Stabilized group connect-integration-test-kcbq-connect-cluster generation 2 (__consumer_offsets-42) with 1 members (kafka.coordinator.group.GroupCoordinator:66)
[2026-03-04 15:48:17,443] INFO [Worker clientId=connect-localhost:36425, groupId=connect-integration-test-kcbq-connect-cluster] Successfully joined group with generation Generation{generationId=2, memberId='connect-localhost:36425-d5054138-5fd3-4aa1-b8c3-2bf4790ad1a5', protocol='sessioned'} (org.apache.kafka.connect.runtime.distributed.WorkerCoordinator:665)
[2026-03-04 15:48:17,443] INFO [GroupCoordinator 0]: Assignment received from leader connect-localhost:36425-d5054138-5fd3-4aa1-b8c3-2bf4790ad1a5 for group connect-integration-test-kcbq-connect-cluster for generation 2. The group has 1 members, 0 of which are static. (kafka.coordinator.group.GroupCoordinator:66)
[2026-03-04 15:48:17,443] INFO 127.0.0.1 - - [04/Mar/2026:10:18:17 +0000] "PUT /connectors/kcbq-sink-connector-testDelete-sr/config HTTP/1.1" 201 920 "-" "Jetty/9.4.56.v20240826" 7 (org.apache.kafka.connect.runtime.rest.RestServer:62)
[2026-03-04 15:48:17,443] INFO PUT response for URL=http://localhost:36425/connectors/kcbq-sink-connector-testDelete-sr/config is {"name":"kcbq-sink-connector-testDelete-sr","config":{"connector.class":"com.wepay.kafka.connect.bigquery.BigQuerySinkConnector","keySource":"FILE","sanitizeTopics":"true","autoCreateTables":"true","tasks.max":"1","topics":"test-delete-sr","mergeIntervalMs":"-1","project":"gen-lang-client-0026556124","deleteEnabled":"true","defaultDataset":"test_dataset","value.converter.schema.registry.url":"http://0.0.0.0:42201/","mergeRecordsThreshold":"2","kafkaKeyFieldName":"kafkaKey","keyfile":"/home/killua/Downloads/gen-lang-client-0026556124-a7c58e438363.json","schemaRetriever":"com.wepay.kafka.connect.bigquery.retrieve.IdentitySchemaRetriever","useStorageWriteApi":"false","value.converter":"io.confluent.connect.avro.AvroConverter","key.converter":"io.confluent.connect.avro.AvroConverter","key.converter.schema.registry.url":"http://0.0.0.0:42201/","name":"kcbq-sink-connector-testDelete-sr"},"tasks":[],"type":"sink"} (org.apache.kafka.connect.util.clusters.EmbeddedConnect:1016)
[2026-03-04 15:48:17,443] INFO [Worker clientId=connect-localhost:36425, groupId=connect-integration-test-kcbq-connect-cluster] Successfully synced group in generation Generation{generationId=2, memberId='connect-localhost:36425-d5054138-5fd3-4aa1-b8c3-2bf4790ad1a5', protocol='sessioned'} (org.apache.kafka.connect.runtime.distributed.WorkerCoordinator:842)
[2026-03-04 15:48:17,443] INFO [Worker clientId=connect-localhost:36425, groupId=connect-integration-test-kcbq-connect-cluster] Joined group at generation 2 with protocol version 2 and got assignment: Assignment{error=0, leader='connect-localhost:36425-d5054138-5fd3-4aa1-b8c3-2bf4790ad1a5', leaderUrl='http://localhost:36425/', offset=2, connectorIds=[kcbq-sink-connector-testDelete-sr], taskIds=[], revokedConnectorIds=[], revokedTaskIds=[], delay=0} with rebalance delay: 0 (org.apache.kafka.connect.runtime.distributed.DistributedHerder:2621)
[2026-03-04 15:48:17,443] INFO [Worker clientId=connect-localhost:36425, groupId=connect-integration-test-kcbq-connect-cluster] Starting connectors and tasks using config offset 2 (org.apache.kafka.connect.runtime.distributed.DistributedHerder:1959)
[2026-03-04 15:48:17,444] INFO [Worker clientId=connect-localhost:36425, groupId=connect-integration-test-kcbq-connect-cluster] Starting connector kcbq-sink-connector-testDelete-sr (org.apache.kafka.connect.runtime.distributed.DistributedHerder:2077)
[2026-03-04 15:48:17,444] INFO [kcbq-sink-connector-testDelete-sr|worker] Creating connector kcbq-sink-connector-testDelete-sr of type com.wepay.kafka.connect.bigquery.BigQuerySinkConnector (org.apache.kafka.connect.runtime.Worker:312)
[2026-03-04 15:48:17,444] INFO [kcbq-sink-connector-testDelete-sr|worker] SinkConnectorConfig values: 
	config.action.reload = restart
	connector.class = com.wepay.kafka.connect.bigquery.BigQuerySinkConnector
	errors.deadletterqueue.context.headers.enable = false
	errors.deadletterqueue.topic.name = 
	errors.deadletterqueue.topic.replication.factor = 3
	errors.log.enable = false
	errors.log.include.messages = false
	errors.retry.delay.max.ms = 60000
	errors.retry.timeout = 0
	errors.tolerance = none
	header.converter = null
	key.converter = class io.confluent.connect.avro.AvroConverter
	name = kcbq-sink-connector-testDelete-sr
	predicates = []
	tasks.max = 1
	tasks.max.enforce = true
	topics = [test-delete-sr]
	topics.regex = 
	transforms = []
	value.converter = class io.confluent.connect.avro.AvroConverter
 (org.apache.kafka.connect.runtime.SinkConnectorConfig:372)
[2026-03-04 15:48:17,444] INFO [kcbq-sink-connector-testDelete-sr|worker] EnrichedConnectorConfig values: 
	config.action.reload = restart
	connector.class = com.wepay.kafka.connect.bigquery.BigQuerySinkConnector
	errors.deadletterqueue.context.headers.enable = false
	errors.deadletterqueue.topic.name = 
	errors.deadletterqueue.topic.replication.factor = 3
	errors.log.enable = false
	errors.log.include.messages = false
	errors.retry.delay.max.ms = 60000
	errors.retry.timeout = 0
	errors.tolerance = none
	header.converter = null
	key.converter = class io.confluent.connect.avro.AvroConverter
	name = kcbq-sink-connector-testDelete-sr
	predicates = []
	tasks.max = 1
	tasks.max.enforce = true
	topics = [test-delete-sr]
	topics.regex = 
	transforms = []
	value.converter = class io.confluent.connect.avro.AvroConverter
 (org.apache.kafka.connect.runtime.ConnectorConfig$EnrichedConnectorConfig:372)
[2026-03-04 15:48:17,444] INFO [kcbq-sink-connector-testDelete-sr|worker] Instantiated connector kcbq-sink-connector-testDelete-sr with version VERSION-NUMBER of type class com.wepay.kafka.connect.bigquery.BigQuerySinkConnector (org.apache.kafka.connect.runtime.Worker:334)
[2026-03-04 15:48:17,444] INFO [kcbq-sink-connector-testDelete-sr|worker] Finished creating connector kcbq-sink-connector-testDelete-sr (org.apache.kafka.connect.runtime.Worker:355)
[2026-03-04 15:48:17,444] INFO [Worker clientId=connect-localhost:36425, groupId=connect-integration-test-kcbq-connect-cluster] Finished starting connectors and tasks (org.apache.kafka.connect.runtime.distributed.DistributedHerder:1988)
[2026-03-04 15:48:17,444] INFO [kcbq-sink-connector-testDelete-sr|worker] BigQuerySinkConfig values: 
	allBQFieldsNullable = false
	allowBigQueryRequiredFieldRelaxation = false
	allowNewBigQueryFields = false
	allowSchemaUnionization = false
	autoCreateBucket = true
	autoCreateTables = true
	avroDataCacheSize = 100
	batchLoadIntervalSec = 120
	bigQueryMessageTimePartitioning = false
	bigQueryPartitionDecorator = true
	bigQueryRetry = 0
	bigQueryRetryWait = 1000
	clusteringPartitionFieldNames = null
	commitInterval = 60
	convertDebeziumTimestampToInteger = false
	convertDebeziumVariableScaleDecimal = false
	convertDoubleSpecialValues = false
	decimalHandlingMode = FLOAT
	defaultDataset = test_dataset
	deleteEnabled = true
	enableBatchLoad = []
	enableBatchMode = false
	enableRetries = true
	gcsBucketName = 
	gcsFolderName = 
	ignoreUnknownFields = false
	intermediateTableSuffix = tmp
	kafkaDataFieldName = null
	kafkaKeyFieldName = kafkaKey
	keySource = FILE
	keyfile = [hidden]
	max.retries = 10
	mergeIntervalMs = -1
	mergeRecordsThreshold = 2
	partitionExpirationMs = null
	preserveKafkaTopicPartitionOffset = false
	project = gen-lang-client-0026556124
	queueSize = -1
	sanitizeFieldNames = false
	sanitizeTopics = true
	schemaRetriever = class com.wepay.kafka.connect.bigquery.retrieve.IdentitySchemaRetriever
	threadPoolSize = 10
	timePartitioningType = DAY
	timestampPartitionFieldName = null
	topic2TableMap = 
	topics = [test-delete-sr]
	topics.regex = 
	upsertEnabled = false
	useCredentialsProjectId = false
	useStorageWriteApi = false
	variableScaleDecimalHandlingMode = RECORD
 (com.wepay.kafka.connect.bigquery.config.BigQuerySinkConfig:372)
[2026-03-04 15:48:17,444] INFO 127.0.0.1 - - [04/Mar/2026:10:18:17 +0000] "GET /connectors/kcbq-sink-connector-testDelete-sr/status HTTP/1.1" 404 94 "-" "Jetty/9.4.56.v20240826" 0 (org.apache.kafka.connect.runtime.rest.RestServer:62)
[2026-03-04 15:48:17,444] INFO GET response for URL=http://localhost:36425/connectors/kcbq-sink-connector-testDelete-sr/status is {"error_code":404,"message":"No status found for connector kcbq-sink-connector-testDelete-sr"} (org.apache.kafka.connect.util.clusters.EmbeddedConnect:1016)
[2026-03-04 15:48:17,444] WARN [kcbq-sink-connector-testDelete-sr|worker] Option convertDebeziumVariableScaleDecimal is deprecated since 2.8.0: Use variableScaleDecimalHandlingMode instead. (com.wepay.kafka.connect.bigquery.config.BigQuerySinkConfig:650)
[2026-03-04 15:48:17,444] WARN Could not check connector state info. (com.wepay.kafka.connect.bigquery.integration.BaseConnectorIT:369)
org.apache.kafka.connect.runtime.rest.errors.ConnectRestException: Could not read connector state. Error response: {"error_code":404,"message":"No status found for connector kcbq-sink-connector-testDelete-sr"}
	at org.apache.kafka.connect.util.clusters.EmbeddedConnect.connectorStatus(EmbeddedConnect.java:513)
	at org.apache.kafka.connect.util.clusters.EmbeddedConnectCluster.connectorStatus(EmbeddedConnectCluster.java:48)
	at com.wepay.kafka.connect.bigquery.integration.BaseConnectorIT.assertConnectorAndTasksRunning(BaseConnectorIT.java:362)
	at com.wepay.kafka.connect.bigquery.integration.BaseConnectorIT.lambda$waitForConnectorToStart$0(BaseConnectorIT.java:346)
	at org.apache.kafka.test.TestUtils.lambda$waitForCondition$3(TestUtils.java:396)
	at org.apache.kafka.test.TestUtils.retryOnExceptionWithTimeout(TestUtils.java:444)
	at org.apache.kafka.test.TestUtils.waitForCondition(TestUtils.java:393)
	at org.apache.kafka.test.TestUtils.waitForCondition(TestUtils.java:377)
	at org.apache.kafka.test.TestUtils.waitForCondition(TestUtils.java:367)
	at com.wepay.kafka.connect.bigquery.integration.BaseConnectorIT.waitForConnectorToStart(BaseConnectorIT.java:345)
	at com.wepay.kafka.connect.bigquery.integration.UpsertDeleteBigQuerySinkConnectorWithSRIT.testDelete(UpsertDeleteBigQuerySinkConnectorWithSRIT.java:242)
	at java.base/jdk.internal.reflect.DirectMethodHandleAccessor.invoke(DirectMethodHandleAccessor.java:104)
	at java.base/java.lang.reflect.Method.invoke(Method.java:565)
	at org.junit.platform.commons.util.ReflectionUtils.invokeMethod(ReflectionUtils.java:728)
	at org.junit.jupiter.engine.execution.MethodInvocation.proceed(MethodInvocation.java:60)
	at org.junit.jupiter.engine.execution.InvocationInterceptorChain$ValidatingInvocation.proceed(InvocationInterceptorChain.java:131)
	at org.junit.jupiter.engine.extension.TimeoutExtension.intercept(TimeoutExtension.java:156)
	at org.junit.jupiter.engine.extension.TimeoutExtension.interceptTestableMethod(TimeoutExtension.java:147)
	at org.junit.jupiter.engine.extension.TimeoutExtension.interceptTestMethod(TimeoutExtension.java:86)
	at org.junit.jupiter.engine.execution.InterceptingExecutableInvoker$ReflectiveInterceptorCall.lambda$ofVoidMethod$0(InterceptingExecutableInvoker.java:103)
	at org.junit.jupiter.engine.execution.InterceptingExecutableInvoker.lambda$invoke$0(InterceptingExecutableInvoker.java:93)
	at org.junit.jupiter.engine.execution.InvocationInterceptorChain$InterceptedInvocation.proceed(InvocationInterceptorChain.java:106)
	at org.junit.jupiter.engine.execution.InvocationInterceptorChain.proceed(InvocationInterceptorChain.java:64)
	at org.junit.jupiter.engine.execution.InvocationInterceptorChain.chainAndInvoke(InvocationInterceptorChain.java:45)
	at org.junit.jupiter.engine.execution.InvocationInterceptorChain.invoke(InvocationInterceptorChain.java:37)
	at org.junit.jupiter.engine.execution.InterceptingExecutableInvoker.invoke(InterceptingExecutableInvoker.java:92)
	at org.junit.jupiter.engine.execution.InterceptingExecutableInvoker.invoke(InterceptingExecutableInvoker.java:86)
	at org.junit.jupiter.engine.descriptor.TestMethodTestDescriptor.lambda$invokeTestMethod$7(TestMethodTestDescriptor.java:218)
	at org.junit.platform.engine.support.hierarchical.ThrowableCollector.execute(ThrowableCollector.java:73)
	at org.junit.jupiter.engine.descriptor.TestMethodTestDescriptor.invokeTestMethod(TestMethodTestDescriptor.java:214)
	at org.junit.jupiter.engine.descriptor.TestMethodTestDescriptor.execute(TestMethodTestDescriptor.java:139)
	at org.junit.jupiter.engine.descriptor.TestMethodTestDescriptor.execute(TestMethodTestDescriptor.java:69)
	at org.junit.platform.engine.support.hierarchical.NodeTestTask.lambda$executeRecursively$6(NodeTestTask.java:151)
	at org.junit.platform.engine.support.hierarchical.ThrowableCollector.execute(ThrowableCollector.java:73)
	at org.junit.platform.engine.support.hierarchical.NodeTestTask.lambda$executeRecursively$8(NodeTestTask.java:141)
	at org.junit.platform.engine.support.hierarchical.Node.around(Node.java:137)
	at org.junit.platform.engine.support.hierarchical.NodeTestTask.lambda$executeRecursively$9(NodeTestTask.java:139)
	at org.junit.platform.engine.support.hierarchical.ThrowableCollector.execute(ThrowableCollector.java:73)
	at org.junit.platform.engine.support.hierarchical.NodeTestTask.executeRecursively(NodeTestTask.java:138)
	at org.junit.platform.engine.support.hierarchical.NodeTestTask.execute(NodeTestTask.java:95)
	at java.base/java.util.ArrayList.forEach(ArrayList.java:1604)
	at org.junit.platform.engine.support.hierarchical.SameThreadHierarchicalTestExecutorService.invokeAll(SameThreadHierarchicalTestExecutorService.java:41)
	at org.junit.platform.engine.support.hierarchical.NodeTestTask.lambda$executeRecursively$6(NodeTestTask.java:155)
	at org.junit.platform.engine.support.hierarchical.ThrowableCollector.execute(ThrowableCollector.java:73)
	at org.junit.platform.engine.support.hierarchical.NodeTestTask.lambda$executeRecursively$8(NodeTestTask.java:141)
	at org.junit.platform.engine.support.hierarchical.Node.around(Node.java:137)
	at org.junit.platform.engine.support.hierarchical.NodeTestTask.lambda$executeRecursively$9(NodeTestTask.java:139)
	at org.junit.platform.engine.support.hierarchical.ThrowableCollector.execute(ThrowableCollector.java:73)
	at org.junit.platform.engine.support.hierarchical.NodeTestTask.executeRecursively(NodeTestTask.java:138)
	at org.junit.platform.engine.support.hierarchical.NodeTestTask.execute(NodeTestTask.java:95)
	at java.base/java.util.ArrayList.forEach(ArrayList.java:1604)
	at org.junit.platform.engine.support.hierarchical.SameThreadHierarchicalTestExecutorService.invokeAll(SameThreadHierarchicalTestExecutorService.java:41)
	at org.junit.platform.engine.support.hierarchical.NodeTestTask.lambda$executeRecursively$6(NodeTestTask.java:155)
	at org.junit.platform.engine.support.hierarchical.ThrowableCollector.execute(ThrowableCollector.java:73)
	at org.junit.platform.engine.support.hierarchical.NodeTestTask.lambda$executeRecursively$8(NodeTestTask.java:141)
	at org.junit.platform.engine.support.hierarchical.Node.around(Node.java:137)
	at org.junit.platform.engine.support.hierarchical.NodeTestTask.lambda$executeRecursively$9(NodeTestTask.java:139)
	at org.junit.platform.engine.support.hierarchical.ThrowableCollector.execute(ThrowableCollector.java:73)
	at org.junit.platform.engine.support.hierarchical.NodeTestTask.executeRecursively(NodeTestTask.java:138)
	at org.junit.platform.engine.support.hierarchical.NodeTestTask.execute(NodeTestTask.java:95)
	at org.junit.platform.engine.support.hierarchical.SameThreadHierarchicalTestExecutorService.submit(SameThreadHierarchicalTestExecutorService.java:35)
	at org.junit.platform.engine.support.hierarchical.HierarchicalTestExecutor.execute(HierarchicalTestExecutor.java:57)
	at org.junit.platform.engine.support.hierarchical.HierarchicalTestEngine.execute(HierarchicalTestEngine.java:54)
	at org.junit.platform.launcher.core.EngineExecutionOrchestrator.execute(EngineExecutionOrchestrator.java:198)
	at org.junit.platform.launcher.core.EngineExecutionOrchestrator.execute(EngineExecutionOrchestrator.java:169)
	at org.junit.platform.launcher.core.EngineExecutionOrchestrator.execute(EngineExecutionOrchestrator.java:93)
	at org.junit.platform.launcher.core.EngineExecutionOrchestrator.lambda$execute$0(EngineExecutionOrchestrator.java:58)
	at org.junit.platform.launcher.core.EngineExecutionOrchestrator.withInterceptedStreams(EngineExecutionOrchestrator.java:141)
	at org.junit.platform.launcher.core.EngineExecutionOrchestrator.execute(EngineExecutionOrchestrator.java:57)
	at org.junit.platform.launcher.core.DefaultLauncher.execute(DefaultLauncher.java:103)
	at org.junit.platform.launcher.core.DefaultLauncher.execute(DefaultLauncher.java:85)
	at org.junit.platform.launcher.core.DelegatingLauncher.execute(DelegatingLauncher.java:47)
	at org.apache.maven.surefire.junitplatform.LazyLauncher.execute(LazyLauncher.java:56)
	at org.apache.maven.surefire.junitplatform.JUnitPlatformProvider.execute(JUnitPlatformProvider.java:194)
	at org.apache.maven.surefire.junitplatform.JUnitPlatformProvider.invokeAllTests(JUnitPlatformProvider.java:150)
	at org.apache.maven.surefire.junitplatform.JUnitPlatformProvider.invoke(JUnitPlatformProvider.java:124)
	at org.apache.maven.surefire.booter.ForkedBooter.runSuitesInProcess(ForkedBooter.java:385)
	at org.apache.maven.surefire.booter.ForkedBooter.execute(ForkedBooter.java:162)
	at org.apache.maven.surefire.booter.ForkedBooter.run(ForkedBooter.java:507)
	at org.apache.maven.surefire.booter.ForkedBooter.main(ForkedBooter.java:495)
[2026-03-04 15:48:17,445] INFO SinkConnectorConfig values: 
	config.action.reload = restart
	connector.class = com.wepay.kafka.connect.bigquery.BigQuerySinkConnector
	errors.deadletterqueue.context.headers.enable = false
	errors.deadletterqueue.topic.name = 
	errors.deadletterqueue.topic.replication.factor = 3
	errors.log.enable = false
	errors.log.include.messages = false
	errors.retry.delay.max.ms = 60000
	errors.retry.timeout = 0
	errors.tolerance = none
	header.converter = null
	key.converter = class io.confluent.connect.avro.AvroConverter
	name = kcbq-sink-connector-testDelete-sr
	predicates = []
	tasks.max = 1
	tasks.max.enforce = true
	topics = [test-delete-sr]
	topics.regex = 
	transforms = []
	value.converter = class io.confluent.connect.avro.AvroConverter
 (org.apache.kafka.connect.runtime.SinkConnectorConfig:372)
[2026-03-04 15:48:17,445] INFO EnrichedConnectorConfig values: 
	config.action.reload = restart
	connector.class = com.wepay.kafka.connect.bigquery.BigQuerySinkConnector
	errors.deadletterqueue.context.headers.enable = false
	errors.deadletterqueue.topic.name = 
	errors.deadletterqueue.topic.replication.factor = 3
	errors.log.enable = false
	errors.log.include.messages = false
	errors.retry.delay.max.ms = 60000
	errors.retry.timeout = 0
	errors.tolerance = none
	header.converter = null
	key.converter = class io.confluent.connect.avro.AvroConverter
	name = kcbq-sink-connector-testDelete-sr
	predicates = []
	tasks.max = 1
	tasks.max.enforce = true
	topics = [test-delete-sr]
	topics.regex = 
	transforms = []
	value.converter = class io.confluent.connect.avro.AvroConverter
 (org.apache.kafka.connect.runtime.ConnectorConfig$EnrichedConnectorConfig:372)
[2026-03-04 15:48:17,448] INFO [Worker clientId=connect-localhost:36425, groupId=connect-integration-test-kcbq-connect-cluster] Tasks [kcbq-sink-connector-testDelete-sr-0] configs updated (org.apache.kafka.connect.runtime.distributed.DistributedHerder:2440)
[2026-03-04 15:48:17,448] INFO [Worker clientId=connect-localhost:36425, groupId=connect-integration-test-kcbq-connect-cluster] Rebalance started (org.apache.kafka.connect.runtime.distributed.WorkerCoordinator:242)
[2026-03-04 15:48:17,448] INFO [Worker clientId=connect-localhost:36425, groupId=connect-integration-test-kcbq-connect-cluster] (Re-)joining group (org.apache.kafka.connect.runtime.distributed.WorkerCoordinator:604)
[2026-03-04 15:48:17,448] INFO [GroupCoordinator 0]: Preparing to rebalance group connect-integration-test-kcbq-connect-cluster in state PreparingRebalance with old generation 2 (__consumer_offsets-42) (reason: Leader connect-localhost:36425-d5054138-5fd3-4aa1-b8c3-2bf4790ad1a5 re-joining group during Stable; client reason: ) (kafka.coordinator.group.GroupCoordinator:66)
[2026-03-04 15:48:17,448] INFO [GroupCoordinator 0]: Stabilized group connect-integration-test-kcbq-connect-cluster generation 3 (__consumer_offsets-42) with 1 members (kafka.coordinator.group.GroupCoordinator:66)
[2026-03-04 15:48:17,448] INFO [Worker clientId=connect-localhost:36425, groupId=connect-integration-test-kcbq-connect-cluster] Successfully joined group with generation Generation{generationId=3, memberId='connect-localhost:36425-d5054138-5fd3-4aa1-b8c3-2bf4790ad1a5', protocol='sessioned'} (org.apache.kafka.connect.runtime.distributed.WorkerCoordinator:665)
[2026-03-04 15:48:17,448] INFO [GroupCoordinator 0]: Assignment received from leader connect-localhost:36425-d5054138-5fd3-4aa1-b8c3-2bf4790ad1a5 for group connect-integration-test-kcbq-connect-cluster for generation 3. The group has 1 members, 0 of which are static. (kafka.coordinator.group.GroupCoordinator:66)
[2026-03-04 15:48:17,449] INFO [Worker clientId=connect-localhost:36425, groupId=connect-integration-test-kcbq-connect-cluster] Successfully synced group in generation Generation{generationId=3, memberId='connect-localhost:36425-d5054138-5fd3-4aa1-b8c3-2bf4790ad1a5', protocol='sessioned'} (org.apache.kafka.connect.runtime.distributed.WorkerCoordinator:842)
[2026-03-04 15:48:17,449] INFO [Worker clientId=connect-localhost:36425, groupId=connect-integration-test-kcbq-connect-cluster] Joined group at generation 3 with protocol version 2 and got assignment: Assignment{error=0, leader='connect-localhost:36425-d5054138-5fd3-4aa1-b8c3-2bf4790ad1a5', leaderUrl='http://localhost:36425/', offset=4, connectorIds=[kcbq-sink-connector-testDelete-sr], taskIds=[kcbq-sink-connector-testDelete-sr-0], revokedConnectorIds=[], revokedTaskIds=[], delay=0} with rebalance delay: 0 (org.apache.kafka.connect.runtime.distributed.DistributedHerder:2621)
[2026-03-04 15:48:17,449] INFO [Worker clientId=connect-localhost:36425, groupId=connect-integration-test-kcbq-connect-cluster] Starting connectors and tasks using config offset 4 (org.apache.kafka.connect.runtime.distributed.DistributedHerder:1959)
[2026-03-04 15:48:17,449] INFO [Worker clientId=connect-localhost:36425, groupId=connect-integration-test-kcbq-connect-cluster] Starting task kcbq-sink-connector-testDelete-sr-0 (org.apache.kafka.connect.runtime.distributed.DistributedHerder:2002)
[2026-03-04 15:48:17,449] INFO [kcbq-sink-connector-testDelete-sr|task-0] Creating task kcbq-sink-connector-testDelete-sr-0 (org.apache.kafka.connect.runtime.Worker:645)
[2026-03-04 15:48:17,449] INFO [kcbq-sink-connector-testDelete-sr|task-0] ConnectorConfig values: 
	config.action.reload = restart
	connector.class = com.wepay.kafka.connect.bigquery.BigQuerySinkConnector
	errors.log.enable = false
	errors.log.include.messages = false
	errors.retry.delay.max.ms = 60000
	errors.retry.timeout = 0
	errors.tolerance = none
	header.converter = null
	key.converter = class io.confluent.connect.avro.AvroConverter
	name = kcbq-sink-connector-testDelete-sr
	predicates = []
	tasks.max = 1
	tasks.max.enforce = true
	transforms = []
	value.converter = class io.confluent.connect.avro.AvroConverter
 (org.apache.kafka.connect.runtime.ConnectorConfig:372)
[2026-03-04 15:48:17,449] INFO [kcbq-sink-connector-testDelete-sr|task-0] EnrichedConnectorConfig values: 
	config.action.reload = restart
	connector.class = com.wepay.kafka.connect.bigquery.BigQuerySinkConnector
	errors.log.enable = false
	errors.log.include.messages = false
	errors.retry.delay.max.ms = 60000
	errors.retry.timeout = 0
	errors.tolerance = none
	header.converter = null
	key.converter = class io.confluent.connect.avro.AvroConverter
	name = kcbq-sink-connector-testDelete-sr
	predicates = []
	tasks.max = 1
	tasks.max.enforce = true
	transforms = []
	value.converter = class io.confluent.connect.avro.AvroConverter
 (org.apache.kafka.connect.runtime.ConnectorConfig$EnrichedConnectorConfig:372)
[2026-03-04 15:48:17,449] INFO [kcbq-sink-connector-testDelete-sr|task-0] TaskConfig values: 
	task.class = class com.wepay.kafka.connect.bigquery.BigQuerySinkTask
 (org.apache.kafka.connect.runtime.TaskConfig:372)
[2026-03-04 15:48:17,449] INFO [kcbq-sink-connector-testDelete-sr|task-0] Instantiated task kcbq-sink-connector-testDelete-sr-0 with version VERSION-NUMBER of type com.wepay.kafka.connect.bigquery.BigQuerySinkTask (org.apache.kafka.connect.runtime.Worker:664)
[2026-03-04 15:48:17,449] INFO [kcbq-sink-connector-testDelete-sr|task-0] AvroConverterConfig values: 
	auto.register.schemas = true
	basic.auth.credentials.source = URL
	basic.auth.user.info = [hidden]
	bearer.auth.cache.expiry.buffer.seconds = 300
	bearer.auth.client.id = null
	bearer.auth.client.secret = null
	bearer.auth.credentials.source = STATIC_TOKEN
	bearer.auth.custom.provider.class = null
	bearer.auth.identity.pool.id = null
	bearer.auth.issuer.endpoint.url = null
	bearer.auth.logical.cluster = null
	bearer.auth.scope = null
	bearer.auth.scope.claim.name = scope
	bearer.auth.sub.claim.name = sub
	bearer.auth.token = [hidden]
	context.name.strategy = class io.confluent.kafka.serializers.context.NullContextNameStrategy
	http.connect.timeout.ms = 60000
	http.read.timeout.ms = 60000
	id.compatibility.strict = true
	key.subject.name.strategy = class io.confluent.kafka.serializers.subject.TopicNameStrategy
	latest.cache.size = 1000
	latest.cache.ttl.sec = -1
	latest.compatibility.strict = true
	max.retries = 3
	max.schemas.per.subject = 1000
	normalize.schemas = false
	propagate.schema.tags = false
	proxy.host = 
	proxy.port = -1
	retries.max.wait.ms = 20000
	retries.wait.ms = 1000
	rule.actions = []
	rule.executors = []
	rule.service.loader.enable = true
	schema.format = null
	schema.reflection = false
	schema.registry.basic.auth.user.info = [hidden]
	schema.registry.ssl.cipher.suites = null
	schema.registry.ssl.enabled.protocols = [TLSv1.2, TLSv1.3]
	schema.registry.ssl.endpoint.identification.algorithm = https
	schema.registry.ssl.engine.factory.class = null
	schema.registry.ssl.key.password = null
	schema.registry.ssl.keymanager.algorithm = SunX509
	schema.registry.ssl.keystore.certificate.chain = null
	schema.registry.ssl.keystore.key = null
	schema.registry.ssl.keystore.location = null
	schema.registry.ssl.keystore.password = null
	schema.registry.ssl.keystore.type = JKS
	schema.registry.ssl.protocol = TLSv1.3
	schema.registry.ssl.provider = null
	schema.registry.ssl.secure.random.implementation = null
	schema.registry.ssl.trustmanager.algorithm = PKIX
	schema.registry.ssl.truststore.certificates = null
	schema.registry.ssl.truststore.location = null
	schema.registry.ssl.truststore.password = null
	schema.registry.ssl.truststore.type = JKS
	schema.registry.url = [http://0.0.0.0:42201/]
	schema.registry.url.randomize = false
	use.latest.version = false
	use.latest.with.metadata = null
	use.schema.id = -1
	value.subject.name.strategy = class io.confluent.kafka.serializers.subject.TopicNameStrategy
 (io.confluent.connect.avro.AvroConverterConfig:372)
[2026-03-04 15:48:17,449] INFO [kcbq-sink-connector-testDelete-sr|task-0] KafkaAvroSerializerConfig values: 
	auto.register.schemas = true
	avro.reflection.allow.null = false
	avro.remove.java.properties = false
	avro.use.logical.type.converters = false
	basic.auth.credentials.source = URL
	basic.auth.user.info = [hidden]
	bearer.auth.cache.expiry.buffer.seconds = 300
	bearer.auth.client.id = null
	bearer.auth.client.secret = null
	bearer.auth.credentials.source = STATIC_TOKEN
	bearer.auth.custom.provider.class = null
	bearer.auth.identity.pool.id = null
	bearer.auth.issuer.endpoint.url = null
	bearer.auth.logical.cluster = null
	bearer.auth.scope = null
	bearer.auth.scope.claim.name = scope
	bearer.auth.sub.claim.name = sub
	bearer.auth.token = [hidden]
	context.name.strategy = class io.confluent.kafka.serializers.context.NullContextNameStrategy
	http.connect.timeout.ms = 60000
	http.read.timeout.ms = 60000
	id.compatibility.strict = true
	key.subject.name.strategy = class io.confluent.kafka.serializers.subject.TopicNameStrategy
	latest.cache.size = 1000
	latest.cache.ttl.sec = -1
	latest.compatibility.strict = true
	max.retries = 3
	max.schemas.per.subject = 1000
	normalize.schemas = false
	propagate.schema.tags = false
	proxy.host = 
	proxy.port = -1
	retries.max.wait.ms = 20000
	retries.wait.ms = 1000
	rule.actions = []
	rule.executors = []
	rule.service.loader.enable = true
	schema.format = null
	schema.reflection = false
	schema.registry.basic.auth.user.info = [hidden]
	schema.registry.ssl.cipher.suites = null
	schema.registry.ssl.enabled.protocols = [TLSv1.2, TLSv1.3]
	schema.registry.ssl.endpoint.identification.algorithm = https
	schema.registry.ssl.engine.factory.class = null
	schema.registry.ssl.key.password = null
	schema.registry.ssl.keymanager.algorithm = SunX509
	schema.registry.ssl.keystore.certificate.chain = null
	schema.registry.ssl.keystore.key = null
	schema.registry.ssl.keystore.location = null
	schema.registry.ssl.keystore.password = null
	schema.registry.ssl.keystore.type = JKS
	schema.registry.ssl.protocol = TLSv1.3
	schema.registry.ssl.provider = null
	schema.registry.ssl.secure.random.implementation = null
	schema.registry.ssl.trustmanager.algorithm = PKIX
	schema.registry.ssl.truststore.certificates = null
	schema.registry.ssl.truststore.location = null
	schema.registry.ssl.truststore.password = null
	schema.registry.ssl.truststore.type = JKS
	schema.registry.url = [http://0.0.0.0:42201/]
	schema.registry.url.randomize = false
	use.latest.version = false
	use.latest.with.metadata = null
	use.schema.id = -1
	value.subject.name.strategy = class io.confluent.kafka.serializers.subject.TopicNameStrategy
 (io.confluent.kafka.serializers.KafkaAvroSerializerConfig:372)
[2026-03-04 15:48:17,450] INFO [kcbq-sink-connector-testDelete-sr|task-0] KafkaAvroDeserializerConfig values: 
	auto.register.schemas = true
	avro.reflection.allow.null = false
	avro.use.logical.type.converters = false
	basic.auth.credentials.source = URL
	basic.auth.user.info = [hidden]
	bearer.auth.cache.expiry.buffer.seconds = 300
	bearer.auth.client.id = null
	bearer.auth.client.secret = null
	bearer.auth.credentials.source = STATIC_TOKEN
	bearer.auth.custom.provider.class = null
	bearer.auth.identity.pool.id = null
	bearer.auth.issuer.endpoint.url = null
	bearer.auth.logical.cluster = null
	bearer.auth.scope = null
	bearer.auth.scope.claim.name = scope
	bearer.auth.sub.claim.name = sub
	bearer.auth.token = [hidden]
	context.name.strategy = class io.confluent.kafka.serializers.context.NullContextNameStrategy
	http.connect.timeout.ms = 60000
	http.read.timeout.ms = 60000
	id.compatibility.strict = true
	key.subject.name.strategy = class io.confluent.kafka.serializers.subject.TopicNameStrategy
	latest.cache.size = 1000
	latest.cache.ttl.sec = -1
	latest.compatibility.strict = true
	max.retries = 3
	max.schemas.per.subject = 1000
	normalize.schemas = false
	propagate.schema.tags = false
	proxy.host = 
	proxy.port = -1
	retries.max.wait.ms = 20000
	retries.wait.ms = 1000
	rule.actions = []
	rule.executors = []
	rule.service.loader.enable = true
	schema.format = null
	schema.reflection = false
	schema.registry.basic.auth.user.info = [hidden]
	schema.registry.ssl.cipher.suites = null
	schema.registry.ssl.enabled.protocols = [TLSv1.2, TLSv1.3]
	schema.registry.ssl.endpoint.identification.algorithm = https
	schema.registry.ssl.engine.factory.class = null
	schema.registry.ssl.key.password = null
	schema.registry.ssl.keymanager.algorithm = SunX509
	schema.registry.ssl.keystore.certificate.chain = null
	schema.registry.ssl.keystore.key = null
	schema.registry.ssl.keystore.location = null
	schema.registry.ssl.keystore.password = null
	schema.registry.ssl.keystore.type = JKS
	schema.registry.ssl.protocol = TLSv1.3
	schema.registry.ssl.provider = null
	schema.registry.ssl.secure.random.implementation = null
	schema.registry.ssl.trustmanager.algorithm = PKIX
	schema.registry.ssl.truststore.certificates = null
	schema.registry.ssl.truststore.location = null
	schema.registry.ssl.truststore.password = null
	schema.registry.ssl.truststore.type = JKS
	schema.registry.url = [http://0.0.0.0:42201/]
	schema.registry.url.randomize = false
	specific.avro.key.type = null
	specific.avro.reader = false
	specific.avro.value.type = null
	use.latest.version = false
	use.latest.with.metadata = null
	use.schema.id = -1
	value.subject.name.strategy = class io.confluent.kafka.serializers.subject.TopicNameStrategy
 (io.confluent.kafka.serializers.KafkaAvroDeserializerConfig:372)
[2026-03-04 15:48:17,450] INFO [kcbq-sink-connector-testDelete-sr|task-0] AvroDataConfig values: 
	allow.optional.map.keys = false
	connect.meta.data = true
	discard.type.doc.default = false
	enhanced.avro.schema.support = false
	flatten.singleton.unions = true
	generalized.sum.type.support = false
	ignore.default.for.nullables = false
	schemas.cache.config = 1000
	scrub.invalid.names = false
 (io.confluent.connect.avro.AvroDataConfig:372)
[2026-03-04 15:48:17,450] INFO [kcbq-sink-connector-testDelete-sr|task-0] AvroConverterConfig values: 
	auto.register.schemas = true
	basic.auth.credentials.source = URL
	basic.auth.user.info = [hidden]
	bearer.auth.cache.expiry.buffer.seconds = 300
	bearer.auth.client.id = null
	bearer.auth.client.secret = null
	bearer.auth.credentials.source = STATIC_TOKEN
	bearer.auth.custom.provider.class = null
	bearer.auth.identity.pool.id = null
	bearer.auth.issuer.endpoint.url = null
	bearer.auth.logical.cluster = null
	bearer.auth.scope = null
	bearer.auth.scope.claim.name = scope
	bearer.auth.sub.claim.name = sub
	bearer.auth.token = [hidden]
	context.name.strategy = class io.confluent.kafka.serializers.context.NullContextNameStrategy
	http.connect.timeout.ms = 60000
	http.read.timeout.ms = 60000
	id.compatibility.strict = true
	key.subject.name.strategy = class io.confluent.kafka.serializers.subject.TopicNameStrategy
	latest.cache.size = 1000
	latest.cache.ttl.sec = -1
	latest.compatibility.strict = true
	max.retries = 3
	max.schemas.per.subject = 1000
	normalize.schemas = false
	propagate.schema.tags = false
	proxy.host = 
	proxy.port = -1
	retries.max.wait.ms = 20000
	retries.wait.ms = 1000
	rule.actions = []
	rule.executors = []
	rule.service.loader.enable = true
	schema.format = null
	schema.reflection = false
	schema.registry.basic.auth.user.info = [hidden]
	schema.registry.ssl.cipher.suites = null
	schema.registry.ssl.enabled.protocols = [TLSv1.2, TLSv1.3]
	schema.registry.ssl.endpoint.identification.algorithm = https
	schema.registry.ssl.engine.factory.class = null
	schema.registry.ssl.key.password = null
	schema.registry.ssl.keymanager.algorithm = SunX509
	schema.registry.ssl.keystore.certificate.chain = null
	schema.registry.ssl.keystore.key = null
	schema.registry.ssl.keystore.location = null
	schema.registry.ssl.keystore.password = null
	schema.registry.ssl.keystore.type = JKS
	schema.registry.ssl.protocol = TLSv1.3
	schema.registry.ssl.provider = null
	schema.registry.ssl.secure.random.implementation = null
	schema.registry.ssl.trustmanager.algorithm = PKIX
	schema.registry.ssl.truststore.certificates = null
	schema.registry.ssl.truststore.location = null
	schema.registry.ssl.truststore.password = null
	schema.registry.ssl.truststore.type = JKS
	schema.registry.url = [http://0.0.0.0:42201/]
	schema.registry.url.randomize = false
	use.latest.version = false
	use.latest.with.metadata = null
	use.schema.id = -1
	value.subject.name.strategy = class io.confluent.kafka.serializers.subject.TopicNameStrategy
 (io.confluent.connect.avro.AvroConverterConfig:372)
[2026-03-04 15:48:17,450] INFO [kcbq-sink-connector-testDelete-sr|task-0] KafkaAvroSerializerConfig values: 
	auto.register.schemas = true
	avro.reflection.allow.null = false
	avro.remove.java.properties = false
	avro.use.logical.type.converters = false
	basic.auth.credentials.source = URL
	basic.auth.user.info = [hidden]
	bearer.auth.cache.expiry.buffer.seconds = 300
	bearer.auth.client.id = null
	bearer.auth.client.secret = null
	bearer.auth.credentials.source = STATIC_TOKEN
	bearer.auth.custom.provider.class = null
	bearer.auth.identity.pool.id = null
	bearer.auth.issuer.endpoint.url = null
	bearer.auth.logical.cluster = null
	bearer.auth.scope = null
	bearer.auth.scope.claim.name = scope
	bearer.auth.sub.claim.name = sub
	bearer.auth.token = [hidden]
	context.name.strategy = class io.confluent.kafka.serializers.context.NullContextNameStrategy
	http.connect.timeout.ms = 60000
	http.read.timeout.ms = 60000
	id.compatibility.strict = true
	key.subject.name.strategy = class io.confluent.kafka.serializers.subject.TopicNameStrategy
	latest.cache.size = 1000
	latest.cache.ttl.sec = -1
	latest.compatibility.strict = true
	max.retries = 3
	max.schemas.per.subject = 1000
	normalize.schemas = false
	propagate.schema.tags = false
	proxy.host = 
	proxy.port = -1
	retries.max.wait.ms = 20000
	retries.wait.ms = 1000
	rule.actions = []
	rule.executors = []
	rule.service.loader.enable = true
	schema.format = null
	schema.reflection = false
	schema.registry.basic.auth.user.info = [hidden]
	schema.registry.ssl.cipher.suites = null
	schema.registry.ssl.enabled.protocols = [TLSv1.2, TLSv1.3]
	schema.registry.ssl.endpoint.identification.algorithm = https
	schema.registry.ssl.engine.factory.class = null
	schema.registry.ssl.key.password = null
	schema.registry.ssl.keymanager.algorithm = SunX509
	schema.registry.ssl.keystore.certificate.chain = null
	schema.registry.ssl.keystore.key = null
	schema.registry.ssl.keystore.location = null
	schema.registry.ssl.keystore.password = null
	schema.registry.ssl.keystore.type = JKS
	schema.registry.ssl.protocol = TLSv1.3
	schema.registry.ssl.provider = null
	schema.registry.ssl.secure.random.implementation = null
	schema.registry.ssl.trustmanager.algorithm = PKIX
	schema.registry.ssl.truststore.certificates = null
	schema.registry.ssl.truststore.location = null
	schema.registry.ssl.truststore.password = null
	schema.registry.ssl.truststore.type = JKS
	schema.registry.url = [http://0.0.0.0:42201/]
	schema.registry.url.randomize = false
	use.latest.version = false
	use.latest.with.metadata = null
	use.schema.id = -1
	value.subject.name.strategy = class io.confluent.kafka.serializers.subject.TopicNameStrategy
 (io.confluent.kafka.serializers.KafkaAvroSerializerConfig:372)
[2026-03-04 15:48:17,450] INFO [kcbq-sink-connector-testDelete-sr|task-0] KafkaAvroDeserializerConfig values: 
	auto.register.schemas = true
	avro.reflection.allow.null = false
	avro.use.logical.type.converters = false
	basic.auth.credentials.source = URL
	basic.auth.user.info = [hidden]
	bearer.auth.cache.expiry.buffer.seconds = 300
	bearer.auth.client.id = null
	bearer.auth.client.secret = null
	bearer.auth.credentials.source = STATIC_TOKEN
	bearer.auth.custom.provider.class = null
	bearer.auth.identity.pool.id = null
	bearer.auth.issuer.endpoint.url = null
	bearer.auth.logical.cluster = null
	bearer.auth.scope = null
	bearer.auth.scope.claim.name = scope
	bearer.auth.sub.claim.name = sub
	bearer.auth.token = [hidden]
	context.name.strategy = class io.confluent.kafka.serializers.context.NullContextNameStrategy
	http.connect.timeout.ms = 60000
	http.read.timeout.ms = 60000
	id.compatibility.strict = true
	key.subject.name.strategy = class io.confluent.kafka.serializers.subject.TopicNameStrategy
	latest.cache.size = 1000
	latest.cache.ttl.sec = -1
	latest.compatibility.strict = true
	max.retries = 3
	max.schemas.per.subject = 1000
	normalize.schemas = false
	propagate.schema.tags = false
	proxy.host = 
	proxy.port = -1
	retries.max.wait.ms = 20000
	retries.wait.ms = 1000
	rule.actions = []
	rule.executors = []
	rule.service.loader.enable = true
	schema.format = null
	schema.reflection = false
	schema.registry.basic.auth.user.info = [hidden]
	schema.registry.ssl.cipher.suites = null
	schema.registry.ssl.enabled.protocols = [TLSv1.2, TLSv1.3]
	schema.registry.ssl.endpoint.identification.algorithm = https
	schema.registry.ssl.engine.factory.class = null
	schema.registry.ssl.key.password = null
	schema.registry.ssl.keymanager.algorithm = SunX509
	schema.registry.ssl.keystore.certificate.chain = null
	schema.registry.ssl.keystore.key = null
	schema.registry.ssl.keystore.location = null
	schema.registry.ssl.keystore.password = null
	schema.registry.ssl.keystore.type = JKS
	schema.registry.ssl.protocol = TLSv1.3
	schema.registry.ssl.provider = null
	schema.registry.ssl.secure.random.implementation = null
	schema.registry.ssl.trustmanager.algorithm = PKIX
	schema.registry.ssl.truststore.certificates = null
	schema.registry.ssl.truststore.location = null
	schema.registry.ssl.truststore.password = null
	schema.registry.ssl.truststore.type = JKS
	schema.registry.url = [http://0.0.0.0:42201/]
	schema.registry.url.randomize = false
	specific.avro.key.type = null
	specific.avro.reader = false
	specific.avro.value.type = null
	use.latest.version = false
	use.latest.with.metadata = null
	use.schema.id = -1
	value.subject.name.strategy = class io.confluent.kafka.serializers.subject.TopicNameStrategy
 (io.confluent.kafka.serializers.KafkaAvroDeserializerConfig:372)
[2026-03-04 15:48:17,450] INFO [kcbq-sink-connector-testDelete-sr|task-0] AvroDataConfig values: 
	allow.optional.map.keys = false
	connect.meta.data = true
	discard.type.doc.default = false
	enhanced.avro.schema.support = false
	flatten.singleton.unions = true
	generalized.sum.type.support = false
	ignore.default.for.nullables = false
	schemas.cache.config = 1000
	scrub.invalid.names = false
 (io.confluent.connect.avro.AvroDataConfig:372)
[2026-03-04 15:48:17,450] INFO [kcbq-sink-connector-testDelete-sr|task-0] Set up the key converter class io.confluent.connect.avro.AvroConverter for task kcbq-sink-connector-testDelete-sr-0 using the connector config (org.apache.kafka.connect.runtime.Worker:679)
[2026-03-04 15:48:17,450] INFO [kcbq-sink-connector-testDelete-sr|task-0] Set up the value converter class io.confluent.connect.avro.AvroConverter for task kcbq-sink-connector-testDelete-sr-0 using the connector config (org.apache.kafka.connect.runtime.Worker:685)
[2026-03-04 15:48:17,450] INFO [kcbq-sink-connector-testDelete-sr|task-0] Set up the header converter class org.apache.kafka.connect.storage.SimpleHeaderConverter for task kcbq-sink-connector-testDelete-sr-0 using the worker config (org.apache.kafka.connect.runtime.Worker:690)
[2026-03-04 15:48:17,451] INFO [kcbq-sink-connector-testDelete-sr|task-0] Initializing: org.apache.kafka.connect.runtime.TransformationChain{} (org.apache.kafka.connect.runtime.Worker:1794)
[2026-03-04 15:48:17,451] INFO [kcbq-sink-connector-testDelete-sr|task-0] SinkConnectorConfig values: 
	config.action.reload = restart
	connector.class = com.wepay.kafka.connect.bigquery.BigQuerySinkConnector
	errors.deadletterqueue.context.headers.enable = false
	errors.deadletterqueue.topic.name = 
	errors.deadletterqueue.topic.replication.factor = 3
	errors.log.enable = false
	errors.log.include.messages = false
	errors.retry.delay.max.ms = 60000
	errors.retry.timeout = 0
	errors.tolerance = none
	header.converter = null
	key.converter = class io.confluent.connect.avro.AvroConverter
	name = kcbq-sink-connector-testDelete-sr
	predicates = []
	tasks.max = 1
	tasks.max.enforce = true
	topics = [test-delete-sr]
	topics.regex = 
	transforms = []
	value.converter = class io.confluent.connect.avro.AvroConverter
 (org.apache.kafka.connect.runtime.SinkConnectorConfig:372)
[2026-03-04 15:48:17,451] INFO [kcbq-sink-connector-testDelete-sr|task-0] EnrichedConnectorConfig values: 
	config.action.reload = restart
	connector.class = com.wepay.kafka.connect.bigquery.BigQuerySinkConnector
	errors.deadletterqueue.context.headers.enable = false
	errors.deadletterqueue.topic.name = 
	errors.deadletterqueue.topic.replication.factor = 3
	errors.log.enable = false
	errors.log.include.messages = false
	errors.retry.delay.max.ms = 60000
	errors.retry.timeout = 0
	errors.tolerance = none
	header.converter = null
	key.converter = class io.confluent.connect.avro.AvroConverter
	name = kcbq-sink-connector-testDelete-sr
	predicates = []
	tasks.max = 1
	tasks.max.enforce = true
	topics = [test-delete-sr]
	topics.regex = 
	transforms = []
	value.converter = class io.confluent.connect.avro.AvroConverter
 (org.apache.kafka.connect.runtime.ConnectorConfig$EnrichedConnectorConfig:372)
[2026-03-04 15:48:17,451] INFO [kcbq-sink-connector-testDelete-sr|task-0] ConsumerConfig values: 
	allow.auto.create.topics = true
	auto.commit.interval.ms = 5000
	auto.include.jmx.reporter = true
	auto.offset.reset = earliest
	bootstrap.servers = [localhost:41079]
	check.crcs = true
	client.dns.lookup = use_all_dns_ips
	client.id = connector-consumer-kcbq-sink-connector-testDelete-sr-0
	client.rack = 
	connections.max.idle.ms = 540000
	default.api.timeout.ms = 60000
	enable.auto.commit = false
	enable.metrics.push = true
	exclude.internal.topics = true
	fetch.max.bytes = 52428800
	fetch.max.wait.ms = 500
	fetch.min.bytes = 1
	group.id = connect-kcbq-sink-connector-testDelete-sr
	group.instance.id = null
	group.protocol = classic
	group.remote.assignor = null
	heartbeat.interval.ms = 3000
	interceptor.classes = []
	internal.leave.group.on.close = true
	internal.throw.on.fetch.stable.offset.unsupported = false
	isolation.level = read_uncommitted
	key.deserializer = class org.apache.kafka.common.serialization.ByteArrayDeserializer
	max.partition.fetch.bytes = 1048576
	max.poll.interval.ms = 300000
	max.poll.records = 500
	metadata.max.age.ms = 300000
	metadata.recovery.strategy = none
	metric.reporters = []
	metrics.num.samples = 2
	metrics.recording.level = INFO
	metrics.sample.window.ms = 30000
	partition.assignment.strategy = [class org.apache.kafka.clients.consumer.RangeAssignor, class org.apache.kafka.clients.consumer.CooperativeStickyAssignor]
	receive.buffer.bytes = 65536
	reconnect.backoff.max.ms = 1000
	reconnect.backoff.ms = 50
	request.timeout.ms = 30000
	retry.backoff.max.ms = 1000
	retry.backoff.ms = 100
	sasl.client.callback.handler.class = null
	sasl.jaas.config = null
	sasl.kerberos.kinit.cmd = /usr/bin/kinit
	sasl.kerberos.min.time.before.relogin = 60000
	sasl.kerberos.service.name = null
	sasl.kerberos.ticket.renew.jitter = 0.05
	sasl.kerberos.ticket.renew.window.factor = 0.8
	sasl.login.callback.handler.class = null
	sasl.login.class = null
	sasl.login.connect.timeout.ms = null
	sasl.login.read.timeout.ms = null
	sasl.login.refresh.buffer.seconds = 300
	sasl.login.refresh.min.period.seconds = 60
	sasl.login.refresh.window.factor = 0.8
	sasl.login.refresh.window.jitter = 0.05
	sasl.login.retry.backoff.max.ms = 10000
	sasl.login.retry.backoff.ms = 100
	sasl.mechanism = GSSAPI
	sasl.oauthbearer.clock.skew.seconds = 30
	sasl.oauthbearer.expected.audience = null
	sasl.oauthbearer.expected.issuer = null
	sasl.oauthbearer.jwks.endpoint.refresh.ms = 3600000
	sasl.oauthbearer.jwks.endpoint.retry.backoff.max.ms = 10000
	sasl.oauthbearer.jwks.endpoint.retry.backoff.ms = 100
	sasl.oauthbearer.jwks.endpoint.url = null
	sasl.oauthbearer.scope.claim.name = scope
	sasl.oauthbearer.sub.claim.name = sub
	sasl.oauthbearer.token.endpoint.url = null
	security.protocol = PLAINTEXT
	security.providers = null
	send.buffer.bytes = 131072
	session.timeout.ms = 45000
	socket.connection.setup.timeout.max.ms = 30000
	socket.connection.setup.timeout.ms = 10000
	ssl.cipher.suites = null
	ssl.enabled.protocols = [TLSv1.2, TLSv1.3]
	ssl.endpoint.identification.algorithm = https
	ssl.engine.factory.class = null
	ssl.key.password = null
	ssl.keymanager.algorithm = SunX509
	ssl.keystore.certificate.chain = null
	ssl.keystore.key = null
	ssl.keystore.location = null
	ssl.keystore.password = null
	ssl.keystore.type = JKS
	ssl.protocol = TLSv1.3
	ssl.provider = null
	ssl.secure.random.implementation = null
	ssl.trustmanager.algorithm = PKIX
	ssl.truststore.certificates = null
	ssl.truststore.location = null
	ssl.truststore.password = null
	ssl.truststore.type = JKS
	value.deserializer = class org.apache.kafka.common.serialization.ByteArrayDeserializer
 (org.apache.kafka.clients.consumer.ConsumerConfig:372)
[2026-03-04 15:48:17,451] INFO [kcbq-sink-connector-testDelete-sr|task-0] initializing Kafka metrics collector (org.apache.kafka.common.telemetry.internals.KafkaMetricsCollector:269)
[2026-03-04 15:48:17,451] INFO [kcbq-sink-connector-testDelete-sr|task-0] These configurations '[metrics.context.connect.kafka.cluster.id, metrics.context.connect.group.id]' were supplied but are not used yet. (org.apache.kafka.clients.consumer.ConsumerConfig:381)
[2026-03-04 15:48:17,451] INFO [kcbq-sink-connector-testDelete-sr|task-0] Kafka version: 3.8.1 (org.apache.kafka.common.utils.AppInfoParser:124)
[2026-03-04 15:48:17,451] INFO [kcbq-sink-connector-testDelete-sr|task-0] Kafka commitId: 70d6ff42debf7e17 (org.apache.kafka.common.utils.AppInfoParser:125)
[2026-03-04 15:48:17,451] INFO [kcbq-sink-connector-testDelete-sr|task-0] Kafka startTimeMs: 1772619497451 (org.apache.kafka.common.utils.AppInfoParser:126)
[2026-03-04 15:48:17,452] INFO [Worker clientId=connect-localhost:36425, groupId=connect-integration-test-kcbq-connect-cluster] Finished starting connectors and tasks (org.apache.kafka.connect.runtime.distributed.DistributedHerder:1988)
[2026-03-04 15:48:17,452] INFO [kcbq-sink-connector-testDelete-sr|task-0] [Consumer clientId=connector-consumer-kcbq-sink-connector-testDelete-sr-0, groupId=connect-kcbq-sink-connector-testDelete-sr] Subscribed to topic(s): test-delete-sr (org.apache.kafka.clients.consumer.internals.LegacyKafkaConsumer:476)
[2026-03-04 15:48:17,452] INFO [kcbq-sink-connector-testDelete-sr|task-0] BigQuerySinkTaskConfig values: 
	GCSBQTask = false
	allBQFieldsNullable = false
	allowBigQueryRequiredFieldRelaxation = false
	allowNewBigQueryFields = false
	allowSchemaUnionization = false
	autoCreateBucket = true
	autoCreateTables = true
	avroDataCacheSize = 100
	batchLoadIntervalSec = 120
	bigQueryMessageTimePartitioning = false
	bigQueryPartitionDecorator = true
	bigQueryRetry = 0
	bigQueryRetryWait = 1000
	clusteringPartitionFieldNames = null
	commitInterval = 60
	convertDebeziumTimestampToInteger = false
	convertDebeziumVariableScaleDecimal = false
	convertDoubleSpecialValues = false
	decimalHandlingMode = FLOAT
	defaultDataset = test_dataset
	deleteEnabled = true
	enableBatchLoad = []
	enableBatchMode = false
	enableRetries = true
	gcsBucketName = 
	gcsFolderName = 
	ignoreUnknownFields = false
	intermediateTableSuffix = tmp
	kafkaDataFieldName = null
	kafkaKeyFieldName = kafkaKey
	keySource = FILE
	keyfile = [hidden]
	max.retries = 10
	mergeIntervalMs = -1
	mergeRecordsThreshold = 2
	partitionExpirationMs = null
	preserveKafkaTopicPartitionOffset = false
	project = gen-lang-client-0026556124
	queueSize = -1
	sanitizeFieldNames = false
	sanitizeTopics = true
	schemaRetriever = class com.wepay.kafka.connect.bigquery.retrieve.IdentitySchemaRetriever
	taskId = 0
	threadPoolSize = 10
	timePartitioningType = DAY
	timestampPartitionFieldName = null
	topic2TableMap = 
	topics = [test-delete-sr]
	topics.regex = 
	upsertEnabled = false
	useCredentialsProjectId = false
	useStorageWriteApi = false
	variableScaleDecimalHandlingMode = RECORD
 (com.wepay.kafka.connect.bigquery.config.BigQuerySinkTaskConfig:372)
[2026-03-04 15:48:17,452] WARN [kcbq-sink-connector-testDelete-sr|task-0] Option convertDebeziumVariableScaleDecimal is deprecated since 2.8.0: Use variableScaleDecimalHandlingMode instead. (com.wepay.kafka.connect.bigquery.config.BigQuerySinkConfig:650)
[2026-03-04 15:48:17,452] DEBUG [kcbq-sink-connector-testDelete-sr|task-0] Attempting to open file /home/killua/Downloads/gen-lang-client-0026556124-a7c58e438363.json for service account json key (com.wepay.kafka.connect.bigquery.GcpClientBuilder:147)
[2026-03-04 15:48:17,453] DEBUG [kcbq-sink-connector-testDelete-sr|task-0] Attempting to open file /home/killua/Downloads/gen-lang-client-0026556124-a7c58e438363.json for service account json key (com.wepay.kafka.connect.bigquery.GcpClientBuilder:147)
[2026-03-04 15:48:17,453] INFO [kcbq-sink-connector-testDelete-sr|task-0] mergeIntervalMs is set to -1; periodic merge flushes are disabled (com.wepay.kafka.connect.bigquery.BigQuerySinkTask:596)
[2026-03-04 15:48:17,453] INFO [kcbq-sink-connector-testDelete-sr|task-0] WorkerSinkTask{id=kcbq-sink-connector-testDelete-sr-0} Sink task finished initialization and start (org.apache.kafka.connect.runtime.WorkerSinkTask:324)
[2026-03-04 15:48:17,453] INFO [kcbq-sink-connector-testDelete-sr|task-0] WorkerSinkTask{id=kcbq-sink-connector-testDelete-sr-0} Executing sink task (org.apache.kafka.connect.runtime.WorkerSinkTask:210)
[2026-03-04 15:48:17,454] INFO [kcbq-sink-connector-testDelete-sr|task-0] [Consumer clientId=connector-consumer-kcbq-sink-connector-testDelete-sr-0, groupId=connect-kcbq-sink-connector-testDelete-sr] Cluster ID: Iw_fbrLTTu62gEU1L876rA (org.apache.kafka.clients.Metadata:364)
[2026-03-04 15:48:17,454] INFO [kcbq-sink-connector-testDelete-sr|task-0] [Consumer clientId=connector-consumer-kcbq-sink-connector-testDelete-sr-0, groupId=connect-kcbq-sink-connector-testDelete-sr] Discovered group coordinator localhost:41079 (id: 2147483647 rack: null) (org.apache.kafka.clients.consumer.internals.ConsumerCoordinator:936)
[2026-03-04 15:48:17,454] INFO [kcbq-sink-connector-testDelete-sr|task-0] [Consumer clientId=connector-consumer-kcbq-sink-connector-testDelete-sr-0, groupId=connect-kcbq-sink-connector-testDelete-sr] (Re-)joining group (org.apache.kafka.clients.consumer.internals.ConsumerCoordinator:604)
[2026-03-04 15:48:17,455] INFO [GroupCoordinator 0]: Dynamic member with unknown member id joins group connect-kcbq-sink-connector-testDelete-sr in Empty state. Created a new member id connector-consumer-kcbq-sink-connector-testDelete-sr-0-94161be1-5b4d-4f55-a3a1-c06423931ee6 and request the member to rejoin with this id. (kafka.coordinator.group.GroupCoordinator:66)
[2026-03-04 15:48:17,455] INFO [kcbq-sink-connector-testDelete-sr|task-0] [Consumer clientId=connector-consumer-kcbq-sink-connector-testDelete-sr-0, groupId=connect-kcbq-sink-connector-testDelete-sr] Request joining group due to: need to re-join with the given member-id: connector-consumer-kcbq-sink-connector-testDelete-sr-0-94161be1-5b4d-4f55-a3a1-c06423931ee6 (org.apache.kafka.clients.consumer.internals.ConsumerCoordinator:1102)
[2026-03-04 15:48:17,455] INFO [kcbq-sink-connector-testDelete-sr|task-0] [Consumer clientId=connector-consumer-kcbq-sink-connector-testDelete-sr-0, groupId=connect-kcbq-sink-connector-testDelete-sr] (Re-)joining group (org.apache.kafka.clients.consumer.internals.ConsumerCoordinator:604)
[2026-03-04 15:48:17,455] INFO [GroupCoordinator 0]: Preparing to rebalance group connect-kcbq-sink-connector-testDelete-sr in state PreparingRebalance with old generation 0 (__consumer_offsets-2) (reason: Adding new member connector-consumer-kcbq-sink-connector-testDelete-sr-0-94161be1-5b4d-4f55-a3a1-c06423931ee6 with group instance id None; client reason: need to re-join with the given member-id: connector-consumer-kcbq-sink-connector-testDelete-sr-0-94161be1-5b4d-4f55-a3a1-c06423931ee6) (kafka.coordinator.group.GroupCoordinator:66)
[2026-03-04 15:48:17,455] INFO [GroupCoordinator 0]: Stabilized group connect-kcbq-sink-connector-testDelete-sr generation 1 (__consumer_offsets-2) with 1 members (kafka.coordinator.group.GroupCoordinator:66)
[2026-03-04 15:48:17,455] INFO [kcbq-sink-connector-testDelete-sr|task-0] [Consumer clientId=connector-consumer-kcbq-sink-connector-testDelete-sr-0, groupId=connect-kcbq-sink-connector-testDelete-sr] Successfully joined group with generation Generation{generationId=1, memberId='connector-consumer-kcbq-sink-connector-testDelete-sr-0-94161be1-5b4d-4f55-a3a1-c06423931ee6', protocol='range'} (org.apache.kafka.clients.consumer.internals.ConsumerCoordinator:665)
[2026-03-04 15:48:17,456] INFO [kcbq-sink-connector-testDelete-sr|task-0] [Consumer clientId=connector-consumer-kcbq-sink-connector-testDelete-sr-0, groupId=connect-kcbq-sink-connector-testDelete-sr] Finished assignment for group at generation 1: {connector-consumer-kcbq-sink-connector-testDelete-sr-0-94161be1-5b4d-4f55-a3a1-c06423931ee6=Assignment(partitions=[test-delete-sr-0])} (org.apache.kafka.clients.consumer.internals.ConsumerCoordinator:663)
[2026-03-04 15:48:17,456] INFO [GroupCoordinator 0]: Assignment received from leader connector-consumer-kcbq-sink-connector-testDelete-sr-0-94161be1-5b4d-4f55-a3a1-c06423931ee6 for group connect-kcbq-sink-connector-testDelete-sr for generation 1. The group has 1 members, 0 of which are static. (kafka.coordinator.group.GroupCoordinator:66)
[2026-03-04 15:48:17,456] INFO [kcbq-sink-connector-testDelete-sr|task-0] [Consumer clientId=connector-consumer-kcbq-sink-connector-testDelete-sr-0, groupId=connect-kcbq-sink-connector-testDelete-sr] Successfully synced group in generation Generation{generationId=1, memberId='connector-consumer-kcbq-sink-connector-testDelete-sr-0-94161be1-5b4d-4f55-a3a1-c06423931ee6', protocol='range'} (org.apache.kafka.clients.consumer.internals.ConsumerCoordinator:842)
[2026-03-04 15:48:17,456] INFO [kcbq-sink-connector-testDelete-sr|task-0] [Consumer clientId=connector-consumer-kcbq-sink-connector-testDelete-sr-0, groupId=connect-kcbq-sink-connector-testDelete-sr] Notifying assignor about the new Assignment(partitions=[test-delete-sr-0]) (org.apache.kafka.clients.consumer.internals.ConsumerCoordinator:323)
[2026-03-04 15:48:17,456] INFO [kcbq-sink-connector-testDelete-sr|task-0] [Consumer clientId=connector-consumer-kcbq-sink-connector-testDelete-sr-0, groupId=connect-kcbq-sink-connector-testDelete-sr] Adding newly assigned partitions: test-delete-sr-0 (org.apache.kafka.clients.consumer.internals.ConsumerRebalanceListenerInvoker:57)
[2026-03-04 15:48:17,457] INFO [kcbq-sink-connector-testDelete-sr|task-0] [Consumer clientId=connector-consumer-kcbq-sink-connector-testDelete-sr-0, groupId=connect-kcbq-sink-connector-testDelete-sr] Found no committed offset for partition test-delete-sr-0 (org.apache.kafka.clients.consumer.internals.ConsumerCoordinator:1506)
[2026-03-04 15:48:17,457] INFO [kcbq-sink-connector-testDelete-sr|task-0] [Consumer clientId=connector-consumer-kcbq-sink-connector-testDelete-sr-0, groupId=connect-kcbq-sink-connector-testDelete-sr] Resetting offset for partition test-delete-sr-0 to position FetchPosition{offset=0, offsetEpoch=Optional.empty, currentLeader=LeaderAndEpoch{leader=Optional[localhost:41079 (id: 0 rack: null)], epoch=0}}. (org.apache.kafka.clients.consumer.internals.SubscriptionState:398)
[2026-03-04 15:48:17,546] INFO 127.0.0.1 - - [04/Mar/2026:10:18:17 +0000] "GET /connectors/kcbq-sink-connector-testDelete-sr/status HTTP/1.1" 200 187 "-" "Jetty/9.4.56.v20240826" 1 (org.apache.kafka.connect.runtime.rest.RestServer:62)
[2026-03-04 15:48:17,546] INFO GET response for URL=http://localhost:36425/connectors/kcbq-sink-connector-testDelete-sr/status is {"name":"kcbq-sink-connector-testDelete-sr","connector":{"state":"RUNNING","worker_id":"localhost:36425"},"tasks":[{"id":0,"state":"RUNNING","worker_id":"localhost:36425"}],"type":"sink"} (org.apache.kafka.connect.util.clusters.EmbeddedConnect:1016)
[2026-03-04 15:48:17,547] INFO AvroConverterConfig values: 
	auto.register.schemas = true
	basic.auth.credentials.source = URL
	basic.auth.user.info = [hidden]
	bearer.auth.cache.expiry.buffer.seconds = 300
	bearer.auth.client.id = null
	bearer.auth.client.secret = null
	bearer.auth.credentials.source = STATIC_TOKEN
	bearer.auth.custom.provider.class = null
	bearer.auth.identity.pool.id = null
	bearer.auth.issuer.endpoint.url = null
	bearer.auth.logical.cluster = null
	bearer.auth.scope = null
	bearer.auth.scope.claim.name = scope
	bearer.auth.sub.claim.name = sub
	bearer.auth.token = [hidden]
	context.name.strategy = class io.confluent.kafka.serializers.context.NullContextNameStrategy
	http.connect.timeout.ms = 60000
	http.read.timeout.ms = 60000
	id.compatibility.strict = true
	key.subject.name.strategy = class io.confluent.kafka.serializers.subject.TopicNameStrategy
	latest.cache.size = 1000
	latest.cache.ttl.sec = -1
	latest.compatibility.strict = true
	max.retries = 3
	max.schemas.per.subject = 1000
	normalize.schemas = false
	propagate.schema.tags = false
	proxy.host = 
	proxy.port = -1
	retries.max.wait.ms = 20000
	retries.wait.ms = 1000
	rule.actions = []
	rule.executors = []
	rule.service.loader.enable = true
	schema.format = null
	schema.reflection = false
	schema.registry.basic.auth.user.info = [hidden]
	schema.registry.ssl.cipher.suites = null
	schema.registry.ssl.enabled.protocols = [TLSv1.2, TLSv1.3]
	schema.registry.ssl.endpoint.identification.algorithm = https
	schema.registry.ssl.engine.factory.class = null
	schema.registry.ssl.key.password = null
	schema.registry.ssl.keymanager.algorithm = SunX509
	schema.registry.ssl.keystore.certificate.chain = null
	schema.registry.ssl.keystore.key = null
	schema.registry.ssl.keystore.location = null
	schema.registry.ssl.keystore.password = null
	schema.registry.ssl.keystore.type = JKS
	schema.registry.ssl.protocol = TLSv1.3
	schema.registry.ssl.provider = null
	schema.registry.ssl.secure.random.implementation = null
	schema.registry.ssl.trustmanager.algorithm = PKIX
	schema.registry.ssl.truststore.certificates = null
	schema.registry.ssl.truststore.location = null
	schema.registry.ssl.truststore.password = null
	schema.registry.ssl.truststore.type = JKS
	schema.registry.url = [http://0.0.0.0:42201/]
	schema.registry.url.randomize = false
	use.latest.version = false
	use.latest.with.metadata = null
	use.schema.id = -1
	value.subject.name.strategy = class io.confluent.kafka.serializers.subject.TopicNameStrategy
 (io.confluent.connect.avro.AvroConverterConfig:372)
[2026-03-04 15:48:17,548] INFO KafkaAvroSerializerConfig values: 
	auto.register.schemas = true
	avro.reflection.allow.null = false
	avro.remove.java.properties = false
	avro.use.logical.type.converters = false
	basic.auth.credentials.source = URL
	basic.auth.user.info = [hidden]
	bearer.auth.cache.expiry.buffer.seconds = 300
	bearer.auth.client.id = null
	bearer.auth.client.secret = null
	bearer.auth.credentials.source = STATIC_TOKEN
	bearer.auth.custom.provider.class = null
	bearer.auth.identity.pool.id = null
	bearer.auth.issuer.endpoint.url = null
	bearer.auth.logical.cluster = null
	bearer.auth.scope = null
	bearer.auth.scope.claim.name = scope
	bearer.auth.sub.claim.name = sub
	bearer.auth.token = [hidden]
	context.name.strategy = class io.confluent.kafka.serializers.context.NullContextNameStrategy
	http.connect.timeout.ms = 60000
	http.read.timeout.ms = 60000
	id.compatibility.strict = true
	key.subject.name.strategy = class io.confluent.kafka.serializers.subject.TopicNameStrategy
	latest.cache.size = 1000
	latest.cache.ttl.sec = -1
	latest.compatibility.strict = true
	max.retries = 3
	max.schemas.per.subject = 1000
	normalize.schemas = false
	propagate.schema.tags = false
	proxy.host = 
	proxy.port = -1
	retries.max.wait.ms = 20000
	retries.wait.ms = 1000
	rule.actions = []
	rule.executors = []
	rule.service.loader.enable = true
	schema.format = null
	schema.reflection = false
	schema.registry.basic.auth.user.info = [hidden]
	schema.registry.ssl.cipher.suites = null
	schema.registry.ssl.enabled.protocols = [TLSv1.2, TLSv1.3]
	schema.registry.ssl.endpoint.identification.algorithm = https
	schema.registry.ssl.engine.factory.class = null
	schema.registry.ssl.key.password = null
	schema.registry.ssl.keymanager.algorithm = SunX509
	schema.registry.ssl.keystore.certificate.chain = null
	schema.registry.ssl.keystore.key = null
	schema.registry.ssl.keystore.location = null
	schema.registry.ssl.keystore.password = null
	schema.registry.ssl.keystore.type = JKS
	schema.registry.ssl.protocol = TLSv1.3
	schema.registry.ssl.provider = null
	schema.registry.ssl.secure.random.implementation = null
	schema.registry.ssl.trustmanager.algorithm = PKIX
	schema.registry.ssl.truststore.certificates = null
	schema.registry.ssl.truststore.location = null
	schema.registry.ssl.truststore.password = null
	schema.registry.ssl.truststore.type = JKS
	schema.registry.url = [http://0.0.0.0:42201/]
	schema.registry.url.randomize = false
	use.latest.version = false
	use.latest.with.metadata = null
	use.schema.id = -1
	value.subject.name.strategy = class io.confluent.kafka.serializers.subject.TopicNameStrategy
 (io.confluent.kafka.serializers.KafkaAvroSerializerConfig:372)
[2026-03-04 15:48:17,548] INFO KafkaAvroDeserializerConfig values: 
	auto.register.schemas = true
	avro.reflection.allow.null = false
	avro.use.logical.type.converters = false
	basic.auth.credentials.source = URL
	basic.auth.user.info = [hidden]
	bearer.auth.cache.expiry.buffer.seconds = 300
	bearer.auth.client.id = null
	bearer.auth.client.secret = null
	bearer.auth.credentials.source = STATIC_TOKEN
	bearer.auth.custom.provider.class = null
	bearer.auth.identity.pool.id = null
	bearer.auth.issuer.endpoint.url = null
	bearer.auth.logical.cluster = null
	bearer.auth.scope = null
	bearer.auth.scope.claim.name = scope
	bearer.auth.sub.claim.name = sub
	bearer.auth.token = [hidden]
	context.name.strategy = class io.confluent.kafka.serializers.context.NullContextNameStrategy
	http.connect.timeout.ms = 60000
	http.read.timeout.ms = 60000
	id.compatibility.strict = true
	key.subject.name.strategy = class io.confluent.kafka.serializers.subject.TopicNameStrategy
	latest.cache.size = 1000
	latest.cache.ttl.sec = -1
	latest.compatibility.strict = true
	max.retries = 3
	max.schemas.per.subject = 1000
	normalize.schemas = false
	propagate.schema.tags = false
	proxy.host = 
	proxy.port = -1
	retries.max.wait.ms = 20000
	retries.wait.ms = 1000
	rule.actions = []
	rule.executors = []
	rule.service.loader.enable = true
	schema.format = null
	schema.reflection = false
	schema.registry.basic.auth.user.info = [hidden]
	schema.registry.ssl.cipher.suites = null
	schema.registry.ssl.enabled.protocols = [TLSv1.2, TLSv1.3]
	schema.registry.ssl.endpoint.identification.algorithm = https
	schema.registry.ssl.engine.factory.class = null
	schema.registry.ssl.key.password = null
	schema.registry.ssl.keymanager.algorithm = SunX509
	schema.registry.ssl.keystore.certificate.chain = null
	schema.registry.ssl.keystore.key = null
	schema.registry.ssl.keystore.location = null
	schema.registry.ssl.keystore.password = null
	schema.registry.ssl.keystore.type = JKS
	schema.registry.ssl.protocol = TLSv1.3
	schema.registry.ssl.provider = null
	schema.registry.ssl.secure.random.implementation = null
	schema.registry.ssl.trustmanager.algorithm = PKIX
	schema.registry.ssl.truststore.certificates = null
	schema.registry.ssl.truststore.location = null
	schema.registry.ssl.truststore.password = null
	schema.registry.ssl.truststore.type = JKS
	schema.registry.url = [http://0.0.0.0:42201/]
	schema.registry.url.randomize = false
	specific.avro.key.type = null
	specific.avro.reader = false
	specific.avro.value.type = null
	use.latest.version = false
	use.latest.with.metadata = null
	use.schema.id = -1
	value.subject.name.strategy = class io.confluent.kafka.serializers.subject.TopicNameStrategy
 (io.confluent.kafka.serializers.KafkaAvroDeserializerConfig:372)
[2026-03-04 15:48:17,548] INFO AvroDataConfig values: 
	allow.optional.map.keys = false
	connect.meta.data = true
	discard.type.doc.default = false
	enhanced.avro.schema.support = false
	flatten.singleton.unions = true
	generalized.sum.type.support = false
	ignore.default.for.nullables = false
	schemas.cache.config = 1000
	scrub.invalid.names = false
 (io.confluent.connect.avro.AvroDataConfig:372)
[2026-03-04 15:48:17,548] INFO AvroConverterConfig values: 
	auto.register.schemas = true
	basic.auth.credentials.source = URL
	basic.auth.user.info = [hidden]
	bearer.auth.cache.expiry.buffer.seconds = 300
	bearer.auth.client.id = null
	bearer.auth.client.secret = null
	bearer.auth.credentials.source = STATIC_TOKEN
	bearer.auth.custom.provider.class = null
	bearer.auth.identity.pool.id = null
	bearer.auth.issuer.endpoint.url = null
	bearer.auth.logical.cluster = null
	bearer.auth.scope = null
	bearer.auth.scope.claim.name = scope
	bearer.auth.sub.claim.name = sub
	bearer.auth.token = [hidden]
	context.name.strategy = class io.confluent.kafka.serializers.context.NullContextNameStrategy
	http.connect.timeout.ms = 60000
	http.read.timeout.ms = 60000
	id.compatibility.strict = true
	key.subject.name.strategy = class io.confluent.kafka.serializers.subject.TopicNameStrategy
	latest.cache.size = 1000
	latest.cache.ttl.sec = -1
	latest.compatibility.strict = true
	max.retries = 3
	max.schemas.per.subject = 1000
	normalize.schemas = false
	propagate.schema.tags = false
	proxy.host = 
	proxy.port = -1
	retries.max.wait.ms = 20000
	retries.wait.ms = 1000
	rule.actions = []
	rule.executors = []
	rule.service.loader.enable = true
	schema.format = null
	schema.reflection = false
	schema.registry.basic.auth.user.info = [hidden]
	schema.registry.ssl.cipher.suites = null
	schema.registry.ssl.enabled.protocols = [TLSv1.2, TLSv1.3]
	schema.registry.ssl.endpoint.identification.algorithm = https
	schema.registry.ssl.engine.factory.class = null
	schema.registry.ssl.key.password = null
	schema.registry.ssl.keymanager.algorithm = SunX509
	schema.registry.ssl.keystore.certificate.chain = null
	schema.registry.ssl.keystore.key = null
	schema.registry.ssl.keystore.location = null
	schema.registry.ssl.keystore.password = null
	schema.registry.ssl.keystore.type = JKS
	schema.registry.ssl.protocol = TLSv1.3
	schema.registry.ssl.provider = null
	schema.registry.ssl.secure.random.implementation = null
	schema.registry.ssl.trustmanager.algorithm = PKIX
	schema.registry.ssl.truststore.certificates = null
	schema.registry.ssl.truststore.location = null
	schema.registry.ssl.truststore.password = null
	schema.registry.ssl.truststore.type = JKS
	schema.registry.url = [http://0.0.0.0:42201/]
	schema.registry.url.randomize = false
	use.latest.version = false
	use.latest.with.metadata = null
	use.schema.id = -1
	value.subject.name.strategy = class io.confluent.kafka.serializers.subject.TopicNameStrategy
 (io.confluent.connect.avro.AvroConverterConfig:372)
[2026-03-04 15:48:17,548] INFO KafkaAvroSerializerConfig values: 
	auto.register.schemas = true
	avro.reflection.allow.null = false
	avro.remove.java.properties = false
	avro.use.logical.type.converters = false
	basic.auth.credentials.source = URL
	basic.auth.user.info = [hidden]
	bearer.auth.cache.expiry.buffer.seconds = 300
	bearer.auth.client.id = null
	bearer.auth.client.secret = null
	bearer.auth.credentials.source = STATIC_TOKEN
	bearer.auth.custom.provider.class = null
	bearer.auth.identity.pool.id = null
	bearer.auth.issuer.endpoint.url = null
	bearer.auth.logical.cluster = null
	bearer.auth.scope = null
	bearer.auth.scope.claim.name = scope
	bearer.auth.sub.claim.name = sub
	bearer.auth.token = [hidden]
	context.name.strategy = class io.confluent.kafka.serializers.context.NullContextNameStrategy
	http.connect.timeout.ms = 60000
	http.read.timeout.ms = 60000
	id.compatibility.strict = true
	key.subject.name.strategy = class io.confluent.kafka.serializers.subject.TopicNameStrategy
	latest.cache.size = 1000
	latest.cache.ttl.sec = -1
	latest.compatibility.strict = true
	max.retries = 3
	max.schemas.per.subject = 1000
	normalize.schemas = false
	propagate.schema.tags = false
	proxy.host = 
	proxy.port = -1
	retries.max.wait.ms = 20000
	retries.wait.ms = 1000
	rule.actions = []
	rule.executors = []
	rule.service.loader.enable = true
	schema.format = null
	schema.reflection = false
	schema.registry.basic.auth.user.info = [hidden]
	schema.registry.ssl.cipher.suites = null
	schema.registry.ssl.enabled.protocols = [TLSv1.2, TLSv1.3]
	schema.registry.ssl.endpoint.identification.algorithm = https
	schema.registry.ssl.engine.factory.class = null
	schema.registry.ssl.key.password = null
	schema.registry.ssl.keymanager.algorithm = SunX509
	schema.registry.ssl.keystore.certificate.chain = null
	schema.registry.ssl.keystore.key = null
	schema.registry.ssl.keystore.location = null
	schema.registry.ssl.keystore.password = null
	schema.registry.ssl.keystore.type = JKS
	schema.registry.ssl.protocol = TLSv1.3
	schema.registry.ssl.provider = null
	schema.registry.ssl.secure.random.implementation = null
	schema.registry.ssl.trustmanager.algorithm = PKIX
	schema.registry.ssl.truststore.certificates = null
	schema.registry.ssl.truststore.location = null
	schema.registry.ssl.truststore.password = null
	schema.registry.ssl.truststore.type = JKS
	schema.registry.url = [http://0.0.0.0:42201/]
	schema.registry.url.randomize = false
	use.latest.version = false
	use.latest.with.metadata = null
	use.schema.id = -1
	value.subject.name.strategy = class io.confluent.kafka.serializers.subject.TopicNameStrategy
 (io.confluent.kafka.serializers.KafkaAvroSerializerConfig:372)
[2026-03-04 15:48:17,549] INFO KafkaAvroDeserializerConfig values: 
	auto.register.schemas = true
	avro.reflection.allow.null = false
	avro.use.logical.type.converters = false
	basic.auth.credentials.source = URL
	basic.auth.user.info = [hidden]
	bearer.auth.cache.expiry.buffer.seconds = 300
	bearer.auth.client.id = null
	bearer.auth.client.secret = null
	bearer.auth.credentials.source = STATIC_TOKEN
	bearer.auth.custom.provider.class = null
	bearer.auth.identity.pool.id = null
	bearer.auth.issuer.endpoint.url = null
	bearer.auth.logical.cluster = null
	bearer.auth.scope = null
	bearer.auth.scope.claim.name = scope
	bearer.auth.sub.claim.name = sub
	bearer.auth.token = [hidden]
	context.name.strategy = class io.confluent.kafka.serializers.context.NullContextNameStrategy
	http.connect.timeout.ms = 60000
	http.read.timeout.ms = 60000
	id.compatibility.strict = true
	key.subject.name.strategy = class io.confluent.kafka.serializers.subject.TopicNameStrategy
	latest.cache.size = 1000
	latest.cache.ttl.sec = -1
	latest.compatibility.strict = true
	max.retries = 3
	max.schemas.per.subject = 1000
	normalize.schemas = false
	propagate.schema.tags = false
	proxy.host = 
	proxy.port = -1
	retries.max.wait.ms = 20000
	retries.wait.ms = 1000
	rule.actions = []
	rule.executors = []
	rule.service.loader.enable = true
	schema.format = null
	schema.reflection = false
	schema.registry.basic.auth.user.info = [hidden]
	schema.registry.ssl.cipher.suites = null
	schema.registry.ssl.enabled.protocols = [TLSv1.2, TLSv1.3]
	schema.registry.ssl.endpoint.identification.algorithm = https
	schema.registry.ssl.engine.factory.class = null
	schema.registry.ssl.key.password = null
	schema.registry.ssl.keymanager.algorithm = SunX509
	schema.registry.ssl.keystore.certificate.chain = null
	schema.registry.ssl.keystore.key = null
	schema.registry.ssl.keystore.location = null
	schema.registry.ssl.keystore.password = null
	schema.registry.ssl.keystore.type = JKS
	schema.registry.ssl.protocol = TLSv1.3
	schema.registry.ssl.provider = null
	schema.registry.ssl.secure.random.implementation = null
	schema.registry.ssl.trustmanager.algorithm = PKIX
	schema.registry.ssl.truststore.certificates = null
	schema.registry.ssl.truststore.location = null
	schema.registry.ssl.truststore.password = null
	schema.registry.ssl.truststore.type = JKS
	schema.registry.url = [http://0.0.0.0:42201/]
	schema.registry.url.randomize = false
	specific.avro.key.type = null
	specific.avro.reader = false
	specific.avro.value.type = null
	use.latest.version = false
	use.latest.with.metadata = null
	use.schema.id = -1
	value.subject.name.strategy = class io.confluent.kafka.serializers.subject.TopicNameStrategy
 (io.confluent.kafka.serializers.KafkaAvroDeserializerConfig:372)
[2026-03-04 15:48:17,549] INFO AvroDataConfig values: 
	allow.optional.map.keys = false
	connect.meta.data = true
	discard.type.doc.default = false
	enhanced.avro.schema.support = false
	flatten.singleton.unions = true
	generalized.sum.type.support = false
	ignore.default.for.nullables = false
	schemas.cache.config = 1000
	scrub.invalid.names = false
 (io.confluent.connect.avro.AvroDataConfig:372)
[2026-03-04 15:48:17,549] DEBUG Sending message with key 'SchemaAndValue{schema=Schema{STRUCT}, value=Struct{k1=0}}' and value 'SchemaAndValue{schema=Schema{STRUCT}, value=Struct{f1=a string,f2=true,f3=0.0}}' to topic 'test-delete-sr' (com.wepay.kafka.connect.bigquery.integration.UpsertDeleteBigQuerySinkConnectorWithSRIT:264)
[2026-03-04 15:48:17,549] DEBUG Sending message with key 'SchemaAndValue{schema=Schema{STRUCT}, value=Struct{k1=0}}' and value 'SchemaAndValue{schema=Schema{STRUCT}, value=Struct{f1=another string,f2=false,f3=1.4492753623188408}}' to topic 'test-delete-sr' (com.wepay.kafka.connect.bigquery.integration.UpsertDeleteBigQuerySinkConnectorWithSRIT:264)
[2026-03-04 15:48:17,549] DEBUG Sending message with key 'SchemaAndValue{schema=Schema{STRUCT}, value=Struct{k1=1}}' and value 'SchemaAndValue{schema=Schema{STRUCT}, value=Struct{f1=a string,f2=false,f3=2.8985507246376816}}' to topic 'test-delete-sr' (com.wepay.kafka.connect.bigquery.integration.UpsertDeleteBigQuerySinkConnectorWithSRIT:264)
[2026-03-04 15:48:17,549] DEBUG Sending message with key 'SchemaAndValue{schema=Schema{STRUCT}, value=Struct{k1=1}}' and value 'SchemaAndValue{schema=Schema{STRUCT}, value=null}' to topic 'test-delete-sr' (com.wepay.kafka.connect.bigquery.integration.UpsertDeleteBigQuerySinkConnectorWithSRIT:264)
[2026-03-04 15:48:17,549] DEBUG Sending message with key 'SchemaAndValue{schema=Schema{STRUCT}, value=Struct{k1=2}}' and value 'SchemaAndValue{schema=Schema{STRUCT}, value=Struct{f1=a string,f2=false,f3=5.797101449275363}}' to topic 'test-delete-sr' (com.wepay.kafka.connect.bigquery.integration.UpsertDeleteBigQuerySinkConnectorWithSRIT:264)
[2026-03-04 15:48:17,549] DEBUG Sending message with key 'SchemaAndValue{schema=Schema{STRUCT}, value=Struct{k1=2}}' and value 'SchemaAndValue{schema=Schema{STRUCT}, value=Struct{f1=another string,f2=false,f3=7.246376811594203}}' to topic 'test-delete-sr' (com.wepay.kafka.connect.bigquery.integration.UpsertDeleteBigQuerySinkConnectorWithSRIT:264)
[2026-03-04 15:48:17,549] DEBUG Sending message with key 'SchemaAndValue{schema=Schema{STRUCT}, value=Struct{k1=3}}' and value 'SchemaAndValue{schema=Schema{STRUCT}, value=Struct{f1=a string,f2=true,f3=8.695652173913045}}' to topic 'test-delete-sr' (com.wepay.kafka.connect.bigquery.integration.UpsertDeleteBigQuerySinkConnectorWithSRIT:264)
[2026-03-04 15:48:17,549] DEBUG Sending message with key 'SchemaAndValue{schema=Schema{STRUCT}, value=Struct{k1=3}}' and value 'SchemaAndValue{schema=Schema{STRUCT}, value=null}' to topic 'test-delete-sr' (com.wepay.kafka.connect.bigquery.integration.UpsertDeleteBigQuerySinkConnectorWithSRIT:264)
[2026-03-04 15:48:17,549] INFO ProducerConfig values: 
	acks = -1
	auto.include.jmx.reporter = true
	batch.size = 16384
	bootstrap.servers = [localhost:41079]
	buffer.memory = 33554432
	client.dns.lookup = use_all_dns_ips
	client.id = producer-6
	compression.gzip.level = -1
	compression.lz4.level = 9
	compression.type = none
	compression.zstd.level = 3
	connections.max.idle.ms = 540000
	delivery.timeout.ms = 120000
	enable.idempotence = true
	enable.metrics.push = true
	interceptor.classes = []
	key.serializer = class org.apache.kafka.common.serialization.ByteArraySerializer
	linger.ms = 0
	max.block.ms = 60000
	max.in.flight.requests.per.connection = 5
	max.request.size = 10485760
	metadata.max.age.ms = 300000
	metadata.max.idle.ms = 300000
	metadata.recovery.strategy = none
	metric.reporters = []
	metrics.num.samples = 2
	metrics.recording.level = INFO
	metrics.sample.window.ms = 30000
	partitioner.adaptive.partitioning.enable = true
	partitioner.availability.timeout.ms = 0
	partitioner.class = null
	partitioner.ignore.keys = false
	receive.buffer.bytes = 32768
	reconnect.backoff.max.ms = 1000
	reconnect.backoff.ms = 50
	request.timeout.ms = 30000
	retries = 2147483647
	retry.backoff.max.ms = 1000
	retry.backoff.ms = 100
	sasl.client.callback.handler.class = null
	sasl.jaas.config = null
	sasl.kerberos.kinit.cmd = /usr/bin/kinit
	sasl.kerberos.min.time.before.relogin = 60000
	sasl.kerberos.service.name = null
	sasl.kerberos.ticket.renew.jitter = 0.05
	sasl.kerberos.ticket.renew.window.factor = 0.8
	sasl.login.callback.handler.class = null
	sasl.login.class = null
	sasl.login.connect.timeout.ms = null
	sasl.login.read.timeout.ms = null
	sasl.login.refresh.buffer.seconds = 300
	sasl.login.refresh.min.period.seconds = 60
	sasl.login.refresh.window.factor = 0.8
	sasl.login.refresh.window.jitter = 0.05
	sasl.login.retry.backoff.max.ms = 10000
	sasl.login.retry.backoff.ms = 100
	sasl.mechanism = GSSAPI
	sasl.oauthbearer.clock.skew.seconds = 30
	sasl.oauthbearer.expected.audience = null
	sasl.oauthbearer.expected.issuer = null
	sasl.oauthbearer.jwks.endpoint.refresh.ms = 3600000
	sasl.oauthbearer.jwks.endpoint.retry.backoff.max.ms = 10000
	sasl.oauthbearer.jwks.endpoint.retry.backoff.ms = 100
	sasl.oauthbearer.jwks.endpoint.url = null
	sasl.oauthbearer.scope.claim.name = scope
	sasl.oauthbearer.sub.claim.name = sub
	sasl.oauthbearer.token.endpoint.url = null
	security.protocol = PLAINTEXT
	security.providers = null
	send.buffer.bytes = 131072
	socket.connection.setup.timeout.max.ms = 30000
	socket.connection.setup.timeout.ms = 10000
	ssl.cipher.suites = null
	ssl.enabled.protocols = [TLSv1.2, TLSv1.3]
	ssl.endpoint.identification.algorithm = https
	ssl.engine.factory.class = null
	ssl.key.password = null
	ssl.keymanager.algorithm = SunX509
	ssl.keystore.certificate.chain = null
	ssl.keystore.key = null
	ssl.keystore.location = null
	ssl.keystore.password = null
	ssl.keystore.type = JKS
	ssl.protocol = TLSv1.3
	ssl.provider = null
	ssl.secure.random.implementation = null
	ssl.trustmanager.algorithm = PKIX
	ssl.truststore.certificates = null
	ssl.truststore.location = null
	ssl.truststore.password = null
	ssl.truststore.type = JKS
	transaction.timeout.ms = 60000
	transactional.id = null
	value.serializer = class org.apache.kafka.common.serialization.ByteArraySerializer
 (org.apache.kafka.clients.producer.ProducerConfig:372)
[2026-03-04 15:48:17,549] INFO initializing Kafka metrics collector (org.apache.kafka.common.telemetry.internals.KafkaMetricsCollector:269)
[2026-03-04 15:48:17,549] INFO [Producer clientId=producer-6] Instantiated an idempotent producer. (org.apache.kafka.clients.producer.KafkaProducer:621)
[2026-03-04 15:48:17,550] INFO Kafka version: 3.8.1 (org.apache.kafka.common.utils.AppInfoParser:124)
[2026-03-04 15:48:17,550] INFO Kafka commitId: 70d6ff42debf7e17 (org.apache.kafka.common.utils.AppInfoParser:125)
[2026-03-04 15:48:17,550] INFO Kafka startTimeMs: 1772619497550 (org.apache.kafka.common.utils.AppInfoParser:126)
[2026-03-04 15:48:17,550] INFO [Producer clientId=producer-6] Cluster ID: Iw_fbrLTTu62gEU1L876rA (org.apache.kafka.clients.Metadata:364)
[2026-03-04 15:48:17,550] INFO [Producer clientId=producer-6] ProducerId set to 2 with epoch 0 (org.apache.kafka.clients.producer.internals.TransactionManager:502)
[2026-03-04 15:48:17,551] INFO Forwarded for header in RequestHeaderHandler: 127.0.0.1 (io.confluent.kafka.schemaregistry.rest.RequestHeaderHandler:75)
[2026-03-04 15:48:17,554] INFO Registering new schema: subject test-delete-sr-key, version null, id null, type null, schema size 120 (io.confluent.kafka.schemaregistry.rest.resources.SubjectVersionsResource:418)
[2026-03-04 15:48:17,554] INFO Wait to catch up until the offset at 1 (io.confluent.kafka.schemaregistry.storage.KafkaStore:321)
[2026-03-04 15:48:17,554] INFO Reached offset at 1 (io.confluent.kafka.schemaregistry.storage.KafkaStore:323)
[2026-03-04 15:48:17,555] INFO Wait to catch up until the offset at 2 (io.confluent.kafka.schemaregistry.storage.KafkaStore:321)
[2026-03-04 15:48:17,555] INFO Reached offset at 2 (io.confluent.kafka.schemaregistry.storage.KafkaStore:323)
[2026-03-04 15:48:17,555] INFO Resource association log - (tenant, id, subject, operation): (default, 1, test-delete-sr-key, REGISTER) (io.confluent.kafka.schemaregistry.storage.KafkaSchemaRegistry:2697)
[2026-03-04 15:48:17,556] INFO 127.0.0.1 - - [04/Mar/2026:10:18:17 +0000] "POST /subjects/test-delete-sr-key/versions?normalize=false HTTP/1.1" 200 8 "-" "Java/25.0.2" 5 (io.confluent.rest-utils.requests:62)
[2026-03-04 15:48:17,556] INFO Forwarded for header in RequestHeaderHandler: 127.0.0.1 (io.confluent.kafka.schemaregistry.rest.RequestHeaderHandler:75)
[2026-03-04 15:48:17,557] INFO Registering new schema: subject test-delete-sr-value, version null, id null, type null, schema size 192 (io.confluent.kafka.schemaregistry.rest.resources.SubjectVersionsResource:418)
[2026-03-04 15:48:17,557] INFO Wait to catch up until the offset at 2 (io.confluent.kafka.schemaregistry.storage.KafkaStore:321)
[2026-03-04 15:48:17,557] INFO Reached offset at 2 (io.confluent.kafka.schemaregistry.storage.KafkaStore:323)
[2026-03-04 15:48:17,558] INFO Wait to catch up until the offset at 3 (io.confluent.kafka.schemaregistry.storage.KafkaStore:321)
[2026-03-04 15:48:17,558] INFO Reached offset at 3 (io.confluent.kafka.schemaregistry.storage.KafkaStore:323)
[2026-03-04 15:48:17,558] INFO Resource association log - (tenant, id, subject, operation): (default, 2, test-delete-sr-value, REGISTER) (io.confluent.kafka.schemaregistry.storage.KafkaSchemaRegistry:2697)
[2026-03-04 15:48:17,559] INFO 127.0.0.1 - - [04/Mar/2026:10:18:17 +0000] "POST /subjects/test-delete-sr-value/versions?normalize=false HTTP/1.1" 200 8 "-" "Java/25.0.2" 3 (io.confluent.rest-utils.requests:62)
[2026-03-04 15:48:17,560] INFO Sent 1 Avro records to topic test-delete-sr (com.wepay.kafka.connect.bigquery.integration.utils.SchemaRegistryTestUtils:149)
[2026-03-04 15:48:17,560] INFO Sent 2 Avro records to topic test-delete-sr (com.wepay.kafka.connect.bigquery.integration.utils.SchemaRegistryTestUtils:149)
[2026-03-04 15:48:17,560] INFO Sent 3 Avro records to topic test-delete-sr (com.wepay.kafka.connect.bigquery.integration.utils.SchemaRegistryTestUtils:149)
[2026-03-04 15:48:17,560] INFO Sent 4 Avro records to topic test-delete-sr (com.wepay.kafka.connect.bigquery.integration.utils.SchemaRegistryTestUtils:149)
[2026-03-04 15:48:17,560] INFO Sent 5 Avro records to topic test-delete-sr (com.wepay.kafka.connect.bigquery.integration.utils.SchemaRegistryTestUtils:149)
[2026-03-04 15:48:17,561] INFO Forwarded for header in RequestHeaderHandler: 127.0.0.1 (io.confluent.kafka.schemaregistry.rest.RequestHeaderHandler:75)
[2026-03-04 15:48:17,561] INFO Sent 6 Avro records to topic test-delete-sr (com.wepay.kafka.connect.bigquery.integration.utils.SchemaRegistryTestUtils:149)
[2026-03-04 15:48:17,561] INFO Sent 7 Avro records to topic test-delete-sr (com.wepay.kafka.connect.bigquery.integration.utils.SchemaRegistryTestUtils:149)
[2026-03-04 15:48:17,561] INFO Sent 8 Avro records to topic test-delete-sr (com.wepay.kafka.connect.bigquery.integration.utils.SchemaRegistryTestUtils:149)
[2026-03-04 15:48:17,561] INFO [Producer clientId=producer-6] Closing the Kafka producer with timeoutMillis = 9223372036854775807 ms. (org.apache.kafka.clients.producer.KafkaProducer:1373)
[2026-03-04 15:48:17,562] INFO Metrics scheduler closed (org.apache.kafka.common.metrics.Metrics:684)
[2026-03-04 15:48:17,562] INFO Closing reporter org.apache.kafka.common.metrics.JmxReporter (org.apache.kafka.common.metrics.Metrics:688)
[2026-03-04 15:48:17,562] INFO Closing reporter org.apache.kafka.common.telemetry.internals.ClientTelemetryReporter (org.apache.kafka.common.metrics.Metrics:688)
[2026-03-04 15:48:17,562] INFO Metrics reporters closed (org.apache.kafka.common.metrics.Metrics:694)
[2026-03-04 15:48:17,562] INFO App info kafka.producer for producer-6 unregistered (org.apache.kafka.common.utils.AppInfoParser:88)
[2026-03-04 15:48:17,562] INFO Resource association log - (tenant, id, subject, operation): (default, 1, test-delete-sr-key, READ) (io.confluent.kafka.schemaregistry.storage.KafkaSchemaRegistry:2697)
[2026-03-04 15:48:17,562] INFO 127.0.0.1 - - [04/Mar/2026:10:18:17 +0000] "GET /schemas/ids/1?fetchMaxId=false&subject=test-delete-sr-key HTTP/1.1" 200 155 "-" "Java/25.0.2" 2 (io.confluent.rest-utils.requests:62)
[2026-03-04 15:48:17,563] INFO Forwarded for header in RequestHeaderHandler: 127.0.0.1 (io.confluent.kafka.schemaregistry.rest.RequestHeaderHandler:75)
[2026-03-04 15:48:17,564] INFO 127.0.0.1 - - [04/Mar/2026:10:18:17 +0000] "GET /connectors/kcbq-sink-connector-testDelete-sr/status HTTP/1.1" 200 187 "-" "Jetty/9.4.56.v20240826" 1 (org.apache.kafka.connect.runtime.rest.RestServer:62)
[2026-03-04 15:48:17,564] INFO GET response for URL=http://localhost:36425/connectors/kcbq-sink-connector-testDelete-sr/status is {"name":"kcbq-sink-connector-testDelete-sr","connector":{"state":"RUNNING","worker_id":"localhost:36425"},"tasks":[{"id":0,"state":"RUNNING","worker_id":"localhost:36425"}],"type":"sink"} (org.apache.kafka.connect.util.clusters.EmbeddedConnect:1016)
[2026-03-04 15:48:17,565] DEBUG Connector has only committed 0 records for topics [test-delete-sr] so far; 8 expected (com.wepay.kafka.connect.bigquery.integration.BaseConnectorIT:210)
[2026-03-04 15:48:17,565] INFO Resource association log - (tenant, id, subject, operation): (default, 1, test-delete-sr-key, READ) (io.confluent.kafka.schemaregistry.storage.KafkaSchemaRegistry:2697)
[2026-03-04 15:48:17,565] INFO 127.0.0.1 - - [04/Mar/2026:10:18:17 +0000] "POST /subjects/test-delete-sr-key?normalize=false&deleted=true HTTP/1.1" 200 205 "-" "Java/25.0.2" 2 (io.confluent.rest-utils.requests:62)
[2026-03-04 15:48:17,565] INFO Forwarded for header in RequestHeaderHandler: 127.0.0.1 (io.confluent.kafka.schemaregistry.rest.RequestHeaderHandler:75)
[2026-03-04 15:48:17,566] INFO Resource association log - (tenant, id, subject, operation): (default, 2, test-delete-sr-value, READ) (io.confluent.kafka.schemaregistry.storage.KafkaSchemaRegistry:2697)
[2026-03-04 15:48:17,566] INFO 127.0.0.1 - - [04/Mar/2026:10:18:17 +0000] "GET /schemas/ids/2?fetchMaxId=false&subject=test-delete-sr-value HTTP/1.1" 200 245 "-" "Java/25.0.2" 1 (io.confluent.rest-utils.requests:62)
[2026-03-04 15:48:17,567] INFO Forwarded for header in RequestHeaderHandler: 127.0.0.1 (io.confluent.kafka.schemaregistry.rest.RequestHeaderHandler:75)
[2026-03-04 15:48:17,567] INFO Resource association log - (tenant, id, subject, operation): (default, 2, test-delete-sr-value, READ) (io.confluent.kafka.schemaregistry.storage.KafkaSchemaRegistry:2697)
[2026-03-04 15:48:17,567] INFO 127.0.0.1 - - [04/Mar/2026:10:18:17 +0000] "POST /subjects/test-delete-sr-value?normalize=false&deleted=true HTTP/1.1" 200 297 "-" "Java/25.0.2" 0 (io.confluent.rest-utils.requests:62)
[2026-03-04 15:48:17,568] DEBUG [kcbq-sink-connector-testDelete-sr|task-0] Putting 1 records in the sink. (com.wepay.kafka.connect.bigquery.BigQuerySinkTask:217)
[2026-03-04 15:48:18,237] DEBUG [kcbq-sink-connector-testDelete-sr|task-0] writing 1 row to table GenericData{classInfo=[datasetId, projectId, tableId], {datasetId=test_dataset, tableId=test_delete_sr_tmp_0_a14a03d7_c60d_4cc2_8b9e_182e6772f925_1772619497452}} (com.wepay.kafka.connect.bigquery.write.row.BigQueryWriter:139)
[2026-03-04 15:48:18,238] DEBUG [kcbq-sink-connector-testDelete-sr|task-0] Putting 3 records in the sink. (com.wepay.kafka.connect.bigquery.BigQuerySinkTask:217)
[2026-03-04 15:48:18,238] DEBUG [kcbq-sink-connector-testDelete-sr|task-0] Triggering merge flush for table GenericData{classInfo=[datasetId, projectId, tableId], {datasetId=test_dataset, tableId=test_delete_sr_tmp_0_a14a03d7_c60d_4cc2_8b9e_182e6772f925_1772619497452}} since the size of its current batch has exceeded the configured threshold of 2} (com.wepay.kafka.connect.bigquery.utils.SinkRecordConverter:92)
[2026-03-04 15:48:18,238] DEBUG [kcbq-sink-connector-testDelete-sr|task-0] Flushing first batch for intermediate table `test_dataset`.`test_delete_sr_tmp_0_a14a03d7_c60d_4cc2_8b9e_182e6772f925_1772619497452` (com.wepay.kafka.connect.bigquery.write.batch.MergeBatches:266)
[2026-03-04 15:48:18,238] DEBUG [kcbq-sink-connector-testDelete-sr|task-0] Triggering merge flush for table GenericData{classInfo=[datasetId, projectId, tableId], {datasetId=test_dataset, tableId=test_delete_sr_tmp_0_a14a03d7_c60d_4cc2_8b9e_182e6772f925_1772619497452}} since the size of its current batch has exceeded the configured threshold of 2} (com.wepay.kafka.connect.bigquery.utils.SinkRecordConverter:92)
[2026-03-04 15:48:18,238] DEBUG [kcbq-sink-connector-testDelete-sr|task-0] 2 rows currently remaining for batch 0 for intermediate table `test_dataset`.`test_delete_sr_tmp_0_a14a03d7_c60d_4cc2_8b9e_182e6772f925_1772619497452` (com.wepay.kafka.connect.bigquery.write.batch.MergeBatches:276)
[2026-03-04 15:48:18,238] DEBUG [kcbq-sink-connector-testDelete-sr|task-0] Ensuring batch 0 is completed for intermediate table `test_dataset`.`test_delete_sr_tmp_0_a14a03d7_c60d_4cc2_8b9e_182e6772f925_1772619497452` before flushing batch 1 (com.wepay.kafka.connect.bigquery.write.batch.MergeBatches:250)
[2026-03-04 15:48:18,238] DEBUG [kcbq-sink-connector-testDelete-sr|task-0] writing 3 rows to table GenericData{classInfo=[datasetId, projectId, tableId], {datasetId=test_dataset, tableId=test_delete_sr_tmp_0_a14a03d7_c60d_4cc2_8b9e_182e6772f925_1772619497452}} (com.wepay.kafka.connect.bigquery.write.row.BigQueryWriter:139)
[2026-03-04 15:48:18,239] DEBUG [kcbq-sink-connector-testDelete-sr|task-0] Putting 4 records in the sink. (com.wepay.kafka.connect.bigquery.BigQuerySinkTask:217)
[2026-03-04 15:48:18,239] DEBUG [kcbq-sink-connector-testDelete-sr|task-0] Triggering merge flush for table GenericData{classInfo=[datasetId, projectId, tableId], {datasetId=test_dataset, tableId=test_delete_sr_tmp_0_a14a03d7_c60d_4cc2_8b9e_182e6772f925_1772619497452}} since the size of its current batch has exceeded the configured threshold of 2} (com.wepay.kafka.connect.bigquery.utils.SinkRecordConverter:92)
[2026-03-04 15:48:18,239] DEBUG [kcbq-sink-connector-testDelete-sr|task-0] Ensuring batch 1 is completed for intermediate table `test_dataset`.`test_delete_sr_tmp_0_a14a03d7_c60d_4cc2_8b9e_182e6772f925_1772619497452` before flushing batch 2 (com.wepay.kafka.connect.bigquery.write.batch.MergeBatches:250)
[2026-03-04 15:48:18,239] DEBUG [kcbq-sink-connector-testDelete-sr|task-0] Triggering merge flush for table GenericData{classInfo=[datasetId, projectId, tableId], {datasetId=test_dataset, tableId=test_delete_sr_tmp_0_a14a03d7_c60d_4cc2_8b9e_182e6772f925_1772619497452}} since the size of its current batch has exceeded the configured threshold of 2} (com.wepay.kafka.connect.bigquery.utils.SinkRecordConverter:92)
[2026-03-04 15:48:18,239] DEBUG [kcbq-sink-connector-testDelete-sr|task-0] Ensuring batch 2 is completed for intermediate table `test_dataset`.`test_delete_sr_tmp_0_a14a03d7_c60d_4cc2_8b9e_182e6772f925_1772619497452` before flushing batch 3 (com.wepay.kafka.connect.bigquery.write.batch.MergeBatches:250)
[2026-03-04 15:48:18,239] DEBUG [kcbq-sink-connector-testDelete-sr|task-0] writing 4 rows to table GenericData{classInfo=[datasetId, projectId, tableId], {datasetId=test_dataset, tableId=test_delete_sr_tmp_0_a14a03d7_c60d_4cc2_8b9e_182e6772f925_1772619497452}} (com.wepay.kafka.connect.bigquery.write.row.BigQueryWriter:139)
[2026-03-04 15:48:18,834] DEBUG [kcbq-sink-connector-testDelete-sr|task-0] A write thread has failed with an unrecoverable error (com.wepay.kafka.connect.bigquery.write.batch.KcbqThreadPoolExecutor:77)
com.wepay.kafka.connect.bigquery.exception.BigQueryConnectException: Failed to write to table
Caused by: Not found: Dataset gen-lang-client-0026556124:test_dataset
	at com.wepay.kafka.connect.bigquery.write.batch.TableWriter.run(TableWriter.java:149)
	at java.base/java.util.concurrent.ThreadPoolExecutor.runWorker(ThreadPoolExecutor.java:1090)
	at java.base/java.util.concurrent.ThreadPoolExecutor$Worker.run(ThreadPoolExecutor.java:614)
	at com.wepay.kafka.connect.bigquery.BigQuerySinkTask$MdcContextThreadFactory.lambda$newThread$0(BigQuerySinkTask.java:673)
	at java.base/java.lang.Thread.run(Thread.java:1474)
Caused by: com.google.cloud.bigquery.BigQueryException: Not found: Dataset gen-lang-client-0026556124:test_dataset
	at com.google.cloud.bigquery.spi.v2.HttpBigQueryRpc.translate(HttpBigQueryRpc.java:115)
	at com.google.cloud.bigquery.spi.v2.HttpBigQueryRpc.insertAll(HttpBigQueryRpc.java:548)
	at com.google.cloud.bigquery.BigQueryImpl$28.call(BigQueryImpl.java:1119)
	at com.google.cloud.bigquery.BigQueryImpl$28.call(BigQueryImpl.java:1116)
	at com.google.api.gax.retrying.DirectRetryingExecutor.submit(DirectRetryingExecutor.java:103)
	at com.google.cloud.RetryHelper.run(RetryHelper.java:76)
	at com.google.cloud.RetryHelper.runWithRetries(RetryHelper.java:50)
	at com.google.cloud.bigquery.BigQueryImpl.insertAll(BigQueryImpl.java:1115)
	at com.wepay.kafka.connect.bigquery.write.row.AdaptiveBigQueryWriter.performWriteRequest(AdaptiveBigQueryWriter.java:131)
	at com.wepay.kafka.connect.bigquery.write.row.BigQueryWriter.writeRows(BigQueryWriter.java:150)
	at com.wepay.kafka.connect.bigquery.write.batch.TableWriter.run(TableWriter.java:136)
	... 4 more
Caused by: com.google.api.client.googleapis.json.GoogleJsonResponseException: 404 Not Found
POST https://bigquery.googleapis.com/bigquery/v2/projects/gen-lang-client-0026556124/datasets/test_dataset/tables/test_delete_sr_tmp_0_a14a03d7_c60d_4cc2_8b9e_182e6772f925_1772619497452/insertAll?prettyPrint=false
{
  "code": 404,
  "errors": [
    {
      "domain": "global",
      "message": "Not found: Dataset gen-lang-client-0026556124:test_dataset",
      "reason": "notFound"
    }
  ],
  "message": "Not found: Dataset gen-lang-client-0026556124:test_dataset",
  "status": "NOT_FOUND"
}
	at com.google.api.client.googleapis.json.GoogleJsonResponseException.from(GoogleJsonResponseException.java:146)
	at com.google.api.client.googleapis.services.json.AbstractGoogleJsonClientRequest.newExceptionOnError(AbstractGoogleJsonClientRequest.java:118)
	at com.google.api.client.googleapis.services.json.AbstractGoogleJsonClientRequest.newExceptionOnError(AbstractGoogleJsonClientRequest.java:37)
	at com.google.api.client.googleapis.services.AbstractGoogleClientRequest$3.interceptResponse(AbstractGoogleClientRequest.java:466)
	at com.google.api.client.http.HttpRequest.execute(HttpRequest.java:1111)
	at com.google.api.client.googleapis.services.AbstractGoogleClientRequest.executeUnparsed(AbstractGoogleClientRequest.java:552)
	at com.google.api.client.googleapis.services.AbstractGoogleClientRequest.executeUnparsed(AbstractGoogleClientRequest.java:493)
	at com.google.api.client.googleapis.services.AbstractGoogleClientRequest.execute(AbstractGoogleClientRequest.java:603)
	at com.google.cloud.bigquery.spi.v2.HttpBigQueryRpc.insertAll(HttpBigQueryRpc.java:546)
	... 13 more
[2026-03-04 15:48:18,836] DEBUG [kcbq-sink-connector-testDelete-sr|task-0] A write thread has failed with an unrecoverable error (com.wepay.kafka.connect.bigquery.write.batch.KcbqThreadPoolExecutor:77)
com.wepay.kafka.connect.bigquery.exception.BigQueryConnectException: Failed to write to table
Caused by: Not found: Dataset gen-lang-client-0026556124:test_dataset
	at com.wepay.kafka.connect.bigquery.write.batch.TableWriter.run(TableWriter.java:149)
	at java.base/java.util.concurrent.ThreadPoolExecutor.runWorker(ThreadPoolExecutor.java:1090)
	at java.base/java.util.concurrent.ThreadPoolExecutor$Worker.run(ThreadPoolExecutor.java:614)
	at com.wepay.kafka.connect.bigquery.BigQuerySinkTask$MdcContextThreadFactory.lambda$newThread$0(BigQuerySinkTask.java:673)
	at java.base/java.lang.Thread.run(Thread.java:1474)
Caused by: com.google.cloud.bigquery.BigQueryException: Not found: Dataset gen-lang-client-0026556124:test_dataset
	at com.google.cloud.bigquery.spi.v2.HttpBigQueryRpc.translate(HttpBigQueryRpc.java:115)
	at com.google.cloud.bigquery.spi.v2.HttpBigQueryRpc.insertAll(HttpBigQueryRpc.java:548)
	at com.google.cloud.bigquery.BigQueryImpl$28.call(BigQueryImpl.java:1119)
	at com.google.cloud.bigquery.BigQueryImpl$28.call(BigQueryImpl.java:1116)
	at com.google.api.gax.retrying.DirectRetryingExecutor.submit(DirectRetryingExecutor.java:103)
	at com.google.cloud.RetryHelper.run(RetryHelper.java:76)
	at com.google.cloud.RetryHelper.runWithRetries(RetryHelper.java:50)
	at com.google.cloud.bigquery.BigQueryImpl.insertAll(BigQueryImpl.java:1115)
	at com.wepay.kafka.connect.bigquery.write.row.AdaptiveBigQueryWriter.performWriteRequest(AdaptiveBigQueryWriter.java:131)
	at com.wepay.kafka.connect.bigquery.write.row.BigQueryWriter.writeRows(BigQueryWriter.java:150)
	at com.wepay.kafka.connect.bigquery.write.batch.TableWriter.run(TableWriter.java:136)
	... 4 more
Caused by: com.google.api.client.googleapis.json.GoogleJsonResponseException: 404 Not Found
POST https://bigquery.googleapis.com/bigquery/v2/projects/gen-lang-client-0026556124/datasets/test_dataset/tables/test_delete_sr_tmp_0_a14a03d7_c60d_4cc2_8b9e_182e6772f925_1772619497452/insertAll?prettyPrint=false
{
  "code": 404,
  "errors": [
    {
      "domain": "global",
      "message": "Not found: Dataset gen-lang-client-0026556124:test_dataset",
      "reason": "notFound"
    }
  ],
  "message": "Not found: Dataset gen-lang-client-0026556124:test_dataset",
  "status": "NOT_FOUND"
}
	at com.google.api.client.googleapis.json.GoogleJsonResponseException.from(GoogleJsonResponseException.java:146)
	at com.google.api.client.googleapis.services.json.AbstractGoogleJsonClientRequest.newExceptionOnError(AbstractGoogleJsonClientRequest.java:118)
	at com.google.api.client.googleapis.services.json.AbstractGoogleJsonClientRequest.newExceptionOnError(AbstractGoogleJsonClientRequest.java:37)
	at com.google.api.client.googleapis.services.AbstractGoogleClientRequest$3.interceptResponse(AbstractGoogleClientRequest.java:466)
	at com.google.api.client.http.HttpRequest.execute(HttpRequest.java:1111)
	at com.google.api.client.googleapis.services.AbstractGoogleClientRequest.executeUnparsed(AbstractGoogleClientRequest.java:552)
	at com.google.api.client.googleapis.services.AbstractGoogleClientRequest.executeUnparsed(AbstractGoogleClientRequest.java:493)
	at com.google.api.client.googleapis.services.AbstractGoogleClientRequest.execute(AbstractGoogleClientRequest.java:603)
	at com.google.cloud.bigquery.spi.v2.HttpBigQueryRpc.insertAll(HttpBigQueryRpc.java:546)
	... 13 more
[2026-03-04 15:48:18,838] DEBUG [kcbq-sink-connector-testDelete-sr|task-0] A write thread has failed with an unrecoverable error (com.wepay.kafka.connect.bigquery.write.batch.KcbqThreadPoolExecutor:77)
com.wepay.kafka.connect.bigquery.exception.BigQueryConnectException: Failed to write to table
Caused by: Not found: Dataset gen-lang-client-0026556124:test_dataset
	at com.wepay.kafka.connect.bigquery.write.batch.TableWriter.run(TableWriter.java:149)
	at java.base/java.util.concurrent.ThreadPoolExecutor.runWorker(ThreadPoolExecutor.java:1090)
	at java.base/java.util.concurrent.ThreadPoolExecutor$Worker.run(ThreadPoolExecutor.java:614)
	at com.wepay.kafka.connect.bigquery.BigQuerySinkTask$MdcContextThreadFactory.lambda$newThread$0(BigQuerySinkTask.java:673)
	at java.base/java.lang.Thread.run(Thread.java:1474)
Caused by: com.google.cloud.bigquery.BigQueryException: Not found: Dataset gen-lang-client-0026556124:test_dataset
	at com.google.cloud.bigquery.spi.v2.HttpBigQueryRpc.translate(HttpBigQueryRpc.java:115)
	at com.google.cloud.bigquery.spi.v2.HttpBigQueryRpc.insertAll(HttpBigQueryRpc.java:548)
	at com.google.cloud.bigquery.BigQueryImpl$28.call(BigQueryImpl.java:1119)
	at com.google.cloud.bigquery.BigQueryImpl$28.call(BigQueryImpl.java:1116)
	at com.google.api.gax.retrying.DirectRetryingExecutor.submit(DirectRetryingExecutor.java:103)
	at com.google.cloud.RetryHelper.run(RetryHelper.java:76)
	at com.google.cloud.RetryHelper.runWithRetries(RetryHelper.java:50)
	at com.google.cloud.bigquery.BigQueryImpl.insertAll(BigQueryImpl.java:1115)
	at com.wepay.kafka.connect.bigquery.write.row.AdaptiveBigQueryWriter.performWriteRequest(AdaptiveBigQueryWriter.java:131)
	at com.wepay.kafka.connect.bigquery.write.row.BigQueryWriter.writeRows(BigQueryWriter.java:150)
	at com.wepay.kafka.connect.bigquery.write.batch.TableWriter.run(TableWriter.java:136)
	... 4 more
Caused by: com.google.api.client.googleapis.json.GoogleJsonResponseException: 404 Not Found
POST https://bigquery.googleapis.com/bigquery/v2/projects/gen-lang-client-0026556124/datasets/test_dataset/tables/test_delete_sr_tmp_0_a14a03d7_c60d_4cc2_8b9e_182e6772f925_1772619497452/insertAll?prettyPrint=false
{
  "code": 404,
  "errors": [
    {
      "domain": "global",
      "message": "Not found: Dataset gen-lang-client-0026556124:test_dataset",
      "reason": "notFound"
    }
  ],
  "message": "Not found: Dataset gen-lang-client-0026556124:test_dataset",
  "status": "NOT_FOUND"
}
	at com.google.api.client.googleapis.json.GoogleJsonResponseException.from(GoogleJsonResponseException.java:146)
	at com.google.api.client.googleapis.services.json.AbstractGoogleJsonClientRequest.newExceptionOnError(AbstractGoogleJsonClientRequest.java:118)
	at com.google.api.client.googleapis.services.json.AbstractGoogleJsonClientRequest.newExceptionOnError(AbstractGoogleJsonClientRequest.java:37)
	at com.google.api.client.googleapis.services.AbstractGoogleClientRequest$3.interceptResponse(AbstractGoogleClientRequest.java:466)
	at com.google.api.client.http.HttpRequest.execute(HttpRequest.java:1111)
	at com.google.api.client.googleapis.services.AbstractGoogleClientRequest.executeUnparsed(AbstractGoogleClientRequest.java:552)
	at com.google.api.client.googleapis.services.AbstractGoogleClientRequest.executeUnparsed(AbstractGoogleClientRequest.java:493)
	at com.google.api.client.googleapis.services.AbstractGoogleClientRequest.execute(AbstractGoogleClientRequest.java:603)
	at com.google.cloud.bigquery.spi.v2.HttpBigQueryRpc.insertAll(HttpBigQueryRpc.java:546)
	... 13 more
[2026-03-04 15:48:21,120] INFO [Controller id=0] Processing automatic preferred replica leader election (kafka.controller.KafkaController:66)
[2026-03-04 15:48:22,667] INFO 127.0.0.1 - - [04/Mar/2026:10:18:22 +0000] "GET /connectors/kcbq-sink-connector-testDelete-sr/status HTTP/1.1" 200 187 "-" "Jetty/9.4.56.v20240826" 1 (org.apache.kafka.connect.runtime.rest.RestServer:62)
[2026-03-04 15:48:22,667] INFO GET response for URL=http://localhost:36425/connectors/kcbq-sink-connector-testDelete-sr/status is {"name":"kcbq-sink-connector-testDelete-sr","connector":{"state":"RUNNING","worker_id":"localhost:36425"},"tasks":[{"id":0,"state":"RUNNING","worker_id":"localhost:36425"}],"type":"sink"} (org.apache.kafka.connect.util.clusters.EmbeddedConnect:1016)
[2026-03-04 15:48:22,668] DEBUG Connector has only committed 0 records for topics [test-delete-sr] so far; 8 expected (com.wepay.kafka.connect.bigquery.integration.BaseConnectorIT:210)
[2026-03-04 15:48:27,451] ERROR [kcbq-sink-connector-testDelete-sr|task-0] WorkerSinkTask{id=kcbq-sink-connector-testDelete-sr-0} Task threw an uncaught and unrecoverable exception. Task is being killed and will not recover until manually restarted. Error: A write thread has failed with an unrecoverable error (org.apache.kafka.connect.runtime.WorkerSinkTask:633)
com.wepay.kafka.connect.bigquery.exception.BigQueryConnectException: A write thread has failed with an unrecoverable error
Caused by: Failed to write to table
	at com.wepay.kafka.connect.bigquery.write.batch.KcbqThreadPoolExecutor.lambda$maybeThrowEncounteredError$0(KcbqThreadPoolExecutor.java:111)
	at java.base/java.util.Optional.ifPresent(Optional.java:178)
	at com.wepay.kafka.connect.bigquery.write.batch.KcbqThreadPoolExecutor.maybeThrowEncounteredError(KcbqThreadPoolExecutor.java:110)
	at com.wepay.kafka.connect.bigquery.BigQuerySinkTask.maybeThrowErrors(BigQuerySinkTask.java:559)
	at com.wepay.kafka.connect.bigquery.BigQuerySinkTask.writeSinkRecords(BigQuerySinkTask.java:215)
	at com.wepay.kafka.connect.bigquery.BigQuerySinkTask.put(BigQuerySinkTask.java:287)
	at org.apache.kafka.connect.runtime.WorkerSinkTask.deliverMessages(WorkerSinkTask.java:605)
	at org.apache.kafka.connect.runtime.WorkerSinkTask.poll(WorkerSinkTask.java:344)
	at org.apache.kafka.connect.runtime.WorkerSinkTask.iteration(WorkerSinkTask.java:246)
	at org.apache.kafka.connect.runtime.WorkerSinkTask.execute(WorkerSinkTask.java:215)
	at org.apache.kafka.connect.runtime.WorkerTask.doRun(WorkerTask.java:225)
	at org.apache.kafka.connect.runtime.WorkerTask.run(WorkerTask.java:280)
	at org.apache.kafka.connect.runtime.isolation.Plugins.lambda$withClassLoader$1(Plugins.java:237)
	at java.base/java.util.concurrent.Executors$RunnableAdapter.call(Executors.java:545)
	at java.base/java.util.concurrent.FutureTask.run(FutureTask.java:328)
	at java.base/java.util.concurrent.ThreadPoolExecutor.runWorker(ThreadPoolExecutor.java:1090)
	at java.base/java.util.concurrent.ThreadPoolExecutor$Worker.run(ThreadPoolExecutor.java:614)
	at java.base/java.lang.Thread.run(Thread.java:1474)
Caused by: com.wepay.kafka.connect.bigquery.exception.BigQueryConnectException: Failed to write to table
Caused by: Not found: Dataset gen-lang-client-0026556124:test_dataset
	at com.wepay.kafka.connect.bigquery.write.batch.TableWriter.run(TableWriter.java:149)
	at java.base/java.util.concurrent.ThreadPoolExecutor.runWorker(ThreadPoolExecutor.java:1090)
	at java.base/java.util.concurrent.ThreadPoolExecutor$Worker.run(ThreadPoolExecutor.java:614)
	at com.wepay.kafka.connect.bigquery.BigQuerySinkTask$MdcContextThreadFactory.lambda$newThread$0(BigQuerySinkTask.java:673)
	... 1 more
Caused by: com.google.cloud.bigquery.BigQueryException: Not found: Dataset gen-lang-client-0026556124:test_dataset
	at com.google.cloud.bigquery.spi.v2.HttpBigQueryRpc.translate(HttpBigQueryRpc.java:115)
	at com.google.cloud.bigquery.spi.v2.HttpBigQueryRpc.insertAll(HttpBigQueryRpc.java:548)
	at com.google.cloud.bigquery.BigQueryImpl$28.call(BigQueryImpl.java:1119)
	at com.google.cloud.bigquery.BigQueryImpl$28.call(BigQueryImpl.java:1116)
	at com.google.api.gax.retrying.DirectRetryingExecutor.submit(DirectRetryingExecutor.java:103)
	at com.google.cloud.RetryHelper.run(RetryHelper.java:76)
	at com.google.cloud.RetryHelper.runWithRetries(RetryHelper.java:50)
	at com.google.cloud.bigquery.BigQueryImpl.insertAll(BigQueryImpl.java:1115)
	at com.wepay.kafka.connect.bigquery.write.row.AdaptiveBigQueryWriter.performWriteRequest(AdaptiveBigQueryWriter.java:131)
	at com.wepay.kafka.connect.bigquery.write.row.BigQueryWriter.writeRows(BigQueryWriter.java:150)
	at com.wepay.kafka.connect.bigquery.write.batch.TableWriter.run(TableWriter.java:136)
	... 4 more
Caused by: com.google.api.client.googleapis.json.GoogleJsonResponseException: 404 Not Found
POST https://bigquery.googleapis.com/bigquery/v2/projects/gen-lang-client-0026556124/datasets/test_dataset/tables/test_delete_sr_tmp_0_a14a03d7_c60d_4cc2_8b9e_182e6772f925_1772619497452/insertAll?prettyPrint=false
{
  "code": 404,
  "errors": [
    {
      "domain": "global",
      "message": "Not found: Dataset gen-lang-client-0026556124:test_dataset",
      "reason": "notFound"
    }
  ],
  "message": "Not found: Dataset gen-lang-client-0026556124:test_dataset",
  "status": "NOT_FOUND"
}
	at com.google.api.client.googleapis.json.GoogleJsonResponseException.from(GoogleJsonResponseException.java:146)
	at com.google.api.client.googleapis.services.json.AbstractGoogleJsonClientRequest.newExceptionOnError(AbstractGoogleJsonClientRequest.java:118)
	at com.google.api.client.googleapis.services.json.AbstractGoogleJsonClientRequest.newExceptionOnError(AbstractGoogleJsonClientRequest.java:37)
	at com.google.api.client.googleapis.services.AbstractGoogleClientRequest$3.interceptResponse(AbstractGoogleClientRequest.java:466)
	at com.google.api.client.http.HttpRequest.execute(HttpRequest.java:1111)
	at com.google.api.client.googleapis.services.AbstractGoogleClientRequest.executeUnparsed(AbstractGoogleClientRequest.java:552)
	at com.google.api.client.googleapis.services.AbstractGoogleClientRequest.executeUnparsed(AbstractGoogleClientRequest.java:493)
	at com.google.api.client.googleapis.services.AbstractGoogleClientRequest.execute(AbstractGoogleClientRequest.java:603)
	at com.google.cloud.bigquery.spi.v2.HttpBigQueryRpc.insertAll(HttpBigQueryRpc.java:546)
	... 13 more
[2026-03-04 15:48:27,452] ERROR [kcbq-sink-connector-testDelete-sr|task-0] WorkerSinkTask{id=kcbq-sink-connector-testDelete-sr-0} Task threw an uncaught and unrecoverable exception. Task is being killed and will not recover until manually restarted (org.apache.kafka.connect.runtime.WorkerTask:233)
org.apache.kafka.connect.errors.ConnectException: Exiting WorkerSinkTask due to unrecoverable exception.
	at org.apache.kafka.connect.runtime.WorkerSinkTask.deliverMessages(WorkerSinkTask.java:635)
	at org.apache.kafka.connect.runtime.WorkerSinkTask.poll(WorkerSinkTask.java:344)
	at org.apache.kafka.connect.runtime.WorkerSinkTask.iteration(WorkerSinkTask.java:246)
	at org.apache.kafka.connect.runtime.WorkerSinkTask.execute(WorkerSinkTask.java:215)
	at org.apache.kafka.connect.runtime.WorkerTask.doRun(WorkerTask.java:225)
	at org.apache.kafka.connect.runtime.WorkerTask.run(WorkerTask.java:280)
	at org.apache.kafka.connect.runtime.isolation.Plugins.lambda$withClassLoader$1(Plugins.java:237)
	at java.base/java.util.concurrent.Executors$RunnableAdapter.call(Executors.java:545)
	at java.base/java.util.concurrent.FutureTask.run(FutureTask.java:328)
	at java.base/java.util.concurrent.ThreadPoolExecutor.runWorker(ThreadPoolExecutor.java:1090)
	at java.base/java.util.concurrent.ThreadPoolExecutor$Worker.run(ThreadPoolExecutor.java:614)
	at java.base/java.lang.Thread.run(Thread.java:1474)
Caused by: com.wepay.kafka.connect.bigquery.exception.BigQueryConnectException: A write thread has failed with an unrecoverable error
Caused by: Failed to write to table
	at com.wepay.kafka.connect.bigquery.write.batch.KcbqThreadPoolExecutor.lambda$maybeThrowEncounteredError$0(KcbqThreadPoolExecutor.java:111)
	at java.base/java.util.Optional.ifPresent(Optional.java:178)
	at com.wepay.kafka.connect.bigquery.write.batch.KcbqThreadPoolExecutor.maybeThrowEncounteredError(KcbqThreadPoolExecutor.java:110)
	at com.wepay.kafka.connect.bigquery.BigQuerySinkTask.maybeThrowErrors(BigQuerySinkTask.java:559)
	at com.wepay.kafka.connect.bigquery.BigQuerySinkTask.writeSinkRecords(BigQuerySinkTask.java:215)
	at com.wepay.kafka.connect.bigquery.BigQuerySinkTask.put(BigQuerySinkTask.java:287)
	at org.apache.kafka.connect.runtime.WorkerSinkTask.deliverMessages(WorkerSinkTask.java:605)
	... 11 more
Caused by: com.wepay.kafka.connect.bigquery.exception.BigQueryConnectException: Failed to write to table
Caused by: Not found: Dataset gen-lang-client-0026556124:test_dataset
	at com.wepay.kafka.connect.bigquery.write.batch.TableWriter.run(TableWriter.java:149)
	at java.base/java.util.concurrent.ThreadPoolExecutor.runWorker(ThreadPoolExecutor.java:1090)
	at java.base/java.util.concurrent.ThreadPoolExecutor$Worker.run(ThreadPoolExecutor.java:614)
	at com.wepay.kafka.connect.bigquery.BigQuerySinkTask$MdcContextThreadFactory.lambda$newThread$0(BigQuerySinkTask.java:673)
	... 1 more
Caused by: com.google.cloud.bigquery.BigQueryException: Not found: Dataset gen-lang-client-0026556124:test_dataset
	at com.google.cloud.bigquery.spi.v2.HttpBigQueryRpc.translate(HttpBigQueryRpc.java:115)
	at com.google.cloud.bigquery.spi.v2.HttpBigQueryRpc.insertAll(HttpBigQueryRpc.java:548)
	at com.google.cloud.bigquery.BigQueryImpl$28.call(BigQueryImpl.java:1119)
	at com.google.cloud.bigquery.BigQueryImpl$28.call(BigQueryImpl.java:1116)
	at com.google.api.gax.retrying.DirectRetryingExecutor.submit(DirectRetryingExecutor.java:103)
	at com.google.cloud.RetryHelper.run(RetryHelper.java:76)
	at com.google.cloud.RetryHelper.runWithRetries(RetryHelper.java:50)
	at com.google.cloud.bigquery.BigQueryImpl.insertAll(BigQueryImpl.java:1115)
	at com.wepay.kafka.connect.bigquery.write.row.AdaptiveBigQueryWriter.performWriteRequest(AdaptiveBigQueryWriter.java:131)
	at com.wepay.kafka.connect.bigquery.write.row.BigQueryWriter.writeRows(BigQueryWriter.java:150)
	at com.wepay.kafka.connect.bigquery.write.batch.TableWriter.run(TableWriter.java:136)
	... 4 more
Caused by: com.google.api.client.googleapis.json.GoogleJsonResponseException: 404 Not Found
POST https://bigquery.googleapis.com/bigquery/v2/projects/gen-lang-client-0026556124/datasets/test_dataset/tables/test_delete_sr_tmp_0_a14a03d7_c60d_4cc2_8b9e_182e6772f925_1772619497452/insertAll?prettyPrint=false
{
  "code": 404,
  "errors": [
    {
      "domain": "global",
      "message": "Not found: Dataset gen-lang-client-0026556124:test_dataset",
      "reason": "notFound"
    }
  ],
  "message": "Not found: Dataset gen-lang-client-0026556124:test_dataset",
  "status": "NOT_FOUND"
}
	at com.google.api.client.googleapis.json.GoogleJsonResponseException.from(GoogleJsonResponseException.java:146)
	at com.google.api.client.googleapis.services.json.AbstractGoogleJsonClientRequest.newExceptionOnError(AbstractGoogleJsonClientRequest.java:118)
	at com.google.api.client.googleapis.services.json.AbstractGoogleJsonClientRequest.newExceptionOnError(AbstractGoogleJsonClientRequest.java:37)
	at com.google.api.client.googleapis.services.AbstractGoogleClientRequest$3.interceptResponse(AbstractGoogleClientRequest.java:466)
	at com.google.api.client.http.HttpRequest.execute(HttpRequest.java:1111)
	at com.google.api.client.googleapis.services.AbstractGoogleClientRequest.executeUnparsed(AbstractGoogleClientRequest.java:552)
	at com.google.api.client.googleapis.services.AbstractGoogleClientRequest.executeUnparsed(AbstractGoogleClientRequest.java:493)
	at com.google.api.client.googleapis.services.AbstractGoogleClientRequest.execute(AbstractGoogleClientRequest.java:603)
	at com.google.cloud.bigquery.spi.v2.HttpBigQueryRpc.insertAll(HttpBigQueryRpc.java:546)
	... 13 more
[2026-03-04 15:48:27,452] WARN [kcbq-sink-connector-testDelete-sr|task-0] Interrupted while waiting for all rows for batch 0 from intermediate table `test_dataset`.`test_delete_sr_tmp_0_a14a03d7_c60d_4cc2_8b9e_182e6772f925_1772619497452` to be written (com.wepay.kafka.connect.bigquery.write.batch.MergeBatches:284)
[2026-03-04 15:48:27,452] WARN [kcbq-sink-connector-testDelete-sr|task-0] Interrupted while waiting for batch 1 to complete for intermediate table `test_dataset`.`test_delete_sr_tmp_0_a14a03d7_c60d_4cc2_8b9e_182e6772f925_1772619497452` (com.wepay.kafka.connect.bigquery.write.batch.MergeBatches:256)
[2026-03-04 15:48:27,452] WARN [kcbq-sink-connector-testDelete-sr|task-0] Interrupted while waiting for batch 3 to complete for intermediate table `test_dataset`.`test_delete_sr_tmp_0_a14a03d7_c60d_4cc2_8b9e_182e6772f925_1772619497452` (com.wepay.kafka.connect.bigquery.write.batch.MergeBatches:256)
[2026-03-04 15:48:27,452] WARN [kcbq-sink-connector-testDelete-sr|task-0] Interrupted while waiting for batch 2 to complete for intermediate table `test_dataset`.`test_delete_sr_tmp_0_a14a03d7_c60d_4cc2_8b9e_182e6772f925_1772619497452` (com.wepay.kafka.connect.bigquery.write.batch.MergeBatches:256)
[2026-03-04 15:48:27,452] DEBUG [kcbq-sink-connector-testDelete-sr|task-0] Deleting intermediate table `test_dataset`.`test_delete_sr_tmp_0_a14a03d7_c60d_4cc2_8b9e_182e6772f925_1772619497452` (com.wepay.kafka.connect.bigquery.BigQuerySinkTask:612)
[2026-03-04 15:48:27,770] INFO 127.0.0.1 - - [04/Mar/2026:10:18:27 +0000] "GET /connectors/kcbq-sink-connector-testDelete-sr/status HTTP/1.1" 200 187 "-" "Jetty/9.4.56.v20240826" 1 (org.apache.kafka.connect.runtime.rest.RestServer:62)
[2026-03-04 15:48:27,770] INFO GET response for URL=http://localhost:36425/connectors/kcbq-sink-connector-testDelete-sr/status is {"name":"kcbq-sink-connector-testDelete-sr","connector":{"state":"RUNNING","worker_id":"localhost:36425"},"tasks":[{"id":0,"state":"RUNNING","worker_id":"localhost:36425"}],"type":"sink"} (org.apache.kafka.connect.util.clusters.EmbeddedConnect:1016)
[2026-03-04 15:48:27,771] DEBUG Connector has only committed 0 records for topics [test-delete-sr] so far; 8 expected (com.wepay.kafka.connect.bigquery.integration.BaseConnectorIT:210)
[2026-03-04 15:48:28,043] INFO [kcbq-sink-connector-testDelete-sr|task-0] [Consumer clientId=connector-consumer-kcbq-sink-connector-testDelete-sr-0, groupId=connect-kcbq-sink-connector-testDelete-sr] Revoke previously assigned partitions test-delete-sr-0 (org.apache.kafka.clients.consumer.internals.ConsumerRebalanceListenerInvoker:79)
[2026-03-04 15:48:28,043] INFO [kcbq-sink-connector-testDelete-sr|task-0] [Consumer clientId=connector-consumer-kcbq-sink-connector-testDelete-sr-0, groupId=connect-kcbq-sink-connector-testDelete-sr] Member connector-consumer-kcbq-sink-connector-testDelete-sr-0-94161be1-5b4d-4f55-a3a1-c06423931ee6 sending LeaveGroup request to coordinator localhost:41079 (id: 2147483647 rack: null) due to the consumer is being closed (org.apache.kafka.clients.consumer.internals.ConsumerCoordinator:1173)
[2026-03-04 15:48:28,043] INFO [kcbq-sink-connector-testDelete-sr|task-0] [Consumer clientId=connector-consumer-kcbq-sink-connector-testDelete-sr-0, groupId=connect-kcbq-sink-connector-testDelete-sr] Resetting generation and member id due to: consumer pro-actively leaving the group (org.apache.kafka.clients.consumer.internals.ConsumerCoordinator:1055)
[2026-03-04 15:48:28,043] INFO [kcbq-sink-connector-testDelete-sr|task-0] [Consumer clientId=connector-consumer-kcbq-sink-connector-testDelete-sr-0, groupId=connect-kcbq-sink-connector-testDelete-sr] Request joining group due to: consumer pro-actively leaving the group (org.apache.kafka.clients.consumer.internals.ConsumerCoordinator:1102)
[2026-03-04 15:48:28,043] INFO [GroupCoordinator 0]: Preparing to rebalance group connect-kcbq-sink-connector-testDelete-sr in state PreparingRebalance with old generation 1 (__consumer_offsets-2) (reason: Removing member connector-consumer-kcbq-sink-connector-testDelete-sr-0-94161be1-5b4d-4f55-a3a1-c06423931ee6 on LeaveGroup; client reason: the consumer is being closed) (kafka.coordinator.group.GroupCoordinator:66)
[2026-03-04 15:48:28,043] INFO [GroupCoordinator 0]: Group connect-kcbq-sink-connector-testDelete-sr with generation 2 is now empty (__consumer_offsets-2) (kafka.coordinator.group.GroupCoordinator:66)
[2026-03-04 15:48:28,043] INFO [GroupCoordinator 0]: Member MemberMetadata(memberId=connector-consumer-kcbq-sink-connector-testDelete-sr-0-94161be1-5b4d-4f55-a3a1-c06423931ee6, groupInstanceId=None, clientId=connector-consumer-kcbq-sink-connector-testDelete-sr-0, clientHost=/127.0.0.1, sessionTimeoutMs=45000, rebalanceTimeoutMs=300000, supportedProtocols=List(range, cooperative-sticky)) has left group connect-kcbq-sink-connector-testDelete-sr through explicit `LeaveGroup`; client reason: the consumer is being closed (kafka.coordinator.group.GroupCoordinator:66)
[2026-03-04 15:48:28,044] INFO [kcbq-sink-connector-testDelete-sr|task-0] Metrics scheduler closed (org.apache.kafka.common.metrics.Metrics:684)
[2026-03-04 15:48:28,044] INFO [kcbq-sink-connector-testDelete-sr|task-0] Closing reporter org.apache.kafka.common.metrics.JmxReporter (org.apache.kafka.common.metrics.Metrics:688)
[2026-03-04 15:48:28,044] INFO [kcbq-sink-connector-testDelete-sr|task-0] Closing reporter org.apache.kafka.common.telemetry.internals.ClientTelemetryReporter (org.apache.kafka.common.metrics.Metrics:688)
[2026-03-04 15:48:28,044] INFO [kcbq-sink-connector-testDelete-sr|task-0] Metrics reporters closed (org.apache.kafka.common.metrics.Metrics:694)
[2026-03-04 15:48:28,044] INFO [kcbq-sink-connector-testDelete-sr|task-0] App info kafka.consumer for connector-consumer-kcbq-sink-connector-testDelete-sr-0 unregistered (org.apache.kafka.common.utils.AppInfoParser:88)
[2026-03-04 15:48:32,873] INFO 127.0.0.1 - - [04/Mar/2026:10:18:32 +0000] "GET /connectors/kcbq-sink-connector-testDelete-sr/status HTTP/1.1" 200 5643 "-" "Jetty/9.4.56.v20240826" 1 (org.apache.kafka.connect.runtime.rest.RestServer:62)
[2026-03-04 15:48:32,873] INFO GET response for URL=http://localhost:36425/connectors/kcbq-sink-connector-testDelete-sr/status is {"name":"kcbq-sink-connector-testDelete-sr","connector":{"state":"RUNNING","worker_id":"localhost:36425"},"tasks":[{"id":0,"state":"FAILED","worker_id":"localhost:36425","trace":"org.apache.kafka.connect.errors.ConnectException: Exiting WorkerSinkTask due to unrecoverable exception.\n\tat org.apache.kafka.connect.runtime.WorkerSinkTask.deliverMessages(WorkerSinkTask.java:635)\n\tat org.apache.kafka.connect.runtime.WorkerSinkTask.poll(WorkerSinkTask.java:344)\n\tat org.apache.kafka.connect.runtime.WorkerSinkTask.iteration(WorkerSinkTask.java:246)\n\tat org.apache.kafka.connect.runtime.WorkerSinkTask.execute(WorkerSinkTask.java:215)\n\tat org.apache.kafka.connect.runtime.WorkerTask.doRun(WorkerTask.java:225)\n\tat org.apache.kafka.connect.runtime.WorkerTask.run(WorkerTask.java:280)\n\tat org.apache.kafka.connect.runtime.isolation.Plugins.lambda$withClassLoader$1(Plugins.java:237)\n\tat java.base/java.util.concurrent.Executors$RunnableAdapter.call(Executors.java:545)\n\tat java.base/java.util.concurrent.FutureTask.run(FutureTask.java:328)\n\tat java.base/java.util.concurrent.ThreadPoolExecutor.runWorker(ThreadPoolExecutor.java:1090)\n\tat java.base/java.util.concurrent.ThreadPoolExecutor$Worker.run(ThreadPoolExecutor.java:614)\n\tat java.base/java.lang.Thread.run(Thread.java:1474)\nCaused by: com.wepay.kafka.connect.bigquery.exception.BigQueryConnectException: A write thread has failed with an unrecoverable error\nCaused by: Failed to write to table\n\tat com.wepay.kafka.connect.bigquery.write.batch.KcbqThreadPoolExecutor.lambda$maybeThrowEncounteredError$0(KcbqThreadPoolExecutor.java:111)\n\tat java.base/java.util.Optional.ifPresent(Optional.java:178)\n\tat com.wepay.kafka.connect.bigquery.write.batch.KcbqThreadPoolExecutor.maybeThrowEncounteredError(KcbqThreadPoolExecutor.java:110)\n\tat com.wepay.kafka.connect.bigquery.BigQuerySinkTask.maybeThrowErrors(BigQuerySinkTask.java:559)\n\tat com.wepay.kafka.connect.bigquery.BigQuerySinkTask.writeSinkRecords(BigQuerySinkTask.java:215)\n\tat com.wepay.kafka.connect.bigquery.BigQuerySinkTask.put(BigQuerySinkTask.java:287)\n\tat org.apache.kafka.connect.runtime.WorkerSinkTask.deliverMessages(WorkerSinkTask.java:605)\n\t... 11 more\nCaused by: com.wepay.kafka.connect.bigquery.exception.BigQueryConnectException: Failed to write to table\nCaused by: Not found: Dataset gen-lang-client-0026556124:test_dataset\n\tat com.wepay.kafka.connect.bigquery.write.batch.TableWriter.run(TableWriter.java:149)\n\tat java.base/java.util.concurrent.ThreadPoolExecutor.runWorker(ThreadPoolExecutor.java:1090)\n\tat java.base/java.util.concurrent.ThreadPoolExecutor$Worker.run(ThreadPoolExecutor.java:614)\n\tat com.wepay.kafka.connect.bigquery.BigQuerySinkTask$MdcContextThreadFactory.lambda$newThread$0(BigQuerySinkTask.java:673)\n\t... 1 more\nCaused by: com.google.cloud.bigquery.BigQueryException: Not found: Dataset gen-lang-client-0026556124:test_dataset\n\tat com.google.cloud.bigquery.spi.v2.HttpBigQueryRpc.translate(HttpBigQueryRpc.java:115)\n\tat com.google.cloud.bigquery.spi.v2.HttpBigQueryRpc.insertAll(HttpBigQueryRpc.java:548)\n\tat com.google.cloud.bigquery.BigQueryImpl$28.call(BigQueryImpl.java:1119)\n\tat com.google.cloud.bigquery.BigQueryImpl$28.call(BigQueryImpl.java:1116)\n\tat com.google.api.gax.retrying.DirectRetryingExecutor.submit(DirectRetryingExecutor.java:103)\n\tat com.google.cloud.RetryHelper.run(RetryHelper.java:76)\n\tat com.google.cloud.RetryHelper.runWithRetries(RetryHelper.java:50)\n\tat com.google.cloud.bigquery.BigQueryImpl.insertAll(BigQueryImpl.java:1115)\n\tat com.wepay.kafka.connect.bigquery.write.row.AdaptiveBigQueryWriter.performWriteRequest(AdaptiveBigQueryWriter.java:131)\n\tat com.wepay.kafka.connect.bigquery.write.row.BigQueryWriter.writeRows(BigQueryWriter.java:150)\n\tat com.wepay.kafka.connect.bigquery.write.batch.TableWriter.run(TableWriter.java:136)\n\t... 4 more\nCaused by: com.google.api.client.googleapis.json.GoogleJsonResponseException: 404 Not Found\nPOST https://bigquery.googleapis.com/bigquery/v2/projects/gen-lang-client-0026556124/datasets/test_dataset/tables/test_delete_sr_tmp_0_a14a03d7_c60d_4cc2_8b9e_182e6772f925_1772619497452/insertAll?prettyPrint=false\n{\n  \"code\": 404,\n  \"errors\": [\n    {\n      \"domain\": \"global\",\n      \"message\": \"Not found: Dataset gen-lang-client-0026556124:test_dataset\",\n      \"reason\": \"notFound\"\n    }\n  ],\n  \"message\": \"Not found: Dataset gen-lang-client-0026556124:test_dataset\",\n  \"status\": \"NOT_FOUND\"\n}\n\tat com.google.api.client.googleapis.json.GoogleJsonResponseException.from(GoogleJsonResponseException.java:146)\n\tat com.google.api.client.googleapis.services.json.AbstractGoogleJsonClientRequest.newExceptionOnError(AbstractGoogleJsonClientRequest.java:118)\n\tat com.google.api.client.googleapis.services.json.AbstractGoogleJsonClientRequest.newExceptionOnError(AbstractGoogleJsonClientRequest.java:37)\n\tat com.google.api.client.googleapis.services.AbstractGoogleClientRequest$3.interceptResponse(AbstractGoogleClientRequest.java:466)\n\tat com.google.api.client.http.HttpRequest.execute(HttpRequest.java:1111)\n\tat com.google.api.client.googleapis.services.AbstractGoogleClientRequest.executeUnparsed(AbstractGoogleClientRequest.java:552)\n\tat com.google.api.client.googleapis.services.AbstractGoogleClientRequest.executeUnparsed(AbstractGoogleClientRequest.java:493)\n\tat com.google.api.client.googleapis.services.AbstractGoogleClientRequest.execute(AbstractGoogleClientRequest.java:603)\n\tat com.google.cloud.bigquery.spi.v2.HttpBigQueryRpc.insertAll(HttpBigQueryRpc.java:546)\n\t... 13 more\n"}],"type":"sink"} (org.apache.kafka.connect.util.clusters.EmbeddedConnect:1016)
[2026-03-04 15:48:32,875] INFO App info kafka.admin.client for adminclient-7 unregistered (org.apache.kafka.common.utils.AppInfoParser:88)
[2026-03-04 15:48:32,875] INFO Metrics scheduler closed (org.apache.kafka.common.metrics.Metrics:684)
[2026-03-04 15:48:32,875] INFO Closing reporter org.apache.kafka.common.metrics.JmxReporter (org.apache.kafka.common.metrics.Metrics:688)
[2026-03-04 15:48:32,875] INFO Metrics reporters closed (org.apache.kafka.common.metrics.Metrics:694)
[2026-03-04 15:48:32,876] INFO Stopping worker WorkerHandle{workerName='connect-worker-0'workerURL='http://localhost:36425/'} (org.apache.kafka.connect.util.clusters.EmbeddedConnect:186)
[2026-03-04 15:48:32,876] INFO Kafka Connect stopping (org.apache.kafka.connect.runtime.Connect:67)
[2026-03-04 15:48:32,876] INFO Stopping REST server (org.apache.kafka.connect.runtime.rest.RestServer:354)
[2026-03-04 15:48:32,876] INFO Stopped o.e.j.s.ServletContextHandler@3b6ea33b{/,null,STOPPED} (org.eclipse.jetty.server.handler.ContextHandler:1159)
[2026-03-04 15:48:32,876] INFO Stopped http_localhost0@65bb0f13{HTTP/1.1, (http/1.1)}{localhost:0} (org.eclipse.jetty.server.AbstractConnector:383)
[2026-03-04 15:48:32,876] INFO node0 Stopped scavenging (org.eclipse.jetty.server.session:149)
[2026-03-04 15:48:32,877] INFO REST server stopped (org.apache.kafka.connect.runtime.rest.RestServer:383)
[2026-03-04 15:48:32,877] INFO [Worker clientId=connect-localhost:36425, groupId=connect-integration-test-kcbq-connect-cluster] Herder stopping (org.apache.kafka.connect.runtime.distributed.DistributedHerder:841)
[2026-03-04 15:48:32,877] INFO [Worker clientId=connect-localhost:36425, groupId=connect-integration-test-kcbq-connect-cluster] Stopping connectors and tasks that are still assigned to this worker. (org.apache.kafka.connect.runtime.distributed.DistributedHerder:798)
[2026-03-04 15:48:32,877] INFO [kcbq-sink-connector-testDelete-sr|worker] Stopping connector kcbq-sink-connector-testDelete-sr (org.apache.kafka.connect.runtime.Worker:451)
[2026-03-04 15:48:32,877] INFO [kcbq-sink-connector-testDelete-sr|worker] Scheduled shutdown for WorkerConnector{id=kcbq-sink-connector-testDelete-sr} (org.apache.kafka.connect.runtime.WorkerConnector:294)
[2026-03-04 15:48:32,877] INFO [kcbq-sink-connector-testDelete-sr|worker] Completed shutdown for WorkerConnector{id=kcbq-sink-connector-testDelete-sr} (org.apache.kafka.connect.runtime.WorkerConnector:314)
[2026-03-04 15:48:32,877] INFO [kcbq-sink-connector-testDelete-sr|task-0] Stopping task kcbq-sink-connector-testDelete-sr-0 (org.apache.kafka.connect.runtime.Worker:1047)
[2026-03-04 15:48:32,877] INFO Stopping KafkaBasedLog for topic connect-status-topic-kcbq-connect-cluster (org.apache.kafka.connect.util.KafkaBasedLog:316)
[2026-03-04 15:48:32,877] INFO [Producer clientId=connect-integration-test-kcbq-connect-cluster-statuses] Closing the Kafka producer with timeoutMillis = 9223372036854775807 ms. (org.apache.kafka.clients.producer.KafkaProducer:1373)
[2026-03-04 15:48:32,878] INFO Metrics scheduler closed (org.apache.kafka.common.metrics.Metrics:684)
[2026-03-04 15:48:32,878] INFO Closing reporter org.apache.kafka.common.metrics.JmxReporter (org.apache.kafka.common.metrics.Metrics:688)
[2026-03-04 15:48:32,878] INFO Closing reporter org.apache.kafka.common.telemetry.internals.ClientTelemetryReporter (org.apache.kafka.common.metrics.Metrics:688)
[2026-03-04 15:48:32,878] INFO Metrics reporters closed (org.apache.kafka.common.metrics.Metrics:694)
[2026-03-04 15:48:32,878] INFO App info kafka.producer for connect-integration-test-kcbq-connect-cluster-statuses unregistered (org.apache.kafka.common.utils.AppInfoParser:88)
[2026-03-04 15:48:32,878] INFO [Consumer clientId=connect-integration-test-kcbq-connect-cluster-statuses, groupId=connect-integration-test-kcbq-connect-cluster] Resetting generation and member id due to: consumer pro-actively leaving the group (org.apache.kafka.clients.consumer.internals.ConsumerCoordinator:1055)
[2026-03-04 15:48:32,878] INFO [Consumer clientId=connect-integration-test-kcbq-connect-cluster-statuses, groupId=connect-integration-test-kcbq-connect-cluster] Request joining group due to: consumer pro-actively leaving the group (org.apache.kafka.clients.consumer.internals.ConsumerCoordinator:1102)
[2026-03-04 15:48:32,878] INFO [Consumer clientId=connect-integration-test-kcbq-connect-cluster-statuses, groupId=connect-integration-test-kcbq-connect-cluster] Node 0 sent an invalid full fetch response with extraIds=(09Hc5WSLQRC5j17fyFIZJg), response=() (org.apache.kafka.clients.FetchSessionHandler:555)
[2026-03-04 15:48:32,878] INFO Metrics scheduler closed (org.apache.kafka.common.metrics.Metrics:684)
[2026-03-04 15:48:32,878] INFO Closing reporter org.apache.kafka.common.metrics.JmxReporter (org.apache.kafka.common.metrics.Metrics:688)
[2026-03-04 15:48:32,878] INFO Closing reporter org.apache.kafka.common.telemetry.internals.ClientTelemetryReporter (org.apache.kafka.common.metrics.Metrics:688)
[2026-03-04 15:48:32,878] INFO Metrics reporters closed (org.apache.kafka.common.metrics.Metrics:694)
[2026-03-04 15:48:32,879] INFO App info kafka.consumer for connect-integration-test-kcbq-connect-cluster-statuses unregistered (org.apache.kafka.common.utils.AppInfoParser:88)
[2026-03-04 15:48:32,879] INFO Stopped KafkaBasedLog for topic connect-status-topic-kcbq-connect-cluster (org.apache.kafka.connect.util.KafkaBasedLog:340)
[2026-03-04 15:48:32,879] INFO Closing KafkaConfigBackingStore (org.apache.kafka.connect.storage.KafkaConfigBackingStore:405)
[2026-03-04 15:48:32,879] INFO Stopping KafkaBasedLog for topic connect-config-topic-kcbq-connect-cluster (org.apache.kafka.connect.util.KafkaBasedLog:316)
[2026-03-04 15:48:32,879] INFO [Producer clientId=connect-integration-test-kcbq-connect-cluster-configs] Closing the Kafka producer with timeoutMillis = 9223372036854775807 ms. (org.apache.kafka.clients.producer.KafkaProducer:1373)
[2026-03-04 15:48:32,879] INFO Metrics scheduler closed (org.apache.kafka.common.metrics.Metrics:684)
[2026-03-04 15:48:32,879] INFO Closing reporter org.apache.kafka.common.metrics.JmxReporter (org.apache.kafka.common.metrics.Metrics:688)
[2026-03-04 15:48:32,879] INFO Closing reporter org.apache.kafka.common.telemetry.internals.ClientTelemetryReporter (org.apache.kafka.common.metrics.Metrics:688)
[2026-03-04 15:48:32,879] INFO Metrics reporters closed (org.apache.kafka.common.metrics.Metrics:694)
[2026-03-04 15:48:32,879] INFO App info kafka.producer for connect-integration-test-kcbq-connect-cluster-configs unregistered (org.apache.kafka.common.utils.AppInfoParser:88)
[2026-03-04 15:48:32,879] INFO [Consumer clientId=connect-integration-test-kcbq-connect-cluster-configs, groupId=connect-integration-test-kcbq-connect-cluster] Resetting generation and member id due to: consumer pro-actively leaving the group (org.apache.kafka.clients.consumer.internals.ConsumerCoordinator:1055)
[2026-03-04 15:48:32,879] INFO [Consumer clientId=connect-integration-test-kcbq-connect-cluster-configs, groupId=connect-integration-test-kcbq-connect-cluster] Request joining group due to: consumer pro-actively leaving the group (org.apache.kafka.clients.consumer.internals.ConsumerCoordinator:1102)
[2026-03-04 15:48:32,964] INFO Metrics scheduler closed (org.apache.kafka.common.metrics.Metrics:684)
[2026-03-04 15:48:32,964] INFO Closing reporter org.apache.kafka.common.metrics.JmxReporter (org.apache.kafka.common.metrics.Metrics:688)
[2026-03-04 15:48:32,964] INFO Closing reporter org.apache.kafka.common.telemetry.internals.ClientTelemetryReporter (org.apache.kafka.common.metrics.Metrics:688)
[2026-03-04 15:48:32,964] INFO Metrics reporters closed (org.apache.kafka.common.metrics.Metrics:694)
[2026-03-04 15:48:32,964] INFO App info kafka.consumer for connect-integration-test-kcbq-connect-cluster-configs unregistered (org.apache.kafka.common.utils.AppInfoParser:88)
[2026-03-04 15:48:32,964] INFO Stopped KafkaBasedLog for topic connect-config-topic-kcbq-connect-cluster (org.apache.kafka.connect.util.KafkaBasedLog:340)
[2026-03-04 15:48:32,964] INFO Closed KafkaConfigBackingStore (org.apache.kafka.connect.storage.KafkaConfigBackingStore:410)
[2026-03-04 15:48:32,964] INFO Worker stopping (org.apache.kafka.connect.runtime.Worker:249)
[2026-03-04 15:48:32,964] INFO Stopping KafkaOffsetBackingStore (org.apache.kafka.connect.storage.KafkaOffsetBackingStore:260)
[2026-03-04 15:48:32,964] INFO Stopping KafkaBasedLog for topic connect-offset-topic-kcbq-connect-cluster (org.apache.kafka.connect.util.KafkaBasedLog:316)
[2026-03-04 15:48:32,964] INFO [Producer clientId=connect-integration-test-kcbq-connect-cluster-offsets] Closing the Kafka producer with timeoutMillis = 9223372036854775807 ms. (org.apache.kafka.clients.producer.KafkaProducer:1373)
[2026-03-04 15:48:32,965] INFO Metrics scheduler closed (org.apache.kafka.common.metrics.Metrics:684)
[2026-03-04 15:48:32,965] INFO Closing reporter org.apache.kafka.common.metrics.JmxReporter (org.apache.kafka.common.metrics.Metrics:688)
[2026-03-04 15:48:32,965] INFO Closing reporter org.apache.kafka.common.telemetry.internals.ClientTelemetryReporter (org.apache.kafka.common.metrics.Metrics:688)
[2026-03-04 15:48:32,965] INFO Metrics reporters closed (org.apache.kafka.common.metrics.Metrics:694)
[2026-03-04 15:48:32,965] INFO App info kafka.producer for connect-integration-test-kcbq-connect-cluster-offsets unregistered (org.apache.kafka.common.utils.AppInfoParser:88)
[2026-03-04 15:48:32,965] INFO [Consumer clientId=connect-integration-test-kcbq-connect-cluster-offsets, groupId=connect-integration-test-kcbq-connect-cluster] Resetting generation and member id due to: consumer pro-actively leaving the group (org.apache.kafka.clients.consumer.internals.ConsumerCoordinator:1055)
[2026-03-04 15:48:32,965] INFO [Consumer clientId=connect-integration-test-kcbq-connect-cluster-offsets, groupId=connect-integration-test-kcbq-connect-cluster] Request joining group due to: consumer pro-actively leaving the group (org.apache.kafka.clients.consumer.internals.ConsumerCoordinator:1102)
[2026-03-04 15:48:33,101] INFO Metrics scheduler closed (org.apache.kafka.common.metrics.Metrics:684)
[2026-03-04 15:48:33,101] INFO Closing reporter org.apache.kafka.common.metrics.JmxReporter (org.apache.kafka.common.metrics.Metrics:688)
[2026-03-04 15:48:33,101] INFO Closing reporter org.apache.kafka.common.telemetry.internals.ClientTelemetryReporter (org.apache.kafka.common.metrics.Metrics:688)
[2026-03-04 15:48:33,101] INFO Metrics reporters closed (org.apache.kafka.common.metrics.Metrics:694)
[2026-03-04 15:48:33,101] INFO App info kafka.consumer for connect-integration-test-kcbq-connect-cluster-offsets unregistered (org.apache.kafka.common.utils.AppInfoParser:88)
[2026-03-04 15:48:33,101] INFO Stopped KafkaBasedLog for topic connect-offset-topic-kcbq-connect-cluster (org.apache.kafka.connect.util.KafkaBasedLog:340)
[2026-03-04 15:48:33,101] INFO Stopped KafkaOffsetBackingStore (org.apache.kafka.connect.storage.KafkaOffsetBackingStore:262)
[2026-03-04 15:48:33,102] INFO Metrics scheduler closed (org.apache.kafka.common.metrics.Metrics:684)
[2026-03-04 15:48:33,102] INFO Closing reporter org.apache.kafka.common.metrics.JmxReporter (org.apache.kafka.common.metrics.Metrics:688)
[2026-03-04 15:48:33,102] INFO Metrics reporters closed (org.apache.kafka.common.metrics.Metrics:694)
[2026-03-04 15:48:33,102] INFO App info kafka.connect for localhost:36425 unregistered (org.apache.kafka.common.utils.AppInfoParser:88)
[2026-03-04 15:48:33,102] INFO Worker stopped (org.apache.kafka.connect.runtime.Worker:270)
[2026-03-04 15:48:33,102] INFO [Worker clientId=connect-localhost:36425, groupId=connect-integration-test-kcbq-connect-cluster] Member connect-localhost:36425-d5054138-5fd3-4aa1-b8c3-2bf4790ad1a5 sending LeaveGroup request to coordinator localhost:41079 (id: 2147483647 rack: null) due to the consumer is being closed (org.apache.kafka.connect.runtime.distributed.WorkerCoordinator:1173)
[2026-03-04 15:48:33,102] INFO [Worker clientId=connect-localhost:36425, groupId=connect-integration-test-kcbq-connect-cluster] Resetting generation and member id due to: consumer pro-actively leaving the group (org.apache.kafka.connect.runtime.distributed.WorkerCoordinator:1055)
[2026-03-04 15:48:33,102] WARN [Worker clientId=connect-localhost:36425, groupId=connect-integration-test-kcbq-connect-cluster] Close timed out with 1 pending requests to coordinator, terminating client connections (org.apache.kafka.connect.runtime.distributed.WorkerCoordinator:1140)
[2026-03-04 15:48:33,102] INFO Metrics scheduler closed (org.apache.kafka.common.metrics.Metrics:684)
[2026-03-04 15:48:33,102] INFO Closing reporter org.apache.kafka.common.metrics.JmxReporter (org.apache.kafka.common.metrics.Metrics:688)
[2026-03-04 15:48:33,102] INFO Metrics reporters closed (org.apache.kafka.common.metrics.Metrics:694)
[2026-03-04 15:48:33,102] INFO [GroupCoordinator 0]: Preparing to rebalance group connect-integration-test-kcbq-connect-cluster in state PreparingRebalance with old generation 3 (__consumer_offsets-42) (reason: Removing member connect-localhost:36425-d5054138-5fd3-4aa1-b8c3-2bf4790ad1a5 on LeaveGroup; client reason: the consumer is being closed) (kafka.coordinator.group.GroupCoordinator:66)
[2026-03-04 15:48:33,102] INFO [GroupCoordinator 0]: Group connect-integration-test-kcbq-connect-cluster with generation 4 is now empty (__consumer_offsets-42) (kafka.coordinator.group.GroupCoordinator:66)
[2026-03-04 15:48:33,102] INFO App info kafka.connect for connect-localhost:36425 unregistered (org.apache.kafka.common.utils.AppInfoParser:88)
[2026-03-04 15:48:33,102] INFO App info kafka.admin.client for connect-integration-test-kcbq-connect-cluster-shared-admin unregistered (org.apache.kafka.common.utils.AppInfoParser:88)
[2026-03-04 15:48:33,102] INFO [GroupCoordinator 0]: Member MemberMetadata(memberId=connect-localhost:36425-d5054138-5fd3-4aa1-b8c3-2bf4790ad1a5, groupInstanceId=None, clientId=connect-localhost:36425, clientHost=/127.0.0.1, sessionTimeoutMs=10000, rebalanceTimeoutMs=60000, supportedProtocols=List(sessioned, compatible, default)) has left group connect-integration-test-kcbq-connect-cluster through explicit `LeaveGroup`; client reason: the consumer is being closed (kafka.coordinator.group.GroupCoordinator:66)
[2026-03-04 15:48:33,102] INFO Metrics scheduler closed (org.apache.kafka.common.metrics.Metrics:684)
[2026-03-04 15:48:33,102] INFO Closing reporter org.apache.kafka.common.metrics.JmxReporter (org.apache.kafka.common.metrics.Metrics:688)
[2026-03-04 15:48:33,102] INFO Metrics reporters closed (org.apache.kafka.common.metrics.Metrics:694)
[2026-03-04 15:48:33,102] INFO [Worker clientId=connect-localhost:36425, groupId=connect-integration-test-kcbq-connect-cluster] Herder stopped (org.apache.kafka.connect.runtime.distributed.DistributedHerder:387)
[2026-03-04 15:48:33,102] INFO [Worker clientId=connect-localhost:36425, groupId=connect-integration-test-kcbq-connect-cluster] Herder stopped (org.apache.kafka.connect.runtime.distributed.DistributedHerder:848)
[2026-03-04 15:48:33,103] INFO Kafka Connect stopped (org.apache.kafka.connect.runtime.Connect:72)
[2026-03-04 15:48:33,103] INFO [Producer clientId=producer-4] Closing the Kafka producer with timeoutMillis = 9223372036854775807 ms. (org.apache.kafka.clients.producer.KafkaProducer:1373)
[2026-03-04 15:48:33,103] INFO Metrics scheduler closed (org.apache.kafka.common.metrics.Metrics:684)
[2026-03-04 15:48:33,103] INFO Closing reporter org.apache.kafka.common.metrics.JmxReporter (org.apache.kafka.common.metrics.Metrics:688)
[2026-03-04 15:48:33,103] INFO Closing reporter org.apache.kafka.common.telemetry.internals.ClientTelemetryReporter (org.apache.kafka.common.metrics.Metrics:688)
[2026-03-04 15:48:33,103] INFO Metrics reporters closed (org.apache.kafka.common.metrics.Metrics:694)
[2026-03-04 15:48:33,103] INFO App info kafka.producer for producer-4 unregistered (org.apache.kafka.common.utils.AppInfoParser:88)
[2026-03-04 15:48:33,103] INFO [KafkaServer id=0] shutting down (kafka.server.KafkaServer:66)
[2026-03-04 15:48:33,103] INFO [KafkaServer id=0] Starting controlled shutdown (kafka.server.KafkaServer:66)
[2026-03-04 15:48:33,104] INFO [Controller id=0] Shutting down broker 0 (kafka.controller.KafkaController:66)
[2026-03-04 15:48:33,104] INFO [Controller id=0 epoch=1] Sending UpdateMetadata request to brokers Set() for 0 partitions (state.change.logger:66)
[2026-03-04 15:48:33,104] INFO [KafkaServer id=0] Controlled shutdown request returned successfully after 0ms (kafka.server.KafkaServer:66)
[2026-03-04 15:48:33,105] INFO [/config/changes-event-process-thread]: Shutting down (kafka.common.ZkNodeChangeNotificationListener$ChangeEventProcessThread:90)
[2026-03-04 15:48:33,105] INFO [/config/changes-event-process-thread]: Stopped (kafka.common.ZkNodeChangeNotificationListener$ChangeEventProcessThread:147)
[2026-03-04 15:48:33,105] INFO [/config/changes-event-process-thread]: Shutdown completed (kafka.common.ZkNodeChangeNotificationListener$ChangeEventProcessThread:109)
[2026-03-04 15:48:33,105] INFO [SocketServer listenerType=ZK_BROKER, nodeId=0] Stopping socket server request processors (kafka.network.SocketServer:66)
[2026-03-04 15:48:33,105] INFO [Consumer clientId=KafkaStore-reader-_schemas, groupId=schema-registry-hinata-waifu-42201] Node 0 disconnected. (org.apache.kafka.clients.NetworkClient:1017)
[2026-03-04 15:48:33,105] INFO [Producer clientId=producer-5] Node 0 disconnected. (org.apache.kafka.clients.NetworkClient:1017)
[2026-03-04 15:48:33,105] INFO [NodeToControllerChannelManager id=0 name=forwarding] Node 0 disconnected. (org.apache.kafka.clients.NetworkClient:1017)
[2026-03-04 15:48:33,105] INFO [Schema registry clientId=sr-2, groupId=schema-registry] Node 2147483647 disconnected. (org.apache.kafka.clients.NetworkClient:1017)
[2026-03-04 15:48:33,105] INFO [Consumer clientId=KafkaStore-reader-_schemas, groupId=schema-registry-hinata-waifu-42201] Cancelled in-flight FETCH request with correlation id 43 due to node 0 being disconnected (elapsed time since creation: 36ms, elapsed time since send: 36ms, throttle time: 0ms, request timeout: 30000ms) (org.apache.kafka.clients.NetworkClient:363)
[2026-03-04 15:48:33,105] INFO [Schema registry clientId=sr-2, groupId=schema-registry] Node -1 disconnected. (org.apache.kafka.clients.NetworkClient:1017)
[2026-03-04 15:48:33,105] INFO [Schema registry clientId=sr-2, groupId=schema-registry] Group coordinator localhost:41079 (id: 2147483647 rack: null) is unavailable or invalid due to cause: coordinator unavailable. isDisconnected: true. Rediscovery will be attempted. (io.confluent.kafka.schemaregistry.leaderelector.kafka.SchemaRegistryCoordinator:999)
[2026-03-04 15:48:33,105] INFO [Producer clientId=producer-5] Node -1 disconnected. (org.apache.kafka.clients.NetworkClient:1017)
[2026-03-04 15:48:33,105] INFO [Consumer clientId=KafkaStore-reader-_schemas, groupId=schema-registry-hinata-waifu-42201] Error sending fetch request (sessionId=1749708103, epoch=36) to node 0: (org.apache.kafka.clients.FetchSessionHandler:617)
org.apache.kafka.common.errors.DisconnectException
[2026-03-04 15:48:33,105] INFO [SocketServer listenerType=ZK_BROKER, nodeId=0] Stopped socket server request processors (kafka.network.SocketServer:66)
[2026-03-04 15:48:33,105] INFO [Consumer clientId=KafkaStore-reader-_schemas, groupId=schema-registry-hinata-waifu-42201] Node -1 disconnected. (org.apache.kafka.clients.NetworkClient:1017)
[2026-03-04 15:48:33,105] INFO [data-plane Kafka Request Handler on Broker 0], shutting down (kafka.server.KafkaRequestHandlerPool:66)
[2026-03-04 15:48:33,105] INFO [Schema registry clientId=sr-2, groupId=schema-registry] Node 0 disconnected. (org.apache.kafka.clients.NetworkClient:1017)
[2026-03-04 15:48:33,105] WARN [Schema registry clientId=sr-2, groupId=schema-registry] Connection to node 0 (localhost/127.0.0.1:41079) could not be established. Node may not be available. (org.apache.kafka.clients.NetworkClient:849)
[2026-03-04 15:48:33,105] INFO [data-plane Kafka Request Handler on Broker 0], shut down completely (kafka.server.KafkaRequestHandlerPool:66)
[2026-03-04 15:48:33,106] INFO [ExpirationReaper-0-AlterAcls]: Shutting down (kafka.server.DelayedOperationPurgatory$ExpiredOperationReaper:90)
[2026-03-04 15:48:33,106] INFO [ExpirationReaper-0-AlterAcls]: Stopped (kafka.server.DelayedOperationPurgatory$ExpiredOperationReaper:147)
[2026-03-04 15:48:33,106] INFO [ExpirationReaper-0-AlterAcls]: Shutdown completed (kafka.server.DelayedOperationPurgatory$ExpiredOperationReaper:109)
[2026-03-04 15:48:33,106] INFO [KafkaApi-0] Shutdown complete. (kafka.server.KafkaApis:66)
[2026-03-04 15:48:33,106] INFO [ExpirationReaper-0-topic]: Shutting down (kafka.server.DelayedOperationPurgatory$ExpiredOperationReaper:90)
[2026-03-04 15:48:33,106] INFO [ExpirationReaper-0-topic]: Stopped (kafka.server.DelayedOperationPurgatory$ExpiredOperationReaper:147)
[2026-03-04 15:48:33,106] INFO [ExpirationReaper-0-topic]: Shutdown completed (kafka.server.DelayedOperationPurgatory$ExpiredOperationReaper:109)
[2026-03-04 15:48:33,106] INFO [TransactionCoordinator id=0] Shutting down. (kafka.coordinator.transaction.TransactionCoordinator:66)
[2026-03-04 15:48:33,106] INFO [Transaction State Manager 0]: Shutdown complete (kafka.coordinator.transaction.TransactionStateManager:66)
[2026-03-04 15:48:33,106] INFO [TxnMarkerSenderThread-0]: Shutting down (kafka.coordinator.transaction.TransactionMarkerChannelManager:90)
[2026-03-04 15:48:33,106] INFO [TxnMarkerSenderThread-0]: Stopped (kafka.coordinator.transaction.TransactionMarkerChannelManager:147)
[2026-03-04 15:48:33,106] INFO [TxnMarkerSenderThread-0]: Shutdown completed (kafka.coordinator.transaction.TransactionMarkerChannelManager:109)
[2026-03-04 15:48:33,106] INFO [TransactionCoordinator id=0] Shutdown complete. (kafka.coordinator.transaction.TransactionCoordinator:66)
[2026-03-04 15:48:33,106] INFO [GroupCoordinator 0]: Shutting down. (kafka.coordinator.group.GroupCoordinator:66)
[2026-03-04 15:48:33,106] INFO [ExpirationReaper-0-Heartbeat]: Shutting down (kafka.server.DelayedOperationPurgatory$ExpiredOperationReaper:90)
[2026-03-04 15:48:33,106] INFO [ExpirationReaper-0-Heartbeat]: Stopped (kafka.server.DelayedOperationPurgatory$ExpiredOperationReaper:147)
[2026-03-04 15:48:33,106] INFO [ExpirationReaper-0-Heartbeat]: Shutdown completed (kafka.server.DelayedOperationPurgatory$ExpiredOperationReaper:109)
[2026-03-04 15:48:33,106] INFO [ExpirationReaper-0-Rebalance]: Shutting down (kafka.server.DelayedOperationPurgatory$ExpiredOperationReaper:90)
[2026-03-04 15:48:33,106] INFO [ExpirationReaper-0-Rebalance]: Stopped (kafka.server.DelayedOperationPurgatory$ExpiredOperationReaper:147)
[2026-03-04 15:48:33,106] INFO [ExpirationReaper-0-Rebalance]: Shutdown completed (kafka.server.DelayedOperationPurgatory$ExpiredOperationReaper:109)
[2026-03-04 15:48:33,106] INFO [GroupCoordinator 0]: Shutdown complete. (kafka.coordinator.group.GroupCoordinator:66)
[2026-03-04 15:48:33,106] INFO [ReplicaManager broker=0] Shutting down (kafka.server.ReplicaManager:66)
[2026-03-04 15:48:33,106] INFO [LogDirFailureHandler]: Shutting down (kafka.server.ReplicaManager$LogDirFailureHandler:90)
[2026-03-04 15:48:33,106] INFO [LogDirFailureHandler]: Stopped (kafka.server.ReplicaManager$LogDirFailureHandler:147)
[2026-03-04 15:48:33,106] INFO [LogDirFailureHandler]: Shutdown completed (kafka.server.ReplicaManager$LogDirFailureHandler:109)
[2026-03-04 15:48:33,107] INFO [ReplicaFetcherManager on broker 0] shutting down (kafka.server.ReplicaFetcherManager:66)
[2026-03-04 15:48:33,107] INFO [ReplicaFetcherManager on broker 0] shutdown completed (kafka.server.ReplicaFetcherManager:66)
[2026-03-04 15:48:33,107] INFO [ReplicaAlterLogDirsManager on broker 0] shutting down (kafka.server.ReplicaAlterLogDirsManager:66)
[2026-03-04 15:48:33,107] INFO [ReplicaAlterLogDirsManager on broker 0] shutdown completed (kafka.server.ReplicaAlterLogDirsManager:66)
[2026-03-04 15:48:33,107] INFO [ExpirationReaper-0-Fetch]: Shutting down (kafka.server.DelayedOperationPurgatory$ExpiredOperationReaper:90)
[2026-03-04 15:48:33,107] INFO [ExpirationReaper-0-Fetch]: Shutdown completed (kafka.server.DelayedOperationPurgatory$ExpiredOperationReaper:109)
[2026-03-04 15:48:33,107] INFO [ExpirationReaper-0-Fetch]: Stopped (kafka.server.DelayedOperationPurgatory$ExpiredOperationReaper:147)
[2026-03-04 15:48:33,107] INFO [ExpirationReaper-0-RemoteFetch]: Shutting down (kafka.server.DelayedOperationPurgatory$ExpiredOperationReaper:90)
[2026-03-04 15:48:33,107] INFO [ExpirationReaper-0-RemoteFetch]: Stopped (kafka.server.DelayedOperationPurgatory$ExpiredOperationReaper:147)
[2026-03-04 15:48:33,107] INFO [ExpirationReaper-0-RemoteFetch]: Shutdown completed (kafka.server.DelayedOperationPurgatory$ExpiredOperationReaper:109)
[2026-03-04 15:48:33,107] INFO [ExpirationReaper-0-Produce]: Shutting down (kafka.server.DelayedOperationPurgatory$ExpiredOperationReaper:90)
[2026-03-04 15:48:33,107] INFO [ExpirationReaper-0-Produce]: Stopped (kafka.server.DelayedOperationPurgatory$ExpiredOperationReaper:147)
[2026-03-04 15:48:33,107] INFO [ExpirationReaper-0-Produce]: Shutdown completed (kafka.server.DelayedOperationPurgatory$ExpiredOperationReaper:109)
[2026-03-04 15:48:33,107] INFO [ExpirationReaper-0-DeleteRecords]: Shutting down (kafka.server.DelayedOperationPurgatory$ExpiredOperationReaper:90)
[2026-03-04 15:48:33,107] INFO [ExpirationReaper-0-DeleteRecords]: Stopped (kafka.server.DelayedOperationPurgatory$ExpiredOperationReaper:147)
[2026-03-04 15:48:33,107] INFO [ExpirationReaper-0-DeleteRecords]: Shutdown completed (kafka.server.DelayedOperationPurgatory$ExpiredOperationReaper:109)
[2026-03-04 15:48:33,107] INFO [ExpirationReaper-0-ElectLeader]: Shutting down (kafka.server.DelayedOperationPurgatory$ExpiredOperationReaper:90)
[2026-03-04 15:48:33,107] INFO [ExpirationReaper-0-ElectLeader]: Stopped (kafka.server.DelayedOperationPurgatory$ExpiredOperationReaper:147)
[2026-03-04 15:48:33,107] INFO [ExpirationReaper-0-ElectLeader]: Shutdown completed (kafka.server.DelayedOperationPurgatory$ExpiredOperationReaper:109)
[2026-03-04 15:48:33,107] INFO [AddPartitionsToTxnSenderThread-0]: Shutting down (kafka.server.AddPartitionsToTxnManager:90)
[2026-03-04 15:48:33,107] INFO [AddPartitionsToTxnSenderThread-0]: Stopped (kafka.server.AddPartitionsToTxnManager:147)
[2026-03-04 15:48:33,107] INFO [AddPartitionsToTxnSenderThread-0]: Shutdown completed (kafka.server.AddPartitionsToTxnManager:109)
[2026-03-04 15:48:33,108] INFO [ReplicaManager broker=0] Shut down completely (kafka.server.ReplicaManager:66)
[2026-03-04 15:48:33,108] INFO [zk-broker-0-to-controller-alter-partition-channel-manager]: Shutting down (kafka.server.NodeToControllerRequestThread:90)
[2026-03-04 15:48:33,108] INFO [zk-broker-0-to-controller-alter-partition-channel-manager]: Stopped (kafka.server.NodeToControllerRequestThread:147)
[2026-03-04 15:48:33,108] INFO [zk-broker-0-to-controller-alter-partition-channel-manager]: Shutdown completed (kafka.server.NodeToControllerRequestThread:109)
[2026-03-04 15:48:33,108] INFO Node to controller channel manager for alter-partition shutdown (kafka.server.NodeToControllerChannelManagerImpl:66)
[2026-03-04 15:48:33,108] INFO [zk-broker-0-to-controller-forwarding-channel-manager]: Shutting down (kafka.server.NodeToControllerRequestThread:90)
[2026-03-04 15:48:33,108] INFO [zk-broker-0-to-controller-forwarding-channel-manager]: Stopped (kafka.server.NodeToControllerRequestThread:147)
[2026-03-04 15:48:33,108] INFO [zk-broker-0-to-controller-forwarding-channel-manager]: Shutdown completed (kafka.server.NodeToControllerRequestThread:109)
[2026-03-04 15:48:33,108] INFO Node to controller channel manager for forwarding shutdown (kafka.server.NodeToControllerChannelManagerImpl:66)
[2026-03-04 15:48:33,108] INFO Shutting down. (kafka.log.LogManager:66)
[2026-03-04 15:48:33,108] INFO Shutting down the log cleaner. (kafka.log.LogCleaner:66)
[2026-03-04 15:48:33,108] INFO [kafka-log-cleaner-thread-0]: Shutting down (kafka.log.LogCleaner$CleanerThread:90)
[2026-03-04 15:48:33,108] INFO [kafka-log-cleaner-thread-0]: Stopped (kafka.log.LogCleaner$CleanerThread:147)
[2026-03-04 15:48:33,108] INFO [kafka-log-cleaner-thread-0]: Shutdown completed (kafka.log.LogCleaner$CleanerThread:109)
[2026-03-04 15:48:33,109] INFO [ProducerStateManager partition=connect-status-topic-kcbq-connect-cluster-1] Wrote producer snapshot at offset 2 with 0 producer ids in 0 ms. (org.apache.kafka.storage.internals.log.ProducerStateManager:470)
[2026-03-04 15:48:33,109] INFO [ProducerStateManager partition=__consumer_offsets-42] Wrote producer snapshot at offset 4 with 0 producer ids in 0 ms. (org.apache.kafka.storage.internals.log.ProducerStateManager:470)
[2026-03-04 15:48:33,109] INFO [ProducerStateManager partition=connect-status-topic-kcbq-connect-cluster-2] Wrote producer snapshot at offset 2 with 0 producer ids in 0 ms. (org.apache.kafka.storage.internals.log.ProducerStateManager:470)
[2026-03-04 15:48:33,109] INFO [ProducerStateManager partition=__consumer_offsets-29] Wrote producer snapshot at offset 1 with 0 producer ids in 0 ms. (org.apache.kafka.storage.internals.log.ProducerStateManager:470)
[2026-03-04 15:48:33,110] INFO [ProducerStateManager partition=connect-status-topic-kcbq-connect-cluster-0] Wrote producer snapshot at offset 1 with 0 producer ids in 0 ms. (org.apache.kafka.storage.internals.log.ProducerStateManager:470)
[2026-03-04 15:48:33,110] INFO [ProducerStateManager partition=__consumer_offsets-2] Wrote producer snapshot at offset 2 with 0 producer ids in 0 ms. (org.apache.kafka.storage.internals.log.ProducerStateManager:470)
[2026-03-04 15:48:33,110] INFO [ProducerStateManager partition=test-delete-sr-0] Wrote producer snapshot at offset 8 with 1 producer ids in 0 ms. (org.apache.kafka.storage.internals.log.ProducerStateManager:470)
[2026-03-04 15:48:33,110] INFO [ProducerStateManager partition=_schemas-0] Wrote producer snapshot at offset 4 with 1 producer ids in 0 ms. (org.apache.kafka.storage.internals.log.ProducerStateManager:470)
[2026-03-04 15:48:33,110] INFO [ProducerStateManager partition=connect-config-topic-kcbq-connect-cluster-0] Wrote producer snapshot at offset 4 with 0 producer ids in 0 ms. (org.apache.kafka.storage.internals.log.ProducerStateManager:470)
[2026-03-04 15:48:33,111] INFO Shutdown complete. (kafka.log.LogManager:66)
[2026-03-04 15:48:33,111] INFO [ControllerEventThread controllerId=0] Shutting down (kafka.controller.ControllerEventManager$ControllerEventThread:90)
[2026-03-04 15:48:33,111] INFO [ControllerEventThread controllerId=0] Stopped (kafka.controller.ControllerEventManager$ControllerEventThread:147)
[2026-03-04 15:48:33,111] INFO [ControllerEventThread controllerId=0] Shutdown completed (kafka.controller.ControllerEventManager$ControllerEventThread:109)
[2026-03-04 15:48:33,111] INFO [PartitionStateMachine controllerId=0] Stopped partition state machine (kafka.controller.ZkPartitionStateMachine:66)
[2026-03-04 15:48:33,111] INFO [ReplicaStateMachine controllerId=0] Stopped replica state machine (kafka.controller.ZkReplicaStateMachine:66)
[2026-03-04 15:48:33,111] INFO [RequestSendThread controllerId=0] Shutting down (kafka.controller.RequestSendThread:90)
[2026-03-04 15:48:33,111] INFO [RequestSendThread controllerId=0] Shutdown completed (kafka.controller.RequestSendThread:109)
[2026-03-04 15:48:33,111] INFO [RequestSendThread controllerId=0] Stopped (kafka.controller.RequestSendThread:147)
[2026-03-04 15:48:33,111] INFO [Controller id=0] Resigned (kafka.controller.KafkaController:66)
[2026-03-04 15:48:33,111] INFO [feature-zk-node-event-process-thread]: Shutting down (kafka.server.FinalizedFeatureChangeListener$ChangeNotificationProcessorThread:90)
[2026-03-04 15:48:33,111] INFO [feature-zk-node-event-process-thread]: Stopped (kafka.server.FinalizedFeatureChangeListener$ChangeNotificationProcessorThread:147)
[2026-03-04 15:48:33,111] INFO [feature-zk-node-event-process-thread]: Shutdown completed (kafka.server.FinalizedFeatureChangeListener$ChangeNotificationProcessorThread:109)
[2026-03-04 15:48:33,111] INFO [ZooKeeperClient Kafka server] Closing. (kafka.zookeeper.ZooKeeperClient:66)
[2026-03-04 15:48:33,203] INFO [Consumer clientId=KafkaStore-reader-_schemas, groupId=schema-registry-hinata-waifu-42201] Node 0 disconnected. (org.apache.kafka.clients.NetworkClient:1017)
[2026-03-04 15:48:33,203] WARN [Consumer clientId=KafkaStore-reader-_schemas, groupId=schema-registry-hinata-waifu-42201] Connection to node 0 (localhost/127.0.0.1:41079) could not be established. Node may not be available. (org.apache.kafka.clients.NetworkClient:849)
[2026-03-04 15:48:33,207] INFO [Producer clientId=producer-5] Node 0 disconnected. (org.apache.kafka.clients.NetworkClient:1017)
[2026-03-04 15:48:33,207] WARN [Producer clientId=producer-5] Connection to node 0 (localhost/127.0.0.1:41079) could not be established. Node may not be available. (org.apache.kafka.clients.NetworkClient:849)
[2026-03-04 15:48:33,212] INFO [ZooKeeperClient Kafka server] Closed. (kafka.zookeeper.ZooKeeperClient:66)
[2026-03-04 15:48:33,212] INFO [ThrottledChannelReaper-Fetch]: Shutting down (kafka.server.ClientQuotaManager$ThrottledChannelReaper:90)
[2026-03-04 15:48:33,212] INFO [ThrottledChannelReaper-Fetch]: Stopped (kafka.server.ClientQuotaManager$ThrottledChannelReaper:147)
[2026-03-04 15:48:33,212] INFO [ThrottledChannelReaper-Fetch]: Shutdown completed (kafka.server.ClientQuotaManager$ThrottledChannelReaper:109)
[2026-03-04 15:48:33,212] INFO [ThrottledChannelReaper-Produce]: Shutting down (kafka.server.ClientQuotaManager$ThrottledChannelReaper:90)
[2026-03-04 15:48:33,212] INFO [ThrottledChannelReaper-Produce]: Stopped (kafka.server.ClientQuotaManager$ThrottledChannelReaper:147)
[2026-03-04 15:48:33,212] INFO [ThrottledChannelReaper-Produce]: Shutdown completed (kafka.server.ClientQuotaManager$ThrottledChannelReaper:109)
[2026-03-04 15:48:33,212] INFO [ThrottledChannelReaper-Request]: Shutting down (kafka.server.ClientQuotaManager$ThrottledChannelReaper:90)
[2026-03-04 15:48:33,212] INFO [ThrottledChannelReaper-Request]: Stopped (kafka.server.ClientQuotaManager$ThrottledChannelReaper:147)
[2026-03-04 15:48:33,212] INFO [ThrottledChannelReaper-Request]: Shutdown completed (kafka.server.ClientQuotaManager$ThrottledChannelReaper:109)
[2026-03-04 15:48:33,212] INFO [ThrottledChannelReaper-ControllerMutation]: Shutting down (kafka.server.ClientQuotaManager$ThrottledChannelReaper:90)
[2026-03-04 15:48:33,212] INFO [ThrottledChannelReaper-ControllerMutation]: Stopped (kafka.server.ClientQuotaManager$ThrottledChannelReaper:147)
[2026-03-04 15:48:33,212] INFO [ThrottledChannelReaper-ControllerMutation]: Shutdown completed (kafka.server.ClientQuotaManager$ThrottledChannelReaper:109)
[2026-03-04 15:48:33,212] INFO [SocketServer listenerType=ZK_BROKER, nodeId=0] Shutting down socket server (kafka.network.SocketServer:66)
[2026-03-04 15:48:33,214] INFO [SocketServer listenerType=ZK_BROKER, nodeId=0] Shutdown completed (kafka.network.SocketServer:66)
[2026-03-04 15:48:33,214] INFO Metrics scheduler closed (org.apache.kafka.common.metrics.Metrics:684)
[2026-03-04 15:48:33,214] INFO Closing reporter org.apache.kafka.common.metrics.JmxReporter (org.apache.kafka.common.metrics.Metrics:688)
[2026-03-04 15:48:33,214] INFO Metrics reporters closed (org.apache.kafka.common.metrics.Metrics:694)
[2026-03-04 15:48:33,214] INFO Broker and topic stats closed (kafka.server.BrokerTopicStats:66)
[2026-03-04 15:48:33,214] INFO App info kafka.server for 0 unregistered (org.apache.kafka.common.utils.AppInfoParser:88)
[2026-03-04 15:48:33,214] INFO [KafkaServer id=0] shut down completed (kafka.server.KafkaServer:66)
[2026-03-04 15:48:33,214] INFO Cleaning up kafka log dirs at Buffer(/tmp/EmbeddedKafkaCluster2815493917284875739) (org.apache.kafka.connect.util.clusters.EmbeddedKafkaCluster:231)
[2026-03-04 15:48:33,217] INFO Stopped NetworkTrafficServerConnector@4ff43de{HTTP/1.1, (http/1.1, h2c)}{0.0.0.0:42201} (org.eclipse.jetty.server.AbstractConnector:383)
[2026-03-04 15:48:33,217] INFO node0 Stopped scavenging (org.eclipse.jetty.server.session:149)
[2026-03-04 15:48:33,217] INFO Stopped o.e.j.s.ServletContextHandler@1d1b458e{/ws,null,STOPPED} (org.eclipse.jetty.server.handler.ContextHandler:1159)
[2026-03-04 15:48:33,217] INFO Stopped o.e.j.s.ServletContextHandler@3e207a23{/,null,STOPPED} (org.eclipse.jetty.server.handler.ContextHandler:1159)
[2026-03-04 15:48:33,217] INFO Metrics scheduler closed (org.apache.kafka.common.metrics.Metrics:684)
[2026-03-04 15:48:33,217] INFO Closing reporter org.apache.kafka.common.metrics.JmxReporter (org.apache.kafka.common.metrics.Metrics:688)
[2026-03-04 15:48:33,217] INFO Metrics reporters closed (org.apache.kafka.common.metrics.Metrics:694)
[2026-03-04 15:48:33,217] INFO Shutting down schema registry (io.confluent.kafka.schemaregistry.storage.KafkaSchemaRegistry:2226)
[2026-03-04 15:48:33,217] INFO Stopping the schema registry group member. (io.confluent.kafka.schemaregistry.leaderelector.kafka.KafkaGroupLeaderElector:303)
[2026-03-04 15:48:33,222] INFO [Schema registry clientId=sr-2, groupId=schema-registry] Node 0 disconnected. (org.apache.kafka.clients.NetworkClient:1017)
[2026-03-04 15:48:33,222] WARN [Schema registry clientId=sr-2, groupId=schema-registry] Connection to node 0 (localhost/127.0.0.1:41079) could not be established. Node may not be available. (org.apache.kafka.clients.NetworkClient:849)
[2026-03-04 15:48:33,223] INFO [Schema registry clientId=sr-2, groupId=schema-registry] Resetting generation and member id due to: consumer pro-actively leaving the group (io.confluent.kafka.schemaregistry.leaderelector.kafka.SchemaRegistryCoordinator:1055)
[2026-03-04 15:48:33,223] INFO [Schema registry clientId=sr-2, groupId=schema-registry] Request joining group due to: consumer pro-actively leaving the group (io.confluent.kafka.schemaregistry.leaderelector.kafka.SchemaRegistryCoordinator:1102)
[2026-03-04 15:48:33,223] INFO Metrics scheduler closed (org.apache.kafka.common.metrics.Metrics:684)
[2026-03-04 15:48:33,223] INFO Closing reporter org.apache.kafka.common.metrics.JmxReporter (org.apache.kafka.common.metrics.Metrics:688)
[2026-03-04 15:48:33,223] INFO Metrics reporters closed (org.apache.kafka.common.metrics.Metrics:694)
[2026-03-04 15:48:33,223] INFO App info kafka.schema.registry for sr-2 unregistered (org.apache.kafka.common.utils.AppInfoParser:88)
[2026-03-04 15:48:33,223] INFO The schema registry group member has stopped. (io.confluent.kafka.schemaregistry.leaderelector.kafka.KafkaGroupLeaderElector:337)
[2026-03-04 15:48:33,223] INFO [kafka-store-reader-thread-_schemas]: Shutting down (io.confluent.kafka.schemaregistry.storage.KafkaStoreReaderThread:80)
[2026-03-04 15:48:33,223] INFO [kafka-store-reader-thread-_schemas]: Stopped (io.confluent.kafka.schemaregistry.storage.KafkaStoreReaderThread:144)
[2026-03-04 15:48:33,223] INFO [kafka-store-reader-thread-_schemas]: Shutdown completed (io.confluent.kafka.schemaregistry.storage.KafkaStoreReaderThread:102)
[2026-03-04 15:48:33,223] INFO [Consumer clientId=KafkaStore-reader-_schemas, groupId=schema-registry-hinata-waifu-42201] Resetting generation and member id due to: consumer pro-actively leaving the group (org.apache.kafka.clients.consumer.internals.ConsumerCoordinator:1055)
[2026-03-04 15:48:33,223] INFO [Consumer clientId=KafkaStore-reader-_schemas, groupId=schema-registry-hinata-waifu-42201] Request joining group due to: consumer pro-actively leaving the group (org.apache.kafka.clients.consumer.internals.ConsumerCoordinator:1102)
[2026-03-04 15:48:33,223] INFO Metrics scheduler closed (org.apache.kafka.common.metrics.Metrics:684)
[2026-03-04 15:48:33,223] INFO Closing reporter org.apache.kafka.common.metrics.JmxReporter (org.apache.kafka.common.metrics.Metrics:688)
[2026-03-04 15:48:33,223] INFO Closing reporter org.apache.kafka.common.telemetry.internals.ClientTelemetryReporter (org.apache.kafka.common.metrics.Metrics:688)
[2026-03-04 15:48:33,223] INFO Metrics reporters closed (org.apache.kafka.common.metrics.Metrics:694)
[2026-03-04 15:48:33,223] INFO App info kafka.consumer for KafkaStore-reader-_schemas unregistered (org.apache.kafka.common.utils.AppInfoParser:88)
[2026-03-04 15:48:33,223] INFO KafkaStoreReaderThread shutdown complete. (io.confluent.kafka.schemaregistry.storage.KafkaStoreReaderThread:337)
[2026-03-04 15:48:33,223] INFO [Producer clientId=producer-5] Closing the Kafka producer with timeoutMillis = 9223372036854775807 ms. (org.apache.kafka.clients.producer.KafkaProducer:1373)
[2026-03-04 15:48:33,224] INFO Metrics scheduler closed (org.apache.kafka.common.metrics.Metrics:684)
[2026-03-04 15:48:33,224] INFO Closing reporter org.apache.kafka.common.metrics.JmxReporter (org.apache.kafka.common.metrics.Metrics:688)
[2026-03-04 15:48:33,224] INFO Closing reporter org.apache.kafka.common.telemetry.internals.ClientTelemetryReporter (org.apache.kafka.common.metrics.Metrics:688)
[2026-03-04 15:48:33,224] INFO Metrics reporters closed (org.apache.kafka.common.metrics.Metrics:694)
[2026-03-04 15:48:33,224] INFO App info kafka.producer for producer-5 unregistered (org.apache.kafka.common.utils.AppInfoParser:88)
[2026-03-04 15:48:33,224] INFO Kafka store producer shut down (io.confluent.kafka.schemaregistry.storage.KafkaStore:431)
[2026-03-04 15:48:33,224] INFO Kafka store shut down complete (io.confluent.kafka.schemaregistry.storage.KafkaStore:437)
[2026-03-04 15:48:33,224] INFO Shutting down MetadataEncoderService (io.confluent.kafka.schemaregistry.storage.encoder.MetadataEncoderService:387)
[2026-03-04 15:48:33,224] INFO Finished test testDelete() (com.wepay.kafka.connect.bigquery.integration.utils.TestCaseLogger:42)
[2026-03-04 15:48:33,225] INFO Starting test testUpsert() (com.wepay.kafka.connect.bigquery.integration.utils.TestCaseLogger:37)
[2026-03-04 15:48:33,226] INFO KafkaConfig values: 
	advertised.listeners = null
	alter.config.policy.class.name = null
	alter.log.dirs.replication.quota.window.num = 11
	alter.log.dirs.replication.quota.window.size.seconds = 1
	authorizer.class.name = 
	auto.create.topics.enable = false
	auto.include.jmx.reporter = true
	auto.leader.rebalance.enable = true
	background.threads = 10
	broker.heartbeat.interval.ms = 2000
	broker.id = 0
	broker.id.generation.enable = true
	broker.rack = null
	broker.session.timeout.ms = 9000
	client.quota.callback.class = null
	compression.gzip.level = -1
	compression.lz4.level = 9
	compression.type = producer
	compression.zstd.level = 3
	connection.failed.authentication.delay.ms = 100
	connections.max.idle.ms = 600000
	connections.max.reauth.ms = 0
	control.plane.listener.name = null
	controlled.shutdown.enable = true
	controlled.shutdown.max.retries = 3
	controlled.shutdown.retry.backoff.ms = 5000
	controller.listener.names = null
	controller.quorum.append.linger.ms = 25
	controller.quorum.bootstrap.servers = []
	controller.quorum.election.backoff.max.ms = 1000
	controller.quorum.election.timeout.ms = 1000
	controller.quorum.fetch.timeout.ms = 2000
	controller.quorum.request.timeout.ms = 2000
	controller.quorum.retry.backoff.ms = 20
	controller.quorum.voters = []
	controller.quota.window.num = 11
	controller.quota.window.size.seconds = 1
	controller.socket.timeout.ms = 30000
	create.topic.policy.class.name = null
	default.replication.factor = 1
	delegation.token.expiry.check.interval.ms = 3600000
	delegation.token.expiry.time.ms = 86400000
	delegation.token.master.key = null
	delegation.token.max.lifetime.ms = 604800000
	delegation.token.secret.key = null
	delete.records.purgatory.purge.interval.requests = 1
	delete.topic.enable = true
	early.start.listeners = null
	eligible.leader.replicas.enable = false
	fetch.max.bytes = 57671680
	fetch.purgatory.purge.interval.requests = 1000
	group.consumer.assignors = [org.apache.kafka.coordinator.group.assignor.UniformAssignor, org.apache.kafka.coordinator.group.assignor.RangeAssignor]
	group.consumer.heartbeat.interval.ms = 5000
	group.consumer.max.heartbeat.interval.ms = 15000
	group.consumer.max.session.timeout.ms = 60000
	group.consumer.max.size = 2147483647
	group.consumer.migration.policy = disabled
	group.consumer.min.heartbeat.interval.ms = 5000
	group.consumer.min.session.timeout.ms = 45000
	group.consumer.session.timeout.ms = 45000
	group.coordinator.append.linger.ms = 10
	group.coordinator.new.enable = false
	group.coordinator.rebalance.protocols = [classic]
	group.coordinator.threads = 1
	group.initial.rebalance.delay.ms = 0
	group.max.session.timeout.ms = 1800000
	group.max.size = 2147483647
	group.min.session.timeout.ms = 6000
	initial.broker.registration.timeout.ms = 60000
	inter.broker.listener.name = null
	inter.broker.protocol.version = 3.8-IV0
	kafka.metrics.polling.interval.secs = 10
	kafka.metrics.reporters = []
	leader.imbalance.check.interval.seconds = 300
	leader.imbalance.per.broker.percentage = 10
	listener.security.protocol.map = SASL_SSL:SASL_SSL,PLAINTEXT:PLAINTEXT,SSL:SSL,SASL_PLAINTEXT:SASL_PLAINTEXT
	listeners = PLAINTEXT://localhost:0
	log.cleaner.backoff.ms = 15000
	log.cleaner.dedupe.buffer.size = 2097152
	log.cleaner.delete.retention.ms = 86400000
	log.cleaner.enable = true
	log.cleaner.io.buffer.load.factor = 0.9
	log.cleaner.io.buffer.size = 524288
	log.cleaner.io.max.bytes.per.second = 1.7976931348623157E308
	log.cleaner.max.compaction.lag.ms = 9223372036854775807
	log.cleaner.min.cleanable.ratio = 0.5
	log.cleaner.min.compaction.lag.ms = 0
	log.cleaner.threads = 1
	log.cleanup.policy = [delete]
	log.dir = /tmp/EmbeddedKafkaCluster3024498146076714957
	log.dir.failure.timeout.ms = 30000
	log.dirs = null
	log.flush.interval.messages = 9223372036854775807
	log.flush.interval.ms = null
	log.flush.offset.checkpoint.interval.ms = 60000
	log.flush.scheduler.interval.ms = 9223372036854775807
	log.flush.start.offset.checkpoint.interval.ms = 60000
	log.index.interval.bytes = 4096
	log.index.size.max.bytes = 10485760
	log.initial.task.delay.ms = 30000
	log.local.retention.bytes = -2
	log.local.retention.ms = -2
	log.message.downconversion.enable = true
	log.message.format.version = 3.0-IV1
	log.message.timestamp.after.max.ms = 9223372036854775807
	log.message.timestamp.before.max.ms = 9223372036854775807
	log.message.timestamp.difference.max.ms = 9223372036854775807
	log.message.timestamp.type = CreateTime
	log.preallocate = false
	log.retention.bytes = -1
	log.retention.check.interval.ms = 300000
	log.retention.hours = 168
	log.retention.minutes = null
	log.retention.ms = null
	log.roll.hours = 168
	log.roll.jitter.hours = 0
	log.roll.jitter.ms = null
	log.roll.ms = null
	log.segment.bytes = 1073741824
	log.segment.delete.delay.ms = 60000
	max.connection.creation.rate = 2147483647
	max.connections = 2147483647
	max.connections.per.ip = 2147483647
	max.connections.per.ip.overrides = 
	max.incremental.fetch.session.cache.slots = 1000
	max.request.partition.size.limit = 2000
	message.max.bytes = 10485760
	metadata.log.dir = null
	metadata.log.max.record.bytes.between.snapshots = 20971520
	metadata.log.max.snapshot.interval.ms = 3600000
	metadata.log.segment.bytes = 1073741824
	metadata.log.segment.min.bytes = 8388608
	metadata.log.segment.ms = 604800000
	metadata.max.idle.interval.ms = 500
	metadata.max.retention.bytes = 104857600
	metadata.max.retention.ms = 604800000
	metric.reporters = []
	metrics.num.samples = 2
	metrics.recording.level = INFO
	metrics.sample.window.ms = 30000
	min.insync.replicas = 1
	node.id = 0
	num.io.threads = 8
	num.network.threads = 3
	num.partitions = 1
	num.recovery.threads.per.data.dir = 1
	num.replica.alter.log.dirs.threads = null
	num.replica.fetchers = 1
	offset.metadata.max.bytes = 4096
	offsets.commit.required.acks = -1
	offsets.commit.timeout.ms = 5000
	offsets.load.buffer.size = 5242880
	offsets.retention.check.interval.ms = 600000
	offsets.retention.minutes = 10080
	offsets.topic.compression.codec = 0
	offsets.topic.num.partitions = 50
	offsets.topic.replication.factor = 1
	offsets.topic.segment.bytes = 104857600
	password.encoder.cipher.algorithm = AES/CBC/PKCS5Padding
	password.encoder.iterations = 4096
	password.encoder.key.length = 128
	password.encoder.keyfactory.algorithm = null
	password.encoder.old.secret = null
	password.encoder.secret = null
	principal.builder.class = class org.apache.kafka.common.security.authenticator.DefaultKafkaPrincipalBuilder
	process.roles = []
	producer.id.expiration.check.interval.ms = 600000
	producer.id.expiration.ms = 86400000
	producer.purgatory.purge.interval.requests = 1000
	queued.max.request.bytes = -1
	queued.max.requests = 500
	quota.window.num = 11
	quota.window.size.seconds = 1
	remote.fetch.max.wait.ms = 500
	remote.log.index.file.cache.total.size.bytes = 1073741824
	remote.log.manager.copier.thread.pool.size = 10
	remote.log.manager.copy.max.bytes.per.second = 9223372036854775807
	remote.log.manager.copy.quota.window.num = 11
	remote.log.manager.copy.quota.window.size.seconds = 1
	remote.log.manager.expiration.thread.pool.size = 10
	remote.log.manager.fetch.max.bytes.per.second = 9223372036854775807
	remote.log.manager.fetch.quota.window.num = 11
	remote.log.manager.fetch.quota.window.size.seconds = 1
	remote.log.manager.task.interval.ms = 30000
	remote.log.manager.task.retry.backoff.max.ms = 30000
	remote.log.manager.task.retry.backoff.ms = 500
	remote.log.manager.task.retry.jitter = 0.2
	remote.log.manager.thread.pool.size = 10
	remote.log.metadata.custom.metadata.max.bytes = 128
	remote.log.metadata.manager.class.name = org.apache.kafka.server.log.remote.metadata.storage.TopicBasedRemoteLogMetadataManager
	remote.log.metadata.manager.class.path = null
	remote.log.metadata.manager.impl.prefix = rlmm.config.
	remote.log.metadata.manager.listener.name = null
	remote.log.reader.max.pending.tasks = 100
	remote.log.reader.threads = 10
	remote.log.storage.manager.class.name = null
	remote.log.storage.manager.class.path = null
	remote.log.storage.manager.impl.prefix = rsm.config.
	remote.log.storage.system.enable = false
	replica.fetch.backoff.ms = 1000
	replica.fetch.max.bytes = 1048576
	replica.fetch.min.bytes = 1
	replica.fetch.response.max.bytes = 10485760
	replica.fetch.wait.max.ms = 500
	replica.high.watermark.checkpoint.interval.ms = 5000
	replica.lag.time.max.ms = 30000
	replica.selector.class = null
	replica.socket.receive.buffer.bytes = 65536
	replica.socket.timeout.ms = 30000
	replication.quota.window.num = 11
	replication.quota.window.size.seconds = 1
	request.timeout.ms = 30000
	reserved.broker.max.id = 1000
	sasl.client.callback.handler.class = null
	sasl.enabled.mechanisms = [GSSAPI]
	sasl.jaas.config = null
	sasl.kerberos.kinit.cmd = /usr/bin/kinit
	sasl.kerberos.min.time.before.relogin = 60000
	sasl.kerberos.principal.to.local.rules = [DEFAULT]
	sasl.kerberos.service.name = null
	sasl.kerberos.ticket.renew.jitter = 0.05
	sasl.kerberos.ticket.renew.window.factor = 0.8
	sasl.login.callback.handler.class = null
	sasl.login.class = null
	sasl.login.connect.timeout.ms = null
	sasl.login.read.timeout.ms = null
	sasl.login.refresh.buffer.seconds = 300
	sasl.login.refresh.min.period.seconds = 60
	sasl.login.refresh.window.factor = 0.8
	sasl.login.refresh.window.jitter = 0.05
	sasl.login.retry.backoff.max.ms = 10000
	sasl.login.retry.backoff.ms = 100
	sasl.mechanism.controller.protocol = GSSAPI
	sasl.mechanism.inter.broker.protocol = GSSAPI
	sasl.oauthbearer.clock.skew.seconds = 30
	sasl.oauthbearer.expected.audience = null
	sasl.oauthbearer.expected.issuer = null
	sasl.oauthbearer.jwks.endpoint.refresh.ms = 3600000
	sasl.oauthbearer.jwks.endpoint.retry.backoff.max.ms = 10000
	sasl.oauthbearer.jwks.endpoint.retry.backoff.ms = 100
	sasl.oauthbearer.jwks.endpoint.url = null
	sasl.oauthbearer.scope.claim.name = scope
	sasl.oauthbearer.sub.claim.name = sub
	sasl.oauthbearer.token.endpoint.url = null
	sasl.server.callback.handler.class = null
	sasl.server.max.receive.size = 524288
	security.inter.broker.protocol = PLAINTEXT
	security.providers = null
	server.max.startup.time.ms = 9223372036854775807
	socket.connection.setup.timeout.max.ms = 30000
	socket.connection.setup.timeout.ms = 10000
	socket.listen.backlog.size = 50
	socket.receive.buffer.bytes = 102400
	socket.request.max.bytes = 104857600
	socket.send.buffer.bytes = 102400
	ssl.allow.dn.changes = false
	ssl.allow.san.changes = false
	ssl.cipher.suites = []
	ssl.client.auth = none
	ssl.enabled.protocols = [TLSv1.2, TLSv1.3]
	ssl.endpoint.identification.algorithm = https
	ssl.engine.factory.class = null
	ssl.key.password = null
	ssl.keymanager.algorithm = SunX509
	ssl.keystore.certificate.chain = null
	ssl.keystore.key = null
	ssl.keystore.location = null
	ssl.keystore.password = null
	ssl.keystore.type = JKS
	ssl.principal.mapping.rules = DEFAULT
	ssl.protocol = TLSv1.3
	ssl.provider = null
	ssl.secure.random.implementation = null
	ssl.trustmanager.algorithm = PKIX
	ssl.truststore.certificates = null
	ssl.truststore.location = null
	ssl.truststore.password = null
	ssl.truststore.type = JKS
	telemetry.max.bytes = 1048576
	transaction.abort.timed.out.transaction.cleanup.interval.ms = 10000
	transaction.max.timeout.ms = 900000
	transaction.partition.verification.enable = true
	transaction.remove.expired.transaction.cleanup.interval.ms = 3600000
	transaction.state.log.load.buffer.size = 5242880
	transaction.state.log.min.isr = 2
	transaction.state.log.num.partitions = 50
	transaction.state.log.replication.factor = 3
	transaction.state.log.segment.bytes = 104857600
	transactional.id.expiration.ms = 604800000
	unclean.leader.election.enable = false
	unstable.api.versions.enable = false
	unstable.feature.versions.enable = false
	zookeeper.clientCnxnSocket = null
	zookeeper.connect = 127.0.0.1:36947
	zookeeper.connection.timeout.ms = null
	zookeeper.max.in.flight.requests = 10
	zookeeper.metadata.migration.enable = false
	zookeeper.metadata.migration.min.batch.size = 200
	zookeeper.session.timeout.ms = 18000
	zookeeper.set.acl = false
	zookeeper.ssl.cipher.suites = null
	zookeeper.ssl.client.enable = false
	zookeeper.ssl.crl.enable = false
	zookeeper.ssl.enabled.protocols = null
	zookeeper.ssl.endpoint.identification.algorithm = HTTPS
	zookeeper.ssl.keystore.location = null
	zookeeper.ssl.keystore.password = null
	zookeeper.ssl.keystore.type = null
	zookeeper.ssl.ocsp.enable = false
	zookeeper.ssl.protocol = TLSv1.2
	zookeeper.ssl.truststore.location = null
	zookeeper.ssl.truststore.password = null
	zookeeper.ssl.truststore.type = null
 (kafka.server.KafkaConfig:372)
[2026-03-04 15:48:33,226] INFO RemoteLogManagerConfig values: 
	log.local.retention.bytes = -2
	log.local.retention.ms = -2
	remote.fetch.max.wait.ms = 500
	remote.log.index.file.cache.total.size.bytes = 1073741824
	remote.log.manager.copier.thread.pool.size = 10
	remote.log.manager.copy.max.bytes.per.second = 9223372036854775807
	remote.log.manager.copy.quota.window.num = 11
	remote.log.manager.copy.quota.window.size.seconds = 1
	remote.log.manager.expiration.thread.pool.size = 10
	remote.log.manager.fetch.max.bytes.per.second = 9223372036854775807
	remote.log.manager.fetch.quota.window.num = 11
	remote.log.manager.fetch.quota.window.size.seconds = 1
	remote.log.manager.task.interval.ms = 30000
	remote.log.manager.task.retry.backoff.max.ms = 30000
	remote.log.manager.task.retry.backoff.ms = 500
	remote.log.manager.task.retry.jitter = 0.2
	remote.log.manager.thread.pool.size = 10
	remote.log.metadata.custom.metadata.max.bytes = 128
	remote.log.metadata.manager.class.name = org.apache.kafka.server.log.remote.metadata.storage.TopicBasedRemoteLogMetadataManager
	remote.log.metadata.manager.class.path = null
	remote.log.metadata.manager.impl.prefix = rlmm.config.
	remote.log.metadata.manager.listener.name = null
	remote.log.reader.max.pending.tasks = 100
	remote.log.reader.threads = 10
	remote.log.storage.manager.class.name = null
	remote.log.storage.manager.class.path = null
	remote.log.storage.manager.impl.prefix = rsm.config.
	remote.log.storage.system.enable = false
 (org.apache.kafka.server.log.remote.storage.RemoteLogManagerConfig:372)
[2026-03-04 15:48:33,226] INFO starting (kafka.server.KafkaServer:66)
[2026-03-04 15:48:33,226] INFO Connecting to zookeeper on 127.0.0.1:36947 (kafka.server.KafkaServer:66)
[2026-03-04 15:48:33,227] INFO [ZooKeeperClient Kafka server] Initializing a new session to 127.0.0.1:36947. (kafka.zookeeper.ZooKeeperClient:66)
[2026-03-04 15:48:33,227] INFO [ZooKeeperClient Kafka server] Waiting until connected. (kafka.zookeeper.ZooKeeperClient:66)
[2026-03-04 15:48:33,227] INFO [ZooKeeperClient Kafka server] Connected. (kafka.zookeeper.ZooKeeperClient:66)
[2026-03-04 15:48:33,230] INFO Cluster ID = O0f4olPMSbKgz2FfinXZHg (kafka.server.KafkaServer:66)
[2026-03-04 15:48:33,230] INFO RemoteLogManagerConfig values: 
	log.local.retention.bytes = -2
	log.local.retention.ms = -2
	remote.fetch.max.wait.ms = 500
	remote.log.index.file.cache.total.size.bytes = 1073741824
	remote.log.manager.copier.thread.pool.size = 10
	remote.log.manager.copy.max.bytes.per.second = 9223372036854775807
	remote.log.manager.copy.quota.window.num = 11
	remote.log.manager.copy.quota.window.size.seconds = 1
	remote.log.manager.expiration.thread.pool.size = 10
	remote.log.manager.fetch.max.bytes.per.second = 9223372036854775807
	remote.log.manager.fetch.quota.window.num = 11
	remote.log.manager.fetch.quota.window.size.seconds = 1
	remote.log.manager.task.interval.ms = 30000
	remote.log.manager.task.retry.backoff.max.ms = 30000
	remote.log.manager.task.retry.backoff.ms = 500
	remote.log.manager.task.retry.jitter = 0.2
	remote.log.manager.thread.pool.size = 10
	remote.log.metadata.custom.metadata.max.bytes = 128
	remote.log.metadata.manager.class.name = org.apache.kafka.server.log.remote.metadata.storage.TopicBasedRemoteLogMetadataManager
	remote.log.metadata.manager.class.path = null
	remote.log.metadata.manager.impl.prefix = rlmm.config.
	remote.log.metadata.manager.listener.name = null
	remote.log.reader.max.pending.tasks = 100
	remote.log.reader.threads = 10
	remote.log.storage.manager.class.name = null
	remote.log.storage.manager.class.path = null
	remote.log.storage.manager.impl.prefix = rsm.config.
	remote.log.storage.system.enable = false
 (org.apache.kafka.server.log.remote.storage.RemoteLogManagerConfig:372)
[2026-03-04 15:48:33,231] INFO RemoteLogManagerConfig values: 
	log.local.retention.bytes = -2
	log.local.retention.ms = -2
	remote.fetch.max.wait.ms = 500
	remote.log.index.file.cache.total.size.bytes = 1073741824
	remote.log.manager.copier.thread.pool.size = 10
	remote.log.manager.copy.max.bytes.per.second = 9223372036854775807
	remote.log.manager.copy.quota.window.num = 11
	remote.log.manager.copy.quota.window.size.seconds = 1
	remote.log.manager.expiration.thread.pool.size = 10
	remote.log.manager.fetch.max.bytes.per.second = 9223372036854775807
	remote.log.manager.fetch.quota.window.num = 11
	remote.log.manager.fetch.quota.window.size.seconds = 1
	remote.log.manager.task.interval.ms = 30000
	remote.log.manager.task.retry.backoff.max.ms = 30000
	remote.log.manager.task.retry.backoff.ms = 500
	remote.log.manager.task.retry.jitter = 0.2
	remote.log.manager.thread.pool.size = 10
	remote.log.metadata.custom.metadata.max.bytes = 128
	remote.log.metadata.manager.class.name = org.apache.kafka.server.log.remote.metadata.storage.TopicBasedRemoteLogMetadataManager
	remote.log.metadata.manager.class.path = null
	remote.log.metadata.manager.impl.prefix = rlmm.config.
	remote.log.metadata.manager.listener.name = null
	remote.log.reader.max.pending.tasks = 100
	remote.log.reader.threads = 10
	remote.log.storage.manager.class.name = null
	remote.log.storage.manager.class.path = null
	remote.log.storage.manager.impl.prefix = rsm.config.
	remote.log.storage.system.enable = false
 (org.apache.kafka.server.log.remote.storage.RemoteLogManagerConfig:372)
[2026-03-04 15:48:33,231] INFO KafkaConfig values: 
	advertised.listeners = null
	alter.config.policy.class.name = null
	alter.log.dirs.replication.quota.window.num = 11
	alter.log.dirs.replication.quota.window.size.seconds = 1
	authorizer.class.name = 
	auto.create.topics.enable = false
	auto.include.jmx.reporter = true
	auto.leader.rebalance.enable = true
	background.threads = 10
	broker.heartbeat.interval.ms = 2000
	broker.id = 0
	broker.id.generation.enable = true
	broker.rack = null
	broker.session.timeout.ms = 9000
	client.quota.callback.class = null
	compression.gzip.level = -1
	compression.lz4.level = 9
	compression.type = producer
	compression.zstd.level = 3
	connection.failed.authentication.delay.ms = 100
	connections.max.idle.ms = 600000
	connections.max.reauth.ms = 0
	control.plane.listener.name = null
	controlled.shutdown.enable = true
	controlled.shutdown.max.retries = 3
	controlled.shutdown.retry.backoff.ms = 5000
	controller.listener.names = null
	controller.quorum.append.linger.ms = 25
	controller.quorum.bootstrap.servers = []
	controller.quorum.election.backoff.max.ms = 1000
	controller.quorum.election.timeout.ms = 1000
	controller.quorum.fetch.timeout.ms = 2000
	controller.quorum.request.timeout.ms = 2000
	controller.quorum.retry.backoff.ms = 20
	controller.quorum.voters = []
	controller.quota.window.num = 11
	controller.quota.window.size.seconds = 1
	controller.socket.timeout.ms = 30000
	create.topic.policy.class.name = null
	default.replication.factor = 1
	delegation.token.expiry.check.interval.ms = 3600000
	delegation.token.expiry.time.ms = 86400000
	delegation.token.master.key = null
	delegation.token.max.lifetime.ms = 604800000
	delegation.token.secret.key = null
	delete.records.purgatory.purge.interval.requests = 1
	delete.topic.enable = true
	early.start.listeners = null
	eligible.leader.replicas.enable = false
	fetch.max.bytes = 57671680
	fetch.purgatory.purge.interval.requests = 1000
	group.consumer.assignors = [org.apache.kafka.coordinator.group.assignor.UniformAssignor, org.apache.kafka.coordinator.group.assignor.RangeAssignor]
	group.consumer.heartbeat.interval.ms = 5000
	group.consumer.max.heartbeat.interval.ms = 15000
	group.consumer.max.session.timeout.ms = 60000
	group.consumer.max.size = 2147483647
	group.consumer.migration.policy = disabled
	group.consumer.min.heartbeat.interval.ms = 5000
	group.consumer.min.session.timeout.ms = 45000
	group.consumer.session.timeout.ms = 45000
	group.coordinator.append.linger.ms = 10
	group.coordinator.new.enable = false
	group.coordinator.rebalance.protocols = [classic]
	group.coordinator.threads = 1
	group.initial.rebalance.delay.ms = 0
	group.max.session.timeout.ms = 1800000
	group.max.size = 2147483647
	group.min.session.timeout.ms = 6000
	initial.broker.registration.timeout.ms = 60000
	inter.broker.listener.name = null
	inter.broker.protocol.version = 3.8-IV0
	kafka.metrics.polling.interval.secs = 10
	kafka.metrics.reporters = []
	leader.imbalance.check.interval.seconds = 300
	leader.imbalance.per.broker.percentage = 10
	listener.security.protocol.map = SASL_SSL:SASL_SSL,PLAINTEXT:PLAINTEXT,SSL:SSL,SASL_PLAINTEXT:SASL_PLAINTEXT
	listeners = PLAINTEXT://localhost:0
	log.cleaner.backoff.ms = 15000
	log.cleaner.dedupe.buffer.size = 2097152
	log.cleaner.delete.retention.ms = 86400000
	log.cleaner.enable = true
	log.cleaner.io.buffer.load.factor = 0.9
	log.cleaner.io.buffer.size = 524288
	log.cleaner.io.max.bytes.per.second = 1.7976931348623157E308
	log.cleaner.max.compaction.lag.ms = 9223372036854775807
	log.cleaner.min.cleanable.ratio = 0.5
	log.cleaner.min.compaction.lag.ms = 0
	log.cleaner.threads = 1
	log.cleanup.policy = [delete]
	log.dir = /tmp/EmbeddedKafkaCluster3024498146076714957
	log.dir.failure.timeout.ms = 30000
	log.dirs = null
	log.flush.interval.messages = 9223372036854775807
	log.flush.interval.ms = null
	log.flush.offset.checkpoint.interval.ms = 60000
	log.flush.scheduler.interval.ms = 9223372036854775807
	log.flush.start.offset.checkpoint.interval.ms = 60000
	log.index.interval.bytes = 4096
	log.index.size.max.bytes = 10485760
	log.initial.task.delay.ms = 30000
	log.local.retention.bytes = -2
	log.local.retention.ms = -2
	log.message.downconversion.enable = true
	log.message.format.version = 3.0-IV1
	log.message.timestamp.after.max.ms = 9223372036854775807
	log.message.timestamp.before.max.ms = 9223372036854775807
	log.message.timestamp.difference.max.ms = 9223372036854775807
	log.message.timestamp.type = CreateTime
	log.preallocate = false
	log.retention.bytes = -1
	log.retention.check.interval.ms = 300000
	log.retention.hours = 168
	log.retention.minutes = null
	log.retention.ms = null
	log.roll.hours = 168
	log.roll.jitter.hours = 0
	log.roll.jitter.ms = null
	log.roll.ms = null
	log.segment.bytes = 1073741824
	log.segment.delete.delay.ms = 60000
	max.connection.creation.rate = 2147483647
	max.connections = 2147483647
	max.connections.per.ip = 2147483647
	max.connections.per.ip.overrides = 
	max.incremental.fetch.session.cache.slots = 1000
	max.request.partition.size.limit = 2000
	message.max.bytes = 10485760
	metadata.log.dir = null
	metadata.log.max.record.bytes.between.snapshots = 20971520
	metadata.log.max.snapshot.interval.ms = 3600000
	metadata.log.segment.bytes = 1073741824
	metadata.log.segment.min.bytes = 8388608
	metadata.log.segment.ms = 604800000
	metadata.max.idle.interval.ms = 500
	metadata.max.retention.bytes = 104857600
	metadata.max.retention.ms = 604800000
	metric.reporters = []
	metrics.num.samples = 2
	metrics.recording.level = INFO
	metrics.sample.window.ms = 30000
	min.insync.replicas = 1
	node.id = 0
	num.io.threads = 8
	num.network.threads = 3
	num.partitions = 1
	num.recovery.threads.per.data.dir = 1
	num.replica.alter.log.dirs.threads = null
	num.replica.fetchers = 1
	offset.metadata.max.bytes = 4096
	offsets.commit.required.acks = -1
	offsets.commit.timeout.ms = 5000
	offsets.load.buffer.size = 5242880
	offsets.retention.check.interval.ms = 600000
	offsets.retention.minutes = 10080
	offsets.topic.compression.codec = 0
	offsets.topic.num.partitions = 50
	offsets.topic.replication.factor = 1
	offsets.topic.segment.bytes = 104857600
	password.encoder.cipher.algorithm = AES/CBC/PKCS5Padding
	password.encoder.iterations = 4096
	password.encoder.key.length = 128
	password.encoder.keyfactory.algorithm = null
	password.encoder.old.secret = null
	password.encoder.secret = null
	principal.builder.class = class org.apache.kafka.common.security.authenticator.DefaultKafkaPrincipalBuilder
	process.roles = []
	producer.id.expiration.check.interval.ms = 600000
	producer.id.expiration.ms = 86400000
	producer.purgatory.purge.interval.requests = 1000
	queued.max.request.bytes = -1
	queued.max.requests = 500
	quota.window.num = 11
	quota.window.size.seconds = 1
	remote.fetch.max.wait.ms = 500
	remote.log.index.file.cache.total.size.bytes = 1073741824
	remote.log.manager.copier.thread.pool.size = 10
	remote.log.manager.copy.max.bytes.per.second = 9223372036854775807
	remote.log.manager.copy.quota.window.num = 11
	remote.log.manager.copy.quota.window.size.seconds = 1
	remote.log.manager.expiration.thread.pool.size = 10
	remote.log.manager.fetch.max.bytes.per.second = 9223372036854775807
	remote.log.manager.fetch.quota.window.num = 11
	remote.log.manager.fetch.quota.window.size.seconds = 1
	remote.log.manager.task.interval.ms = 30000
	remote.log.manager.task.retry.backoff.max.ms = 30000
	remote.log.manager.task.retry.backoff.ms = 500
	remote.log.manager.task.retry.jitter = 0.2
	remote.log.manager.thread.pool.size = 10
	remote.log.metadata.custom.metadata.max.bytes = 128
	remote.log.metadata.manager.class.name = org.apache.kafka.server.log.remote.metadata.storage.TopicBasedRemoteLogMetadataManager
	remote.log.metadata.manager.class.path = null
	remote.log.metadata.manager.impl.prefix = rlmm.config.
	remote.log.metadata.manager.listener.name = null
	remote.log.reader.max.pending.tasks = 100
	remote.log.reader.threads = 10
	remote.log.storage.manager.class.name = null
	remote.log.storage.manager.class.path = null
	remote.log.storage.manager.impl.prefix = rsm.config.
	remote.log.storage.system.enable = false
	replica.fetch.backoff.ms = 1000
	replica.fetch.max.bytes = 1048576
	replica.fetch.min.bytes = 1
	replica.fetch.response.max.bytes = 10485760
	replica.fetch.wait.max.ms = 500
	replica.high.watermark.checkpoint.interval.ms = 5000
	replica.lag.time.max.ms = 30000
	replica.selector.class = null
	replica.socket.receive.buffer.bytes = 65536
	replica.socket.timeout.ms = 30000
	replication.quota.window.num = 11
	replication.quota.window.size.seconds = 1
	request.timeout.ms = 30000
	reserved.broker.max.id = 1000
	sasl.client.callback.handler.class = null
	sasl.enabled.mechanisms = [GSSAPI]
	sasl.jaas.config = null
	sasl.kerberos.kinit.cmd = /usr/bin/kinit
	sasl.kerberos.min.time.before.relogin = 60000
	sasl.kerberos.principal.to.local.rules = [DEFAULT]
	sasl.kerberos.service.name = null
	sasl.kerberos.ticket.renew.jitter = 0.05
	sasl.kerberos.ticket.renew.window.factor = 0.8
	sasl.login.callback.handler.class = null
	sasl.login.class = null
	sasl.login.connect.timeout.ms = null
	sasl.login.read.timeout.ms = null
	sasl.login.refresh.buffer.seconds = 300
	sasl.login.refresh.min.period.seconds = 60
	sasl.login.refresh.window.factor = 0.8
	sasl.login.refresh.window.jitter = 0.05
	sasl.login.retry.backoff.max.ms = 10000
	sasl.login.retry.backoff.ms = 100
	sasl.mechanism.controller.protocol = GSSAPI
	sasl.mechanism.inter.broker.protocol = GSSAPI
	sasl.oauthbearer.clock.skew.seconds = 30
	sasl.oauthbearer.expected.audience = null
	sasl.oauthbearer.expected.issuer = null
	sasl.oauthbearer.jwks.endpoint.refresh.ms = 3600000
	sasl.oauthbearer.jwks.endpoint.retry.backoff.max.ms = 10000
	sasl.oauthbearer.jwks.endpoint.retry.backoff.ms = 100
	sasl.oauthbearer.jwks.endpoint.url = null
	sasl.oauthbearer.scope.claim.name = scope
	sasl.oauthbearer.sub.claim.name = sub
	sasl.oauthbearer.token.endpoint.url = null
	sasl.server.callback.handler.class = null
	sasl.server.max.receive.size = 524288
	security.inter.broker.protocol = PLAINTEXT
	security.providers = null
	server.max.startup.time.ms = 9223372036854775807
	socket.connection.setup.timeout.max.ms = 30000
	socket.connection.setup.timeout.ms = 10000
	socket.listen.backlog.size = 50
	socket.receive.buffer.bytes = 102400
	socket.request.max.bytes = 104857600
	socket.send.buffer.bytes = 102400
	ssl.allow.dn.changes = false
	ssl.allow.san.changes = false
	ssl.cipher.suites = []
	ssl.client.auth = none
	ssl.enabled.protocols = [TLSv1.2, TLSv1.3]
	ssl.endpoint.identification.algorithm = https
	ssl.engine.factory.class = null
	ssl.key.password = null
	ssl.keymanager.algorithm = SunX509
	ssl.keystore.certificate.chain = null
	ssl.keystore.key = null
	ssl.keystore.location = null
	ssl.keystore.password = null
	ssl.keystore.type = JKS
	ssl.principal.mapping.rules = DEFAULT
	ssl.protocol = TLSv1.3
	ssl.provider = null
	ssl.secure.random.implementation = null
	ssl.trustmanager.algorithm = PKIX
	ssl.truststore.certificates = null
	ssl.truststore.location = null
	ssl.truststore.password = null
	ssl.truststore.type = JKS
	telemetry.max.bytes = 1048576
	transaction.abort.timed.out.transaction.cleanup.interval.ms = 10000
	transaction.max.timeout.ms = 900000
	transaction.partition.verification.enable = true
	transaction.remove.expired.transaction.cleanup.interval.ms = 3600000
	transaction.state.log.load.buffer.size = 5242880
	transaction.state.log.min.isr = 2
	transaction.state.log.num.partitions = 50
	transaction.state.log.replication.factor = 3
	transaction.state.log.segment.bytes = 104857600
	transactional.id.expiration.ms = 604800000
	unclean.leader.election.enable = false
	unstable.api.versions.enable = false
	unstable.feature.versions.enable = false
	zookeeper.clientCnxnSocket = null
	zookeeper.connect = 127.0.0.1:36947
	zookeeper.connection.timeout.ms = null
	zookeeper.max.in.flight.requests = 10
	zookeeper.metadata.migration.enable = false
	zookeeper.metadata.migration.min.batch.size = 200
	zookeeper.session.timeout.ms = 18000
	zookeeper.set.acl = false
	zookeeper.ssl.cipher.suites = null
	zookeeper.ssl.client.enable = false
	zookeeper.ssl.crl.enable = false
	zookeeper.ssl.enabled.protocols = null
	zookeeper.ssl.endpoint.identification.algorithm = HTTPS
	zookeeper.ssl.keystore.location = null
	zookeeper.ssl.keystore.password = null
	zookeeper.ssl.keystore.type = null
	zookeeper.ssl.ocsp.enable = false
	zookeeper.ssl.protocol = TLSv1.2
	zookeeper.ssl.truststore.location = null
	zookeeper.ssl.truststore.password = null
	zookeeper.ssl.truststore.type = null
 (kafka.server.KafkaConfig:372)
[2026-03-04 15:48:33,232] INFO RemoteLogManagerConfig values: 
	log.local.retention.bytes = -2
	log.local.retention.ms = -2
	remote.fetch.max.wait.ms = 500
	remote.log.index.file.cache.total.size.bytes = 1073741824
	remote.log.manager.copier.thread.pool.size = 10
	remote.log.manager.copy.max.bytes.per.second = 9223372036854775807
	remote.log.manager.copy.quota.window.num = 11
	remote.log.manager.copy.quota.window.size.seconds = 1
	remote.log.manager.expiration.thread.pool.size = 10
	remote.log.manager.fetch.max.bytes.per.second = 9223372036854775807
	remote.log.manager.fetch.quota.window.num = 11
	remote.log.manager.fetch.quota.window.size.seconds = 1
	remote.log.manager.task.interval.ms = 30000
	remote.log.manager.task.retry.backoff.max.ms = 30000
	remote.log.manager.task.retry.backoff.ms = 500
	remote.log.manager.task.retry.jitter = 0.2
	remote.log.manager.thread.pool.size = 10
	remote.log.metadata.custom.metadata.max.bytes = 128
	remote.log.metadata.manager.class.name = org.apache.kafka.server.log.remote.metadata.storage.TopicBasedRemoteLogMetadataManager
	remote.log.metadata.manager.class.path = null
	remote.log.metadata.manager.impl.prefix = rlmm.config.
	remote.log.metadata.manager.listener.name = null
	remote.log.reader.max.pending.tasks = 100
	remote.log.reader.threads = 10
	remote.log.storage.manager.class.name = null
	remote.log.storage.manager.class.path = null
	remote.log.storage.manager.impl.prefix = rsm.config.
	remote.log.storage.system.enable = false
 (org.apache.kafka.server.log.remote.storage.RemoteLogManagerConfig:372)
[2026-03-04 15:48:33,234] INFO [ThrottledChannelReaper-Fetch]: Starting (kafka.server.ClientQuotaManager$ThrottledChannelReaper:132)
[2026-03-04 15:48:33,234] INFO [ThrottledChannelReaper-Produce]: Starting (kafka.server.ClientQuotaManager$ThrottledChannelReaper:132)
[2026-03-04 15:48:33,234] INFO [ThrottledChannelReaper-Request]: Starting (kafka.server.ClientQuotaManager$ThrottledChannelReaper:132)
[2026-03-04 15:48:33,234] INFO [KafkaServer id=0] Rewriting /tmp/EmbeddedKafkaCluster3024498146076714957/meta.properties (kafka.server.KafkaServer:66)
[2026-03-04 15:48:33,234] INFO [ThrottledChannelReaper-ControllerMutation]: Starting (kafka.server.ClientQuotaManager$ThrottledChannelReaper:132)
[2026-03-04 15:48:33,234] INFO Loading logs from log dirs ArrayBuffer(/tmp/EmbeddedKafkaCluster3024498146076714957) (kafka.log.LogManager:66)
[2026-03-04 15:48:33,235] INFO No logs found to be loaded in /tmp/EmbeddedKafkaCluster3024498146076714957 (kafka.log.LogManager:66)
[2026-03-04 15:48:33,235] INFO Loaded 0 logs in 0ms (kafka.log.LogManager:66)
[2026-03-04 15:48:33,235] INFO Starting log cleanup with a period of 300000 ms. (kafka.log.LogManager:66)
[2026-03-04 15:48:33,235] INFO Starting log flusher with a default period of 9223372036854775807 ms. (kafka.log.LogManager:66)
[2026-03-04 15:48:33,235] INFO Starting the log cleaner (kafka.log.LogCleaner:66)
[2026-03-04 15:48:33,235] INFO [kafka-log-cleaner-thread-0]: Starting (kafka.log.LogCleaner$CleanerThread:132)
[2026-03-04 15:48:33,235] INFO [feature-zk-node-event-process-thread]: Starting (kafka.server.FinalizedFeatureChangeListener$ChangeNotificationProcessorThread:132)
[2026-03-04 15:48:33,236] INFO Feature ZK node at path: /feature does not exist (kafka.server.FinalizedFeatureChangeListener:66)
[2026-03-04 15:48:33,236] INFO [zk-broker-0-to-controller-forwarding-channel-manager]: Starting (kafka.server.NodeToControllerRequestThread:132)
[2026-03-04 15:48:33,238] INFO Updated connection-accept-rate max connection creation rate to 2147483647 (kafka.network.ConnectionQuotas:66)
[2026-03-04 15:48:33,239] INFO Awaiting socket connections on localhost:39731. (kafka.network.DataPlaneAcceptor:66)
[2026-03-04 15:48:33,239] INFO Opened wildcard endpoint localhost:39731 (kafka.network.DataPlaneAcceptor:66)
[2026-03-04 15:48:33,239] INFO [SocketServer listenerType=ZK_BROKER, nodeId=0] Created data-plane acceptor and processors for endpoint : ListenerName(PLAINTEXT) (kafka.network.SocketServer:66)
[2026-03-04 15:48:33,239] INFO [zk-broker-0-to-controller-alter-partition-channel-manager]: Starting (kafka.server.NodeToControllerRequestThread:132)
[2026-03-04 15:48:33,239] INFO [ExpirationReaper-0-Produce]: Starting (kafka.server.DelayedOperationPurgatory$ExpiredOperationReaper:132)
[2026-03-04 15:48:33,239] INFO [ExpirationReaper-0-Fetch]: Starting (kafka.server.DelayedOperationPurgatory$ExpiredOperationReaper:132)
[2026-03-04 15:48:33,240] INFO [ExpirationReaper-0-DeleteRecords]: Starting (kafka.server.DelayedOperationPurgatory$ExpiredOperationReaper:132)
[2026-03-04 15:48:33,240] INFO [ExpirationReaper-0-ElectLeader]: Starting (kafka.server.DelayedOperationPurgatory$ExpiredOperationReaper:132)
[2026-03-04 15:48:33,240] INFO [ExpirationReaper-0-RemoteFetch]: Starting (kafka.server.DelayedOperationPurgatory$ExpiredOperationReaper:132)
[2026-03-04 15:48:33,240] INFO [LogDirFailureHandler]: Starting (kafka.server.ReplicaManager$LogDirFailureHandler:132)
[2026-03-04 15:48:33,240] INFO [AddPartitionsToTxnSenderThread-0]: Starting (kafka.server.AddPartitionsToTxnManager:132)
[2026-03-04 15:48:33,240] INFO Creating /brokers/ids/0 (is it secure? false) (kafka.zk.KafkaZkClient:66)
[2026-03-04 15:48:33,241] INFO Stat of the created znode at /brokers/ids/0 is: 25,25,1772619513240,1772619513240,1,0,0,72057917134274560,204,0,25
 (kafka.zk.KafkaZkClient:66)
[2026-03-04 15:48:33,241] INFO Registered broker 0 at path /brokers/ids/0 with addresses: PLAINTEXT://localhost:39731, czxid (broker epoch): 25 (kafka.zk.KafkaZkClient:66)
[2026-03-04 15:48:33,241] INFO [ControllerEventThread controllerId=0] Starting (kafka.controller.ControllerEventManager$ControllerEventThread:132)
[2026-03-04 15:48:33,241] INFO [ExpirationReaper-0-topic]: Starting (kafka.server.DelayedOperationPurgatory$ExpiredOperationReaper:132)
[2026-03-04 15:48:33,241] INFO [ExpirationReaper-0-Heartbeat]: Starting (kafka.server.DelayedOperationPurgatory$ExpiredOperationReaper:132)
[2026-03-04 15:48:33,241] INFO [GroupCoordinator 0]: Starting up. (kafka.coordinator.group.GroupCoordinator:66)
[2026-03-04 15:48:33,241] INFO [ExpirationReaper-0-Rebalance]: Starting (kafka.server.DelayedOperationPurgatory$ExpiredOperationReaper:132)
[2026-03-04 15:48:33,241] INFO Successfully created /controller_epoch with initial epoch 0 (kafka.zk.KafkaZkClient:66)
[2026-03-04 15:48:33,242] INFO [GroupCoordinator 0]: Startup complete. (kafka.coordinator.group.GroupCoordinator:66)
[2026-03-04 15:48:33,242] INFO [TransactionCoordinator id=0] Starting up. (kafka.coordinator.transaction.TransactionCoordinator:66)
[2026-03-04 15:48:33,242] INFO [Controller id=0] 0 successfully elected as the controller. Epoch incremented to 1 and epoch zk version is now 1 (kafka.controller.KafkaController:66)
[2026-03-04 15:48:33,242] INFO [TransactionCoordinator id=0] Startup complete. (kafka.coordinator.transaction.TransactionCoordinator:66)
[2026-03-04 15:48:33,242] INFO [TxnMarkerSenderThread-0]: Starting (kafka.coordinator.transaction.TransactionMarkerChannelManager:132)
[2026-03-04 15:48:33,242] INFO [Controller id=0] Creating FeatureZNode at path: /feature with contents: FeatureZNode(2,Enabled,Map()) (kafka.controller.KafkaController:66)
[2026-03-04 15:48:33,242] INFO Feature ZK node created at path: /feature (kafka.server.FinalizedFeatureChangeListener:66)
[2026-03-04 15:48:33,242] INFO [ExpirationReaper-0-AlterAcls]: Starting (kafka.server.DelayedOperationPurgatory$ExpiredOperationReaper:132)
[2026-03-04 15:48:33,243] INFO [Controller id=0] Registering handlers (kafka.controller.KafkaController:66)
[2026-03-04 15:48:33,243] INFO [MetadataCache brokerId=0] Updated cache from existing None to latest Features(metadataVersion=3.8-IV0, finalizedFeatures={}, finalizedFeaturesEpoch=0). (kafka.server.metadata.ZkMetadataCache:66)
[2026-03-04 15:48:33,243] INFO [Controller id=0] Deleting log dir event notifications (kafka.controller.KafkaController:66)
[2026-03-04 15:48:33,243] INFO [Controller id=0] Deleting isr change notifications (kafka.controller.KafkaController:66)
[2026-03-04 15:48:33,243] INFO [Controller id=0] Initializing controller context (kafka.controller.KafkaController:66)
[2026-03-04 15:48:33,243] INFO [/config/changes-event-process-thread]: Starting (kafka.common.ZkNodeChangeNotificationListener$ChangeEventProcessThread:132)
[2026-03-04 15:48:33,244] INFO [Controller id=0] Initialized broker epochs cache: Map(0 -> 25) (kafka.controller.KafkaController:66)
[2026-03-04 15:48:33,244] INFO [SocketServer listenerType=ZK_BROKER, nodeId=0] Enabling request processing. (kafka.network.SocketServer:66)
[2026-03-04 15:48:33,244] INFO [KafkaServer id=0] Start processing authorizer futures (kafka.server.KafkaServer:66)
[2026-03-04 15:48:33,244] INFO [KafkaServer id=0] End processing authorizer futures (kafka.server.KafkaServer:66)
[2026-03-04 15:48:33,244] INFO [KafkaServer id=0] Start processing enable request processing future (kafka.server.KafkaServer:66)
[2026-03-04 15:48:33,244] INFO [KafkaServer id=0] End processing enable request processing future (kafka.server.KafkaServer:66)
[2026-03-04 15:48:33,244] INFO Kafka version: 3.8.1 (org.apache.kafka.common.utils.AppInfoParser:124)
[2026-03-04 15:48:33,244] INFO Kafka commitId: 70d6ff42debf7e17 (org.apache.kafka.common.utils.AppInfoParser:125)
[2026-03-04 15:48:33,244] INFO [Controller id=0] Currently active brokers in the cluster: Set(0) (kafka.controller.KafkaController:66)
[2026-03-04 15:48:33,244] INFO Kafka startTimeMs: 1772619513244 (org.apache.kafka.common.utils.AppInfoParser:126)
[2026-03-04 15:48:33,244] INFO [RequestSendThread controllerId=0] Starting (kafka.controller.RequestSendThread:132)
[2026-03-04 15:48:33,244] INFO [Controller id=0] Currently shutting brokers in the cluster: Set() (kafka.controller.KafkaController:66)
[2026-03-04 15:48:33,244] INFO [KafkaServer id=0] started (kafka.server.KafkaServer:66)
[2026-03-04 15:48:33,244] INFO [Controller id=0] Current list of topics in the cluster: Set() (kafka.controller.KafkaController:66)
[2026-03-04 15:48:33,244] INFO [Controller id=0] Fetching topic deletions in progress (kafka.controller.KafkaController:66)
[2026-03-04 15:48:33,244] INFO [Controller id=0] List of topics to be deleted:  (kafka.controller.KafkaController:66)
[2026-03-04 15:48:33,244] INFO [Controller id=0] List of topics ineligible for deletion:  (kafka.controller.KafkaController:66)
[2026-03-04 15:48:33,244] INFO [Controller id=0] Initializing topic deletion manager (kafka.controller.KafkaController:66)
[2026-03-04 15:48:33,244] INFO [Topic Deletion Manager 0] Initializing manager with initial deletions: Set(), initial ineligible deletions: Set() (kafka.controller.TopicDeletionManager:66)
[2026-03-04 15:48:33,244] INFO ProducerConfig values: 
	acks = -1
	auto.include.jmx.reporter = true
	batch.size = 16384
	bootstrap.servers = [localhost:39731]
	buffer.memory = 33554432
	client.dns.lookup = use_all_dns_ips
	client.id = producer-7
	compression.gzip.level = -1
	compression.lz4.level = 9
	compression.type = none
	compression.zstd.level = 3
	connections.max.idle.ms = 540000
	delivery.timeout.ms = 120000
	enable.idempotence = true
	enable.metrics.push = true
	interceptor.classes = []
	key.serializer = class org.apache.kafka.common.serialization.ByteArraySerializer
	linger.ms = 0
	max.block.ms = 60000
	max.in.flight.requests.per.connection = 5
	max.request.size = 1048576
	metadata.max.age.ms = 300000
	metadata.max.idle.ms = 300000
	metadata.recovery.strategy = none
	metric.reporters = []
	metrics.num.samples = 2
	metrics.recording.level = INFO
	metrics.sample.window.ms = 30000
	partitioner.adaptive.partitioning.enable = true
	partitioner.availability.timeout.ms = 0
	partitioner.class = null
	partitioner.ignore.keys = false
	receive.buffer.bytes = 32768
	reconnect.backoff.max.ms = 1000
	reconnect.backoff.ms = 50
	request.timeout.ms = 30000
	retries = 2147483647
	retry.backoff.max.ms = 1000
	retry.backoff.ms = 100
	sasl.client.callback.handler.class = null
	sasl.jaas.config = null
	sasl.kerberos.kinit.cmd = /usr/bin/kinit
	sasl.kerberos.min.time.before.relogin = 60000
	sasl.kerberos.service.name = null
	sasl.kerberos.ticket.renew.jitter = 0.05
	sasl.kerberos.ticket.renew.window.factor = 0.8
	sasl.login.callback.handler.class = null
	sasl.login.class = null
	sasl.login.connect.timeout.ms = null
	sasl.login.read.timeout.ms = null
	sasl.login.refresh.buffer.seconds = 300
	sasl.login.refresh.min.period.seconds = 60
	sasl.login.refresh.window.factor = 0.8
	sasl.login.refresh.window.jitter = 0.05
	sasl.login.retry.backoff.max.ms = 10000
	sasl.login.retry.backoff.ms = 100
	sasl.mechanism = GSSAPI
	sasl.oauthbearer.clock.skew.seconds = 30
	sasl.oauthbearer.expected.audience = null
	sasl.oauthbearer.expected.issuer = null
	sasl.oauthbearer.jwks.endpoint.refresh.ms = 3600000
	sasl.oauthbearer.jwks.endpoint.retry.backoff.max.ms = 10000
	sasl.oauthbearer.jwks.endpoint.retry.backoff.ms = 100
	sasl.oauthbearer.jwks.endpoint.url = null
	sasl.oauthbearer.scope.claim.name = scope
	sasl.oauthbearer.sub.claim.name = sub
	sasl.oauthbearer.token.endpoint.url = null
	security.protocol = PLAINTEXT
	security.providers = null
	send.buffer.bytes = 131072
	socket.connection.setup.timeout.max.ms = 30000
	socket.connection.setup.timeout.ms = 10000
	ssl.cipher.suites = null
	ssl.enabled.protocols = [TLSv1.2, TLSv1.3]
	ssl.endpoint.identification.algorithm = https
	ssl.engine.factory.class = null
	ssl.key.password = null
	ssl.keymanager.algorithm = SunX509
	ssl.keystore.certificate.chain = null
	ssl.keystore.key = null
	ssl.keystore.location = null
	ssl.keystore.password = null
	ssl.keystore.type = JKS
	ssl.protocol = TLSv1.3
	ssl.provider = null
	ssl.secure.random.implementation = null
	ssl.trustmanager.algorithm = PKIX
	ssl.truststore.certificates = null
	ssl.truststore.location = null
	ssl.truststore.password = null
	ssl.truststore.type = JKS
	transaction.timeout.ms = 60000
	transactional.id = null
	value.serializer = class org.apache.kafka.common.serialization.ByteArraySerializer
 (org.apache.kafka.clients.producer.ProducerConfig:372)
[2026-03-04 15:48:33,244] INFO [Controller id=0] Sending update metadata request (kafka.controller.KafkaController:66)
[2026-03-04 15:48:33,244] INFO [Controller id=0 epoch=1] Sending UpdateMetadata request to brokers Set(0) for 0 partitions (state.change.logger:66)
[2026-03-04 15:48:33,244] INFO initializing Kafka metrics collector (org.apache.kafka.common.telemetry.internals.KafkaMetricsCollector:269)
[2026-03-04 15:48:33,244] INFO [ReplicaStateMachine controllerId=0] Initializing replica state (kafka.controller.ZkReplicaStateMachine:66)
[2026-03-04 15:48:33,244] INFO [ReplicaStateMachine controllerId=0] Triggering online replica state changes (kafka.controller.ZkReplicaStateMachine:66)
[2026-03-04 15:48:33,244] INFO [ReplicaStateMachine controllerId=0] Triggering offline replica state changes (kafka.controller.ZkReplicaStateMachine:66)
[2026-03-04 15:48:33,245] INFO [PartitionStateMachine controllerId=0] Initializing partition state (kafka.controller.ZkPartitionStateMachine:66)
[2026-03-04 15:48:33,245] INFO [PartitionStateMachine controllerId=0] Triggering online partition state changes (kafka.controller.ZkPartitionStateMachine:66)
[2026-03-04 15:48:33,245] INFO [Producer clientId=producer-7] Instantiated an idempotent producer. (org.apache.kafka.clients.producer.KafkaProducer:621)
[2026-03-04 15:48:33,245] INFO [Controller id=0] Ready to serve as the new controller with epoch 1 (kafka.controller.KafkaController:66)
[2026-03-04 15:48:33,245] INFO [RequestSendThread controllerId=0] Controller 0 connected to localhost:39731 (id: 0 rack: null) for sending state change requests (kafka.controller.RequestSendThread:66)
[2026-03-04 15:48:33,245] INFO [Controller id=0] Partitions undergoing preferred replica election:  (kafka.controller.KafkaController:66)
[2026-03-04 15:48:33,245] INFO [Controller id=0] Partitions that completed preferred replica election:  (kafka.controller.KafkaController:66)
[2026-03-04 15:48:33,245] INFO [Controller id=0] Skipping preferred replica election for partitions due to topic deletion:  (kafka.controller.KafkaController:66)
[2026-03-04 15:48:33,245] INFO [Controller id=0] Resuming preferred replica election for partitions:  (kafka.controller.KafkaController:66)
[2026-03-04 15:48:33,245] INFO [Controller id=0] Starting replica leader election (PREFERRED) for partitions  triggered by ZkTriggered (kafka.controller.KafkaController:66)
[2026-03-04 15:48:33,245] INFO Kafka version: 3.8.1 (org.apache.kafka.common.utils.AppInfoParser:124)
[2026-03-04 15:48:33,245] INFO Kafka commitId: 70d6ff42debf7e17 (org.apache.kafka.common.utils.AppInfoParser:125)
[2026-03-04 15:48:33,245] INFO Kafka startTimeMs: 1772619513245 (org.apache.kafka.common.utils.AppInfoParser:126)
[2026-03-04 15:48:33,245] INFO Kafka Connect worker initializing ... (org.apache.kafka.connect.cli.AbstractConnectCli:114)
[2026-03-04 15:48:33,245] INFO [Controller id=0] Starting the controller scheduler (kafka.controller.KafkaController:66)
[2026-03-04 15:48:33,245] INFO WorkerInfo values: 
	jvm.args = 
	jvm.spec = Arch Linux, OpenJDK 64-Bit Server VM, 25.0.2, 25.0.2
	jvm.classpath = /home/killua/bq-sink/bigquery-connector-for-apache-kafka/kcbq-connector/target/test-classes:/home/killua/bq-sink/bigquery-connector-for-apache-kafka/kcbq-connector/target/classes:/home/killua/.m2/repository/io/aiven/commons/google-utils/1.1.0/google-utils-1.1.0.jar:/home/killua/.m2/repository/io/aiven/commons/system/1.1.0/system-1.1.0.jar:/home/killua/.m2/repository/org/apache/kafka/connect-api/3.8.1/connect-api-3.8.1.jar:/home/killua/.m2/repository/org/apache/kafka/kafka-clients/3.8.1/kafka-clients-3.8.1.jar:/home/killua/.m2/repository/javax/ws/rs/javax.ws.rs-api/2.1.1/javax.ws.rs-api-2.1.1.jar:/home/killua/.m2/repository/com/fasterxml/jackson/core/jackson-core/2.20.1/jackson-core-2.20.1.jar:/home/killua/.m2/repository/com/fasterxml/jackson/core/jackson-databind/2.20.1/jackson-databind-2.20.1.jar:/home/killua/.m2/repository/com/fasterxml/jackson/core/jackson-annotations/2.20/jackson-annotations-2.20.jar:/home/killua/.m2/repository/org/eclipse/jetty/jetty-server/9.4.56.v20240826/jetty-server-9.4.56.v20240826.jar:/home/killua/.m2/repository/javax/servlet/javax.servlet-api/3.1.0/javax.servlet-api-3.1.0.jar:/home/killua/.m2/repository/org/eclipse/jetty/jetty-http/9.4.56.v20240826/jetty-http-9.4.56.v20240826.jar:/home/killua/.m2/repository/org/eclipse/jetty/jetty-io/9.4.56.v20240826/jetty-io-9.4.56.v20240826.jar:/home/killua/.m2/repository/org/eclipse/jetty/jetty-servlet/9.4.56.v20240826/jetty-servlet-9.4.56.v20240826.jar:/home/killua/.m2/repository/org/eclipse/jetty/jetty-security/9.4.56.v20240826/jetty-security-9.4.56.v20240826.jar:/home/killua/.m2/repository/org/eclipse/jetty/jetty-util-ajax/9.4.56.v20240826/jetty-util-ajax-9.4.56.v20240826.jar:/home/killua/.m2/repository/org/eclipse/jetty/jetty-servlets/9.4.56.v20240826/jetty-servlets-9.4.56.v20240826.jar:/home/killua/.m2/repository/org/eclipse/jetty/jetty-continuation/9.4.56.v20240826/jetty-continuation-9.4.56.v20240826.jar:/home/killua/.m2/repository/org/eclipse/jetty/jetty-util/9.4.56.v20240826/jetty-util-9.4.56.v20240826.jar:/home/killua/.m2/repository/org/eclipse/jetty/jetty-client/9.4.56.v20240826/jetty-client-9.4.56.v20240826.jar:/home/killua/.m2/repository/org/slf4j/slf4j-api/1.7.26/slf4j-api-1.7.26.jar:/home/killua/.m2/repository/io/debezium/debezium-core/0.6.2/debezium-core-0.6.2.jar:/home/killua/.m2/repository/com/wepay/kcbq/kcbq-api/2.13.0-SNAPSHOT/kcbq-api-2.13.0-SNAPSHOT.jar:/home/killua/.m2/repository/org/junit/jupiter/junit-jupiter-engine/5.10.2/junit-jupiter-engine-5.10.2.jar:/home/killua/.m2/repository/org/junit/platform/junit-platform-engine/1.10.2/junit-platform-engine-1.10.2.jar:/home/killua/.m2/repository/org/apiguardian/apiguardian-api/1.1.2/apiguardian-api-1.1.2.jar:/home/killua/.m2/repository/org/junit/jupiter/junit-jupiter-api/5.10.2/junit-jupiter-api-5.10.2.jar:/home/killua/.m2/repository/org/opentest4j/opentest4j/1.3.0/opentest4j-1.3.0.jar:/home/killua/.m2/repository/org/junit/platform/junit-platform-commons/1.10.2/junit-platform-commons-1.10.2.jar:/home/killua/.m2/repository/org/junit/jupiter/junit-jupiter-params/5.10.2/junit-jupiter-params-5.10.2.jar:/home/killua/.m2/repository/org/mockito/mockito-core/5.20.0/mockito-core-5.20.0.jar:/home/killua/.m2/repository/net/bytebuddy/byte-buddy/1.17.7/byte-buddy-1.17.7.jar:/home/killua/.m2/repository/net/bytebuddy/byte-buddy-agent/1.17.7/byte-buddy-agent-1.17.7.jar:/home/killua/.m2/repository/org/objenesis/objenesis/3.3/objenesis-3.3.jar:/home/killua/.m2/repository/org/slf4j/slf4j-log4j12/1.7.26/slf4j-log4j12-1.7.26.jar:/home/killua/.m2/repository/log4j/log4j/1.2.17/log4j-1.2.17.jar:/home/killua/.m2/repository/org/apache/kafka/kafka_2.12/3.8.1/kafka_2.12-3.8.1.jar:/home/killua/.m2/repository/org/scala-lang/scala-library/2.12.19/scala-library-2.12.19.jar:/home/killua/.m2/repository/org/apache/kafka/kafka-server-common/3.8.1/kafka-server-common-3.8.1.jar:/home/killua/.m2/repository/org/pcollections/pcollections/4.0.1/pcollections-4.0.1.jar:/home/killua/.m2/repository/org/apache/kafka/kafka-group-coordinator-api/3.8.1/kafka-group-coordinator-api-3.8.1.jar:/home/killua/.m2/repository/org/apache/kafka/kafka-group-coordinator/3.8.1/kafka-group-coordinator-3.8.1.jar:/home/killua/.m2/repository/org/apache/kafka/kafka-transaction-coordinator/3.8.1/kafka-transaction-coordinator-3.8.1.jar:/home/killua/.m2/repository/org/apache/kafka/kafka-metadata/3.8.1/kafka-metadata-3.8.1.jar:/home/killua/.m2/repository/org/apache/kafka/kafka-storage-api/3.8.1/kafka-storage-api-3.8.1.jar:/home/killua/.m2/repository/org/apache/kafka/kafka-tools-api/3.8.1/kafka-tools-api-3.8.1.jar:/home/killua/.m2/repository/org/apache/kafka/kafka-raft/3.8.1/kafka-raft-3.8.1.jar:/home/killua/.m2/repository/org/apache/kafka/kafka-storage/3.8.1/kafka-storage-3.8.1.jar:/home/killua/.m2/repository/org/apache/kafka/kafka-server/3.8.1/kafka-server-3.8.1.jar:/home/killua/.m2/repository/net/sourceforge/argparse4j/argparse4j/0.7.0/argparse4j-0.7.0.jar:/home/killua/.m2/repository/commons-validator/commons-validator/1.7/commons-validator-1.7.jar:/home/killua/.m2/repository/commons-beanutils/commons-beanutils/1.9.4/commons-beanutils-1.9.4.jar:/home/killua/.m2/repository/commons-digester/commons-digester/2.1/commons-digester-2.1.jar:/home/killua/.m2/repository/commons-collections/commons-collections/3.2.2/commons-collections-3.2.2.jar:/home/killua/.m2/repository/com/fasterxml/jackson/module/jackson-module-scala_2.12/2.16.2/jackson-module-scala_2.12-2.16.2.jar:/home/killua/.m2/repository/com/thoughtworks/paranamer/paranamer/2.8/paranamer-2.8.jar:/home/killua/.m2/repository/com/fasterxml/jackson/dataformat/jackson-dataformat-csv/2.16.2/jackson-dataformat-csv-2.16.2.jar:/home/killua/.m2/repository/com/fasterxml/jackson/datatype/jackson-datatype-jdk8/2.16.2/jackson-datatype-jdk8-2.16.2.jar:/home/killua/.m2/repository/net/sf/jopt-simple/jopt-simple/5.0.4/jopt-simple-5.0.4.jar:/home/killua/.m2/repository/org/bitbucket/b_c/jose4j/0.9.4/jose4j-0.9.4.jar:/home/killua/.m2/repository/com/yammer/metrics/metrics-core/2.2.0/metrics-core-2.2.0.jar:/home/killua/.m2/repository/org/scala-lang/modules/scala-collection-compat_2.12/2.10.0/scala-collection-compat_2.12-2.10.0.jar:/home/killua/.m2/repository/org/scala-lang/modules/scala-java8-compat_2.12/1.0.2/scala-java8-compat_2.12-1.0.2.jar:/home/killua/.m2/repository/org/scala-lang/scala-reflect/2.12.19/scala-reflect-2.12.19.jar:/home/killua/.m2/repository/com/typesafe/scala-logging/scala-logging_2.12/3.9.4/scala-logging_2.12-3.9.4.jar:/home/killua/.m2/repository/commons-io/commons-io/2.14.0/commons-io-2.14.0.jar:/home/killua/.m2/repository/io/dropwizard/metrics/metrics-core/4.1.12.1/metrics-core-4.1.12.1.jar:/home/killua/.m2/repository/org/apache/zookeeper/zookeeper/3.8.4/zookeeper-3.8.4.jar:/home/killua/.m2/repository/org/apache/zookeeper/zookeeper-jute/3.8.4/zookeeper-jute-3.8.4.jar:/home/killua/.m2/repository/org/apache/yetus/audience-annotations/0.12.0/audience-annotations-0.12.0.jar:/home/killua/.m2/repository/io/netty/netty-handler/4.1.105.Final/netty-handler-4.1.105.Final.jar:/home/killua/.m2/repository/io/netty/netty-resolver/4.1.105.Final/netty-resolver-4.1.105.Final.jar:/home/killua/.m2/repository/io/netty/netty-transport-native-unix-common/4.1.105.Final/netty-transport-native-unix-common-4.1.105.Final.jar:/home/killua/.m2/repository/io/netty/netty-transport-native-epoll/4.1.105.Final/netty-transport-native-epoll-4.1.105.Final.jar:/home/killua/.m2/repository/io/netty/netty-transport-classes-epoll/4.1.105.Final/netty-transport-classes-epoll-4.1.105.Final.jar:/home/killua/.m2/repository/commons-cli/commons-cli/1.4/commons-cli-1.4.jar:/home/killua/.m2/repository/org/apache/kafka/kafka_2.12/3.8.1/kafka_2.12-3.8.1-test.jar:/home/killua/.m2/repository/org/apache/kafka/kafka-clients/3.8.1/kafka-clients-3.8.1-test.jar:/home/killua/.m2/repository/com/github/luben/zstd-jni/1.5.6-4/zstd-jni-1.5.6-4.jar:/home/killua/.m2/repository/org/lz4/lz4-java/1.8.0/lz4-java-1.8.0.jar:/home/killua/.m2/repository/org/xerial/snappy/snappy-java/1.1.10.5/snappy-java-1.1.10.5.jar:/home/killua/.m2/repository/org/apache/kafka/connect-runtime/3.8.1/connect-runtime-3.8.1.jar:/home/killua/.m2/repository/org/apache/kafka/connect-json/3.8.1/connect-json-3.8.1.jar:/home/killua/.m2/repository/com/fasterxml/jackson/module/jackson-module-afterburner/2.16.2/jackson-module-afterburner-2.16.2.jar:/home/killua/.m2/repository/org/apache/kafka/connect-transforms/3.8.1/connect-transforms-3.8.1.jar:/home/killua/.m2/repository/ch/qos/reload4j/reload4j/1.2.25/reload4j-1.2.25.jar:/home/killua/.m2/repository/com/fasterxml/jackson/jaxrs/jackson-jaxrs-json-provider/2.16.2/jackson-jaxrs-json-provider-2.16.2.jar:/home/killua/.m2/repository/com/fasterxml/jackson/jaxrs/jackson-jaxrs-base/2.16.2/jackson-jaxrs-base-2.16.2.jar:/home/killua/.m2/repository/com/fasterxml/jackson/module/jackson-module-jaxb-annotations/2.16.2/jackson-module-jaxb-annotations-2.16.2.jar:/home/killua/.m2/repository/jakarta/activation/jakarta.activation-api/1.2.2/jakarta.activation-api-1.2.2.jar:/home/killua/.m2/repository/org/glassfish/jersey/containers/jersey-container-servlet/2.39.1/jersey-container-servlet-2.39.1.jar:/home/killua/.m2/repository/org/glassfish/jersey/containers/jersey-container-servlet-core/2.39.1/jersey-container-servlet-core-2.39.1.jar:/home/killua/.m2/repository/org/glassfish/jersey/core/jersey-common/2.39.1/jersey-common-2.39.1.jar:/home/killua/.m2/repository/jakarta/annotation/jakarta.annotation-api/1.3.5/jakarta.annotation-api-1.3.5.jar:/home/killua/.m2/repository/org/glassfish/hk2/osgi-resource-locator/1.0.3/osgi-resource-locator-1.0.3.jar:/home/killua/.m2/repository/org/glassfish/jersey/core/jersey-server/2.39.1/jersey-server-2.39.1.jar:/home/killua/.m2/repository/org/glassfish/jersey/core/jersey-client/2.39.1/jersey-client-2.39.1.jar:/home/killua/.m2/repository/jakarta/ws/rs/jakarta.ws.rs-api/2.1.6/jakarta.ws.rs-api-2.1.6.jar:/home/killua/.m2/repository/org/glassfish/jersey/inject/jersey-hk2/2.39.1/jersey-hk2-2.39.1.jar:/home/killua/.m2/repository/org/glassfish/hk2/hk2-locator/2.6.1/hk2-locator-2.6.1.jar:/home/killua/.m2/repository/org/glassfish/hk2/external/aopalliance-repackaged/2.6.1/aopalliance-repackaged-2.6.1.jar:/home/killua/.m2/repository/org/glassfish/hk2/hk2-api/2.6.1/hk2-api-2.6.1.jar:/home/killua/.m2/repository/org/glassfish/hk2/hk2-utils/2.6.1/hk2-utils-2.6.1.jar:/home/killua/.m2/repository/org/javassist/javassist/3.29.0-GA/javassist-3.29.0-GA.jar:/home/killua/.m2/repository/javax/xml/bind/jaxb-api/2.3.1/jaxb-api-2.3.1.jar:/home/killua/.m2/repository/javax/activation/javax.activation-api/1.2.0/javax.activation-api-1.2.0.jar:/home/killua/.m2/repository/javax/activation/activation/1.1.1/activation-1.1.1.jar:/home/killua/.m2/repository/org/reflections/reflections/0.10.2/reflections-0.10.2.jar:/home/killua/.m2/repository/org/apache/maven/maven-artifact/3.9.6/maven-artifact-3.9.6.jar:/home/killua/.m2/repository/org/codehaus/plexus/plexus-utils/3.5.1/plexus-utils-3.5.1.jar:/home/killua/.m2/repository/org/apache/commons/commons-lang3/3.12.0/commons-lang3-3.12.0.jar:/home/killua/.m2/repository/io/swagger/core/v3/swagger-annotations/2.2.8/swagger-annotations-2.2.8.jar:/home/killua/.m2/repository/org/apache/kafka/connect-runtime/3.8.1/connect-runtime-3.8.1-test.jar:/home/killua/.m2/repository/io/confluent/kafka-schema-registry/7.9.5/kafka-schema-registry-7.9.5.jar:/home/killua/.m2/repository/io/confluent/kafka-schema-registry-client/7.9.5/kafka-schema-registry-client-7.9.5.jar:/home/killua/.m2/repository/org/yaml/snakeyaml/2.0/snakeyaml-2.0.jar:/home/killua/.m2/repository/io/confluent/kafka-json-schema-provider/7.9.5/kafka-json-schema-provider-7.9.5.jar:/home/killua/.m2/repository/com/github/erosb/everit-json-schema/1.14.6/everit-json-schema-1.14.6.jar:/home/killua/.m2/repository/com/damnhandy/handy-uri-templates/2.1.8/handy-uri-templates-2.1.8.jar:/home/killua/.m2/repository/com/github/erosb/json-sKema/0.24.0/json-sKema-0.24.0.jar:/home/killua/.m2/repository/com/sanctionco/jmail/jmail/2.0.1/jmail-2.0.1.jar:/home/killua/.m2/repository/com/fasterxml/jackson/datatype/jackson-datatype-guava/2.16.0/jackson-datatype-guava-2.16.0.jar:/home/killua/.m2/repository/com/fasterxml/jackson/datatype/jackson-datatype-joda/2.16.0/jackson-datatype-joda-2.16.0.jar:/home/killua/.m2/repository/joda-time/joda-time/2.10.14/joda-time-2.10.14.jar:/home/killua/.m2/repository/com/fasterxml/jackson/module/jackson-module-parameter-names/2.16.0/jackson-module-parameter-names-2.16.0.jar:/home/killua/.m2/repository/io/yokota/mbknor-jackson-jsonschema-java8/1.0.39.3/mbknor-jackson-jsonschema-java8-1.0.39.3.jar:/home/killua/.m2/repository/javax/validation/validation-api/2.0.1.Final/validation-api-2.0.1.Final.jar:/home/killua/.m2/repository/io/github/classgraph/classgraph/4.8.138/classgraph-4.8.138.jar:/home/killua/.m2/repository/org/jetbrains/kotlin/kotlin-stdlib/1.9.10/kotlin-stdlib-1.9.10.jar:/home/killua/.m2/repository/org/jetbrains/kotlin/kotlin-stdlib-common/1.9.10/kotlin-stdlib-common-1.9.10.jar:/home/killua/.m2/repository/org/jetbrains/annotations/13.0/annotations-13.0.jar:/home/killua/.m2/repository/org/jetbrains/kotlin/kotlin-scripting-jvm/1.9.10/kotlin-scripting-jvm-1.9.10.jar:/home/killua/.m2/repository/org/jetbrains/kotlin/kotlin-script-runtime/1.9.10/kotlin-script-runtime-1.9.10.jar:/home/killua/.m2/repository/org/jetbrains/kotlin/kotlin-scripting-common/1.9.10/kotlin-scripting-common-1.9.10.jar:/home/killua/.m2/repository/org/jetbrains/kotlin/kotlin-scripting-compiler-embeddable/1.9.10/kotlin-scripting-compiler-embeddable-1.9.10.jar:/home/killua/.m2/repository/org/jetbrains/kotlin/kotlin-scripting-compiler-impl-embeddable/1.9.10/kotlin-scripting-compiler-impl-embeddable-1.9.10.jar:/home/killua/.m2/repository/io/confluent/kafka-protobuf-provider/7.9.5/kafka-protobuf-provider-7.9.5.jar:/home/killua/.m2/repository/com/squareup/wire/wire-schema-jvm/5.1.0/wire-schema-jvm-5.1.0.jar:/home/killua/.m2/repository/com/squareup/javapoet/1.13.0/javapoet-1.13.0.jar:/home/killua/.m2/repository/com/squareup/kotlinpoet-jvm/1.18.1/kotlinpoet-jvm-1.18.1.jar:/home/killua/.m2/repository/org/jetbrains/kotlin/kotlin-reflect/2.0.0/kotlin-reflect-2.0.0.jar:/home/killua/.m2/repository/com/squareup/wire/wire-runtime-jvm/5.1.0/wire-runtime-jvm-5.1.0.jar:/home/killua/.m2/repository/com/squareup/okio/okio-jvm/3.4.0/okio-jvm-3.4.0.jar:/home/killua/.m2/repository/org/jetbrains/kotlin/kotlin-stdlib-jdk8/1.8.0/kotlin-stdlib-jdk8-1.8.0.jar:/home/killua/.m2/repository/org/jetbrains/kotlin/kotlin-stdlib-jdk7/1.8.0/kotlin-stdlib-jdk7-1.8.0.jar:/home/killua/.m2/repository/io/confluent/kafka-protobuf-types/7.9.5/kafka-protobuf-types-7.9.5.jar:/home/killua/.m2/repository/org/apache/kafka/kafka_2.13/7.9.5-ccs/kafka_2.13-7.9.5-ccs.jar:/home/killua/.m2/repository/com/fasterxml/jackson/module/jackson-module-scala_2.13/2.16.2/jackson-module-scala_2.13-2.16.2.jar:/home/killua/.m2/repository/org/scala-lang/modules/scala-collection-compat_2.13/2.10.0/scala-collection-compat_2.13-2.10.0.jar:/home/killua/.m2/repository/org/scala-lang/modules/scala-java8-compat_2.13/1.0.2/scala-java8-compat_2.13-1.0.2.jar:/home/killua/.m2/repository/com/typesafe/scala-logging/scala-logging_2.13/3.9.5/scala-logging_2.13-3.9.5.jar:/home/killua/.m2/repository/org/glassfish/jersey/ext/jersey-bean-validation/2.36/jersey-bean-validation-2.36.jar:/home/killua/.m2/repository/org/glassfish/hk2/external/jakarta.inject/2.6.1/jakarta.inject-2.6.1.jar:/home/killua/.m2/repository/jakarta/validation/jakarta.validation-api/2.0.2/jakarta.validation-api-2.0.2.jar:/home/killua/.m2/repository/org/hibernate/validator/hibernate-validator/6.2.0.Final/hibernate-validator-6.2.0.Final.jar:/home/killua/.m2/repository/org/jboss/logging/jboss-logging/3.4.1.Final/jboss-logging-3.4.1.Final.jar:/home/killua/.m2/repository/com/fasterxml/classmate/1.5.1/classmate-1.5.1.jar:/home/killua/.m2/repository/jakarta/el/jakarta.el-api/3.0.3/jakarta.el-api-3.0.3.jar:/home/killua/.m2/repository/org/glassfish/jakarta.el/3.0.4/jakarta.el-3.0.4.jar:/home/killua/.m2/repository/io/confluent/rest-utils/7.9.5/rest-utils-7.9.5.jar:/home/killua/.m2/repository/io/spiffe/java-spiffe-core/0.8.13/java-spiffe-core-0.8.13.jar:/home/killua/.m2/repository/com/nimbusds/nimbus-jose-jwt/10.3.1/nimbus-jose-jwt-10.3.1.jar:/home/killua/.m2/repository/io/spiffe/grpc-netty-linux/0.8.13/grpc-netty-linux-0.8.13.jar:/home/killua/.m2/repository/io/spiffe/grpc-netty-macos-aarch64/0.8.13/grpc-netty-macos-aarch64-0.8.13.jar:/home/killua/.m2/repository/io/grpc/grpc-netty/1.61.1/grpc-netty-1.61.1.jar:/home/killua/.m2/repository/io/netty/netty-codec-http2/4.1.100.Final/netty-codec-http2-4.1.100.Final.jar:/home/killua/.m2/repository/io/netty/netty-codec-http/4.1.100.Final/netty-codec-http-4.1.100.Final.jar:/home/killua/.m2/repository/io/netty/netty-handler-proxy/4.1.100.Final/netty-handler-proxy-4.1.100.Final.jar:/home/killua/.m2/repository/io/netty/netty-codec-socks/4.1.100.Final/netty-codec-socks-4.1.100.Final.jar:/home/killua/.m2/repository/io/netty/netty-transport-native-kqueue/4.2.2.Final/netty-transport-native-kqueue-4.2.2.Final-osx-aarch_64.jar:/home/killua/.m2/repository/io/netty/netty-transport-classes-kqueue/4.2.2.Final/netty-transport-classes-kqueue-4.2.2.Final.jar:/home/killua/.m2/repository/io/spiffe/java-spiffe-provider/0.8.13/java-spiffe-provider-0.8.13.jar:/home/killua/.m2/repository/org/eclipse/jetty/websocket/javax-websocket-server-impl/9.4.58.v20250814/javax-websocket-server-impl-9.4.58.v20250814.jar:/home/killua/.m2/repository/org/eclipse/jetty/jetty-annotations/9.4.58.v20250814/jetty-annotations-9.4.58.v20250814.jar:/home/killua/.m2/repository/org/eclipse/jetty/jetty-plus/9.4.58.v20250814/jetty-plus-9.4.58.v20250814.jar:/home/killua/.m2/repository/org/eclipse/jetty/jetty-jndi/9.4.58.v20250814/jetty-jndi-9.4.58.v20250814.jar:/home/killua/.m2/repository/org/eclipse/jetty/jetty-webapp/9.4.58.v20250814/jetty-webapp-9.4.58.v20250814.jar:/home/killua/.m2/repository/org/eclipse/jetty/jetty-xml/9.4.58.v20250814/jetty-xml-9.4.58.v20250814.jar:/home/killua/.m2/repository/org/ow2/asm/asm/9.7.1/asm-9.7.1.jar:/home/killua/.m2/repository/org/ow2/asm/asm-commons/9.7.1/asm-commons-9.7.1.jar:/home/killua/.m2/repository/org/ow2/asm/asm-tree/9.7.1/asm-tree-9.7.1.jar:/home/killua/.m2/repository/org/eclipse/jetty/websocket/javax-websocket-client-impl/9.4.58.v20250814/javax-websocket-client-impl-9.4.58.v20250814.jar:/home/killua/.m2/repository/org/eclipse/jetty/websocket/websocket-client/9.4.58.v20250814/websocket-client-9.4.58.v20250814.jar:/home/killua/.m2/repository/javax/websocket/javax.websocket-client-api/1.0/javax.websocket-client-api-1.0.jar:/home/killua/.m2/repository/org/eclipse/jetty/websocket/websocket-server/9.4.58.v20250814/websocket-server-9.4.58.v20250814.jar:/home/killua/.m2/repository/org/eclipse/jetty/websocket/websocket-common/9.4.58.v20250814/websocket-common-9.4.58.v20250814.jar:/home/killua/.m2/repository/org/eclipse/jetty/websocket/websocket-api/9.4.58.v20250814/websocket-api-9.4.58.v20250814.jar:/home/killua/.m2/repository/org/eclipse/jetty/websocket/websocket-servlet/9.4.58.v20250814/websocket-servlet-9.4.58.v20250814.jar:/home/killua/.m2/repository/javax/websocket/javax.websocket-api/1.0/javax.websocket-api-1.0.jar:/home/killua/.m2/repository/jakarta/xml/bind/jakarta.xml.bind-api/2.3.3/jakarta.xml.bind-api-2.3.3.jar:/home/killua/.m2/repository/org/eclipse/jetty/jetty-jmx/9.4.58.v20250814/jetty-jmx-9.4.58.v20250814.jar:/home/killua/.m2/repository/org/eclipse/jetty/http2/http2-server/9.4.58.v20250814/http2-server-9.4.58.v20250814.jar:/home/killua/.m2/repository/org/eclipse/jetty/http2/http2-common/9.4.58.v20250814/http2-common-9.4.58.v20250814.jar:/home/killua/.m2/repository/org/eclipse/jetty/http2/http2-hpack/9.4.58.v20250814/http2-hpack-9.4.58.v20250814.jar:/home/killua/.m2/repository/org/eclipse/jetty/jetty-alpn-server/9.4.58.v20250814/jetty-alpn-server-9.4.58.v20250814.jar:/home/killua/.m2/repository/org/eclipse/jetty/jetty-alpn-conscrypt-server/9.4.58.v20250814/jetty-alpn-conscrypt-server-9.4.58.v20250814.jar:/home/killua/.m2/repository/org/eclipse/jetty/jetty-jaas/9.4.58.v20250814/jetty-jaas-9.4.58.v20250814.jar:/home/killua/.m2/repository/org/apache/directory/api/api-ldap-model/2.1.5/api-ldap-model-2.1.5.jar:/home/killua/.m2/repository/org/apache/directory/api/api-asn1-ber/2.1.5/api-asn1-ber-2.1.5.jar:/home/killua/.m2/repository/org/apache/directory/api/api-i18n/2.1.5/api-i18n-2.1.5.jar:/home/killua/.m2/repository/org/apache/mina/mina-core/2.2.3/mina-core-2.2.3.jar:/home/killua/.m2/repository/org/apache/servicemix/bundles/org.apache.servicemix.bundles.antlr/2.7.7_5/org.apache.servicemix.bundles.antlr-2.7.7_5.jar:/home/killua/.m2/repository/org/apache/commons/commons-collections4/4.4/commons-collections4-4.4.jar:/home/killua/.m2/repository/org/apache/directory/api/api-util/2.1.5/api-util-2.1.5.jar:/home/killua/.m2/repository/org/apache/directory/api/api-asn1-api/2.1.5/api-asn1-api-2.1.5.jar:/home/killua/.m2/repository/io/github/resilience4j/resilience4j-ratelimiter/1.7.1/resilience4j-ratelimiter-1.7.1.jar:/home/killua/.m2/repository/io/vavr/vavr/0.10.2/vavr-0.10.2.jar:/home/killua/.m2/repository/io/vavr/vavr-match/0.10.2/vavr-match-0.10.2.jar:/home/killua/.m2/repository/io/github/resilience4j/resilience4j-core/1.7.1/resilience4j-core-1.7.1.jar:/home/killua/.m2/repository/org/slf4j/slf4j-reload4j/1.7.36/slf4j-reload4j-1.7.36.jar:/home/killua/.m2/repository/io/confluent/logredactor/1.0.12/logredactor-1.0.12.jar:/home/killua/.m2/repository/io/confluent/logredactor-metrics/1.0.12/logredactor-metrics-1.0.12.jar:/home/killua/.m2/repository/com/eclipsesource/minimal-json/minimal-json/0.9.5/minimal-json-0.9.5.jar:/home/killua/.m2/repository/io/kcache/kcache/4.0.11/kcache-4.0.11.jar:/home/killua/.m2/repository/com/github/ben-manes/caffeine/caffeine/2.9.3/caffeine-2.9.3.jar:/home/killua/.m2/repository/com/google/guava/guava/32.0.1-jre/guava-32.0.1-jre.jar:/home/killua/.m2/repository/com/google/crypto/tink/tink/1.15.0/tink-1.15.0.jar:/home/killua/.m2/repository/org/apache/avro/avro/1.11.4/avro-1.11.4.jar:/home/killua/.m2/repository/org/apache/commons/commons-compress/1.26.1/commons-compress-1.26.1.jar:/home/killua/.m2/repository/io/netty/netty-codec/4.1.128.Final/netty-codec-4.1.128.Final.jar:/home/killua/.m2/repository/io/netty/netty-transport/4.1.128.Final/netty-transport-4.1.128.Final.jar:/home/killua/.m2/repository/org/eclipse/jetty/jetty-alpn-java-server/9.4.58.v20250814/jetty-alpn-java-server-9.4.58.v20250814.jar:/home/killua/.m2/repository/io/swagger/core/v3/swagger-core/2.1.10/swagger-core-2.1.10.jar:/home/killua/.m2/repository/com/fasterxml/jackson/dataformat/jackson-dataformat-yaml/2.12.1/jackson-dataformat-yaml-2.12.1.jar:/home/killua/.m2/repository/io/swagger/core/v3/swagger-models/2.1.10/swagger-models-2.1.10.jar:/home/killua/.m2/repository/io/confluent/common-utils/7.9.5/common-utils-7.9.5.jar:/home/killua/.m2/repository/io/confluent/kafka-schema-registry/7.9.5/kafka-schema-registry-7.9.5-tests.jar:/home/killua/.m2/repository/io/confluent/kafka-connect-avro-converter/7.9.5/kafka-connect-avro-converter-7.9.5.jar:/home/killua/.m2/repository/io/confluent/kafka-connect-avro-data/7.9.5/kafka-connect-avro-data-7.9.5.jar:/home/killua/.m2/repository/io/confluent/kafka-schema-converter/7.9.5/kafka-schema-converter-7.9.5.jar:/home/killua/.m2/repository/io/confluent/kafka-avro-serializer/7.9.5/kafka-avro-serializer-7.9.5.jar:/home/killua/.m2/repository/io/confluent/kafka-schema-serializer/7.9.5/kafka-schema-serializer-7.9.5.jar:/home/killua/.m2/repository/com/google/re2j/re2j/1.7/re2j-1.7.jar:/home/killua/.m2/repository/com/google/cloud/google-cloud-bigquerystorage/3.2.0/google-cloud-bigquerystorage-3.2.0.jar:/home/killua/.m2/repository/io/grpc/grpc-api/1.61.1/grpc-api-1.61.1.jar:/home/killua/.m2/repository/com/google/errorprone/error_prone_annotations/2.24.1/error_prone_annotations-2.24.1.jar:/home/killua/.m2/repository/io/grpc/grpc-stub/1.61.1/grpc-stub-1.61.1.jar:/home/killua/.m2/repository/io/grpc/grpc-protobuf/1.61.1/grpc-protobuf-1.61.1.jar:/home/killua/.m2/repository/io/grpc/grpc-protobuf-lite/1.61.1/grpc-protobuf-lite-1.61.1.jar:/home/killua/.m2/repository/io/grpc/grpc-util/1.61.1/grpc-util-1.61.1.jar:/home/killua/.m2/repository/io/grpc/grpc-core/1.61.1/grpc-core-1.61.1.jar:/home/killua/.m2/repository/com/google/code/gson/gson/2.10.1/gson-2.10.1.jar:/home/killua/.m2/repository/com/google/android/annotations/4.1.1.4/annotations-4.1.1.4.jar:/home/killua/.m2/repository/io/perfmark/perfmark-api/0.27.0/perfmark-api-0.27.0.jar:/home/killua/.m2/repository/io/grpc/grpc-context/1.61.1/grpc-context-1.61.1.jar:/home/killua/.m2/repository/org/codehaus/mojo/animal-sniffer-annotations/1.23/animal-sniffer-annotations-1.23.jar:/home/killua/.m2/repository/com/google/api/api-common/2.26.0/api-common-2.26.0.jar:/home/killua/.m2/repository/javax/annotation/javax.annotation-api/1.3.2/javax.annotation-api-1.3.2.jar:/home/killua/.m2/repository/com/google/auto/value/auto-value/1.10.2/auto-value-1.10.2.jar:/home/killua/.m2/repository/com/google/auto/value/auto-value-annotations/1.10.4/auto-value-annotations-1.10.4.jar:/home/killua/.m2/repository/com/google/protobuf/protobuf-java/3.25.2/protobuf-java-3.25.2.jar:/home/killua/.m2/repository/com/google/api/grpc/proto-google-common-protos/2.34.0/proto-google-common-protos-2.34.0.jar:/home/killua/.m2/repository/com/google/api/grpc/proto-google-cloud-bigquerystorage-v1beta1/0.174.0/proto-google-cloud-bigquerystorage-v1beta1-0.174.0.jar:/home/killua/.m2/repository/com/google/api/grpc/proto-google-cloud-bigquerystorage-v1beta2/0.174.0/proto-google-cloud-bigquerystorage-v1beta2-0.174.0.jar:/home/killua/.m2/repository/com/google/api/grpc/proto-google-cloud-bigquerystorage-v1/3.2.0/proto-google-cloud-bigquerystorage-v1-3.2.0.jar:/home/killua/.m2/repository/com/google/guava/failureaccess/1.0.1/failureaccess-1.0.1.jar:/home/killua/.m2/repository/com/google/guava/listenablefuture/9999.0-empty-to-avoid-conflict-with-guava/listenablefuture-9999.0-empty-to-avoid-conflict-with-guava.jar:/home/killua/.m2/repository/org/checkerframework/checker-qual/3.42.0/checker-qual-3.42.0.jar:/home/killua/.m2/repository/com/google/j2objc/j2objc-annotations/2.8/j2objc-annotations-2.8.jar:/home/killua/.m2/repository/com/google/api/gax/2.43.0/gax-2.43.0.jar:/home/killua/.m2/repository/io/opencensus/opencensus-api/0.31.1/opencensus-api-0.31.1.jar:/home/killua/.m2/repository/com/google/auth/google-auth-library-oauth2-http/1.23.0/google-auth-library-oauth2-http-1.23.0.jar:/home/killua/.m2/repository/com/google/api/gax-grpc/2.43.0/gax-grpc-2.43.0.jar:/home/killua/.m2/repository/io/grpc/grpc-inprocess/1.61.1/grpc-inprocess-1.61.1.jar:/home/killua/.m2/repository/io/grpc/grpc-alts/1.61.1/grpc-alts-1.61.1.jar:/home/killua/.m2/repository/io/grpc/grpc-grpclb/1.61.1/grpc-grpclb-1.61.1.jar:/home/killua/.m2/repository/org/conscrypt/conscrypt-openjdk-uber/2.5.2/conscrypt-openjdk-uber-2.5.2.jar:/home/killua/.m2/repository/io/grpc/grpc-auth/1.61.1/grpc-auth-1.61.1.jar:/home/killua/.m2/repository/io/grpc/grpc-netty-shaded/1.61.1/grpc-netty-shaded-1.61.1.jar:/home/killua/.m2/repository/io/grpc/grpc-googleapis/1.61.1/grpc-googleapis-1.61.1.jar:/home/killua/.m2/repository/org/threeten/threetenbp/1.6.8/threetenbp-1.6.8.jar:/home/killua/.m2/repository/org/json/json/20240205/json-20240205.jar:/home/killua/.m2/repository/com/google/auth/google-auth-library-credentials/1.23.0/google-auth-library-credentials-1.23.0.jar:/home/killua/.m2/repository/com/google/code/findbugs/jsr305/3.0.2/jsr305-3.0.2.jar:/home/killua/.m2/repository/com/google/cloud/google-cloud-core/2.33.0/google-cloud-core-2.33.0.jar:/home/killua/.m2/repository/com/google/protobuf/protobuf-java-util/3.25.2/protobuf-java-util-3.25.2.jar:/home/killua/.m2/repository/com/google/api/grpc/proto-google-iam-v1/1.29.0/proto-google-iam-v1-1.29.0.jar:/home/killua/.m2/repository/com/google/http-client/google-http-client/1.44.1/google-http-client-1.44.1.jar:/home/killua/.m2/repository/org/apache/httpcomponents/httpclient/4.5.14/httpclient-4.5.14.jar:/home/killua/.m2/repository/commons-codec/commons-codec/1.16.1/commons-codec-1.16.1.jar:/home/killua/.m2/repository/org/apache/httpcomponents/httpcore/4.4.16/httpcore-4.4.16.jar:/home/killua/.m2/repository/io/opencensus/opencensus-contrib-http-util/0.31.1/opencensus-contrib-http-util-0.31.1.jar:/home/killua/.m2/repository/com/google/http-client/google-http-client-gson/1.44.1/google-http-client-gson-1.44.1.jar:/home/killua/.m2/repository/com/google/api/grpc/grpc-google-cloud-bigquerystorage-v1beta1/0.174.0/grpc-google-cloud-bigquerystorage-v1beta1-0.174.0.jar:/home/killua/.m2/repository/com/google/api/grpc/grpc-google-cloud-bigquerystorage-v1beta2/0.174.0/grpc-google-cloud-bigquerystorage-v1beta2-0.174.0.jar:/home/killua/.m2/repository/com/google/api/grpc/grpc-google-cloud-bigquerystorage-v1/3.2.0/grpc-google-cloud-bigquerystorage-v1-3.2.0.jar:/home/killua/.m2/repository/com/google/cloud/google-cloud-bigquery/2.37.2/google-cloud-bigquery-2.37.2.jar:/home/killua/.m2/repository/com/google/cloud/google-cloud-core-http/2.33.0/google-cloud-core-http-2.33.0.jar:/home/killua/.m2/repository/com/google/api-client/google-api-client/2.3.0/google-api-client-2.3.0.jar:/home/killua/.m2/repository/com/google/oauth-client/google-oauth-client/1.35.0/google-oauth-client-1.35.0.jar:/home/killua/.m2/repository/com/google/http-client/google-http-client-apache-v2/1.44.1/google-http-client-apache-v2-1.44.1.jar:/home/killua/.m2/repository/com/google/http-client/google-http-client-appengine/1.44.1/google-http-client-appengine-1.44.1.jar:/home/killua/.m2/repository/com/google/api/gax-httpjson/2.43.0/gax-httpjson-2.43.0.jar:/home/killua/.m2/repository/org/checkerframework/checker-compat-qual/2.5.6/checker-compat-qual-2.5.6.jar:/home/killua/.m2/repository/com/google/apis/google-api-services-bigquery/v2-rev20240203-2.0.0/google-api-services-bigquery-v2-rev20240203-2.0.0.jar:/home/killua/.m2/repository/org/threeten/threeten-extra/1.7.2/threeten-extra-1.7.2.jar:/home/killua/.m2/repository/commons-logging/commons-logging/1.2/commons-logging-1.2.jar:/home/killua/.m2/repository/org/apache/arrow/arrow-vector/15.0.0/arrow-vector-15.0.0.jar:/home/killua/.m2/repository/org/apache/arrow/arrow-format/15.0.0/arrow-format-15.0.0.jar:/home/killua/.m2/repository/com/fasterxml/jackson/datatype/jackson-datatype-jsr310/2.16.1/jackson-datatype-jsr310-2.16.1.jar:/home/killua/.m2/repository/com/google/flatbuffers/flatbuffers-java/23.5.26/flatbuffers-java-23.5.26.jar:/home/killua/.m2/repository/org/eclipse/collections/eclipse-collections/11.1.0/eclipse-collections-11.1.0.jar:/home/killua/.m2/repository/org/eclipse/collections/eclipse-collections-api/11.1.0/eclipse-collections-api-11.1.0.jar:/home/killua/.m2/repository/org/apache/arrow/arrow-memory-core/15.0.0/arrow-memory-core-15.0.0.jar:/home/killua/.m2/repository/org/apache/arrow/arrow-memory-netty/15.0.0/arrow-memory-netty-15.0.0.jar:/home/killua/.m2/repository/io/netty/netty-buffer/4.1.104.Final/netty-buffer-4.1.104.Final.jar:/home/killua/.m2/repository/io/netty/netty-common/4.1.104.Final/netty-common-4.1.104.Final.jar:/home/killua/.m2/repository/com/google/cloud/google-cloud-storage/2.34.0/google-cloud-storage-2.34.0.jar:/home/killua/.m2/repository/com/google/http-client/google-http-client-jackson2/1.44.1/google-http-client-jackson2-1.44.1.jar:/home/killua/.m2/repository/com/google/apis/google-api-services-storage/v1-rev20240209-2.0.0/google-api-services-storage-v1-rev20240209-2.0.0.jar:/home/killua/.m2/repository/com/google/cloud/google-cloud-core-grpc/2.33.0/google-cloud-core-grpc-2.33.0.jar:/home/killua/.m2/repository/com/google/api/grpc/proto-google-cloud-storage-v2/2.34.0-alpha/proto-google-cloud-storage-v2-2.34.0-alpha.jar:/home/killua/.m2/repository/com/google/api/grpc/grpc-google-cloud-storage-v2/2.34.0-alpha/grpc-google-cloud-storage-v2-2.34.0-alpha.jar:/home/killua/.m2/repository/com/google/api/grpc/gapic-google-cloud-storage-v2/2.34.0-alpha/gapic-google-cloud-storage-v2-2.34.0-alpha.jar:/home/killua/.m2/repository/io/grpc/grpc-xds/1.61.1/grpc-xds-1.61.1.jar:/home/killua/.m2/repository/io/opencensus/opencensus-proto/0.2.0/opencensus-proto-0.2.0.jar:/home/killua/.m2/repository/io/grpc/grpc-services/1.61.1/grpc-services-1.61.1.jar:/home/killua/.m2/repository/io/grpc/grpc-rls/1.61.1/grpc-rls-1.61.1.jar:
	os.spec = Linux, amd64, 6.19.5-3-cachyos
	os.vcpus = 16
 (org.apache.kafka.connect.runtime.WorkerInfo:71)
[2026-03-04 15:48:33,245] INFO Scanning for plugin classes. This might take a moment ... (org.apache.kafka.connect.cli.AbstractConnectCli:120)
[2026-03-04 15:48:33,246] INFO [Producer clientId=producer-7] Cluster ID: O0f4olPMSbKgz2FfinXZHg (org.apache.kafka.clients.Metadata:364)
[2026-03-04 15:48:33,247] INFO Loading plugin from: classpath (org.apache.kafka.connect.runtime.isolation.PluginScanner:75)
[2026-03-04 15:48:33,249] INFO Registered loader: jdk.internal.loader.ClassLoaders$AppClassLoader@341d43cd (org.apache.kafka.connect.runtime.isolation.PluginScanner:80)
[2026-03-04 15:48:33,249] INFO Scanning plugins with ServiceLoaderScanner took 2 ms (org.apache.kafka.connect.runtime.isolation.PluginScanner:70)
[2026-03-04 15:48:33,249] INFO Loading plugin from: classpath (org.apache.kafka.connect.runtime.isolation.PluginScanner:75)
[2026-03-04 15:48:33,336] INFO [zk-broker-0-to-controller-forwarding-channel-manager]: Recorded new ZK controller, from now on will use node localhost:39731 (id: 0 rack: null) (kafka.server.NodeToControllerRequestThread:66)
[2026-03-04 15:48:33,339] INFO [zk-broker-0-to-controller-alter-partition-channel-manager]: Recorded new ZK controller, from now on will use node localhost:39731 (id: 0 rack: null) (kafka.server.NodeToControllerRequestThread:66)
[2026-03-04 15:48:33,354] INFO [Controller id=0] Acquired new producerId block ProducerIdsBlock(assignedBrokerId=0, firstProducerId=0, size=1000) by writing to Zk with path version 1 (kafka.controller.KafkaController:66)
[2026-03-04 15:48:33,453] INFO [Producer clientId=producer-7] ProducerId set to 0 with epoch 0 (org.apache.kafka.clients.producer.internals.TransactionManager:502)
[2026-03-04 15:48:33,559] ERROR Failed to discover Converter in classpath: Unable to instantiate TestConverterWithPrivateConstructor: Plugin class default constructor must be public (org.apache.kafka.connect.runtime.isolation.ReflectionScanner:138)
java.lang.IllegalAccessException: class org.apache.kafka.connect.runtime.isolation.ReflectionScanner cannot access a member of class org.apache.kafka.connect.integration.ConnectorValidationIntegrationTest$TestConverterWithPrivateConstructor with modifiers "private"
	at java.base/jdk.internal.reflect.Reflection.newIllegalAccessException(Reflection.java:400)
	at java.base/java.lang.reflect.AccessibleObject.checkAccess(AccessibleObject.java:670)
	at java.base/java.lang.reflect.Constructor.newInstanceWithCaller(Constructor.java:492)
	at java.base/java.lang.reflect.Constructor.newInstance(Constructor.java:483)
	at org.apache.kafka.connect.runtime.isolation.ReflectionScanner.versionFor(ReflectionScanner.java:73)
	at org.apache.kafka.connect.runtime.isolation.ReflectionScanner.getPluginDesc(ReflectionScanner.java:136)
	at org.apache.kafka.connect.runtime.isolation.ReflectionScanner.scanPlugins(ReflectionScanner.java:89)
	at org.apache.kafka.connect.runtime.isolation.PluginScanner.scanUrlsAndAddPlugins(PluginScanner.java:79)
	at org.apache.kafka.connect.runtime.isolation.PluginScanner.discoverPlugins(PluginScanner.java:67)
	at org.apache.kafka.connect.runtime.isolation.Plugins.initLoaders(Plugins.java:91)
	at org.apache.kafka.connect.runtime.isolation.Plugins.<init>(Plugins.java:75)
	at org.apache.kafka.connect.runtime.isolation.Plugins.<init>(Plugins.java:64)
	at org.apache.kafka.connect.cli.AbstractConnectCli.startConnect(AbstractConnectCli.java:121)
	at org.apache.kafka.connect.util.clusters.WorkerHandle.start(WorkerHandle.java:47)
	at org.apache.kafka.connect.util.clusters.EmbeddedConnectCluster.addWorker(EmbeddedConnectCluster.java:88)
	at org.apache.kafka.connect.util.clusters.EmbeddedConnectCluster.startConnect(EmbeddedConnectCluster.java:163)
	at org.apache.kafka.connect.util.clusters.EmbeddedConnect.start(EmbeddedConnect.java:130)
	at org.apache.kafka.connect.util.clusters.EmbeddedConnectCluster.start(EmbeddedConnectCluster.java:48)
	at com.wepay.kafka.connect.bigquery.integration.BaseConnectorIT.startConnect(BaseConnectorIT.java:138)
	at com.wepay.kafka.connect.bigquery.integration.UpsertDeleteBigQuerySinkConnectorWithSRIT.setup(UpsertDeleteBigQuerySinkConnectorWithSRIT.java:86)
	at java.base/jdk.internal.reflect.DirectMethodHandleAccessor.invoke(DirectMethodHandleAccessor.java:104)
	at java.base/java.lang.reflect.Method.invoke(Method.java:565)
	at org.junit.platform.commons.util.ReflectionUtils.invokeMethod(ReflectionUtils.java:728)
	at org.junit.jupiter.engine.execution.MethodInvocation.proceed(MethodInvocation.java:60)
	at org.junit.jupiter.engine.execution.InvocationInterceptorChain$ValidatingInvocation.proceed(InvocationInterceptorChain.java:131)
	at org.junit.jupiter.engine.extension.TimeoutExtension.intercept(TimeoutExtension.java:156)
	at org.junit.jupiter.engine.extension.TimeoutExtension.interceptLifecycleMethod(TimeoutExtension.java:128)
	at org.junit.jupiter.engine.extension.TimeoutExtension.interceptBeforeEachMethod(TimeoutExtension.java:78)
	at org.junit.jupiter.engine.execution.InterceptingExecutableInvoker$ReflectiveInterceptorCall.lambda$ofVoidMethod$0(InterceptingExecutableInvoker.java:103)
	at org.junit.jupiter.engine.execution.InterceptingExecutableInvoker.lambda$invoke$0(InterceptingExecutableInvoker.java:93)
	at org.junit.jupiter.engine.execution.InvocationInterceptorChain$InterceptedInvocation.proceed(InvocationInterceptorChain.java:106)
	at org.junit.jupiter.engine.execution.InvocationInterceptorChain.proceed(InvocationInterceptorChain.java:64)
	at org.junit.jupiter.engine.execution.InvocationInterceptorChain.chainAndInvoke(InvocationInterceptorChain.java:45)
	at org.junit.jupiter.engine.execution.InvocationInterceptorChain.invoke(InvocationInterceptorChain.java:37)
	at org.junit.jupiter.engine.execution.InterceptingExecutableInvoker.invoke(InterceptingExecutableInvoker.java:92)
	at org.junit.jupiter.engine.execution.InterceptingExecutableInvoker.invoke(InterceptingExecutableInvoker.java:86)
	at org.junit.jupiter.engine.descriptor.ClassBasedTestDescriptor.invokeMethodInExtensionContext(ClassBasedTestDescriptor.java:521)
	at org.junit.jupiter.engine.descriptor.ClassBasedTestDescriptor.lambda$synthesizeBeforeEachMethodAdapter$23(ClassBasedTestDescriptor.java:506)
	at org.junit.jupiter.engine.descriptor.TestMethodTestDescriptor.lambda$invokeBeforeEachMethods$3(TestMethodTestDescriptor.java:175)
	at org.junit.jupiter.engine.descriptor.TestMethodTestDescriptor.lambda$invokeBeforeMethodsOrCallbacksUntilExceptionOccurs$6(TestMethodTestDescriptor.java:203)
	at org.junit.platform.engine.support.hierarchical.ThrowableCollector.execute(ThrowableCollector.java:73)
	at org.junit.jupiter.engine.descriptor.TestMethodTestDescriptor.invokeBeforeMethodsOrCallbacksUntilExceptionOccurs(TestMethodTestDescriptor.java:203)
	at org.junit.jupiter.engine.descriptor.TestMethodTestDescriptor.invokeBeforeEachMethods(TestMethodTestDescriptor.java:172)
	at org.junit.jupiter.engine.descriptor.TestMethodTestDescriptor.execute(TestMethodTestDescriptor.java:135)
	at org.junit.jupiter.engine.descriptor.TestMethodTestDescriptor.execute(TestMethodTestDescriptor.java:69)
	at org.junit.platform.engine.support.hierarchical.NodeTestTask.lambda$executeRecursively$6(NodeTestTask.java:151)
	at org.junit.platform.engine.support.hierarchical.ThrowableCollector.execute(ThrowableCollector.java:73)
	at org.junit.platform.engine.support.hierarchical.NodeTestTask.lambda$executeRecursively$8(NodeTestTask.java:141)
	at org.junit.platform.engine.support.hierarchical.Node.around(Node.java:137)
	at org.junit.platform.engine.support.hierarchical.NodeTestTask.lambda$executeRecursively$9(NodeTestTask.java:139)
	at org.junit.platform.engine.support.hierarchical.ThrowableCollector.execute(ThrowableCollector.java:73)
	at org.junit.platform.engine.support.hierarchical.NodeTestTask.executeRecursively(NodeTestTask.java:138)
	at org.junit.platform.engine.support.hierarchical.NodeTestTask.execute(NodeTestTask.java:95)
	at java.base/java.util.ArrayList.forEach(ArrayList.java:1604)
	at org.junit.platform.engine.support.hierarchical.SameThreadHierarchicalTestExecutorService.invokeAll(SameThreadHierarchicalTestExecutorService.java:41)
	at org.junit.platform.engine.support.hierarchical.NodeTestTask.lambda$executeRecursively$6(NodeTestTask.java:155)
	at org.junit.platform.engine.support.hierarchical.ThrowableCollector.execute(ThrowableCollector.java:73)
	at org.junit.platform.engine.support.hierarchical.NodeTestTask.lambda$executeRecursively$8(NodeTestTask.java:141)
	at org.junit.platform.engine.support.hierarchical.Node.around(Node.java:137)
	at org.junit.platform.engine.support.hierarchical.NodeTestTask.lambda$executeRecursively$9(NodeTestTask.java:139)
	at org.junit.platform.engine.support.hierarchical.ThrowableCollector.execute(ThrowableCollector.java:73)
	at org.junit.platform.engine.support.hierarchical.NodeTestTask.executeRecursively(NodeTestTask.java:138)
	at org.junit.platform.engine.support.hierarchical.NodeTestTask.execute(NodeTestTask.java:95)
	at java.base/java.util.ArrayList.forEach(ArrayList.java:1604)
	at org.junit.platform.engine.support.hierarchical.SameThreadHierarchicalTestExecutorService.invokeAll(SameThreadHierarchicalTestExecutorService.java:41)
	at org.junit.platform.engine.support.hierarchical.NodeTestTask.lambda$executeRecursively$6(NodeTestTask.java:155)
	at org.junit.platform.engine.support.hierarchical.ThrowableCollector.execute(ThrowableCollector.java:73)
	at org.junit.platform.engine.support.hierarchical.NodeTestTask.lambda$executeRecursively$8(NodeTestTask.java:141)
	at org.junit.platform.engine.support.hierarchical.Node.around(Node.java:137)
	at org.junit.platform.engine.support.hierarchical.NodeTestTask.lambda$executeRecursively$9(NodeTestTask.java:139)
	at org.junit.platform.engine.support.hierarchical.ThrowableCollector.execute(ThrowableCollector.java:73)
	at org.junit.platform.engine.support.hierarchical.NodeTestTask.executeRecursively(NodeTestTask.java:138)
	at org.junit.platform.engine.support.hierarchical.NodeTestTask.execute(NodeTestTask.java:95)
	at org.junit.platform.engine.support.hierarchical.SameThreadHierarchicalTestExecutorService.submit(SameThreadHierarchicalTestExecutorService.java:35)
	at org.junit.platform.engine.support.hierarchical.HierarchicalTestExecutor.execute(HierarchicalTestExecutor.java:57)
	at org.junit.platform.engine.support.hierarchical.HierarchicalTestEngine.execute(HierarchicalTestEngine.java:54)
	at org.junit.platform.launcher.core.EngineExecutionOrchestrator.execute(EngineExecutionOrchestrator.java:198)
	at org.junit.platform.launcher.core.EngineExecutionOrchestrator.execute(EngineExecutionOrchestrator.java:169)
	at org.junit.platform.launcher.core.EngineExecutionOrchestrator.execute(EngineExecutionOrchestrator.java:93)
	at org.junit.platform.launcher.core.EngineExecutionOrchestrator.lambda$execute$0(EngineExecutionOrchestrator.java:58)
	at org.junit.platform.launcher.core.EngineExecutionOrchestrator.withInterceptedStreams(EngineExecutionOrchestrator.java:141)
	at org.junit.platform.launcher.core.EngineExecutionOrchestrator.execute(EngineExecutionOrchestrator.java:57)
	at org.junit.platform.launcher.core.DefaultLauncher.execute(DefaultLauncher.java:103)
	at org.junit.platform.launcher.core.DefaultLauncher.execute(DefaultLauncher.java:85)
	at org.junit.platform.launcher.core.DelegatingLauncher.execute(DelegatingLauncher.java:47)
	at org.apache.maven.surefire.junitplatform.LazyLauncher.execute(LazyLauncher.java:56)
	at org.apache.maven.surefire.junitplatform.JUnitPlatformProvider.execute(JUnitPlatformProvider.java:194)
	at org.apache.maven.surefire.junitplatform.JUnitPlatformProvider.invokeAllTests(JUnitPlatformProvider.java:150)
	at org.apache.maven.surefire.junitplatform.JUnitPlatformProvider.invoke(JUnitPlatformProvider.java:124)
	at org.apache.maven.surefire.booter.ForkedBooter.runSuitesInProcess(ForkedBooter.java:385)
	at org.apache.maven.surefire.booter.ForkedBooter.execute(ForkedBooter.java:162)
	at org.apache.maven.surefire.booter.ForkedBooter.run(ForkedBooter.java:507)
	at org.apache.maven.surefire.booter.ForkedBooter.main(ForkedBooter.java:495)
[2026-03-04 15:48:33,559] ERROR Failed to discover Converter in classpath: Unable to instantiate TestConverterWithConstructorThatThrowsException: Failed to invoke plugin constructor (org.apache.kafka.connect.runtime.isolation.ReflectionScanner:138)
java.lang.reflect.InvocationTargetException
	at java.base/jdk.internal.reflect.DirectConstructorHandleAccessor.newInstance(DirectConstructorHandleAccessor.java:74)
	at java.base/java.lang.reflect.Constructor.newInstanceWithCaller(Constructor.java:499)
	at java.base/java.lang.reflect.Constructor.newInstance(Constructor.java:483)
	at org.apache.kafka.connect.runtime.isolation.ReflectionScanner.versionFor(ReflectionScanner.java:73)
	at org.apache.kafka.connect.runtime.isolation.ReflectionScanner.getPluginDesc(ReflectionScanner.java:136)
	at org.apache.kafka.connect.runtime.isolation.ReflectionScanner.scanPlugins(ReflectionScanner.java:89)
	at org.apache.kafka.connect.runtime.isolation.PluginScanner.scanUrlsAndAddPlugins(PluginScanner.java:79)
	at org.apache.kafka.connect.runtime.isolation.PluginScanner.discoverPlugins(PluginScanner.java:67)
	at org.apache.kafka.connect.runtime.isolation.Plugins.initLoaders(Plugins.java:91)
	at org.apache.kafka.connect.runtime.isolation.Plugins.<init>(Plugins.java:75)
	at org.apache.kafka.connect.runtime.isolation.Plugins.<init>(Plugins.java:64)
	at org.apache.kafka.connect.cli.AbstractConnectCli.startConnect(AbstractConnectCli.java:121)
	at org.apache.kafka.connect.util.clusters.WorkerHandle.start(WorkerHandle.java:47)
	at org.apache.kafka.connect.util.clusters.EmbeddedConnectCluster.addWorker(EmbeddedConnectCluster.java:88)
	at org.apache.kafka.connect.util.clusters.EmbeddedConnectCluster.startConnect(EmbeddedConnectCluster.java:163)
	at org.apache.kafka.connect.util.clusters.EmbeddedConnect.start(EmbeddedConnect.java:130)
	at org.apache.kafka.connect.util.clusters.EmbeddedConnectCluster.start(EmbeddedConnectCluster.java:48)
	at com.wepay.kafka.connect.bigquery.integration.BaseConnectorIT.startConnect(BaseConnectorIT.java:138)
	at com.wepay.kafka.connect.bigquery.integration.UpsertDeleteBigQuerySinkConnectorWithSRIT.setup(UpsertDeleteBigQuerySinkConnectorWithSRIT.java:86)
	at java.base/jdk.internal.reflect.DirectMethodHandleAccessor.invoke(DirectMethodHandleAccessor.java:104)
	at java.base/java.lang.reflect.Method.invoke(Method.java:565)
	at org.junit.platform.commons.util.ReflectionUtils.invokeMethod(ReflectionUtils.java:728)
	at org.junit.jupiter.engine.execution.MethodInvocation.proceed(MethodInvocation.java:60)
	at org.junit.jupiter.engine.execution.InvocationInterceptorChain$ValidatingInvocation.proceed(InvocationInterceptorChain.java:131)
	at org.junit.jupiter.engine.extension.TimeoutExtension.intercept(TimeoutExtension.java:156)
	at org.junit.jupiter.engine.extension.TimeoutExtension.interceptLifecycleMethod(TimeoutExtension.java:128)
	at org.junit.jupiter.engine.extension.TimeoutExtension.interceptBeforeEachMethod(TimeoutExtension.java:78)
	at org.junit.jupiter.engine.execution.InterceptingExecutableInvoker$ReflectiveInterceptorCall.lambda$ofVoidMethod$0(InterceptingExecutableInvoker.java:103)
	at org.junit.jupiter.engine.execution.InterceptingExecutableInvoker.lambda$invoke$0(InterceptingExecutableInvoker.java:93)
	at org.junit.jupiter.engine.execution.InvocationInterceptorChain$InterceptedInvocation.proceed(InvocationInterceptorChain.java:106)
	at org.junit.jupiter.engine.execution.InvocationInterceptorChain.proceed(InvocationInterceptorChain.java:64)
	at org.junit.jupiter.engine.execution.InvocationInterceptorChain.chainAndInvoke(InvocationInterceptorChain.java:45)
	at org.junit.jupiter.engine.execution.InvocationInterceptorChain.invoke(InvocationInterceptorChain.java:37)
	at org.junit.jupiter.engine.execution.InterceptingExecutableInvoker.invoke(InterceptingExecutableInvoker.java:92)
	at org.junit.jupiter.engine.execution.InterceptingExecutableInvoker.invoke(InterceptingExecutableInvoker.java:86)
	at org.junit.jupiter.engine.descriptor.ClassBasedTestDescriptor.invokeMethodInExtensionContext(ClassBasedTestDescriptor.java:521)
	at org.junit.jupiter.engine.descriptor.ClassBasedTestDescriptor.lambda$synthesizeBeforeEachMethodAdapter$23(ClassBasedTestDescriptor.java:506)
	at org.junit.jupiter.engine.descriptor.TestMethodTestDescriptor.lambda$invokeBeforeEachMethods$3(TestMethodTestDescriptor.java:175)
	at org.junit.jupiter.engine.descriptor.TestMethodTestDescriptor.lambda$invokeBeforeMethodsOrCallbacksUntilExceptionOccurs$6(TestMethodTestDescriptor.java:203)
	at org.junit.platform.engine.support.hierarchical.ThrowableCollector.execute(ThrowableCollector.java:73)
	at org.junit.jupiter.engine.descriptor.TestMethodTestDescriptor.invokeBeforeMethodsOrCallbacksUntilExceptionOccurs(TestMethodTestDescriptor.java:203)
	at org.junit.jupiter.engine.descriptor.TestMethodTestDescriptor.invokeBeforeEachMethods(TestMethodTestDescriptor.java:172)
	at org.junit.jupiter.engine.descriptor.TestMethodTestDescriptor.execute(TestMethodTestDescriptor.java:135)
	at org.junit.jupiter.engine.descriptor.TestMethodTestDescriptor.execute(TestMethodTestDescriptor.java:69)
	at org.junit.platform.engine.support.hierarchical.NodeTestTask.lambda$executeRecursively$6(NodeTestTask.java:151)
	at org.junit.platform.engine.support.hierarchical.ThrowableCollector.execute(ThrowableCollector.java:73)
	at org.junit.platform.engine.support.hierarchical.NodeTestTask.lambda$executeRecursively$8(NodeTestTask.java:141)
	at org.junit.platform.engine.support.hierarchical.Node.around(Node.java:137)
	at org.junit.platform.engine.support.hierarchical.NodeTestTask.lambda$executeRecursively$9(NodeTestTask.java:139)
	at org.junit.platform.engine.support.hierarchical.ThrowableCollector.execute(ThrowableCollector.java:73)
	at org.junit.platform.engine.support.hierarchical.NodeTestTask.executeRecursively(NodeTestTask.java:138)
	at org.junit.platform.engine.support.hierarchical.NodeTestTask.execute(NodeTestTask.java:95)
	at java.base/java.util.ArrayList.forEach(ArrayList.java:1604)
	at org.junit.platform.engine.support.hierarchical.SameThreadHierarchicalTestExecutorService.invokeAll(SameThreadHierarchicalTestExecutorService.java:41)
	at org.junit.platform.engine.support.hierarchical.NodeTestTask.lambda$executeRecursively$6(NodeTestTask.java:155)
	at org.junit.platform.engine.support.hierarchical.ThrowableCollector.execute(ThrowableCollector.java:73)
	at org.junit.platform.engine.support.hierarchical.NodeTestTask.lambda$executeRecursively$8(NodeTestTask.java:141)
	at org.junit.platform.engine.support.hierarchical.Node.around(Node.java:137)
	at org.junit.platform.engine.support.hierarchical.NodeTestTask.lambda$executeRecursively$9(NodeTestTask.java:139)
	at org.junit.platform.engine.support.hierarchical.ThrowableCollector.execute(ThrowableCollector.java:73)
	at org.junit.platform.engine.support.hierarchical.NodeTestTask.executeRecursively(NodeTestTask.java:138)
	at org.junit.platform.engine.support.hierarchical.NodeTestTask.execute(NodeTestTask.java:95)
	at java.base/java.util.ArrayList.forEach(ArrayList.java:1604)
	at org.junit.platform.engine.support.hierarchical.SameThreadHierarchicalTestExecutorService.invokeAll(SameThreadHierarchicalTestExecutorService.java:41)
	at org.junit.platform.engine.support.hierarchical.NodeTestTask.lambda$executeRecursively$6(NodeTestTask.java:155)
	at org.junit.platform.engine.support.hierarchical.ThrowableCollector.execute(ThrowableCollector.java:73)
	at org.junit.platform.engine.support.hierarchical.NodeTestTask.lambda$executeRecursively$8(NodeTestTask.java:141)
	at org.junit.platform.engine.support.hierarchical.Node.around(Node.java:137)
	at org.junit.platform.engine.support.hierarchical.NodeTestTask.lambda$executeRecursively$9(NodeTestTask.java:139)
	at org.junit.platform.engine.support.hierarchical.ThrowableCollector.execute(ThrowableCollector.java:73)
	at org.junit.platform.engine.support.hierarchical.NodeTestTask.executeRecursively(NodeTestTask.java:138)
	at org.junit.platform.engine.support.hierarchical.NodeTestTask.execute(NodeTestTask.java:95)
	at org.junit.platform.engine.support.hierarchical.SameThreadHierarchicalTestExecutorService.submit(SameThreadHierarchicalTestExecutorService.java:35)
	at org.junit.platform.engine.support.hierarchical.HierarchicalTestExecutor.execute(HierarchicalTestExecutor.java:57)
	at org.junit.platform.engine.support.hierarchical.HierarchicalTestEngine.execute(HierarchicalTestEngine.java:54)
	at org.junit.platform.launcher.core.EngineExecutionOrchestrator.execute(EngineExecutionOrchestrator.java:198)
	at org.junit.platform.launcher.core.EngineExecutionOrchestrator.execute(EngineExecutionOrchestrator.java:169)
	at org.junit.platform.launcher.core.EngineExecutionOrchestrator.execute(EngineExecutionOrchestrator.java:93)
	at org.junit.platform.launcher.core.EngineExecutionOrchestrator.lambda$execute$0(EngineExecutionOrchestrator.java:58)
	at org.junit.platform.launcher.core.EngineExecutionOrchestrator.withInterceptedStreams(EngineExecutionOrchestrator.java:141)
	at org.junit.platform.launcher.core.EngineExecutionOrchestrator.execute(EngineExecutionOrchestrator.java:57)
	at org.junit.platform.launcher.core.DefaultLauncher.execute(DefaultLauncher.java:103)
	at org.junit.platform.launcher.core.DefaultLauncher.execute(DefaultLauncher.java:85)
	at org.junit.platform.launcher.core.DelegatingLauncher.execute(DelegatingLauncher.java:47)
	at org.apache.maven.surefire.junitplatform.LazyLauncher.execute(LazyLauncher.java:56)
	at org.apache.maven.surefire.junitplatform.JUnitPlatformProvider.execute(JUnitPlatformProvider.java:194)
	at org.apache.maven.surefire.junitplatform.JUnitPlatformProvider.invokeAllTests(JUnitPlatformProvider.java:150)
	at org.apache.maven.surefire.junitplatform.JUnitPlatformProvider.invoke(JUnitPlatformProvider.java:124)
	at org.apache.maven.surefire.booter.ForkedBooter.runSuitesInProcess(ForkedBooter.java:385)
	at org.apache.maven.surefire.booter.ForkedBooter.execute(ForkedBooter.java:162)
	at org.apache.maven.surefire.booter.ForkedBooter.run(ForkedBooter.java:507)
	at org.apache.maven.surefire.booter.ForkedBooter.main(ForkedBooter.java:495)
Caused by: org.apache.kafka.connect.errors.ConnectException: whoops
	at org.apache.kafka.connect.integration.ConnectorValidationIntegrationTest$TestConverterWithConstructorThatThrowsException.<init>(ConnectorValidationIntegrationTest.java:530)
	at java.base/jdk.internal.reflect.DirectConstructorHandleAccessor.newInstance(DirectConstructorHandleAccessor.java:62)
	... 91 more
[2026-03-04 15:48:33,559] ERROR Failed to discover HeaderConverter in classpath: Unable to instantiate TestConverterWithPrivateConstructor: Plugin class default constructor must be public (org.apache.kafka.connect.runtime.isolation.ReflectionScanner:138)
java.lang.IllegalAccessException: class org.apache.kafka.connect.runtime.isolation.ReflectionScanner cannot access a member of class org.apache.kafka.connect.integration.ConnectorValidationIntegrationTest$TestConverterWithPrivateConstructor with modifiers "private"
	at java.base/jdk.internal.reflect.Reflection.newIllegalAccessException(Reflection.java:400)
	at java.base/java.lang.reflect.AccessibleObject.checkAccess(AccessibleObject.java:670)
	at java.base/java.lang.reflect.Constructor.newInstanceWithCaller(Constructor.java:492)
	at java.base/java.lang.reflect.Constructor.newInstance(Constructor.java:483)
	at org.apache.kafka.connect.runtime.isolation.ReflectionScanner.versionFor(ReflectionScanner.java:73)
	at org.apache.kafka.connect.runtime.isolation.ReflectionScanner.getPluginDesc(ReflectionScanner.java:136)
	at org.apache.kafka.connect.runtime.isolation.ReflectionScanner.scanPlugins(ReflectionScanner.java:90)
	at org.apache.kafka.connect.runtime.isolation.PluginScanner.scanUrlsAndAddPlugins(PluginScanner.java:79)
	at org.apache.kafka.connect.runtime.isolation.PluginScanner.discoverPlugins(PluginScanner.java:67)
	at org.apache.kafka.connect.runtime.isolation.Plugins.initLoaders(Plugins.java:91)
	at org.apache.kafka.connect.runtime.isolation.Plugins.<init>(Plugins.java:75)
	at org.apache.kafka.connect.runtime.isolation.Plugins.<init>(Plugins.java:64)
	at org.apache.kafka.connect.cli.AbstractConnectCli.startConnect(AbstractConnectCli.java:121)
	at org.apache.kafka.connect.util.clusters.WorkerHandle.start(WorkerHandle.java:47)
	at org.apache.kafka.connect.util.clusters.EmbeddedConnectCluster.addWorker(EmbeddedConnectCluster.java:88)
	at org.apache.kafka.connect.util.clusters.EmbeddedConnectCluster.startConnect(EmbeddedConnectCluster.java:163)
	at org.apache.kafka.connect.util.clusters.EmbeddedConnect.start(EmbeddedConnect.java:130)
	at org.apache.kafka.connect.util.clusters.EmbeddedConnectCluster.start(EmbeddedConnectCluster.java:48)
	at com.wepay.kafka.connect.bigquery.integration.BaseConnectorIT.startConnect(BaseConnectorIT.java:138)
	at com.wepay.kafka.connect.bigquery.integration.UpsertDeleteBigQuerySinkConnectorWithSRIT.setup(UpsertDeleteBigQuerySinkConnectorWithSRIT.java:86)
	at java.base/jdk.internal.reflect.DirectMethodHandleAccessor.invoke(DirectMethodHandleAccessor.java:104)
	at java.base/java.lang.reflect.Method.invoke(Method.java:565)
	at org.junit.platform.commons.util.ReflectionUtils.invokeMethod(ReflectionUtils.java:728)
	at org.junit.jupiter.engine.execution.MethodInvocation.proceed(MethodInvocation.java:60)
	at org.junit.jupiter.engine.execution.InvocationInterceptorChain$ValidatingInvocation.proceed(InvocationInterceptorChain.java:131)
	at org.junit.jupiter.engine.extension.TimeoutExtension.intercept(TimeoutExtension.java:156)
	at org.junit.jupiter.engine.extension.TimeoutExtension.interceptLifecycleMethod(TimeoutExtension.java:128)
	at org.junit.jupiter.engine.extension.TimeoutExtension.interceptBeforeEachMethod(TimeoutExtension.java:78)
	at org.junit.jupiter.engine.execution.InterceptingExecutableInvoker$ReflectiveInterceptorCall.lambda$ofVoidMethod$0(InterceptingExecutableInvoker.java:103)
	at org.junit.jupiter.engine.execution.InterceptingExecutableInvoker.lambda$invoke$0(InterceptingExecutableInvoker.java:93)
	at org.junit.jupiter.engine.execution.InvocationInterceptorChain$InterceptedInvocation.proceed(InvocationInterceptorChain.java:106)
	at org.junit.jupiter.engine.execution.InvocationInterceptorChain.proceed(InvocationInterceptorChain.java:64)
	at org.junit.jupiter.engine.execution.InvocationInterceptorChain.chainAndInvoke(InvocationInterceptorChain.java:45)
	at org.junit.jupiter.engine.execution.InvocationInterceptorChain.invoke(InvocationInterceptorChain.java:37)
	at org.junit.jupiter.engine.execution.InterceptingExecutableInvoker.invoke(InterceptingExecutableInvoker.java:92)
	at org.junit.jupiter.engine.execution.InterceptingExecutableInvoker.invoke(InterceptingExecutableInvoker.java:86)
	at org.junit.jupiter.engine.descriptor.ClassBasedTestDescriptor.invokeMethodInExtensionContext(ClassBasedTestDescriptor.java:521)
	at org.junit.jupiter.engine.descriptor.ClassBasedTestDescriptor.lambda$synthesizeBeforeEachMethodAdapter$23(ClassBasedTestDescriptor.java:506)
	at org.junit.jupiter.engine.descriptor.TestMethodTestDescriptor.lambda$invokeBeforeEachMethods$3(TestMethodTestDescriptor.java:175)
	at org.junit.jupiter.engine.descriptor.TestMethodTestDescriptor.lambda$invokeBeforeMethodsOrCallbacksUntilExceptionOccurs$6(TestMethodTestDescriptor.java:203)
	at org.junit.platform.engine.support.hierarchical.ThrowableCollector.execute(ThrowableCollector.java:73)
	at org.junit.jupiter.engine.descriptor.TestMethodTestDescriptor.invokeBeforeMethodsOrCallbacksUntilExceptionOccurs(TestMethodTestDescriptor.java:203)
	at org.junit.jupiter.engine.descriptor.TestMethodTestDescriptor.invokeBeforeEachMethods(TestMethodTestDescriptor.java:172)
	at org.junit.jupiter.engine.descriptor.TestMethodTestDescriptor.execute(TestMethodTestDescriptor.java:135)
	at org.junit.jupiter.engine.descriptor.TestMethodTestDescriptor.execute(TestMethodTestDescriptor.java:69)
	at org.junit.platform.engine.support.hierarchical.NodeTestTask.lambda$executeRecursively$6(NodeTestTask.java:151)
	at org.junit.platform.engine.support.hierarchical.ThrowableCollector.execute(ThrowableCollector.java:73)
	at org.junit.platform.engine.support.hierarchical.NodeTestTask.lambda$executeRecursively$8(NodeTestTask.java:141)
	at org.junit.platform.engine.support.hierarchical.Node.around(Node.java:137)
	at org.junit.platform.engine.support.hierarchical.NodeTestTask.lambda$executeRecursively$9(NodeTestTask.java:139)
	at org.junit.platform.engine.support.hierarchical.ThrowableCollector.execute(ThrowableCollector.java:73)
	at org.junit.platform.engine.support.hierarchical.NodeTestTask.executeRecursively(NodeTestTask.java:138)
	at org.junit.platform.engine.support.hierarchical.NodeTestTask.execute(NodeTestTask.java:95)
	at java.base/java.util.ArrayList.forEach(ArrayList.java:1604)
	at org.junit.platform.engine.support.hierarchical.SameThreadHierarchicalTestExecutorService.invokeAll(SameThreadHierarchicalTestExecutorService.java:41)
	at org.junit.platform.engine.support.hierarchical.NodeTestTask.lambda$executeRecursively$6(NodeTestTask.java:155)
	at org.junit.platform.engine.support.hierarchical.ThrowableCollector.execute(ThrowableCollector.java:73)
	at org.junit.platform.engine.support.hierarchical.NodeTestTask.lambda$executeRecursively$8(NodeTestTask.java:141)
	at org.junit.platform.engine.support.hierarchical.Node.around(Node.java:137)
	at org.junit.platform.engine.support.hierarchical.NodeTestTask.lambda$executeRecursively$9(NodeTestTask.java:139)
	at org.junit.platform.engine.support.hierarchical.ThrowableCollector.execute(ThrowableCollector.java:73)
	at org.junit.platform.engine.support.hierarchical.NodeTestTask.executeRecursively(NodeTestTask.java:138)
	at org.junit.platform.engine.support.hierarchical.NodeTestTask.execute(NodeTestTask.java:95)
	at java.base/java.util.ArrayList.forEach(ArrayList.java:1604)
	at org.junit.platform.engine.support.hierarchical.SameThreadHierarchicalTestExecutorService.invokeAll(SameThreadHierarchicalTestExecutorService.java:41)
	at org.junit.platform.engine.support.hierarchical.NodeTestTask.lambda$executeRecursively$6(NodeTestTask.java:155)
	at org.junit.platform.engine.support.hierarchical.ThrowableCollector.execute(ThrowableCollector.java:73)
	at org.junit.platform.engine.support.hierarchical.NodeTestTask.lambda$executeRecursively$8(NodeTestTask.java:141)
	at org.junit.platform.engine.support.hierarchical.Node.around(Node.java:137)
	at org.junit.platform.engine.support.hierarchical.NodeTestTask.lambda$executeRecursively$9(NodeTestTask.java:139)
	at org.junit.platform.engine.support.hierarchical.ThrowableCollector.execute(ThrowableCollector.java:73)
	at org.junit.platform.engine.support.hierarchical.NodeTestTask.executeRecursively(NodeTestTask.java:138)
	at org.junit.platform.engine.support.hierarchical.NodeTestTask.execute(NodeTestTask.java:95)
	at org.junit.platform.engine.support.hierarchical.SameThreadHierarchicalTestExecutorService.submit(SameThreadHierarchicalTestExecutorService.java:35)
	at org.junit.platform.engine.support.hierarchical.HierarchicalTestExecutor.execute(HierarchicalTestExecutor.java:57)
	at org.junit.platform.engine.support.hierarchical.HierarchicalTestEngine.execute(HierarchicalTestEngine.java:54)
	at org.junit.platform.launcher.core.EngineExecutionOrchestrator.execute(EngineExecutionOrchestrator.java:198)
	at org.junit.platform.launcher.core.EngineExecutionOrchestrator.execute(EngineExecutionOrchestrator.java:169)
	at org.junit.platform.launcher.core.EngineExecutionOrchestrator.execute(EngineExecutionOrchestrator.java:93)
	at org.junit.platform.launcher.core.EngineExecutionOrchestrator.lambda$execute$0(EngineExecutionOrchestrator.java:58)
	at org.junit.platform.launcher.core.EngineExecutionOrchestrator.withInterceptedStreams(EngineExecutionOrchestrator.java:141)
	at org.junit.platform.launcher.core.EngineExecutionOrchestrator.execute(EngineExecutionOrchestrator.java:57)
	at org.junit.platform.launcher.core.DefaultLauncher.execute(DefaultLauncher.java:103)
	at org.junit.platform.launcher.core.DefaultLauncher.execute(DefaultLauncher.java:85)
	at org.junit.platform.launcher.core.DelegatingLauncher.execute(DelegatingLauncher.java:47)
	at org.apache.maven.surefire.junitplatform.LazyLauncher.execute(LazyLauncher.java:56)
	at org.apache.maven.surefire.junitplatform.JUnitPlatformProvider.execute(JUnitPlatformProvider.java:194)
	at org.apache.maven.surefire.junitplatform.JUnitPlatformProvider.invokeAllTests(JUnitPlatformProvider.java:150)
	at org.apache.maven.surefire.junitplatform.JUnitPlatformProvider.invoke(JUnitPlatformProvider.java:124)
	at org.apache.maven.surefire.booter.ForkedBooter.runSuitesInProcess(ForkedBooter.java:385)
	at org.apache.maven.surefire.booter.ForkedBooter.execute(ForkedBooter.java:162)
	at org.apache.maven.surefire.booter.ForkedBooter.run(ForkedBooter.java:507)
	at org.apache.maven.surefire.booter.ForkedBooter.main(ForkedBooter.java:495)
[2026-03-04 15:48:33,559] ERROR Failed to discover HeaderConverter in classpath: Unable to instantiate TestConverterWithConstructorThatThrowsException: Failed to invoke plugin constructor (org.apache.kafka.connect.runtime.isolation.ReflectionScanner:138)
java.lang.reflect.InvocationTargetException
	at java.base/jdk.internal.reflect.DirectConstructorHandleAccessor.newInstance(DirectConstructorHandleAccessor.java:74)
	at java.base/java.lang.reflect.Constructor.newInstanceWithCaller(Constructor.java:499)
	at java.base/java.lang.reflect.Constructor.newInstance(Constructor.java:483)
	at org.apache.kafka.connect.runtime.isolation.ReflectionScanner.versionFor(ReflectionScanner.java:73)
	at org.apache.kafka.connect.runtime.isolation.ReflectionScanner.getPluginDesc(ReflectionScanner.java:136)
	at org.apache.kafka.connect.runtime.isolation.ReflectionScanner.scanPlugins(ReflectionScanner.java:90)
	at org.apache.kafka.connect.runtime.isolation.PluginScanner.scanUrlsAndAddPlugins(PluginScanner.java:79)
	at org.apache.kafka.connect.runtime.isolation.PluginScanner.discoverPlugins(PluginScanner.java:67)
	at org.apache.kafka.connect.runtime.isolation.Plugins.initLoaders(Plugins.java:91)
	at org.apache.kafka.connect.runtime.isolation.Plugins.<init>(Plugins.java:75)
	at org.apache.kafka.connect.runtime.isolation.Plugins.<init>(Plugins.java:64)
	at org.apache.kafka.connect.cli.AbstractConnectCli.startConnect(AbstractConnectCli.java:121)
	at org.apache.kafka.connect.util.clusters.WorkerHandle.start(WorkerHandle.java:47)
	at org.apache.kafka.connect.util.clusters.EmbeddedConnectCluster.addWorker(EmbeddedConnectCluster.java:88)
	at org.apache.kafka.connect.util.clusters.EmbeddedConnectCluster.startConnect(EmbeddedConnectCluster.java:163)
	at org.apache.kafka.connect.util.clusters.EmbeddedConnect.start(EmbeddedConnect.java:130)
	at org.apache.kafka.connect.util.clusters.EmbeddedConnectCluster.start(EmbeddedConnectCluster.java:48)
	at com.wepay.kafka.connect.bigquery.integration.BaseConnectorIT.startConnect(BaseConnectorIT.java:138)
	at com.wepay.kafka.connect.bigquery.integration.UpsertDeleteBigQuerySinkConnectorWithSRIT.setup(UpsertDeleteBigQuerySinkConnectorWithSRIT.java:86)
	at java.base/jdk.internal.reflect.DirectMethodHandleAccessor.invoke(DirectMethodHandleAccessor.java:104)
	at java.base/java.lang.reflect.Method.invoke(Method.java:565)
	at org.junit.platform.commons.util.ReflectionUtils.invokeMethod(ReflectionUtils.java:728)
	at org.junit.jupiter.engine.execution.MethodInvocation.proceed(MethodInvocation.java:60)
	at org.junit.jupiter.engine.execution.InvocationInterceptorChain$ValidatingInvocation.proceed(InvocationInterceptorChain.java:131)
	at org.junit.jupiter.engine.extension.TimeoutExtension.intercept(TimeoutExtension.java:156)
	at org.junit.jupiter.engine.extension.TimeoutExtension.interceptLifecycleMethod(TimeoutExtension.java:128)
	at org.junit.jupiter.engine.extension.TimeoutExtension.interceptBeforeEachMethod(TimeoutExtension.java:78)
	at org.junit.jupiter.engine.execution.InterceptingExecutableInvoker$ReflectiveInterceptorCall.lambda$ofVoidMethod$0(InterceptingExecutableInvoker.java:103)
	at org.junit.jupiter.engine.execution.InterceptingExecutableInvoker.lambda$invoke$0(InterceptingExecutableInvoker.java:93)
	at org.junit.jupiter.engine.execution.InvocationInterceptorChain$InterceptedInvocation.proceed(InvocationInterceptorChain.java:106)
	at org.junit.jupiter.engine.execution.InvocationInterceptorChain.proceed(InvocationInterceptorChain.java:64)
	at org.junit.jupiter.engine.execution.InvocationInterceptorChain.chainAndInvoke(InvocationInterceptorChain.java:45)
	at org.junit.jupiter.engine.execution.InvocationInterceptorChain.invoke(InvocationInterceptorChain.java:37)
	at org.junit.jupiter.engine.execution.InterceptingExecutableInvoker.invoke(InterceptingExecutableInvoker.java:92)
	at org.junit.jupiter.engine.execution.InterceptingExecutableInvoker.invoke(InterceptingExecutableInvoker.java:86)
	at org.junit.jupiter.engine.descriptor.ClassBasedTestDescriptor.invokeMethodInExtensionContext(ClassBasedTestDescriptor.java:521)
	at org.junit.jupiter.engine.descriptor.ClassBasedTestDescriptor.lambda$synthesizeBeforeEachMethodAdapter$23(ClassBasedTestDescriptor.java:506)
	at org.junit.jupiter.engine.descriptor.TestMethodTestDescriptor.lambda$invokeBeforeEachMethods$3(TestMethodTestDescriptor.java:175)
	at org.junit.jupiter.engine.descriptor.TestMethodTestDescriptor.lambda$invokeBeforeMethodsOrCallbacksUntilExceptionOccurs$6(TestMethodTestDescriptor.java:203)
	at org.junit.platform.engine.support.hierarchical.ThrowableCollector.execute(ThrowableCollector.java:73)
	at org.junit.jupiter.engine.descriptor.TestMethodTestDescriptor.invokeBeforeMethodsOrCallbacksUntilExceptionOccurs(TestMethodTestDescriptor.java:203)
	at org.junit.jupiter.engine.descriptor.TestMethodTestDescriptor.invokeBeforeEachMethods(TestMethodTestDescriptor.java:172)
	at org.junit.jupiter.engine.descriptor.TestMethodTestDescriptor.execute(TestMethodTestDescriptor.java:135)
	at org.junit.jupiter.engine.descriptor.TestMethodTestDescriptor.execute(TestMethodTestDescriptor.java:69)
	at org.junit.platform.engine.support.hierarchical.NodeTestTask.lambda$executeRecursively$6(NodeTestTask.java:151)
	at org.junit.platform.engine.support.hierarchical.ThrowableCollector.execute(ThrowableCollector.java:73)
	at org.junit.platform.engine.support.hierarchical.NodeTestTask.lambda$executeRecursively$8(NodeTestTask.java:141)
	at org.junit.platform.engine.support.hierarchical.Node.around(Node.java:137)
	at org.junit.platform.engine.support.hierarchical.NodeTestTask.lambda$executeRecursively$9(NodeTestTask.java:139)
	at org.junit.platform.engine.support.hierarchical.ThrowableCollector.execute(ThrowableCollector.java:73)
	at org.junit.platform.engine.support.hierarchical.NodeTestTask.executeRecursively(NodeTestTask.java:138)
	at org.junit.platform.engine.support.hierarchical.NodeTestTask.execute(NodeTestTask.java:95)
	at java.base/java.util.ArrayList.forEach(ArrayList.java:1604)
	at org.junit.platform.engine.support.hierarchical.SameThreadHierarchicalTestExecutorService.invokeAll(SameThreadHierarchicalTestExecutorService.java:41)
	at org.junit.platform.engine.support.hierarchical.NodeTestTask.lambda$executeRecursively$6(NodeTestTask.java:155)
	at org.junit.platform.engine.support.hierarchical.ThrowableCollector.execute(ThrowableCollector.java:73)
	at org.junit.platform.engine.support.hierarchical.NodeTestTask.lambda$executeRecursively$8(NodeTestTask.java:141)
	at org.junit.platform.engine.support.hierarchical.Node.around(Node.java:137)
	at org.junit.platform.engine.support.hierarchical.NodeTestTask.lambda$executeRecursively$9(NodeTestTask.java:139)
	at org.junit.platform.engine.support.hierarchical.ThrowableCollector.execute(ThrowableCollector.java:73)
	at org.junit.platform.engine.support.hierarchical.NodeTestTask.executeRecursively(NodeTestTask.java:138)
	at org.junit.platform.engine.support.hierarchical.NodeTestTask.execute(NodeTestTask.java:95)
	at java.base/java.util.ArrayList.forEach(ArrayList.java:1604)
	at org.junit.platform.engine.support.hierarchical.SameThreadHierarchicalTestExecutorService.invokeAll(SameThreadHierarchicalTestExecutorService.java:41)
	at org.junit.platform.engine.support.hierarchical.NodeTestTask.lambda$executeRecursively$6(NodeTestTask.java:155)
	at org.junit.platform.engine.support.hierarchical.ThrowableCollector.execute(ThrowableCollector.java:73)
	at org.junit.platform.engine.support.hierarchical.NodeTestTask.lambda$executeRecursively$8(NodeTestTask.java:141)
	at org.junit.platform.engine.support.hierarchical.Node.around(Node.java:137)
	at org.junit.platform.engine.support.hierarchical.NodeTestTask.lambda$executeRecursively$9(NodeTestTask.java:139)
	at org.junit.platform.engine.support.hierarchical.ThrowableCollector.execute(ThrowableCollector.java:73)
	at org.junit.platform.engine.support.hierarchical.NodeTestTask.executeRecursively(NodeTestTask.java:138)
	at org.junit.platform.engine.support.hierarchical.NodeTestTask.execute(NodeTestTask.java:95)
	at org.junit.platform.engine.support.hierarchical.SameThreadHierarchicalTestExecutorService.submit(SameThreadHierarchicalTestExecutorService.java:35)
	at org.junit.platform.engine.support.hierarchical.HierarchicalTestExecutor.execute(HierarchicalTestExecutor.java:57)
	at org.junit.platform.engine.support.hierarchical.HierarchicalTestEngine.execute(HierarchicalTestEngine.java:54)
	at org.junit.platform.launcher.core.EngineExecutionOrchestrator.execute(EngineExecutionOrchestrator.java:198)
	at org.junit.platform.launcher.core.EngineExecutionOrchestrator.execute(EngineExecutionOrchestrator.java:169)
	at org.junit.platform.launcher.core.EngineExecutionOrchestrator.execute(EngineExecutionOrchestrator.java:93)
	at org.junit.platform.launcher.core.EngineExecutionOrchestrator.lambda$execute$0(EngineExecutionOrchestrator.java:58)
	at org.junit.platform.launcher.core.EngineExecutionOrchestrator.withInterceptedStreams(EngineExecutionOrchestrator.java:141)
	at org.junit.platform.launcher.core.EngineExecutionOrchestrator.execute(EngineExecutionOrchestrator.java:57)
	at org.junit.platform.launcher.core.DefaultLauncher.execute(DefaultLauncher.java:103)
	at org.junit.platform.launcher.core.DefaultLauncher.execute(DefaultLauncher.java:85)
	at org.junit.platform.launcher.core.DelegatingLauncher.execute(DelegatingLauncher.java:47)
	at org.apache.maven.surefire.junitplatform.LazyLauncher.execute(LazyLauncher.java:56)
	at org.apache.maven.surefire.junitplatform.JUnitPlatformProvider.execute(JUnitPlatformProvider.java:194)
	at org.apache.maven.surefire.junitplatform.JUnitPlatformProvider.invokeAllTests(JUnitPlatformProvider.java:150)
	at org.apache.maven.surefire.junitplatform.JUnitPlatformProvider.invoke(JUnitPlatformProvider.java:124)
	at org.apache.maven.surefire.booter.ForkedBooter.runSuitesInProcess(ForkedBooter.java:385)
	at org.apache.maven.surefire.booter.ForkedBooter.execute(ForkedBooter.java:162)
	at org.apache.maven.surefire.booter.ForkedBooter.run(ForkedBooter.java:507)
	at org.apache.maven.surefire.booter.ForkedBooter.main(ForkedBooter.java:495)
Caused by: org.apache.kafka.connect.errors.ConnectException: whoops
	at org.apache.kafka.connect.integration.ConnectorValidationIntegrationTest$TestConverterWithConstructorThatThrowsException.<init>(ConnectorValidationIntegrationTest.java:530)
	at java.base/jdk.internal.reflect.DirectConstructorHandleAccessor.newInstance(DirectConstructorHandleAccessor.java:62)
	... 91 more
[2026-03-04 15:48:33,560] INFO Registered loader: jdk.internal.loader.ClassLoaders$AppClassLoader@341d43cd (org.apache.kafka.connect.runtime.isolation.PluginScanner:80)
[2026-03-04 15:48:33,560] INFO Scanning plugins with ReflectionScanner took 311 ms (org.apache.kafka.connect.runtime.isolation.PluginScanner:70)
[2026-03-04 15:48:33,560] WARN One or more plugins are missing ServiceLoader manifests may not be usable with plugin.discovery=service_load: [
classpath	io.confluent.connect.avro.AvroConverter	converter	undefined
classpath	io.debezium.transforms.ByLogicalTableRouter	transformation	undefined
classpath	io.debezium.transforms.UnwrapFromEnvelope	transformation	undefined
]
Read the documentation at https://kafka.apache.org/documentation.html#connect_plugindiscovery for instructions on migrating your plugins to take advantage of the performance improvements of service_load mode. To silence this warning, set plugin.discovery=only_scan in the worker config. (org.apache.kafka.connect.runtime.isolation.Plugins:122)
[2026-03-04 15:48:33,560] INFO Added plugin 'org.apache.kafka.connect.converters.FloatConverter' (org.apache.kafka.connect.runtime.isolation.DelegatingClassLoader:105)
[2026-03-04 15:48:33,560] INFO Added plugin 'org.apache.kafka.connect.transforms.ReplaceField$Key' (org.apache.kafka.connect.runtime.isolation.DelegatingClassLoader:105)
[2026-03-04 15:48:33,560] INFO Added plugin 'org.apache.kafka.connect.transforms.Filter' (org.apache.kafka.connect.runtime.isolation.DelegatingClassLoader:105)
[2026-03-04 15:48:33,560] INFO Added plugin 'org.apache.kafka.connect.transforms.InsertField$Value' (org.apache.kafka.connect.runtime.isolation.DelegatingClassLoader:105)
[2026-03-04 15:48:33,560] INFO Added plugin 'com.wepay.kafka.connect.bigquery.BigQuerySinkConnector' (org.apache.kafka.connect.runtime.isolation.DelegatingClassLoader:105)
[2026-03-04 15:48:33,560] INFO Added plugin 'org.apache.kafka.connect.transforms.TimestampConverter$Key' (org.apache.kafka.connect.runtime.isolation.DelegatingClassLoader:105)
[2026-03-04 15:48:33,561] INFO Added plugin 'org.apache.kafka.connect.integration.ErrorHandlingIntegrationTest$FaultyPassthrough' (org.apache.kafka.connect.runtime.isolation.DelegatingClassLoader:105)
[2026-03-04 15:48:33,561] INFO Added plugin 'org.apache.kafka.connect.runtime.isolation.PluginUtilsTest$CollidingHeaderConverter' (org.apache.kafka.connect.runtime.isolation.DelegatingClassLoader:105)
[2026-03-04 15:48:33,561] INFO Added plugin 'org.apache.kafka.connect.converters.DoubleConverter' (org.apache.kafka.connect.runtime.isolation.DelegatingClassLoader:105)
[2026-03-04 15:48:33,561] INFO Added plugin 'org.apache.kafka.connect.integration.MonitorableSourceConnector' (org.apache.kafka.connect.runtime.isolation.DelegatingClassLoader:105)
[2026-03-04 15:48:33,561] INFO Added plugin 'org.apache.kafka.connect.connector.policy.AllConnectorClientConfigOverridePolicy' (org.apache.kafka.connect.runtime.isolation.DelegatingClassLoader:105)
[2026-03-04 15:48:33,561] INFO Added plugin 'org.apache.kafka.connect.transforms.TimestampRouter' (org.apache.kafka.connect.runtime.isolation.DelegatingClassLoader:105)
[2026-03-04 15:48:33,561] INFO Added plugin 'org.apache.kafka.connect.integration.BlockingConnectorTest$TaskInitializeBlockingSourceConnector' (org.apache.kafka.connect.runtime.isolation.DelegatingClassLoader:105)
[2026-03-04 15:48:33,561] INFO Added plugin 'org.apache.kafka.connect.runtime.ErrorHandlingTaskTest$FaultyPassthrough' (org.apache.kafka.connect.runtime.isolation.DelegatingClassLoader:105)
[2026-03-04 15:48:33,561] INFO Added plugin 'io.debezium.transforms.ByLogicalTableRouter' (org.apache.kafka.connect.runtime.isolation.DelegatingClassLoader:105)
[2026-03-04 15:48:33,561] INFO Added plugin 'org.apache.kafka.connect.transforms.RegexRouter' (org.apache.kafka.connect.runtime.isolation.DelegatingClassLoader:105)
[2026-03-04 15:48:33,561] INFO Added plugin 'org.apache.kafka.connect.transforms.HoistField$Value' (org.apache.kafka.connect.runtime.isolation.DelegatingClassLoader:105)
[2026-03-04 15:48:33,561] INFO Added plugin 'org.apache.kafka.connect.connector.policy.PrincipalConnectorClientConfigOverridePolicy' (org.apache.kafka.connect.runtime.isolation.DelegatingClassLoader:105)
[2026-03-04 15:48:33,561] INFO Added plugin 'org.apache.kafka.connect.transforms.ValueToKey' (org.apache.kafka.connect.runtime.isolation.DelegatingClassLoader:105)
[2026-03-04 15:48:33,561] INFO Added plugin 'org.apache.kafka.connect.transforms.DropHeaders' (org.apache.kafka.connect.runtime.isolation.DelegatingClassLoader:105)
[2026-03-04 15:48:33,561] INFO Added plugin 'org.apache.kafka.connect.integration.ErrantRecordSinkConnector' (org.apache.kafka.connect.runtime.isolation.DelegatingClassLoader:105)
[2026-03-04 15:48:33,561] INFO Added plugin 'org.apache.kafka.connect.transforms.Cast$Key' (org.apache.kafka.connect.runtime.isolation.DelegatingClassLoader:105)
[2026-03-04 15:48:33,561] INFO Added plugin 'org.apache.kafka.connect.runtime.ErrorHandlingTaskTest$FaultyConverter' (org.apache.kafka.connect.runtime.isolation.DelegatingClassLoader:105)
[2026-03-04 15:48:33,561] INFO Added plugin 'org.apache.kafka.connect.runtime.ConnectorConfigTest$TestPredicate' (org.apache.kafka.connect.runtime.isolation.DelegatingClassLoader:105)
[2026-03-04 15:48:33,561] INFO Added plugin 'org.apache.kafka.connect.storage.SimpleHeaderConverter' (org.apache.kafka.connect.runtime.isolation.DelegatingClassLoader:105)
[2026-03-04 15:48:33,561] INFO Added plugin 'org.apache.kafka.connect.converters.LongConverter' (org.apache.kafka.connect.runtime.isolation.DelegatingClassLoader:105)
[2026-03-04 15:48:33,561] INFO Added plugin 'org.apache.kafka.connect.runtime.isolation.PluginsTest$TestConnectRestExtension' (org.apache.kafka.connect.runtime.isolation.DelegatingClassLoader:105)
[2026-03-04 15:48:33,561] INFO Added plugin 'org.apache.kafka.connect.integration.MonitorableSinkConnector' (org.apache.kafka.connect.runtime.isolation.DelegatingClassLoader:105)
[2026-03-04 15:48:33,561] INFO Added plugin 'org.apache.kafka.common.config.provider.FileConfigProvider' (org.apache.kafka.connect.runtime.isolation.DelegatingClassLoader:105)
[2026-03-04 15:48:33,561] INFO Added plugin 'org.apache.kafka.connect.runtime.ConnectorConfigTest$SimpleTransformation' (org.apache.kafka.connect.runtime.isolation.DelegatingClassLoader:105)
[2026-03-04 15:48:33,561] INFO Added plugin 'org.apache.kafka.connect.transforms.InsertHeader' (org.apache.kafka.connect.runtime.isolation.DelegatingClassLoader:105)
[2026-03-04 15:48:33,561] INFO Added plugin 'org.apache.kafka.connect.runtime.isolation.PluginUtilsTest$CollidingConverter' (org.apache.kafka.connect.runtime.isolation.DelegatingClassLoader:105)
[2026-03-04 15:48:33,561] INFO Added plugin 'org.apache.kafka.connect.runtime.SampleSinkConnector' (org.apache.kafka.connect.runtime.isolation.DelegatingClassLoader:105)
[2026-03-04 15:48:33,561] INFO Added plugin 'io.debezium.transforms.UnwrapFromEnvelope' (org.apache.kafka.connect.runtime.isolation.DelegatingClassLoader:105)
[2026-03-04 15:48:33,561] INFO Added plugin 'org.apache.kafka.common.config.provider.DirectoryConfigProvider' (org.apache.kafka.connect.runtime.isolation.DelegatingClassLoader:105)
[2026-03-04 15:48:33,561] INFO Added plugin 'org.apache.kafka.connect.runtime.isolation.PluginsTest$TestConverter' (org.apache.kafka.connect.runtime.isolation.DelegatingClassLoader:105)
[2026-03-04 15:48:33,561] INFO Added plugin 'org.apache.kafka.connect.transforms.Flatten$Key' (org.apache.kafka.connect.runtime.isolation.DelegatingClassLoader:105)
[2026-03-04 15:48:33,561] INFO Added plugin 'org.apache.kafka.connect.runtime.SampleConverterWithHeaders' (org.apache.kafka.connect.runtime.isolation.DelegatingClassLoader:105)
[2026-03-04 15:48:33,561] INFO Added plugin 'org.apache.kafka.connect.transforms.HeaderFrom$Value' (org.apache.kafka.connect.runtime.isolation.DelegatingClassLoader:105)
[2026-03-04 15:48:33,561] INFO Added plugin 'org.apache.kafka.connect.transforms.SetSchemaMetadata$Key' (org.apache.kafka.connect.runtime.isolation.DelegatingClassLoader:105)
[2026-03-04 15:48:33,561] INFO Added plugin 'io.confluent.kafka.schemaregistry.client.config.provider.SchemaRegistryConfigProvider' (org.apache.kafka.connect.runtime.isolation.DelegatingClassLoader:105)
[2026-03-04 15:48:33,561] INFO Added plugin 'org.apache.kafka.connect.runtime.ConnectorConfigTest$AbstractKeyValueTransformation$Value' (org.apache.kafka.connect.runtime.isolation.DelegatingClassLoader:105)
[2026-03-04 15:48:33,561] INFO Added plugin 'org.apache.kafka.connect.json.JsonConverter' (org.apache.kafka.connect.runtime.isolation.DelegatingClassLoader:105)
[2026-03-04 15:48:33,561] INFO Added plugin 'org.apache.kafka.connect.integration.ExactlyOnceSourceIntegrationTest$NaughtyConnector' (org.apache.kafka.connect.runtime.isolation.DelegatingClassLoader:105)
[2026-03-04 15:48:33,561] INFO Added plugin 'org.apache.kafka.connect.runtime.SampleHeaderConverter' (org.apache.kafka.connect.runtime.isolation.DelegatingClassLoader:105)
[2026-03-04 15:48:33,561] INFO Added plugin 'org.apache.kafka.connect.runtime.rest.resources.ConnectorPluginsResourceTest$ConnectorPluginsResourceTestConnector' (org.apache.kafka.connect.runtime.isolation.DelegatingClassLoader:105)
[2026-03-04 15:48:33,561] INFO Added plugin 'org.apache.kafka.connect.transforms.predicates.TopicNameMatches' (org.apache.kafka.connect.runtime.isolation.DelegatingClassLoader:105)
[2026-03-04 15:48:33,561] INFO Added plugin 'org.apache.kafka.connect.transforms.ReplaceField$Value' (org.apache.kafka.connect.runtime.isolation.DelegatingClassLoader:105)
[2026-03-04 15:48:33,561] INFO Added plugin 'org.apache.kafka.connect.integration.BlockingConnectorTest$ConfigBlockingConnector' (org.apache.kafka.connect.runtime.isolation.DelegatingClassLoader:105)
[2026-03-04 15:48:33,561] INFO Added plugin 'org.apache.kafka.connect.transforms.SetSchemaMetadata$Value' (org.apache.kafka.connect.runtime.isolation.DelegatingClassLoader:105)
[2026-03-04 15:48:33,561] INFO Added plugin 'org.apache.kafka.connect.runtime.isolation.PluginsTest$TestInternalConverter' (org.apache.kafka.connect.runtime.isolation.DelegatingClassLoader:105)
[2026-03-04 15:48:33,561] INFO Added plugin 'org.apache.kafka.connect.converters.IntegerConverter' (org.apache.kafka.connect.runtime.isolation.DelegatingClassLoader:105)
[2026-03-04 15:48:33,561] INFO Added plugin 'org.apache.kafka.connect.runtime.ConnectorConfigTest$AbstractKeyValueTransformation$Key' (org.apache.kafka.connect.runtime.isolation.DelegatingClassLoader:105)
[2026-03-04 15:48:33,561] INFO Added plugin 'org.apache.kafka.connect.runtime.ConnectorConfigTest$HasDuplicateConfigTransformation' (org.apache.kafka.connect.runtime.isolation.DelegatingClassLoader:105)
[2026-03-04 15:48:33,561] INFO Added plugin 'org.apache.kafka.connect.transforms.HeaderFrom$Key' (org.apache.kafka.connect.runtime.isolation.DelegatingClassLoader:105)
[2026-03-04 15:48:33,561] INFO Added plugin 'org.apache.kafka.connect.transforms.predicates.HasHeaderKey' (org.apache.kafka.connect.runtime.isolation.DelegatingClassLoader:105)
[2026-03-04 15:48:33,561] INFO Added plugin 'org.apache.kafka.connect.transforms.predicates.RecordIsTombstone' (org.apache.kafka.connect.runtime.isolation.DelegatingClassLoader:105)
[2026-03-04 15:48:33,561] INFO Added plugin 'org.apache.kafka.connect.transforms.MaskField$Value' (org.apache.kafka.connect.runtime.isolation.DelegatingClassLoader:105)
[2026-03-04 15:48:33,561] INFO Added plugin 'org.apache.kafka.connect.connector.policy.NoneConnectorClientConfigOverridePolicy' (org.apache.kafka.connect.runtime.isolation.DelegatingClassLoader:105)
[2026-03-04 15:48:33,561] INFO Added plugin 'org.apache.kafka.common.config.provider.EnvVarConfigProvider' (org.apache.kafka.connect.runtime.isolation.DelegatingClassLoader:105)
[2026-03-04 15:48:33,561] INFO Added plugin 'org.apache.kafka.connect.integration.BlockingConnectorTest$BlockingSinkConnector' (org.apache.kafka.connect.runtime.isolation.DelegatingClassLoader:105)
[2026-03-04 15:48:33,561] INFO Added plugin 'org.apache.kafka.connect.integration.BlockingConnectorTest$BlockingConnector' (org.apache.kafka.connect.runtime.isolation.DelegatingClassLoader:105)
[2026-03-04 15:48:33,561] INFO Added plugin 'org.apache.kafka.connect.integration.ConnectorValidationIntegrationTest$TestConverterWithNoConfigDef' (org.apache.kafka.connect.runtime.isolation.DelegatingClassLoader:105)
[2026-03-04 15:48:33,561] INFO Added plugin 'org.apache.kafka.connect.integration.BlockingConnectorTest$ValidateBlockingConnector' (org.apache.kafka.connect.runtime.isolation.DelegatingClassLoader:105)
[2026-03-04 15:48:33,561] INFO Added plugin 'org.apache.kafka.connect.integration.BlockingConnectorTest$BlockingSourceConnector' (org.apache.kafka.connect.runtime.isolation.DelegatingClassLoader:105)
[2026-03-04 15:48:33,561] INFO Added plugin 'org.apache.kafka.connect.integration.BlockingConnectorTest$InitializeBlockingConnector' (org.apache.kafka.connect.runtime.isolation.DelegatingClassLoader:105)
[2026-03-04 15:48:33,561] INFO Added plugin 'org.apache.kafka.connect.storage.StringConverter' (org.apache.kafka.connect.runtime.isolation.DelegatingClassLoader:105)
[2026-03-04 15:48:33,561] INFO Added plugin 'org.apache.kafka.connect.integration.ConnectWorkerIntegrationTest$EmptyTaskConfigsConnector' (org.apache.kafka.connect.runtime.isolation.DelegatingClassLoader:105)
[2026-03-04 15:48:33,561] INFO Added plugin 'org.apache.kafka.connect.transforms.MaskField$Key' (org.apache.kafka.connect.runtime.isolation.DelegatingClassLoader:105)
[2026-03-04 15:48:33,561] INFO Added plugin 'org.apache.kafka.connect.converters.ByteArrayConverter' (org.apache.kafka.connect.runtime.isolation.DelegatingClassLoader:105)
[2026-03-04 15:48:33,561] INFO Added plugin 'io.confluent.connect.avro.AvroConverter' (org.apache.kafka.connect.runtime.isolation.DelegatingClassLoader:105)
[2026-03-04 15:48:33,561] INFO Added plugin 'org.apache.kafka.connect.transforms.Cast$Value' (org.apache.kafka.connect.runtime.isolation.DelegatingClassLoader:105)
[2026-03-04 15:48:33,561] INFO Added plugin 'org.apache.kafka.connect.transforms.ExtractField$Key' (org.apache.kafka.connect.runtime.isolation.DelegatingClassLoader:105)
[2026-03-04 15:48:33,562] INFO Added plugin 'org.apache.kafka.connect.runtime.isolation.PluginUtilsTest$Colliding' (org.apache.kafka.connect.runtime.isolation.DelegatingClassLoader:105)
[2026-03-04 15:48:33,562] INFO Added plugin 'org.apache.kafka.connect.transforms.Flatten$Value' (org.apache.kafka.connect.runtime.isolation.DelegatingClassLoader:105)
[2026-03-04 15:48:33,562] INFO Added plugin 'org.apache.kafka.connect.transforms.InsertField$Key' (org.apache.kafka.connect.runtime.isolation.DelegatingClassLoader:105)
[2026-03-04 15:48:33,562] INFO Added plugin 'org.apache.kafka.connect.converters.BooleanConverter' (org.apache.kafka.connect.runtime.isolation.DelegatingClassLoader:105)
[2026-03-04 15:48:33,562] INFO Added plugin 'org.apache.kafka.connect.integration.BlockingConnectorTest$TaskInitializeBlockingSinkConnector' (org.apache.kafka.connect.runtime.isolation.DelegatingClassLoader:105)
[2026-03-04 15:48:33,562] INFO Added plugin 'org.apache.kafka.connect.runtime.SamplePredicate' (org.apache.kafka.connect.runtime.isolation.DelegatingClassLoader:105)
[2026-03-04 15:48:33,562] INFO Added plugin 'org.apache.kafka.connect.runtime.SampleTransformation' (org.apache.kafka.connect.runtime.isolation.DelegatingClassLoader:105)
[2026-03-04 15:48:33,562] INFO Added plugin 'org.apache.kafka.connect.transforms.ExtractField$Value' (org.apache.kafka.connect.runtime.isolation.DelegatingClassLoader:105)
[2026-03-04 15:48:33,562] INFO Added plugin 'org.apache.kafka.connect.integration.ConnectorValidationIntegrationTest$TestConverterWithSinglePropertyConfigDef' (org.apache.kafka.connect.runtime.isolation.DelegatingClassLoader:105)
[2026-03-04 15:48:33,562] INFO Added plugin 'org.apache.kafka.connect.runtime.SampleSourceConnector' (org.apache.kafka.connect.runtime.isolation.DelegatingClassLoader:105)
[2026-03-04 15:48:33,562] INFO Added plugin 'org.apache.kafka.connect.transforms.TimestampConverter$Value' (org.apache.kafka.connect.runtime.isolation.DelegatingClassLoader:105)
[2026-03-04 15:48:33,562] INFO Added plugin 'org.apache.kafka.connect.runtime.isolation.PluginsTest$TestHeaderConverter' (org.apache.kafka.connect.runtime.isolation.DelegatingClassLoader:105)
[2026-03-04 15:48:33,562] INFO Added plugin 'org.apache.kafka.connect.transforms.HoistField$Key' (org.apache.kafka.connect.runtime.isolation.DelegatingClassLoader:105)
[2026-03-04 15:48:33,562] INFO Added plugin 'org.apache.kafka.connect.converters.ShortConverter' (org.apache.kafka.connect.runtime.isolation.DelegatingClassLoader:105)
[2026-03-04 15:48:33,562] INFO Added alias 'EmptyTaskConfigs' to plugin 'org.apache.kafka.connect.integration.ConnectWorkerIntegrationTest$EmptyTaskConfigsConnector' (org.apache.kafka.connect.runtime.isolation.DelegatingClassLoader:109)
[2026-03-04 15:48:33,562] INFO Added alias 'ValidateBlockingConnector' to plugin 'org.apache.kafka.connect.integration.BlockingConnectorTest$ValidateBlockingConnector' (org.apache.kafka.connect.runtime.isolation.DelegatingClassLoader:109)
[2026-03-04 15:48:33,562] INFO Added alias 'RecordIsTombstone' to plugin 'org.apache.kafka.connect.transforms.predicates.RecordIsTombstone' (org.apache.kafka.connect.runtime.isolation.DelegatingClassLoader:109)
[2026-03-04 15:48:33,562] INFO Added alias 'String' to plugin 'org.apache.kafka.connect.storage.StringConverter' (org.apache.kafka.connect.runtime.isolation.DelegatingClassLoader:109)
[2026-03-04 15:48:33,562] INFO Added alias 'ConfigBlockingConnector' to plugin 'org.apache.kafka.connect.integration.BlockingConnectorTest$ConfigBlockingConnector' (org.apache.kafka.connect.runtime.isolation.DelegatingClassLoader:109)
[2026-03-04 15:48:33,562] INFO Added alias 'TestPredicate' to plugin 'org.apache.kafka.connect.runtime.ConnectorConfigTest$TestPredicate' (org.apache.kafka.connect.runtime.isolation.DelegatingClassLoader:109)
[2026-03-04 15:48:33,562] INFO Added alias 'EnvVarConfigProvider' to plugin 'org.apache.kafka.common.config.provider.EnvVarConfigProvider' (org.apache.kafka.connect.runtime.isolation.DelegatingClassLoader:109)
[2026-03-04 15:48:33,562] INFO Added alias 'EnvVar' to plugin 'org.apache.kafka.common.config.provider.EnvVarConfigProvider' (org.apache.kafka.connect.runtime.isolation.DelegatingClassLoader:109)
[2026-03-04 15:48:33,562] INFO Added alias 'Boolean' to plugin 'org.apache.kafka.connect.converters.BooleanConverter' (org.apache.kafka.connect.runtime.isolation.DelegatingClassLoader:109)
[2026-03-04 15:48:33,562] INFO Added alias 'NaughtyConnector' to plugin 'org.apache.kafka.connect.integration.ExactlyOnceSourceIntegrationTest$NaughtyConnector' (org.apache.kafka.connect.runtime.isolation.DelegatingClassLoader:109)
[2026-03-04 15:48:33,562] INFO Added alias 'AvroConverter' to plugin 'io.confluent.connect.avro.AvroConverter' (org.apache.kafka.connect.runtime.isolation.DelegatingClassLoader:109)
[2026-03-04 15:48:33,562] INFO Added alias 'MonitorableSinkConnector' to plugin 'org.apache.kafka.connect.integration.MonitorableSinkConnector' (org.apache.kafka.connect.runtime.isolation.DelegatingClassLoader:109)
[2026-03-04 15:48:33,562] INFO Added alias 'BlockingSink' to plugin 'org.apache.kafka.connect.integration.BlockingConnectorTest$BlockingSinkConnector' (org.apache.kafka.connect.runtime.isolation.DelegatingClassLoader:109)
[2026-03-04 15:48:33,562] INFO Added alias 'BlockingSourceConnector' to plugin 'org.apache.kafka.connect.integration.BlockingConnectorTest$BlockingSourceConnector' (org.apache.kafka.connect.runtime.isolation.DelegatingClassLoader:109)
[2026-03-04 15:48:33,562] INFO Added alias 'SampleSink' to plugin 'org.apache.kafka.connect.runtime.SampleSinkConnector' (org.apache.kafka.connect.runtime.isolation.DelegatingClassLoader:109)
[2026-03-04 15:48:33,562] INFO Added alias 'TestHeaderConverter' to plugin 'org.apache.kafka.connect.runtime.isolation.PluginsTest$TestHeaderConverter' (org.apache.kafka.connect.runtime.isolation.DelegatingClassLoader:109)
[2026-03-04 15:48:33,562] INFO Added alias 'SchemaRegistryConfigProvider' to plugin 'io.confluent.kafka.schemaregistry.client.config.provider.SchemaRegistryConfigProvider' (org.apache.kafka.connect.runtime.isolation.DelegatingClassLoader:109)
[2026-03-04 15:48:33,562] INFO Added alias 'HasDuplicateConfig' to plugin 'org.apache.kafka.connect.runtime.ConnectorConfigTest$HasDuplicateConfigTransformation' (org.apache.kafka.connect.runtime.isolation.DelegatingClassLoader:109)
[2026-03-04 15:48:33,562] INFO Added alias 'Json' to plugin 'org.apache.kafka.connect.json.JsonConverter' (org.apache.kafka.connect.runtime.isolation.DelegatingClassLoader:109)
[2026-03-04 15:48:33,562] INFO Added alias 'StringConverter' to plugin 'org.apache.kafka.connect.storage.StringConverter' (org.apache.kafka.connect.runtime.isolation.DelegatingClassLoader:109)
[2026-03-04 15:48:33,562] INFO Added alias 'SampleHeaderConverter' to plugin 'org.apache.kafka.connect.runtime.SampleHeaderConverter' (org.apache.kafka.connect.runtime.isolation.DelegatingClassLoader:109)
[2026-03-04 15:48:33,562] INFO Added alias 'IntegerConverter' to plugin 'org.apache.kafka.connect.converters.IntegerConverter' (org.apache.kafka.connect.runtime.isolation.DelegatingClassLoader:109)
[2026-03-04 15:48:33,562] INFO Added alias 'Float' to plugin 'org.apache.kafka.connect.converters.FloatConverter' (org.apache.kafka.connect.runtime.isolation.DelegatingClassLoader:109)
[2026-03-04 15:48:33,562] INFO Added alias 'SamplePredicate' to plugin 'org.apache.kafka.connect.runtime.SamplePredicate' (org.apache.kafka.connect.runtime.isolation.DelegatingClassLoader:109)
[2026-03-04 15:48:33,562] INFO Added alias 'LongConverter' to plugin 'org.apache.kafka.connect.converters.LongConverter' (org.apache.kafka.connect.runtime.isolation.DelegatingClassLoader:109)
[2026-03-04 15:48:33,562] INFO Added alias 'DropHeaders' to plugin 'org.apache.kafka.connect.transforms.DropHeaders' (org.apache.kafka.connect.runtime.isolation.DelegatingClassLoader:109)
[2026-03-04 15:48:33,562] INFO Added alias 'BlockingSinkConnector' to plugin 'org.apache.kafka.connect.integration.BlockingConnectorTest$BlockingSinkConnector' (org.apache.kafka.connect.runtime.isolation.DelegatingClassLoader:109)
[2026-03-04 15:48:33,562] INFO Added alias 'SimpleHeaderConverter' to plugin 'org.apache.kafka.connect.storage.SimpleHeaderConverter' (org.apache.kafka.connect.runtime.isolation.DelegatingClassLoader:109)
[2026-03-04 15:48:33,562] INFO Added alias 'DirectoryConfigProvider' to plugin 'org.apache.kafka.common.config.provider.DirectoryConfigProvider' (org.apache.kafka.connect.runtime.isolation.DelegatingClassLoader:109)
[2026-03-04 15:48:33,562] INFO Added alias 'ShortConverter' to plugin 'org.apache.kafka.connect.converters.ShortConverter' (org.apache.kafka.connect.runtime.isolation.DelegatingClassLoader:109)
[2026-03-04 15:48:33,562] INFO Added alias 'Avro' to plugin 'io.confluent.connect.avro.AvroConverter' (org.apache.kafka.connect.runtime.isolation.DelegatingClassLoader:109)
[2026-03-04 15:48:33,562] INFO Added alias 'SampleTransformation' to plugin 'org.apache.kafka.connect.runtime.SampleTransformation' (org.apache.kafka.connect.runtime.isolation.DelegatingClassLoader:109)
[2026-03-04 15:48:33,562] INFO Added alias 'TaskInitializeBlockingSinkConnector' to plugin 'org.apache.kafka.connect.integration.BlockingConnectorTest$TaskInitializeBlockingSinkConnector' (org.apache.kafka.connect.runtime.isolation.DelegatingClassLoader:109)
[2026-03-04 15:48:33,562] INFO Added alias 'AllConnectorClientConfigOverridePolicy' to plugin 'org.apache.kafka.connect.connector.policy.AllConnectorClientConfigOverridePolicy' (org.apache.kafka.connect.runtime.isolation.DelegatingClassLoader:109)
[2026-03-04 15:48:33,562] INFO Added alias 'TaskInitializeBlockingSink' to plugin 'org.apache.kafka.connect.integration.BlockingConnectorTest$TaskInitializeBlockingSinkConnector' (org.apache.kafka.connect.runtime.isolation.DelegatingClassLoader:109)
[2026-03-04 15:48:33,562] INFO Added alias 'EmptyTaskConfigsConnector' to plugin 'org.apache.kafka.connect.integration.ConnectWorkerIntegrationTest$EmptyTaskConfigsConnector' (org.apache.kafka.connect.runtime.isolation.DelegatingClassLoader:109)
[2026-03-04 15:48:33,562] INFO Added alias 'Directory' to plugin 'org.apache.kafka.common.config.provider.DirectoryConfigProvider' (org.apache.kafka.connect.runtime.isolation.DelegatingClassLoader:109)
[2026-03-04 15:48:33,562] INFO Added alias 'FaultyConverter' to plugin 'org.apache.kafka.connect.runtime.ErrorHandlingTaskTest$FaultyConverter' (org.apache.kafka.connect.runtime.isolation.DelegatingClassLoader:109)
[2026-03-04 15:48:33,562] INFO Added alias 'Naughty' to plugin 'org.apache.kafka.connect.integration.ExactlyOnceSourceIntegrationTest$NaughtyConnector' (org.apache.kafka.connect.runtime.isolation.DelegatingClassLoader:109)
[2026-03-04 15:48:33,562] INFO Added alias 'SampleSourceConnector' to plugin 'org.apache.kafka.connect.runtime.SampleSourceConnector' (org.apache.kafka.connect.runtime.isolation.DelegatingClassLoader:109)
[2026-03-04 15:48:33,562] INFO Added alias 'TaskInitializeBlockingSource' to plugin 'org.apache.kafka.connect.integration.BlockingConnectorTest$TaskInitializeBlockingSourceConnector' (org.apache.kafka.connect.runtime.isolation.DelegatingClassLoader:109)
[2026-03-04 15:48:33,562] INFO Added alias 'Blocking' to plugin 'org.apache.kafka.connect.integration.BlockingConnectorTest$BlockingConnector' (org.apache.kafka.connect.runtime.isolation.DelegatingClassLoader:109)
[2026-03-04 15:48:33,563] INFO Added alias 'BigQuerySinkConnector' to plugin 'com.wepay.kafka.connect.bigquery.BigQuerySinkConnector' (org.apache.kafka.connect.runtime.isolation.DelegatingClassLoader:109)
[2026-03-04 15:48:33,563] INFO Added alias 'MonitorableSource' to plugin 'org.apache.kafka.connect.integration.MonitorableSourceConnector' (org.apache.kafka.connect.runtime.isolation.DelegatingClassLoader:109)
[2026-03-04 15:48:33,563] INFO Added alias 'ErrantRecordSinkConnector' to plugin 'org.apache.kafka.connect.integration.ErrantRecordSinkConnector' (org.apache.kafka.connect.runtime.isolation.DelegatingClassLoader:109)
[2026-03-04 15:48:33,563] INFO Added alias 'BooleanConverter' to plugin 'org.apache.kafka.connect.converters.BooleanConverter' (org.apache.kafka.connect.runtime.isolation.DelegatingClassLoader:109)
[2026-03-04 15:48:33,563] INFO Added alias 'HasHeaderKey' to plugin 'org.apache.kafka.connect.transforms.predicates.HasHeaderKey' (org.apache.kafka.connect.runtime.isolation.DelegatingClassLoader:109)
[2026-03-04 15:48:33,563] INFO Added alias 'TestInternalConverter' to plugin 'org.apache.kafka.connect.runtime.isolation.PluginsTest$TestInternalConverter' (org.apache.kafka.connect.runtime.isolation.DelegatingClassLoader:109)
[2026-03-04 15:48:33,563] INFO Added alias 'InitializeBlocking' to plugin 'org.apache.kafka.connect.integration.BlockingConnectorTest$InitializeBlockingConnector' (org.apache.kafka.connect.runtime.isolation.DelegatingClassLoader:109)
[2026-03-04 15:48:33,563] INFO Added alias 'None' to plugin 'org.apache.kafka.connect.connector.policy.NoneConnectorClientConfigOverridePolicy' (org.apache.kafka.connect.runtime.isolation.DelegatingClassLoader:109)
[2026-03-04 15:48:33,563] INFO Added alias 'TimestampRouter' to plugin 'org.apache.kafka.connect.transforms.TimestampRouter' (org.apache.kafka.connect.runtime.isolation.DelegatingClassLoader:109)
[2026-03-04 15:48:33,563] INFO Added alias 'Principal' to plugin 'org.apache.kafka.connect.connector.policy.PrincipalConnectorClientConfigOverridePolicy' (org.apache.kafka.connect.runtime.isolation.DelegatingClassLoader:109)
[2026-03-04 15:48:33,563] INFO Added alias 'All' to plugin 'org.apache.kafka.connect.connector.policy.AllConnectorClientConfigOverridePolicy' (org.apache.kafka.connect.runtime.isolation.DelegatingClassLoader:109)
[2026-03-04 15:48:33,563] INFO Added alias 'ConfigBlocking' to plugin 'org.apache.kafka.connect.integration.BlockingConnectorTest$ConfigBlockingConnector' (org.apache.kafka.connect.runtime.isolation.DelegatingClassLoader:109)
[2026-03-04 15:48:33,563] INFO Added alias 'InitializeBlockingConnector' to plugin 'org.apache.kafka.connect.integration.BlockingConnectorTest$InitializeBlockingConnector' (org.apache.kafka.connect.runtime.isolation.DelegatingClassLoader:109)
[2026-03-04 15:48:33,563] INFO Added alias 'JsonConverter' to plugin 'org.apache.kafka.connect.json.JsonConverter' (org.apache.kafka.connect.runtime.isolation.DelegatingClassLoader:109)
[2026-03-04 15:48:33,563] INFO Added alias 'ValidateBlocking' to plugin 'org.apache.kafka.connect.integration.BlockingConnectorTest$ValidateBlockingConnector' (org.apache.kafka.connect.runtime.isolation.DelegatingClassLoader:109)
[2026-03-04 15:48:33,563] INFO Added alias 'TestConnectRestExtension' to plugin 'org.apache.kafka.connect.runtime.isolation.PluginsTest$TestConnectRestExtension' (org.apache.kafka.connect.runtime.isolation.DelegatingClassLoader:109)
[2026-03-04 15:48:33,563] INFO Added alias 'RegexRouter' to plugin 'org.apache.kafka.connect.transforms.RegexRouter' (org.apache.kafka.connect.runtime.isolation.DelegatingClassLoader:109)
[2026-03-04 15:48:33,563] INFO Added alias 'SampleConverterWithHeaders' to plugin 'org.apache.kafka.connect.runtime.SampleConverterWithHeaders' (org.apache.kafka.connect.runtime.isolation.DelegatingClassLoader:109)
[2026-03-04 15:48:33,563] INFO Added alias 'ByteArray' to plugin 'org.apache.kafka.connect.converters.ByteArrayConverter' (org.apache.kafka.connect.runtime.isolation.DelegatingClassLoader:109)
[2026-03-04 15:48:33,563] INFO Added alias 'NoneConnectorClientConfigOverridePolicy' to plugin 'org.apache.kafka.connect.connector.policy.NoneConnectorClientConfigOverridePolicy' (org.apache.kafka.connect.runtime.isolation.DelegatingClassLoader:109)
[2026-03-04 15:48:33,563] INFO Added alias 'Short' to plugin 'org.apache.kafka.connect.converters.ShortConverter' (org.apache.kafka.connect.runtime.isolation.DelegatingClassLoader:109)
[2026-03-04 15:48:33,563] INFO Added alias 'BigQuerySink' to plugin 'com.wepay.kafka.connect.bigquery.BigQuerySinkConnector' (org.apache.kafka.connect.runtime.isolation.DelegatingClassLoader:109)
[2026-03-04 15:48:33,563] INFO Added alias 'ErrantRecordSink' to plugin 'org.apache.kafka.connect.integration.ErrantRecordSinkConnector' (org.apache.kafka.connect.runtime.isolation.DelegatingClassLoader:109)
[2026-03-04 15:48:33,563] INFO Added alias 'TaskInitializeBlockingSourceConnector' to plugin 'org.apache.kafka.connect.integration.BlockingConnectorTest$TaskInitializeBlockingSourceConnector' (org.apache.kafka.connect.runtime.isolation.DelegatingClassLoader:109)
[2026-03-04 15:48:33,563] INFO Added alias 'SampleSinkConnector' to plugin 'org.apache.kafka.connect.runtime.SampleSinkConnector' (org.apache.kafka.connect.runtime.isolation.DelegatingClassLoader:109)
[2026-03-04 15:48:33,563] INFO Added alias 'ByLogicalTableRouter' to plugin 'io.debezium.transforms.ByLogicalTableRouter' (org.apache.kafka.connect.runtime.isolation.DelegatingClassLoader:109)
[2026-03-04 15:48:33,563] INFO Added alias 'Double' to plugin 'org.apache.kafka.connect.converters.DoubleConverter' (org.apache.kafka.connect.runtime.isolation.DelegatingClassLoader:109)
[2026-03-04 15:48:33,563] INFO Added alias 'FileConfigProvider' to plugin 'org.apache.kafka.common.config.provider.FileConfigProvider' (org.apache.kafka.connect.runtime.isolation.DelegatingClassLoader:109)
[2026-03-04 15:48:33,563] INFO Added alias 'CollidingHeaderConverter' to plugin 'org.apache.kafka.connect.runtime.isolation.PluginUtilsTest$CollidingHeaderConverter' (org.apache.kafka.connect.runtime.isolation.DelegatingClassLoader:109)
[2026-03-04 15:48:33,563] INFO Added alias 'MonitorableSourceConnector' to plugin 'org.apache.kafka.connect.integration.MonitorableSourceConnector' (org.apache.kafka.connect.runtime.isolation.DelegatingClassLoader:109)
[2026-03-04 15:48:33,563] INFO Added alias 'Faulty' to plugin 'org.apache.kafka.connect.runtime.ErrorHandlingTaskTest$FaultyConverter' (org.apache.kafka.connect.runtime.isolation.DelegatingClassLoader:109)
[2026-03-04 15:48:33,563] INFO Added alias 'Long' to plugin 'org.apache.kafka.connect.converters.LongConverter' (org.apache.kafka.connect.runtime.isolation.DelegatingClassLoader:109)
[2026-03-04 15:48:33,563] INFO Added alias 'SampleSource' to plugin 'org.apache.kafka.connect.runtime.SampleSourceConnector' (org.apache.kafka.connect.runtime.isolation.DelegatingClassLoader:109)
[2026-03-04 15:48:33,563] INFO Added alias 'File' to plugin 'org.apache.kafka.common.config.provider.FileConfigProvider' (org.apache.kafka.connect.runtime.isolation.DelegatingClassLoader:109)
[2026-03-04 15:48:33,563] INFO Added alias 'TestConverter' to plugin 'org.apache.kafka.connect.runtime.isolation.PluginsTest$TestConverter' (org.apache.kafka.connect.runtime.isolation.DelegatingClassLoader:109)
[2026-03-04 15:48:33,563] INFO Added alias 'FloatConverter' to plugin 'org.apache.kafka.connect.converters.FloatConverter' (org.apache.kafka.connect.runtime.isolation.DelegatingClassLoader:109)
[2026-03-04 15:48:33,563] INFO Added alias 'ByteArrayConverter' to plugin 'org.apache.kafka.connect.converters.ByteArrayConverter' (org.apache.kafka.connect.runtime.isolation.DelegatingClassLoader:109)
[2026-03-04 15:48:33,563] INFO Added alias 'DoubleConverter' to plugin 'org.apache.kafka.connect.converters.DoubleConverter' (org.apache.kafka.connect.runtime.isolation.DelegatingClassLoader:109)
[2026-03-04 15:48:33,563] INFO Added alias 'ConnectorPluginsResourceTestConnector' to plugin 'org.apache.kafka.connect.runtime.rest.resources.ConnectorPluginsResourceTest$ConnectorPluginsResourceTestConnector' (org.apache.kafka.connect.runtime.isolation.DelegatingClassLoader:109)
[2026-03-04 15:48:33,563] INFO Added alias 'TestInternal' to plugin 'org.apache.kafka.connect.runtime.isolation.PluginsTest$TestInternalConverter' (org.apache.kafka.connect.runtime.isolation.DelegatingClassLoader:109)
[2026-03-04 15:48:33,563] INFO Added alias 'UnwrapFromEnvelope' to plugin 'io.debezium.transforms.UnwrapFromEnvelope' (org.apache.kafka.connect.runtime.isolation.DelegatingClassLoader:109)
[2026-03-04 15:48:33,563] INFO Added alias 'TopicNameMatches' to plugin 'org.apache.kafka.connect.transforms.predicates.TopicNameMatches' (org.apache.kafka.connect.runtime.isolation.DelegatingClassLoader:109)
[2026-03-04 15:48:33,563] INFO Added alias 'TestConverterWithSinglePropertyConfigDef' to plugin 'org.apache.kafka.connect.integration.ConnectorValidationIntegrationTest$TestConverterWithSinglePropertyConfigDef' (org.apache.kafka.connect.runtime.isolation.DelegatingClassLoader:109)
[2026-03-04 15:48:33,563] INFO Added alias 'TestConverterWithNoConfigDef' to plugin 'org.apache.kafka.connect.integration.ConnectorValidationIntegrationTest$TestConverterWithNoConfigDef' (org.apache.kafka.connect.runtime.isolation.DelegatingClassLoader:109)
[2026-03-04 15:48:33,563] INFO Added alias 'CollidingConverter' to plugin 'org.apache.kafka.connect.runtime.isolation.PluginUtilsTest$CollidingConverter' (org.apache.kafka.connect.runtime.isolation.DelegatingClassLoader:109)
[2026-03-04 15:48:33,563] INFO Added alias 'BlockingSource' to plugin 'org.apache.kafka.connect.integration.BlockingConnectorTest$BlockingSourceConnector' (org.apache.kafka.connect.runtime.isolation.DelegatingClassLoader:109)
[2026-03-04 15:48:33,563] INFO Added alias 'InsertHeader' to plugin 'org.apache.kafka.connect.transforms.InsertHeader' (org.apache.kafka.connect.runtime.isolation.DelegatingClassLoader:109)
[2026-03-04 15:48:33,563] INFO Added alias 'BlockingConnector' to plugin 'org.apache.kafka.connect.integration.BlockingConnectorTest$BlockingConnector' (org.apache.kafka.connect.runtime.isolation.DelegatingClassLoader:109)
[2026-03-04 15:48:33,563] INFO Added alias 'PrincipalConnectorClientConfigOverridePolicy' to plugin 'org.apache.kafka.connect.connector.policy.PrincipalConnectorClientConfigOverridePolicy' (org.apache.kafka.connect.runtime.isolation.DelegatingClassLoader:109)
[2026-03-04 15:48:33,563] INFO Added alias 'ValueToKey' to plugin 'org.apache.kafka.connect.transforms.ValueToKey' (org.apache.kafka.connect.runtime.isolation.DelegatingClassLoader:109)
[2026-03-04 15:48:33,563] INFO Added alias 'Integer' to plugin 'org.apache.kafka.connect.converters.IntegerConverter' (org.apache.kafka.connect.runtime.isolation.DelegatingClassLoader:109)
[2026-03-04 15:48:33,563] INFO Added alias 'SimpleTransformation' to plugin 'org.apache.kafka.connect.runtime.ConnectorConfigTest$SimpleTransformation' (org.apache.kafka.connect.runtime.isolation.DelegatingClassLoader:109)
[2026-03-04 15:48:33,563] INFO Added alias 'Filter' to plugin 'org.apache.kafka.connect.transforms.Filter' (org.apache.kafka.connect.runtime.isolation.DelegatingClassLoader:109)
[2026-03-04 15:48:33,563] INFO Added alias 'HasDuplicateConfigTransformation' to plugin 'org.apache.kafka.connect.runtime.ConnectorConfigTest$HasDuplicateConfigTransformation' (org.apache.kafka.connect.runtime.isolation.DelegatingClassLoader:109)
[2026-03-04 15:48:33,563] INFO Added alias 'MonitorableSink' to plugin 'org.apache.kafka.connect.integration.MonitorableSinkConnector' (org.apache.kafka.connect.runtime.isolation.DelegatingClassLoader:109)
[2026-03-04 15:48:33,563] INFO Added alias 'SchemaRegistry' to plugin 'io.confluent.kafka.schemaregistry.client.config.provider.SchemaRegistryConfigProvider' (org.apache.kafka.connect.runtime.isolation.DelegatingClassLoader:109)
[2026-03-04 15:48:33,563] INFO Added alias 'ConnectorPluginsResourceTest' to plugin 'org.apache.kafka.connect.runtime.rest.resources.ConnectorPluginsResourceTest$ConnectorPluginsResourceTestConnector' (org.apache.kafka.connect.runtime.isolation.DelegatingClassLoader:109)
[2026-03-04 15:48:33,564] INFO DistributedConfig values: 
	access.control.allow.methods = 
	access.control.allow.origin = 
	admin.listeners = null
	auto.include.jmx.reporter = true
	bootstrap.servers = [localhost:39731]
	client.dns.lookup = use_all_dns_ips
	client.id = 
	config.providers = []
	config.storage.replication.factor = 1
	config.storage.topic = connect-config-topic-kcbq-connect-cluster
	connect.protocol = sessioned
	connections.max.idle.ms = 540000
	connector.client.config.override.policy = All
	exactly.once.source.support = disabled
	group.id = connect-integration-test-kcbq-connect-cluster
	header.converter = class org.apache.kafka.connect.storage.SimpleHeaderConverter
	heartbeat.interval.ms = 3000
	inter.worker.key.generation.algorithm = HmacSHA256
	inter.worker.key.size = null
	inter.worker.key.ttl.ms = 3600000
	inter.worker.signature.algorithm = HmacSHA256
	inter.worker.verification.algorithms = [HmacSHA256]
	key.converter = class org.apache.kafka.connect.storage.StringConverter
	listeners = [HTTP://localhost:0]
	metadata.max.age.ms = 300000
	metadata.recovery.strategy = none
	metric.reporters = []
	metrics.num.samples = 2
	metrics.recording.level = INFO
	metrics.sample.window.ms = 30000
	offset.flush.interval.ms = 10000
	offset.flush.timeout.ms = 5000
	offset.storage.partitions = 25
	offset.storage.replication.factor = 1
	offset.storage.topic = connect-offset-topic-kcbq-connect-cluster
	plugin.discovery = HYBRID_WARN
	plugin.path = null
	rebalance.timeout.ms = 60000
	receive.buffer.bytes = 32768
	reconnect.backoff.max.ms = 1000
	reconnect.backoff.ms = 50
	request.timeout.ms = 40000
	response.http.headers.config = 
	rest.advertised.host.name = null
	rest.advertised.listener = null
	rest.advertised.port = null
	rest.extension.classes = []
	retry.backoff.max.ms = 1000
	retry.backoff.ms = 100
	sasl.client.callback.handler.class = null
	sasl.jaas.config = null
	sasl.kerberos.kinit.cmd = /usr/bin/kinit
	sasl.kerberos.min.time.before.relogin = 60000
	sasl.kerberos.service.name = null
	sasl.kerberos.ticket.renew.jitter = 0.05
	sasl.kerberos.ticket.renew.window.factor = 0.8
	sasl.login.callback.handler.class = null
	sasl.login.class = null
	sasl.login.connect.timeout.ms = null
	sasl.login.read.timeout.ms = null
	sasl.login.refresh.buffer.seconds = 300
	sasl.login.refresh.min.period.seconds = 60
	sasl.login.refresh.window.factor = 0.8
	sasl.login.refresh.window.jitter = 0.05
	sasl.login.retry.backoff.max.ms = 10000
	sasl.login.retry.backoff.ms = 100
	sasl.mechanism = GSSAPI
	sasl.oauthbearer.clock.skew.seconds = 30
	sasl.oauthbearer.expected.audience = null
	sasl.oauthbearer.expected.issuer = null
	sasl.oauthbearer.jwks.endpoint.refresh.ms = 3600000
	sasl.oauthbearer.jwks.endpoint.retry.backoff.max.ms = 10000
	sasl.oauthbearer.jwks.endpoint.retry.backoff.ms = 100
	sasl.oauthbearer.jwks.endpoint.url = null
	sasl.oauthbearer.scope.claim.name = scope
	sasl.oauthbearer.sub.claim.name = sub
	sasl.oauthbearer.token.endpoint.url = null
	scheduled.rebalance.max.delay.ms = 300000
	security.protocol = PLAINTEXT
	send.buffer.bytes = 131072
	session.timeout.ms = 10000
	socket.connection.setup.timeout.max.ms = 30000
	socket.connection.setup.timeout.ms = 10000
	ssl.cipher.suites = null
	ssl.client.auth = none
	ssl.enabled.protocols = [TLSv1.2, TLSv1.3]
	ssl.endpoint.identification.algorithm = https
	ssl.engine.factory.class = null
	ssl.key.password = null
	ssl.keymanager.algorithm = SunX509
	ssl.keystore.certificate.chain = null
	ssl.keystore.key = null
	ssl.keystore.location = null
	ssl.keystore.password = null
	ssl.keystore.type = JKS
	ssl.protocol = TLSv1.3
	ssl.provider = null
	ssl.secure.random.implementation = null
	ssl.trustmanager.algorithm = PKIX
	ssl.truststore.certificates = null
	ssl.truststore.location = null
	ssl.truststore.password = null
	ssl.truststore.type = JKS
	status.storage.partitions = 5
	status.storage.replication.factor = 1
	status.storage.topic = connect-status-topic-kcbq-connect-cluster
	task.shutdown.graceful.timeout.ms = 5000
	topic.creation.enable = true
	topic.tracking.allow.reset = true
	topic.tracking.enable = true
	value.converter = class org.apache.kafka.connect.storage.StringConverter
	worker.sync.timeout.ms = 3000
	worker.unsync.backoff.ms = 300000
 (org.apache.kafka.connect.runtime.distributed.DistributedConfig:372)
[2026-03-04 15:48:33,564] INFO Creating Kafka admin client (org.apache.kafka.connect.runtime.WorkerConfig:283)
[2026-03-04 15:48:33,564] INFO AdminClientConfig values: 
	auto.include.jmx.reporter = true
	bootstrap.controllers = []
	bootstrap.servers = [localhost:39731]
	client.dns.lookup = use_all_dns_ips
	client.id = 
	connections.max.idle.ms = 300000
	default.api.timeout.ms = 60000
	enable.metrics.push = true
	metadata.max.age.ms = 300000
	metadata.recovery.strategy = none
	metric.reporters = []
	metrics.num.samples = 2
	metrics.recording.level = INFO
	metrics.sample.window.ms = 30000
	receive.buffer.bytes = 65536
	reconnect.backoff.max.ms = 1000
	reconnect.backoff.ms = 50
	request.timeout.ms = 30000
	retries = 2147483647
	retry.backoff.max.ms = 1000
	retry.backoff.ms = 100
	sasl.client.callback.handler.class = null
	sasl.jaas.config = null
	sasl.kerberos.kinit.cmd = /usr/bin/kinit
	sasl.kerberos.min.time.before.relogin = 60000
	sasl.kerberos.service.name = null
	sasl.kerberos.ticket.renew.jitter = 0.05
	sasl.kerberos.ticket.renew.window.factor = 0.8
	sasl.login.callback.handler.class = null
	sasl.login.class = null
	sasl.login.connect.timeout.ms = null
	sasl.login.read.timeout.ms = null
	sasl.login.refresh.buffer.seconds = 300
	sasl.login.refresh.min.period.seconds = 60
	sasl.login.refresh.window.factor = 0.8
	sasl.login.refresh.window.jitter = 0.05
	sasl.login.retry.backoff.max.ms = 10000
	sasl.login.retry.backoff.ms = 100
	sasl.mechanism = GSSAPI
	sasl.oauthbearer.clock.skew.seconds = 30
	sasl.oauthbearer.expected.audience = null
	sasl.oauthbearer.expected.issuer = null
	sasl.oauthbearer.jwks.endpoint.refresh.ms = 3600000
	sasl.oauthbearer.jwks.endpoint.retry.backoff.max.ms = 10000
	sasl.oauthbearer.jwks.endpoint.retry.backoff.ms = 100
	sasl.oauthbearer.jwks.endpoint.url = null
	sasl.oauthbearer.scope.claim.name = scope
	sasl.oauthbearer.sub.claim.name = sub
	sasl.oauthbearer.token.endpoint.url = null
	security.protocol = PLAINTEXT
	security.providers = null
	send.buffer.bytes = 131072
	socket.connection.setup.timeout.max.ms = 30000
	socket.connection.setup.timeout.ms = 10000
	ssl.cipher.suites = null
	ssl.enabled.protocols = [TLSv1.2, TLSv1.3]
	ssl.endpoint.identification.algorithm = https
	ssl.engine.factory.class = null
	ssl.key.password = null
	ssl.keymanager.algorithm = SunX509
	ssl.keystore.certificate.chain = null
	ssl.keystore.key = null
	ssl.keystore.location = null
	ssl.keystore.password = null
	ssl.keystore.type = JKS
	ssl.protocol = TLSv1.3
	ssl.provider = null
	ssl.secure.random.implementation = null
	ssl.trustmanager.algorithm = PKIX
	ssl.truststore.certificates = null
	ssl.truststore.location = null
	ssl.truststore.password = null
	ssl.truststore.type = JKS
 (org.apache.kafka.clients.admin.AdminClientConfig:372)
[2026-03-04 15:48:33,564] INFO These configurations '[connector.client.config.override.policy, plugin.discovery, listeners, config.storage.topic, group.id, status.storage.topic, offset.flush.interval.ms, config.storage.replication.factor, status.storage.replication.factor, offset.storage.replication.factor, offset.storage.topic, value.converter, key.converter]' were supplied but are not used yet. (org.apache.kafka.clients.admin.AdminClientConfig:381)
[2026-03-04 15:48:33,564] INFO Kafka version: 3.8.1 (org.apache.kafka.common.utils.AppInfoParser:124)
[2026-03-04 15:48:33,564] INFO Kafka commitId: 70d6ff42debf7e17 (org.apache.kafka.common.utils.AppInfoParser:125)
[2026-03-04 15:48:33,564] INFO Kafka startTimeMs: 1772619513564 (org.apache.kafka.common.utils.AppInfoParser:126)
[2026-03-04 15:48:33,566] INFO Kafka cluster ID: O0f4olPMSbKgz2FfinXZHg (org.apache.kafka.connect.runtime.WorkerConfig:300)
[2026-03-04 15:48:33,566] INFO App info kafka.admin.client for adminclient-11 unregistered (org.apache.kafka.common.utils.AppInfoParser:88)
[2026-03-04 15:48:33,566] INFO Metrics scheduler closed (org.apache.kafka.common.metrics.Metrics:684)
[2026-03-04 15:48:33,566] INFO Closing reporter org.apache.kafka.common.metrics.JmxReporter (org.apache.kafka.common.metrics.Metrics:688)
[2026-03-04 15:48:33,566] INFO Metrics reporters closed (org.apache.kafka.common.metrics.Metrics:694)
[2026-03-04 15:48:33,566] INFO PublicConfig values: 
	access.control.allow.methods = 
	access.control.allow.origin = 
	admin.listeners = null
	listeners = [HTTP://localhost:0]
	response.http.headers.config = 
	rest.advertised.host.name = null
	rest.advertised.listener = null
	rest.advertised.port = null
	rest.extension.classes = []
	ssl.cipher.suites = null
	ssl.client.auth = none
	ssl.enabled.protocols = [TLSv1.2, TLSv1.3]
	ssl.endpoint.identification.algorithm = https
	ssl.engine.factory.class = null
	ssl.key.password = null
	ssl.keymanager.algorithm = SunX509
	ssl.keystore.certificate.chain = null
	ssl.keystore.key = null
	ssl.keystore.location = null
	ssl.keystore.password = null
	ssl.keystore.type = JKS
	ssl.protocol = TLSv1.3
	ssl.provider = null
	ssl.secure.random.implementation = null
	ssl.trustmanager.algorithm = PKIX
	ssl.truststore.certificates = null
	ssl.truststore.location = null
	ssl.truststore.password = null
	ssl.truststore.type = JKS
	topic.tracking.allow.reset = true
	topic.tracking.enable = true
 (org.apache.kafka.connect.runtime.rest.RestServerConfig$PublicConfig:372)
[2026-03-04 15:48:33,567] INFO Added connector for HTTP://localhost:0 (org.apache.kafka.connect.runtime.rest.RestServer:121)
[2026-03-04 15:48:33,567] INFO Initializing REST server (org.apache.kafka.connect.runtime.rest.RestServer:192)
[2026-03-04 15:48:33,567] INFO jetty-9.4.56.v20240826; built: 2024-08-26T17:15:05.868Z; git: ec6782ff5ead824dabdcf47fa98f90a4aedff401; jvm 25.0.2 (org.eclipse.jetty.server.Server:375)
[2026-03-04 15:48:33,568] INFO Started http_localhost0@5d9dcca0{HTTP/1.1, (http/1.1)}{localhost:33759} (org.eclipse.jetty.server.AbstractConnector:333)
[2026-03-04 15:48:33,568] INFO Started @37110ms (org.eclipse.jetty.server.Server:415)
[2026-03-04 15:48:33,568] INFO Advertised URI: http://localhost:33759/ (org.apache.kafka.connect.runtime.rest.RestServer:412)
[2026-03-04 15:48:33,568] INFO REST server listening at http://localhost:33759/, advertising URL http://localhost:33759/ (org.apache.kafka.connect.runtime.rest.RestServer:212)
[2026-03-04 15:48:33,568] INFO Advertised URI: http://localhost:33759/ (org.apache.kafka.connect.runtime.rest.RestServer:412)
[2026-03-04 15:48:33,568] INFO REST admin endpoints at http://localhost:33759/ (org.apache.kafka.connect.runtime.rest.RestServer:215)
[2026-03-04 15:48:33,568] INFO Advertised URI: http://localhost:33759/ (org.apache.kafka.connect.runtime.rest.RestServer:412)
[2026-03-04 15:48:33,568] INFO Setting up All Policy for ConnectorClientConfigOverride. This will allow all client configurations to be overridden (org.apache.kafka.connect.connector.policy.AllConnectorClientConfigOverridePolicy:44)
[2026-03-04 15:48:33,568] INFO JsonConverterConfig values: 
	converter.type = key
	decimal.format = BASE64
	replace.null.with.default = true
	schemas.cache.size = 1000
	schemas.enable = false
 (org.apache.kafka.connect.json.JsonConverterConfig:372)
[2026-03-04 15:48:33,568] INFO Kafka version: 3.8.1 (org.apache.kafka.common.utils.AppInfoParser:124)
[2026-03-04 15:48:33,568] INFO Kafka commitId: 70d6ff42debf7e17 (org.apache.kafka.common.utils.AppInfoParser:125)
[2026-03-04 15:48:33,568] INFO Kafka startTimeMs: 1772619513568 (org.apache.kafka.common.utils.AppInfoParser:126)
[2026-03-04 15:48:33,568] INFO JsonConverterConfig values: 
	converter.type = key
	decimal.format = BASE64
	replace.null.with.default = true
	schemas.cache.size = 1000
	schemas.enable = false
 (org.apache.kafka.connect.json.JsonConverterConfig:372)
[2026-03-04 15:48:33,568] INFO JsonConverterConfig values: 
	converter.type = value
	decimal.format = BASE64
	replace.null.with.default = true
	schemas.cache.size = 1000
	schemas.enable = false
 (org.apache.kafka.connect.json.JsonConverterConfig:372)
[2026-03-04 15:48:33,568] INFO Advertised URI: http://localhost:33759/ (org.apache.kafka.connect.runtime.rest.RestServer:412)
[2026-03-04 15:48:33,569] INFO Kafka version: 3.8.1 (org.apache.kafka.common.utils.AppInfoParser:124)
[2026-03-04 15:48:33,569] INFO Kafka commitId: 70d6ff42debf7e17 (org.apache.kafka.common.utils.AppInfoParser:125)
[2026-03-04 15:48:33,569] INFO Kafka startTimeMs: 1772619513569 (org.apache.kafka.common.utils.AppInfoParser:126)
[2026-03-04 15:48:33,569] INFO Kafka Connect worker initialization took 324ms (org.apache.kafka.connect.cli.AbstractConnectCli:141)
[2026-03-04 15:48:33,569] INFO Kafka Connect starting (org.apache.kafka.connect.runtime.Connect:51)
[2026-03-04 15:48:33,569] INFO Initializing REST resources (org.apache.kafka.connect.runtime.rest.RestServer:219)
[2026-03-04 15:48:33,569] INFO [Worker clientId=connect-localhost:33759, groupId=connect-integration-test-kcbq-connect-cluster] Herder starting (org.apache.kafka.connect.runtime.distributed.DistributedHerder:370)
[2026-03-04 15:48:33,569] INFO Worker starting (org.apache.kafka.connect.runtime.Worker:232)
[2026-03-04 15:48:33,569] INFO Starting KafkaOffsetBackingStore (org.apache.kafka.connect.storage.KafkaOffsetBackingStore:231)
[2026-03-04 15:48:33,569] INFO Starting KafkaBasedLog with topic connect-offset-topic-kcbq-connect-cluster reportErrorsToCallback=false (org.apache.kafka.connect.util.KafkaBasedLog:253)
[2026-03-04 15:48:33,569] INFO AdminClientConfig values: 
	auto.include.jmx.reporter = true
	bootstrap.controllers = []
	bootstrap.servers = [localhost:39731]
	client.dns.lookup = use_all_dns_ips
	client.id = connect-integration-test-kcbq-connect-cluster-shared-admin
	connections.max.idle.ms = 300000
	default.api.timeout.ms = 60000
	enable.metrics.push = true
	metadata.max.age.ms = 300000
	metadata.recovery.strategy = none
	metric.reporters = []
	metrics.num.samples = 2
	metrics.recording.level = INFO
	metrics.sample.window.ms = 30000
	receive.buffer.bytes = 65536
	reconnect.backoff.max.ms = 1000
	reconnect.backoff.ms = 50
	request.timeout.ms = 30000
	retries = 2147483647
	retry.backoff.max.ms = 1000
	retry.backoff.ms = 100
	sasl.client.callback.handler.class = null
	sasl.jaas.config = null
	sasl.kerberos.kinit.cmd = /usr/bin/kinit
	sasl.kerberos.min.time.before.relogin = 60000
	sasl.kerberos.service.name = null
	sasl.kerberos.ticket.renew.jitter = 0.05
	sasl.kerberos.ticket.renew.window.factor = 0.8
	sasl.login.callback.handler.class = null
	sasl.login.class = null
	sasl.login.connect.timeout.ms = null
	sasl.login.read.timeout.ms = null
	sasl.login.refresh.buffer.seconds = 300
	sasl.login.refresh.min.period.seconds = 60
	sasl.login.refresh.window.factor = 0.8
	sasl.login.refresh.window.jitter = 0.05
	sasl.login.retry.backoff.max.ms = 10000
	sasl.login.retry.backoff.ms = 100
	sasl.mechanism = GSSAPI
	sasl.oauthbearer.clock.skew.seconds = 30
	sasl.oauthbearer.expected.audience = null
	sasl.oauthbearer.expected.issuer = null
	sasl.oauthbearer.jwks.endpoint.refresh.ms = 3600000
	sasl.oauthbearer.jwks.endpoint.retry.backoff.max.ms = 10000
	sasl.oauthbearer.jwks.endpoint.retry.backoff.ms = 100
	sasl.oauthbearer.jwks.endpoint.url = null
	sasl.oauthbearer.scope.claim.name = scope
	sasl.oauthbearer.sub.claim.name = sub
	sasl.oauthbearer.token.endpoint.url = null
	security.protocol = PLAINTEXT
	security.providers = null
	send.buffer.bytes = 131072
	socket.connection.setup.timeout.max.ms = 30000
	socket.connection.setup.timeout.ms = 10000
	ssl.cipher.suites = null
	ssl.enabled.protocols = [TLSv1.2, TLSv1.3]
	ssl.endpoint.identification.algorithm = https
	ssl.engine.factory.class = null
	ssl.key.password = null
	ssl.keymanager.algorithm = SunX509
	ssl.keystore.certificate.chain = null
	ssl.keystore.key = null
	ssl.keystore.location = null
	ssl.keystore.password = null
	ssl.keystore.type = JKS
	ssl.protocol = TLSv1.3
	ssl.provider = null
	ssl.secure.random.implementation = null
	ssl.trustmanager.algorithm = PKIX
	ssl.truststore.certificates = null
	ssl.truststore.location = null
	ssl.truststore.password = null
	ssl.truststore.type = JKS
 (org.apache.kafka.clients.admin.AdminClientConfig:372)
[2026-03-04 15:48:33,569] INFO Adding admin resources to main listener (org.apache.kafka.connect.runtime.rest.RestServer:234)
[2026-03-04 15:48:33,569] INFO DefaultSessionIdManager workerName=node0 (org.eclipse.jetty.server.session:334)
[2026-03-04 15:48:33,569] INFO No SessionScavenger set, using defaults (org.eclipse.jetty.server.session:339)
[2026-03-04 15:48:33,569] INFO These configurations '[connector.client.config.override.policy, plugin.discovery, listeners, config.storage.topic, metrics.context.connect.group.id, group.id, status.storage.topic, offset.flush.interval.ms, config.storage.replication.factor, metrics.context.connect.kafka.cluster.id, status.storage.replication.factor, offset.storage.replication.factor, offset.storage.topic, value.converter, key.converter]' were supplied but are not used yet. (org.apache.kafka.clients.admin.AdminClientConfig:381)
[2026-03-04 15:48:33,569] INFO node0 Scavenging every 600000ms (org.eclipse.jetty.server.session:132)
[2026-03-04 15:48:33,569] INFO Kafka version: 3.8.1 (org.apache.kafka.common.utils.AppInfoParser:124)
[2026-03-04 15:48:33,569] INFO Kafka commitId: 70d6ff42debf7e17 (org.apache.kafka.common.utils.AppInfoParser:125)
[2026-03-04 15:48:33,569] INFO Kafka startTimeMs: 1772619513569 (org.apache.kafka.common.utils.AppInfoParser:126)
[2026-03-04 15:48:33,572] INFO Creating topic connect-offset-topic-kcbq-connect-cluster with configuration {cleanup.policy=compact} and initial partition assignment Map(23 -> ArrayBuffer(0), 8 -> ArrayBuffer(0), 17 -> ArrayBuffer(0), 11 -> ArrayBuffer(0), 2 -> ArrayBuffer(0), 20 -> ArrayBuffer(0), 5 -> ArrayBuffer(0), 14 -> ArrayBuffer(0), 4 -> ArrayBuffer(0), 13 -> ArrayBuffer(0), 22 -> ArrayBuffer(0), 7 -> ArrayBuffer(0), 16 -> ArrayBuffer(0), 10 -> ArrayBuffer(0), 1 -> ArrayBuffer(0), 19 -> ArrayBuffer(0), 9 -> ArrayBuffer(0), 18 -> ArrayBuffer(0), 12 -> ArrayBuffer(0), 3 -> ArrayBuffer(0), 21 -> ArrayBuffer(0), 15 -> ArrayBuffer(0), 6 -> ArrayBuffer(0), 24 -> ArrayBuffer(0), 0 -> ArrayBuffer(0)) (kafka.zk.AdminZkClient:66)
[2026-03-04 15:48:33,573] INFO [Controller id=0] New topics: [Set(connect-offset-topic-kcbq-connect-cluster)], deleted topics: [Set()], new partition replica assignment [Set(TopicIdReplicaAssignment(connect-offset-topic-kcbq-connect-cluster,Some(1XWp_uF_SiCImBdSJhFqkA),Map(connect-offset-topic-kcbq-connect-cluster-14 -> ReplicaAssignment(replicas=0, addingReplicas=, removingReplicas=), connect-offset-topic-kcbq-connect-cluster-10 -> ReplicaAssignment(replicas=0, addingReplicas=, removingReplicas=), connect-offset-topic-kcbq-connect-cluster-19 -> ReplicaAssignment(replicas=0, addingReplicas=, removingReplicas=), connect-offset-topic-kcbq-connect-cluster-16 -> ReplicaAssignment(replicas=0, addingReplicas=, removingReplicas=), connect-offset-topic-kcbq-connect-cluster-5 -> ReplicaAssignment(replicas=0, addingReplicas=, removingReplicas=), connect-offset-topic-kcbq-connect-cluster-7 -> ReplicaAssignment(replicas=0, addingReplicas=, removingReplicas=), connect-offset-topic-kcbq-connect-cluster-4 -> ReplicaAssignment(replicas=0, addingReplicas=, removingReplicas=), connect-offset-topic-kcbq-connect-cluster-0 -> ReplicaAssignment(replicas=0, addingReplicas=, removingReplicas=), connect-offset-topic-kcbq-connect-cluster-17 -> ReplicaAssignment(replicas=0, addingReplicas=, removingReplicas=), connect-offset-topic-kcbq-connect-cluster-13 -> ReplicaAssignment(replicas=0, addingReplicas=, removingReplicas=), connect-offset-topic-kcbq-connect-cluster-24 -> ReplicaAssignment(replicas=0, addingReplicas=, removingReplicas=), connect-offset-topic-kcbq-connect-cluster-22 -> ReplicaAssignment(replicas=0, addingReplicas=, removingReplicas=), connect-offset-topic-kcbq-connect-cluster-18 -> ReplicaAssignment(replicas=0, addingReplicas=, removingReplicas=), connect-offset-topic-kcbq-connect-cluster-3 -> ReplicaAssignment(replicas=0, addingReplicas=, removingReplicas=), connect-offset-topic-kcbq-connect-cluster-8 -> ReplicaAssignment(replicas=0, addingReplicas=, removingReplicas=), connect-offset-topic-kcbq-connect-cluster-12 -> ReplicaAssignment(replicas=0, addingReplicas=, removingReplicas=), connect-offset-topic-kcbq-connect-cluster-15 -> ReplicaAssignment(replicas=0, addingReplicas=, removingReplicas=), connect-offset-topic-kcbq-connect-cluster-9 -> ReplicaAssignment(replicas=0, addingReplicas=, removingReplicas=), connect-offset-topic-kcbq-connect-cluster-21 -> ReplicaAssignment(replicas=0, addingReplicas=, removingReplicas=), connect-offset-topic-kcbq-connect-cluster-2 -> ReplicaAssignment(replicas=0, addingReplicas=, removingReplicas=), connect-offset-topic-kcbq-connect-cluster-6 -> ReplicaAssignment(replicas=0, addingReplicas=, removingReplicas=), connect-offset-topic-kcbq-connect-cluster-20 -> ReplicaAssignment(replicas=0, addingReplicas=, removingReplicas=), connect-offset-topic-kcbq-connect-cluster-1 -> ReplicaAssignment(replicas=0, addingReplicas=, removingReplicas=), connect-offset-topic-kcbq-connect-cluster-11 -> ReplicaAssignment(replicas=0, addingReplicas=, removingReplicas=), connect-offset-topic-kcbq-connect-cluster-23 -> ReplicaAssignment(replicas=0, addingReplicas=, removingReplicas=))))] (kafka.controller.KafkaController:66)
[2026-03-04 15:48:33,574] INFO [Controller id=0] New partition creation callback for connect-offset-topic-kcbq-connect-cluster-14,connect-offset-topic-kcbq-connect-cluster-10,connect-offset-topic-kcbq-connect-cluster-19,connect-offset-topic-kcbq-connect-cluster-16,connect-offset-topic-kcbq-connect-cluster-5,connect-offset-topic-kcbq-connect-cluster-7,connect-offset-topic-kcbq-connect-cluster-4,connect-offset-topic-kcbq-connect-cluster-0,connect-offset-topic-kcbq-connect-cluster-17,connect-offset-topic-kcbq-connect-cluster-13,connect-offset-topic-kcbq-connect-cluster-24,connect-offset-topic-kcbq-connect-cluster-22,connect-offset-topic-kcbq-connect-cluster-18,connect-offset-topic-kcbq-connect-cluster-3,connect-offset-topic-kcbq-connect-cluster-8,connect-offset-topic-kcbq-connect-cluster-12,connect-offset-topic-kcbq-connect-cluster-15,connect-offset-topic-kcbq-connect-cluster-9,connect-offset-topic-kcbq-connect-cluster-21,connect-offset-topic-kcbq-connect-cluster-2,connect-offset-topic-kcbq-connect-cluster-6,connect-offset-topic-kcbq-connect-cluster-20,connect-offset-topic-kcbq-connect-cluster-1,connect-offset-topic-kcbq-connect-cluster-11,connect-offset-topic-kcbq-connect-cluster-23 (kafka.controller.KafkaController:66)
[2026-03-04 15:48:33,574] INFO [Controller id=0 epoch=1] Changed partition connect-offset-topic-kcbq-connect-cluster-14 state from NonExistentPartition to NewPartition with assigned replicas 0 (state.change.logger:66)
[2026-03-04 15:48:33,574] INFO [Controller id=0 epoch=1] Changed partition connect-offset-topic-kcbq-connect-cluster-10 state from NonExistentPartition to NewPartition with assigned replicas 0 (state.change.logger:66)
[2026-03-04 15:48:33,574] INFO [Controller id=0 epoch=1] Changed partition connect-offset-topic-kcbq-connect-cluster-19 state from NonExistentPartition to NewPartition with assigned replicas 0 (state.change.logger:66)
[2026-03-04 15:48:33,574] INFO [Controller id=0 epoch=1] Changed partition connect-offset-topic-kcbq-connect-cluster-16 state from NonExistentPartition to NewPartition with assigned replicas 0 (state.change.logger:66)
[2026-03-04 15:48:33,574] INFO [Controller id=0 epoch=1] Changed partition connect-offset-topic-kcbq-connect-cluster-5 state from NonExistentPartition to NewPartition with assigned replicas 0 (state.change.logger:66)
[2026-03-04 15:48:33,574] INFO [Controller id=0 epoch=1] Changed partition connect-offset-topic-kcbq-connect-cluster-7 state from NonExistentPartition to NewPartition with assigned replicas 0 (state.change.logger:66)
[2026-03-04 15:48:33,574] INFO [Controller id=0 epoch=1] Changed partition connect-offset-topic-kcbq-connect-cluster-4 state from NonExistentPartition to NewPartition with assigned replicas 0 (state.change.logger:66)
[2026-03-04 15:48:33,574] INFO [Controller id=0 epoch=1] Changed partition connect-offset-topic-kcbq-connect-cluster-0 state from NonExistentPartition to NewPartition with assigned replicas 0 (state.change.logger:66)
[2026-03-04 15:48:33,574] INFO [Controller id=0 epoch=1] Changed partition connect-offset-topic-kcbq-connect-cluster-17 state from NonExistentPartition to NewPartition with assigned replicas 0 (state.change.logger:66)
[2026-03-04 15:48:33,574] INFO [Controller id=0 epoch=1] Changed partition connect-offset-topic-kcbq-connect-cluster-13 state from NonExistentPartition to NewPartition with assigned replicas 0 (state.change.logger:66)
[2026-03-04 15:48:33,574] INFO [Controller id=0 epoch=1] Changed partition connect-offset-topic-kcbq-connect-cluster-24 state from NonExistentPartition to NewPartition with assigned replicas 0 (state.change.logger:66)
[2026-03-04 15:48:33,574] INFO [Controller id=0 epoch=1] Changed partition connect-offset-topic-kcbq-connect-cluster-22 state from NonExistentPartition to NewPartition with assigned replicas 0 (state.change.logger:66)
[2026-03-04 15:48:33,574] INFO [Controller id=0 epoch=1] Changed partition connect-offset-topic-kcbq-connect-cluster-18 state from NonExistentPartition to NewPartition with assigned replicas 0 (state.change.logger:66)
[2026-03-04 15:48:33,574] INFO [Controller id=0 epoch=1] Changed partition connect-offset-topic-kcbq-connect-cluster-3 state from NonExistentPartition to NewPartition with assigned replicas 0 (state.change.logger:66)
[2026-03-04 15:48:33,574] INFO [Controller id=0 epoch=1] Changed partition connect-offset-topic-kcbq-connect-cluster-8 state from NonExistentPartition to NewPartition with assigned replicas 0 (state.change.logger:66)
[2026-03-04 15:48:33,574] INFO [Controller id=0 epoch=1] Changed partition connect-offset-topic-kcbq-connect-cluster-12 state from NonExistentPartition to NewPartition with assigned replicas 0 (state.change.logger:66)
[2026-03-04 15:48:33,574] INFO [Controller id=0 epoch=1] Changed partition connect-offset-topic-kcbq-connect-cluster-15 state from NonExistentPartition to NewPartition with assigned replicas 0 (state.change.logger:66)
[2026-03-04 15:48:33,574] INFO [Controller id=0 epoch=1] Changed partition connect-offset-topic-kcbq-connect-cluster-9 state from NonExistentPartition to NewPartition with assigned replicas 0 (state.change.logger:66)
[2026-03-04 15:48:33,574] INFO [Controller id=0 epoch=1] Changed partition connect-offset-topic-kcbq-connect-cluster-21 state from NonExistentPartition to NewPartition with assigned replicas 0 (state.change.logger:66)
[2026-03-04 15:48:33,574] INFO [Controller id=0 epoch=1] Changed partition connect-offset-topic-kcbq-connect-cluster-2 state from NonExistentPartition to NewPartition with assigned replicas 0 (state.change.logger:66)
[2026-03-04 15:48:33,574] INFO [Controller id=0 epoch=1] Changed partition connect-offset-topic-kcbq-connect-cluster-6 state from NonExistentPartition to NewPartition with assigned replicas 0 (state.change.logger:66)
[2026-03-04 15:48:33,574] INFO [Controller id=0 epoch=1] Changed partition connect-offset-topic-kcbq-connect-cluster-20 state from NonExistentPartition to NewPartition with assigned replicas 0 (state.change.logger:66)
[2026-03-04 15:48:33,574] INFO [Controller id=0 epoch=1] Changed partition connect-offset-topic-kcbq-connect-cluster-1 state from NonExistentPartition to NewPartition with assigned replicas 0 (state.change.logger:66)
[2026-03-04 15:48:33,574] INFO [Controller id=0 epoch=1] Changed partition connect-offset-topic-kcbq-connect-cluster-11 state from NonExistentPartition to NewPartition with assigned replicas 0 (state.change.logger:66)
[2026-03-04 15:48:33,574] INFO [Controller id=0 epoch=1] Changed partition connect-offset-topic-kcbq-connect-cluster-23 state from NonExistentPartition to NewPartition with assigned replicas 0 (state.change.logger:66)
[2026-03-04 15:48:33,574] INFO [Controller id=0 epoch=1] Sending UpdateMetadata request to brokers Set() for 0 partitions (state.change.logger:66)
[2026-03-04 15:48:33,574] INFO [Controller id=0 epoch=1] Sending UpdateMetadata request to brokers Set() for 0 partitions (state.change.logger:66)
[2026-03-04 15:48:33,576] INFO [Controller id=0 epoch=1] Changed partition connect-offset-topic-kcbq-connect-cluster-14 from NewPartition to OnlinePartition with state LeaderAndIsr(leader=0, leaderEpoch=0, isrWithBrokerEpoch=List(BrokerState(brokerId=0, brokerEpoch=-1)), leaderRecoveryState=RECOVERED, partitionEpoch=0) (state.change.logger:66)
[2026-03-04 15:48:33,577] INFO [Controller id=0 epoch=1] Changed partition connect-offset-topic-kcbq-connect-cluster-10 from NewPartition to OnlinePartition with state LeaderAndIsr(leader=0, leaderEpoch=0, isrWithBrokerEpoch=List(BrokerState(brokerId=0, brokerEpoch=-1)), leaderRecoveryState=RECOVERED, partitionEpoch=0) (state.change.logger:66)
[2026-03-04 15:48:33,577] INFO [Controller id=0 epoch=1] Changed partition connect-offset-topic-kcbq-connect-cluster-19 from NewPartition to OnlinePartition with state LeaderAndIsr(leader=0, leaderEpoch=0, isrWithBrokerEpoch=List(BrokerState(brokerId=0, brokerEpoch=-1)), leaderRecoveryState=RECOVERED, partitionEpoch=0) (state.change.logger:66)
[2026-03-04 15:48:33,577] INFO [Controller id=0 epoch=1] Changed partition connect-offset-topic-kcbq-connect-cluster-16 from NewPartition to OnlinePartition with state LeaderAndIsr(leader=0, leaderEpoch=0, isrWithBrokerEpoch=List(BrokerState(brokerId=0, brokerEpoch=-1)), leaderRecoveryState=RECOVERED, partitionEpoch=0) (state.change.logger:66)
[2026-03-04 15:48:33,577] INFO [Controller id=0 epoch=1] Changed partition connect-offset-topic-kcbq-connect-cluster-5 from NewPartition to OnlinePartition with state LeaderAndIsr(leader=0, leaderEpoch=0, isrWithBrokerEpoch=List(BrokerState(brokerId=0, brokerEpoch=-1)), leaderRecoveryState=RECOVERED, partitionEpoch=0) (state.change.logger:66)
[2026-03-04 15:48:33,577] INFO [Controller id=0 epoch=1] Changed partition connect-offset-topic-kcbq-connect-cluster-7 from NewPartition to OnlinePartition with state LeaderAndIsr(leader=0, leaderEpoch=0, isrWithBrokerEpoch=List(BrokerState(brokerId=0, brokerEpoch=-1)), leaderRecoveryState=RECOVERED, partitionEpoch=0) (state.change.logger:66)
[2026-03-04 15:48:33,577] INFO [Controller id=0 epoch=1] Changed partition connect-offset-topic-kcbq-connect-cluster-4 from NewPartition to OnlinePartition with state LeaderAndIsr(leader=0, leaderEpoch=0, isrWithBrokerEpoch=List(BrokerState(brokerId=0, brokerEpoch=-1)), leaderRecoveryState=RECOVERED, partitionEpoch=0) (state.change.logger:66)
[2026-03-04 15:48:33,577] INFO [Controller id=0 epoch=1] Changed partition connect-offset-topic-kcbq-connect-cluster-0 from NewPartition to OnlinePartition with state LeaderAndIsr(leader=0, leaderEpoch=0, isrWithBrokerEpoch=List(BrokerState(brokerId=0, brokerEpoch=-1)), leaderRecoveryState=RECOVERED, partitionEpoch=0) (state.change.logger:66)
[2026-03-04 15:48:33,577] INFO [Controller id=0 epoch=1] Changed partition connect-offset-topic-kcbq-connect-cluster-17 from NewPartition to OnlinePartition with state LeaderAndIsr(leader=0, leaderEpoch=0, isrWithBrokerEpoch=List(BrokerState(brokerId=0, brokerEpoch=-1)), leaderRecoveryState=RECOVERED, partitionEpoch=0) (state.change.logger:66)
[2026-03-04 15:48:33,577] INFO [Controller id=0 epoch=1] Changed partition connect-offset-topic-kcbq-connect-cluster-13 from NewPartition to OnlinePartition with state LeaderAndIsr(leader=0, leaderEpoch=0, isrWithBrokerEpoch=List(BrokerState(brokerId=0, brokerEpoch=-1)), leaderRecoveryState=RECOVERED, partitionEpoch=0) (state.change.logger:66)
[2026-03-04 15:48:33,577] INFO [Controller id=0 epoch=1] Changed partition connect-offset-topic-kcbq-connect-cluster-24 from NewPartition to OnlinePartition with state LeaderAndIsr(leader=0, leaderEpoch=0, isrWithBrokerEpoch=List(BrokerState(brokerId=0, brokerEpoch=-1)), leaderRecoveryState=RECOVERED, partitionEpoch=0) (state.change.logger:66)
[2026-03-04 15:48:33,577] INFO [Controller id=0 epoch=1] Changed partition connect-offset-topic-kcbq-connect-cluster-22 from NewPartition to OnlinePartition with state LeaderAndIsr(leader=0, leaderEpoch=0, isrWithBrokerEpoch=List(BrokerState(brokerId=0, brokerEpoch=-1)), leaderRecoveryState=RECOVERED, partitionEpoch=0) (state.change.logger:66)
[2026-03-04 15:48:33,577] INFO [Controller id=0 epoch=1] Changed partition connect-offset-topic-kcbq-connect-cluster-18 from NewPartition to OnlinePartition with state LeaderAndIsr(leader=0, leaderEpoch=0, isrWithBrokerEpoch=List(BrokerState(brokerId=0, brokerEpoch=-1)), leaderRecoveryState=RECOVERED, partitionEpoch=0) (state.change.logger:66)
[2026-03-04 15:48:33,577] INFO [Controller id=0 epoch=1] Changed partition connect-offset-topic-kcbq-connect-cluster-3 from NewPartition to OnlinePartition with state LeaderAndIsr(leader=0, leaderEpoch=0, isrWithBrokerEpoch=List(BrokerState(brokerId=0, brokerEpoch=-1)), leaderRecoveryState=RECOVERED, partitionEpoch=0) (state.change.logger:66)
[2026-03-04 15:48:33,577] INFO [Controller id=0 epoch=1] Changed partition connect-offset-topic-kcbq-connect-cluster-8 from NewPartition to OnlinePartition with state LeaderAndIsr(leader=0, leaderEpoch=0, isrWithBrokerEpoch=List(BrokerState(brokerId=0, brokerEpoch=-1)), leaderRecoveryState=RECOVERED, partitionEpoch=0) (state.change.logger:66)
[2026-03-04 15:48:33,577] INFO [Controller id=0 epoch=1] Changed partition connect-offset-topic-kcbq-connect-cluster-12 from NewPartition to OnlinePartition with state LeaderAndIsr(leader=0, leaderEpoch=0, isrWithBrokerEpoch=List(BrokerState(brokerId=0, brokerEpoch=-1)), leaderRecoveryState=RECOVERED, partitionEpoch=0) (state.change.logger:66)
[2026-03-04 15:48:33,577] INFO [Controller id=0 epoch=1] Changed partition connect-offset-topic-kcbq-connect-cluster-15 from NewPartition to OnlinePartition with state LeaderAndIsr(leader=0, leaderEpoch=0, isrWithBrokerEpoch=List(BrokerState(brokerId=0, brokerEpoch=-1)), leaderRecoveryState=RECOVERED, partitionEpoch=0) (state.change.logger:66)
[2026-03-04 15:48:33,577] INFO [Controller id=0 epoch=1] Changed partition connect-offset-topic-kcbq-connect-cluster-9 from NewPartition to OnlinePartition with state LeaderAndIsr(leader=0, leaderEpoch=0, isrWithBrokerEpoch=List(BrokerState(brokerId=0, brokerEpoch=-1)), leaderRecoveryState=RECOVERED, partitionEpoch=0) (state.change.logger:66)
[2026-03-04 15:48:33,577] INFO [Controller id=0 epoch=1] Changed partition connect-offset-topic-kcbq-connect-cluster-21 from NewPartition to OnlinePartition with state LeaderAndIsr(leader=0, leaderEpoch=0, isrWithBrokerEpoch=List(BrokerState(brokerId=0, brokerEpoch=-1)), leaderRecoveryState=RECOVERED, partitionEpoch=0) (state.change.logger:66)
[2026-03-04 15:48:33,577] INFO [Controller id=0 epoch=1] Changed partition connect-offset-topic-kcbq-connect-cluster-2 from NewPartition to OnlinePartition with state LeaderAndIsr(leader=0, leaderEpoch=0, isrWithBrokerEpoch=List(BrokerState(brokerId=0, brokerEpoch=-1)), leaderRecoveryState=RECOVERED, partitionEpoch=0) (state.change.logger:66)
[2026-03-04 15:48:33,577] INFO [Controller id=0 epoch=1] Changed partition connect-offset-topic-kcbq-connect-cluster-6 from NewPartition to OnlinePartition with state LeaderAndIsr(leader=0, leaderEpoch=0, isrWithBrokerEpoch=List(BrokerState(brokerId=0, brokerEpoch=-1)), leaderRecoveryState=RECOVERED, partitionEpoch=0) (state.change.logger:66)
[2026-03-04 15:48:33,577] INFO [Controller id=0 epoch=1] Changed partition connect-offset-topic-kcbq-connect-cluster-20 from NewPartition to OnlinePartition with state LeaderAndIsr(leader=0, leaderEpoch=0, isrWithBrokerEpoch=List(BrokerState(brokerId=0, brokerEpoch=-1)), leaderRecoveryState=RECOVERED, partitionEpoch=0) (state.change.logger:66)
[2026-03-04 15:48:33,577] INFO [Controller id=0 epoch=1] Changed partition connect-offset-topic-kcbq-connect-cluster-1 from NewPartition to OnlinePartition with state LeaderAndIsr(leader=0, leaderEpoch=0, isrWithBrokerEpoch=List(BrokerState(brokerId=0, brokerEpoch=-1)), leaderRecoveryState=RECOVERED, partitionEpoch=0) (state.change.logger:66)
[2026-03-04 15:48:33,579] INFO [Controller id=0 epoch=1] Changed partition connect-offset-topic-kcbq-connect-cluster-11 from NewPartition to OnlinePartition with state LeaderAndIsr(leader=0, leaderEpoch=0, isrWithBrokerEpoch=List(BrokerState(brokerId=0, brokerEpoch=-1)), leaderRecoveryState=RECOVERED, partitionEpoch=0) (state.change.logger:66)
[2026-03-04 15:48:33,579] INFO [Controller id=0 epoch=1] Changed partition connect-offset-topic-kcbq-connect-cluster-23 from NewPartition to OnlinePartition with state LeaderAndIsr(leader=0, leaderEpoch=0, isrWithBrokerEpoch=List(BrokerState(brokerId=0, brokerEpoch=-1)), leaderRecoveryState=RECOVERED, partitionEpoch=0) (state.change.logger:66)
[2026-03-04 15:48:33,580] INFO [Controller id=0 epoch=1] Sending LeaderAndIsr request to broker 0 with 25 become-leader and 0 become-follower partitions (state.change.logger:66)
[2026-03-04 15:48:33,580] INFO [Controller id=0 epoch=1] Sending UpdateMetadata request to brokers Set(0) for 25 partitions (state.change.logger:66)
[2026-03-04 15:48:33,580] INFO [Controller id=0 epoch=1] Sending UpdateMetadata request to brokers Set() for 0 partitions (state.change.logger:66)
[2026-03-04 15:48:33,580] INFO [Broker id=0] Handling LeaderAndIsr request correlationId 1 from controller 0 for 25 partitions (state.change.logger:66)
[2026-03-04 15:48:33,581] INFO [ReplicaFetcherManager on broker 0] Removed fetcher for partitions Set(connect-offset-topic-kcbq-connect-cluster-14, connect-offset-topic-kcbq-connect-cluster-10, connect-offset-topic-kcbq-connect-cluster-19, connect-offset-topic-kcbq-connect-cluster-16, connect-offset-topic-kcbq-connect-cluster-5, connect-offset-topic-kcbq-connect-cluster-7, connect-offset-topic-kcbq-connect-cluster-4, connect-offset-topic-kcbq-connect-cluster-0, connect-offset-topic-kcbq-connect-cluster-17, connect-offset-topic-kcbq-connect-cluster-13, connect-offset-topic-kcbq-connect-cluster-24, connect-offset-topic-kcbq-connect-cluster-22, connect-offset-topic-kcbq-connect-cluster-18, connect-offset-topic-kcbq-connect-cluster-3, connect-offset-topic-kcbq-connect-cluster-8, connect-offset-topic-kcbq-connect-cluster-12, connect-offset-topic-kcbq-connect-cluster-15, connect-offset-topic-kcbq-connect-cluster-9, connect-offset-topic-kcbq-connect-cluster-21, connect-offset-topic-kcbq-connect-cluster-2, connect-offset-topic-kcbq-connect-cluster-6, connect-offset-topic-kcbq-connect-cluster-20, connect-offset-topic-kcbq-connect-cluster-1, connect-offset-topic-kcbq-connect-cluster-11, connect-offset-topic-kcbq-connect-cluster-23) (kafka.server.ReplicaFetcherManager:66)
[2026-03-04 15:48:33,581] INFO [Broker id=0] Stopped fetchers as part of LeaderAndIsr request correlationId 1 from controller 0 epoch 1 as part of the become-leader transition for 25 partitions (state.change.logger:66)
[2026-03-04 15:48:33,582] INFO [LogLoader partition=connect-offset-topic-kcbq-connect-cluster-10, dir=/tmp/EmbeddedKafkaCluster3024498146076714957] Loading producer state till offset 0 with message format version 2 (kafka.log.UnifiedLog$:1937)
[2026-03-04 15:48:33,582] INFO Created log for partition connect-offset-topic-kcbq-connect-cluster-10 in /tmp/EmbeddedKafkaCluster3024498146076714957/connect-offset-topic-kcbq-connect-cluster-10 with properties {cleanup.policy=compact} (kafka.log.LogManager:66)
[2026-03-04 15:48:33,582] INFO [Partition connect-offset-topic-kcbq-connect-cluster-10 broker=0] No checkpointed highwatermark is found for partition connect-offset-topic-kcbq-connect-cluster-10 (kafka.cluster.Partition:66)
[2026-03-04 15:48:33,582] INFO [Partition connect-offset-topic-kcbq-connect-cluster-10 broker=0] Log loaded for partition connect-offset-topic-kcbq-connect-cluster-10 with initial high watermark 0 (kafka.cluster.Partition:66)
[2026-03-04 15:48:33,582] INFO [Broker id=0] Leader connect-offset-topic-kcbq-connect-cluster-10 with topic id Some(1XWp_uF_SiCImBdSJhFqkA) starts at leader epoch 0 from offset 0 with partition epoch 0, high watermark 0, ISR [0], adding replicas [] and removing replicas [] . Previous leader None and previous leader epoch was -1. (state.change.logger:66)
[2026-03-04 15:48:33,583] INFO [LogLoader partition=connect-offset-topic-kcbq-connect-cluster-7, dir=/tmp/EmbeddedKafkaCluster3024498146076714957] Loading producer state till offset 0 with message format version 2 (kafka.log.UnifiedLog$:1937)
[2026-03-04 15:48:33,583] INFO Created log for partition connect-offset-topic-kcbq-connect-cluster-7 in /tmp/EmbeddedKafkaCluster3024498146076714957/connect-offset-topic-kcbq-connect-cluster-7 with properties {cleanup.policy=compact} (kafka.log.LogManager:66)
[2026-03-04 15:48:33,583] INFO [Partition connect-offset-topic-kcbq-connect-cluster-7 broker=0] No checkpointed highwatermark is found for partition connect-offset-topic-kcbq-connect-cluster-7 (kafka.cluster.Partition:66)
[2026-03-04 15:48:33,583] INFO [Partition connect-offset-topic-kcbq-connect-cluster-7 broker=0] Log loaded for partition connect-offset-topic-kcbq-connect-cluster-7 with initial high watermark 0 (kafka.cluster.Partition:66)
[2026-03-04 15:48:33,583] INFO [Broker id=0] Leader connect-offset-topic-kcbq-connect-cluster-7 with topic id Some(1XWp_uF_SiCImBdSJhFqkA) starts at leader epoch 0 from offset 0 with partition epoch 0, high watermark 0, ISR [0], adding replicas [] and removing replicas [] . Previous leader None and previous leader epoch was -1. (state.change.logger:66)
[2026-03-04 15:48:33,584] INFO [LogLoader partition=connect-offset-topic-kcbq-connect-cluster-4, dir=/tmp/EmbeddedKafkaCluster3024498146076714957] Loading producer state till offset 0 with message format version 2 (kafka.log.UnifiedLog$:1937)
[2026-03-04 15:48:33,584] INFO Created log for partition connect-offset-topic-kcbq-connect-cluster-4 in /tmp/EmbeddedKafkaCluster3024498146076714957/connect-offset-topic-kcbq-connect-cluster-4 with properties {cleanup.policy=compact} (kafka.log.LogManager:66)
[2026-03-04 15:48:33,584] INFO [Partition connect-offset-topic-kcbq-connect-cluster-4 broker=0] No checkpointed highwatermark is found for partition connect-offset-topic-kcbq-connect-cluster-4 (kafka.cluster.Partition:66)
[2026-03-04 15:48:33,584] INFO [Partition connect-offset-topic-kcbq-connect-cluster-4 broker=0] Log loaded for partition connect-offset-topic-kcbq-connect-cluster-4 with initial high watermark 0 (kafka.cluster.Partition:66)
[2026-03-04 15:48:33,584] INFO [Broker id=0] Leader connect-offset-topic-kcbq-connect-cluster-4 with topic id Some(1XWp_uF_SiCImBdSJhFqkA) starts at leader epoch 0 from offset 0 with partition epoch 0, high watermark 0, ISR [0], adding replicas [] and removing replicas [] . Previous leader None and previous leader epoch was -1. (state.change.logger:66)
[2026-03-04 15:48:33,585] INFO [LogLoader partition=connect-offset-topic-kcbq-connect-cluster-23, dir=/tmp/EmbeddedKafkaCluster3024498146076714957] Loading producer state till offset 0 with message format version 2 (kafka.log.UnifiedLog$:1937)
[2026-03-04 15:48:33,585] INFO Created log for partition connect-offset-topic-kcbq-connect-cluster-23 in /tmp/EmbeddedKafkaCluster3024498146076714957/connect-offset-topic-kcbq-connect-cluster-23 with properties {cleanup.policy=compact} (kafka.log.LogManager:66)
[2026-03-04 15:48:33,585] INFO [Partition connect-offset-topic-kcbq-connect-cluster-23 broker=0] No checkpointed highwatermark is found for partition connect-offset-topic-kcbq-connect-cluster-23 (kafka.cluster.Partition:66)
[2026-03-04 15:48:33,585] INFO [Partition connect-offset-topic-kcbq-connect-cluster-23 broker=0] Log loaded for partition connect-offset-topic-kcbq-connect-cluster-23 with initial high watermark 0 (kafka.cluster.Partition:66)
[2026-03-04 15:48:33,585] INFO [Broker id=0] Leader connect-offset-topic-kcbq-connect-cluster-23 with topic id Some(1XWp_uF_SiCImBdSJhFqkA) starts at leader epoch 0 from offset 0 with partition epoch 0, high watermark 0, ISR [0], adding replicas [] and removing replicas [] . Previous leader None and previous leader epoch was -1. (state.change.logger:66)
[2026-03-04 15:48:33,586] INFO [LogLoader partition=connect-offset-topic-kcbq-connect-cluster-1, dir=/tmp/EmbeddedKafkaCluster3024498146076714957] Loading producer state till offset 0 with message format version 2 (kafka.log.UnifiedLog$:1937)
[2026-03-04 15:48:33,586] INFO Created log for partition connect-offset-topic-kcbq-connect-cluster-1 in /tmp/EmbeddedKafkaCluster3024498146076714957/connect-offset-topic-kcbq-connect-cluster-1 with properties {cleanup.policy=compact} (kafka.log.LogManager:66)
[2026-03-04 15:48:33,586] INFO [Partition connect-offset-topic-kcbq-connect-cluster-1 broker=0] No checkpointed highwatermark is found for partition connect-offset-topic-kcbq-connect-cluster-1 (kafka.cluster.Partition:66)
[2026-03-04 15:48:33,586] INFO [Partition connect-offset-topic-kcbq-connect-cluster-1 broker=0] Log loaded for partition connect-offset-topic-kcbq-connect-cluster-1 with initial high watermark 0 (kafka.cluster.Partition:66)
[2026-03-04 15:48:33,586] INFO [Broker id=0] Leader connect-offset-topic-kcbq-connect-cluster-1 with topic id Some(1XWp_uF_SiCImBdSJhFqkA) starts at leader epoch 0 from offset 0 with partition epoch 0, high watermark 0, ISR [0], adding replicas [] and removing replicas [] . Previous leader None and previous leader epoch was -1. (state.change.logger:66)
[2026-03-04 15:48:33,586] INFO [LogLoader partition=connect-offset-topic-kcbq-connect-cluster-20, dir=/tmp/EmbeddedKafkaCluster3024498146076714957] Loading producer state till offset 0 with message format version 2 (kafka.log.UnifiedLog$:1937)
[2026-03-04 15:48:33,586] INFO Created log for partition connect-offset-topic-kcbq-connect-cluster-20 in /tmp/EmbeddedKafkaCluster3024498146076714957/connect-offset-topic-kcbq-connect-cluster-20 with properties {cleanup.policy=compact} (kafka.log.LogManager:66)
[2026-03-04 15:48:33,586] INFO [Partition connect-offset-topic-kcbq-connect-cluster-20 broker=0] No checkpointed highwatermark is found for partition connect-offset-topic-kcbq-connect-cluster-20 (kafka.cluster.Partition:66)
[2026-03-04 15:48:33,586] INFO [Partition connect-offset-topic-kcbq-connect-cluster-20 broker=0] Log loaded for partition connect-offset-topic-kcbq-connect-cluster-20 with initial high watermark 0 (kafka.cluster.Partition:66)
[2026-03-04 15:48:33,586] INFO [Broker id=0] Leader connect-offset-topic-kcbq-connect-cluster-20 with topic id Some(1XWp_uF_SiCImBdSJhFqkA) starts at leader epoch 0 from offset 0 with partition epoch 0, high watermark 0, ISR [0], adding replicas [] and removing replicas [] . Previous leader None and previous leader epoch was -1. (state.change.logger:66)
[2026-03-04 15:48:33,587] INFO [LogLoader partition=connect-offset-topic-kcbq-connect-cluster-17, dir=/tmp/EmbeddedKafkaCluster3024498146076714957] Loading producer state till offset 0 with message format version 2 (kafka.log.UnifiedLog$:1937)
[2026-03-04 15:48:33,587] INFO Created log for partition connect-offset-topic-kcbq-connect-cluster-17 in /tmp/EmbeddedKafkaCluster3024498146076714957/connect-offset-topic-kcbq-connect-cluster-17 with properties {cleanup.policy=compact} (kafka.log.LogManager:66)
[2026-03-04 15:48:33,587] INFO [Partition connect-offset-topic-kcbq-connect-cluster-17 broker=0] No checkpointed highwatermark is found for partition connect-offset-topic-kcbq-connect-cluster-17 (kafka.cluster.Partition:66)
[2026-03-04 15:48:33,587] INFO [Partition connect-offset-topic-kcbq-connect-cluster-17 broker=0] Log loaded for partition connect-offset-topic-kcbq-connect-cluster-17 with initial high watermark 0 (kafka.cluster.Partition:66)
[2026-03-04 15:48:33,587] INFO [Broker id=0] Leader connect-offset-topic-kcbq-connect-cluster-17 with topic id Some(1XWp_uF_SiCImBdSJhFqkA) starts at leader epoch 0 from offset 0 with partition epoch 0, high watermark 0, ISR [0], adding replicas [] and removing replicas [] . Previous leader None and previous leader epoch was -1. (state.change.logger:66)
[2026-03-04 15:48:33,587] INFO [LogLoader partition=connect-offset-topic-kcbq-connect-cluster-14, dir=/tmp/EmbeddedKafkaCluster3024498146076714957] Loading producer state till offset 0 with message format version 2 (kafka.log.UnifiedLog$:1937)
[2026-03-04 15:48:33,587] INFO Created log for partition connect-offset-topic-kcbq-connect-cluster-14 in /tmp/EmbeddedKafkaCluster3024498146076714957/connect-offset-topic-kcbq-connect-cluster-14 with properties {cleanup.policy=compact} (kafka.log.LogManager:66)
[2026-03-04 15:48:33,587] INFO [Partition connect-offset-topic-kcbq-connect-cluster-14 broker=0] No checkpointed highwatermark is found for partition connect-offset-topic-kcbq-connect-cluster-14 (kafka.cluster.Partition:66)
[2026-03-04 15:48:33,587] INFO [Partition connect-offset-topic-kcbq-connect-cluster-14 broker=0] Log loaded for partition connect-offset-topic-kcbq-connect-cluster-14 with initial high watermark 0 (kafka.cluster.Partition:66)
[2026-03-04 15:48:33,587] INFO [Broker id=0] Leader connect-offset-topic-kcbq-connect-cluster-14 with topic id Some(1XWp_uF_SiCImBdSJhFqkA) starts at leader epoch 0 from offset 0 with partition epoch 0, high watermark 0, ISR [0], adding replicas [] and removing replicas [] . Previous leader None and previous leader epoch was -1. (state.change.logger:66)
[2026-03-04 15:48:33,588] INFO Started o.e.j.s.ServletContextHandler@7bd43ad7{/,null,AVAILABLE} (org.eclipse.jetty.server.handler.ContextHandler:921)
[2026-03-04 15:48:33,588] INFO REST resources initialized; server is started and ready to handle requests (org.apache.kafka.connect.runtime.rest.RestServer:299)
[2026-03-04 15:48:33,588] INFO Kafka Connect started (org.apache.kafka.connect.runtime.Connect:57)
[2026-03-04 15:48:33,588] INFO [LogLoader partition=connect-offset-topic-kcbq-connect-cluster-11, dir=/tmp/EmbeddedKafkaCluster3024498146076714957] Loading producer state till offset 0 with message format version 2 (kafka.log.UnifiedLog$:1937)
[2026-03-04 15:48:33,588] INFO Created log for partition connect-offset-topic-kcbq-connect-cluster-11 in /tmp/EmbeddedKafkaCluster3024498146076714957/connect-offset-topic-kcbq-connect-cluster-11 with properties {cleanup.policy=compact} (kafka.log.LogManager:66)
[2026-03-04 15:48:33,588] INFO [Partition connect-offset-topic-kcbq-connect-cluster-11 broker=0] No checkpointed highwatermark is found for partition connect-offset-topic-kcbq-connect-cluster-11 (kafka.cluster.Partition:66)
[2026-03-04 15:48:33,588] INFO [Partition connect-offset-topic-kcbq-connect-cluster-11 broker=0] Log loaded for partition connect-offset-topic-kcbq-connect-cluster-11 with initial high watermark 0 (kafka.cluster.Partition:66)
[2026-03-04 15:48:33,588] INFO [Broker id=0] Leader connect-offset-topic-kcbq-connect-cluster-11 with topic id Some(1XWp_uF_SiCImBdSJhFqkA) starts at leader epoch 0 from offset 0 with partition epoch 0, high watermark 0, ISR [0], adding replicas [] and removing replicas [] . Previous leader None and previous leader epoch was -1. (state.change.logger:66)
[2026-03-04 15:48:33,589] INFO Completed startup of 1 Kafka brokers (org.apache.kafka.connect.util.clusters.EmbeddedConnect:143)
[2026-03-04 15:48:33,589] INFO [LogLoader partition=connect-offset-topic-kcbq-connect-cluster-8, dir=/tmp/EmbeddedKafkaCluster3024498146076714957] Loading producer state till offset 0 with message format version 2 (kafka.log.UnifiedLog$:1937)
[2026-03-04 15:48:33,589] INFO Created log for partition connect-offset-topic-kcbq-connect-cluster-8 in /tmp/EmbeddedKafkaCluster3024498146076714957/connect-offset-topic-kcbq-connect-cluster-8 with properties {cleanup.policy=compact} (kafka.log.LogManager:66)
[2026-03-04 15:48:33,589] INFO [Partition connect-offset-topic-kcbq-connect-cluster-8 broker=0] No checkpointed highwatermark is found for partition connect-offset-topic-kcbq-connect-cluster-8 (kafka.cluster.Partition:66)
[2026-03-04 15:48:33,589] INFO [Partition connect-offset-topic-kcbq-connect-cluster-8 broker=0] Log loaded for partition connect-offset-topic-kcbq-connect-cluster-8 with initial high watermark 0 (kafka.cluster.Partition:66)
[2026-03-04 15:48:33,589] INFO [Broker id=0] Leader connect-offset-topic-kcbq-connect-cluster-8 with topic id Some(1XWp_uF_SiCImBdSJhFqkA) starts at leader epoch 0 from offset 0 with partition epoch 0, high watermark 0, ISR [0], adding replicas [] and removing replicas [] . Previous leader None and previous leader epoch was -1. (state.change.logger:66)
[2026-03-04 15:48:33,589] INFO [LogLoader partition=connect-offset-topic-kcbq-connect-cluster-5, dir=/tmp/EmbeddedKafkaCluster3024498146076714957] Loading producer state till offset 0 with message format version 2 (kafka.log.UnifiedLog$:1937)
[2026-03-04 15:48:33,590] INFO Created log for partition connect-offset-topic-kcbq-connect-cluster-5 in /tmp/EmbeddedKafkaCluster3024498146076714957/connect-offset-topic-kcbq-connect-cluster-5 with properties {cleanup.policy=compact} (kafka.log.LogManager:66)
[2026-03-04 15:48:33,590] INFO [Partition connect-offset-topic-kcbq-connect-cluster-5 broker=0] No checkpointed highwatermark is found for partition connect-offset-topic-kcbq-connect-cluster-5 (kafka.cluster.Partition:66)
[2026-03-04 15:48:33,590] INFO [Partition connect-offset-topic-kcbq-connect-cluster-5 broker=0] Log loaded for partition connect-offset-topic-kcbq-connect-cluster-5 with initial high watermark 0 (kafka.cluster.Partition:66)
[2026-03-04 15:48:33,590] INFO [Broker id=0] Leader connect-offset-topic-kcbq-connect-cluster-5 with topic id Some(1XWp_uF_SiCImBdSJhFqkA) starts at leader epoch 0 from offset 0 with partition epoch 0, high watermark 0, ISR [0], adding replicas [] and removing replicas [] . Previous leader None and previous leader epoch was -1. (state.change.logger:66)
[2026-03-04 15:48:33,590] INFO [LogLoader partition=connect-offset-topic-kcbq-connect-cluster-24, dir=/tmp/EmbeddedKafkaCluster3024498146076714957] Loading producer state till offset 0 with message format version 2 (kafka.log.UnifiedLog$:1937)
[2026-03-04 15:48:33,590] INFO Created log for partition connect-offset-topic-kcbq-connect-cluster-24 in /tmp/EmbeddedKafkaCluster3024498146076714957/connect-offset-topic-kcbq-connect-cluster-24 with properties {cleanup.policy=compact} (kafka.log.LogManager:66)
[2026-03-04 15:48:33,590] INFO [Partition connect-offset-topic-kcbq-connect-cluster-24 broker=0] No checkpointed highwatermark is found for partition connect-offset-topic-kcbq-connect-cluster-24 (kafka.cluster.Partition:66)
[2026-03-04 15:48:33,590] INFO [Partition connect-offset-topic-kcbq-connect-cluster-24 broker=0] Log loaded for partition connect-offset-topic-kcbq-connect-cluster-24 with initial high watermark 0 (kafka.cluster.Partition:66)
[2026-03-04 15:48:33,590] INFO [Broker id=0] Leader connect-offset-topic-kcbq-connect-cluster-24 with topic id Some(1XWp_uF_SiCImBdSJhFqkA) starts at leader epoch 0 from offset 0 with partition epoch 0, high watermark 0, ISR [0], adding replicas [] and removing replicas [] . Previous leader None and previous leader epoch was -1. (state.change.logger:66)
[2026-03-04 15:48:33,591] INFO [LogLoader partition=connect-offset-topic-kcbq-connect-cluster-2, dir=/tmp/EmbeddedKafkaCluster3024498146076714957] Loading producer state till offset 0 with message format version 2 (kafka.log.UnifiedLog$:1937)
[2026-03-04 15:48:33,591] INFO Created log for partition connect-offset-topic-kcbq-connect-cluster-2 in /tmp/EmbeddedKafkaCluster3024498146076714957/connect-offset-topic-kcbq-connect-cluster-2 with properties {cleanup.policy=compact} (kafka.log.LogManager:66)
[2026-03-04 15:48:33,591] INFO [Partition connect-offset-topic-kcbq-connect-cluster-2 broker=0] No checkpointed highwatermark is found for partition connect-offset-topic-kcbq-connect-cluster-2 (kafka.cluster.Partition:66)
[2026-03-04 15:48:33,591] INFO [Partition connect-offset-topic-kcbq-connect-cluster-2 broker=0] Log loaded for partition connect-offset-topic-kcbq-connect-cluster-2 with initial high watermark 0 (kafka.cluster.Partition:66)
[2026-03-04 15:48:33,591] INFO [Broker id=0] Leader connect-offset-topic-kcbq-connect-cluster-2 with topic id Some(1XWp_uF_SiCImBdSJhFqkA) starts at leader epoch 0 from offset 0 with partition epoch 0, high watermark 0, ISR [0], adding replicas [] and removing replicas [] . Previous leader None and previous leader epoch was -1. (state.change.logger:66)
[2026-03-04 15:48:33,591] INFO [LogLoader partition=connect-offset-topic-kcbq-connect-cluster-12, dir=/tmp/EmbeddedKafkaCluster3024498146076714957] Loading producer state till offset 0 with message format version 2 (kafka.log.UnifiedLog$:1937)
[2026-03-04 15:48:33,591] INFO Created log for partition connect-offset-topic-kcbq-connect-cluster-12 in /tmp/EmbeddedKafkaCluster3024498146076714957/connect-offset-topic-kcbq-connect-cluster-12 with properties {cleanup.policy=compact} (kafka.log.LogManager:66)
[2026-03-04 15:48:33,591] INFO [Partition connect-offset-topic-kcbq-connect-cluster-12 broker=0] No checkpointed highwatermark is found for partition connect-offset-topic-kcbq-connect-cluster-12 (kafka.cluster.Partition:66)
[2026-03-04 15:48:33,591] INFO [Partition connect-offset-topic-kcbq-connect-cluster-12 broker=0] Log loaded for partition connect-offset-topic-kcbq-connect-cluster-12 with initial high watermark 0 (kafka.cluster.Partition:66)
[2026-03-04 15:48:33,591] INFO [Broker id=0] Leader connect-offset-topic-kcbq-connect-cluster-12 with topic id Some(1XWp_uF_SiCImBdSJhFqkA) starts at leader epoch 0 from offset 0 with partition epoch 0, high watermark 0, ISR [0], adding replicas [] and removing replicas [] . Previous leader None and previous leader epoch was -1. (state.change.logger:66)
[2026-03-04 15:48:33,592] INFO [LogLoader partition=connect-offset-topic-kcbq-connect-cluster-21, dir=/tmp/EmbeddedKafkaCluster3024498146076714957] Loading producer state till offset 0 with message format version 2 (kafka.log.UnifiedLog$:1937)
[2026-03-04 15:48:33,592] INFO Created log for partition connect-offset-topic-kcbq-connect-cluster-21 in /tmp/EmbeddedKafkaCluster3024498146076714957/connect-offset-topic-kcbq-connect-cluster-21 with properties {cleanup.policy=compact} (kafka.log.LogManager:66)
[2026-03-04 15:48:33,592] INFO [Partition connect-offset-topic-kcbq-connect-cluster-21 broker=0] No checkpointed highwatermark is found for partition connect-offset-topic-kcbq-connect-cluster-21 (kafka.cluster.Partition:66)
[2026-03-04 15:48:33,592] INFO [Partition connect-offset-topic-kcbq-connect-cluster-21 broker=0] Log loaded for partition connect-offset-topic-kcbq-connect-cluster-21 with initial high watermark 0 (kafka.cluster.Partition:66)
[2026-03-04 15:48:33,592] INFO [Broker id=0] Leader connect-offset-topic-kcbq-connect-cluster-21 with topic id Some(1XWp_uF_SiCImBdSJhFqkA) starts at leader epoch 0 from offset 0 with partition epoch 0, high watermark 0, ISR [0], adding replicas [] and removing replicas [] . Previous leader None and previous leader epoch was -1. (state.change.logger:66)
[2026-03-04 15:48:33,592] INFO [LogLoader partition=connect-offset-topic-kcbq-connect-cluster-18, dir=/tmp/EmbeddedKafkaCluster3024498146076714957] Loading producer state till offset 0 with message format version 2 (kafka.log.UnifiedLog$:1937)
[2026-03-04 15:48:33,592] INFO Created log for partition connect-offset-topic-kcbq-connect-cluster-18 in /tmp/EmbeddedKafkaCluster3024498146076714957/connect-offset-topic-kcbq-connect-cluster-18 with properties {cleanup.policy=compact} (kafka.log.LogManager:66)
[2026-03-04 15:48:33,592] INFO [Partition connect-offset-topic-kcbq-connect-cluster-18 broker=0] No checkpointed highwatermark is found for partition connect-offset-topic-kcbq-connect-cluster-18 (kafka.cluster.Partition:66)
[2026-03-04 15:48:33,592] INFO [Partition connect-offset-topic-kcbq-connect-cluster-18 broker=0] Log loaded for partition connect-offset-topic-kcbq-connect-cluster-18 with initial high watermark 0 (kafka.cluster.Partition:66)
[2026-03-04 15:48:33,592] INFO [Broker id=0] Leader connect-offset-topic-kcbq-connect-cluster-18 with topic id Some(1XWp_uF_SiCImBdSJhFqkA) starts at leader epoch 0 from offset 0 with partition epoch 0, high watermark 0, ISR [0], adding replicas [] and removing replicas [] . Previous leader None and previous leader epoch was -1. (state.change.logger:66)
[2026-03-04 15:48:33,592] INFO [LogLoader partition=connect-offset-topic-kcbq-connect-cluster-9, dir=/tmp/EmbeddedKafkaCluster3024498146076714957] Loading producer state till offset 0 with message format version 2 (kafka.log.UnifiedLog$:1937)
[2026-03-04 15:48:33,593] INFO Created log for partition connect-offset-topic-kcbq-connect-cluster-9 in /tmp/EmbeddedKafkaCluster3024498146076714957/connect-offset-topic-kcbq-connect-cluster-9 with properties {cleanup.policy=compact} (kafka.log.LogManager:66)
[2026-03-04 15:48:33,593] INFO [Partition connect-offset-topic-kcbq-connect-cluster-9 broker=0] No checkpointed highwatermark is found for partition connect-offset-topic-kcbq-connect-cluster-9 (kafka.cluster.Partition:66)
[2026-03-04 15:48:33,593] INFO [Partition connect-offset-topic-kcbq-connect-cluster-9 broker=0] Log loaded for partition connect-offset-topic-kcbq-connect-cluster-9 with initial high watermark 0 (kafka.cluster.Partition:66)
[2026-03-04 15:48:33,593] INFO [Broker id=0] Leader connect-offset-topic-kcbq-connect-cluster-9 with topic id Some(1XWp_uF_SiCImBdSJhFqkA) starts at leader epoch 0 from offset 0 with partition epoch 0, high watermark 0, ISR [0], adding replicas [] and removing replicas [] . Previous leader None and previous leader epoch was -1. (state.change.logger:66)
[2026-03-04 15:48:33,593] INFO [LogLoader partition=connect-offset-topic-kcbq-connect-cluster-6, dir=/tmp/EmbeddedKafkaCluster3024498146076714957] Loading producer state till offset 0 with message format version 2 (kafka.log.UnifiedLog$:1937)
[2026-03-04 15:48:33,593] INFO Created log for partition connect-offset-topic-kcbq-connect-cluster-6 in /tmp/EmbeddedKafkaCluster3024498146076714957/connect-offset-topic-kcbq-connect-cluster-6 with properties {cleanup.policy=compact} (kafka.log.LogManager:66)
[2026-03-04 15:48:33,593] INFO [Partition connect-offset-topic-kcbq-connect-cluster-6 broker=0] No checkpointed highwatermark is found for partition connect-offset-topic-kcbq-connect-cluster-6 (kafka.cluster.Partition:66)
[2026-03-04 15:48:33,593] INFO [Partition connect-offset-topic-kcbq-connect-cluster-6 broker=0] Log loaded for partition connect-offset-topic-kcbq-connect-cluster-6 with initial high watermark 0 (kafka.cluster.Partition:66)
[2026-03-04 15:48:33,593] INFO [Broker id=0] Leader connect-offset-topic-kcbq-connect-cluster-6 with topic id Some(1XWp_uF_SiCImBdSJhFqkA) starts at leader epoch 0 from offset 0 with partition epoch 0, high watermark 0, ISR [0], adding replicas [] and removing replicas [] . Previous leader None and previous leader epoch was -1. (state.change.logger:66)
[2026-03-04 15:48:33,593] INFO [LogLoader partition=connect-offset-topic-kcbq-connect-cluster-15, dir=/tmp/EmbeddedKafkaCluster3024498146076714957] Loading producer state till offset 0 with message format version 2 (kafka.log.UnifiedLog$:1937)
[2026-03-04 15:48:33,593] INFO Created log for partition connect-offset-topic-kcbq-connect-cluster-15 in /tmp/EmbeddedKafkaCluster3024498146076714957/connect-offset-topic-kcbq-connect-cluster-15 with properties {cleanup.policy=compact} (kafka.log.LogManager:66)
[2026-03-04 15:48:33,593] INFO [Partition connect-offset-topic-kcbq-connect-cluster-15 broker=0] No checkpointed highwatermark is found for partition connect-offset-topic-kcbq-connect-cluster-15 (kafka.cluster.Partition:66)
[2026-03-04 15:48:33,593] INFO [Partition connect-offset-topic-kcbq-connect-cluster-15 broker=0] Log loaded for partition connect-offset-topic-kcbq-connect-cluster-15 with initial high watermark 0 (kafka.cluster.Partition:66)
[2026-03-04 15:48:33,593] INFO [Broker id=0] Leader connect-offset-topic-kcbq-connect-cluster-15 with topic id Some(1XWp_uF_SiCImBdSJhFqkA) starts at leader epoch 0 from offset 0 with partition epoch 0, high watermark 0, ISR [0], adding replicas [] and removing replicas [] . Previous leader None and previous leader epoch was -1. (state.change.logger:66)
[2026-03-04 15:48:33,594] INFO [LogLoader partition=connect-offset-topic-kcbq-connect-cluster-22, dir=/tmp/EmbeddedKafkaCluster3024498146076714957] Loading producer state till offset 0 with message format version 2 (kafka.log.UnifiedLog$:1937)
[2026-03-04 15:48:33,594] INFO Created log for partition connect-offset-topic-kcbq-connect-cluster-22 in /tmp/EmbeddedKafkaCluster3024498146076714957/connect-offset-topic-kcbq-connect-cluster-22 with properties {cleanup.policy=compact} (kafka.log.LogManager:66)
[2026-03-04 15:48:33,594] INFO [Partition connect-offset-topic-kcbq-connect-cluster-22 broker=0] No checkpointed highwatermark is found for partition connect-offset-topic-kcbq-connect-cluster-22 (kafka.cluster.Partition:66)
[2026-03-04 15:48:33,594] INFO [Partition connect-offset-topic-kcbq-connect-cluster-22 broker=0] Log loaded for partition connect-offset-topic-kcbq-connect-cluster-22 with initial high watermark 0 (kafka.cluster.Partition:66)
[2026-03-04 15:48:33,594] INFO [Broker id=0] Leader connect-offset-topic-kcbq-connect-cluster-22 with topic id Some(1XWp_uF_SiCImBdSJhFqkA) starts at leader epoch 0 from offset 0 with partition epoch 0, high watermark 0, ISR [0], adding replicas [] and removing replicas [] . Previous leader None and previous leader epoch was -1. (state.change.logger:66)
[2026-03-04 15:48:33,594] INFO [LogLoader partition=connect-offset-topic-kcbq-connect-cluster-3, dir=/tmp/EmbeddedKafkaCluster3024498146076714957] Loading producer state till offset 0 with message format version 2 (kafka.log.UnifiedLog$:1937)
[2026-03-04 15:48:33,594] INFO Created log for partition connect-offset-topic-kcbq-connect-cluster-3 in /tmp/EmbeddedKafkaCluster3024498146076714957/connect-offset-topic-kcbq-connect-cluster-3 with properties {cleanup.policy=compact} (kafka.log.LogManager:66)
[2026-03-04 15:48:33,595] INFO [Partition connect-offset-topic-kcbq-connect-cluster-3 broker=0] No checkpointed highwatermark is found for partition connect-offset-topic-kcbq-connect-cluster-3 (kafka.cluster.Partition:66)
[2026-03-04 15:48:33,595] INFO [Partition connect-offset-topic-kcbq-connect-cluster-3 broker=0] Log loaded for partition connect-offset-topic-kcbq-connect-cluster-3 with initial high watermark 0 (kafka.cluster.Partition:66)
[2026-03-04 15:48:33,595] INFO [Broker id=0] Leader connect-offset-topic-kcbq-connect-cluster-3 with topic id Some(1XWp_uF_SiCImBdSJhFqkA) starts at leader epoch 0 from offset 0 with partition epoch 0, high watermark 0, ISR [0], adding replicas [] and removing replicas [] . Previous leader None and previous leader epoch was -1. (state.change.logger:66)
[2026-03-04 15:48:33,595] INFO [LogLoader partition=connect-offset-topic-kcbq-connect-cluster-0, dir=/tmp/EmbeddedKafkaCluster3024498146076714957] Loading producer state till offset 0 with message format version 2 (kafka.log.UnifiedLog$:1937)
[2026-03-04 15:48:33,595] INFO Created log for partition connect-offset-topic-kcbq-connect-cluster-0 in /tmp/EmbeddedKafkaCluster3024498146076714957/connect-offset-topic-kcbq-connect-cluster-0 with properties {cleanup.policy=compact} (kafka.log.LogManager:66)
[2026-03-04 15:48:33,595] INFO [Partition connect-offset-topic-kcbq-connect-cluster-0 broker=0] No checkpointed highwatermark is found for partition connect-offset-topic-kcbq-connect-cluster-0 (kafka.cluster.Partition:66)
[2026-03-04 15:48:33,595] INFO [Partition connect-offset-topic-kcbq-connect-cluster-0 broker=0] Log loaded for partition connect-offset-topic-kcbq-connect-cluster-0 with initial high watermark 0 (kafka.cluster.Partition:66)
[2026-03-04 15:48:33,595] INFO [Broker id=0] Leader connect-offset-topic-kcbq-connect-cluster-0 with topic id Some(1XWp_uF_SiCImBdSJhFqkA) starts at leader epoch 0 from offset 0 with partition epoch 0, high watermark 0, ISR [0], adding replicas [] and removing replicas [] . Previous leader None and previous leader epoch was -1. (state.change.logger:66)
[2026-03-04 15:48:33,595] INFO [LogLoader partition=connect-offset-topic-kcbq-connect-cluster-19, dir=/tmp/EmbeddedKafkaCluster3024498146076714957] Loading producer state till offset 0 with message format version 2 (kafka.log.UnifiedLog$:1937)
[2026-03-04 15:48:33,595] INFO Created log for partition connect-offset-topic-kcbq-connect-cluster-19 in /tmp/EmbeddedKafkaCluster3024498146076714957/connect-offset-topic-kcbq-connect-cluster-19 with properties {cleanup.policy=compact} (kafka.log.LogManager:66)
[2026-03-04 15:48:33,595] INFO [Partition connect-offset-topic-kcbq-connect-cluster-19 broker=0] No checkpointed highwatermark is found for partition connect-offset-topic-kcbq-connect-cluster-19 (kafka.cluster.Partition:66)
[2026-03-04 15:48:33,595] INFO [Partition connect-offset-topic-kcbq-connect-cluster-19 broker=0] Log loaded for partition connect-offset-topic-kcbq-connect-cluster-19 with initial high watermark 0 (kafka.cluster.Partition:66)
[2026-03-04 15:48:33,595] INFO [Broker id=0] Leader connect-offset-topic-kcbq-connect-cluster-19 with topic id Some(1XWp_uF_SiCImBdSJhFqkA) starts at leader epoch 0 from offset 0 with partition epoch 0, high watermark 0, ISR [0], adding replicas [] and removing replicas [] . Previous leader None and previous leader epoch was -1. (state.change.logger:66)
[2026-03-04 15:48:33,596] INFO [LogLoader partition=connect-offset-topic-kcbq-connect-cluster-16, dir=/tmp/EmbeddedKafkaCluster3024498146076714957] Loading producer state till offset 0 with message format version 2 (kafka.log.UnifiedLog$:1937)
[2026-03-04 15:48:33,596] INFO Created log for partition connect-offset-topic-kcbq-connect-cluster-16 in /tmp/EmbeddedKafkaCluster3024498146076714957/connect-offset-topic-kcbq-connect-cluster-16 with properties {cleanup.policy=compact} (kafka.log.LogManager:66)
[2026-03-04 15:48:33,596] INFO [Partition connect-offset-topic-kcbq-connect-cluster-16 broker=0] No checkpointed highwatermark is found for partition connect-offset-topic-kcbq-connect-cluster-16 (kafka.cluster.Partition:66)
[2026-03-04 15:48:33,596] INFO [Partition connect-offset-topic-kcbq-connect-cluster-16 broker=0] Log loaded for partition connect-offset-topic-kcbq-connect-cluster-16 with initial high watermark 0 (kafka.cluster.Partition:66)
[2026-03-04 15:48:33,596] INFO [Broker id=0] Leader connect-offset-topic-kcbq-connect-cluster-16 with topic id Some(1XWp_uF_SiCImBdSJhFqkA) starts at leader epoch 0 from offset 0 with partition epoch 0, high watermark 0, ISR [0], adding replicas [] and removing replicas [] . Previous leader None and previous leader epoch was -1. (state.change.logger:66)
[2026-03-04 15:48:33,596] INFO [LogLoader partition=connect-offset-topic-kcbq-connect-cluster-13, dir=/tmp/EmbeddedKafkaCluster3024498146076714957] Loading producer state till offset 0 with message format version 2 (kafka.log.UnifiedLog$:1937)
[2026-03-04 15:48:33,596] INFO Created log for partition connect-offset-topic-kcbq-connect-cluster-13 in /tmp/EmbeddedKafkaCluster3024498146076714957/connect-offset-topic-kcbq-connect-cluster-13 with properties {cleanup.policy=compact} (kafka.log.LogManager:66)
[2026-03-04 15:48:33,596] INFO [Partition connect-offset-topic-kcbq-connect-cluster-13 broker=0] No checkpointed highwatermark is found for partition connect-offset-topic-kcbq-connect-cluster-13 (kafka.cluster.Partition:66)
[2026-03-04 15:48:33,596] INFO [Partition connect-offset-topic-kcbq-connect-cluster-13 broker=0] Log loaded for partition connect-offset-topic-kcbq-connect-cluster-13 with initial high watermark 0 (kafka.cluster.Partition:66)
[2026-03-04 15:48:33,596] INFO [Broker id=0] Leader connect-offset-topic-kcbq-connect-cluster-13 with topic id Some(1XWp_uF_SiCImBdSJhFqkA) starts at leader epoch 0 from offset 0 with partition epoch 0, high watermark 0, ISR [0], adding replicas [] and removing replicas [] . Previous leader None and previous leader epoch was -1. (state.change.logger:66)
[2026-03-04 15:48:33,596] INFO [Broker id=0] Finished LeaderAndIsr request in 16ms correlationId 1 from controller 0 for 25 partitions (state.change.logger:66)
[2026-03-04 15:48:33,597] INFO [Broker id=0] Add 25 partitions and deleted 0 partitions from metadata cache in response to UpdateMetadata request sent by controller 0 epoch 1 with correlation id 2 (state.change.logger:66)
[2026-03-04 15:48:33,597] INFO Created topic (name=connect-offset-topic-kcbq-connect-cluster, numPartitions=25, replicationFactor=1, replicasAssignments=null, configs={cleanup.policy=compact}) on brokers at localhost:39731 (org.apache.kafka.connect.util.TopicAdmin:415)
[2026-03-04 15:48:33,598] INFO ProducerConfig values: 
	acks = -1
	auto.include.jmx.reporter = true
	batch.size = 16384
	bootstrap.servers = [localhost:39731]
	buffer.memory = 33554432
	client.dns.lookup = use_all_dns_ips
	client.id = connect-integration-test-kcbq-connect-cluster-offsets
	compression.gzip.level = -1
	compression.lz4.level = 9
	compression.type = none
	compression.zstd.level = 3
	connections.max.idle.ms = 540000
	delivery.timeout.ms = 2147483647
	enable.idempotence = false
	enable.metrics.push = true
	interceptor.classes = []
	key.serializer = class org.apache.kafka.common.serialization.ByteArraySerializer
	linger.ms = 0
	max.block.ms = 60000
	max.in.flight.requests.per.connection = 1
	max.request.size = 1048576
	metadata.max.age.ms = 300000
	metadata.max.idle.ms = 300000
	metadata.recovery.strategy = none
	metric.reporters = []
	metrics.num.samples = 2
	metrics.recording.level = INFO
	metrics.sample.window.ms = 30000
	partitioner.adaptive.partitioning.enable = true
	partitioner.availability.timeout.ms = 0
	partitioner.class = null
	partitioner.ignore.keys = false
	receive.buffer.bytes = 32768
	reconnect.backoff.max.ms = 1000
	reconnect.backoff.ms = 50
	request.timeout.ms = 30000
	retries = 2147483647
	retry.backoff.max.ms = 1000
	retry.backoff.ms = 100
	sasl.client.callback.handler.class = null
	sasl.jaas.config = null
	sasl.kerberos.kinit.cmd = /usr/bin/kinit
	sasl.kerberos.min.time.before.relogin = 60000
	sasl.kerberos.service.name = null
	sasl.kerberos.ticket.renew.jitter = 0.05
	sasl.kerberos.ticket.renew.window.factor = 0.8
	sasl.login.callback.handler.class = null
	sasl.login.class = null
	sasl.login.connect.timeout.ms = null
	sasl.login.read.timeout.ms = null
	sasl.login.refresh.buffer.seconds = 300
	sasl.login.refresh.min.period.seconds = 60
	sasl.login.refresh.window.factor = 0.8
	sasl.login.refresh.window.jitter = 0.05
	sasl.login.retry.backoff.max.ms = 10000
	sasl.login.retry.backoff.ms = 100
	sasl.mechanism = GSSAPI
	sasl.oauthbearer.clock.skew.seconds = 30
	sasl.oauthbearer.expected.audience = null
	sasl.oauthbearer.expected.issuer = null
	sasl.oauthbearer.jwks.endpoint.refresh.ms = 3600000
	sasl.oauthbearer.jwks.endpoint.retry.backoff.max.ms = 10000
	sasl.oauthbearer.jwks.endpoint.retry.backoff.ms = 100
	sasl.oauthbearer.jwks.endpoint.url = null
	sasl.oauthbearer.scope.claim.name = scope
	sasl.oauthbearer.sub.claim.name = sub
	sasl.oauthbearer.token.endpoint.url = null
	security.protocol = PLAINTEXT
	security.providers = null
	send.buffer.bytes = 131072
	socket.connection.setup.timeout.max.ms = 30000
	socket.connection.setup.timeout.ms = 10000
	ssl.cipher.suites = null
	ssl.enabled.protocols = [TLSv1.2, TLSv1.3]
	ssl.endpoint.identification.algorithm = https
	ssl.engine.factory.class = null
	ssl.key.password = null
	ssl.keymanager.algorithm = SunX509
	ssl.keystore.certificate.chain = null
	ssl.keystore.key = null
	ssl.keystore.location = null
	ssl.keystore.password = null
	ssl.keystore.type = JKS
	ssl.protocol = TLSv1.3
	ssl.provider = null
	ssl.secure.random.implementation = null
	ssl.trustmanager.algorithm = PKIX
	ssl.truststore.certificates = null
	ssl.truststore.location = null
	ssl.truststore.password = null
	ssl.truststore.type = JKS
	transaction.timeout.ms = 60000
	transactional.id = null
	value.serializer = class org.apache.kafka.common.serialization.ByteArraySerializer
 (org.apache.kafka.clients.producer.ProducerConfig:372)
[2026-03-04 15:48:33,598] INFO initializing Kafka metrics collector (org.apache.kafka.common.telemetry.internals.KafkaMetricsCollector:269)
[2026-03-04 15:48:33,598] INFO These configurations '[connector.client.config.override.policy, plugin.discovery, listeners, config.storage.topic, metrics.context.connect.group.id, group.id, status.storage.topic, offset.flush.interval.ms, config.storage.replication.factor, metrics.context.connect.kafka.cluster.id, status.storage.replication.factor, offset.storage.replication.factor, offset.storage.topic, value.converter, key.converter]' were supplied but are not used yet. (org.apache.kafka.clients.producer.ProducerConfig:381)
[2026-03-04 15:48:33,598] INFO Kafka version: 3.8.1 (org.apache.kafka.common.utils.AppInfoParser:124)
[2026-03-04 15:48:33,598] INFO Kafka commitId: 70d6ff42debf7e17 (org.apache.kafka.common.utils.AppInfoParser:125)
[2026-03-04 15:48:33,598] INFO Kafka startTimeMs: 1772619513598 (org.apache.kafka.common.utils.AppInfoParser:126)
[2026-03-04 15:48:33,598] INFO ConsumerConfig values: 
	allow.auto.create.topics = true
	auto.commit.interval.ms = 5000
	auto.include.jmx.reporter = true
	auto.offset.reset = earliest
	bootstrap.servers = [localhost:39731]
	check.crcs = true
	client.dns.lookup = use_all_dns_ips
	client.id = connect-integration-test-kcbq-connect-cluster-offsets
	client.rack = 
	connections.max.idle.ms = 540000
	default.api.timeout.ms = 60000
	enable.auto.commit = false
	enable.metrics.push = true
	exclude.internal.topics = true
	fetch.max.bytes = 52428800
	fetch.max.wait.ms = 500
	fetch.min.bytes = 1
	group.id = connect-integration-test-kcbq-connect-cluster
	group.instance.id = null
	group.protocol = classic
	group.remote.assignor = null
	heartbeat.interval.ms = 3000
	interceptor.classes = []
	internal.leave.group.on.close = true
	internal.throw.on.fetch.stable.offset.unsupported = false
	isolation.level = read_uncommitted
	key.deserializer = class org.apache.kafka.common.serialization.ByteArrayDeserializer
	max.partition.fetch.bytes = 1048576
	max.poll.interval.ms = 300000
	max.poll.records = 500
	metadata.max.age.ms = 300000
	metadata.recovery.strategy = none
	metric.reporters = []
	metrics.num.samples = 2
	metrics.recording.level = INFO
	metrics.sample.window.ms = 30000
	partition.assignment.strategy = [class org.apache.kafka.clients.consumer.RangeAssignor, class org.apache.kafka.clients.consumer.CooperativeStickyAssignor]
	receive.buffer.bytes = 65536
	reconnect.backoff.max.ms = 1000
	reconnect.backoff.ms = 50
	request.timeout.ms = 30000
	retry.backoff.max.ms = 1000
	retry.backoff.ms = 100
	sasl.client.callback.handler.class = null
	sasl.jaas.config = null
	sasl.kerberos.kinit.cmd = /usr/bin/kinit
	sasl.kerberos.min.time.before.relogin = 60000
	sasl.kerberos.service.name = null
	sasl.kerberos.ticket.renew.jitter = 0.05
	sasl.kerberos.ticket.renew.window.factor = 0.8
	sasl.login.callback.handler.class = null
	sasl.login.class = null
	sasl.login.connect.timeout.ms = null
	sasl.login.read.timeout.ms = null
	sasl.login.refresh.buffer.seconds = 300
	sasl.login.refresh.min.period.seconds = 60
	sasl.login.refresh.window.factor = 0.8
	sasl.login.refresh.window.jitter = 0.05
	sasl.login.retry.backoff.max.ms = 10000
	sasl.login.retry.backoff.ms = 100
	sasl.mechanism = GSSAPI
	sasl.oauthbearer.clock.skew.seconds = 30
	sasl.oauthbearer.expected.audience = null
	sasl.oauthbearer.expected.issuer = null
	sasl.oauthbearer.jwks.endpoint.refresh.ms = 3600000
	sasl.oauthbearer.jwks.endpoint.retry.backoff.max.ms = 10000
	sasl.oauthbearer.jwks.endpoint.retry.backoff.ms = 100
	sasl.oauthbearer.jwks.endpoint.url = null
	sasl.oauthbearer.scope.claim.name = scope
	sasl.oauthbearer.sub.claim.name = sub
	sasl.oauthbearer.token.endpoint.url = null
	security.protocol = PLAINTEXT
	security.providers = null
	send.buffer.bytes = 131072
	session.timeout.ms = 45000
	socket.connection.setup.timeout.max.ms = 30000
	socket.connection.setup.timeout.ms = 10000
	ssl.cipher.suites = null
	ssl.enabled.protocols = [TLSv1.2, TLSv1.3]
	ssl.endpoint.identification.algorithm = https
	ssl.engine.factory.class = null
	ssl.key.password = null
	ssl.keymanager.algorithm = SunX509
	ssl.keystore.certificate.chain = null
	ssl.keystore.key = null
	ssl.keystore.location = null
	ssl.keystore.password = null
	ssl.keystore.type = JKS
	ssl.protocol = TLSv1.3
	ssl.provider = null
	ssl.secure.random.implementation = null
	ssl.trustmanager.algorithm = PKIX
	ssl.truststore.certificates = null
	ssl.truststore.location = null
	ssl.truststore.password = null
	ssl.truststore.type = JKS
	value.deserializer = class org.apache.kafka.common.serialization.ByteArrayDeserializer
 (org.apache.kafka.clients.consumer.ConsumerConfig:372)
[2026-03-04 15:48:33,598] INFO initializing Kafka metrics collector (org.apache.kafka.common.telemetry.internals.KafkaMetricsCollector:269)
[2026-03-04 15:48:33,599] INFO These configurations '[connector.client.config.override.policy, plugin.discovery, listeners, config.storage.topic, metrics.context.connect.group.id, status.storage.topic, offset.flush.interval.ms, config.storage.replication.factor, metrics.context.connect.kafka.cluster.id, status.storage.replication.factor, offset.storage.replication.factor, offset.storage.topic, value.converter, key.converter]' were supplied but are not used yet. (org.apache.kafka.clients.consumer.ConsumerConfig:381)
[2026-03-04 15:48:33,599] INFO Kafka version: 3.8.1 (org.apache.kafka.common.utils.AppInfoParser:124)
[2026-03-04 15:48:33,599] INFO Kafka commitId: 70d6ff42debf7e17 (org.apache.kafka.common.utils.AppInfoParser:125)
[2026-03-04 15:48:33,599] INFO Kafka startTimeMs: 1772619513599 (org.apache.kafka.common.utils.AppInfoParser:126)
[2026-03-04 15:48:33,599] INFO [Producer clientId=connect-integration-test-kcbq-connect-cluster-offsets] Cluster ID: O0f4olPMSbKgz2FfinXZHg (org.apache.kafka.clients.Metadata:364)
[2026-03-04 15:48:33,599] INFO [Consumer clientId=connect-integration-test-kcbq-connect-cluster-offsets, groupId=connect-integration-test-kcbq-connect-cluster] Cluster ID: O0f4olPMSbKgz2FfinXZHg (org.apache.kafka.clients.Metadata:364)
[2026-03-04 15:48:33,600] INFO [Consumer clientId=connect-integration-test-kcbq-connect-cluster-offsets, groupId=connect-integration-test-kcbq-connect-cluster] Assigned to partition(s): connect-offset-topic-kcbq-connect-cluster-0, connect-offset-topic-kcbq-connect-cluster-5, connect-offset-topic-kcbq-connect-cluster-10, connect-offset-topic-kcbq-connect-cluster-20, connect-offset-topic-kcbq-connect-cluster-15, connect-offset-topic-kcbq-connect-cluster-9, connect-offset-topic-kcbq-connect-cluster-11, connect-offset-topic-kcbq-connect-cluster-4, connect-offset-topic-kcbq-connect-cluster-16, connect-offset-topic-kcbq-connect-cluster-17, connect-offset-topic-kcbq-connect-cluster-3, connect-offset-topic-kcbq-connect-cluster-24, connect-offset-topic-kcbq-connect-cluster-23, connect-offset-topic-kcbq-connect-cluster-13, connect-offset-topic-kcbq-connect-cluster-18, connect-offset-topic-kcbq-connect-cluster-22, connect-offset-topic-kcbq-connect-cluster-8, connect-offset-topic-kcbq-connect-cluster-2, connect-offset-topic-kcbq-connect-cluster-12, connect-offset-topic-kcbq-connect-cluster-19, connect-offset-topic-kcbq-connect-cluster-14, connect-offset-topic-kcbq-connect-cluster-1, connect-offset-topic-kcbq-connect-cluster-6, connect-offset-topic-kcbq-connect-cluster-7, connect-offset-topic-kcbq-connect-cluster-21 (org.apache.kafka.clients.consumer.internals.LegacyKafkaConsumer:574)
[2026-03-04 15:48:33,600] INFO [Consumer clientId=connect-integration-test-kcbq-connect-cluster-offsets, groupId=connect-integration-test-kcbq-connect-cluster] Seeking to earliest offset of partition connect-offset-topic-kcbq-connect-cluster-0 (org.apache.kafka.clients.consumer.internals.SubscriptionState:704)
[2026-03-04 15:48:33,600] INFO [Consumer clientId=connect-integration-test-kcbq-connect-cluster-offsets, groupId=connect-integration-test-kcbq-connect-cluster] Seeking to earliest offset of partition connect-offset-topic-kcbq-connect-cluster-5 (org.apache.kafka.clients.consumer.internals.SubscriptionState:704)
[2026-03-04 15:48:33,600] INFO [Consumer clientId=connect-integration-test-kcbq-connect-cluster-offsets, groupId=connect-integration-test-kcbq-connect-cluster] Seeking to earliest offset of partition connect-offset-topic-kcbq-connect-cluster-10 (org.apache.kafka.clients.consumer.internals.SubscriptionState:704)
[2026-03-04 15:48:33,600] INFO [Consumer clientId=connect-integration-test-kcbq-connect-cluster-offsets, groupId=connect-integration-test-kcbq-connect-cluster] Seeking to earliest offset of partition connect-offset-topic-kcbq-connect-cluster-20 (org.apache.kafka.clients.consumer.internals.SubscriptionState:704)
[2026-03-04 15:48:33,600] INFO [Consumer clientId=connect-integration-test-kcbq-connect-cluster-offsets, groupId=connect-integration-test-kcbq-connect-cluster] Seeking to earliest offset of partition connect-offset-topic-kcbq-connect-cluster-15 (org.apache.kafka.clients.consumer.internals.SubscriptionState:704)
[2026-03-04 15:48:33,600] INFO [Consumer clientId=connect-integration-test-kcbq-connect-cluster-offsets, groupId=connect-integration-test-kcbq-connect-cluster] Seeking to earliest offset of partition connect-offset-topic-kcbq-connect-cluster-9 (org.apache.kafka.clients.consumer.internals.SubscriptionState:704)
[2026-03-04 15:48:33,600] INFO [Consumer clientId=connect-integration-test-kcbq-connect-cluster-offsets, groupId=connect-integration-test-kcbq-connect-cluster] Seeking to earliest offset of partition connect-offset-topic-kcbq-connect-cluster-11 (org.apache.kafka.clients.consumer.internals.SubscriptionState:704)
[2026-03-04 15:48:33,600] INFO [Consumer clientId=connect-integration-test-kcbq-connect-cluster-offsets, groupId=connect-integration-test-kcbq-connect-cluster] Seeking to earliest offset of partition connect-offset-topic-kcbq-connect-cluster-4 (org.apache.kafka.clients.consumer.internals.SubscriptionState:704)
[2026-03-04 15:48:33,600] INFO [Consumer clientId=connect-integration-test-kcbq-connect-cluster-offsets, groupId=connect-integration-test-kcbq-connect-cluster] Seeking to earliest offset of partition connect-offset-topic-kcbq-connect-cluster-16 (org.apache.kafka.clients.consumer.internals.SubscriptionState:704)
[2026-03-04 15:48:33,600] INFO [Consumer clientId=connect-integration-test-kcbq-connect-cluster-offsets, groupId=connect-integration-test-kcbq-connect-cluster] Seeking to earliest offset of partition connect-offset-topic-kcbq-connect-cluster-17 (org.apache.kafka.clients.consumer.internals.SubscriptionState:704)
[2026-03-04 15:48:33,600] INFO [Consumer clientId=connect-integration-test-kcbq-connect-cluster-offsets, groupId=connect-integration-test-kcbq-connect-cluster] Seeking to earliest offset of partition connect-offset-topic-kcbq-connect-cluster-3 (org.apache.kafka.clients.consumer.internals.SubscriptionState:704)
[2026-03-04 15:48:33,600] INFO [Consumer clientId=connect-integration-test-kcbq-connect-cluster-offsets, groupId=connect-integration-test-kcbq-connect-cluster] Seeking to earliest offset of partition connect-offset-topic-kcbq-connect-cluster-24 (org.apache.kafka.clients.consumer.internals.SubscriptionState:704)
[2026-03-04 15:48:33,600] INFO [Consumer clientId=connect-integration-test-kcbq-connect-cluster-offsets, groupId=connect-integration-test-kcbq-connect-cluster] Seeking to earliest offset of partition connect-offset-topic-kcbq-connect-cluster-23 (org.apache.kafka.clients.consumer.internals.SubscriptionState:704)
[2026-03-04 15:48:33,600] INFO [Consumer clientId=connect-integration-test-kcbq-connect-cluster-offsets, groupId=connect-integration-test-kcbq-connect-cluster] Seeking to earliest offset of partition connect-offset-topic-kcbq-connect-cluster-13 (org.apache.kafka.clients.consumer.internals.SubscriptionState:704)
[2026-03-04 15:48:33,600] INFO [Consumer clientId=connect-integration-test-kcbq-connect-cluster-offsets, groupId=connect-integration-test-kcbq-connect-cluster] Seeking to earliest offset of partition connect-offset-topic-kcbq-connect-cluster-18 (org.apache.kafka.clients.consumer.internals.SubscriptionState:704)
[2026-03-04 15:48:33,600] INFO [Consumer clientId=connect-integration-test-kcbq-connect-cluster-offsets, groupId=connect-integration-test-kcbq-connect-cluster] Seeking to earliest offset of partition connect-offset-topic-kcbq-connect-cluster-22 (org.apache.kafka.clients.consumer.internals.SubscriptionState:704)
[2026-03-04 15:48:33,600] INFO [Consumer clientId=connect-integration-test-kcbq-connect-cluster-offsets, groupId=connect-integration-test-kcbq-connect-cluster] Seeking to earliest offset of partition connect-offset-topic-kcbq-connect-cluster-8 (org.apache.kafka.clients.consumer.internals.SubscriptionState:704)
[2026-03-04 15:48:33,600] INFO [Consumer clientId=connect-integration-test-kcbq-connect-cluster-offsets, groupId=connect-integration-test-kcbq-connect-cluster] Seeking to earliest offset of partition connect-offset-topic-kcbq-connect-cluster-2 (org.apache.kafka.clients.consumer.internals.SubscriptionState:704)
[2026-03-04 15:48:33,600] INFO [Consumer clientId=connect-integration-test-kcbq-connect-cluster-offsets, groupId=connect-integration-test-kcbq-connect-cluster] Seeking to earliest offset of partition connect-offset-topic-kcbq-connect-cluster-12 (org.apache.kafka.clients.consumer.internals.SubscriptionState:704)
[2026-03-04 15:48:33,600] INFO [Consumer clientId=connect-integration-test-kcbq-connect-cluster-offsets, groupId=connect-integration-test-kcbq-connect-cluster] Seeking to earliest offset of partition connect-offset-topic-kcbq-connect-cluster-19 (org.apache.kafka.clients.consumer.internals.SubscriptionState:704)
[2026-03-04 15:48:33,600] INFO [Consumer clientId=connect-integration-test-kcbq-connect-cluster-offsets, groupId=connect-integration-test-kcbq-connect-cluster] Seeking to earliest offset of partition connect-offset-topic-kcbq-connect-cluster-14 (org.apache.kafka.clients.consumer.internals.SubscriptionState:704)
[2026-03-04 15:48:33,600] INFO [Consumer clientId=connect-integration-test-kcbq-connect-cluster-offsets, groupId=connect-integration-test-kcbq-connect-cluster] Seeking to earliest offset of partition connect-offset-topic-kcbq-connect-cluster-1 (org.apache.kafka.clients.consumer.internals.SubscriptionState:704)
[2026-03-04 15:48:33,600] INFO [Consumer clientId=connect-integration-test-kcbq-connect-cluster-offsets, groupId=connect-integration-test-kcbq-connect-cluster] Seeking to earliest offset of partition connect-offset-topic-kcbq-connect-cluster-6 (org.apache.kafka.clients.consumer.internals.SubscriptionState:704)
[2026-03-04 15:48:33,600] INFO [Consumer clientId=connect-integration-test-kcbq-connect-cluster-offsets, groupId=connect-integration-test-kcbq-connect-cluster] Seeking to earliest offset of partition connect-offset-topic-kcbq-connect-cluster-7 (org.apache.kafka.clients.consumer.internals.SubscriptionState:704)
[2026-03-04 15:48:33,600] INFO [Consumer clientId=connect-integration-test-kcbq-connect-cluster-offsets, groupId=connect-integration-test-kcbq-connect-cluster] Seeking to earliest offset of partition connect-offset-topic-kcbq-connect-cluster-21 (org.apache.kafka.clients.consumer.internals.SubscriptionState:704)
[2026-03-04 15:48:33,602] INFO [Consumer clientId=connect-integration-test-kcbq-connect-cluster-offsets, groupId=connect-integration-test-kcbq-connect-cluster] Resetting offset for partition connect-offset-topic-kcbq-connect-cluster-5 to position FetchPosition{offset=0, offsetEpoch=Optional.empty, currentLeader=LeaderAndEpoch{leader=Optional[localhost:39731 (id: 0 rack: null)], epoch=0}}. (org.apache.kafka.clients.consumer.internals.SubscriptionState:398)
[2026-03-04 15:48:33,602] INFO [Consumer clientId=connect-integration-test-kcbq-connect-cluster-offsets, groupId=connect-integration-test-kcbq-connect-cluster] Resetting offset for partition connect-offset-topic-kcbq-connect-cluster-7 to position FetchPosition{offset=0, offsetEpoch=Optional.empty, currentLeader=LeaderAndEpoch{leader=Optional[localhost:39731 (id: 0 rack: null)], epoch=0}}. (org.apache.kafka.clients.consumer.internals.SubscriptionState:398)
[2026-03-04 15:48:33,602] INFO [Consumer clientId=connect-integration-test-kcbq-connect-cluster-offsets, groupId=connect-integration-test-kcbq-connect-cluster] Resetting offset for partition connect-offset-topic-kcbq-connect-cluster-1 to position FetchPosition{offset=0, offsetEpoch=Optional.empty, currentLeader=LeaderAndEpoch{leader=Optional[localhost:39731 (id: 0 rack: null)], epoch=0}}. (org.apache.kafka.clients.consumer.internals.SubscriptionState:398)
[2026-03-04 15:48:33,602] INFO [Consumer clientId=connect-integration-test-kcbq-connect-cluster-offsets, groupId=connect-integration-test-kcbq-connect-cluster] Resetting offset for partition connect-offset-topic-kcbq-connect-cluster-3 to position FetchPosition{offset=0, offsetEpoch=Optional.empty, currentLeader=LeaderAndEpoch{leader=Optional[localhost:39731 (id: 0 rack: null)], epoch=0}}. (org.apache.kafka.clients.consumer.internals.SubscriptionState:398)
[2026-03-04 15:48:33,602] INFO [Consumer clientId=connect-integration-test-kcbq-connect-cluster-offsets, groupId=connect-integration-test-kcbq-connect-cluster] Resetting offset for partition connect-offset-topic-kcbq-connect-cluster-24 to position FetchPosition{offset=0, offsetEpoch=Optional.empty, currentLeader=LeaderAndEpoch{leader=Optional[localhost:39731 (id: 0 rack: null)], epoch=0}}. (org.apache.kafka.clients.consumer.internals.SubscriptionState:398)
[2026-03-04 15:48:33,602] INFO [Consumer clientId=connect-integration-test-kcbq-connect-cluster-offsets, groupId=connect-integration-test-kcbq-connect-cluster] Resetting offset for partition connect-offset-topic-kcbq-connect-cluster-20 to position FetchPosition{offset=0, offsetEpoch=Optional.empty, currentLeader=LeaderAndEpoch{leader=Optional[localhost:39731 (id: 0 rack: null)], epoch=0}}. (org.apache.kafka.clients.consumer.internals.SubscriptionState:398)
[2026-03-04 15:48:33,602] INFO [Consumer clientId=connect-integration-test-kcbq-connect-cluster-offsets, groupId=connect-integration-test-kcbq-connect-cluster] Resetting offset for partition connect-offset-topic-kcbq-connect-cluster-22 to position FetchPosition{offset=0, offsetEpoch=Optional.empty, currentLeader=LeaderAndEpoch{leader=Optional[localhost:39731 (id: 0 rack: null)], epoch=0}}. (org.apache.kafka.clients.consumer.internals.SubscriptionState:398)
[2026-03-04 15:48:33,602] INFO [Consumer clientId=connect-integration-test-kcbq-connect-cluster-offsets, groupId=connect-integration-test-kcbq-connect-cluster] Resetting offset for partition connect-offset-topic-kcbq-connect-cluster-16 to position FetchPosition{offset=0, offsetEpoch=Optional.empty, currentLeader=LeaderAndEpoch{leader=Optional[localhost:39731 (id: 0 rack: null)], epoch=0}}. (org.apache.kafka.clients.consumer.internals.SubscriptionState:398)
[2026-03-04 15:48:33,602] INFO [Consumer clientId=connect-integration-test-kcbq-connect-cluster-offsets, groupId=connect-integration-test-kcbq-connect-cluster] Resetting offset for partition connect-offset-topic-kcbq-connect-cluster-18 to position FetchPosition{offset=0, offsetEpoch=Optional.empty, currentLeader=LeaderAndEpoch{leader=Optional[localhost:39731 (id: 0 rack: null)], epoch=0}}. (org.apache.kafka.clients.consumer.internals.SubscriptionState:398)
[2026-03-04 15:48:33,602] INFO [Consumer clientId=connect-integration-test-kcbq-connect-cluster-offsets, groupId=connect-integration-test-kcbq-connect-cluster] Resetting offset for partition connect-offset-topic-kcbq-connect-cluster-12 to position FetchPosition{offset=0, offsetEpoch=Optional.empty, currentLeader=LeaderAndEpoch{leader=Optional[localhost:39731 (id: 0 rack: null)], epoch=0}}. (org.apache.kafka.clients.consumer.internals.SubscriptionState:398)
[2026-03-04 15:48:33,602] INFO [Consumer clientId=connect-integration-test-kcbq-connect-cluster-offsets, groupId=connect-integration-test-kcbq-connect-cluster] Resetting offset for partition connect-offset-topic-kcbq-connect-cluster-14 to position FetchPosition{offset=0, offsetEpoch=Optional.empty, currentLeader=LeaderAndEpoch{leader=Optional[localhost:39731 (id: 0 rack: null)], epoch=0}}. (org.apache.kafka.clients.consumer.internals.SubscriptionState:398)
[2026-03-04 15:48:33,602] INFO [Consumer clientId=connect-integration-test-kcbq-connect-cluster-offsets, groupId=connect-integration-test-kcbq-connect-cluster] Resetting offset for partition connect-offset-topic-kcbq-connect-cluster-8 to position FetchPosition{offset=0, offsetEpoch=Optional.empty, currentLeader=LeaderAndEpoch{leader=Optional[localhost:39731 (id: 0 rack: null)], epoch=0}}. (org.apache.kafka.clients.consumer.internals.SubscriptionState:398)
[2026-03-04 15:48:33,602] INFO [Consumer clientId=connect-integration-test-kcbq-connect-cluster-offsets, groupId=connect-integration-test-kcbq-connect-cluster] Resetting offset for partition connect-offset-topic-kcbq-connect-cluster-10 to position FetchPosition{offset=0, offsetEpoch=Optional.empty, currentLeader=LeaderAndEpoch{leader=Optional[localhost:39731 (id: 0 rack: null)], epoch=0}}. (org.apache.kafka.clients.consumer.internals.SubscriptionState:398)
[2026-03-04 15:48:33,602] INFO [Consumer clientId=connect-integration-test-kcbq-connect-cluster-offsets, groupId=connect-integration-test-kcbq-connect-cluster] Resetting offset for partition connect-offset-topic-kcbq-connect-cluster-4 to position FetchPosition{offset=0, offsetEpoch=Optional.empty, currentLeader=LeaderAndEpoch{leader=Optional[localhost:39731 (id: 0 rack: null)], epoch=0}}. (org.apache.kafka.clients.consumer.internals.SubscriptionState:398)
[2026-03-04 15:48:33,602] INFO [Consumer clientId=connect-integration-test-kcbq-connect-cluster-offsets, groupId=connect-integration-test-kcbq-connect-cluster] Resetting offset for partition connect-offset-topic-kcbq-connect-cluster-6 to position FetchPosition{offset=0, offsetEpoch=Optional.empty, currentLeader=LeaderAndEpoch{leader=Optional[localhost:39731 (id: 0 rack: null)], epoch=0}}. (org.apache.kafka.clients.consumer.internals.SubscriptionState:398)
[2026-03-04 15:48:33,602] INFO [Consumer clientId=connect-integration-test-kcbq-connect-cluster-offsets, groupId=connect-integration-test-kcbq-connect-cluster] Resetting offset for partition connect-offset-topic-kcbq-connect-cluster-0 to position FetchPosition{offset=0, offsetEpoch=Optional.empty, currentLeader=LeaderAndEpoch{leader=Optional[localhost:39731 (id: 0 rack: null)], epoch=0}}. (org.apache.kafka.clients.consumer.internals.SubscriptionState:398)
[2026-03-04 15:48:33,602] INFO [Consumer clientId=connect-integration-test-kcbq-connect-cluster-offsets, groupId=connect-integration-test-kcbq-connect-cluster] Resetting offset for partition connect-offset-topic-kcbq-connect-cluster-2 to position FetchPosition{offset=0, offsetEpoch=Optional.empty, currentLeader=LeaderAndEpoch{leader=Optional[localhost:39731 (id: 0 rack: null)], epoch=0}}. (org.apache.kafka.clients.consumer.internals.SubscriptionState:398)
[2026-03-04 15:48:33,602] INFO [Consumer clientId=connect-integration-test-kcbq-connect-cluster-offsets, groupId=connect-integration-test-kcbq-connect-cluster] Resetting offset for partition connect-offset-topic-kcbq-connect-cluster-21 to position FetchPosition{offset=0, offsetEpoch=Optional.empty, currentLeader=LeaderAndEpoch{leader=Optional[localhost:39731 (id: 0 rack: null)], epoch=0}}. (org.apache.kafka.clients.consumer.internals.SubscriptionState:398)
[2026-03-04 15:48:33,602] INFO [Consumer clientId=connect-integration-test-kcbq-connect-cluster-offsets, groupId=connect-integration-test-kcbq-connect-cluster] Resetting offset for partition connect-offset-topic-kcbq-connect-cluster-23 to position FetchPosition{offset=0, offsetEpoch=Optional.empty, currentLeader=LeaderAndEpoch{leader=Optional[localhost:39731 (id: 0 rack: null)], epoch=0}}. (org.apache.kafka.clients.consumer.internals.SubscriptionState:398)
[2026-03-04 15:48:33,602] INFO [Consumer clientId=connect-integration-test-kcbq-connect-cluster-offsets, groupId=connect-integration-test-kcbq-connect-cluster] Resetting offset for partition connect-offset-topic-kcbq-connect-cluster-17 to position FetchPosition{offset=0, offsetEpoch=Optional.empty, currentLeader=LeaderAndEpoch{leader=Optional[localhost:39731 (id: 0 rack: null)], epoch=0}}. (org.apache.kafka.clients.consumer.internals.SubscriptionState:398)
[2026-03-04 15:48:33,602] INFO [Consumer clientId=connect-integration-test-kcbq-connect-cluster-offsets, groupId=connect-integration-test-kcbq-connect-cluster] Resetting offset for partition connect-offset-topic-kcbq-connect-cluster-19 to position FetchPosition{offset=0, offsetEpoch=Optional.empty, currentLeader=LeaderAndEpoch{leader=Optional[localhost:39731 (id: 0 rack: null)], epoch=0}}. (org.apache.kafka.clients.consumer.internals.SubscriptionState:398)
[2026-03-04 15:48:33,602] INFO [Consumer clientId=connect-integration-test-kcbq-connect-cluster-offsets, groupId=connect-integration-test-kcbq-connect-cluster] Resetting offset for partition connect-offset-topic-kcbq-connect-cluster-13 to position FetchPosition{offset=0, offsetEpoch=Optional.empty, currentLeader=LeaderAndEpoch{leader=Optional[localhost:39731 (id: 0 rack: null)], epoch=0}}. (org.apache.kafka.clients.consumer.internals.SubscriptionState:398)
[2026-03-04 15:48:33,602] INFO [Consumer clientId=connect-integration-test-kcbq-connect-cluster-offsets, groupId=connect-integration-test-kcbq-connect-cluster] Resetting offset for partition connect-offset-topic-kcbq-connect-cluster-15 to position FetchPosition{offset=0, offsetEpoch=Optional.empty, currentLeader=LeaderAndEpoch{leader=Optional[localhost:39731 (id: 0 rack: null)], epoch=0}}. (org.apache.kafka.clients.consumer.internals.SubscriptionState:398)
[2026-03-04 15:48:33,602] INFO [Consumer clientId=connect-integration-test-kcbq-connect-cluster-offsets, groupId=connect-integration-test-kcbq-connect-cluster] Resetting offset for partition connect-offset-topic-kcbq-connect-cluster-9 to position FetchPosition{offset=0, offsetEpoch=Optional.empty, currentLeader=LeaderAndEpoch{leader=Optional[localhost:39731 (id: 0 rack: null)], epoch=0}}. (org.apache.kafka.clients.consumer.internals.SubscriptionState:398)
[2026-03-04 15:48:33,602] INFO [Consumer clientId=connect-integration-test-kcbq-connect-cluster-offsets, groupId=connect-integration-test-kcbq-connect-cluster] Resetting offset for partition connect-offset-topic-kcbq-connect-cluster-11 to position FetchPosition{offset=0, offsetEpoch=Optional.empty, currentLeader=LeaderAndEpoch{leader=Optional[localhost:39731 (id: 0 rack: null)], epoch=0}}. (org.apache.kafka.clients.consumer.internals.SubscriptionState:398)
[2026-03-04 15:48:33,602] INFO Finished reading KafkaBasedLog for topic connect-offset-topic-kcbq-connect-cluster (org.apache.kafka.connect.util.KafkaBasedLog:310)
[2026-03-04 15:48:33,602] INFO Started KafkaBasedLog for topic connect-offset-topic-kcbq-connect-cluster (org.apache.kafka.connect.util.KafkaBasedLog:312)
[2026-03-04 15:48:33,602] INFO Finished reading offsets topic and starting KafkaOffsetBackingStore (org.apache.kafka.connect.storage.KafkaOffsetBackingStore:248)
[2026-03-04 15:48:33,602] INFO Worker started (org.apache.kafka.connect.runtime.Worker:242)
[2026-03-04 15:48:33,602] INFO Starting KafkaBasedLog with topic connect-status-topic-kcbq-connect-cluster reportErrorsToCallback=false (org.apache.kafka.connect.util.KafkaBasedLog:253)
[2026-03-04 15:48:33,603] INFO Creating topic connect-status-topic-kcbq-connect-cluster with configuration {cleanup.policy=compact} and initial partition assignment Map(2 -> ArrayBuffer(0), 4 -> ArrayBuffer(0), 1 -> ArrayBuffer(0), 3 -> ArrayBuffer(0), 0 -> ArrayBuffer(0)) (kafka.zk.AdminZkClient:66)
[2026-03-04 15:48:33,604] INFO [Controller id=0] New topics: [Set(connect-status-topic-kcbq-connect-cluster)], deleted topics: [Set()], new partition replica assignment [Set(TopicIdReplicaAssignment(connect-status-topic-kcbq-connect-cluster,Some(U3g9HSgiTMOZdm5Pc_MIwA),Map(connect-status-topic-kcbq-connect-cluster-1 -> ReplicaAssignment(replicas=0, addingReplicas=, removingReplicas=), connect-status-topic-kcbq-connect-cluster-4 -> ReplicaAssignment(replicas=0, addingReplicas=, removingReplicas=), connect-status-topic-kcbq-connect-cluster-2 -> ReplicaAssignment(replicas=0, addingReplicas=, removingReplicas=), connect-status-topic-kcbq-connect-cluster-0 -> ReplicaAssignment(replicas=0, addingReplicas=, removingReplicas=), connect-status-topic-kcbq-connect-cluster-3 -> ReplicaAssignment(replicas=0, addingReplicas=, removingReplicas=))))] (kafka.controller.KafkaController:66)
[2026-03-04 15:48:33,604] INFO [Controller id=0] New partition creation callback for connect-status-topic-kcbq-connect-cluster-1,connect-status-topic-kcbq-connect-cluster-4,connect-status-topic-kcbq-connect-cluster-2,connect-status-topic-kcbq-connect-cluster-0,connect-status-topic-kcbq-connect-cluster-3 (kafka.controller.KafkaController:66)
[2026-03-04 15:48:33,604] INFO [Controller id=0 epoch=1] Changed partition connect-status-topic-kcbq-connect-cluster-1 state from NonExistentPartition to NewPartition with assigned replicas 0 (state.change.logger:66)
[2026-03-04 15:48:33,604] INFO [Controller id=0 epoch=1] Changed partition connect-status-topic-kcbq-connect-cluster-4 state from NonExistentPartition to NewPartition with assigned replicas 0 (state.change.logger:66)
[2026-03-04 15:48:33,604] INFO [Controller id=0 epoch=1] Changed partition connect-status-topic-kcbq-connect-cluster-2 state from NonExistentPartition to NewPartition with assigned replicas 0 (state.change.logger:66)
[2026-03-04 15:48:33,604] INFO [Controller id=0 epoch=1] Changed partition connect-status-topic-kcbq-connect-cluster-0 state from NonExistentPartition to NewPartition with assigned replicas 0 (state.change.logger:66)
[2026-03-04 15:48:33,604] INFO [Controller id=0 epoch=1] Changed partition connect-status-topic-kcbq-connect-cluster-3 state from NonExistentPartition to NewPartition with assigned replicas 0 (state.change.logger:66)
[2026-03-04 15:48:33,604] INFO [Controller id=0 epoch=1] Sending UpdateMetadata request to brokers Set() for 0 partitions (state.change.logger:66)
[2026-03-04 15:48:33,604] INFO [Controller id=0 epoch=1] Sending UpdateMetadata request to brokers Set() for 0 partitions (state.change.logger:66)
[2026-03-04 15:48:33,605] INFO [Controller id=0 epoch=1] Changed partition connect-status-topic-kcbq-connect-cluster-1 from NewPartition to OnlinePartition with state LeaderAndIsr(leader=0, leaderEpoch=0, isrWithBrokerEpoch=List(BrokerState(brokerId=0, brokerEpoch=-1)), leaderRecoveryState=RECOVERED, partitionEpoch=0) (state.change.logger:66)
[2026-03-04 15:48:33,605] INFO [Controller id=0 epoch=1] Changed partition connect-status-topic-kcbq-connect-cluster-4 from NewPartition to OnlinePartition with state LeaderAndIsr(leader=0, leaderEpoch=0, isrWithBrokerEpoch=List(BrokerState(brokerId=0, brokerEpoch=-1)), leaderRecoveryState=RECOVERED, partitionEpoch=0) (state.change.logger:66)
[2026-03-04 15:48:33,605] INFO [Controller id=0 epoch=1] Changed partition connect-status-topic-kcbq-connect-cluster-2 from NewPartition to OnlinePartition with state LeaderAndIsr(leader=0, leaderEpoch=0, isrWithBrokerEpoch=List(BrokerState(brokerId=0, brokerEpoch=-1)), leaderRecoveryState=RECOVERED, partitionEpoch=0) (state.change.logger:66)
[2026-03-04 15:48:33,605] INFO [Controller id=0 epoch=1] Changed partition connect-status-topic-kcbq-connect-cluster-0 from NewPartition to OnlinePartition with state LeaderAndIsr(leader=0, leaderEpoch=0, isrWithBrokerEpoch=List(BrokerState(brokerId=0, brokerEpoch=-1)), leaderRecoveryState=RECOVERED, partitionEpoch=0) (state.change.logger:66)
[2026-03-04 15:48:33,605] INFO [Controller id=0 epoch=1] Changed partition connect-status-topic-kcbq-connect-cluster-3 from NewPartition to OnlinePartition with state LeaderAndIsr(leader=0, leaderEpoch=0, isrWithBrokerEpoch=List(BrokerState(brokerId=0, brokerEpoch=-1)), leaderRecoveryState=RECOVERED, partitionEpoch=0) (state.change.logger:66)
[2026-03-04 15:48:33,605] INFO [Controller id=0 epoch=1] Sending LeaderAndIsr request to broker 0 with 5 become-leader and 0 become-follower partitions (state.change.logger:66)
[2026-03-04 15:48:33,605] INFO [Controller id=0 epoch=1] Sending UpdateMetadata request to brokers Set(0) for 5 partitions (state.change.logger:66)
[2026-03-04 15:48:33,605] INFO [Controller id=0 epoch=1] Sending UpdateMetadata request to brokers Set() for 0 partitions (state.change.logger:66)
[2026-03-04 15:48:33,606] INFO [Broker id=0] Handling LeaderAndIsr request correlationId 3 from controller 0 for 5 partitions (state.change.logger:66)
[2026-03-04 15:48:33,606] INFO [ReplicaFetcherManager on broker 0] Removed fetcher for partitions Set(connect-status-topic-kcbq-connect-cluster-1, connect-status-topic-kcbq-connect-cluster-4, connect-status-topic-kcbq-connect-cluster-2, connect-status-topic-kcbq-connect-cluster-0, connect-status-topic-kcbq-connect-cluster-3) (kafka.server.ReplicaFetcherManager:66)
[2026-03-04 15:48:33,606] INFO [Broker id=0] Stopped fetchers as part of LeaderAndIsr request correlationId 3 from controller 0 epoch 1 as part of the become-leader transition for 5 partitions (state.change.logger:66)
[2026-03-04 15:48:33,607] INFO [LogLoader partition=connect-status-topic-kcbq-connect-cluster-4, dir=/tmp/EmbeddedKafkaCluster3024498146076714957] Loading producer state till offset 0 with message format version 2 (kafka.log.UnifiedLog$:1937)
[2026-03-04 15:48:33,607] INFO Created log for partition connect-status-topic-kcbq-connect-cluster-4 in /tmp/EmbeddedKafkaCluster3024498146076714957/connect-status-topic-kcbq-connect-cluster-4 with properties {cleanup.policy=compact} (kafka.log.LogManager:66)
[2026-03-04 15:48:33,607] INFO [Partition connect-status-topic-kcbq-connect-cluster-4 broker=0] No checkpointed highwatermark is found for partition connect-status-topic-kcbq-connect-cluster-4 (kafka.cluster.Partition:66)
[2026-03-04 15:48:33,607] INFO [Partition connect-status-topic-kcbq-connect-cluster-4 broker=0] Log loaded for partition connect-status-topic-kcbq-connect-cluster-4 with initial high watermark 0 (kafka.cluster.Partition:66)
[2026-03-04 15:48:33,607] INFO [Broker id=0] Leader connect-status-topic-kcbq-connect-cluster-4 with topic id Some(U3g9HSgiTMOZdm5Pc_MIwA) starts at leader epoch 0 from offset 0 with partition epoch 0, high watermark 0, ISR [0], adding replicas [] and removing replicas [] . Previous leader None and previous leader epoch was -1. (state.change.logger:66)
[2026-03-04 15:48:33,607] INFO [LogLoader partition=connect-status-topic-kcbq-connect-cluster-1, dir=/tmp/EmbeddedKafkaCluster3024498146076714957] Loading producer state till offset 0 with message format version 2 (kafka.log.UnifiedLog$:1937)
[2026-03-04 15:48:33,607] INFO Created log for partition connect-status-topic-kcbq-connect-cluster-1 in /tmp/EmbeddedKafkaCluster3024498146076714957/connect-status-topic-kcbq-connect-cluster-1 with properties {cleanup.policy=compact} (kafka.log.LogManager:66)
[2026-03-04 15:48:33,607] INFO [Partition connect-status-topic-kcbq-connect-cluster-1 broker=0] No checkpointed highwatermark is found for partition connect-status-topic-kcbq-connect-cluster-1 (kafka.cluster.Partition:66)
[2026-03-04 15:48:33,607] INFO [Partition connect-status-topic-kcbq-connect-cluster-1 broker=0] Log loaded for partition connect-status-topic-kcbq-connect-cluster-1 with initial high watermark 0 (kafka.cluster.Partition:66)
[2026-03-04 15:48:33,607] INFO [Broker id=0] Leader connect-status-topic-kcbq-connect-cluster-1 with topic id Some(U3g9HSgiTMOZdm5Pc_MIwA) starts at leader epoch 0 from offset 0 with partition epoch 0, high watermark 0, ISR [0], adding replicas [] and removing replicas [] . Previous leader None and previous leader epoch was -1. (state.change.logger:66)
[2026-03-04 15:48:33,608] INFO [LogLoader partition=connect-status-topic-kcbq-connect-cluster-2, dir=/tmp/EmbeddedKafkaCluster3024498146076714957] Loading producer state till offset 0 with message format version 2 (kafka.log.UnifiedLog$:1937)
[2026-03-04 15:48:33,608] INFO Created log for partition connect-status-topic-kcbq-connect-cluster-2 in /tmp/EmbeddedKafkaCluster3024498146076714957/connect-status-topic-kcbq-connect-cluster-2 with properties {cleanup.policy=compact} (kafka.log.LogManager:66)
[2026-03-04 15:48:33,608] INFO [Partition connect-status-topic-kcbq-connect-cluster-2 broker=0] No checkpointed highwatermark is found for partition connect-status-topic-kcbq-connect-cluster-2 (kafka.cluster.Partition:66)
[2026-03-04 15:48:33,608] INFO [Partition connect-status-topic-kcbq-connect-cluster-2 broker=0] Log loaded for partition connect-status-topic-kcbq-connect-cluster-2 with initial high watermark 0 (kafka.cluster.Partition:66)
[2026-03-04 15:48:33,608] INFO [Broker id=0] Leader connect-status-topic-kcbq-connect-cluster-2 with topic id Some(U3g9HSgiTMOZdm5Pc_MIwA) starts at leader epoch 0 from offset 0 with partition epoch 0, high watermark 0, ISR [0], adding replicas [] and removing replicas [] . Previous leader None and previous leader epoch was -1. (state.change.logger:66)
[2026-03-04 15:48:33,608] INFO [LogLoader partition=connect-status-topic-kcbq-connect-cluster-3, dir=/tmp/EmbeddedKafkaCluster3024498146076714957] Loading producer state till offset 0 with message format version 2 (kafka.log.UnifiedLog$:1937)
[2026-03-04 15:48:33,608] INFO Created log for partition connect-status-topic-kcbq-connect-cluster-3 in /tmp/EmbeddedKafkaCluster3024498146076714957/connect-status-topic-kcbq-connect-cluster-3 with properties {cleanup.policy=compact} (kafka.log.LogManager:66)
[2026-03-04 15:48:33,608] INFO [Partition connect-status-topic-kcbq-connect-cluster-3 broker=0] No checkpointed highwatermark is found for partition connect-status-topic-kcbq-connect-cluster-3 (kafka.cluster.Partition:66)
[2026-03-04 15:48:33,608] INFO [Partition connect-status-topic-kcbq-connect-cluster-3 broker=0] Log loaded for partition connect-status-topic-kcbq-connect-cluster-3 with initial high watermark 0 (kafka.cluster.Partition:66)
[2026-03-04 15:48:33,608] INFO [Broker id=0] Leader connect-status-topic-kcbq-connect-cluster-3 with topic id Some(U3g9HSgiTMOZdm5Pc_MIwA) starts at leader epoch 0 from offset 0 with partition epoch 0, high watermark 0, ISR [0], adding replicas [] and removing replicas [] . Previous leader None and previous leader epoch was -1. (state.change.logger:66)
[2026-03-04 15:48:33,609] INFO [LogLoader partition=connect-status-topic-kcbq-connect-cluster-0, dir=/tmp/EmbeddedKafkaCluster3024498146076714957] Loading producer state till offset 0 with message format version 2 (kafka.log.UnifiedLog$:1937)
[2026-03-04 15:48:33,609] INFO Created log for partition connect-status-topic-kcbq-connect-cluster-0 in /tmp/EmbeddedKafkaCluster3024498146076714957/connect-status-topic-kcbq-connect-cluster-0 with properties {cleanup.policy=compact} (kafka.log.LogManager:66)
[2026-03-04 15:48:33,609] INFO [Partition connect-status-topic-kcbq-connect-cluster-0 broker=0] No checkpointed highwatermark is found for partition connect-status-topic-kcbq-connect-cluster-0 (kafka.cluster.Partition:66)
[2026-03-04 15:48:33,609] INFO [Partition connect-status-topic-kcbq-connect-cluster-0 broker=0] Log loaded for partition connect-status-topic-kcbq-connect-cluster-0 with initial high watermark 0 (kafka.cluster.Partition:66)
[2026-03-04 15:48:33,609] INFO [Broker id=0] Leader connect-status-topic-kcbq-connect-cluster-0 with topic id Some(U3g9HSgiTMOZdm5Pc_MIwA) starts at leader epoch 0 from offset 0 with partition epoch 0, high watermark 0, ISR [0], adding replicas [] and removing replicas [] . Previous leader None and previous leader epoch was -1. (state.change.logger:66)
[2026-03-04 15:48:33,609] INFO [Broker id=0] Finished LeaderAndIsr request in 4ms correlationId 3 from controller 0 for 5 partitions (state.change.logger:66)
[2026-03-04 15:48:33,609] INFO [Broker id=0] Add 5 partitions and deleted 0 partitions from metadata cache in response to UpdateMetadata request sent by controller 0 epoch 1 with correlation id 4 (state.change.logger:66)
[2026-03-04 15:48:33,609] INFO Created topic (name=connect-status-topic-kcbq-connect-cluster, numPartitions=5, replicationFactor=1, replicasAssignments=null, configs={cleanup.policy=compact}) on brokers at localhost:39731 (org.apache.kafka.connect.util.TopicAdmin:415)
[2026-03-04 15:48:33,610] INFO ProducerConfig values: 
	acks = -1
	auto.include.jmx.reporter = true
	batch.size = 16384
	bootstrap.servers = [localhost:39731]
	buffer.memory = 33554432
	client.dns.lookup = use_all_dns_ips
	client.id = connect-integration-test-kcbq-connect-cluster-statuses
	compression.gzip.level = -1
	compression.lz4.level = 9
	compression.type = none
	compression.zstd.level = 3
	connections.max.idle.ms = 540000
	delivery.timeout.ms = 120000
	enable.idempotence = false
	enable.metrics.push = true
	interceptor.classes = []
	key.serializer = class org.apache.kafka.common.serialization.StringSerializer
	linger.ms = 0
	max.block.ms = 60000
	max.in.flight.requests.per.connection = 1
	max.request.size = 1048576
	metadata.max.age.ms = 300000
	metadata.max.idle.ms = 300000
	metadata.recovery.strategy = none
	metric.reporters = []
	metrics.num.samples = 2
	metrics.recording.level = INFO
	metrics.sample.window.ms = 30000
	partitioner.adaptive.partitioning.enable = true
	partitioner.availability.timeout.ms = 0
	partitioner.class = null
	partitioner.ignore.keys = false
	receive.buffer.bytes = 32768
	reconnect.backoff.max.ms = 1000
	reconnect.backoff.ms = 50
	request.timeout.ms = 30000
	retries = 0
	retry.backoff.max.ms = 1000
	retry.backoff.ms = 100
	sasl.client.callback.handler.class = null
	sasl.jaas.config = null
	sasl.kerberos.kinit.cmd = /usr/bin/kinit
	sasl.kerberos.min.time.before.relogin = 60000
	sasl.kerberos.service.name = null
	sasl.kerberos.ticket.renew.jitter = 0.05
	sasl.kerberos.ticket.renew.window.factor = 0.8
	sasl.login.callback.handler.class = null
	sasl.login.class = null
	sasl.login.connect.timeout.ms = null
	sasl.login.read.timeout.ms = null
	sasl.login.refresh.buffer.seconds = 300
	sasl.login.refresh.min.period.seconds = 60
	sasl.login.refresh.window.factor = 0.8
	sasl.login.refresh.window.jitter = 0.05
	sasl.login.retry.backoff.max.ms = 10000
	sasl.login.retry.backoff.ms = 100
	sasl.mechanism = GSSAPI
	sasl.oauthbearer.clock.skew.seconds = 30
	sasl.oauthbearer.expected.audience = null
	sasl.oauthbearer.expected.issuer = null
	sasl.oauthbearer.jwks.endpoint.refresh.ms = 3600000
	sasl.oauthbearer.jwks.endpoint.retry.backoff.max.ms = 10000
	sasl.oauthbearer.jwks.endpoint.retry.backoff.ms = 100
	sasl.oauthbearer.jwks.endpoint.url = null
	sasl.oauthbearer.scope.claim.name = scope
	sasl.oauthbearer.sub.claim.name = sub
	sasl.oauthbearer.token.endpoint.url = null
	security.protocol = PLAINTEXT
	security.providers = null
	send.buffer.bytes = 131072
	socket.connection.setup.timeout.max.ms = 30000
	socket.connection.setup.timeout.ms = 10000
	ssl.cipher.suites = null
	ssl.enabled.protocols = [TLSv1.2, TLSv1.3]
	ssl.endpoint.identification.algorithm = https
	ssl.engine.factory.class = null
	ssl.key.password = null
	ssl.keymanager.algorithm = SunX509
	ssl.keystore.certificate.chain = null
	ssl.keystore.key = null
	ssl.keystore.location = null
	ssl.keystore.password = null
	ssl.keystore.type = JKS
	ssl.protocol = TLSv1.3
	ssl.provider = null
	ssl.secure.random.implementation = null
	ssl.trustmanager.algorithm = PKIX
	ssl.truststore.certificates = null
	ssl.truststore.location = null
	ssl.truststore.password = null
	ssl.truststore.type = JKS
	transaction.timeout.ms = 60000
	transactional.id = null
	value.serializer = class org.apache.kafka.common.serialization.ByteArraySerializer
 (org.apache.kafka.clients.producer.ProducerConfig:372)
[2026-03-04 15:48:33,610] INFO initializing Kafka metrics collector (org.apache.kafka.common.telemetry.internals.KafkaMetricsCollector:269)
[2026-03-04 15:48:33,610] INFO These configurations '[connector.client.config.override.policy, plugin.discovery, listeners, config.storage.topic, metrics.context.connect.group.id, group.id, status.storage.topic, offset.flush.interval.ms, config.storage.replication.factor, metrics.context.connect.kafka.cluster.id, status.storage.replication.factor, offset.storage.replication.factor, offset.storage.topic, value.converter, key.converter]' were supplied but are not used yet. (org.apache.kafka.clients.producer.ProducerConfig:381)
[2026-03-04 15:48:33,610] INFO Kafka version: 3.8.1 (org.apache.kafka.common.utils.AppInfoParser:124)
[2026-03-04 15:48:33,610] INFO Kafka commitId: 70d6ff42debf7e17 (org.apache.kafka.common.utils.AppInfoParser:125)
[2026-03-04 15:48:33,610] INFO Kafka startTimeMs: 1772619513610 (org.apache.kafka.common.utils.AppInfoParser:126)
[2026-03-04 15:48:33,610] INFO ConsumerConfig values: 
	allow.auto.create.topics = true
	auto.commit.interval.ms = 5000
	auto.include.jmx.reporter = true
	auto.offset.reset = earliest
	bootstrap.servers = [localhost:39731]
	check.crcs = true
	client.dns.lookup = use_all_dns_ips
	client.id = connect-integration-test-kcbq-connect-cluster-statuses
	client.rack = 
	connections.max.idle.ms = 540000
	default.api.timeout.ms = 60000
	enable.auto.commit = false
	enable.metrics.push = true
	exclude.internal.topics = true
	fetch.max.bytes = 52428800
	fetch.max.wait.ms = 500
	fetch.min.bytes = 1
	group.id = connect-integration-test-kcbq-connect-cluster
	group.instance.id = null
	group.protocol = classic
	group.remote.assignor = null
	heartbeat.interval.ms = 3000
	interceptor.classes = []
	internal.leave.group.on.close = true
	internal.throw.on.fetch.stable.offset.unsupported = false
	isolation.level = read_uncommitted
	key.deserializer = class org.apache.kafka.common.serialization.StringDeserializer
	max.partition.fetch.bytes = 1048576
	max.poll.interval.ms = 300000
	max.poll.records = 500
	metadata.max.age.ms = 300000
	metadata.recovery.strategy = none
	metric.reporters = []
	metrics.num.samples = 2
	metrics.recording.level = INFO
	metrics.sample.window.ms = 30000
	partition.assignment.strategy = [class org.apache.kafka.clients.consumer.RangeAssignor, class org.apache.kafka.clients.consumer.CooperativeStickyAssignor]
	receive.buffer.bytes = 65536
	reconnect.backoff.max.ms = 1000
	reconnect.backoff.ms = 50
	request.timeout.ms = 30000
	retry.backoff.max.ms = 1000
	retry.backoff.ms = 100
	sasl.client.callback.handler.class = null
	sasl.jaas.config = null
	sasl.kerberos.kinit.cmd = /usr/bin/kinit
	sasl.kerberos.min.time.before.relogin = 60000
	sasl.kerberos.service.name = null
	sasl.kerberos.ticket.renew.jitter = 0.05
	sasl.kerberos.ticket.renew.window.factor = 0.8
	sasl.login.callback.handler.class = null
	sasl.login.class = null
	sasl.login.connect.timeout.ms = null
	sasl.login.read.timeout.ms = null
	sasl.login.refresh.buffer.seconds = 300
	sasl.login.refresh.min.period.seconds = 60
	sasl.login.refresh.window.factor = 0.8
	sasl.login.refresh.window.jitter = 0.05
	sasl.login.retry.backoff.max.ms = 10000
	sasl.login.retry.backoff.ms = 100
	sasl.mechanism = GSSAPI
	sasl.oauthbearer.clock.skew.seconds = 30
	sasl.oauthbearer.expected.audience = null
	sasl.oauthbearer.expected.issuer = null
	sasl.oauthbearer.jwks.endpoint.refresh.ms = 3600000
	sasl.oauthbearer.jwks.endpoint.retry.backoff.max.ms = 10000
	sasl.oauthbearer.jwks.endpoint.retry.backoff.ms = 100
	sasl.oauthbearer.jwks.endpoint.url = null
	sasl.oauthbearer.scope.claim.name = scope
	sasl.oauthbearer.sub.claim.name = sub
	sasl.oauthbearer.token.endpoint.url = null
	security.protocol = PLAINTEXT
	security.providers = null
	send.buffer.bytes = 131072
	session.timeout.ms = 45000
	socket.connection.setup.timeout.max.ms = 30000
	socket.connection.setup.timeout.ms = 10000
	ssl.cipher.suites = null
	ssl.enabled.protocols = [TLSv1.2, TLSv1.3]
	ssl.endpoint.identification.algorithm = https
	ssl.engine.factory.class = null
	ssl.key.password = null
	ssl.keymanager.algorithm = SunX509
	ssl.keystore.certificate.chain = null
	ssl.keystore.key = null
	ssl.keystore.location = null
	ssl.keystore.password = null
	ssl.keystore.type = JKS
	ssl.protocol = TLSv1.3
	ssl.provider = null
	ssl.secure.random.implementation = null
	ssl.trustmanager.algorithm = PKIX
	ssl.truststore.certificates = null
	ssl.truststore.location = null
	ssl.truststore.password = null
	ssl.truststore.type = JKS
	value.deserializer = class org.apache.kafka.common.serialization.ByteArrayDeserializer
 (org.apache.kafka.clients.consumer.ConsumerConfig:372)
[2026-03-04 15:48:33,610] INFO initializing Kafka metrics collector (org.apache.kafka.common.telemetry.internals.KafkaMetricsCollector:269)
[2026-03-04 15:48:33,611] INFO [Producer clientId=connect-integration-test-kcbq-connect-cluster-statuses] Cluster ID: O0f4olPMSbKgz2FfinXZHg (org.apache.kafka.clients.Metadata:364)
[2026-03-04 15:48:33,611] INFO These configurations '[connector.client.config.override.policy, plugin.discovery, listeners, config.storage.topic, metrics.context.connect.group.id, status.storage.topic, offset.flush.interval.ms, config.storage.replication.factor, metrics.context.connect.kafka.cluster.id, status.storage.replication.factor, offset.storage.replication.factor, offset.storage.topic, value.converter, key.converter]' were supplied but are not used yet. (org.apache.kafka.clients.consumer.ConsumerConfig:381)
[2026-03-04 15:48:33,611] INFO Kafka version: 3.8.1 (org.apache.kafka.common.utils.AppInfoParser:124)
[2026-03-04 15:48:33,611] INFO Kafka commitId: 70d6ff42debf7e17 (org.apache.kafka.common.utils.AppInfoParser:125)
[2026-03-04 15:48:33,611] INFO Kafka startTimeMs: 1772619513611 (org.apache.kafka.common.utils.AppInfoParser:126)
[2026-03-04 15:48:33,611] INFO [Consumer clientId=connect-integration-test-kcbq-connect-cluster-statuses, groupId=connect-integration-test-kcbq-connect-cluster] Cluster ID: O0f4olPMSbKgz2FfinXZHg (org.apache.kafka.clients.Metadata:364)
[2026-03-04 15:48:33,612] INFO [Consumer clientId=connect-integration-test-kcbq-connect-cluster-statuses, groupId=connect-integration-test-kcbq-connect-cluster] Assigned to partition(s): connect-status-topic-kcbq-connect-cluster-0, connect-status-topic-kcbq-connect-cluster-4, connect-status-topic-kcbq-connect-cluster-1, connect-status-topic-kcbq-connect-cluster-2, connect-status-topic-kcbq-connect-cluster-3 (org.apache.kafka.clients.consumer.internals.LegacyKafkaConsumer:574)
[2026-03-04 15:48:33,612] INFO [Consumer clientId=connect-integration-test-kcbq-connect-cluster-statuses, groupId=connect-integration-test-kcbq-connect-cluster] Seeking to earliest offset of partition connect-status-topic-kcbq-connect-cluster-0 (org.apache.kafka.clients.consumer.internals.SubscriptionState:704)
[2026-03-04 15:48:33,612] INFO [Consumer clientId=connect-integration-test-kcbq-connect-cluster-statuses, groupId=connect-integration-test-kcbq-connect-cluster] Seeking to earliest offset of partition connect-status-topic-kcbq-connect-cluster-4 (org.apache.kafka.clients.consumer.internals.SubscriptionState:704)
[2026-03-04 15:48:33,612] INFO [Consumer clientId=connect-integration-test-kcbq-connect-cluster-statuses, groupId=connect-integration-test-kcbq-connect-cluster] Seeking to earliest offset of partition connect-status-topic-kcbq-connect-cluster-1 (org.apache.kafka.clients.consumer.internals.SubscriptionState:704)
[2026-03-04 15:48:33,612] INFO [Consumer clientId=connect-integration-test-kcbq-connect-cluster-statuses, groupId=connect-integration-test-kcbq-connect-cluster] Seeking to earliest offset of partition connect-status-topic-kcbq-connect-cluster-2 (org.apache.kafka.clients.consumer.internals.SubscriptionState:704)
[2026-03-04 15:48:33,612] INFO [Consumer clientId=connect-integration-test-kcbq-connect-cluster-statuses, groupId=connect-integration-test-kcbq-connect-cluster] Seeking to earliest offset of partition connect-status-topic-kcbq-connect-cluster-3 (org.apache.kafka.clients.consumer.internals.SubscriptionState:704)
[2026-03-04 15:48:33,613] INFO [Consumer clientId=connect-integration-test-kcbq-connect-cluster-statuses, groupId=connect-integration-test-kcbq-connect-cluster] Resetting offset for partition connect-status-topic-kcbq-connect-cluster-2 to position FetchPosition{offset=0, offsetEpoch=Optional.empty, currentLeader=LeaderAndEpoch{leader=Optional[localhost:39731 (id: 0 rack: null)], epoch=0}}. (org.apache.kafka.clients.consumer.internals.SubscriptionState:398)
[2026-03-04 15:48:33,613] INFO [Consumer clientId=connect-integration-test-kcbq-connect-cluster-statuses, groupId=connect-integration-test-kcbq-connect-cluster] Resetting offset for partition connect-status-topic-kcbq-connect-cluster-1 to position FetchPosition{offset=0, offsetEpoch=Optional.empty, currentLeader=LeaderAndEpoch{leader=Optional[localhost:39731 (id: 0 rack: null)], epoch=0}}. (org.apache.kafka.clients.consumer.internals.SubscriptionState:398)
[2026-03-04 15:48:33,613] INFO [Consumer clientId=connect-integration-test-kcbq-connect-cluster-statuses, groupId=connect-integration-test-kcbq-connect-cluster] Resetting offset for partition connect-status-topic-kcbq-connect-cluster-4 to position FetchPosition{offset=0, offsetEpoch=Optional.empty, currentLeader=LeaderAndEpoch{leader=Optional[localhost:39731 (id: 0 rack: null)], epoch=0}}. (org.apache.kafka.clients.consumer.internals.SubscriptionState:398)
[2026-03-04 15:48:33,613] INFO [Consumer clientId=connect-integration-test-kcbq-connect-cluster-statuses, groupId=connect-integration-test-kcbq-connect-cluster] Resetting offset for partition connect-status-topic-kcbq-connect-cluster-3 to position FetchPosition{offset=0, offsetEpoch=Optional.empty, currentLeader=LeaderAndEpoch{leader=Optional[localhost:39731 (id: 0 rack: null)], epoch=0}}. (org.apache.kafka.clients.consumer.internals.SubscriptionState:398)
[2026-03-04 15:48:33,613] INFO [Consumer clientId=connect-integration-test-kcbq-connect-cluster-statuses, groupId=connect-integration-test-kcbq-connect-cluster] Resetting offset for partition connect-status-topic-kcbq-connect-cluster-0 to position FetchPosition{offset=0, offsetEpoch=Optional.empty, currentLeader=LeaderAndEpoch{leader=Optional[localhost:39731 (id: 0 rack: null)], epoch=0}}. (org.apache.kafka.clients.consumer.internals.SubscriptionState:398)
[2026-03-04 15:48:33,613] INFO Finished reading KafkaBasedLog for topic connect-status-topic-kcbq-connect-cluster (org.apache.kafka.connect.util.KafkaBasedLog:310)
[2026-03-04 15:48:33,613] INFO Started KafkaBasedLog for topic connect-status-topic-kcbq-connect-cluster (org.apache.kafka.connect.util.KafkaBasedLog:312)
[2026-03-04 15:48:33,613] INFO Starting KafkaConfigBackingStore (org.apache.kafka.connect.storage.KafkaConfigBackingStore:376)
[2026-03-04 15:48:33,613] INFO Starting KafkaBasedLog with topic connect-config-topic-kcbq-connect-cluster reportErrorsToCallback=false (org.apache.kafka.connect.util.KafkaBasedLog:253)
[2026-03-04 15:48:33,614] INFO Creating topic connect-config-topic-kcbq-connect-cluster with configuration {cleanup.policy=compact} and initial partition assignment Map(0 -> ArrayBuffer(0)) (kafka.zk.AdminZkClient:66)
[2026-03-04 15:48:33,615] INFO [Controller id=0] New topics: [Set(connect-config-topic-kcbq-connect-cluster)], deleted topics: [Set()], new partition replica assignment [Set(TopicIdReplicaAssignment(connect-config-topic-kcbq-connect-cluster,Some(ICEc0fujQDm_k44Vwzw5yA),Map(connect-config-topic-kcbq-connect-cluster-0 -> ReplicaAssignment(replicas=0, addingReplicas=, removingReplicas=))))] (kafka.controller.KafkaController:66)
[2026-03-04 15:48:33,615] INFO [Controller id=0] New partition creation callback for connect-config-topic-kcbq-connect-cluster-0 (kafka.controller.KafkaController:66)
[2026-03-04 15:48:33,615] INFO [Controller id=0 epoch=1] Changed partition connect-config-topic-kcbq-connect-cluster-0 state from NonExistentPartition to NewPartition with assigned replicas 0 (state.change.logger:66)
[2026-03-04 15:48:33,615] INFO [Controller id=0 epoch=1] Sending UpdateMetadata request to brokers Set() for 0 partitions (state.change.logger:66)
[2026-03-04 15:48:33,615] INFO [Controller id=0 epoch=1] Sending UpdateMetadata request to brokers Set() for 0 partitions (state.change.logger:66)
[2026-03-04 15:48:33,615] INFO [Controller id=0 epoch=1] Changed partition connect-config-topic-kcbq-connect-cluster-0 from NewPartition to OnlinePartition with state LeaderAndIsr(leader=0, leaderEpoch=0, isrWithBrokerEpoch=List(BrokerState(brokerId=0, brokerEpoch=-1)), leaderRecoveryState=RECOVERED, partitionEpoch=0) (state.change.logger:66)
[2026-03-04 15:48:33,615] INFO [Controller id=0 epoch=1] Sending LeaderAndIsr request to broker 0 with 1 become-leader and 0 become-follower partitions (state.change.logger:66)
[2026-03-04 15:48:33,615] INFO [Controller id=0 epoch=1] Sending UpdateMetadata request to brokers Set(0) for 1 partitions (state.change.logger:66)
[2026-03-04 15:48:33,615] INFO [Controller id=0 epoch=1] Sending UpdateMetadata request to brokers Set() for 0 partitions (state.change.logger:66)
[2026-03-04 15:48:33,616] INFO [Broker id=0] Handling LeaderAndIsr request correlationId 5 from controller 0 for 1 partitions (state.change.logger:66)
[2026-03-04 15:48:33,616] INFO [ReplicaFetcherManager on broker 0] Removed fetcher for partitions Set(connect-config-topic-kcbq-connect-cluster-0) (kafka.server.ReplicaFetcherManager:66)
[2026-03-04 15:48:33,616] INFO [Broker id=0] Stopped fetchers as part of LeaderAndIsr request correlationId 5 from controller 0 epoch 1 as part of the become-leader transition for 1 partitions (state.change.logger:66)
[2026-03-04 15:48:33,616] INFO [LogLoader partition=connect-config-topic-kcbq-connect-cluster-0, dir=/tmp/EmbeddedKafkaCluster3024498146076714957] Loading producer state till offset 0 with message format version 2 (kafka.log.UnifiedLog$:1937)
[2026-03-04 15:48:33,616] INFO Created log for partition connect-config-topic-kcbq-connect-cluster-0 in /tmp/EmbeddedKafkaCluster3024498146076714957/connect-config-topic-kcbq-connect-cluster-0 with properties {cleanup.policy=compact} (kafka.log.LogManager:66)
[2026-03-04 15:48:33,616] INFO [Partition connect-config-topic-kcbq-connect-cluster-0 broker=0] No checkpointed highwatermark is found for partition connect-config-topic-kcbq-connect-cluster-0 (kafka.cluster.Partition:66)
[2026-03-04 15:48:33,616] INFO [Partition connect-config-topic-kcbq-connect-cluster-0 broker=0] Log loaded for partition connect-config-topic-kcbq-connect-cluster-0 with initial high watermark 0 (kafka.cluster.Partition:66)
[2026-03-04 15:48:33,616] INFO [Broker id=0] Leader connect-config-topic-kcbq-connect-cluster-0 with topic id Some(ICEc0fujQDm_k44Vwzw5yA) starts at leader epoch 0 from offset 0 with partition epoch 0, high watermark 0, ISR [0], adding replicas [] and removing replicas [] . Previous leader None and previous leader epoch was -1. (state.change.logger:66)
[2026-03-04 15:48:33,617] INFO [Broker id=0] Finished LeaderAndIsr request in 1ms correlationId 5 from controller 0 for 1 partitions (state.change.logger:66)
[2026-03-04 15:48:33,617] INFO [Broker id=0] Add 1 partitions and deleted 0 partitions from metadata cache in response to UpdateMetadata request sent by controller 0 epoch 1 with correlation id 6 (state.change.logger:66)
[2026-03-04 15:48:33,617] INFO Created topic (name=connect-config-topic-kcbq-connect-cluster, numPartitions=1, replicationFactor=1, replicasAssignments=null, configs={cleanup.policy=compact}) on brokers at localhost:39731 (org.apache.kafka.connect.util.TopicAdmin:415)
[2026-03-04 15:48:33,617] INFO ProducerConfig values: 
	acks = -1
	auto.include.jmx.reporter = true
	batch.size = 16384
	bootstrap.servers = [localhost:39731]
	buffer.memory = 33554432
	client.dns.lookup = use_all_dns_ips
	client.id = connect-integration-test-kcbq-connect-cluster-configs
	compression.gzip.level = -1
	compression.lz4.level = 9
	compression.type = none
	compression.zstd.level = 3
	connections.max.idle.ms = 540000
	delivery.timeout.ms = 2147483647
	enable.idempotence = false
	enable.metrics.push = true
	interceptor.classes = []
	key.serializer = class org.apache.kafka.common.serialization.StringSerializer
	linger.ms = 0
	max.block.ms = 60000
	max.in.flight.requests.per.connection = 1
	max.request.size = 1048576
	metadata.max.age.ms = 300000
	metadata.max.idle.ms = 300000
	metadata.recovery.strategy = none
	metric.reporters = []
	metrics.num.samples = 2
	metrics.recording.level = INFO
	metrics.sample.window.ms = 30000
	partitioner.adaptive.partitioning.enable = true
	partitioner.availability.timeout.ms = 0
	partitioner.class = null
	partitioner.ignore.keys = false
	receive.buffer.bytes = 32768
	reconnect.backoff.max.ms = 1000
	reconnect.backoff.ms = 50
	request.timeout.ms = 30000
	retries = 2147483647
	retry.backoff.max.ms = 1000
	retry.backoff.ms = 100
	sasl.client.callback.handler.class = null
	sasl.jaas.config = null
	sasl.kerberos.kinit.cmd = /usr/bin/kinit
	sasl.kerberos.min.time.before.relogin = 60000
	sasl.kerberos.service.name = null
	sasl.kerberos.ticket.renew.jitter = 0.05
	sasl.kerberos.ticket.renew.window.factor = 0.8
	sasl.login.callback.handler.class = null
	sasl.login.class = null
	sasl.login.connect.timeout.ms = null
	sasl.login.read.timeout.ms = null
	sasl.login.refresh.buffer.seconds = 300
	sasl.login.refresh.min.period.seconds = 60
	sasl.login.refresh.window.factor = 0.8
	sasl.login.refresh.window.jitter = 0.05
	sasl.login.retry.backoff.max.ms = 10000
	sasl.login.retry.backoff.ms = 100
	sasl.mechanism = GSSAPI
	sasl.oauthbearer.clock.skew.seconds = 30
	sasl.oauthbearer.expected.audience = null
	sasl.oauthbearer.expected.issuer = null
	sasl.oauthbearer.jwks.endpoint.refresh.ms = 3600000
	sasl.oauthbearer.jwks.endpoint.retry.backoff.max.ms = 10000
	sasl.oauthbearer.jwks.endpoint.retry.backoff.ms = 100
	sasl.oauthbearer.jwks.endpoint.url = null
	sasl.oauthbearer.scope.claim.name = scope
	sasl.oauthbearer.sub.claim.name = sub
	sasl.oauthbearer.token.endpoint.url = null
	security.protocol = PLAINTEXT
	security.providers = null
	send.buffer.bytes = 131072
	socket.connection.setup.timeout.max.ms = 30000
	socket.connection.setup.timeout.ms = 10000
	ssl.cipher.suites = null
	ssl.enabled.protocols = [TLSv1.2, TLSv1.3]
	ssl.endpoint.identification.algorithm = https
	ssl.engine.factory.class = null
	ssl.key.password = null
	ssl.keymanager.algorithm = SunX509
	ssl.keystore.certificate.chain = null
	ssl.keystore.key = null
	ssl.keystore.location = null
	ssl.keystore.password = null
	ssl.keystore.type = JKS
	ssl.protocol = TLSv1.3
	ssl.provider = null
	ssl.secure.random.implementation = null
	ssl.trustmanager.algorithm = PKIX
	ssl.truststore.certificates = null
	ssl.truststore.location = null
	ssl.truststore.password = null
	ssl.truststore.type = JKS
	transaction.timeout.ms = 60000
	transactional.id = null
	value.serializer = class org.apache.kafka.common.serialization.ByteArraySerializer
 (org.apache.kafka.clients.producer.ProducerConfig:372)
[2026-03-04 15:48:33,617] INFO initializing Kafka metrics collector (org.apache.kafka.common.telemetry.internals.KafkaMetricsCollector:269)
[2026-03-04 15:48:33,618] INFO These configurations '[connector.client.config.override.policy, plugin.discovery, listeners, config.storage.topic, metrics.context.connect.group.id, group.id, status.storage.topic, offset.flush.interval.ms, config.storage.replication.factor, metrics.context.connect.kafka.cluster.id, status.storage.replication.factor, offset.storage.replication.factor, offset.storage.topic, value.converter, key.converter]' were supplied but are not used yet. (org.apache.kafka.clients.producer.ProducerConfig:381)
[2026-03-04 15:48:33,618] INFO Kafka version: 3.8.1 (org.apache.kafka.common.utils.AppInfoParser:124)
[2026-03-04 15:48:33,618] INFO Kafka commitId: 70d6ff42debf7e17 (org.apache.kafka.common.utils.AppInfoParser:125)
[2026-03-04 15:48:33,618] INFO Kafka startTimeMs: 1772619513618 (org.apache.kafka.common.utils.AppInfoParser:126)
[2026-03-04 15:48:33,618] INFO ConsumerConfig values: 
	allow.auto.create.topics = true
	auto.commit.interval.ms = 5000
	auto.include.jmx.reporter = true
	auto.offset.reset = earliest
	bootstrap.servers = [localhost:39731]
	check.crcs = true
	client.dns.lookup = use_all_dns_ips
	client.id = connect-integration-test-kcbq-connect-cluster-configs
	client.rack = 
	connections.max.idle.ms = 540000
	default.api.timeout.ms = 60000
	enable.auto.commit = false
	enable.metrics.push = true
	exclude.internal.topics = true
	fetch.max.bytes = 52428800
	fetch.max.wait.ms = 500
	fetch.min.bytes = 1
	group.id = connect-integration-test-kcbq-connect-cluster
	group.instance.id = null
	group.protocol = classic
	group.remote.assignor = null
	heartbeat.interval.ms = 3000
	interceptor.classes = []
	internal.leave.group.on.close = true
	internal.throw.on.fetch.stable.offset.unsupported = false
	isolation.level = read_uncommitted
	key.deserializer = class org.apache.kafka.common.serialization.StringDeserializer
	max.partition.fetch.bytes = 1048576
	max.poll.interval.ms = 300000
	max.poll.records = 500
	metadata.max.age.ms = 300000
	metadata.recovery.strategy = none
	metric.reporters = []
	metrics.num.samples = 2
	metrics.recording.level = INFO
	metrics.sample.window.ms = 30000
	partition.assignment.strategy = [class org.apache.kafka.clients.consumer.RangeAssignor, class org.apache.kafka.clients.consumer.CooperativeStickyAssignor]
	receive.buffer.bytes = 65536
	reconnect.backoff.max.ms = 1000
	reconnect.backoff.ms = 50
	request.timeout.ms = 30000
	retry.backoff.max.ms = 1000
	retry.backoff.ms = 100
	sasl.client.callback.handler.class = null
	sasl.jaas.config = null
	sasl.kerberos.kinit.cmd = /usr/bin/kinit
	sasl.kerberos.min.time.before.relogin = 60000
	sasl.kerberos.service.name = null
	sasl.kerberos.ticket.renew.jitter = 0.05
	sasl.kerberos.ticket.renew.window.factor = 0.8
	sasl.login.callback.handler.class = null
	sasl.login.class = null
	sasl.login.connect.timeout.ms = null
	sasl.login.read.timeout.ms = null
	sasl.login.refresh.buffer.seconds = 300
	sasl.login.refresh.min.period.seconds = 60
	sasl.login.refresh.window.factor = 0.8
	sasl.login.refresh.window.jitter = 0.05
	sasl.login.retry.backoff.max.ms = 10000
	sasl.login.retry.backoff.ms = 100
	sasl.mechanism = GSSAPI
	sasl.oauthbearer.clock.skew.seconds = 30
	sasl.oauthbearer.expected.audience = null
	sasl.oauthbearer.expected.issuer = null
	sasl.oauthbearer.jwks.endpoint.refresh.ms = 3600000
	sasl.oauthbearer.jwks.endpoint.retry.backoff.max.ms = 10000
	sasl.oauthbearer.jwks.endpoint.retry.backoff.ms = 100
	sasl.oauthbearer.jwks.endpoint.url = null
	sasl.oauthbearer.scope.claim.name = scope
	sasl.oauthbearer.sub.claim.name = sub
	sasl.oauthbearer.token.endpoint.url = null
	security.protocol = PLAINTEXT
	security.providers = null
	send.buffer.bytes = 131072
	session.timeout.ms = 45000
	socket.connection.setup.timeout.max.ms = 30000
	socket.connection.setup.timeout.ms = 10000
	ssl.cipher.suites = null
	ssl.enabled.protocols = [TLSv1.2, TLSv1.3]
	ssl.endpoint.identification.algorithm = https
	ssl.engine.factory.class = null
	ssl.key.password = null
	ssl.keymanager.algorithm = SunX509
	ssl.keystore.certificate.chain = null
	ssl.keystore.key = null
	ssl.keystore.location = null
	ssl.keystore.password = null
	ssl.keystore.type = JKS
	ssl.protocol = TLSv1.3
	ssl.provider = null
	ssl.secure.random.implementation = null
	ssl.trustmanager.algorithm = PKIX
	ssl.truststore.certificates = null
	ssl.truststore.location = null
	ssl.truststore.password = null
	ssl.truststore.type = JKS
	value.deserializer = class org.apache.kafka.common.serialization.ByteArrayDeserializer
 (org.apache.kafka.clients.consumer.ConsumerConfig:372)
[2026-03-04 15:48:33,618] INFO initializing Kafka metrics collector (org.apache.kafka.common.telemetry.internals.KafkaMetricsCollector:269)
[2026-03-04 15:48:33,618] INFO [Producer clientId=connect-integration-test-kcbq-connect-cluster-configs] Cluster ID: O0f4olPMSbKgz2FfinXZHg (org.apache.kafka.clients.Metadata:364)
[2026-03-04 15:48:33,618] INFO These configurations '[connector.client.config.override.policy, plugin.discovery, listeners, config.storage.topic, metrics.context.connect.group.id, status.storage.topic, offset.flush.interval.ms, config.storage.replication.factor, metrics.context.connect.kafka.cluster.id, status.storage.replication.factor, offset.storage.replication.factor, offset.storage.topic, value.converter, key.converter]' were supplied but are not used yet. (org.apache.kafka.clients.consumer.ConsumerConfig:381)
[2026-03-04 15:48:33,618] INFO Kafka version: 3.8.1 (org.apache.kafka.common.utils.AppInfoParser:124)
[2026-03-04 15:48:33,618] INFO Kafka commitId: 70d6ff42debf7e17 (org.apache.kafka.common.utils.AppInfoParser:125)
[2026-03-04 15:48:33,618] INFO Kafka startTimeMs: 1772619513618 (org.apache.kafka.common.utils.AppInfoParser:126)
[2026-03-04 15:48:33,619] INFO [Consumer clientId=connect-integration-test-kcbq-connect-cluster-configs, groupId=connect-integration-test-kcbq-connect-cluster] Cluster ID: O0f4olPMSbKgz2FfinXZHg (org.apache.kafka.clients.Metadata:364)
[2026-03-04 15:48:33,619] INFO [Consumer clientId=connect-integration-test-kcbq-connect-cluster-configs, groupId=connect-integration-test-kcbq-connect-cluster] Assigned to partition(s): connect-config-topic-kcbq-connect-cluster-0 (org.apache.kafka.clients.consumer.internals.LegacyKafkaConsumer:574)
[2026-03-04 15:48:33,619] INFO [Consumer clientId=connect-integration-test-kcbq-connect-cluster-configs, groupId=connect-integration-test-kcbq-connect-cluster] Seeking to earliest offset of partition connect-config-topic-kcbq-connect-cluster-0 (org.apache.kafka.clients.consumer.internals.SubscriptionState:704)
[2026-03-04 15:48:33,620] INFO [Consumer clientId=connect-integration-test-kcbq-connect-cluster-configs, groupId=connect-integration-test-kcbq-connect-cluster] Resetting offset for partition connect-config-topic-kcbq-connect-cluster-0 to position FetchPosition{offset=0, offsetEpoch=Optional.empty, currentLeader=LeaderAndEpoch{leader=Optional[localhost:39731 (id: 0 rack: null)], epoch=0}}. (org.apache.kafka.clients.consumer.internals.SubscriptionState:398)
[2026-03-04 15:48:33,620] INFO Finished reading KafkaBasedLog for topic connect-config-topic-kcbq-connect-cluster (org.apache.kafka.connect.util.KafkaBasedLog:310)
[2026-03-04 15:48:33,620] INFO Started KafkaBasedLog for topic connect-config-topic-kcbq-connect-cluster (org.apache.kafka.connect.util.KafkaBasedLog:312)
[2026-03-04 15:48:33,620] INFO Started KafkaConfigBackingStore (org.apache.kafka.connect.storage.KafkaConfigBackingStore:400)
[2026-03-04 15:48:33,620] INFO [Worker clientId=connect-localhost:33759, groupId=connect-integration-test-kcbq-connect-cluster] Herder started (org.apache.kafka.connect.runtime.distributed.DistributedHerder:377)
[2026-03-04 15:48:33,621] INFO [Worker clientId=connect-localhost:33759, groupId=connect-integration-test-kcbq-connect-cluster] Cluster ID: O0f4olPMSbKgz2FfinXZHg (org.apache.kafka.clients.Metadata:364)
[2026-03-04 15:48:33,622] INFO Creating topic __consumer_offsets with configuration {compression.type=producer, cleanup.policy=compact, segment.bytes=104857600} and initial partition assignment Map(23 -> ArrayBuffer(0), 32 -> ArrayBuffer(0), 41 -> ArrayBuffer(0), 17 -> ArrayBuffer(0), 8 -> ArrayBuffer(0), 35 -> ArrayBuffer(0), 44 -> ArrayBuffer(0), 26 -> ArrayBuffer(0), 11 -> ArrayBuffer(0), 29 -> ArrayBuffer(0), 38 -> ArrayBuffer(0), 47 -> ArrayBuffer(0), 20 -> ArrayBuffer(0), 2 -> ArrayBuffer(0), 5 -> ArrayBuffer(0), 14 -> ArrayBuffer(0), 46 -> ArrayBuffer(0), 49 -> ArrayBuffer(0), 40 -> ArrayBuffer(0), 13 -> ArrayBuffer(0), 4 -> ArrayBuffer(0), 22 -> ArrayBuffer(0), 31 -> ArrayBuffer(0), 16 -> ArrayBuffer(0), 7 -> ArrayBuffer(0), 43 -> ArrayBuffer(0), 25 -> ArrayBuffer(0), 34 -> ArrayBuffer(0), 10 -> ArrayBuffer(0), 37 -> ArrayBuffer(0), 1 -> ArrayBuffer(0), 19 -> ArrayBuffer(0), 28 -> ArrayBuffer(0), 45 -> ArrayBuffer(0), 27 -> ArrayBuffer(0), 36 -> ArrayBuffer(0), 18 -> ArrayBuffer(0), 9 -> ArrayBuffer(0), 21 -> ArrayBuffer(0), 48 -> ArrayBuffer(0), 3 -> ArrayBuffer(0), 12 -> ArrayBuffer(0), 30 -> ArrayBuffer(0), 39 -> ArrayBuffer(0), 15 -> ArrayBuffer(0), 42 -> ArrayBuffer(0), 24 -> ArrayBuffer(0), 6 -> ArrayBuffer(0), 33 -> ArrayBuffer(0), 0 -> ArrayBuffer(0)) (kafka.zk.AdminZkClient:66)
[2026-03-04 15:48:33,623] INFO [Controller id=0] New topics: [Set(__consumer_offsets)], deleted topics: [Set()], new partition replica assignment [Set(TopicIdReplicaAssignment(__consumer_offsets,Some(DN5L1RRWQzyT5z0dMdxO0Q),Map(__consumer_offsets-22 -> ReplicaAssignment(replicas=0, addingReplicas=, removingReplicas=), __consumer_offsets-30 -> ReplicaAssignment(replicas=0, addingReplicas=, removingReplicas=), __consumer_offsets-8 -> ReplicaAssignment(replicas=0, addingReplicas=, removingReplicas=), __consumer_offsets-21 -> ReplicaAssignment(replicas=0, addingReplicas=, removingReplicas=), __consumer_offsets-4 -> ReplicaAssignment(replicas=0, addingReplicas=, removingReplicas=), __consumer_offsets-27 -> ReplicaAssignment(replicas=0, addingReplicas=, removingReplicas=), __consumer_offsets-7 -> ReplicaAssignment(replicas=0, addingReplicas=, removingReplicas=), __consumer_offsets-9 -> ReplicaAssignment(replicas=0, addingReplicas=, removingReplicas=), __consumer_offsets-46 -> ReplicaAssignment(replicas=0, addingReplicas=, removingReplicas=), __consumer_offsets-25 -> ReplicaAssignment(replicas=0, addingReplicas=, removingReplicas=), __consumer_offsets-35 -> ReplicaAssignment(replicas=0, addingReplicas=, removingReplicas=), __consumer_offsets-41 -> ReplicaAssignment(replicas=0, addingReplicas=, removingReplicas=), __consumer_offsets-33 -> ReplicaAssignment(replicas=0, addingReplicas=, removingReplicas=), __consumer_offsets-23 -> ReplicaAssignment(replicas=0, addingReplicas=, removingReplicas=), __consumer_offsets-49 -> ReplicaAssignment(replicas=0, addingReplicas=, removingReplicas=), __consumer_offsets-47 -> ReplicaAssignment(replicas=0, addingReplicas=, removingReplicas=), __consumer_offsets-16 -> ReplicaAssignment(replicas=0, addingReplicas=, removingReplicas=), __consumer_offsets-28 -> ReplicaAssignment(replicas=0, addingReplicas=, removingReplicas=), __consumer_offsets-31 -> ReplicaAssignment(replicas=0, addingReplicas=, removingReplicas=), __consumer_offsets-36 -> ReplicaAssignment(replicas=0, addingReplicas=, removingReplicas=), __consumer_offsets-42 -> ReplicaAssignment(replicas=0, addingReplicas=, removingReplicas=), __consumer_offsets-3 -> ReplicaAssignment(replicas=0, addingReplicas=, removingReplicas=), __consumer_offsets-18 -> ReplicaAssignment(replicas=0, addingReplicas=, removingReplicas=), __consumer_offsets-37 -> ReplicaAssignment(replicas=0, addingReplicas=, removingReplicas=), __consumer_offsets-15 -> ReplicaAssignment(replicas=0, addingReplicas=, removingReplicas=), __consumer_offsets-24 -> ReplicaAssignment(replicas=0, addingReplicas=, removingReplicas=), __consumer_offsets-38 -> ReplicaAssignment(replicas=0, addingReplicas=, removingReplicas=), __consumer_offsets-17 -> ReplicaAssignment(replicas=0, addingReplicas=, removingReplicas=), __consumer_offsets-48 -> ReplicaAssignment(replicas=0, addingReplicas=, removingReplicas=), __consumer_offsets-19 -> ReplicaAssignment(replicas=0, addingReplicas=, removingReplicas=), __consumer_offsets-11 -> ReplicaAssignment(replicas=0, addingReplicas=, removingReplicas=), __consumer_offsets-13 -> ReplicaAssignment(replicas=0, addingReplicas=, removingReplicas=), __consumer_offsets-2 -> ReplicaAssignment(replicas=0, addingReplicas=, removingReplicas=), __consumer_offsets-43 -> ReplicaAssignment(replicas=0, addingReplicas=, removingReplicas=), __consumer_offsets-6 -> ReplicaAssignment(replicas=0, addingReplicas=, removingReplicas=), __consumer_offsets-14 -> ReplicaAssignment(replicas=0, addingReplicas=, removingReplicas=), __consumer_offsets-20 -> ReplicaAssignment(replicas=0, addingReplicas=, removingReplicas=), __consumer_offsets-0 -> ReplicaAssignment(replicas=0, addingReplicas=, removingReplicas=), __consumer_offsets-44 -> ReplicaAssignment(replicas=0, addingReplicas=, removingReplicas=), __consumer_offsets-39 -> ReplicaAssignment(replicas=0, addingReplicas=, removingReplicas=), __consumer_offsets-12 -> ReplicaAssignment(replicas=0, addingReplicas=, removingReplicas=), __consumer_offsets-45 -> ReplicaAssignment(replicas=0, addingReplicas=, removingReplicas=), __consumer_offsets-1 -> ReplicaAssignment(replicas=0, addingReplicas=, removingReplicas=), __consumer_offsets-5 -> ReplicaAssignment(replicas=0, addingReplicas=, removingReplicas=), __consumer_offsets-26 -> ReplicaAssignment(replicas=0, addingReplicas=, removingReplicas=), __consumer_offsets-29 -> ReplicaAssignment(replicas=0, addingReplicas=, removingReplicas=), __consumer_offsets-34 -> ReplicaAssignment(replicas=0, addingReplicas=, removingReplicas=), __consumer_offsets-10 -> ReplicaAssignment(replicas=0, addingReplicas=, removingReplicas=), __consumer_offsets-32 -> ReplicaAssignment(replicas=0, addingReplicas=, removingReplicas=), __consumer_offsets-40 -> ReplicaAssignment(replicas=0, addingReplicas=, removingReplicas=))))] (kafka.controller.KafkaController:66)
[2026-03-04 15:48:33,623] INFO [Controller id=0] New partition creation callback for __consumer_offsets-22,__consumer_offsets-30,__consumer_offsets-8,__consumer_offsets-21,__consumer_offsets-4,__consumer_offsets-27,__consumer_offsets-7,__consumer_offsets-9,__consumer_offsets-46,__consumer_offsets-25,__consumer_offsets-35,__consumer_offsets-41,__consumer_offsets-33,__consumer_offsets-23,__consumer_offsets-49,__consumer_offsets-47,__consumer_offsets-16,__consumer_offsets-28,__consumer_offsets-31,__consumer_offsets-36,__consumer_offsets-42,__consumer_offsets-3,__consumer_offsets-18,__consumer_offsets-37,__consumer_offsets-15,__consumer_offsets-24,__consumer_offsets-38,__consumer_offsets-17,__consumer_offsets-48,__consumer_offsets-19,__consumer_offsets-11,__consumer_offsets-13,__consumer_offsets-2,__consumer_offsets-43,__consumer_offsets-6,__consumer_offsets-14,__consumer_offsets-20,__consumer_offsets-0,__consumer_offsets-44,__consumer_offsets-39,__consumer_offsets-12,__consumer_offsets-45,__consumer_offsets-1,__consumer_offsets-5,__consumer_offsets-26,__consumer_offsets-29,__consumer_offsets-34,__consumer_offsets-10,__consumer_offsets-32,__consumer_offsets-40 (kafka.controller.KafkaController:66)
[2026-03-04 15:48:33,623] INFO [Controller id=0 epoch=1] Changed partition __consumer_offsets-22 state from NonExistentPartition to NewPartition with assigned replicas 0 (state.change.logger:66)
[2026-03-04 15:48:33,623] INFO [Controller id=0 epoch=1] Changed partition __consumer_offsets-30 state from NonExistentPartition to NewPartition with assigned replicas 0 (state.change.logger:66)
[2026-03-04 15:48:33,623] INFO [Controller id=0 epoch=1] Changed partition __consumer_offsets-8 state from NonExistentPartition to NewPartition with assigned replicas 0 (state.change.logger:66)
[2026-03-04 15:48:33,623] INFO [Controller id=0 epoch=1] Changed partition __consumer_offsets-21 state from NonExistentPartition to NewPartition with assigned replicas 0 (state.change.logger:66)
[2026-03-04 15:48:33,623] INFO [Controller id=0 epoch=1] Changed partition __consumer_offsets-4 state from NonExistentPartition to NewPartition with assigned replicas 0 (state.change.logger:66)
[2026-03-04 15:48:33,623] INFO [Controller id=0 epoch=1] Changed partition __consumer_offsets-27 state from NonExistentPartition to NewPartition with assigned replicas 0 (state.change.logger:66)
[2026-03-04 15:48:33,623] INFO [Controller id=0 epoch=1] Changed partition __consumer_offsets-7 state from NonExistentPartition to NewPartition with assigned replicas 0 (state.change.logger:66)
[2026-03-04 15:48:33,623] INFO [Controller id=0 epoch=1] Changed partition __consumer_offsets-9 state from NonExistentPartition to NewPartition with assigned replicas 0 (state.change.logger:66)
[2026-03-04 15:48:33,623] INFO [Controller id=0 epoch=1] Changed partition __consumer_offsets-46 state from NonExistentPartition to NewPartition with assigned replicas 0 (state.change.logger:66)
[2026-03-04 15:48:33,623] INFO [Controller id=0 epoch=1] Changed partition __consumer_offsets-25 state from NonExistentPartition to NewPartition with assigned replicas 0 (state.change.logger:66)
[2026-03-04 15:48:33,623] INFO [Controller id=0 epoch=1] Changed partition __consumer_offsets-35 state from NonExistentPartition to NewPartition with assigned replicas 0 (state.change.logger:66)
[2026-03-04 15:48:33,623] INFO [Controller id=0 epoch=1] Changed partition __consumer_offsets-41 state from NonExistentPartition to NewPartition with assigned replicas 0 (state.change.logger:66)
[2026-03-04 15:48:33,623] INFO [Controller id=0 epoch=1] Changed partition __consumer_offsets-33 state from NonExistentPartition to NewPartition with assigned replicas 0 (state.change.logger:66)
[2026-03-04 15:48:33,623] INFO [Controller id=0 epoch=1] Changed partition __consumer_offsets-23 state from NonExistentPartition to NewPartition with assigned replicas 0 (state.change.logger:66)
[2026-03-04 15:48:33,623] INFO [Controller id=0 epoch=1] Changed partition __consumer_offsets-49 state from NonExistentPartition to NewPartition with assigned replicas 0 (state.change.logger:66)
[2026-03-04 15:48:33,623] INFO [Controller id=0 epoch=1] Changed partition __consumer_offsets-47 state from NonExistentPartition to NewPartition with assigned replicas 0 (state.change.logger:66)
[2026-03-04 15:48:33,623] INFO [Controller id=0 epoch=1] Changed partition __consumer_offsets-16 state from NonExistentPartition to NewPartition with assigned replicas 0 (state.change.logger:66)
[2026-03-04 15:48:33,623] INFO [Controller id=0 epoch=1] Changed partition __consumer_offsets-28 state from NonExistentPartition to NewPartition with assigned replicas 0 (state.change.logger:66)
[2026-03-04 15:48:33,623] INFO [Controller id=0 epoch=1] Changed partition __consumer_offsets-31 state from NonExistentPartition to NewPartition with assigned replicas 0 (state.change.logger:66)
[2026-03-04 15:48:33,623] INFO [Controller id=0 epoch=1] Changed partition __consumer_offsets-36 state from NonExistentPartition to NewPartition with assigned replicas 0 (state.change.logger:66)
[2026-03-04 15:48:33,623] INFO [Controller id=0 epoch=1] Changed partition __consumer_offsets-42 state from NonExistentPartition to NewPartition with assigned replicas 0 (state.change.logger:66)
[2026-03-04 15:48:33,623] INFO [Controller id=0 epoch=1] Changed partition __consumer_offsets-3 state from NonExistentPartition to NewPartition with assigned replicas 0 (state.change.logger:66)
[2026-03-04 15:48:33,623] INFO [Controller id=0 epoch=1] Changed partition __consumer_offsets-18 state from NonExistentPartition to NewPartition with assigned replicas 0 (state.change.logger:66)
[2026-03-04 15:48:33,623] INFO [Controller id=0 epoch=1] Changed partition __consumer_offsets-37 state from NonExistentPartition to NewPartition with assigned replicas 0 (state.change.logger:66)
[2026-03-04 15:48:33,623] INFO [Controller id=0 epoch=1] Changed partition __consumer_offsets-15 state from NonExistentPartition to NewPartition with assigned replicas 0 (state.change.logger:66)
[2026-03-04 15:48:33,623] INFO [Controller id=0 epoch=1] Changed partition __consumer_offsets-24 state from NonExistentPartition to NewPartition with assigned replicas 0 (state.change.logger:66)
[2026-03-04 15:48:33,623] INFO [Controller id=0 epoch=1] Changed partition __consumer_offsets-38 state from NonExistentPartition to NewPartition with assigned replicas 0 (state.change.logger:66)
[2026-03-04 15:48:33,623] INFO [Controller id=0 epoch=1] Changed partition __consumer_offsets-17 state from NonExistentPartition to NewPartition with assigned replicas 0 (state.change.logger:66)
[2026-03-04 15:48:33,623] INFO [Controller id=0 epoch=1] Changed partition __consumer_offsets-48 state from NonExistentPartition to NewPartition with assigned replicas 0 (state.change.logger:66)
[2026-03-04 15:48:33,623] INFO [Controller id=0 epoch=1] Changed partition __consumer_offsets-19 state from NonExistentPartition to NewPartition with assigned replicas 0 (state.change.logger:66)
[2026-03-04 15:48:33,623] INFO [Controller id=0 epoch=1] Changed partition __consumer_offsets-11 state from NonExistentPartition to NewPartition with assigned replicas 0 (state.change.logger:66)
[2026-03-04 15:48:33,623] INFO [Controller id=0 epoch=1] Changed partition __consumer_offsets-13 state from NonExistentPartition to NewPartition with assigned replicas 0 (state.change.logger:66)
[2026-03-04 15:48:33,623] INFO [Controller id=0 epoch=1] Changed partition __consumer_offsets-2 state from NonExistentPartition to NewPartition with assigned replicas 0 (state.change.logger:66)
[2026-03-04 15:48:33,623] INFO [Controller id=0 epoch=1] Changed partition __consumer_offsets-43 state from NonExistentPartition to NewPartition with assigned replicas 0 (state.change.logger:66)
[2026-03-04 15:48:33,623] INFO [Controller id=0 epoch=1] Changed partition __consumer_offsets-6 state from NonExistentPartition to NewPartition with assigned replicas 0 (state.change.logger:66)
[2026-03-04 15:48:33,623] INFO [Controller id=0 epoch=1] Changed partition __consumer_offsets-14 state from NonExistentPartition to NewPartition with assigned replicas 0 (state.change.logger:66)
[2026-03-04 15:48:33,623] INFO [Controller id=0 epoch=1] Changed partition __consumer_offsets-20 state from NonExistentPartition to NewPartition with assigned replicas 0 (state.change.logger:66)
[2026-03-04 15:48:33,623] INFO [Controller id=0 epoch=1] Changed partition __consumer_offsets-0 state from NonExistentPartition to NewPartition with assigned replicas 0 (state.change.logger:66)
[2026-03-04 15:48:33,623] INFO [Controller id=0 epoch=1] Changed partition __consumer_offsets-44 state from NonExistentPartition to NewPartition with assigned replicas 0 (state.change.logger:66)
[2026-03-04 15:48:33,623] INFO [Controller id=0 epoch=1] Changed partition __consumer_offsets-39 state from NonExistentPartition to NewPartition with assigned replicas 0 (state.change.logger:66)
[2026-03-04 15:48:33,623] INFO [Controller id=0 epoch=1] Changed partition __consumer_offsets-12 state from NonExistentPartition to NewPartition with assigned replicas 0 (state.change.logger:66)
[2026-03-04 15:48:33,623] INFO [Controller id=0 epoch=1] Changed partition __consumer_offsets-45 state from NonExistentPartition to NewPartition with assigned replicas 0 (state.change.logger:66)
[2026-03-04 15:48:33,623] INFO [Controller id=0 epoch=1] Changed partition __consumer_offsets-1 state from NonExistentPartition to NewPartition with assigned replicas 0 (state.change.logger:66)
[2026-03-04 15:48:33,623] INFO [Controller id=0 epoch=1] Changed partition __consumer_offsets-5 state from NonExistentPartition to NewPartition with assigned replicas 0 (state.change.logger:66)
[2026-03-04 15:48:33,623] INFO [Controller id=0 epoch=1] Changed partition __consumer_offsets-26 state from NonExistentPartition to NewPartition with assigned replicas 0 (state.change.logger:66)
[2026-03-04 15:48:33,623] INFO [Controller id=0 epoch=1] Changed partition __consumer_offsets-29 state from NonExistentPartition to NewPartition with assigned replicas 0 (state.change.logger:66)
[2026-03-04 15:48:33,623] INFO [Controller id=0 epoch=1] Changed partition __consumer_offsets-34 state from NonExistentPartition to NewPartition with assigned replicas 0 (state.change.logger:66)
[2026-03-04 15:48:33,623] INFO [Controller id=0 epoch=1] Changed partition __consumer_offsets-10 state from NonExistentPartition to NewPartition with assigned replicas 0 (state.change.logger:66)
[2026-03-04 15:48:33,623] INFO [Controller id=0 epoch=1] Changed partition __consumer_offsets-32 state from NonExistentPartition to NewPartition with assigned replicas 0 (state.change.logger:66)
[2026-03-04 15:48:33,623] INFO [Controller id=0 epoch=1] Changed partition __consumer_offsets-40 state from NonExistentPartition to NewPartition with assigned replicas 0 (state.change.logger:66)
[2026-03-04 15:48:33,623] INFO [Controller id=0 epoch=1] Sending UpdateMetadata request to brokers Set() for 0 partitions (state.change.logger:66)
[2026-03-04 15:48:33,624] INFO [Controller id=0 epoch=1] Sending UpdateMetadata request to brokers Set() for 0 partitions (state.change.logger:66)
[2026-03-04 15:48:33,627] INFO [Controller id=0 epoch=1] Changed partition __consumer_offsets-22 from NewPartition to OnlinePartition with state LeaderAndIsr(leader=0, leaderEpoch=0, isrWithBrokerEpoch=List(BrokerState(brokerId=0, brokerEpoch=-1)), leaderRecoveryState=RECOVERED, partitionEpoch=0) (state.change.logger:66)
[2026-03-04 15:48:33,627] INFO [Controller id=0 epoch=1] Changed partition __consumer_offsets-30 from NewPartition to OnlinePartition with state LeaderAndIsr(leader=0, leaderEpoch=0, isrWithBrokerEpoch=List(BrokerState(brokerId=0, brokerEpoch=-1)), leaderRecoveryState=RECOVERED, partitionEpoch=0) (state.change.logger:66)
[2026-03-04 15:48:33,627] INFO [Controller id=0 epoch=1] Changed partition __consumer_offsets-8 from NewPartition to OnlinePartition with state LeaderAndIsr(leader=0, leaderEpoch=0, isrWithBrokerEpoch=List(BrokerState(brokerId=0, brokerEpoch=-1)), leaderRecoveryState=RECOVERED, partitionEpoch=0) (state.change.logger:66)
[2026-03-04 15:48:33,627] INFO [Controller id=0 epoch=1] Changed partition __consumer_offsets-21 from NewPartition to OnlinePartition with state LeaderAndIsr(leader=0, leaderEpoch=0, isrWithBrokerEpoch=List(BrokerState(brokerId=0, brokerEpoch=-1)), leaderRecoveryState=RECOVERED, partitionEpoch=0) (state.change.logger:66)
[2026-03-04 15:48:33,627] INFO [Controller id=0 epoch=1] Changed partition __consumer_offsets-4 from NewPartition to OnlinePartition with state LeaderAndIsr(leader=0, leaderEpoch=0, isrWithBrokerEpoch=List(BrokerState(brokerId=0, brokerEpoch=-1)), leaderRecoveryState=RECOVERED, partitionEpoch=0) (state.change.logger:66)
[2026-03-04 15:48:33,627] INFO [Controller id=0 epoch=1] Changed partition __consumer_offsets-27 from NewPartition to OnlinePartition with state LeaderAndIsr(leader=0, leaderEpoch=0, isrWithBrokerEpoch=List(BrokerState(brokerId=0, brokerEpoch=-1)), leaderRecoveryState=RECOVERED, partitionEpoch=0) (state.change.logger:66)
[2026-03-04 15:48:33,627] INFO [Controller id=0 epoch=1] Changed partition __consumer_offsets-7 from NewPartition to OnlinePartition with state LeaderAndIsr(leader=0, leaderEpoch=0, isrWithBrokerEpoch=List(BrokerState(brokerId=0, brokerEpoch=-1)), leaderRecoveryState=RECOVERED, partitionEpoch=0) (state.change.logger:66)
[2026-03-04 15:48:33,627] INFO [Controller id=0 epoch=1] Changed partition __consumer_offsets-9 from NewPartition to OnlinePartition with state LeaderAndIsr(leader=0, leaderEpoch=0, isrWithBrokerEpoch=List(BrokerState(brokerId=0, brokerEpoch=-1)), leaderRecoveryState=RECOVERED, partitionEpoch=0) (state.change.logger:66)
[2026-03-04 15:48:33,627] INFO [Controller id=0 epoch=1] Changed partition __consumer_offsets-46 from NewPartition to OnlinePartition with state LeaderAndIsr(leader=0, leaderEpoch=0, isrWithBrokerEpoch=List(BrokerState(brokerId=0, brokerEpoch=-1)), leaderRecoveryState=RECOVERED, partitionEpoch=0) (state.change.logger:66)
[2026-03-04 15:48:33,627] INFO [Controller id=0 epoch=1] Changed partition __consumer_offsets-25 from NewPartition to OnlinePartition with state LeaderAndIsr(leader=0, leaderEpoch=0, isrWithBrokerEpoch=List(BrokerState(brokerId=0, brokerEpoch=-1)), leaderRecoveryState=RECOVERED, partitionEpoch=0) (state.change.logger:66)
[2026-03-04 15:48:33,627] INFO [Controller id=0 epoch=1] Changed partition __consumer_offsets-35 from NewPartition to OnlinePartition with state LeaderAndIsr(leader=0, leaderEpoch=0, isrWithBrokerEpoch=List(BrokerState(brokerId=0, brokerEpoch=-1)), leaderRecoveryState=RECOVERED, partitionEpoch=0) (state.change.logger:66)
[2026-03-04 15:48:33,627] INFO [Controller id=0 epoch=1] Changed partition __consumer_offsets-41 from NewPartition to OnlinePartition with state LeaderAndIsr(leader=0, leaderEpoch=0, isrWithBrokerEpoch=List(BrokerState(brokerId=0, brokerEpoch=-1)), leaderRecoveryState=RECOVERED, partitionEpoch=0) (state.change.logger:66)
[2026-03-04 15:48:33,627] INFO [Controller id=0 epoch=1] Changed partition __consumer_offsets-33 from NewPartition to OnlinePartition with state LeaderAndIsr(leader=0, leaderEpoch=0, isrWithBrokerEpoch=List(BrokerState(brokerId=0, brokerEpoch=-1)), leaderRecoveryState=RECOVERED, partitionEpoch=0) (state.change.logger:66)
[2026-03-04 15:48:33,627] INFO [Controller id=0 epoch=1] Changed partition __consumer_offsets-23 from NewPartition to OnlinePartition with state LeaderAndIsr(leader=0, leaderEpoch=0, isrWithBrokerEpoch=List(BrokerState(brokerId=0, brokerEpoch=-1)), leaderRecoveryState=RECOVERED, partitionEpoch=0) (state.change.logger:66)
[2026-03-04 15:48:33,627] INFO [Controller id=0 epoch=1] Changed partition __consumer_offsets-49 from NewPartition to OnlinePartition with state LeaderAndIsr(leader=0, leaderEpoch=0, isrWithBrokerEpoch=List(BrokerState(brokerId=0, brokerEpoch=-1)), leaderRecoveryState=RECOVERED, partitionEpoch=0) (state.change.logger:66)
[2026-03-04 15:48:33,627] INFO [Controller id=0 epoch=1] Changed partition __consumer_offsets-47 from NewPartition to OnlinePartition with state LeaderAndIsr(leader=0, leaderEpoch=0, isrWithBrokerEpoch=List(BrokerState(brokerId=0, brokerEpoch=-1)), leaderRecoveryState=RECOVERED, partitionEpoch=0) (state.change.logger:66)
[2026-03-04 15:48:33,627] INFO [Controller id=0 epoch=1] Changed partition __consumer_offsets-16 from NewPartition to OnlinePartition with state LeaderAndIsr(leader=0, leaderEpoch=0, isrWithBrokerEpoch=List(BrokerState(brokerId=0, brokerEpoch=-1)), leaderRecoveryState=RECOVERED, partitionEpoch=0) (state.change.logger:66)
[2026-03-04 15:48:33,627] INFO [Controller id=0 epoch=1] Changed partition __consumer_offsets-28 from NewPartition to OnlinePartition with state LeaderAndIsr(leader=0, leaderEpoch=0, isrWithBrokerEpoch=List(BrokerState(brokerId=0, brokerEpoch=-1)), leaderRecoveryState=RECOVERED, partitionEpoch=0) (state.change.logger:66)
[2026-03-04 15:48:33,627] INFO [Controller id=0 epoch=1] Changed partition __consumer_offsets-31 from NewPartition to OnlinePartition with state LeaderAndIsr(leader=0, leaderEpoch=0, isrWithBrokerEpoch=List(BrokerState(brokerId=0, brokerEpoch=-1)), leaderRecoveryState=RECOVERED, partitionEpoch=0) (state.change.logger:66)
[2026-03-04 15:48:33,627] INFO [Controller id=0 epoch=1] Changed partition __consumer_offsets-36 from NewPartition to OnlinePartition with state LeaderAndIsr(leader=0, leaderEpoch=0, isrWithBrokerEpoch=List(BrokerState(brokerId=0, brokerEpoch=-1)), leaderRecoveryState=RECOVERED, partitionEpoch=0) (state.change.logger:66)
[2026-03-04 15:48:33,627] INFO [Controller id=0 epoch=1] Changed partition __consumer_offsets-42 from NewPartition to OnlinePartition with state LeaderAndIsr(leader=0, leaderEpoch=0, isrWithBrokerEpoch=List(BrokerState(brokerId=0, brokerEpoch=-1)), leaderRecoveryState=RECOVERED, partitionEpoch=0) (state.change.logger:66)
[2026-03-04 15:48:33,627] INFO [Controller id=0 epoch=1] Changed partition __consumer_offsets-3 from NewPartition to OnlinePartition with state LeaderAndIsr(leader=0, leaderEpoch=0, isrWithBrokerEpoch=List(BrokerState(brokerId=0, brokerEpoch=-1)), leaderRecoveryState=RECOVERED, partitionEpoch=0) (state.change.logger:66)
[2026-03-04 15:48:33,627] INFO [Controller id=0 epoch=1] Changed partition __consumer_offsets-18 from NewPartition to OnlinePartition with state LeaderAndIsr(leader=0, leaderEpoch=0, isrWithBrokerEpoch=List(BrokerState(brokerId=0, brokerEpoch=-1)), leaderRecoveryState=RECOVERED, partitionEpoch=0) (state.change.logger:66)
[2026-03-04 15:48:33,627] INFO [Controller id=0 epoch=1] Changed partition __consumer_offsets-37 from NewPartition to OnlinePartition with state LeaderAndIsr(leader=0, leaderEpoch=0, isrWithBrokerEpoch=List(BrokerState(brokerId=0, brokerEpoch=-1)), leaderRecoveryState=RECOVERED, partitionEpoch=0) (state.change.logger:66)
[2026-03-04 15:48:33,627] INFO [Controller id=0 epoch=1] Changed partition __consumer_offsets-15 from NewPartition to OnlinePartition with state LeaderAndIsr(leader=0, leaderEpoch=0, isrWithBrokerEpoch=List(BrokerState(brokerId=0, brokerEpoch=-1)), leaderRecoveryState=RECOVERED, partitionEpoch=0) (state.change.logger:66)
[2026-03-04 15:48:33,627] INFO [Controller id=0 epoch=1] Changed partition __consumer_offsets-24 from NewPartition to OnlinePartition with state LeaderAndIsr(leader=0, leaderEpoch=0, isrWithBrokerEpoch=List(BrokerState(brokerId=0, brokerEpoch=-1)), leaderRecoveryState=RECOVERED, partitionEpoch=0) (state.change.logger:66)
[2026-03-04 15:48:33,627] INFO [Controller id=0 epoch=1] Changed partition __consumer_offsets-38 from NewPartition to OnlinePartition with state LeaderAndIsr(leader=0, leaderEpoch=0, isrWithBrokerEpoch=List(BrokerState(brokerId=0, brokerEpoch=-1)), leaderRecoveryState=RECOVERED, partitionEpoch=0) (state.change.logger:66)
[2026-03-04 15:48:33,627] INFO [Controller id=0 epoch=1] Changed partition __consumer_offsets-17 from NewPartition to OnlinePartition with state LeaderAndIsr(leader=0, leaderEpoch=0, isrWithBrokerEpoch=List(BrokerState(brokerId=0, brokerEpoch=-1)), leaderRecoveryState=RECOVERED, partitionEpoch=0) (state.change.logger:66)
[2026-03-04 15:48:33,627] INFO [Controller id=0 epoch=1] Changed partition __consumer_offsets-48 from NewPartition to OnlinePartition with state LeaderAndIsr(leader=0, leaderEpoch=0, isrWithBrokerEpoch=List(BrokerState(brokerId=0, brokerEpoch=-1)), leaderRecoveryState=RECOVERED, partitionEpoch=0) (state.change.logger:66)
[2026-03-04 15:48:33,627] INFO [Controller id=0 epoch=1] Changed partition __consumer_offsets-19 from NewPartition to OnlinePartition with state LeaderAndIsr(leader=0, leaderEpoch=0, isrWithBrokerEpoch=List(BrokerState(brokerId=0, brokerEpoch=-1)), leaderRecoveryState=RECOVERED, partitionEpoch=0) (state.change.logger:66)
[2026-03-04 15:48:33,627] INFO [Controller id=0 epoch=1] Changed partition __consumer_offsets-11 from NewPartition to OnlinePartition with state LeaderAndIsr(leader=0, leaderEpoch=0, isrWithBrokerEpoch=List(BrokerState(brokerId=0, brokerEpoch=-1)), leaderRecoveryState=RECOVERED, partitionEpoch=0) (state.change.logger:66)
[2026-03-04 15:48:33,627] INFO [Controller id=0 epoch=1] Changed partition __consumer_offsets-13 from NewPartition to OnlinePartition with state LeaderAndIsr(leader=0, leaderEpoch=0, isrWithBrokerEpoch=List(BrokerState(brokerId=0, brokerEpoch=-1)), leaderRecoveryState=RECOVERED, partitionEpoch=0) (state.change.logger:66)
[2026-03-04 15:48:33,627] INFO [Controller id=0 epoch=1] Changed partition __consumer_offsets-2 from NewPartition to OnlinePartition with state LeaderAndIsr(leader=0, leaderEpoch=0, isrWithBrokerEpoch=List(BrokerState(brokerId=0, brokerEpoch=-1)), leaderRecoveryState=RECOVERED, partitionEpoch=0) (state.change.logger:66)
[2026-03-04 15:48:33,627] INFO [Controller id=0 epoch=1] Changed partition __consumer_offsets-43 from NewPartition to OnlinePartition with state LeaderAndIsr(leader=0, leaderEpoch=0, isrWithBrokerEpoch=List(BrokerState(brokerId=0, brokerEpoch=-1)), leaderRecoveryState=RECOVERED, partitionEpoch=0) (state.change.logger:66)
[2026-03-04 15:48:33,627] INFO [Controller id=0 epoch=1] Changed partition __consumer_offsets-6 from NewPartition to OnlinePartition with state LeaderAndIsr(leader=0, leaderEpoch=0, isrWithBrokerEpoch=List(BrokerState(brokerId=0, brokerEpoch=-1)), leaderRecoveryState=RECOVERED, partitionEpoch=0) (state.change.logger:66)
[2026-03-04 15:48:33,627] INFO [Controller id=0 epoch=1] Changed partition __consumer_offsets-14 from NewPartition to OnlinePartition with state LeaderAndIsr(leader=0, leaderEpoch=0, isrWithBrokerEpoch=List(BrokerState(brokerId=0, brokerEpoch=-1)), leaderRecoveryState=RECOVERED, partitionEpoch=0) (state.change.logger:66)
[2026-03-04 15:48:33,627] INFO [Controller id=0 epoch=1] Changed partition __consumer_offsets-20 from NewPartition to OnlinePartition with state LeaderAndIsr(leader=0, leaderEpoch=0, isrWithBrokerEpoch=List(BrokerState(brokerId=0, brokerEpoch=-1)), leaderRecoveryState=RECOVERED, partitionEpoch=0) (state.change.logger:66)
[2026-03-04 15:48:33,627] INFO [Controller id=0 epoch=1] Changed partition __consumer_offsets-0 from NewPartition to OnlinePartition with state LeaderAndIsr(leader=0, leaderEpoch=0, isrWithBrokerEpoch=List(BrokerState(brokerId=0, brokerEpoch=-1)), leaderRecoveryState=RECOVERED, partitionEpoch=0) (state.change.logger:66)
[2026-03-04 15:48:33,627] INFO [Controller id=0 epoch=1] Changed partition __consumer_offsets-44 from NewPartition to OnlinePartition with state LeaderAndIsr(leader=0, leaderEpoch=0, isrWithBrokerEpoch=List(BrokerState(brokerId=0, brokerEpoch=-1)), leaderRecoveryState=RECOVERED, partitionEpoch=0) (state.change.logger:66)
[2026-03-04 15:48:33,627] INFO [Controller id=0 epoch=1] Changed partition __consumer_offsets-39 from NewPartition to OnlinePartition with state LeaderAndIsr(leader=0, leaderEpoch=0, isrWithBrokerEpoch=List(BrokerState(brokerId=0, brokerEpoch=-1)), leaderRecoveryState=RECOVERED, partitionEpoch=0) (state.change.logger:66)
[2026-03-04 15:48:33,627] INFO [Controller id=0 epoch=1] Changed partition __consumer_offsets-12 from NewPartition to OnlinePartition with state LeaderAndIsr(leader=0, leaderEpoch=0, isrWithBrokerEpoch=List(BrokerState(brokerId=0, brokerEpoch=-1)), leaderRecoveryState=RECOVERED, partitionEpoch=0) (state.change.logger:66)
[2026-03-04 15:48:33,627] INFO [Controller id=0 epoch=1] Changed partition __consumer_offsets-45 from NewPartition to OnlinePartition with state LeaderAndIsr(leader=0, leaderEpoch=0, isrWithBrokerEpoch=List(BrokerState(brokerId=0, brokerEpoch=-1)), leaderRecoveryState=RECOVERED, partitionEpoch=0) (state.change.logger:66)
[2026-03-04 15:48:33,627] INFO [Controller id=0 epoch=1] Changed partition __consumer_offsets-1 from NewPartition to OnlinePartition with state LeaderAndIsr(leader=0, leaderEpoch=0, isrWithBrokerEpoch=List(BrokerState(brokerId=0, brokerEpoch=-1)), leaderRecoveryState=RECOVERED, partitionEpoch=0) (state.change.logger:66)
[2026-03-04 15:48:33,627] INFO [Controller id=0 epoch=1] Changed partition __consumer_offsets-5 from NewPartition to OnlinePartition with state LeaderAndIsr(leader=0, leaderEpoch=0, isrWithBrokerEpoch=List(BrokerState(brokerId=0, brokerEpoch=-1)), leaderRecoveryState=RECOVERED, partitionEpoch=0) (state.change.logger:66)
[2026-03-04 15:48:33,627] INFO [Controller id=0 epoch=1] Changed partition __consumer_offsets-26 from NewPartition to OnlinePartition with state LeaderAndIsr(leader=0, leaderEpoch=0, isrWithBrokerEpoch=List(BrokerState(brokerId=0, brokerEpoch=-1)), leaderRecoveryState=RECOVERED, partitionEpoch=0) (state.change.logger:66)
[2026-03-04 15:48:33,627] INFO [Controller id=0 epoch=1] Changed partition __consumer_offsets-29 from NewPartition to OnlinePartition with state LeaderAndIsr(leader=0, leaderEpoch=0, isrWithBrokerEpoch=List(BrokerState(brokerId=0, brokerEpoch=-1)), leaderRecoveryState=RECOVERED, partitionEpoch=0) (state.change.logger:66)
[2026-03-04 15:48:33,627] INFO [Controller id=0 epoch=1] Changed partition __consumer_offsets-34 from NewPartition to OnlinePartition with state LeaderAndIsr(leader=0, leaderEpoch=0, isrWithBrokerEpoch=List(BrokerState(brokerId=0, brokerEpoch=-1)), leaderRecoveryState=RECOVERED, partitionEpoch=0) (state.change.logger:66)
[2026-03-04 15:48:33,627] INFO [Controller id=0 epoch=1] Changed partition __consumer_offsets-10 from NewPartition to OnlinePartition with state LeaderAndIsr(leader=0, leaderEpoch=0, isrWithBrokerEpoch=List(BrokerState(brokerId=0, brokerEpoch=-1)), leaderRecoveryState=RECOVERED, partitionEpoch=0) (state.change.logger:66)
[2026-03-04 15:48:33,627] INFO [Controller id=0 epoch=1] Changed partition __consumer_offsets-32 from NewPartition to OnlinePartition with state LeaderAndIsr(leader=0, leaderEpoch=0, isrWithBrokerEpoch=List(BrokerState(brokerId=0, brokerEpoch=-1)), leaderRecoveryState=RECOVERED, partitionEpoch=0) (state.change.logger:66)
[2026-03-04 15:48:33,627] INFO [Controller id=0 epoch=1] Changed partition __consumer_offsets-40 from NewPartition to OnlinePartition with state LeaderAndIsr(leader=0, leaderEpoch=0, isrWithBrokerEpoch=List(BrokerState(brokerId=0, brokerEpoch=-1)), leaderRecoveryState=RECOVERED, partitionEpoch=0) (state.change.logger:66)
[2026-03-04 15:48:33,627] INFO [Controller id=0 epoch=1] Sending LeaderAndIsr request to broker 0 with 50 become-leader and 0 become-follower partitions (state.change.logger:66)
[2026-03-04 15:48:33,627] INFO [Controller id=0 epoch=1] Sending UpdateMetadata request to brokers Set(0) for 50 partitions (state.change.logger:66)
[2026-03-04 15:48:33,627] INFO [Controller id=0 epoch=1] Sending UpdateMetadata request to brokers Set() for 0 partitions (state.change.logger:66)
[2026-03-04 15:48:33,627] INFO [Broker id=0] Handling LeaderAndIsr request correlationId 7 from controller 0 for 50 partitions (state.change.logger:66)
[2026-03-04 15:48:33,628] INFO [ReplicaFetcherManager on broker 0] Removed fetcher for partitions Set(__consumer_offsets-22, __consumer_offsets-30, __consumer_offsets-8, __consumer_offsets-21, __consumer_offsets-4, __consumer_offsets-27, __consumer_offsets-7, __consumer_offsets-9, __consumer_offsets-46, __consumer_offsets-25, __consumer_offsets-35, __consumer_offsets-41, __consumer_offsets-33, __consumer_offsets-23, __consumer_offsets-49, __consumer_offsets-47, __consumer_offsets-16, __consumer_offsets-28, __consumer_offsets-31, __consumer_offsets-36, __consumer_offsets-42, __consumer_offsets-3, __consumer_offsets-18, __consumer_offsets-37, __consumer_offsets-15, __consumer_offsets-24, __consumer_offsets-38, __consumer_offsets-17, __consumer_offsets-48, __consumer_offsets-19, __consumer_offsets-11, __consumer_offsets-13, __consumer_offsets-2, __consumer_offsets-43, __consumer_offsets-6, __consumer_offsets-14, __consumer_offsets-20, __consumer_offsets-0, __consumer_offsets-44, __consumer_offsets-39, __consumer_offsets-12, __consumer_offsets-45, __consumer_offsets-1, __consumer_offsets-5, __consumer_offsets-26, __consumer_offsets-29, __consumer_offsets-34, __consumer_offsets-10, __consumer_offsets-32, __consumer_offsets-40) (kafka.server.ReplicaFetcherManager:66)
[2026-03-04 15:48:33,628] INFO [Broker id=0] Stopped fetchers as part of LeaderAndIsr request correlationId 7 from controller 0 epoch 1 as part of the become-leader transition for 50 partitions (state.change.logger:66)
[2026-03-04 15:48:33,629] INFO [LogLoader partition=__consumer_offsets-0, dir=/tmp/EmbeddedKafkaCluster3024498146076714957] Loading producer state till offset 0 with message format version 2 (kafka.log.UnifiedLog$:1937)
[2026-03-04 15:48:33,629] INFO Created log for partition __consumer_offsets-0 in /tmp/EmbeddedKafkaCluster3024498146076714957/__consumer_offsets-0 with properties {cleanup.policy=compact, compression.type="producer", segment.bytes=104857600} (kafka.log.LogManager:66)
[2026-03-04 15:48:33,629] INFO [Partition __consumer_offsets-0 broker=0] No checkpointed highwatermark is found for partition __consumer_offsets-0 (kafka.cluster.Partition:66)
[2026-03-04 15:48:33,629] INFO [Partition __consumer_offsets-0 broker=0] Log loaded for partition __consumer_offsets-0 with initial high watermark 0 (kafka.cluster.Partition:66)
[2026-03-04 15:48:33,629] INFO [Broker id=0] Leader __consumer_offsets-0 with topic id Some(DN5L1RRWQzyT5z0dMdxO0Q) starts at leader epoch 0 from offset 0 with partition epoch 0, high watermark 0, ISR [0], adding replicas [] and removing replicas [] . Previous leader None and previous leader epoch was -1. (state.change.logger:66)
[2026-03-04 15:48:33,630] INFO [LogLoader partition=__consumer_offsets-29, dir=/tmp/EmbeddedKafkaCluster3024498146076714957] Loading producer state till offset 0 with message format version 2 (kafka.log.UnifiedLog$:1937)
[2026-03-04 15:48:33,630] INFO Created log for partition __consumer_offsets-29 in /tmp/EmbeddedKafkaCluster3024498146076714957/__consumer_offsets-29 with properties {cleanup.policy=compact, compression.type="producer", segment.bytes=104857600} (kafka.log.LogManager:66)
[2026-03-04 15:48:33,630] INFO [Partition __consumer_offsets-29 broker=0] No checkpointed highwatermark is found for partition __consumer_offsets-29 (kafka.cluster.Partition:66)
[2026-03-04 15:48:33,630] INFO [Partition __consumer_offsets-29 broker=0] Log loaded for partition __consumer_offsets-29 with initial high watermark 0 (kafka.cluster.Partition:66)
[2026-03-04 15:48:33,630] INFO [Broker id=0] Leader __consumer_offsets-29 with topic id Some(DN5L1RRWQzyT5z0dMdxO0Q) starts at leader epoch 0 from offset 0 with partition epoch 0, high watermark 0, ISR [0], adding replicas [] and removing replicas [] . Previous leader None and previous leader epoch was -1. (state.change.logger:66)
[2026-03-04 15:48:33,630] INFO [LogLoader partition=__consumer_offsets-48, dir=/tmp/EmbeddedKafkaCluster3024498146076714957] Loading producer state till offset 0 with message format version 2 (kafka.log.UnifiedLog$:1937)
[2026-03-04 15:48:33,630] INFO Created log for partition __consumer_offsets-48 in /tmp/EmbeddedKafkaCluster3024498146076714957/__consumer_offsets-48 with properties {cleanup.policy=compact, compression.type="producer", segment.bytes=104857600} (kafka.log.LogManager:66)
[2026-03-04 15:48:33,630] INFO [Partition __consumer_offsets-48 broker=0] No checkpointed highwatermark is found for partition __consumer_offsets-48 (kafka.cluster.Partition:66)
[2026-03-04 15:48:33,630] INFO [Partition __consumer_offsets-48 broker=0] Log loaded for partition __consumer_offsets-48 with initial high watermark 0 (kafka.cluster.Partition:66)
[2026-03-04 15:48:33,630] INFO [Broker id=0] Leader __consumer_offsets-48 with topic id Some(DN5L1RRWQzyT5z0dMdxO0Q) starts at leader epoch 0 from offset 0 with partition epoch 0, high watermark 0, ISR [0], adding replicas [] and removing replicas [] . Previous leader None and previous leader epoch was -1. (state.change.logger:66)
[2026-03-04 15:48:33,631] INFO [LogLoader partition=__consumer_offsets-10, dir=/tmp/EmbeddedKafkaCluster3024498146076714957] Loading producer state till offset 0 with message format version 2 (kafka.log.UnifiedLog$:1937)
[2026-03-04 15:48:33,631] INFO Created log for partition __consumer_offsets-10 in /tmp/EmbeddedKafkaCluster3024498146076714957/__consumer_offsets-10 with properties {cleanup.policy=compact, compression.type="producer", segment.bytes=104857600} (kafka.log.LogManager:66)
[2026-03-04 15:48:33,631] INFO [Partition __consumer_offsets-10 broker=0] No checkpointed highwatermark is found for partition __consumer_offsets-10 (kafka.cluster.Partition:66)
[2026-03-04 15:48:33,631] INFO [Partition __consumer_offsets-10 broker=0] Log loaded for partition __consumer_offsets-10 with initial high watermark 0 (kafka.cluster.Partition:66)
[2026-03-04 15:48:33,631] INFO [Broker id=0] Leader __consumer_offsets-10 with topic id Some(DN5L1RRWQzyT5z0dMdxO0Q) starts at leader epoch 0 from offset 0 with partition epoch 0, high watermark 0, ISR [0], adding replicas [] and removing replicas [] . Previous leader None and previous leader epoch was -1. (state.change.logger:66)
[2026-03-04 15:48:33,631] INFO [LogLoader partition=__consumer_offsets-45, dir=/tmp/EmbeddedKafkaCluster3024498146076714957] Loading producer state till offset 0 with message format version 2 (kafka.log.UnifiedLog$:1937)
[2026-03-04 15:48:33,631] INFO Created log for partition __consumer_offsets-45 in /tmp/EmbeddedKafkaCluster3024498146076714957/__consumer_offsets-45 with properties {cleanup.policy=compact, compression.type="producer", segment.bytes=104857600} (kafka.log.LogManager:66)
[2026-03-04 15:48:33,631] INFO [Partition __consumer_offsets-45 broker=0] No checkpointed highwatermark is found for partition __consumer_offsets-45 (kafka.cluster.Partition:66)
[2026-03-04 15:48:33,631] INFO [Partition __consumer_offsets-45 broker=0] Log loaded for partition __consumer_offsets-45 with initial high watermark 0 (kafka.cluster.Partition:66)
[2026-03-04 15:48:33,631] INFO [Broker id=0] Leader __consumer_offsets-45 with topic id Some(DN5L1RRWQzyT5z0dMdxO0Q) starts at leader epoch 0 from offset 0 with partition epoch 0, high watermark 0, ISR [0], adding replicas [] and removing replicas [] . Previous leader None and previous leader epoch was -1. (state.change.logger:66)
[2026-03-04 15:48:33,632] INFO [LogLoader partition=__consumer_offsets-26, dir=/tmp/EmbeddedKafkaCluster3024498146076714957] Loading producer state till offset 0 with message format version 2 (kafka.log.UnifiedLog$:1937)
[2026-03-04 15:48:33,632] INFO Created log for partition __consumer_offsets-26 in /tmp/EmbeddedKafkaCluster3024498146076714957/__consumer_offsets-26 with properties {cleanup.policy=compact, compression.type="producer", segment.bytes=104857600} (kafka.log.LogManager:66)
[2026-03-04 15:48:33,632] INFO [Partition __consumer_offsets-26 broker=0] No checkpointed highwatermark is found for partition __consumer_offsets-26 (kafka.cluster.Partition:66)
[2026-03-04 15:48:33,632] INFO [Partition __consumer_offsets-26 broker=0] Log loaded for partition __consumer_offsets-26 with initial high watermark 0 (kafka.cluster.Partition:66)
[2026-03-04 15:48:33,632] INFO [Broker id=0] Leader __consumer_offsets-26 with topic id Some(DN5L1RRWQzyT5z0dMdxO0Q) starts at leader epoch 0 from offset 0 with partition epoch 0, high watermark 0, ISR [0], adding replicas [] and removing replicas [] . Previous leader None and previous leader epoch was -1. (state.change.logger:66)
[2026-03-04 15:48:33,632] INFO [LogLoader partition=__consumer_offsets-7, dir=/tmp/EmbeddedKafkaCluster3024498146076714957] Loading producer state till offset 0 with message format version 2 (kafka.log.UnifiedLog$:1937)
[2026-03-04 15:48:33,633] INFO Created log for partition __consumer_offsets-7 in /tmp/EmbeddedKafkaCluster3024498146076714957/__consumer_offsets-7 with properties {cleanup.policy=compact, compression.type="producer", segment.bytes=104857600} (kafka.log.LogManager:66)
[2026-03-04 15:48:33,633] INFO [Partition __consumer_offsets-7 broker=0] No checkpointed highwatermark is found for partition __consumer_offsets-7 (kafka.cluster.Partition:66)
[2026-03-04 15:48:33,633] INFO [Partition __consumer_offsets-7 broker=0] Log loaded for partition __consumer_offsets-7 with initial high watermark 0 (kafka.cluster.Partition:66)
[2026-03-04 15:48:33,633] INFO [Broker id=0] Leader __consumer_offsets-7 with topic id Some(DN5L1RRWQzyT5z0dMdxO0Q) starts at leader epoch 0 from offset 0 with partition epoch 0, high watermark 0, ISR [0], adding replicas [] and removing replicas [] . Previous leader None and previous leader epoch was -1. (state.change.logger:66)
[2026-03-04 15:48:33,633] INFO [LogLoader partition=__consumer_offsets-42, dir=/tmp/EmbeddedKafkaCluster3024498146076714957] Loading producer state till offset 0 with message format version 2 (kafka.log.UnifiedLog$:1937)
[2026-03-04 15:48:33,633] INFO Created log for partition __consumer_offsets-42 in /tmp/EmbeddedKafkaCluster3024498146076714957/__consumer_offsets-42 with properties {cleanup.policy=compact, compression.type="producer", segment.bytes=104857600} (kafka.log.LogManager:66)
[2026-03-04 15:48:33,633] INFO [Partition __consumer_offsets-42 broker=0] No checkpointed highwatermark is found for partition __consumer_offsets-42 (kafka.cluster.Partition:66)
[2026-03-04 15:48:33,633] INFO [Partition __consumer_offsets-42 broker=0] Log loaded for partition __consumer_offsets-42 with initial high watermark 0 (kafka.cluster.Partition:66)
[2026-03-04 15:48:33,633] INFO [Broker id=0] Leader __consumer_offsets-42 with topic id Some(DN5L1RRWQzyT5z0dMdxO0Q) starts at leader epoch 0 from offset 0 with partition epoch 0, high watermark 0, ISR [0], adding replicas [] and removing replicas [] . Previous leader None and previous leader epoch was -1. (state.change.logger:66)
[2026-03-04 15:48:33,634] INFO [LogLoader partition=__consumer_offsets-4, dir=/tmp/EmbeddedKafkaCluster3024498146076714957] Loading producer state till offset 0 with message format version 2 (kafka.log.UnifiedLog$:1937)
[2026-03-04 15:48:33,634] INFO Created log for partition __consumer_offsets-4 in /tmp/EmbeddedKafkaCluster3024498146076714957/__consumer_offsets-4 with properties {cleanup.policy=compact, compression.type="producer", segment.bytes=104857600} (kafka.log.LogManager:66)
[2026-03-04 15:48:33,634] INFO [Partition __consumer_offsets-4 broker=0] No checkpointed highwatermark is found for partition __consumer_offsets-4 (kafka.cluster.Partition:66)
[2026-03-04 15:48:33,634] INFO [Partition __consumer_offsets-4 broker=0] Log loaded for partition __consumer_offsets-4 with initial high watermark 0 (kafka.cluster.Partition:66)
[2026-03-04 15:48:33,634] INFO [Broker id=0] Leader __consumer_offsets-4 with topic id Some(DN5L1RRWQzyT5z0dMdxO0Q) starts at leader epoch 0 from offset 0 with partition epoch 0, high watermark 0, ISR [0], adding replicas [] and removing replicas [] . Previous leader None and previous leader epoch was -1. (state.change.logger:66)
[2026-03-04 15:48:33,634] INFO [LogLoader partition=__consumer_offsets-23, dir=/tmp/EmbeddedKafkaCluster3024498146076714957] Loading producer state till offset 0 with message format version 2 (kafka.log.UnifiedLog$:1937)
[2026-03-04 15:48:33,634] INFO Created log for partition __consumer_offsets-23 in /tmp/EmbeddedKafkaCluster3024498146076714957/__consumer_offsets-23 with properties {cleanup.policy=compact, compression.type="producer", segment.bytes=104857600} (kafka.log.LogManager:66)
[2026-03-04 15:48:33,634] INFO [Partition __consumer_offsets-23 broker=0] No checkpointed highwatermark is found for partition __consumer_offsets-23 (kafka.cluster.Partition:66)
[2026-03-04 15:48:33,634] INFO [Partition __consumer_offsets-23 broker=0] Log loaded for partition __consumer_offsets-23 with initial high watermark 0 (kafka.cluster.Partition:66)
[2026-03-04 15:48:33,634] INFO [Broker id=0] Leader __consumer_offsets-23 with topic id Some(DN5L1RRWQzyT5z0dMdxO0Q) starts at leader epoch 0 from offset 0 with partition epoch 0, high watermark 0, ISR [0], adding replicas [] and removing replicas [] . Previous leader None and previous leader epoch was -1. (state.change.logger:66)
[2026-03-04 15:48:33,635] INFO [LogLoader partition=__consumer_offsets-1, dir=/tmp/EmbeddedKafkaCluster3024498146076714957] Loading producer state till offset 0 with message format version 2 (kafka.log.UnifiedLog$:1937)
[2026-03-04 15:48:33,635] INFO Created log for partition __consumer_offsets-1 in /tmp/EmbeddedKafkaCluster3024498146076714957/__consumer_offsets-1 with properties {cleanup.policy=compact, compression.type="producer", segment.bytes=104857600} (kafka.log.LogManager:66)
[2026-03-04 15:48:33,635] INFO [Partition __consumer_offsets-1 broker=0] No checkpointed highwatermark is found for partition __consumer_offsets-1 (kafka.cluster.Partition:66)
[2026-03-04 15:48:33,635] INFO [Partition __consumer_offsets-1 broker=0] Log loaded for partition __consumer_offsets-1 with initial high watermark 0 (kafka.cluster.Partition:66)
[2026-03-04 15:48:33,635] INFO [Broker id=0] Leader __consumer_offsets-1 with topic id Some(DN5L1RRWQzyT5z0dMdxO0Q) starts at leader epoch 0 from offset 0 with partition epoch 0, high watermark 0, ISR [0], adding replicas [] and removing replicas [] . Previous leader None and previous leader epoch was -1. (state.change.logger:66)
[2026-03-04 15:48:33,635] INFO [LogLoader partition=__consumer_offsets-20, dir=/tmp/EmbeddedKafkaCluster3024498146076714957] Loading producer state till offset 0 with message format version 2 (kafka.log.UnifiedLog$:1937)
[2026-03-04 15:48:33,635] INFO Created log for partition __consumer_offsets-20 in /tmp/EmbeddedKafkaCluster3024498146076714957/__consumer_offsets-20 with properties {cleanup.policy=compact, compression.type="producer", segment.bytes=104857600} (kafka.log.LogManager:66)
[2026-03-04 15:48:33,635] INFO [Partition __consumer_offsets-20 broker=0] No checkpointed highwatermark is found for partition __consumer_offsets-20 (kafka.cluster.Partition:66)
[2026-03-04 15:48:33,635] INFO [Partition __consumer_offsets-20 broker=0] Log loaded for partition __consumer_offsets-20 with initial high watermark 0 (kafka.cluster.Partition:66)
[2026-03-04 15:48:33,635] INFO [Broker id=0] Leader __consumer_offsets-20 with topic id Some(DN5L1RRWQzyT5z0dMdxO0Q) starts at leader epoch 0 from offset 0 with partition epoch 0, high watermark 0, ISR [0], adding replicas [] and removing replicas [] . Previous leader None and previous leader epoch was -1. (state.change.logger:66)
[2026-03-04 15:48:33,636] INFO [LogLoader partition=__consumer_offsets-39, dir=/tmp/EmbeddedKafkaCluster3024498146076714957] Loading producer state till offset 0 with message format version 2 (kafka.log.UnifiedLog$:1937)
[2026-03-04 15:48:33,636] INFO Created log for partition __consumer_offsets-39 in /tmp/EmbeddedKafkaCluster3024498146076714957/__consumer_offsets-39 with properties {cleanup.policy=compact, compression.type="producer", segment.bytes=104857600} (kafka.log.LogManager:66)
[2026-03-04 15:48:33,636] INFO [Partition __consumer_offsets-39 broker=0] No checkpointed highwatermark is found for partition __consumer_offsets-39 (kafka.cluster.Partition:66)
[2026-03-04 15:48:33,636] INFO [Partition __consumer_offsets-39 broker=0] Log loaded for partition __consumer_offsets-39 with initial high watermark 0 (kafka.cluster.Partition:66)
[2026-03-04 15:48:33,636] INFO [Broker id=0] Leader __consumer_offsets-39 with topic id Some(DN5L1RRWQzyT5z0dMdxO0Q) starts at leader epoch 0 from offset 0 with partition epoch 0, high watermark 0, ISR [0], adding replicas [] and removing replicas [] . Previous leader None and previous leader epoch was -1. (state.change.logger:66)
[2026-03-04 15:48:33,636] INFO [LogLoader partition=__consumer_offsets-17, dir=/tmp/EmbeddedKafkaCluster3024498146076714957] Loading producer state till offset 0 with message format version 2 (kafka.log.UnifiedLog$:1937)
[2026-03-04 15:48:33,636] INFO Created log for partition __consumer_offsets-17 in /tmp/EmbeddedKafkaCluster3024498146076714957/__consumer_offsets-17 with properties {cleanup.policy=compact, compression.type="producer", segment.bytes=104857600} (kafka.log.LogManager:66)
[2026-03-04 15:48:33,636] INFO [Partition __consumer_offsets-17 broker=0] No checkpointed highwatermark is found for partition __consumer_offsets-17 (kafka.cluster.Partition:66)
[2026-03-04 15:48:33,636] INFO [Partition __consumer_offsets-17 broker=0] Log loaded for partition __consumer_offsets-17 with initial high watermark 0 (kafka.cluster.Partition:66)
[2026-03-04 15:48:33,636] INFO [Broker id=0] Leader __consumer_offsets-17 with topic id Some(DN5L1RRWQzyT5z0dMdxO0Q) starts at leader epoch 0 from offset 0 with partition epoch 0, high watermark 0, ISR [0], adding replicas [] and removing replicas [] . Previous leader None and previous leader epoch was -1. (state.change.logger:66)
[2026-03-04 15:48:33,637] INFO [LogLoader partition=__consumer_offsets-36, dir=/tmp/EmbeddedKafkaCluster3024498146076714957] Loading producer state till offset 0 with message format version 2 (kafka.log.UnifiedLog$:1937)
[2026-03-04 15:48:33,637] INFO Created log for partition __consumer_offsets-36 in /tmp/EmbeddedKafkaCluster3024498146076714957/__consumer_offsets-36 with properties {cleanup.policy=compact, compression.type="producer", segment.bytes=104857600} (kafka.log.LogManager:66)
[2026-03-04 15:48:33,637] INFO [Partition __consumer_offsets-36 broker=0] No checkpointed highwatermark is found for partition __consumer_offsets-36 (kafka.cluster.Partition:66)
[2026-03-04 15:48:33,637] INFO [Partition __consumer_offsets-36 broker=0] Log loaded for partition __consumer_offsets-36 with initial high watermark 0 (kafka.cluster.Partition:66)
[2026-03-04 15:48:33,637] INFO [Broker id=0] Leader __consumer_offsets-36 with topic id Some(DN5L1RRWQzyT5z0dMdxO0Q) starts at leader epoch 0 from offset 0 with partition epoch 0, high watermark 0, ISR [0], adding replicas [] and removing replicas [] . Previous leader None and previous leader epoch was -1. (state.change.logger:66)
[2026-03-04 15:48:33,637] INFO [LogLoader partition=__consumer_offsets-14, dir=/tmp/EmbeddedKafkaCluster3024498146076714957] Loading producer state till offset 0 with message format version 2 (kafka.log.UnifiedLog$:1937)
[2026-03-04 15:48:33,637] INFO Created log for partition __consumer_offsets-14 in /tmp/EmbeddedKafkaCluster3024498146076714957/__consumer_offsets-14 with properties {cleanup.policy=compact, compression.type="producer", segment.bytes=104857600} (kafka.log.LogManager:66)
[2026-03-04 15:48:33,637] INFO [Partition __consumer_offsets-14 broker=0] No checkpointed highwatermark is found for partition __consumer_offsets-14 (kafka.cluster.Partition:66)
[2026-03-04 15:48:33,637] INFO [Partition __consumer_offsets-14 broker=0] Log loaded for partition __consumer_offsets-14 with initial high watermark 0 (kafka.cluster.Partition:66)
[2026-03-04 15:48:33,637] INFO [Broker id=0] Leader __consumer_offsets-14 with topic id Some(DN5L1RRWQzyT5z0dMdxO0Q) starts at leader epoch 0 from offset 0 with partition epoch 0, high watermark 0, ISR [0], adding replicas [] and removing replicas [] . Previous leader None and previous leader epoch was -1. (state.change.logger:66)
[2026-03-04 15:48:33,638] INFO [LogLoader partition=__consumer_offsets-33, dir=/tmp/EmbeddedKafkaCluster3024498146076714957] Loading producer state till offset 0 with message format version 2 (kafka.log.UnifiedLog$:1937)
[2026-03-04 15:48:33,638] INFO Created log for partition __consumer_offsets-33 in /tmp/EmbeddedKafkaCluster3024498146076714957/__consumer_offsets-33 with properties {cleanup.policy=compact, compression.type="producer", segment.bytes=104857600} (kafka.log.LogManager:66)
[2026-03-04 15:48:33,638] INFO [Partition __consumer_offsets-33 broker=0] No checkpointed highwatermark is found for partition __consumer_offsets-33 (kafka.cluster.Partition:66)
[2026-03-04 15:48:33,638] INFO [Partition __consumer_offsets-33 broker=0] Log loaded for partition __consumer_offsets-33 with initial high watermark 0 (kafka.cluster.Partition:66)
[2026-03-04 15:48:33,638] INFO [Broker id=0] Leader __consumer_offsets-33 with topic id Some(DN5L1RRWQzyT5z0dMdxO0Q) starts at leader epoch 0 from offset 0 with partition epoch 0, high watermark 0, ISR [0], adding replicas [] and removing replicas [] . Previous leader None and previous leader epoch was -1. (state.change.logger:66)
[2026-03-04 15:48:33,638] INFO [LogLoader partition=__consumer_offsets-49, dir=/tmp/EmbeddedKafkaCluster3024498146076714957] Loading producer state till offset 0 with message format version 2 (kafka.log.UnifiedLog$:1937)
[2026-03-04 15:48:33,638] INFO Created log for partition __consumer_offsets-49 in /tmp/EmbeddedKafkaCluster3024498146076714957/__consumer_offsets-49 with properties {cleanup.policy=compact, compression.type="producer", segment.bytes=104857600} (kafka.log.LogManager:66)
[2026-03-04 15:48:33,638] INFO [Partition __consumer_offsets-49 broker=0] No checkpointed highwatermark is found for partition __consumer_offsets-49 (kafka.cluster.Partition:66)
[2026-03-04 15:48:33,638] INFO [Partition __consumer_offsets-49 broker=0] Log loaded for partition __consumer_offsets-49 with initial high watermark 0 (kafka.cluster.Partition:66)
[2026-03-04 15:48:33,638] INFO [Broker id=0] Leader __consumer_offsets-49 with topic id Some(DN5L1RRWQzyT5z0dMdxO0Q) starts at leader epoch 0 from offset 0 with partition epoch 0, high watermark 0, ISR [0], adding replicas [] and removing replicas [] . Previous leader None and previous leader epoch was -1. (state.change.logger:66)
[2026-03-04 15:48:33,639] INFO [LogLoader partition=__consumer_offsets-11, dir=/tmp/EmbeddedKafkaCluster3024498146076714957] Loading producer state till offset 0 with message format version 2 (kafka.log.UnifiedLog$:1937)
[2026-03-04 15:48:33,639] INFO Created log for partition __consumer_offsets-11 in /tmp/EmbeddedKafkaCluster3024498146076714957/__consumer_offsets-11 with properties {cleanup.policy=compact, compression.type="producer", segment.bytes=104857600} (kafka.log.LogManager:66)
[2026-03-04 15:48:33,639] INFO [Partition __consumer_offsets-11 broker=0] No checkpointed highwatermark is found for partition __consumer_offsets-11 (kafka.cluster.Partition:66)
[2026-03-04 15:48:33,639] INFO [Partition __consumer_offsets-11 broker=0] Log loaded for partition __consumer_offsets-11 with initial high watermark 0 (kafka.cluster.Partition:66)
[2026-03-04 15:48:33,639] INFO [Broker id=0] Leader __consumer_offsets-11 with topic id Some(DN5L1RRWQzyT5z0dMdxO0Q) starts at leader epoch 0 from offset 0 with partition epoch 0, high watermark 0, ISR [0], adding replicas [] and removing replicas [] . Previous leader None and previous leader epoch was -1. (state.change.logger:66)
[2026-03-04 15:48:33,639] INFO [LogLoader partition=__consumer_offsets-30, dir=/tmp/EmbeddedKafkaCluster3024498146076714957] Loading producer state till offset 0 with message format version 2 (kafka.log.UnifiedLog$:1937)
[2026-03-04 15:48:33,639] INFO Created log for partition __consumer_offsets-30 in /tmp/EmbeddedKafkaCluster3024498146076714957/__consumer_offsets-30 with properties {cleanup.policy=compact, compression.type="producer", segment.bytes=104857600} (kafka.log.LogManager:66)
[2026-03-04 15:48:33,639] INFO [Partition __consumer_offsets-30 broker=0] No checkpointed highwatermark is found for partition __consumer_offsets-30 (kafka.cluster.Partition:66)
[2026-03-04 15:48:33,639] INFO [Partition __consumer_offsets-30 broker=0] Log loaded for partition __consumer_offsets-30 with initial high watermark 0 (kafka.cluster.Partition:66)
[2026-03-04 15:48:33,639] INFO [Broker id=0] Leader __consumer_offsets-30 with topic id Some(DN5L1RRWQzyT5z0dMdxO0Q) starts at leader epoch 0 from offset 0 with partition epoch 0, high watermark 0, ISR [0], adding replicas [] and removing replicas [] . Previous leader None and previous leader epoch was -1. (state.change.logger:66)
[2026-03-04 15:48:33,640] INFO [LogLoader partition=__consumer_offsets-46, dir=/tmp/EmbeddedKafkaCluster3024498146076714957] Loading producer state till offset 0 with message format version 2 (kafka.log.UnifiedLog$:1937)
[2026-03-04 15:48:33,640] INFO Created log for partition __consumer_offsets-46 in /tmp/EmbeddedKafkaCluster3024498146076714957/__consumer_offsets-46 with properties {cleanup.policy=compact, compression.type="producer", segment.bytes=104857600} (kafka.log.LogManager:66)
[2026-03-04 15:48:33,640] INFO [Partition __consumer_offsets-46 broker=0] No checkpointed highwatermark is found for partition __consumer_offsets-46 (kafka.cluster.Partition:66)
[2026-03-04 15:48:33,640] INFO [Partition __consumer_offsets-46 broker=0] Log loaded for partition __consumer_offsets-46 with initial high watermark 0 (kafka.cluster.Partition:66)
[2026-03-04 15:48:33,640] INFO [Broker id=0] Leader __consumer_offsets-46 with topic id Some(DN5L1RRWQzyT5z0dMdxO0Q) starts at leader epoch 0 from offset 0 with partition epoch 0, high watermark 0, ISR [0], adding replicas [] and removing replicas [] . Previous leader None and previous leader epoch was -1. (state.change.logger:66)
[2026-03-04 15:48:33,640] INFO [LogLoader partition=__consumer_offsets-27, dir=/tmp/EmbeddedKafkaCluster3024498146076714957] Loading producer state till offset 0 with message format version 2 (kafka.log.UnifiedLog$:1937)
[2026-03-04 15:48:33,640] INFO Created log for partition __consumer_offsets-27 in /tmp/EmbeddedKafkaCluster3024498146076714957/__consumer_offsets-27 with properties {cleanup.policy=compact, compression.type="producer", segment.bytes=104857600} (kafka.log.LogManager:66)
[2026-03-04 15:48:33,640] INFO [Partition __consumer_offsets-27 broker=0] No checkpointed highwatermark is found for partition __consumer_offsets-27 (kafka.cluster.Partition:66)
[2026-03-04 15:48:33,640] INFO [Partition __consumer_offsets-27 broker=0] Log loaded for partition __consumer_offsets-27 with initial high watermark 0 (kafka.cluster.Partition:66)
[2026-03-04 15:48:33,640] INFO [Broker id=0] Leader __consumer_offsets-27 with topic id Some(DN5L1RRWQzyT5z0dMdxO0Q) starts at leader epoch 0 from offset 0 with partition epoch 0, high watermark 0, ISR [0], adding replicas [] and removing replicas [] . Previous leader None and previous leader epoch was -1. (state.change.logger:66)
[2026-03-04 15:48:33,641] INFO [LogLoader partition=__consumer_offsets-8, dir=/tmp/EmbeddedKafkaCluster3024498146076714957] Loading producer state till offset 0 with message format version 2 (kafka.log.UnifiedLog$:1937)
[2026-03-04 15:48:33,641] INFO Created log for partition __consumer_offsets-8 in /tmp/EmbeddedKafkaCluster3024498146076714957/__consumer_offsets-8 with properties {cleanup.policy=compact, compression.type="producer", segment.bytes=104857600} (kafka.log.LogManager:66)
[2026-03-04 15:48:33,641] INFO [Partition __consumer_offsets-8 broker=0] No checkpointed highwatermark is found for partition __consumer_offsets-8 (kafka.cluster.Partition:66)
[2026-03-04 15:48:33,641] INFO [Partition __consumer_offsets-8 broker=0] Log loaded for partition __consumer_offsets-8 with initial high watermark 0 (kafka.cluster.Partition:66)
[2026-03-04 15:48:33,641] INFO [Broker id=0] Leader __consumer_offsets-8 with topic id Some(DN5L1RRWQzyT5z0dMdxO0Q) starts at leader epoch 0 from offset 0 with partition epoch 0, high watermark 0, ISR [0], adding replicas [] and removing replicas [] . Previous leader None and previous leader epoch was -1. (state.change.logger:66)
[2026-03-04 15:48:33,641] INFO [LogLoader partition=__consumer_offsets-24, dir=/tmp/EmbeddedKafkaCluster3024498146076714957] Loading producer state till offset 0 with message format version 2 (kafka.log.UnifiedLog$:1937)
[2026-03-04 15:48:33,641] INFO Created log for partition __consumer_offsets-24 in /tmp/EmbeddedKafkaCluster3024498146076714957/__consumer_offsets-24 with properties {cleanup.policy=compact, compression.type="producer", segment.bytes=104857600} (kafka.log.LogManager:66)
[2026-03-04 15:48:33,642] INFO [Partition __consumer_offsets-24 broker=0] No checkpointed highwatermark is found for partition __consumer_offsets-24 (kafka.cluster.Partition:66)
[2026-03-04 15:48:33,642] INFO [Partition __consumer_offsets-24 broker=0] Log loaded for partition __consumer_offsets-24 with initial high watermark 0 (kafka.cluster.Partition:66)
[2026-03-04 15:48:33,642] INFO [Broker id=0] Leader __consumer_offsets-24 with topic id Some(DN5L1RRWQzyT5z0dMdxO0Q) starts at leader epoch 0 from offset 0 with partition epoch 0, high watermark 0, ISR [0], adding replicas [] and removing replicas [] . Previous leader None and previous leader epoch was -1. (state.change.logger:66)
[2026-03-04 15:48:33,642] INFO [LogLoader partition=__consumer_offsets-43, dir=/tmp/EmbeddedKafkaCluster3024498146076714957] Loading producer state till offset 0 with message format version 2 (kafka.log.UnifiedLog$:1937)
[2026-03-04 15:48:33,642] INFO Created log for partition __consumer_offsets-43 in /tmp/EmbeddedKafkaCluster3024498146076714957/__consumer_offsets-43 with properties {cleanup.policy=compact, compression.type="producer", segment.bytes=104857600} (kafka.log.LogManager:66)
[2026-03-04 15:48:33,642] INFO [Partition __consumer_offsets-43 broker=0] No checkpointed highwatermark is found for partition __consumer_offsets-43 (kafka.cluster.Partition:66)
[2026-03-04 15:48:33,642] INFO [Partition __consumer_offsets-43 broker=0] Log loaded for partition __consumer_offsets-43 with initial high watermark 0 (kafka.cluster.Partition:66)
[2026-03-04 15:48:33,642] INFO [Broker id=0] Leader __consumer_offsets-43 with topic id Some(DN5L1RRWQzyT5z0dMdxO0Q) starts at leader epoch 0 from offset 0 with partition epoch 0, high watermark 0, ISR [0], adding replicas [] and removing replicas [] . Previous leader None and previous leader epoch was -1. (state.change.logger:66)
[2026-03-04 15:48:33,642] INFO [LogLoader partition=__consumer_offsets-5, dir=/tmp/EmbeddedKafkaCluster3024498146076714957] Loading producer state till offset 0 with message format version 2 (kafka.log.UnifiedLog$:1937)
[2026-03-04 15:48:33,642] INFO Created log for partition __consumer_offsets-5 in /tmp/EmbeddedKafkaCluster3024498146076714957/__consumer_offsets-5 with properties {cleanup.policy=compact, compression.type="producer", segment.bytes=104857600} (kafka.log.LogManager:66)
[2026-03-04 15:48:33,642] INFO [Partition __consumer_offsets-5 broker=0] No checkpointed highwatermark is found for partition __consumer_offsets-5 (kafka.cluster.Partition:66)
[2026-03-04 15:48:33,642] INFO [Partition __consumer_offsets-5 broker=0] Log loaded for partition __consumer_offsets-5 with initial high watermark 0 (kafka.cluster.Partition:66)
[2026-03-04 15:48:33,643] INFO [Broker id=0] Leader __consumer_offsets-5 with topic id Some(DN5L1RRWQzyT5z0dMdxO0Q) starts at leader epoch 0 from offset 0 with partition epoch 0, high watermark 0, ISR [0], adding replicas [] and removing replicas [] . Previous leader None and previous leader epoch was -1. (state.change.logger:66)
[2026-03-04 15:48:33,643] INFO [LogLoader partition=__consumer_offsets-21, dir=/tmp/EmbeddedKafkaCluster3024498146076714957] Loading producer state till offset 0 with message format version 2 (kafka.log.UnifiedLog$:1937)
[2026-03-04 15:48:33,643] INFO Created log for partition __consumer_offsets-21 in /tmp/EmbeddedKafkaCluster3024498146076714957/__consumer_offsets-21 with properties {cleanup.policy=compact, compression.type="producer", segment.bytes=104857600} (kafka.log.LogManager:66)
[2026-03-04 15:48:33,643] INFO [Partition __consumer_offsets-21 broker=0] No checkpointed highwatermark is found for partition __consumer_offsets-21 (kafka.cluster.Partition:66)
[2026-03-04 15:48:33,643] INFO [Partition __consumer_offsets-21 broker=0] Log loaded for partition __consumer_offsets-21 with initial high watermark 0 (kafka.cluster.Partition:66)
[2026-03-04 15:48:33,643] INFO [Broker id=0] Leader __consumer_offsets-21 with topic id Some(DN5L1RRWQzyT5z0dMdxO0Q) starts at leader epoch 0 from offset 0 with partition epoch 0, high watermark 0, ISR [0], adding replicas [] and removing replicas [] . Previous leader None and previous leader epoch was -1. (state.change.logger:66)
[2026-03-04 15:48:33,643] INFO [LogLoader partition=__consumer_offsets-40, dir=/tmp/EmbeddedKafkaCluster3024498146076714957] Loading producer state till offset 0 with message format version 2 (kafka.log.UnifiedLog$:1937)
[2026-03-04 15:48:33,644] INFO Created log for partition __consumer_offsets-40 in /tmp/EmbeddedKafkaCluster3024498146076714957/__consumer_offsets-40 with properties {cleanup.policy=compact, compression.type="producer", segment.bytes=104857600} (kafka.log.LogManager:66)
[2026-03-04 15:48:33,644] INFO [Partition __consumer_offsets-40 broker=0] No checkpointed highwatermark is found for partition __consumer_offsets-40 (kafka.cluster.Partition:66)
[2026-03-04 15:48:33,644] INFO [Partition __consumer_offsets-40 broker=0] Log loaded for partition __consumer_offsets-40 with initial high watermark 0 (kafka.cluster.Partition:66)
[2026-03-04 15:48:33,644] INFO [Broker id=0] Leader __consumer_offsets-40 with topic id Some(DN5L1RRWQzyT5z0dMdxO0Q) starts at leader epoch 0 from offset 0 with partition epoch 0, high watermark 0, ISR [0], adding replicas [] and removing replicas [] . Previous leader None and previous leader epoch was -1. (state.change.logger:66)
[2026-03-04 15:48:33,644] INFO [LogLoader partition=__consumer_offsets-2, dir=/tmp/EmbeddedKafkaCluster3024498146076714957] Loading producer state till offset 0 with message format version 2 (kafka.log.UnifiedLog$:1937)
[2026-03-04 15:48:33,644] INFO Created log for partition __consumer_offsets-2 in /tmp/EmbeddedKafkaCluster3024498146076714957/__consumer_offsets-2 with properties {cleanup.policy=compact, compression.type="producer", segment.bytes=104857600} (kafka.log.LogManager:66)
[2026-03-04 15:48:33,644] INFO [Partition __consumer_offsets-2 broker=0] No checkpointed highwatermark is found for partition __consumer_offsets-2 (kafka.cluster.Partition:66)
[2026-03-04 15:48:33,644] INFO [Partition __consumer_offsets-2 broker=0] Log loaded for partition __consumer_offsets-2 with initial high watermark 0 (kafka.cluster.Partition:66)
[2026-03-04 15:48:33,644] INFO [Broker id=0] Leader __consumer_offsets-2 with topic id Some(DN5L1RRWQzyT5z0dMdxO0Q) starts at leader epoch 0 from offset 0 with partition epoch 0, high watermark 0, ISR [0], adding replicas [] and removing replicas [] . Previous leader None and previous leader epoch was -1. (state.change.logger:66)
[2026-03-04 15:48:33,644] INFO [LogLoader partition=__consumer_offsets-37, dir=/tmp/EmbeddedKafkaCluster3024498146076714957] Loading producer state till offset 0 with message format version 2 (kafka.log.UnifiedLog$:1937)
[2026-03-04 15:48:33,644] INFO Created log for partition __consumer_offsets-37 in /tmp/EmbeddedKafkaCluster3024498146076714957/__consumer_offsets-37 with properties {cleanup.policy=compact, compression.type="producer", segment.bytes=104857600} (kafka.log.LogManager:66)
[2026-03-04 15:48:33,644] INFO [Partition __consumer_offsets-37 broker=0] No checkpointed highwatermark is found for partition __consumer_offsets-37 (kafka.cluster.Partition:66)
[2026-03-04 15:48:33,644] INFO [Partition __consumer_offsets-37 broker=0] Log loaded for partition __consumer_offsets-37 with initial high watermark 0 (kafka.cluster.Partition:66)
[2026-03-04 15:48:33,644] INFO [Broker id=0] Leader __consumer_offsets-37 with topic id Some(DN5L1RRWQzyT5z0dMdxO0Q) starts at leader epoch 0 from offset 0 with partition epoch 0, high watermark 0, ISR [0], adding replicas [] and removing replicas [] . Previous leader None and previous leader epoch was -1. (state.change.logger:66)
[2026-03-04 15:48:33,645] INFO [LogLoader partition=__consumer_offsets-18, dir=/tmp/EmbeddedKafkaCluster3024498146076714957] Loading producer state till offset 0 with message format version 2 (kafka.log.UnifiedLog$:1937)
[2026-03-04 15:48:33,645] INFO Created log for partition __consumer_offsets-18 in /tmp/EmbeddedKafkaCluster3024498146076714957/__consumer_offsets-18 with properties {cleanup.policy=compact, compression.type="producer", segment.bytes=104857600} (kafka.log.LogManager:66)
[2026-03-04 15:48:33,645] INFO [Partition __consumer_offsets-18 broker=0] No checkpointed highwatermark is found for partition __consumer_offsets-18 (kafka.cluster.Partition:66)
[2026-03-04 15:48:33,645] INFO [Partition __consumer_offsets-18 broker=0] Log loaded for partition __consumer_offsets-18 with initial high watermark 0 (kafka.cluster.Partition:66)
[2026-03-04 15:48:33,645] INFO [Broker id=0] Leader __consumer_offsets-18 with topic id Some(DN5L1RRWQzyT5z0dMdxO0Q) starts at leader epoch 0 from offset 0 with partition epoch 0, high watermark 0, ISR [0], adding replicas [] and removing replicas [] . Previous leader None and previous leader epoch was -1. (state.change.logger:66)
[2026-03-04 15:48:33,645] INFO [LogLoader partition=__consumer_offsets-34, dir=/tmp/EmbeddedKafkaCluster3024498146076714957] Loading producer state till offset 0 with message format version 2 (kafka.log.UnifiedLog$:1937)
[2026-03-04 15:48:33,645] INFO Created log for partition __consumer_offsets-34 in /tmp/EmbeddedKafkaCluster3024498146076714957/__consumer_offsets-34 with properties {cleanup.policy=compact, compression.type="producer", segment.bytes=104857600} (kafka.log.LogManager:66)
[2026-03-04 15:48:33,645] INFO [Partition __consumer_offsets-34 broker=0] No checkpointed highwatermark is found for partition __consumer_offsets-34 (kafka.cluster.Partition:66)
[2026-03-04 15:48:33,645] INFO [Partition __consumer_offsets-34 broker=0] Log loaded for partition __consumer_offsets-34 with initial high watermark 0 (kafka.cluster.Partition:66)
[2026-03-04 15:48:33,645] INFO [Broker id=0] Leader __consumer_offsets-34 with topic id Some(DN5L1RRWQzyT5z0dMdxO0Q) starts at leader epoch 0 from offset 0 with partition epoch 0, high watermark 0, ISR [0], adding replicas [] and removing replicas [] . Previous leader None and previous leader epoch was -1. (state.change.logger:66)
[2026-03-04 15:48:33,646] INFO [LogLoader partition=__consumer_offsets-15, dir=/tmp/EmbeddedKafkaCluster3024498146076714957] Loading producer state till offset 0 with message format version 2 (kafka.log.UnifiedLog$:1937)
[2026-03-04 15:48:33,646] INFO Created log for partition __consumer_offsets-15 in /tmp/EmbeddedKafkaCluster3024498146076714957/__consumer_offsets-15 with properties {cleanup.policy=compact, compression.type="producer", segment.bytes=104857600} (kafka.log.LogManager:66)
[2026-03-04 15:48:33,646] INFO [Partition __consumer_offsets-15 broker=0] No checkpointed highwatermark is found for partition __consumer_offsets-15 (kafka.cluster.Partition:66)
[2026-03-04 15:48:33,646] INFO [Partition __consumer_offsets-15 broker=0] Log loaded for partition __consumer_offsets-15 with initial high watermark 0 (kafka.cluster.Partition:66)
[2026-03-04 15:48:33,646] INFO [Broker id=0] Leader __consumer_offsets-15 with topic id Some(DN5L1RRWQzyT5z0dMdxO0Q) starts at leader epoch 0 from offset 0 with partition epoch 0, high watermark 0, ISR [0], adding replicas [] and removing replicas [] . Previous leader None and previous leader epoch was -1. (state.change.logger:66)
[2026-03-04 15:48:33,646] INFO [LogLoader partition=__consumer_offsets-12, dir=/tmp/EmbeddedKafkaCluster3024498146076714957] Loading producer state till offset 0 with message format version 2 (kafka.log.UnifiedLog$:1937)
[2026-03-04 15:48:33,646] INFO Created log for partition __consumer_offsets-12 in /tmp/EmbeddedKafkaCluster3024498146076714957/__consumer_offsets-12 with properties {cleanup.policy=compact, compression.type="producer", segment.bytes=104857600} (kafka.log.LogManager:66)
[2026-03-04 15:48:33,646] INFO [Partition __consumer_offsets-12 broker=0] No checkpointed highwatermark is found for partition __consumer_offsets-12 (kafka.cluster.Partition:66)
[2026-03-04 15:48:33,646] INFO [Partition __consumer_offsets-12 broker=0] Log loaded for partition __consumer_offsets-12 with initial high watermark 0 (kafka.cluster.Partition:66)
[2026-03-04 15:48:33,646] INFO [Broker id=0] Leader __consumer_offsets-12 with topic id Some(DN5L1RRWQzyT5z0dMdxO0Q) starts at leader epoch 0 from offset 0 with partition epoch 0, high watermark 0, ISR [0], adding replicas [] and removing replicas [] . Previous leader None and previous leader epoch was -1. (state.change.logger:66)
[2026-03-04 15:48:33,647] INFO [LogLoader partition=__consumer_offsets-31, dir=/tmp/EmbeddedKafkaCluster3024498146076714957] Loading producer state till offset 0 with message format version 2 (kafka.log.UnifiedLog$:1937)
[2026-03-04 15:48:33,647] INFO Created log for partition __consumer_offsets-31 in /tmp/EmbeddedKafkaCluster3024498146076714957/__consumer_offsets-31 with properties {cleanup.policy=compact, compression.type="producer", segment.bytes=104857600} (kafka.log.LogManager:66)
[2026-03-04 15:48:33,647] INFO [Partition __consumer_offsets-31 broker=0] No checkpointed highwatermark is found for partition __consumer_offsets-31 (kafka.cluster.Partition:66)
[2026-03-04 15:48:33,647] INFO [Partition __consumer_offsets-31 broker=0] Log loaded for partition __consumer_offsets-31 with initial high watermark 0 (kafka.cluster.Partition:66)
[2026-03-04 15:48:33,647] INFO [Broker id=0] Leader __consumer_offsets-31 with topic id Some(DN5L1RRWQzyT5z0dMdxO0Q) starts at leader epoch 0 from offset 0 with partition epoch 0, high watermark 0, ISR [0], adding replicas [] and removing replicas [] . Previous leader None and previous leader epoch was -1. (state.change.logger:66)
[2026-03-04 15:48:33,647] INFO [LogLoader partition=__consumer_offsets-9, dir=/tmp/EmbeddedKafkaCluster3024498146076714957] Loading producer state till offset 0 with message format version 2 (kafka.log.UnifiedLog$:1937)
[2026-03-04 15:48:33,647] INFO Created log for partition __consumer_offsets-9 in /tmp/EmbeddedKafkaCluster3024498146076714957/__consumer_offsets-9 with properties {cleanup.policy=compact, compression.type="producer", segment.bytes=104857600} (kafka.log.LogManager:66)
[2026-03-04 15:48:33,647] INFO [Partition __consumer_offsets-9 broker=0] No checkpointed highwatermark is found for partition __consumer_offsets-9 (kafka.cluster.Partition:66)
[2026-03-04 15:48:33,647] INFO [Partition __consumer_offsets-9 broker=0] Log loaded for partition __consumer_offsets-9 with initial high watermark 0 (kafka.cluster.Partition:66)
[2026-03-04 15:48:33,647] INFO [Broker id=0] Leader __consumer_offsets-9 with topic id Some(DN5L1RRWQzyT5z0dMdxO0Q) starts at leader epoch 0 from offset 0 with partition epoch 0, high watermark 0, ISR [0], adding replicas [] and removing replicas [] . Previous leader None and previous leader epoch was -1. (state.change.logger:66)
[2026-03-04 15:48:33,648] INFO [LogLoader partition=__consumer_offsets-47, dir=/tmp/EmbeddedKafkaCluster3024498146076714957] Loading producer state till offset 0 with message format version 2 (kafka.log.UnifiedLog$:1937)
[2026-03-04 15:48:33,648] INFO Created log for partition __consumer_offsets-47 in /tmp/EmbeddedKafkaCluster3024498146076714957/__consumer_offsets-47 with properties {cleanup.policy=compact, compression.type="producer", segment.bytes=104857600} (kafka.log.LogManager:66)
[2026-03-04 15:48:33,648] INFO [Partition __consumer_offsets-47 broker=0] No checkpointed highwatermark is found for partition __consumer_offsets-47 (kafka.cluster.Partition:66)
[2026-03-04 15:48:33,648] INFO [Partition __consumer_offsets-47 broker=0] Log loaded for partition __consumer_offsets-47 with initial high watermark 0 (kafka.cluster.Partition:66)
[2026-03-04 15:48:33,648] INFO [Broker id=0] Leader __consumer_offsets-47 with topic id Some(DN5L1RRWQzyT5z0dMdxO0Q) starts at leader epoch 0 from offset 0 with partition epoch 0, high watermark 0, ISR [0], adding replicas [] and removing replicas [] . Previous leader None and previous leader epoch was -1. (state.change.logger:66)
[2026-03-04 15:48:33,648] INFO [LogLoader partition=__consumer_offsets-19, dir=/tmp/EmbeddedKafkaCluster3024498146076714957] Loading producer state till offset 0 with message format version 2 (kafka.log.UnifiedLog$:1937)
[2026-03-04 15:48:33,648] INFO Created log for partition __consumer_offsets-19 in /tmp/EmbeddedKafkaCluster3024498146076714957/__consumer_offsets-19 with properties {cleanup.policy=compact, compression.type="producer", segment.bytes=104857600} (kafka.log.LogManager:66)
[2026-03-04 15:48:33,648] INFO [Partition __consumer_offsets-19 broker=0] No checkpointed highwatermark is found for partition __consumer_offsets-19 (kafka.cluster.Partition:66)
[2026-03-04 15:48:33,648] INFO [Partition __consumer_offsets-19 broker=0] Log loaded for partition __consumer_offsets-19 with initial high watermark 0 (kafka.cluster.Partition:66)
[2026-03-04 15:48:33,648] INFO [Broker id=0] Leader __consumer_offsets-19 with topic id Some(DN5L1RRWQzyT5z0dMdxO0Q) starts at leader epoch 0 from offset 0 with partition epoch 0, high watermark 0, ISR [0], adding replicas [] and removing replicas [] . Previous leader None and previous leader epoch was -1. (state.change.logger:66)
[2026-03-04 15:48:33,649] INFO [LogLoader partition=__consumer_offsets-28, dir=/tmp/EmbeddedKafkaCluster3024498146076714957] Loading producer state till offset 0 with message format version 2 (kafka.log.UnifiedLog$:1937)
[2026-03-04 15:48:33,649] INFO Created log for partition __consumer_offsets-28 in /tmp/EmbeddedKafkaCluster3024498146076714957/__consumer_offsets-28 with properties {cleanup.policy=compact, compression.type="producer", segment.bytes=104857600} (kafka.log.LogManager:66)
[2026-03-04 15:48:33,649] INFO [Partition __consumer_offsets-28 broker=0] No checkpointed highwatermark is found for partition __consumer_offsets-28 (kafka.cluster.Partition:66)
[2026-03-04 15:48:33,649] INFO [Partition __consumer_offsets-28 broker=0] Log loaded for partition __consumer_offsets-28 with initial high watermark 0 (kafka.cluster.Partition:66)
[2026-03-04 15:48:33,649] INFO [Broker id=0] Leader __consumer_offsets-28 with topic id Some(DN5L1RRWQzyT5z0dMdxO0Q) starts at leader epoch 0 from offset 0 with partition epoch 0, high watermark 0, ISR [0], adding replicas [] and removing replicas [] . Previous leader None and previous leader epoch was -1. (state.change.logger:66)
[2026-03-04 15:48:33,649] INFO [LogLoader partition=__consumer_offsets-38, dir=/tmp/EmbeddedKafkaCluster3024498146076714957] Loading producer state till offset 0 with message format version 2 (kafka.log.UnifiedLog$:1937)
[2026-03-04 15:48:33,649] INFO Created log for partition __consumer_offsets-38 in /tmp/EmbeddedKafkaCluster3024498146076714957/__consumer_offsets-38 with properties {cleanup.policy=compact, compression.type="producer", segment.bytes=104857600} (kafka.log.LogManager:66)
[2026-03-04 15:48:33,649] INFO [Partition __consumer_offsets-38 broker=0] No checkpointed highwatermark is found for partition __consumer_offsets-38 (kafka.cluster.Partition:66)
[2026-03-04 15:48:33,649] INFO [Partition __consumer_offsets-38 broker=0] Log loaded for partition __consumer_offsets-38 with initial high watermark 0 (kafka.cluster.Partition:66)
[2026-03-04 15:48:33,649] INFO [Broker id=0] Leader __consumer_offsets-38 with topic id Some(DN5L1RRWQzyT5z0dMdxO0Q) starts at leader epoch 0 from offset 0 with partition epoch 0, high watermark 0, ISR [0], adding replicas [] and removing replicas [] . Previous leader None and previous leader epoch was -1. (state.change.logger:66)
[2026-03-04 15:48:33,650] INFO [LogLoader partition=__consumer_offsets-35, dir=/tmp/EmbeddedKafkaCluster3024498146076714957] Loading producer state till offset 0 with message format version 2 (kafka.log.UnifiedLog$:1937)
[2026-03-04 15:48:33,650] INFO Created log for partition __consumer_offsets-35 in /tmp/EmbeddedKafkaCluster3024498146076714957/__consumer_offsets-35 with properties {cleanup.policy=compact, compression.type="producer", segment.bytes=104857600} (kafka.log.LogManager:66)
[2026-03-04 15:48:33,650] INFO [Partition __consumer_offsets-35 broker=0] No checkpointed highwatermark is found for partition __consumer_offsets-35 (kafka.cluster.Partition:66)
[2026-03-04 15:48:33,650] INFO [Partition __consumer_offsets-35 broker=0] Log loaded for partition __consumer_offsets-35 with initial high watermark 0 (kafka.cluster.Partition:66)
[2026-03-04 15:48:33,650] INFO [Broker id=0] Leader __consumer_offsets-35 with topic id Some(DN5L1RRWQzyT5z0dMdxO0Q) starts at leader epoch 0 from offset 0 with partition epoch 0, high watermark 0, ISR [0], adding replicas [] and removing replicas [] . Previous leader None and previous leader epoch was -1. (state.change.logger:66)
[2026-03-04 15:48:33,650] INFO [LogLoader partition=__consumer_offsets-6, dir=/tmp/EmbeddedKafkaCluster3024498146076714957] Loading producer state till offset 0 with message format version 2 (kafka.log.UnifiedLog$:1937)
[2026-03-04 15:48:33,650] INFO Created log for partition __consumer_offsets-6 in /tmp/EmbeddedKafkaCluster3024498146076714957/__consumer_offsets-6 with properties {cleanup.policy=compact, compression.type="producer", segment.bytes=104857600} (kafka.log.LogManager:66)
[2026-03-04 15:48:33,650] INFO [Partition __consumer_offsets-6 broker=0] No checkpointed highwatermark is found for partition __consumer_offsets-6 (kafka.cluster.Partition:66)
[2026-03-04 15:48:33,650] INFO [Partition __consumer_offsets-6 broker=0] Log loaded for partition __consumer_offsets-6 with initial high watermark 0 (kafka.cluster.Partition:66)
[2026-03-04 15:48:33,650] INFO [Broker id=0] Leader __consumer_offsets-6 with topic id Some(DN5L1RRWQzyT5z0dMdxO0Q) starts at leader epoch 0 from offset 0 with partition epoch 0, high watermark 0, ISR [0], adding replicas [] and removing replicas [] . Previous leader None and previous leader epoch was -1. (state.change.logger:66)
[2026-03-04 15:48:33,651] INFO [LogLoader partition=__consumer_offsets-44, dir=/tmp/EmbeddedKafkaCluster3024498146076714957] Loading producer state till offset 0 with message format version 2 (kafka.log.UnifiedLog$:1937)
[2026-03-04 15:48:33,651] INFO Created log for partition __consumer_offsets-44 in /tmp/EmbeddedKafkaCluster3024498146076714957/__consumer_offsets-44 with properties {cleanup.policy=compact, compression.type="producer", segment.bytes=104857600} (kafka.log.LogManager:66)
[2026-03-04 15:48:33,651] INFO [Partition __consumer_offsets-44 broker=0] No checkpointed highwatermark is found for partition __consumer_offsets-44 (kafka.cluster.Partition:66)
[2026-03-04 15:48:33,651] INFO [Partition __consumer_offsets-44 broker=0] Log loaded for partition __consumer_offsets-44 with initial high watermark 0 (kafka.cluster.Partition:66)
[2026-03-04 15:48:33,651] INFO [Broker id=0] Leader __consumer_offsets-44 with topic id Some(DN5L1RRWQzyT5z0dMdxO0Q) starts at leader epoch 0 from offset 0 with partition epoch 0, high watermark 0, ISR [0], adding replicas [] and removing replicas [] . Previous leader None and previous leader epoch was -1. (state.change.logger:66)
[2026-03-04 15:48:33,651] INFO [LogLoader partition=__consumer_offsets-25, dir=/tmp/EmbeddedKafkaCluster3024498146076714957] Loading producer state till offset 0 with message format version 2 (kafka.log.UnifiedLog$:1937)
[2026-03-04 15:48:33,651] INFO Created log for partition __consumer_offsets-25 in /tmp/EmbeddedKafkaCluster3024498146076714957/__consumer_offsets-25 with properties {cleanup.policy=compact, compression.type="producer", segment.bytes=104857600} (kafka.log.LogManager:66)
[2026-03-04 15:48:33,651] INFO [Partition __consumer_offsets-25 broker=0] No checkpointed highwatermark is found for partition __consumer_offsets-25 (kafka.cluster.Partition:66)
[2026-03-04 15:48:33,651] INFO [Partition __consumer_offsets-25 broker=0] Log loaded for partition __consumer_offsets-25 with initial high watermark 0 (kafka.cluster.Partition:66)
[2026-03-04 15:48:33,651] INFO [Broker id=0] Leader __consumer_offsets-25 with topic id Some(DN5L1RRWQzyT5z0dMdxO0Q) starts at leader epoch 0 from offset 0 with partition epoch 0, high watermark 0, ISR [0], adding replicas [] and removing replicas [] . Previous leader None and previous leader epoch was -1. (state.change.logger:66)
[2026-03-04 15:48:33,652] INFO [LogLoader partition=__consumer_offsets-16, dir=/tmp/EmbeddedKafkaCluster3024498146076714957] Loading producer state till offset 0 with message format version 2 (kafka.log.UnifiedLog$:1937)
[2026-03-04 15:48:33,652] INFO Created log for partition __consumer_offsets-16 in /tmp/EmbeddedKafkaCluster3024498146076714957/__consumer_offsets-16 with properties {cleanup.policy=compact, compression.type="producer", segment.bytes=104857600} (kafka.log.LogManager:66)
[2026-03-04 15:48:33,652] INFO [Partition __consumer_offsets-16 broker=0] No checkpointed highwatermark is found for partition __consumer_offsets-16 (kafka.cluster.Partition:66)
[2026-03-04 15:48:33,652] INFO [Partition __consumer_offsets-16 broker=0] Log loaded for partition __consumer_offsets-16 with initial high watermark 0 (kafka.cluster.Partition:66)
[2026-03-04 15:48:33,652] INFO [Broker id=0] Leader __consumer_offsets-16 with topic id Some(DN5L1RRWQzyT5z0dMdxO0Q) starts at leader epoch 0 from offset 0 with partition epoch 0, high watermark 0, ISR [0], adding replicas [] and removing replicas [] . Previous leader None and previous leader epoch was -1. (state.change.logger:66)
[2026-03-04 15:48:33,652] INFO [LogLoader partition=__consumer_offsets-22, dir=/tmp/EmbeddedKafkaCluster3024498146076714957] Loading producer state till offset 0 with message format version 2 (kafka.log.UnifiedLog$:1937)
[2026-03-04 15:48:33,652] INFO Created log for partition __consumer_offsets-22 in /tmp/EmbeddedKafkaCluster3024498146076714957/__consumer_offsets-22 with properties {cleanup.policy=compact, compression.type="producer", segment.bytes=104857600} (kafka.log.LogManager:66)
[2026-03-04 15:48:33,652] INFO [Partition __consumer_offsets-22 broker=0] No checkpointed highwatermark is found for partition __consumer_offsets-22 (kafka.cluster.Partition:66)
[2026-03-04 15:48:33,652] INFO [Partition __consumer_offsets-22 broker=0] Log loaded for partition __consumer_offsets-22 with initial high watermark 0 (kafka.cluster.Partition:66)
[2026-03-04 15:48:33,652] INFO [Broker id=0] Leader __consumer_offsets-22 with topic id Some(DN5L1RRWQzyT5z0dMdxO0Q) starts at leader epoch 0 from offset 0 with partition epoch 0, high watermark 0, ISR [0], adding replicas [] and removing replicas [] . Previous leader None and previous leader epoch was -1. (state.change.logger:66)
[2026-03-04 15:48:33,653] INFO [LogLoader partition=__consumer_offsets-41, dir=/tmp/EmbeddedKafkaCluster3024498146076714957] Loading producer state till offset 0 with message format version 2 (kafka.log.UnifiedLog$:1937)
[2026-03-04 15:48:33,653] INFO Created log for partition __consumer_offsets-41 in /tmp/EmbeddedKafkaCluster3024498146076714957/__consumer_offsets-41 with properties {cleanup.policy=compact, compression.type="producer", segment.bytes=104857600} (kafka.log.LogManager:66)
[2026-03-04 15:48:33,653] INFO [Partition __consumer_offsets-41 broker=0] No checkpointed highwatermark is found for partition __consumer_offsets-41 (kafka.cluster.Partition:66)
[2026-03-04 15:48:33,653] INFO [Partition __consumer_offsets-41 broker=0] Log loaded for partition __consumer_offsets-41 with initial high watermark 0 (kafka.cluster.Partition:66)
[2026-03-04 15:48:33,653] INFO [Broker id=0] Leader __consumer_offsets-41 with topic id Some(DN5L1RRWQzyT5z0dMdxO0Q) starts at leader epoch 0 from offset 0 with partition epoch 0, high watermark 0, ISR [0], adding replicas [] and removing replicas [] . Previous leader None and previous leader epoch was -1. (state.change.logger:66)
[2026-03-04 15:48:33,653] INFO [LogLoader partition=__consumer_offsets-32, dir=/tmp/EmbeddedKafkaCluster3024498146076714957] Loading producer state till offset 0 with message format version 2 (kafka.log.UnifiedLog$:1937)
[2026-03-04 15:48:33,653] INFO Created log for partition __consumer_offsets-32 in /tmp/EmbeddedKafkaCluster3024498146076714957/__consumer_offsets-32 with properties {cleanup.policy=compact, compression.type="producer", segment.bytes=104857600} (kafka.log.LogManager:66)
[2026-03-04 15:48:33,654] INFO [Partition __consumer_offsets-32 broker=0] No checkpointed highwatermark is found for partition __consumer_offsets-32 (kafka.cluster.Partition:66)
[2026-03-04 15:48:33,654] INFO [Partition __consumer_offsets-32 broker=0] Log loaded for partition __consumer_offsets-32 with initial high watermark 0 (kafka.cluster.Partition:66)
[2026-03-04 15:48:33,654] INFO [Broker id=0] Leader __consumer_offsets-32 with topic id Some(DN5L1RRWQzyT5z0dMdxO0Q) starts at leader epoch 0 from offset 0 with partition epoch 0, high watermark 0, ISR [0], adding replicas [] and removing replicas [] . Previous leader None and previous leader epoch was -1. (state.change.logger:66)
[2026-03-04 15:48:33,654] INFO [LogLoader partition=__consumer_offsets-3, dir=/tmp/EmbeddedKafkaCluster3024498146076714957] Loading producer state till offset 0 with message format version 2 (kafka.log.UnifiedLog$:1937)
[2026-03-04 15:48:33,654] INFO Created log for partition __consumer_offsets-3 in /tmp/EmbeddedKafkaCluster3024498146076714957/__consumer_offsets-3 with properties {cleanup.policy=compact, compression.type="producer", segment.bytes=104857600} (kafka.log.LogManager:66)
[2026-03-04 15:48:33,654] INFO [Partition __consumer_offsets-3 broker=0] No checkpointed highwatermark is found for partition __consumer_offsets-3 (kafka.cluster.Partition:66)
[2026-03-04 15:48:33,654] INFO [Partition __consumer_offsets-3 broker=0] Log loaded for partition __consumer_offsets-3 with initial high watermark 0 (kafka.cluster.Partition:66)
[2026-03-04 15:48:33,654] INFO [Broker id=0] Leader __consumer_offsets-3 with topic id Some(DN5L1RRWQzyT5z0dMdxO0Q) starts at leader epoch 0 from offset 0 with partition epoch 0, high watermark 0, ISR [0], adding replicas [] and removing replicas [] . Previous leader None and previous leader epoch was -1. (state.change.logger:66)
[2026-03-04 15:48:33,655] INFO [LogLoader partition=__consumer_offsets-13, dir=/tmp/EmbeddedKafkaCluster3024498146076714957] Loading producer state till offset 0 with message format version 2 (kafka.log.UnifiedLog$:1937)
[2026-03-04 15:48:33,655] INFO Created log for partition __consumer_offsets-13 in /tmp/EmbeddedKafkaCluster3024498146076714957/__consumer_offsets-13 with properties {cleanup.policy=compact, compression.type="producer", segment.bytes=104857600} (kafka.log.LogManager:66)
[2026-03-04 15:48:33,655] INFO [Partition __consumer_offsets-13 broker=0] No checkpointed highwatermark is found for partition __consumer_offsets-13 (kafka.cluster.Partition:66)
[2026-03-04 15:48:33,655] INFO [Partition __consumer_offsets-13 broker=0] Log loaded for partition __consumer_offsets-13 with initial high watermark 0 (kafka.cluster.Partition:66)
[2026-03-04 15:48:33,655] INFO [Broker id=0] Leader __consumer_offsets-13 with topic id Some(DN5L1RRWQzyT5z0dMdxO0Q) starts at leader epoch 0 from offset 0 with partition epoch 0, high watermark 0, ISR [0], adding replicas [] and removing replicas [] . Previous leader None and previous leader epoch was -1. (state.change.logger:66)
[2026-03-04 15:48:33,655] INFO [GroupCoordinator 0]: Elected as the group coordinator for partition 22 in epoch 0 (kafka.coordinator.group.GroupCoordinator:66)
[2026-03-04 15:48:33,655] INFO [GroupMetadataManager brokerId=0] Scheduling loading of offsets and group metadata from __consumer_offsets-22 for epoch 0 (kafka.coordinator.group.GroupMetadataManager:66)
[2026-03-04 15:48:33,655] INFO [GroupCoordinator 0]: Elected as the group coordinator for partition 25 in epoch 0 (kafka.coordinator.group.GroupCoordinator:66)
[2026-03-04 15:48:33,655] INFO [GroupMetadataManager brokerId=0] Scheduling loading of offsets and group metadata from __consumer_offsets-25 for epoch 0 (kafka.coordinator.group.GroupMetadataManager:66)
[2026-03-04 15:48:33,655] INFO [GroupCoordinator 0]: Elected as the group coordinator for partition 28 in epoch 0 (kafka.coordinator.group.GroupCoordinator:66)
[2026-03-04 15:48:33,655] INFO [GroupMetadataManager brokerId=0] Scheduling loading of offsets and group metadata from __consumer_offsets-28 for epoch 0 (kafka.coordinator.group.GroupMetadataManager:66)
[2026-03-04 15:48:33,655] INFO [GroupCoordinator 0]: Elected as the group coordinator for partition 31 in epoch 0 (kafka.coordinator.group.GroupCoordinator:66)
[2026-03-04 15:48:33,655] INFO [GroupMetadataManager brokerId=0] Scheduling loading of offsets and group metadata from __consumer_offsets-31 for epoch 0 (kafka.coordinator.group.GroupMetadataManager:66)
[2026-03-04 15:48:33,655] INFO [GroupCoordinator 0]: Elected as the group coordinator for partition 34 in epoch 0 (kafka.coordinator.group.GroupCoordinator:66)
[2026-03-04 15:48:33,655] INFO [GroupMetadataManager brokerId=0] Scheduling loading of offsets and group metadata from __consumer_offsets-34 for epoch 0 (kafka.coordinator.group.GroupMetadataManager:66)
[2026-03-04 15:48:33,655] INFO [GroupCoordinator 0]: Elected as the group coordinator for partition 37 in epoch 0 (kafka.coordinator.group.GroupCoordinator:66)
[2026-03-04 15:48:33,655] INFO [GroupMetadataManager brokerId=0] Scheduling loading of offsets and group metadata from __consumer_offsets-37 for epoch 0 (kafka.coordinator.group.GroupMetadataManager:66)
[2026-03-04 15:48:33,655] INFO [GroupCoordinator 0]: Elected as the group coordinator for partition 40 in epoch 0 (kafka.coordinator.group.GroupCoordinator:66)
[2026-03-04 15:48:33,655] INFO [GroupMetadataManager brokerId=0] Scheduling loading of offsets and group metadata from __consumer_offsets-40 for epoch 0 (kafka.coordinator.group.GroupMetadataManager:66)
[2026-03-04 15:48:33,655] INFO [GroupCoordinator 0]: Elected as the group coordinator for partition 43 in epoch 0 (kafka.coordinator.group.GroupCoordinator:66)
[2026-03-04 15:48:33,655] INFO [GroupMetadataManager brokerId=0] Scheduling loading of offsets and group metadata from __consumer_offsets-43 for epoch 0 (kafka.coordinator.group.GroupMetadataManager:66)
[2026-03-04 15:48:33,655] INFO [GroupCoordinator 0]: Elected as the group coordinator for partition 46 in epoch 0 (kafka.coordinator.group.GroupCoordinator:66)
[2026-03-04 15:48:33,655] INFO [GroupMetadataManager brokerId=0] Scheduling loading of offsets and group metadata from __consumer_offsets-46 for epoch 0 (kafka.coordinator.group.GroupMetadataManager:66)
[2026-03-04 15:48:33,655] INFO [GroupMetadataManager brokerId=0] Finished loading offsets and group metadata from __consumer_offsets-22 in 0 milliseconds for epoch 0, of which 0 milliseconds was spent in the scheduler. (kafka.coordinator.group.GroupMetadataManager:66)
[2026-03-04 15:48:33,655] INFO [GroupCoordinator 0]: Elected as the group coordinator for partition 49 in epoch 0 (kafka.coordinator.group.GroupCoordinator:66)
[2026-03-04 15:48:33,655] INFO [GroupMetadataManager brokerId=0] Scheduling loading of offsets and group metadata from __consumer_offsets-49 for epoch 0 (kafka.coordinator.group.GroupMetadataManager:66)
[2026-03-04 15:48:33,655] INFO [GroupCoordinator 0]: Elected as the group coordinator for partition 41 in epoch 0 (kafka.coordinator.group.GroupCoordinator:66)
[2026-03-04 15:48:33,655] INFO [GroupMetadataManager brokerId=0] Scheduling loading of offsets and group metadata from __consumer_offsets-41 for epoch 0 (kafka.coordinator.group.GroupMetadataManager:66)
[2026-03-04 15:48:33,655] INFO [GroupMetadataManager brokerId=0] Finished loading offsets and group metadata from __consumer_offsets-25 in 0 milliseconds for epoch 0, of which 0 milliseconds was spent in the scheduler. (kafka.coordinator.group.GroupMetadataManager:66)
[2026-03-04 15:48:33,655] INFO [GroupCoordinator 0]: Elected as the group coordinator for partition 44 in epoch 0 (kafka.coordinator.group.GroupCoordinator:66)
[2026-03-04 15:48:33,655] INFO [GroupMetadataManager brokerId=0] Finished loading offsets and group metadata from __consumer_offsets-28 in 0 milliseconds for epoch 0, of which 0 milliseconds was spent in the scheduler. (kafka.coordinator.group.GroupMetadataManager:66)
[2026-03-04 15:48:33,655] INFO [GroupMetadataManager brokerId=0] Scheduling loading of offsets and group metadata from __consumer_offsets-44 for epoch 0 (kafka.coordinator.group.GroupMetadataManager:66)
[2026-03-04 15:48:33,655] INFO [GroupMetadataManager brokerId=0] Finished loading offsets and group metadata from __consumer_offsets-31 in 0 milliseconds for epoch 0, of which 0 milliseconds was spent in the scheduler. (kafka.coordinator.group.GroupMetadataManager:66)
[2026-03-04 15:48:33,655] INFO [GroupCoordinator 0]: Elected as the group coordinator for partition 47 in epoch 0 (kafka.coordinator.group.GroupCoordinator:66)
[2026-03-04 15:48:33,655] INFO [GroupMetadataManager brokerId=0] Scheduling loading of offsets and group metadata from __consumer_offsets-47 for epoch 0 (kafka.coordinator.group.GroupMetadataManager:66)
[2026-03-04 15:48:33,655] INFO [GroupMetadataManager brokerId=0] Finished loading offsets and group metadata from __consumer_offsets-34 in 0 milliseconds for epoch 0, of which 0 milliseconds was spent in the scheduler. (kafka.coordinator.group.GroupMetadataManager:66)
[2026-03-04 15:48:33,655] INFO [GroupCoordinator 0]: Elected as the group coordinator for partition 1 in epoch 0 (kafka.coordinator.group.GroupCoordinator:66)
[2026-03-04 15:48:33,655] INFO [GroupMetadataManager brokerId=0] Scheduling loading of offsets and group metadata from __consumer_offsets-1 for epoch 0 (kafka.coordinator.group.GroupMetadataManager:66)
[2026-03-04 15:48:33,655] INFO [GroupMetadataManager brokerId=0] Finished loading offsets and group metadata from __consumer_offsets-37 in 0 milliseconds for epoch 0, of which 0 milliseconds was spent in the scheduler. (kafka.coordinator.group.GroupMetadataManager:66)
[2026-03-04 15:48:33,655] INFO [GroupCoordinator 0]: Elected as the group coordinator for partition 4 in epoch 0 (kafka.coordinator.group.GroupCoordinator:66)
[2026-03-04 15:48:33,655] INFO [GroupMetadataManager brokerId=0] Scheduling loading of offsets and group metadata from __consumer_offsets-4 for epoch 0 (kafka.coordinator.group.GroupMetadataManager:66)
[2026-03-04 15:48:33,655] INFO [GroupMetadataManager brokerId=0] Finished loading offsets and group metadata from __consumer_offsets-40 in 0 milliseconds for epoch 0, of which 0 milliseconds was spent in the scheduler. (kafka.coordinator.group.GroupMetadataManager:66)
[2026-03-04 15:48:33,655] INFO [GroupCoordinator 0]: Elected as the group coordinator for partition 7 in epoch 0 (kafka.coordinator.group.GroupCoordinator:66)
[2026-03-04 15:48:33,655] INFO [GroupMetadataManager brokerId=0] Scheduling loading of offsets and group metadata from __consumer_offsets-7 for epoch 0 (kafka.coordinator.group.GroupMetadataManager:66)
[2026-03-04 15:48:33,655] INFO [GroupMetadataManager brokerId=0] Finished loading offsets and group metadata from __consumer_offsets-43 in 0 milliseconds for epoch 0, of which 0 milliseconds was spent in the scheduler. (kafka.coordinator.group.GroupMetadataManager:66)
[2026-03-04 15:48:33,655] INFO [GroupCoordinator 0]: Elected as the group coordinator for partition 10 in epoch 0 (kafka.coordinator.group.GroupCoordinator:66)
[2026-03-04 15:48:33,655] INFO [GroupMetadataManager brokerId=0] Finished loading offsets and group metadata from __consumer_offsets-46 in 0 milliseconds for epoch 0, of which 0 milliseconds was spent in the scheduler. (kafka.coordinator.group.GroupMetadataManager:66)
[2026-03-04 15:48:33,655] INFO [GroupMetadataManager brokerId=0] Scheduling loading of offsets and group metadata from __consumer_offsets-10 for epoch 0 (kafka.coordinator.group.GroupMetadataManager:66)
[2026-03-04 15:48:33,655] INFO [GroupMetadataManager brokerId=0] Finished loading offsets and group metadata from __consumer_offsets-49 in 0 milliseconds for epoch 0, of which 0 milliseconds was spent in the scheduler. (kafka.coordinator.group.GroupMetadataManager:66)
[2026-03-04 15:48:33,655] INFO [GroupMetadataManager brokerId=0] Finished loading offsets and group metadata from __consumer_offsets-41 in 0 milliseconds for epoch 0, of which 0 milliseconds was spent in the scheduler. (kafka.coordinator.group.GroupMetadataManager:66)
[2026-03-04 15:48:33,655] INFO [GroupCoordinator 0]: Elected as the group coordinator for partition 13 in epoch 0 (kafka.coordinator.group.GroupCoordinator:66)
[2026-03-04 15:48:33,655] INFO [GroupMetadataManager brokerId=0] Finished loading offsets and group metadata from __consumer_offsets-44 in 0 milliseconds for epoch 0, of which 0 milliseconds was spent in the scheduler. (kafka.coordinator.group.GroupMetadataManager:66)
[2026-03-04 15:48:33,655] INFO [GroupMetadataManager brokerId=0] Scheduling loading of offsets and group metadata from __consumer_offsets-13 for epoch 0 (kafka.coordinator.group.GroupMetadataManager:66)
[2026-03-04 15:48:33,655] INFO [GroupCoordinator 0]: Elected as the group coordinator for partition 16 in epoch 0 (kafka.coordinator.group.GroupCoordinator:66)
[2026-03-04 15:48:33,655] INFO [GroupMetadataManager brokerId=0] Finished loading offsets and group metadata from __consumer_offsets-47 in 0 milliseconds for epoch 0, of which 0 milliseconds was spent in the scheduler. (kafka.coordinator.group.GroupMetadataManager:66)
[2026-03-04 15:48:33,655] INFO [GroupMetadataManager brokerId=0] Scheduling loading of offsets and group metadata from __consumer_offsets-16 for epoch 0 (kafka.coordinator.group.GroupMetadataManager:66)
[2026-03-04 15:48:33,655] INFO [GroupCoordinator 0]: Elected as the group coordinator for partition 19 in epoch 0 (kafka.coordinator.group.GroupCoordinator:66)
[2026-03-04 15:48:33,655] INFO [GroupMetadataManager brokerId=0] Finished loading offsets and group metadata from __consumer_offsets-1 in 0 milliseconds for epoch 0, of which 0 milliseconds was spent in the scheduler. (kafka.coordinator.group.GroupMetadataManager:66)
[2026-03-04 15:48:33,655] INFO [GroupMetadataManager brokerId=0] Scheduling loading of offsets and group metadata from __consumer_offsets-19 for epoch 0 (kafka.coordinator.group.GroupMetadataManager:66)
[2026-03-04 15:48:33,655] INFO [GroupCoordinator 0]: Elected as the group coordinator for partition 2 in epoch 0 (kafka.coordinator.group.GroupCoordinator:66)
[2026-03-04 15:48:33,656] INFO [GroupMetadataManager brokerId=0] Finished loading offsets and group metadata from __consumer_offsets-4 in 1 milliseconds for epoch 0, of which 0 milliseconds was spent in the scheduler. (kafka.coordinator.group.GroupMetadataManager:66)
[2026-03-04 15:48:33,656] INFO [GroupMetadataManager brokerId=0] Scheduling loading of offsets and group metadata from __consumer_offsets-2 for epoch 0 (kafka.coordinator.group.GroupMetadataManager:66)
[2026-03-04 15:48:33,656] INFO [GroupCoordinator 0]: Elected as the group coordinator for partition 5 in epoch 0 (kafka.coordinator.group.GroupCoordinator:66)
[2026-03-04 15:48:33,656] INFO [GroupMetadataManager brokerId=0] Finished loading offsets and group metadata from __consumer_offsets-7 in 1 milliseconds for epoch 0, of which 1 milliseconds was spent in the scheduler. (kafka.coordinator.group.GroupMetadataManager:66)
[2026-03-04 15:48:33,656] INFO [GroupMetadataManager brokerId=0] Scheduling loading of offsets and group metadata from __consumer_offsets-5 for epoch 0 (kafka.coordinator.group.GroupMetadataManager:66)
[2026-03-04 15:48:33,656] INFO [GroupCoordinator 0]: Elected as the group coordinator for partition 8 in epoch 0 (kafka.coordinator.group.GroupCoordinator:66)
[2026-03-04 15:48:33,656] INFO [GroupMetadataManager brokerId=0] Scheduling loading of offsets and group metadata from __consumer_offsets-8 for epoch 0 (kafka.coordinator.group.GroupMetadataManager:66)
[2026-03-04 15:48:33,656] INFO [GroupMetadataManager brokerId=0] Finished loading offsets and group metadata from __consumer_offsets-10 in 1 milliseconds for epoch 0, of which 1 milliseconds was spent in the scheduler. (kafka.coordinator.group.GroupMetadataManager:66)
[2026-03-04 15:48:33,656] INFO [GroupCoordinator 0]: Elected as the group coordinator for partition 11 in epoch 0 (kafka.coordinator.group.GroupCoordinator:66)
[2026-03-04 15:48:33,656] INFO [GroupMetadataManager brokerId=0] Scheduling loading of offsets and group metadata from __consumer_offsets-11 for epoch 0 (kafka.coordinator.group.GroupMetadataManager:66)
[2026-03-04 15:48:33,656] INFO [GroupMetadataManager brokerId=0] Finished loading offsets and group metadata from __consumer_offsets-13 in 1 milliseconds for epoch 0, of which 1 milliseconds was spent in the scheduler. (kafka.coordinator.group.GroupMetadataManager:66)
[2026-03-04 15:48:33,656] INFO [GroupCoordinator 0]: Elected as the group coordinator for partition 14 in epoch 0 (kafka.coordinator.group.GroupCoordinator:66)
[2026-03-04 15:48:33,656] INFO [GroupMetadataManager brokerId=0] Scheduling loading of offsets and group metadata from __consumer_offsets-14 for epoch 0 (kafka.coordinator.group.GroupMetadataManager:66)
[2026-03-04 15:48:33,656] INFO [GroupMetadataManager brokerId=0] Finished loading offsets and group metadata from __consumer_offsets-16 in 1 milliseconds for epoch 0, of which 1 milliseconds was spent in the scheduler. (kafka.coordinator.group.GroupMetadataManager:66)
[2026-03-04 15:48:33,656] INFO [GroupCoordinator 0]: Elected as the group coordinator for partition 17 in epoch 0 (kafka.coordinator.group.GroupCoordinator:66)
[2026-03-04 15:48:33,656] INFO [GroupMetadataManager brokerId=0] Scheduling loading of offsets and group metadata from __consumer_offsets-17 for epoch 0 (kafka.coordinator.group.GroupMetadataManager:66)
[2026-03-04 15:48:33,656] INFO [GroupMetadataManager brokerId=0] Finished loading offsets and group metadata from __consumer_offsets-19 in 1 milliseconds for epoch 0, of which 1 milliseconds was spent in the scheduler. (kafka.coordinator.group.GroupMetadataManager:66)
[2026-03-04 15:48:33,656] INFO [GroupCoordinator 0]: Elected as the group coordinator for partition 20 in epoch 0 (kafka.coordinator.group.GroupCoordinator:66)
[2026-03-04 15:48:33,656] INFO [GroupMetadataManager brokerId=0] Scheduling loading of offsets and group metadata from __consumer_offsets-20 for epoch 0 (kafka.coordinator.group.GroupMetadataManager:66)
[2026-03-04 15:48:33,656] INFO [GroupCoordinator 0]: Elected as the group coordinator for partition 23 in epoch 0 (kafka.coordinator.group.GroupCoordinator:66)
[2026-03-04 15:48:33,656] INFO [GroupMetadataManager brokerId=0] Scheduling loading of offsets and group metadata from __consumer_offsets-23 for epoch 0 (kafka.coordinator.group.GroupMetadataManager:66)
[2026-03-04 15:48:33,656] INFO [GroupMetadataManager brokerId=0] Finished loading offsets and group metadata from __consumer_offsets-2 in 0 milliseconds for epoch 0, of which 0 milliseconds was spent in the scheduler. (kafka.coordinator.group.GroupMetadataManager:66)
[2026-03-04 15:48:33,656] INFO [GroupCoordinator 0]: Elected as the group coordinator for partition 26 in epoch 0 (kafka.coordinator.group.GroupCoordinator:66)
[2026-03-04 15:48:33,656] INFO [GroupMetadataManager brokerId=0] Scheduling loading of offsets and group metadata from __consumer_offsets-26 for epoch 0 (kafka.coordinator.group.GroupMetadataManager:66)
[2026-03-04 15:48:33,656] INFO [GroupCoordinator 0]: Elected as the group coordinator for partition 29 in epoch 0 (kafka.coordinator.group.GroupCoordinator:66)
[2026-03-04 15:48:33,656] INFO [GroupMetadataManager brokerId=0] Scheduling loading of offsets and group metadata from __consumer_offsets-29 for epoch 0 (kafka.coordinator.group.GroupMetadataManager:66)
[2026-03-04 15:48:33,656] INFO [GroupCoordinator 0]: Elected as the group coordinator for partition 32 in epoch 0 (kafka.coordinator.group.GroupCoordinator:66)
[2026-03-04 15:48:33,656] INFO [GroupMetadataManager brokerId=0] Scheduling loading of offsets and group metadata from __consumer_offsets-32 for epoch 0 (kafka.coordinator.group.GroupMetadataManager:66)
[2026-03-04 15:48:33,656] INFO [GroupCoordinator 0]: Elected as the group coordinator for partition 35 in epoch 0 (kafka.coordinator.group.GroupCoordinator:66)
[2026-03-04 15:48:33,656] INFO [GroupMetadataManager brokerId=0] Scheduling loading of offsets and group metadata from __consumer_offsets-35 for epoch 0 (kafka.coordinator.group.GroupMetadataManager:66)
[2026-03-04 15:48:33,656] INFO [GroupCoordinator 0]: Elected as the group coordinator for partition 38 in epoch 0 (kafka.coordinator.group.GroupCoordinator:66)
[2026-03-04 15:48:33,656] INFO [GroupMetadataManager brokerId=0] Scheduling loading of offsets and group metadata from __consumer_offsets-38 for epoch 0 (kafka.coordinator.group.GroupMetadataManager:66)
[2026-03-04 15:48:33,656] INFO [GroupMetadataManager brokerId=0] Finished loading offsets and group metadata from __consumer_offsets-5 in 0 milliseconds for epoch 0, of which 0 milliseconds was spent in the scheduler. (kafka.coordinator.group.GroupMetadataManager:66)
[2026-03-04 15:48:33,656] INFO [GroupCoordinator 0]: Elected as the group coordinator for partition 0 in epoch 0 (kafka.coordinator.group.GroupCoordinator:66)
[2026-03-04 15:48:33,656] INFO [GroupMetadataManager brokerId=0] Scheduling loading of offsets and group metadata from __consumer_offsets-0 for epoch 0 (kafka.coordinator.group.GroupMetadataManager:66)
[2026-03-04 15:48:33,656] INFO [GroupMetadataManager brokerId=0] Finished loading offsets and group metadata from __consumer_offsets-8 in 0 milliseconds for epoch 0, of which 0 milliseconds was spent in the scheduler. (kafka.coordinator.group.GroupMetadataManager:66)
[2026-03-04 15:48:33,656] INFO [GroupCoordinator 0]: Elected as the group coordinator for partition 3 in epoch 0 (kafka.coordinator.group.GroupCoordinator:66)
[2026-03-04 15:48:33,656] INFO [GroupMetadataManager brokerId=0] Scheduling loading of offsets and group metadata from __consumer_offsets-3 for epoch 0 (kafka.coordinator.group.GroupMetadataManager:66)
[2026-03-04 15:48:33,656] INFO [GroupCoordinator 0]: Elected as the group coordinator for partition 6 in epoch 0 (kafka.coordinator.group.GroupCoordinator:66)
[2026-03-04 15:48:33,656] INFO [GroupMetadataManager brokerId=0] Scheduling loading of offsets and group metadata from __consumer_offsets-6 for epoch 0 (kafka.coordinator.group.GroupMetadataManager:66)
[2026-03-04 15:48:33,656] INFO [GroupMetadataManager brokerId=0] Finished loading offsets and group metadata from __consumer_offsets-11 in 0 milliseconds for epoch 0, of which 0 milliseconds was spent in the scheduler. (kafka.coordinator.group.GroupMetadataManager:66)
[2026-03-04 15:48:33,656] INFO [GroupCoordinator 0]: Elected as the group coordinator for partition 9 in epoch 0 (kafka.coordinator.group.GroupCoordinator:66)
[2026-03-04 15:48:33,656] INFO [GroupMetadataManager brokerId=0] Finished loading offsets and group metadata from __consumer_offsets-14 in 0 milliseconds for epoch 0, of which 0 milliseconds was spent in the scheduler. (kafka.coordinator.group.GroupMetadataManager:66)
[2026-03-04 15:48:33,656] INFO [GroupMetadataManager brokerId=0] Scheduling loading of offsets and group metadata from __consumer_offsets-9 for epoch 0 (kafka.coordinator.group.GroupMetadataManager:66)
[2026-03-04 15:48:33,656] INFO [GroupMetadataManager brokerId=0] Finished loading offsets and group metadata from __consumer_offsets-17 in 0 milliseconds for epoch 0, of which 0 milliseconds was spent in the scheduler. (kafka.coordinator.group.GroupMetadataManager:66)
[2026-03-04 15:48:33,656] INFO [GroupCoordinator 0]: Elected as the group coordinator for partition 12 in epoch 0 (kafka.coordinator.group.GroupCoordinator:66)
[2026-03-04 15:48:33,656] INFO [GroupMetadataManager brokerId=0] Scheduling loading of offsets and group metadata from __consumer_offsets-12 for epoch 0 (kafka.coordinator.group.GroupMetadataManager:66)
[2026-03-04 15:48:33,656] INFO [GroupMetadataManager brokerId=0] Finished loading offsets and group metadata from __consumer_offsets-20 in 0 milliseconds for epoch 0, of which 0 milliseconds was spent in the scheduler. (kafka.coordinator.group.GroupMetadataManager:66)
[2026-03-04 15:48:33,656] INFO [GroupCoordinator 0]: Elected as the group coordinator for partition 15 in epoch 0 (kafka.coordinator.group.GroupCoordinator:66)
[2026-03-04 15:48:33,656] INFO [GroupMetadataManager brokerId=0] Scheduling loading of offsets and group metadata from __consumer_offsets-15 for epoch 0 (kafka.coordinator.group.GroupMetadataManager:66)
[2026-03-04 15:48:33,656] INFO [GroupMetadataManager brokerId=0] Finished loading offsets and group metadata from __consumer_offsets-23 in 0 milliseconds for epoch 0, of which 0 milliseconds was spent in the scheduler. (kafka.coordinator.group.GroupMetadataManager:66)
[2026-03-04 15:48:33,656] INFO [GroupCoordinator 0]: Elected as the group coordinator for partition 18 in epoch 0 (kafka.coordinator.group.GroupCoordinator:66)
[2026-03-04 15:48:33,656] INFO [GroupMetadataManager brokerId=0] Scheduling loading of offsets and group metadata from __consumer_offsets-18 for epoch 0 (kafka.coordinator.group.GroupMetadataManager:66)
[2026-03-04 15:48:33,656] INFO [GroupCoordinator 0]: Elected as the group coordinator for partition 21 in epoch 0 (kafka.coordinator.group.GroupCoordinator:66)
[2026-03-04 15:48:33,656] INFO [GroupMetadataManager brokerId=0] Scheduling loading of offsets and group metadata from __consumer_offsets-21 for epoch 0 (kafka.coordinator.group.GroupMetadataManager:66)
[2026-03-04 15:48:33,656] INFO [GroupMetadataManager brokerId=0] Finished loading offsets and group metadata from __consumer_offsets-26 in 0 milliseconds for epoch 0, of which 0 milliseconds was spent in the scheduler. (kafka.coordinator.group.GroupMetadataManager:66)
[2026-03-04 15:48:33,656] INFO [GroupCoordinator 0]: Elected as the group coordinator for partition 24 in epoch 0 (kafka.coordinator.group.GroupCoordinator:66)
[2026-03-04 15:48:33,656] INFO [GroupMetadataManager brokerId=0] Scheduling loading of offsets and group metadata from __consumer_offsets-24 for epoch 0 (kafka.coordinator.group.GroupMetadataManager:66)
[2026-03-04 15:48:33,656] INFO [GroupMetadataManager brokerId=0] Finished loading offsets and group metadata from __consumer_offsets-29 in 0 milliseconds for epoch 0, of which 0 milliseconds was spent in the scheduler. (kafka.coordinator.group.GroupMetadataManager:66)
[2026-03-04 15:48:33,656] INFO [GroupCoordinator 0]: Elected as the group coordinator for partition 27 in epoch 0 (kafka.coordinator.group.GroupCoordinator:66)
[2026-03-04 15:48:33,656] INFO [GroupMetadataManager brokerId=0] Scheduling loading of offsets and group metadata from __consumer_offsets-27 for epoch 0 (kafka.coordinator.group.GroupMetadataManager:66)
[2026-03-04 15:48:33,656] INFO [GroupCoordinator 0]: Elected as the group coordinator for partition 30 in epoch 0 (kafka.coordinator.group.GroupCoordinator:66)
[2026-03-04 15:48:33,656] INFO [GroupMetadataManager brokerId=0] Finished loading offsets and group metadata from __consumer_offsets-32 in 0 milliseconds for epoch 0, of which 0 milliseconds was spent in the scheduler. (kafka.coordinator.group.GroupMetadataManager:66)
[2026-03-04 15:48:33,656] INFO [GroupMetadataManager brokerId=0] Scheduling loading of offsets and group metadata from __consumer_offsets-30 for epoch 0 (kafka.coordinator.group.GroupMetadataManager:66)
[2026-03-04 15:48:33,656] INFO [GroupCoordinator 0]: Elected as the group coordinator for partition 33 in epoch 0 (kafka.coordinator.group.GroupCoordinator:66)
[2026-03-04 15:48:33,656] INFO [GroupMetadataManager brokerId=0] Scheduling loading of offsets and group metadata from __consumer_offsets-33 for epoch 0 (kafka.coordinator.group.GroupMetadataManager:66)
[2026-03-04 15:48:33,656] INFO [GroupMetadataManager brokerId=0] Finished loading offsets and group metadata from __consumer_offsets-35 in 0 milliseconds for epoch 0, of which 0 milliseconds was spent in the scheduler. (kafka.coordinator.group.GroupMetadataManager:66)
[2026-03-04 15:48:33,656] INFO [GroupCoordinator 0]: Elected as the group coordinator for partition 36 in epoch 0 (kafka.coordinator.group.GroupCoordinator:66)
[2026-03-04 15:48:33,656] INFO [GroupMetadataManager brokerId=0] Scheduling loading of offsets and group metadata from __consumer_offsets-36 for epoch 0 (kafka.coordinator.group.GroupMetadataManager:66)
[2026-03-04 15:48:33,656] INFO [GroupMetadataManager brokerId=0] Finished loading offsets and group metadata from __consumer_offsets-38 in 0 milliseconds for epoch 0, of which 0 milliseconds was spent in the scheduler. (kafka.coordinator.group.GroupMetadataManager:66)
[2026-03-04 15:48:33,656] INFO [GroupCoordinator 0]: Elected as the group coordinator for partition 39 in epoch 0 (kafka.coordinator.group.GroupCoordinator:66)
[2026-03-04 15:48:33,656] INFO [GroupMetadataManager brokerId=0] Scheduling loading of offsets and group metadata from __consumer_offsets-39 for epoch 0 (kafka.coordinator.group.GroupMetadataManager:66)
[2026-03-04 15:48:33,656] INFO [GroupMetadataManager brokerId=0] Finished loading offsets and group metadata from __consumer_offsets-0 in 0 milliseconds for epoch 0, of which 0 milliseconds was spent in the scheduler. (kafka.coordinator.group.GroupMetadataManager:66)
[2026-03-04 15:48:33,656] INFO [GroupCoordinator 0]: Elected as the group coordinator for partition 42 in epoch 0 (kafka.coordinator.group.GroupCoordinator:66)
[2026-03-04 15:48:33,656] INFO [GroupMetadataManager brokerId=0] Scheduling loading of offsets and group metadata from __consumer_offsets-42 for epoch 0 (kafka.coordinator.group.GroupMetadataManager:66)
[2026-03-04 15:48:33,656] INFO [GroupMetadataManager brokerId=0] Finished loading offsets and group metadata from __consumer_offsets-3 in 0 milliseconds for epoch 0, of which 0 milliseconds was spent in the scheduler. (kafka.coordinator.group.GroupMetadataManager:66)
[2026-03-04 15:48:33,656] INFO [GroupCoordinator 0]: Elected as the group coordinator for partition 45 in epoch 0 (kafka.coordinator.group.GroupCoordinator:66)
[2026-03-04 15:48:33,656] INFO [GroupMetadataManager brokerId=0] Scheduling loading of offsets and group metadata from __consumer_offsets-45 for epoch 0 (kafka.coordinator.group.GroupMetadataManager:66)
[2026-03-04 15:48:33,656] INFO [GroupMetadataManager brokerId=0] Finished loading offsets and group metadata from __consumer_offsets-6 in 0 milliseconds for epoch 0, of which 0 milliseconds was spent in the scheduler. (kafka.coordinator.group.GroupMetadataManager:66)
[2026-03-04 15:48:33,656] INFO [GroupCoordinator 0]: Elected as the group coordinator for partition 48 in epoch 0 (kafka.coordinator.group.GroupCoordinator:66)
[2026-03-04 15:48:33,656] INFO [GroupMetadataManager brokerId=0] Scheduling loading of offsets and group metadata from __consumer_offsets-48 for epoch 0 (kafka.coordinator.group.GroupMetadataManager:66)
[2026-03-04 15:48:33,656] INFO [GroupMetadataManager brokerId=0] Finished loading offsets and group metadata from __consumer_offsets-9 in 0 milliseconds for epoch 0, of which 0 milliseconds was spent in the scheduler. (kafka.coordinator.group.GroupMetadataManager:66)
[2026-03-04 15:48:33,656] INFO [GroupMetadataManager brokerId=0] Finished loading offsets and group metadata from __consumer_offsets-12 in 0 milliseconds for epoch 0, of which 0 milliseconds was spent in the scheduler. (kafka.coordinator.group.GroupMetadataManager:66)
[2026-03-04 15:48:33,656] INFO [GroupMetadataManager brokerId=0] Finished loading offsets and group metadata from __consumer_offsets-15 in 0 milliseconds for epoch 0, of which 0 milliseconds was spent in the scheduler. (kafka.coordinator.group.GroupMetadataManager:66)
[2026-03-04 15:48:33,656] INFO [GroupMetadataManager brokerId=0] Finished loading offsets and group metadata from __consumer_offsets-18 in 0 milliseconds for epoch 0, of which 0 milliseconds was spent in the scheduler. (kafka.coordinator.group.GroupMetadataManager:66)
[2026-03-04 15:48:33,656] INFO [GroupMetadataManager brokerId=0] Finished loading offsets and group metadata from __consumer_offsets-21 in 0 milliseconds for epoch 0, of which 0 milliseconds was spent in the scheduler. (kafka.coordinator.group.GroupMetadataManager:66)
[2026-03-04 15:48:33,656] INFO [GroupMetadataManager brokerId=0] Finished loading offsets and group metadata from __consumer_offsets-24 in 0 milliseconds for epoch 0, of which 0 milliseconds was spent in the scheduler. (kafka.coordinator.group.GroupMetadataManager:66)
[2026-03-04 15:48:33,656] INFO [GroupMetadataManager brokerId=0] Finished loading offsets and group metadata from __consumer_offsets-27 in 0 milliseconds for epoch 0, of which 0 milliseconds was spent in the scheduler. (kafka.coordinator.group.GroupMetadataManager:66)
[2026-03-04 15:48:33,656] INFO [GroupMetadataManager brokerId=0] Finished loading offsets and group metadata from __consumer_offsets-30 in 0 milliseconds for epoch 0, of which 0 milliseconds was spent in the scheduler. (kafka.coordinator.group.GroupMetadataManager:66)
[2026-03-04 15:48:33,656] INFO [GroupMetadataManager brokerId=0] Finished loading offsets and group metadata from __consumer_offsets-33 in 0 milliseconds for epoch 0, of which 0 milliseconds was spent in the scheduler. (kafka.coordinator.group.GroupMetadataManager:66)
[2026-03-04 15:48:33,656] INFO [GroupMetadataManager brokerId=0] Finished loading offsets and group metadata from __consumer_offsets-36 in 0 milliseconds for epoch 0, of which 0 milliseconds was spent in the scheduler. (kafka.coordinator.group.GroupMetadataManager:66)
[2026-03-04 15:48:33,656] INFO [GroupMetadataManager brokerId=0] Finished loading offsets and group metadata from __consumer_offsets-39 in 0 milliseconds for epoch 0, of which 0 milliseconds was spent in the scheduler. (kafka.coordinator.group.GroupMetadataManager:66)
[2026-03-04 15:48:33,656] INFO [Broker id=0] Finished LeaderAndIsr request in 29ms correlationId 7 from controller 0 for 50 partitions (state.change.logger:66)
[2026-03-04 15:48:33,656] INFO [GroupMetadataManager brokerId=0] Finished loading offsets and group metadata from __consumer_offsets-42 in 0 milliseconds for epoch 0, of which 0 milliseconds was spent in the scheduler. (kafka.coordinator.group.GroupMetadataManager:66)
[2026-03-04 15:48:33,656] INFO [GroupMetadataManager brokerId=0] Finished loading offsets and group metadata from __consumer_offsets-45 in 0 milliseconds for epoch 0, of which 0 milliseconds was spent in the scheduler. (kafka.coordinator.group.GroupMetadataManager:66)
[2026-03-04 15:48:33,656] INFO [GroupMetadataManager brokerId=0] Finished loading offsets and group metadata from __consumer_offsets-48 in 0 milliseconds for epoch 0, of which 0 milliseconds was spent in the scheduler. (kafka.coordinator.group.GroupMetadataManager:66)
[2026-03-04 15:48:33,657] INFO [Broker id=0] Add 50 partitions and deleted 0 partitions from metadata cache in response to UpdateMetadata request sent by controller 0 epoch 1 with correlation id 8 (state.change.logger:66)
[2026-03-04 15:48:33,732] INFO [Worker clientId=connect-localhost:33759, groupId=connect-integration-test-kcbq-connect-cluster] Discovered group coordinator localhost:39731 (id: 2147483647 rack: null) (org.apache.kafka.connect.runtime.distributed.WorkerCoordinator:936)
[2026-03-04 15:48:33,732] INFO [Worker clientId=connect-localhost:33759, groupId=connect-integration-test-kcbq-connect-cluster] Rebalance started (org.apache.kafka.connect.runtime.distributed.WorkerCoordinator:242)
[2026-03-04 15:48:33,732] INFO [Worker clientId=connect-localhost:33759, groupId=connect-integration-test-kcbq-connect-cluster] (Re-)joining group (org.apache.kafka.connect.runtime.distributed.WorkerCoordinator:604)
[2026-03-04 15:48:33,733] INFO [GroupCoordinator 0]: Dynamic member with unknown member id joins group connect-integration-test-kcbq-connect-cluster in Empty state. Created a new member id connect-localhost:33759-f5efe789-4715-4c19-9f9a-f8a0f9c6b29c and request the member to rejoin with this id. (kafka.coordinator.group.GroupCoordinator:66)
[2026-03-04 15:48:33,733] INFO [Worker clientId=connect-localhost:33759, groupId=connect-integration-test-kcbq-connect-cluster] (Re-)joining group (org.apache.kafka.connect.runtime.distributed.WorkerCoordinator:604)
[2026-03-04 15:48:33,733] INFO [GroupCoordinator 0]: Preparing to rebalance group connect-integration-test-kcbq-connect-cluster in state PreparingRebalance with old generation 0 (__consumer_offsets-42) (reason: Adding new member connect-localhost:33759-f5efe789-4715-4c19-9f9a-f8a0f9c6b29c with group instance id None; client reason: ) (kafka.coordinator.group.GroupCoordinator:66)
[2026-03-04 15:48:33,733] INFO [GroupCoordinator 0]: Stabilized group connect-integration-test-kcbq-connect-cluster generation 1 (__consumer_offsets-42) with 1 members (kafka.coordinator.group.GroupCoordinator:66)
[2026-03-04 15:48:33,733] INFO [Worker clientId=connect-localhost:33759, groupId=connect-integration-test-kcbq-connect-cluster] Successfully joined group with generation Generation{generationId=1, memberId='connect-localhost:33759-f5efe789-4715-4c19-9f9a-f8a0f9c6b29c', protocol='sessioned'} (org.apache.kafka.connect.runtime.distributed.WorkerCoordinator:665)
[2026-03-04 15:48:33,734] INFO [GroupCoordinator 0]: Assignment received from leader connect-localhost:33759-f5efe789-4715-4c19-9f9a-f8a0f9c6b29c for group connect-integration-test-kcbq-connect-cluster for generation 1. The group has 1 members, 0 of which are static. (kafka.coordinator.group.GroupCoordinator:66)
[2026-03-04 15:48:33,734] INFO [Worker clientId=connect-localhost:33759, groupId=connect-integration-test-kcbq-connect-cluster] Successfully synced group in generation Generation{generationId=1, memberId='connect-localhost:33759-f5efe789-4715-4c19-9f9a-f8a0f9c6b29c', protocol='sessioned'} (org.apache.kafka.connect.runtime.distributed.WorkerCoordinator:842)
[2026-03-04 15:48:33,734] INFO [Worker clientId=connect-localhost:33759, groupId=connect-integration-test-kcbq-connect-cluster] Joined group at generation 1 with protocol version 2 and got assignment: Assignment{error=0, leader='connect-localhost:33759-f5efe789-4715-4c19-9f9a-f8a0f9c6b29c', leaderUrl='http://localhost:33759/', offset=-1, connectorIds=[], taskIds=[], revokedConnectorIds=[], revokedTaskIds=[], delay=0} with rebalance delay: 0 (org.apache.kafka.connect.runtime.distributed.DistributedHerder:2621)
[2026-03-04 15:48:33,734] INFO [Worker clientId=connect-localhost:33759, groupId=connect-integration-test-kcbq-connect-cluster] Starting connectors and tasks using config offset -1 (org.apache.kafka.connect.runtime.distributed.DistributedHerder:1959)
[2026-03-04 15:48:33,734] INFO [Worker clientId=connect-localhost:33759, groupId=connect-integration-test-kcbq-connect-cluster] Finished starting connectors and tasks (org.apache.kafka.connect.runtime.distributed.DistributedHerder:1988)
[2026-03-04 15:48:33,736] INFO [Worker clientId=connect-localhost:33759, groupId=connect-integration-test-kcbq-connect-cluster] Session key updated (org.apache.kafka.connect.runtime.distributed.DistributedHerder:2483)
[2026-03-04 15:48:33,739] INFO 127.0.0.1 - - [04/Mar/2026:10:18:33 +0000] "GET /connectors/liveness-check HTTP/1.1" 404 65 "-" "Jetty/9.4.56.v20240826" 149 (org.apache.kafka.connect.runtime.rest.RestServer:62)
[2026-03-04 15:48:33,739] INFO GET response for URL=http://localhost:33759/connectors/liveness-check is {"error_code":404,"message":"Connector liveness-check not found"} (org.apache.kafka.connect.util.clusters.EmbeddedConnect:1016)
[2026-03-04 15:48:33,739] INFO Completed startup of 1 Connect workers (org.apache.kafka.connect.util.clusters.EmbeddedConnect:152)
[2026-03-04 15:48:33,739] INFO AdminClientConfig values: 
	auto.include.jmx.reporter = true
	bootstrap.controllers = []
	bootstrap.servers = [localhost:39731]
	client.dns.lookup = use_all_dns_ips
	client.id = 
	connections.max.idle.ms = 300000
	default.api.timeout.ms = 60000
	enable.metrics.push = true
	metadata.max.age.ms = 300000
	metadata.recovery.strategy = none
	metric.reporters = []
	metrics.num.samples = 2
	metrics.recording.level = INFO
	metrics.sample.window.ms = 30000
	receive.buffer.bytes = 65536
	reconnect.backoff.max.ms = 1000
	reconnect.backoff.ms = 50
	request.timeout.ms = 30000
	retries = 2147483647
	retry.backoff.max.ms = 1000
	retry.backoff.ms = 100
	sasl.client.callback.handler.class = null
	sasl.jaas.config = null
	sasl.kerberos.kinit.cmd = /usr/bin/kinit
	sasl.kerberos.min.time.before.relogin = 60000
	sasl.kerberos.service.name = null
	sasl.kerberos.ticket.renew.jitter = 0.05
	sasl.kerberos.ticket.renew.window.factor = 0.8
	sasl.login.callback.handler.class = null
	sasl.login.class = null
	sasl.login.connect.timeout.ms = null
	sasl.login.read.timeout.ms = null
	sasl.login.refresh.buffer.seconds = 300
	sasl.login.refresh.min.period.seconds = 60
	sasl.login.refresh.window.factor = 0.8
	sasl.login.refresh.window.jitter = 0.05
	sasl.login.retry.backoff.max.ms = 10000
	sasl.login.retry.backoff.ms = 100
	sasl.mechanism = GSSAPI
	sasl.oauthbearer.clock.skew.seconds = 30
	sasl.oauthbearer.expected.audience = null
	sasl.oauthbearer.expected.issuer = null
	sasl.oauthbearer.jwks.endpoint.refresh.ms = 3600000
	sasl.oauthbearer.jwks.endpoint.retry.backoff.max.ms = 10000
	sasl.oauthbearer.jwks.endpoint.retry.backoff.ms = 100
	sasl.oauthbearer.jwks.endpoint.url = null
	sasl.oauthbearer.scope.claim.name = scope
	sasl.oauthbearer.sub.claim.name = sub
	sasl.oauthbearer.token.endpoint.url = null
	security.protocol = PLAINTEXT
	security.providers = null
	send.buffer.bytes = 131072
	socket.connection.setup.timeout.max.ms = 30000
	socket.connection.setup.timeout.ms = 10000
	ssl.cipher.suites = null
	ssl.enabled.protocols = [TLSv1.2, TLSv1.3]
	ssl.endpoint.identification.algorithm = https
	ssl.engine.factory.class = null
	ssl.key.password = null
	ssl.keymanager.algorithm = SunX509
	ssl.keystore.certificate.chain = null
	ssl.keystore.key = null
	ssl.keystore.location = null
	ssl.keystore.password = null
	ssl.keystore.type = JKS
	ssl.protocol = TLSv1.3
	ssl.provider = null
	ssl.secure.random.implementation = null
	ssl.trustmanager.algorithm = PKIX
	ssl.truststore.certificates = null
	ssl.truststore.location = null
	ssl.truststore.password = null
	ssl.truststore.type = JKS
 (org.apache.kafka.clients.admin.AdminClientConfig:372)
[2026-03-04 15:48:33,739] INFO Kafka version: 3.8.1 (org.apache.kafka.common.utils.AppInfoParser:124)
[2026-03-04 15:48:33,739] INFO Kafka commitId: 70d6ff42debf7e17 (org.apache.kafka.common.utils.AppInfoParser:125)
[2026-03-04 15:48:33,739] INFO Kafka startTimeMs: 1772619513739 (org.apache.kafka.common.utils.AppInfoParser:126)
[2026-03-04 15:48:33,740] DEBUG Attempting to open file /home/killua/Downloads/gen-lang-client-0026556124-a7c58e438363.json for service account json key (com.wepay.kafka.connect.bigquery.GcpClientBuilder:147)
[2026-03-04 15:48:33,740] INFO SchemaRegistryConfig values: 
	access.control.allow.headers = 
	access.control.allow.methods = 
	access.control.allow.origin = 
	access.control.expose.headers = 
	access.control.skip.options = true
	authentication.method = NONE
	authentication.realm = 
	authentication.roles = [*]
	authentication.skip.paths = []
	avro.compatibility.level = 
	compression.enable = true
	connector.connection.limit = 0
	context.search.default.limit = 2147483647
	context.search.max.limit = 2147483647
	csrf.prevention.enable = false
	csrf.prevention.token.endpoint = /csrf
	csrf.prevention.token.expiration.minutes = 30
	csrf.prevention.token.max.entries = 10000
	debug = false
	dos.filter.delay.ms = 100
	dos.filter.enabled = false
	dos.filter.insert.headers = true
	dos.filter.ip.whitelist = []
	dos.filter.managed.attr = false
	dos.filter.max.idle.tracker.ms = 30000
	dos.filter.max.requests.ms = 30000
	dos.filter.max.requests.per.connection.per.sec = 25
	dos.filter.max.requests.per.sec = 25
	dos.filter.max.wait.ms = 50
	dos.filter.throttle.ms = 30000
	dos.filter.throttled.requests = 5
	enable.fips = false
	enable.store.health.check = false
	host.name = hinata-waifu
	host.port = 8081
	hsts.header.enable = false
	http2.enabled = true
	idle.timeout.ms = 30000
	init.resource.extension.class = []
	inter.instance.headers.whitelist = []
	inter.instance.listener.name = 
	inter.instance.protocol = http
	kafkagroup.heartbeat.interval.ms = 3000
	kafkagroup.rebalance.timeout.ms = 300000
	kafkagroup.session.timeout.ms = 10000
	kafkastore.bootstrap.servers = [localhost:39731]
	kafkastore.checkpoint.dir = /tmp
	kafkastore.checkpoint.version = 0
	kafkastore.connection.url = 
	kafkastore.group.id = 
	kafkastore.init.timeout.ms = 60000
	kafkastore.init.wait.for.reader = true
	kafkastore.sasl.kerberos.kinit.cmd = /usr/bin/kinit
	kafkastore.sasl.kerberos.min.time.before.relogin = 60000
	kafkastore.sasl.kerberos.service.name = 
	kafkastore.sasl.kerberos.ticket.renew.jitter = 0.05
	kafkastore.sasl.kerberos.ticket.renew.window.factor = 0.8
	kafkastore.sasl.mechanism = GSSAPI
	kafkastore.security.protocol = PLAINTEXT
	kafkastore.ssl.cipher.suites = 
	kafkastore.ssl.enabled.protocols = TLSv1.2,TLSv1.1,TLSv1
	kafkastore.ssl.endpoint.identification.algorithm = 
	kafkastore.ssl.key.password = [hidden]
	kafkastore.ssl.keymanager.algorithm = SunX509
	kafkastore.ssl.keystore.location = 
	kafkastore.ssl.keystore.password = [hidden]
	kafkastore.ssl.keystore.type = JKS
	kafkastore.ssl.protocol = TLS
	kafkastore.ssl.provider = 
	kafkastore.ssl.trustmanager.algorithm = PKIX
	kafkastore.ssl.truststore.location = 
	kafkastore.ssl.truststore.password = [hidden]
	kafkastore.ssl.truststore.type = JKS
	kafkastore.timeout.ms = 500
	kafkastore.topic = _schemas
	kafkastore.topic.replication.factor = 3
	kafkastore.topic.skip.validation = false
	kafkastore.update.handlers = []
	kafkastore.write.max.retries = 5
	leader.connect.timeout.ms = 60000
	leader.election.delay = false
	leader.election.sticky = false
	leader.eligibility = true
	leader.read.timeout.ms = 60000
	listener.protocol.map = []
	listeners = []
	master.eligibility = null
	max.request.header.size = 8192
	max.response.header.size = 8192
	metadata.encoder.old.secret = null
	metadata.encoder.secret = null
	metadata.encoder.topic = _schema_encoders
	metric.reporters = []
	metrics.global.stats.request.tags.enable = false
	metrics.jmx.prefix = kafka.schema.registry
	metrics.latency.sla.ms = 50
	metrics.latency.slo.ms = 5
	metrics.latency.slo.sla.enable = false
	metrics.num.samples = 2
	metrics.sample.window.ms = 30000
	metrics.tag.map = []
	mode.mutability = true
	network.forwarded.request.customizer.enable = false
	network.traffic.rate.limit.backend = guava
	network.traffic.rate.limit.bytes.per.sec = 20971520
	network.traffic.rate.limit.enable = false
	nosniff.prevention.enable = false
	port = 38197
	prefix.sni.check.enabled = false
	prefix.sni.prefix = 
	proxy.protocol.enabled = false
	reject.options.request = false
	request.logger.name = io.confluent.rest-utils.requests
	request.queue.capacity = 2147483647
	request.queue.capacity.growby = 64
	request.queue.capacity.init = 128
	resource.extension.class = []
	resource.extension.classes = []
	resource.static.locations = []
	response.http.headers.config = 
	response.mediatype.default = application/vnd.schemaregistry.v1+json
	response.mediatype.preferred = [application/vnd.schemaregistry.v1+json, application/vnd.schemaregistry+json, application/json]
	rest.servlet.initializor.classes = []
	schema.cache.expiry.secs = 300
	schema.cache.size = 1000
	schema.canonicalize.on.consume = []
	schema.compatibility.level = NONE
	schema.providers = []
	schema.registry.group.id = schema-registry
	schema.registry.inter.instance.protocol = 
	schema.registry.resource.extension.class = []
	schema.search.default.limit = 1000
	schema.search.max.limit = 1000
	schema.validate.fields = false
	server.connection.limit = 0
	shutdown.graceful.ms = 1000
	sni.check.enabled = false
	sni.host.check.enabled = true
	ssl.cipher.suites = []
	ssl.client.auth = false
	ssl.client.authentication = NONE
	ssl.enabled.protocols = []
	ssl.endpoint.identification.algorithm = null
	ssl.key.password = [hidden]
	ssl.keymanager.algorithm = 
	ssl.keystore.location = 
	ssl.keystore.password = [hidden]
	ssl.keystore.reload = false
	ssl.keystore.type = JKS
	ssl.keystore.watch.location = 
	ssl.protocol = TLS
	ssl.provider = 
	ssl.spire.enabled = false
	ssl.trustmanager.algorithm = 
	ssl.truststore.location = 
	ssl.truststore.password = [hidden]
	ssl.truststore.type = JKS
	subject.search.default.limit = 2147483647
	subject.search.max.limit = 2147483647
	subject.version.search.default.limit = 2147483647
	subject.version.search.max.limit = 2147483647
	suppress.stack.trace.response = true
	thread.pool.max = 200
	thread.pool.min = 8
	websocket.path.prefix = /ws
	websocket.servlet.initializor.classes = []
 (io.confluent.kafka.schemaregistry.rest.SchemaRegistryConfig:372)
[2026-03-04 15:48:33,741] INFO Initial capacity 128, increased by 64, maximum capacity 2147483647. (io.confluent.rest.ApplicationServer:516)
[2026-03-04 15:48:33,742] INFO Adding listener with HTTP/2: NamedURI{uri=http://0.0.0.0:38197, name='null'} (io.confluent.rest.ApplicationServer:383)
[2026-03-04 15:48:33,742] INFO Registered MetricsListener to network connector null of listener: null (io.confluent.rest.ApplicationServer:171)
[2026-03-04 15:48:33,743] INFO Found internal listener: NamedURI{uri=http://0.0.0.0:38197, name='null'} (io.confluent.kafka.schemaregistry.storage.KafkaSchemaRegistry:207)
[2026-03-04 15:48:33,743] INFO Setting my identity to version=1,host=hinata-waifu,port=38197,scheme=http,leaderEligibility=true,isLeader=false (io.confluent.kafka.schemaregistry.storage.KafkaSchemaRegistry:210)
[2026-03-04 15:48:33,743] INFO AdminClientConfig values: 
	auto.include.jmx.reporter = true
	bootstrap.controllers = []
	bootstrap.servers = [PLAINTEXT://localhost:39731]
	client.dns.lookup = use_all_dns_ips
	client.id = 
	connections.max.idle.ms = 300000
	default.api.timeout.ms = 60000
	enable.metrics.push = true
	metadata.max.age.ms = 300000
	metadata.recovery.strategy = none
	metric.reporters = []
	metrics.num.samples = 2
	metrics.recording.level = INFO
	metrics.sample.window.ms = 30000
	receive.buffer.bytes = 65536
	reconnect.backoff.max.ms = 1000
	reconnect.backoff.ms = 50
	request.timeout.ms = 30000
	retries = 2147483647
	retry.backoff.max.ms = 1000
	retry.backoff.ms = 100
	sasl.client.callback.handler.class = null
	sasl.jaas.config = null
	sasl.kerberos.kinit.cmd = /usr/bin/kinit
	sasl.kerberos.min.time.before.relogin = 60000
	sasl.kerberos.service.name = null
	sasl.kerberos.ticket.renew.jitter = 0.05
	sasl.kerberos.ticket.renew.window.factor = 0.8
	sasl.login.callback.handler.class = null
	sasl.login.class = null
	sasl.login.connect.timeout.ms = null
	sasl.login.read.timeout.ms = null
	sasl.login.refresh.buffer.seconds = 300
	sasl.login.refresh.min.period.seconds = 60
	sasl.login.refresh.window.factor = 0.8
	sasl.login.refresh.window.jitter = 0.05
	sasl.login.retry.backoff.max.ms = 10000
	sasl.login.retry.backoff.ms = 100
	sasl.mechanism = GSSAPI
	sasl.oauthbearer.clock.skew.seconds = 30
	sasl.oauthbearer.expected.audience = null
	sasl.oauthbearer.expected.issuer = null
	sasl.oauthbearer.jwks.endpoint.refresh.ms = 3600000
	sasl.oauthbearer.jwks.endpoint.retry.backoff.max.ms = 10000
	sasl.oauthbearer.jwks.endpoint.retry.backoff.ms = 100
	sasl.oauthbearer.jwks.endpoint.url = null
	sasl.oauthbearer.scope.claim.name = scope
	sasl.oauthbearer.sub.claim.name = sub
	sasl.oauthbearer.token.endpoint.url = null
	security.protocol = PLAINTEXT
	security.providers = null
	send.buffer.bytes = 131072
	socket.connection.setup.timeout.max.ms = 30000
	socket.connection.setup.timeout.ms = 10000
	ssl.cipher.suites = null
	ssl.enabled.protocols = [TLSv1.2, TLSv1.3]
	ssl.endpoint.identification.algorithm = https
	ssl.engine.factory.class = null
	ssl.key.password = null
	ssl.keymanager.algorithm = SunX509
	ssl.keystore.certificate.chain = null
	ssl.keystore.key = null
	ssl.keystore.location = null
	ssl.keystore.password = null
	ssl.keystore.type = JKS
	ssl.protocol = TLSv1.3
	ssl.provider = null
	ssl.secure.random.implementation = null
	ssl.trustmanager.algorithm = PKIX
	ssl.truststore.certificates = null
	ssl.truststore.location = null
	ssl.truststore.password = null
	ssl.truststore.type = JKS
 (org.apache.kafka.clients.admin.AdminClientConfig:372)
[2026-03-04 15:48:33,743] INFO These configurations '[topic]' were supplied but are not used yet. (org.apache.kafka.clients.admin.AdminClientConfig:381)
[2026-03-04 15:48:33,743] INFO Kafka version: 3.8.1 (org.apache.kafka.common.utils.AppInfoParser:124)
[2026-03-04 15:48:33,743] INFO Kafka commitId: 70d6ff42debf7e17 (org.apache.kafka.common.utils.AppInfoParser:125)
[2026-03-04 15:48:33,743] INFO Kafka startTimeMs: 1772619513743 (org.apache.kafka.common.utils.AppInfoParser:126)
[2026-03-04 15:48:33,744] INFO App info kafka.admin.client for adminclient-13 unregistered (org.apache.kafka.common.utils.AppInfoParser:88)
[2026-03-04 15:48:33,744] INFO Metrics scheduler closed (org.apache.kafka.common.metrics.Metrics:684)
[2026-03-04 15:48:33,744] INFO Closing reporter org.apache.kafka.common.metrics.JmxReporter (org.apache.kafka.common.metrics.Metrics:688)
[2026-03-04 15:48:33,744] INFO Metrics reporters closed (org.apache.kafka.common.metrics.Metrics:694)
[2026-03-04 15:48:33,744] INFO Registering schema provider for AVRO: io.confluent.kafka.schemaregistry.avro.AvroSchemaProvider (io.confluent.kafka.schemaregistry.storage.KafkaSchemaRegistry:308)
[2026-03-04 15:48:33,744] INFO Registering schema provider for JSON: io.confluent.kafka.schemaregistry.json.JsonSchemaProvider (io.confluent.kafka.schemaregistry.storage.KafkaSchemaRegistry:308)
[2026-03-04 15:48:33,744] INFO Registering schema provider for PROTOBUF: io.confluent.kafka.schemaregistry.protobuf.ProtobufSchemaProvider (io.confluent.kafka.schemaregistry.storage.KafkaSchemaRegistry:308)
[2026-03-04 15:48:33,745] INFO Initializing KafkaStore with broker endpoints: PLAINTEXT://localhost:39731 (io.confluent.kafka.schemaregistry.storage.KafkaStore:114)
[2026-03-04 15:48:33,745] WARN No value specified for metadata.encoder.secret, sensitive metadata will not be encoded (io.confluent.kafka.schemaregistry.storage.encoder.MetadataEncoderService:94)
[2026-03-04 15:48:33,745] INFO AdminClientConfig values: 
	auto.include.jmx.reporter = true
	bootstrap.controllers = []
	bootstrap.servers = [PLAINTEXT://localhost:39731]
	client.dns.lookup = use_all_dns_ips
	client.id = 
	connections.max.idle.ms = 300000
	default.api.timeout.ms = 60000
	enable.metrics.push = true
	metadata.max.age.ms = 300000
	metadata.recovery.strategy = none
	metric.reporters = []
	metrics.num.samples = 2
	metrics.recording.level = INFO
	metrics.sample.window.ms = 30000
	receive.buffer.bytes = 65536
	reconnect.backoff.max.ms = 1000
	reconnect.backoff.ms = 50
	request.timeout.ms = 30000
	retries = 2147483647
	retry.backoff.max.ms = 1000
	retry.backoff.ms = 100
	sasl.client.callback.handler.class = null
	sasl.jaas.config = null
	sasl.kerberos.kinit.cmd = /usr/bin/kinit
	sasl.kerberos.min.time.before.relogin = 60000
	sasl.kerberos.service.name = null
	sasl.kerberos.ticket.renew.jitter = 0.05
	sasl.kerberos.ticket.renew.window.factor = 0.8
	sasl.login.callback.handler.class = null
	sasl.login.class = null
	sasl.login.connect.timeout.ms = null
	sasl.login.read.timeout.ms = null
	sasl.login.refresh.buffer.seconds = 300
	sasl.login.refresh.min.period.seconds = 60
	sasl.login.refresh.window.factor = 0.8
	sasl.login.refresh.window.jitter = 0.05
	sasl.login.retry.backoff.max.ms = 10000
	sasl.login.retry.backoff.ms = 100
	sasl.mechanism = GSSAPI
	sasl.oauthbearer.clock.skew.seconds = 30
	sasl.oauthbearer.expected.audience = null
	sasl.oauthbearer.expected.issuer = null
	sasl.oauthbearer.jwks.endpoint.refresh.ms = 3600000
	sasl.oauthbearer.jwks.endpoint.retry.backoff.max.ms = 10000
	sasl.oauthbearer.jwks.endpoint.retry.backoff.ms = 100
	sasl.oauthbearer.jwks.endpoint.url = null
	sasl.oauthbearer.scope.claim.name = scope
	sasl.oauthbearer.sub.claim.name = sub
	sasl.oauthbearer.token.endpoint.url = null
	security.protocol = PLAINTEXT
	security.providers = null
	send.buffer.bytes = 131072
	socket.connection.setup.timeout.max.ms = 30000
	socket.connection.setup.timeout.ms = 10000
	ssl.cipher.suites = null
	ssl.enabled.protocols = [TLSv1.2, TLSv1.3]
	ssl.endpoint.identification.algorithm = https
	ssl.engine.factory.class = null
	ssl.key.password = null
	ssl.keymanager.algorithm = SunX509
	ssl.keystore.certificate.chain = null
	ssl.keystore.key = null
	ssl.keystore.location = null
	ssl.keystore.password = null
	ssl.keystore.type = JKS
	ssl.protocol = TLSv1.3
	ssl.provider = null
	ssl.secure.random.implementation = null
	ssl.trustmanager.algorithm = PKIX
	ssl.truststore.certificates = null
	ssl.truststore.location = null
	ssl.truststore.password = null
	ssl.truststore.type = JKS
 (org.apache.kafka.clients.admin.AdminClientConfig:372)
[2026-03-04 15:48:33,745] INFO These configurations '[topic]' were supplied but are not used yet. (org.apache.kafka.clients.admin.AdminClientConfig:381)
[2026-03-04 15:48:33,745] INFO Kafka version: 3.8.1 (org.apache.kafka.common.utils.AppInfoParser:124)
[2026-03-04 15:48:33,745] INFO Kafka commitId: 70d6ff42debf7e17 (org.apache.kafka.common.utils.AppInfoParser:125)
[2026-03-04 15:48:33,745] INFO Kafka startTimeMs: 1772619513745 (org.apache.kafka.common.utils.AppInfoParser:126)
[2026-03-04 15:48:33,746] INFO Creating schemas topic _schemas (io.confluent.kafka.schemaregistry.storage.KafkaStore:210)
[2026-03-04 15:48:33,746] WARN Creating the schema topic _schemas using a replication factor of 1, which is less than the desired one of 3. If this is a production environment, it's crucial to add more brokers and increase the replication factor of the topic. (io.confluent.kafka.schemaregistry.storage.KafkaStore:220)
[2026-03-04 15:48:33,747] INFO Creating topic _schemas with configuration {cleanup.policy=compact} and initial partition assignment Map(0 -> ArrayBuffer(0)) (kafka.zk.AdminZkClient:66)
[2026-03-04 15:48:33,748] INFO [Controller id=0] New topics: [Set(_schemas)], deleted topics: [Set()], new partition replica assignment [Set(TopicIdReplicaAssignment(_schemas,Some(4moZt0NjRhGm-2W1PcKsEA),Map(_schemas-0 -> ReplicaAssignment(replicas=0, addingReplicas=, removingReplicas=))))] (kafka.controller.KafkaController:66)
[2026-03-04 15:48:33,748] INFO [Controller id=0] New partition creation callback for _schemas-0 (kafka.controller.KafkaController:66)
[2026-03-04 15:48:33,748] INFO [Controller id=0 epoch=1] Changed partition _schemas-0 state from NonExistentPartition to NewPartition with assigned replicas 0 (state.change.logger:66)
[2026-03-04 15:48:33,748] INFO [Controller id=0 epoch=1] Sending UpdateMetadata request to brokers Set() for 0 partitions (state.change.logger:66)
[2026-03-04 15:48:33,748] INFO [Controller id=0 epoch=1] Sending UpdateMetadata request to brokers Set() for 0 partitions (state.change.logger:66)
[2026-03-04 15:48:33,749] INFO [Controller id=0 epoch=1] Changed partition _schemas-0 from NewPartition to OnlinePartition with state LeaderAndIsr(leader=0, leaderEpoch=0, isrWithBrokerEpoch=List(BrokerState(brokerId=0, brokerEpoch=-1)), leaderRecoveryState=RECOVERED, partitionEpoch=0) (state.change.logger:66)
[2026-03-04 15:48:33,749] INFO [Controller id=0 epoch=1] Sending LeaderAndIsr request to broker 0 with 1 become-leader and 0 become-follower partitions (state.change.logger:66)
[2026-03-04 15:48:33,749] INFO [Controller id=0 epoch=1] Sending UpdateMetadata request to brokers Set(0) for 1 partitions (state.change.logger:66)
[2026-03-04 15:48:33,749] INFO [Controller id=0 epoch=1] Sending UpdateMetadata request to brokers Set() for 0 partitions (state.change.logger:66)
[2026-03-04 15:48:33,749] INFO [Broker id=0] Handling LeaderAndIsr request correlationId 9 from controller 0 for 1 partitions (state.change.logger:66)
[2026-03-04 15:48:33,749] INFO [ReplicaFetcherManager on broker 0] Removed fetcher for partitions Set(_schemas-0) (kafka.server.ReplicaFetcherManager:66)
[2026-03-04 15:48:33,749] INFO [Broker id=0] Stopped fetchers as part of LeaderAndIsr request correlationId 9 from controller 0 epoch 1 as part of the become-leader transition for 1 partitions (state.change.logger:66)
[2026-03-04 15:48:33,750] INFO [LogLoader partition=_schemas-0, dir=/tmp/EmbeddedKafkaCluster3024498146076714957] Loading producer state till offset 0 with message format version 2 (kafka.log.UnifiedLog$:1937)
[2026-03-04 15:48:33,750] INFO Created log for partition _schemas-0 in /tmp/EmbeddedKafkaCluster3024498146076714957/_schemas-0 with properties {cleanup.policy=compact} (kafka.log.LogManager:66)
[2026-03-04 15:48:33,750] INFO [Partition _schemas-0 broker=0] No checkpointed highwatermark is found for partition _schemas-0 (kafka.cluster.Partition:66)
[2026-03-04 15:48:33,750] INFO [Partition _schemas-0 broker=0] Log loaded for partition _schemas-0 with initial high watermark 0 (kafka.cluster.Partition:66)
[2026-03-04 15:48:33,750] INFO [Broker id=0] Leader _schemas-0 with topic id Some(4moZt0NjRhGm-2W1PcKsEA) starts at leader epoch 0 from offset 0 with partition epoch 0, high watermark 0, ISR [0], adding replicas [] and removing replicas [] . Previous leader None and previous leader epoch was -1. (state.change.logger:66)
[2026-03-04 15:48:33,750] INFO [Broker id=0] Finished LeaderAndIsr request in 1ms correlationId 9 from controller 0 for 1 partitions (state.change.logger:66)
[2026-03-04 15:48:33,750] INFO [Broker id=0] Add 1 partitions and deleted 0 partitions from metadata cache in response to UpdateMetadata request sent by controller 0 epoch 1 with correlation id 10 (state.change.logger:66)
[2026-03-04 15:48:33,751] INFO App info kafka.admin.client for adminclient-14 unregistered (org.apache.kafka.common.utils.AppInfoParser:88)
[2026-03-04 15:48:33,751] INFO Metrics scheduler closed (org.apache.kafka.common.metrics.Metrics:684)
[2026-03-04 15:48:33,751] INFO Closing reporter org.apache.kafka.common.metrics.JmxReporter (org.apache.kafka.common.metrics.Metrics:688)
[2026-03-04 15:48:33,751] INFO Metrics reporters closed (org.apache.kafka.common.metrics.Metrics:694)
[2026-03-04 15:48:33,751] INFO ProducerConfig values: 
	acks = -1
	auto.include.jmx.reporter = true
	batch.size = 16384
	bootstrap.servers = [PLAINTEXT://localhost:39731]
	buffer.memory = 33554432
	client.dns.lookup = use_all_dns_ips
	client.id = producer-8
	compression.gzip.level = -1
	compression.lz4.level = 9
	compression.type = none
	compression.zstd.level = 3
	connections.max.idle.ms = 540000
	delivery.timeout.ms = 120000
	enable.idempotence = true
	enable.metrics.push = true
	interceptor.classes = []
	key.serializer = class org.apache.kafka.common.serialization.ByteArraySerializer
	linger.ms = 0
	max.block.ms = 60000
	max.in.flight.requests.per.connection = 5
	max.request.size = 1048576
	metadata.max.age.ms = 300000
	metadata.max.idle.ms = 300000
	metadata.recovery.strategy = none
	metric.reporters = []
	metrics.num.samples = 2
	metrics.recording.level = INFO
	metrics.sample.window.ms = 30000
	partitioner.adaptive.partitioning.enable = true
	partitioner.availability.timeout.ms = 0
	partitioner.class = null
	partitioner.ignore.keys = false
	receive.buffer.bytes = 32768
	reconnect.backoff.max.ms = 1000
	reconnect.backoff.ms = 50
	request.timeout.ms = 30000
	retries = 2147483647
	retry.backoff.max.ms = 1000
	retry.backoff.ms = 100
	sasl.client.callback.handler.class = null
	sasl.jaas.config = null
	sasl.kerberos.kinit.cmd = /usr/bin/kinit
	sasl.kerberos.min.time.before.relogin = 60000
	sasl.kerberos.service.name = null
	sasl.kerberos.ticket.renew.jitter = 0.05
	sasl.kerberos.ticket.renew.window.factor = 0.8
	sasl.login.callback.handler.class = null
	sasl.login.class = null
	sasl.login.connect.timeout.ms = null
	sasl.login.read.timeout.ms = null
	sasl.login.refresh.buffer.seconds = 300
	sasl.login.refresh.min.period.seconds = 60
	sasl.login.refresh.window.factor = 0.8
	sasl.login.refresh.window.jitter = 0.05
	sasl.login.retry.backoff.max.ms = 10000
	sasl.login.retry.backoff.ms = 100
	sasl.mechanism = GSSAPI
	sasl.oauthbearer.clock.skew.seconds = 30
	sasl.oauthbearer.expected.audience = null
	sasl.oauthbearer.expected.issuer = null
	sasl.oauthbearer.jwks.endpoint.refresh.ms = 3600000
	sasl.oauthbearer.jwks.endpoint.retry.backoff.max.ms = 10000
	sasl.oauthbearer.jwks.endpoint.retry.backoff.ms = 100
	sasl.oauthbearer.jwks.endpoint.url = null
	sasl.oauthbearer.scope.claim.name = scope
	sasl.oauthbearer.sub.claim.name = sub
	sasl.oauthbearer.token.endpoint.url = null
	security.protocol = PLAINTEXT
	security.providers = null
	send.buffer.bytes = 131072
	socket.connection.setup.timeout.max.ms = 30000
	socket.connection.setup.timeout.ms = 10000
	ssl.cipher.suites = null
	ssl.enabled.protocols = [TLSv1.2, TLSv1.3]
	ssl.endpoint.identification.algorithm = https
	ssl.engine.factory.class = null
	ssl.key.password = null
	ssl.keymanager.algorithm = SunX509
	ssl.keystore.certificate.chain = null
	ssl.keystore.key = null
	ssl.keystore.location = null
	ssl.keystore.password = null
	ssl.keystore.type = JKS
	ssl.protocol = TLSv1.3
	ssl.provider = null
	ssl.secure.random.implementation = null
	ssl.trustmanager.algorithm = PKIX
	ssl.truststore.certificates = null
	ssl.truststore.location = null
	ssl.truststore.password = null
	ssl.truststore.type = JKS
	transaction.timeout.ms = 60000
	transactional.id = null
	value.serializer = class org.apache.kafka.common.serialization.ByteArraySerializer
 (org.apache.kafka.clients.producer.ProducerConfig:372)
[2026-03-04 15:48:33,751] INFO initializing Kafka metrics collector (org.apache.kafka.common.telemetry.internals.KafkaMetricsCollector:269)
[2026-03-04 15:48:33,751] INFO [Producer clientId=producer-8] Instantiated an idempotent producer. (org.apache.kafka.clients.producer.KafkaProducer:621)
[2026-03-04 15:48:33,752] INFO These configurations '[topic]' were supplied but are not used yet. (org.apache.kafka.clients.producer.ProducerConfig:381)
[2026-03-04 15:48:33,752] INFO Kafka version: 3.8.1 (org.apache.kafka.common.utils.AppInfoParser:124)
[2026-03-04 15:48:33,752] INFO Kafka commitId: 70d6ff42debf7e17 (org.apache.kafka.common.utils.AppInfoParser:125)
[2026-03-04 15:48:33,752] INFO Kafka startTimeMs: 1772619513752 (org.apache.kafka.common.utils.AppInfoParser:126)
[2026-03-04 15:48:33,752] INFO Kafka store reader thread starting consumer (io.confluent.kafka.schemaregistry.storage.KafkaStoreReaderThread:135)
[2026-03-04 15:48:33,752] INFO ConsumerConfig values: 
	allow.auto.create.topics = true
	auto.commit.interval.ms = 5000
	auto.include.jmx.reporter = true
	auto.offset.reset = earliest
	bootstrap.servers = [PLAINTEXT://localhost:39731]
	check.crcs = true
	client.dns.lookup = use_all_dns_ips
	client.id = KafkaStore-reader-_schemas
	client.rack = 
	connections.max.idle.ms = 540000
	default.api.timeout.ms = 60000
	enable.auto.commit = false
	enable.metrics.push = true
	exclude.internal.topics = true
	fetch.max.bytes = 52428800
	fetch.max.wait.ms = 500
	fetch.min.bytes = 1
	group.id = schema-registry-hinata-waifu-38197
	group.instance.id = null
	group.protocol = classic
	group.remote.assignor = null
	heartbeat.interval.ms = 3000
	interceptor.classes = []
	internal.leave.group.on.close = true
	internal.throw.on.fetch.stable.offset.unsupported = false
	isolation.level = read_uncommitted
	key.deserializer = class org.apache.kafka.common.serialization.ByteArrayDeserializer
	max.partition.fetch.bytes = 1048576
	max.poll.interval.ms = 300000
	max.poll.records = 500
	metadata.max.age.ms = 300000
	metadata.recovery.strategy = none
	metric.reporters = []
	metrics.num.samples = 2
	metrics.recording.level = INFO
	metrics.sample.window.ms = 30000
	partition.assignment.strategy = [class org.apache.kafka.clients.consumer.RangeAssignor, class org.apache.kafka.clients.consumer.CooperativeStickyAssignor]
	receive.buffer.bytes = 65536
	reconnect.backoff.max.ms = 1000
	reconnect.backoff.ms = 50
	request.timeout.ms = 30000
	retry.backoff.max.ms = 1000
	retry.backoff.ms = 100
	sasl.client.callback.handler.class = null
	sasl.jaas.config = null
	sasl.kerberos.kinit.cmd = /usr/bin/kinit
	sasl.kerberos.min.time.before.relogin = 60000
	sasl.kerberos.service.name = null
	sasl.kerberos.ticket.renew.jitter = 0.05
	sasl.kerberos.ticket.renew.window.factor = 0.8
	sasl.login.callback.handler.class = null
	sasl.login.class = null
	sasl.login.connect.timeout.ms = null
	sasl.login.read.timeout.ms = null
	sasl.login.refresh.buffer.seconds = 300
	sasl.login.refresh.min.period.seconds = 60
	sasl.login.refresh.window.factor = 0.8
	sasl.login.refresh.window.jitter = 0.05
	sasl.login.retry.backoff.max.ms = 10000
	sasl.login.retry.backoff.ms = 100
	sasl.mechanism = GSSAPI
	sasl.oauthbearer.clock.skew.seconds = 30
	sasl.oauthbearer.expected.audience = null
	sasl.oauthbearer.expected.issuer = null
	sasl.oauthbearer.jwks.endpoint.refresh.ms = 3600000
	sasl.oauthbearer.jwks.endpoint.retry.backoff.max.ms = 10000
	sasl.oauthbearer.jwks.endpoint.retry.backoff.ms = 100
	sasl.oauthbearer.jwks.endpoint.url = null
	sasl.oauthbearer.scope.claim.name = scope
	sasl.oauthbearer.sub.claim.name = sub
	sasl.oauthbearer.token.endpoint.url = null
	security.protocol = PLAINTEXT
	security.providers = null
	send.buffer.bytes = 131072
	session.timeout.ms = 45000
	socket.connection.setup.timeout.max.ms = 30000
	socket.connection.setup.timeout.ms = 10000
	ssl.cipher.suites = null
	ssl.enabled.protocols = [TLSv1.2, TLSv1.3]
	ssl.endpoint.identification.algorithm = https
	ssl.engine.factory.class = null
	ssl.key.password = null
	ssl.keymanager.algorithm = SunX509
	ssl.keystore.certificate.chain = null
	ssl.keystore.key = null
	ssl.keystore.location = null
	ssl.keystore.password = null
	ssl.keystore.type = JKS
	ssl.protocol = TLSv1.3
	ssl.provider = null
	ssl.secure.random.implementation = null
	ssl.trustmanager.algorithm = PKIX
	ssl.truststore.certificates = null
	ssl.truststore.location = null
	ssl.truststore.password = null
	ssl.truststore.type = JKS
	value.deserializer = class org.apache.kafka.common.serialization.ByteArrayDeserializer
 (org.apache.kafka.clients.consumer.ConsumerConfig:372)
[2026-03-04 15:48:33,752] INFO initializing Kafka metrics collector (org.apache.kafka.common.telemetry.internals.KafkaMetricsCollector:269)
[2026-03-04 15:48:33,752] INFO [Producer clientId=producer-8] Cluster ID: O0f4olPMSbKgz2FfinXZHg (org.apache.kafka.clients.Metadata:364)
[2026-03-04 15:48:33,752] INFO [Producer clientId=producer-8] ProducerId set to 1 with epoch 0 (org.apache.kafka.clients.producer.internals.TransactionManager:502)
[2026-03-04 15:48:33,752] INFO These configurations '[topic]' were supplied but are not used yet. (org.apache.kafka.clients.consumer.ConsumerConfig:381)
[2026-03-04 15:48:33,752] INFO Kafka version: 3.8.1 (org.apache.kafka.common.utils.AppInfoParser:124)
[2026-03-04 15:48:33,752] INFO Kafka commitId: 70d6ff42debf7e17 (org.apache.kafka.common.utils.AppInfoParser:125)
[2026-03-04 15:48:33,752] INFO Kafka startTimeMs: 1772619513752 (org.apache.kafka.common.utils.AppInfoParser:126)
[2026-03-04 15:48:33,753] INFO [Consumer clientId=KafkaStore-reader-_schemas, groupId=schema-registry-hinata-waifu-38197] Cluster ID: O0f4olPMSbKgz2FfinXZHg (org.apache.kafka.clients.Metadata:364)
[2026-03-04 15:48:33,753] INFO [Consumer clientId=KafkaStore-reader-_schemas, groupId=schema-registry-hinata-waifu-38197] Assigned to partition(s): _schemas-0 (org.apache.kafka.clients.consumer.internals.LegacyKafkaConsumer:574)
[2026-03-04 15:48:33,753] INFO Seeking to beginning for all partitions (io.confluent.kafka.schemaregistry.storage.KafkaStoreReaderThread:181)
[2026-03-04 15:48:33,753] INFO [Consumer clientId=KafkaStore-reader-_schemas, groupId=schema-registry-hinata-waifu-38197] Seeking to earliest offset of partition _schemas-0 (org.apache.kafka.clients.consumer.internals.SubscriptionState:704)
[2026-03-04 15:48:33,753] INFO Initialized last consumed offset to -1 (io.confluent.kafka.schemaregistry.storage.KafkaStoreReaderThread:185)
[2026-03-04 15:48:33,753] INFO [kafka-store-reader-thread-_schemas]: Starting (io.confluent.kafka.schemaregistry.storage.KafkaStoreReaderThread:127)
[2026-03-04 15:48:33,754] INFO [Consumer clientId=KafkaStore-reader-_schemas, groupId=schema-registry-hinata-waifu-38197] Resetting offset for partition _schemas-0 to position FetchPosition{offset=0, offsetEpoch=Optional.empty, currentLeader=LeaderAndEpoch{leader=Optional[localhost:39731 (id: 0 rack: null)], epoch=0}}. (org.apache.kafka.clients.consumer.internals.SubscriptionState:398)
[2026-03-04 15:48:33,754] INFO Wait to catch up until the offset at 0 (io.confluent.kafka.schemaregistry.storage.KafkaStore:321)
[2026-03-04 15:48:33,755] INFO Reached offset at 0 (io.confluent.kafka.schemaregistry.storage.KafkaStore:323)
[2026-03-04 15:48:33,755] INFO Joining schema registry with Kafka-based coordination (io.confluent.kafka.schemaregistry.storage.KafkaSchemaRegistry:464)
[2026-03-04 15:48:33,755] INFO Kafka version: 3.8.1 (org.apache.kafka.common.utils.AppInfoParser:124)
[2026-03-04 15:48:33,755] INFO Kafka commitId: 70d6ff42debf7e17 (org.apache.kafka.common.utils.AppInfoParser:125)
[2026-03-04 15:48:33,755] INFO Kafka startTimeMs: 1772619513755 (org.apache.kafka.common.utils.AppInfoParser:126)
[2026-03-04 15:48:33,756] INFO [Schema registry clientId=sr-3, groupId=schema-registry] Cluster ID: O0f4olPMSbKgz2FfinXZHg (org.apache.kafka.clients.Metadata:364)
[2026-03-04 15:48:33,756] INFO [Schema registry clientId=sr-3, groupId=schema-registry] Discovered group coordinator localhost:39731 (id: 2147483647 rack: null) (io.confluent.kafka.schemaregistry.leaderelector.kafka.SchemaRegistryCoordinator:936)
[2026-03-04 15:48:33,756] INFO [Schema registry clientId=sr-3, groupId=schema-registry] (Re-)joining group (io.confluent.kafka.schemaregistry.leaderelector.kafka.SchemaRegistryCoordinator:604)
[2026-03-04 15:48:33,756] INFO Updating metadata (io.confluent.kafka.schemaregistry.leaderelector.kafka.SchemaRegistryCoordinator:140)
[2026-03-04 15:48:33,757] INFO [GroupCoordinator 0]: Dynamic member with unknown member id joins group schema-registry in Empty state. Created a new member id sr-3-ff363309-b3d2-4d18-b391-bf22f202bce8 and request the member to rejoin with this id. (kafka.coordinator.group.GroupCoordinator:66)
[2026-03-04 15:48:33,757] INFO [Schema registry clientId=sr-3, groupId=schema-registry] Request joining group due to: need to re-join with the given member-id: sr-3-ff363309-b3d2-4d18-b391-bf22f202bce8 (io.confluent.kafka.schemaregistry.leaderelector.kafka.SchemaRegistryCoordinator:1102)
[2026-03-04 15:48:33,757] INFO [Schema registry clientId=sr-3, groupId=schema-registry] (Re-)joining group (io.confluent.kafka.schemaregistry.leaderelector.kafka.SchemaRegistryCoordinator:604)
[2026-03-04 15:48:33,757] INFO Updating metadata (io.confluent.kafka.schemaregistry.leaderelector.kafka.SchemaRegistryCoordinator:140)
[2026-03-04 15:48:33,757] INFO [GroupCoordinator 0]: Preparing to rebalance group schema-registry in state PreparingRebalance with old generation 0 (__consumer_offsets-29) (reason: Adding new member sr-3-ff363309-b3d2-4d18-b391-bf22f202bce8 with group instance id None; client reason: need to re-join with the given member-id: sr-3-ff363309-b3d2-4d18-b391-bf22f202bce8) (kafka.coordinator.group.GroupCoordinator:66)
[2026-03-04 15:48:33,757] INFO [GroupCoordinator 0]: Stabilized group schema-registry generation 1 (__consumer_offsets-29) with 1 members (kafka.coordinator.group.GroupCoordinator:66)
[2026-03-04 15:48:33,757] INFO [Schema registry clientId=sr-3, groupId=schema-registry] Successfully joined group with generation Generation{generationId=1, memberId='sr-3-ff363309-b3d2-4d18-b391-bf22f202bce8', protocol='v0'} (io.confluent.kafka.schemaregistry.leaderelector.kafka.SchemaRegistryCoordinator:665)
[2026-03-04 15:48:33,757] INFO Performing assignment (io.confluent.kafka.schemaregistry.leaderelector.kafka.SchemaRegistryCoordinator:182)
[2026-03-04 15:48:33,757] INFO Member information: {sr-3-ff363309-b3d2-4d18-b391-bf22f202bce8=version=1,host=hinata-waifu,port=38197,scheme=http,leaderEligibility=true,isLeader=false} (io.confluent.kafka.schemaregistry.leaderelector.kafka.SchemaRegistryCoordinator:191)
[2026-03-04 15:48:33,757] INFO Assignment: Assignment{version=1, error=0, leader='sr-3-ff363309-b3d2-4d18-b391-bf22f202bce8', leaderIdentity=version=1,host=hinata-waifu,port=38197,scheme=http,leaderEligibility=true,isLeader=false} (io.confluent.kafka.schemaregistry.leaderelector.kafka.SchemaRegistryCoordinator:254)
[2026-03-04 15:48:33,757] INFO [GroupCoordinator 0]: Assignment received from leader sr-3-ff363309-b3d2-4d18-b391-bf22f202bce8 for group schema-registry for generation 1. The group has 1 members, 0 of which are static. (kafka.coordinator.group.GroupCoordinator:66)
[2026-03-04 15:48:33,758] INFO [Schema registry clientId=sr-3, groupId=schema-registry] Successfully synced group in generation Generation{generationId=1, memberId='sr-3-ff363309-b3d2-4d18-b391-bf22f202bce8', protocol='v0'} (io.confluent.kafka.schemaregistry.leaderelector.kafka.SchemaRegistryCoordinator:842)
[2026-03-04 15:48:33,758] INFO Finished rebalance with leader election result: Assignment{version=1, error=0, leader='sr-3-ff363309-b3d2-4d18-b391-bf22f202bce8', leaderIdentity=version=1,host=hinata-waifu,port=38197,scheme=http,leaderEligibility=true,isLeader=false} (io.confluent.kafka.schemaregistry.leaderelector.kafka.KafkaGroupLeaderElector:242)
[2026-03-04 15:48:33,758] INFO Setting the leader to version=1,host=hinata-waifu,port=38197,scheme=http,leaderEligibility=true,isLeader=false (io.confluent.kafka.schemaregistry.storage.KafkaSchemaRegistry:531)
[2026-03-04 15:48:33,758] INFO Leader changed from null to version=1,host=hinata-waifu,port=38197,scheme=http,leaderEligibility=true,isLeader=false (io.confluent.kafka.schemaregistry.storage.KafkaSchemaRegistry:561)
[2026-03-04 15:48:33,758] INFO Wait to catch up until the offset at 1 (io.confluent.kafka.schemaregistry.storage.KafkaStore:321)
[2026-03-04 15:48:33,758] INFO Reached offset at 1 (io.confluent.kafka.schemaregistry.storage.KafkaStore:323)
[2026-03-04 15:48:33,759] INFO Binding SchemaRegistryRestApplication to all listeners. (io.confluent.rest.Application:360)
[2026-03-04 15:48:33,760] INFO jetty-9.4.56.v20240826; built: 2024-08-26T17:15:05.868Z; git: ec6782ff5ead824dabdcf47fa98f90a4aedff401; jvm 25.0.2 (org.eclipse.jetty.server.Server:375)
[2026-03-04 15:48:33,762] INFO DefaultSessionIdManager workerName=node0 (org.eclipse.jetty.server.session:334)
[2026-03-04 15:48:33,762] INFO No SessionScavenger set, using defaults (org.eclipse.jetty.server.session:339)
[2026-03-04 15:48:33,762] INFO node0 Scavenging every 660000ms (org.eclipse.jetty.server.session:132)
Mar 04, 2026 3:48:33 PM org.glassfish.jersey.internal.inject.Providers checkProviderRuntime
WARNING: A provider io.confluent.kafka.schemaregistry.rest.resources.ConfigResource registered in SERVER runtime does not implement any provider interfaces applicable in the SERVER runtime. Due to constraint configuration problems the provider io.confluent.kafka.schemaregistry.rest.resources.ConfigResource will be ignored. 
Mar 04, 2026 3:48:33 PM org.glassfish.jersey.internal.inject.Providers checkProviderRuntime
WARNING: A provider io.confluent.kafka.schemaregistry.rest.resources.ContextsResource registered in SERVER runtime does not implement any provider interfaces applicable in the SERVER runtime. Due to constraint configuration problems the provider io.confluent.kafka.schemaregistry.rest.resources.ContextsResource will be ignored. 
Mar 04, 2026 3:48:33 PM org.glassfish.jersey.internal.inject.Providers checkProviderRuntime
WARNING: A provider io.confluent.kafka.schemaregistry.rest.resources.SubjectsResource registered in SERVER runtime does not implement any provider interfaces applicable in the SERVER runtime. Due to constraint configuration problems the provider io.confluent.kafka.schemaregistry.rest.resources.SubjectsResource will be ignored. 
Mar 04, 2026 3:48:33 PM org.glassfish.jersey.internal.inject.Providers checkProviderRuntime
WARNING: A provider io.confluent.kafka.schemaregistry.rest.resources.SchemasResource registered in SERVER runtime does not implement any provider interfaces applicable in the SERVER runtime. Due to constraint configuration problems the provider io.confluent.kafka.schemaregistry.rest.resources.SchemasResource will be ignored. 
Mar 04, 2026 3:48:33 PM org.glassfish.jersey.internal.inject.Providers checkProviderRuntime
WARNING: A provider io.confluent.kafka.schemaregistry.rest.resources.SubjectVersionsResource registered in SERVER runtime does not implement any provider interfaces applicable in the SERVER runtime. Due to constraint configuration problems the provider io.confluent.kafka.schemaregistry.rest.resources.SubjectVersionsResource will be ignored. 
Mar 04, 2026 3:48:33 PM org.glassfish.jersey.internal.inject.Providers checkProviderRuntime
WARNING: A provider io.confluent.kafka.schemaregistry.rest.resources.CompatibilityResource registered in SERVER runtime does not implement any provider interfaces applicable in the SERVER runtime. Due to constraint configuration problems the provider io.confluent.kafka.schemaregistry.rest.resources.CompatibilityResource will be ignored. 
Mar 04, 2026 3:48:33 PM org.glassfish.jersey.internal.inject.Providers checkProviderRuntime
WARNING: A provider io.confluent.kafka.schemaregistry.rest.resources.ModeResource registered in SERVER runtime does not implement any provider interfaces applicable in the SERVER runtime. Due to constraint configuration problems the provider io.confluent.kafka.schemaregistry.rest.resources.ModeResource will be ignored. 
Mar 04, 2026 3:48:33 PM org.glassfish.jersey.internal.inject.Providers checkProviderRuntime
WARNING: A provider io.confluent.kafka.schemaregistry.rest.resources.ServerMetadataResource registered in SERVER runtime does not implement any provider interfaces applicable in the SERVER runtime. Due to constraint configuration problems the provider io.confluent.kafka.schemaregistry.rest.resources.ServerMetadataResource will be ignored. 
[2026-03-04 15:48:33,782] INFO Started o.e.j.s.ServletContextHandler@3d4258ff{/,null,AVAILABLE} (org.eclipse.jetty.server.handler.ContextHandler:921)
[2026-03-04 15:48:33,783] INFO Started o.e.j.s.ServletContextHandler@7490aa87{/ws,null,AVAILABLE} (org.eclipse.jetty.server.handler.ContextHandler:921)
[2026-03-04 15:48:33,784] INFO Started NetworkTrafficServerConnector@4831ad43{HTTP/1.1, (http/1.1, h2c)}{0.0.0.0:38197} (org.eclipse.jetty.server.AbstractConnector:333)
[2026-03-04 15:48:33,784] INFO Started @37327ms (org.eclipse.jetty.server.Server:415)
[2026-03-04 15:48:33,785] INFO Creating topic { name: test-upsert-sr, partitions: 1, replication: 1, config: {} } (org.apache.kafka.connect.util.clusters.EmbeddedKafkaCluster:427)
[2026-03-04 15:48:33,785] INFO AdminClientConfig values: 
	auto.include.jmx.reporter = true
	bootstrap.controllers = []
	bootstrap.servers = [localhost:39731]
	client.dns.lookup = use_all_dns_ips
	client.id = 
	connections.max.idle.ms = 300000
	default.api.timeout.ms = 60000
	enable.metrics.push = true
	metadata.max.age.ms = 300000
	metadata.recovery.strategy = none
	metric.reporters = []
	metrics.num.samples = 2
	metrics.recording.level = INFO
	metrics.sample.window.ms = 30000
	receive.buffer.bytes = 65536
	reconnect.backoff.max.ms = 1000
	reconnect.backoff.ms = 50
	request.timeout.ms = 30000
	retries = 2147483647
	retry.backoff.max.ms = 1000
	retry.backoff.ms = 100
	sasl.client.callback.handler.class = null
	sasl.jaas.config = null
	sasl.kerberos.kinit.cmd = /usr/bin/kinit
	sasl.kerberos.min.time.before.relogin = 60000
	sasl.kerberos.service.name = null
	sasl.kerberos.ticket.renew.jitter = 0.05
	sasl.kerberos.ticket.renew.window.factor = 0.8
	sasl.login.callback.handler.class = null
	sasl.login.class = null
	sasl.login.connect.timeout.ms = null
	sasl.login.read.timeout.ms = null
	sasl.login.refresh.buffer.seconds = 300
	sasl.login.refresh.min.period.seconds = 60
	sasl.login.refresh.window.factor = 0.8
	sasl.login.refresh.window.jitter = 0.05
	sasl.login.retry.backoff.max.ms = 10000
	sasl.login.retry.backoff.ms = 100
	sasl.mechanism = GSSAPI
	sasl.oauthbearer.clock.skew.seconds = 30
	sasl.oauthbearer.expected.audience = null
	sasl.oauthbearer.expected.issuer = null
	sasl.oauthbearer.jwks.endpoint.refresh.ms = 3600000
	sasl.oauthbearer.jwks.endpoint.retry.backoff.max.ms = 10000
	sasl.oauthbearer.jwks.endpoint.retry.backoff.ms = 100
	sasl.oauthbearer.jwks.endpoint.url = null
	sasl.oauthbearer.scope.claim.name = scope
	sasl.oauthbearer.sub.claim.name = sub
	sasl.oauthbearer.token.endpoint.url = null
	security.protocol = PLAINTEXT
	security.providers = null
	send.buffer.bytes = 131072
	socket.connection.setup.timeout.max.ms = 30000
	socket.connection.setup.timeout.ms = 10000
	ssl.cipher.suites = null
	ssl.enabled.protocols = [TLSv1.2, TLSv1.3]
	ssl.endpoint.identification.algorithm = https
	ssl.engine.factory.class = null
	ssl.key.password = null
	ssl.keymanager.algorithm = SunX509
	ssl.keystore.certificate.chain = null
	ssl.keystore.key = null
	ssl.keystore.location = null
	ssl.keystore.password = null
	ssl.keystore.type = JKS
	ssl.protocol = TLSv1.3
	ssl.provider = null
	ssl.secure.random.implementation = null
	ssl.trustmanager.algorithm = PKIX
	ssl.truststore.certificates = null
	ssl.truststore.location = null
	ssl.truststore.password = null
	ssl.truststore.type = JKS
 (org.apache.kafka.clients.admin.AdminClientConfig:372)
[2026-03-04 15:48:33,785] INFO Kafka version: 3.8.1 (org.apache.kafka.common.utils.AppInfoParser:124)
[2026-03-04 15:48:33,785] INFO Kafka commitId: 70d6ff42debf7e17 (org.apache.kafka.common.utils.AppInfoParser:125)
[2026-03-04 15:48:33,785] INFO Kafka startTimeMs: 1772619513785 (org.apache.kafka.common.utils.AppInfoParser:126)
[2026-03-04 15:48:33,787] INFO Creating topic test-upsert-sr with configuration {} and initial partition assignment Map(0 -> ArrayBuffer(0)) (kafka.zk.AdminZkClient:66)
[2026-03-04 15:48:33,788] INFO [Controller id=0] New topics: [Set(test-upsert-sr)], deleted topics: [Set()], new partition replica assignment [Set(TopicIdReplicaAssignment(test-upsert-sr,Some(PW2DteuuQl2690QW4gEZ-Q),Map(test-upsert-sr-0 -> ReplicaAssignment(replicas=0, addingReplicas=, removingReplicas=))))] (kafka.controller.KafkaController:66)
[2026-03-04 15:48:33,788] INFO [Controller id=0] New partition creation callback for test-upsert-sr-0 (kafka.controller.KafkaController:66)
[2026-03-04 15:48:33,788] INFO [Controller id=0 epoch=1] Changed partition test-upsert-sr-0 state from NonExistentPartition to NewPartition with assigned replicas 0 (state.change.logger:66)
[2026-03-04 15:48:33,788] INFO [Controller id=0 epoch=1] Sending UpdateMetadata request to brokers Set() for 0 partitions (state.change.logger:66)
[2026-03-04 15:48:33,788] INFO [Controller id=0 epoch=1] Sending UpdateMetadata request to brokers Set() for 0 partitions (state.change.logger:66)
[2026-03-04 15:48:33,789] INFO [Controller id=0 epoch=1] Changed partition test-upsert-sr-0 from NewPartition to OnlinePartition with state LeaderAndIsr(leader=0, leaderEpoch=0, isrWithBrokerEpoch=List(BrokerState(brokerId=0, brokerEpoch=-1)), leaderRecoveryState=RECOVERED, partitionEpoch=0) (state.change.logger:66)
[2026-03-04 15:48:33,789] INFO [Controller id=0 epoch=1] Sending LeaderAndIsr request to broker 0 with 1 become-leader and 0 become-follower partitions (state.change.logger:66)
[2026-03-04 15:48:33,789] INFO [Controller id=0 epoch=1] Sending UpdateMetadata request to brokers Set(0) for 1 partitions (state.change.logger:66)
[2026-03-04 15:48:33,789] INFO [Controller id=0 epoch=1] Sending UpdateMetadata request to brokers Set() for 0 partitions (state.change.logger:66)
[2026-03-04 15:48:33,789] INFO [Broker id=0] Handling LeaderAndIsr request correlationId 11 from controller 0 for 1 partitions (state.change.logger:66)
[2026-03-04 15:48:33,789] INFO [ReplicaFetcherManager on broker 0] Removed fetcher for partitions Set(test-upsert-sr-0) (kafka.server.ReplicaFetcherManager:66)
[2026-03-04 15:48:33,789] INFO [Broker id=0] Stopped fetchers as part of LeaderAndIsr request correlationId 11 from controller 0 epoch 1 as part of the become-leader transition for 1 partitions (state.change.logger:66)
[2026-03-04 15:48:33,790] INFO [LogLoader partition=test-upsert-sr-0, dir=/tmp/EmbeddedKafkaCluster3024498146076714957] Loading producer state till offset 0 with message format version 2 (kafka.log.UnifiedLog$:1937)
[2026-03-04 15:48:33,790] INFO Created log for partition test-upsert-sr-0 in /tmp/EmbeddedKafkaCluster3024498146076714957/test-upsert-sr-0 with properties {} (kafka.log.LogManager:66)
[2026-03-04 15:48:33,790] INFO [Partition test-upsert-sr-0 broker=0] No checkpointed highwatermark is found for partition test-upsert-sr-0 (kafka.cluster.Partition:66)
[2026-03-04 15:48:33,790] INFO [Partition test-upsert-sr-0 broker=0] Log loaded for partition test-upsert-sr-0 with initial high watermark 0 (kafka.cluster.Partition:66)
[2026-03-04 15:48:33,790] INFO [Broker id=0] Leader test-upsert-sr-0 with topic id Some(PW2DteuuQl2690QW4gEZ-Q) starts at leader epoch 0 from offset 0 with partition epoch 0, high watermark 0, ISR [0], adding replicas [] and removing replicas [] . Previous leader None and previous leader epoch was -1. (state.change.logger:66)
[2026-03-04 15:48:33,790] INFO [Broker id=0] Finished LeaderAndIsr request in 1ms correlationId 11 from controller 0 for 1 partitions (state.change.logger:66)
[2026-03-04 15:48:33,791] INFO [Broker id=0] Add 1 partitions and deleted 0 partitions from metadata cache in response to UpdateMetadata request sent by controller 0 epoch 1 with correlation id 12 (state.change.logger:66)
[2026-03-04 15:48:33,791] INFO App info kafka.admin.client for adminclient-15 unregistered (org.apache.kafka.common.utils.AppInfoParser:88)
[2026-03-04 15:48:33,791] INFO Metrics scheduler closed (org.apache.kafka.common.metrics.Metrics:684)
[2026-03-04 15:48:33,791] INFO Closing reporter org.apache.kafka.common.metrics.JmxReporter (org.apache.kafka.common.metrics.Metrics:688)
[2026-03-04 15:48:33,791] INFO Metrics reporters closed (org.apache.kafka.common.metrics.Metrics:694)
[2026-03-04 15:48:34,498] INFO table `test_dataset`.`test_upsert_sr` does not exist (com.wepay.kafka.connect.bigquery.integration.utils.TableClearer:53)
[2026-03-04 15:48:34,501] INFO BigQuerySinkConfig values: 
	allBQFieldsNullable = false
	allowBigQueryRequiredFieldRelaxation = false
	allowNewBigQueryFields = false
	allowSchemaUnionization = false
	autoCreateBucket = true
	autoCreateTables = true
	avroDataCacheSize = 100
	batchLoadIntervalSec = 120
	bigQueryMessageTimePartitioning = false
	bigQueryPartitionDecorator = true
	bigQueryRetry = 0
	bigQueryRetryWait = 1000
	clusteringPartitionFieldNames = null
	commitInterval = 60
	convertDebeziumTimestampToInteger = false
	convertDebeziumVariableScaleDecimal = false
	convertDoubleSpecialValues = false
	decimalHandlingMode = FLOAT
	defaultDataset = test_dataset
	deleteEnabled = false
	enableBatchLoad = []
	enableBatchMode = false
	enableRetries = true
	gcsBucketName = 
	gcsFolderName = 
	ignoreUnknownFields = false
	intermediateTableSuffix = tmp
	kafkaDataFieldName = null
	kafkaKeyFieldName = kafkaKey
	keySource = FILE
	keyfile = [hidden]
	max.retries = 10
	mergeIntervalMs = -1
	mergeRecordsThreshold = 2
	partitionExpirationMs = null
	preserveKafkaTopicPartitionOffset = false
	project = gen-lang-client-0026556124
	queueSize = -1
	sanitizeFieldNames = false
	sanitizeTopics = true
	schemaRetriever = class com.wepay.kafka.connect.bigquery.retrieve.IdentitySchemaRetriever
	threadPoolSize = 10
	timePartitioningType = DAY
	timestampPartitionFieldName = null
	topic2TableMap = 
	topics = [test-upsert-sr]
	topics.regex = 
	upsertEnabled = true
	useCredentialsProjectId = false
	useStorageWriteApi = false
	variableScaleDecimalHandlingMode = RECORD
 (com.wepay.kafka.connect.bigquery.config.BigQuerySinkConfig:372)
[2026-03-04 15:48:34,501] WARN Option convertDebeziumVariableScaleDecimal is deprecated since 2.8.0: Use variableScaleDecimalHandlingMode instead. (com.wepay.kafka.connect.bigquery.config.BigQuerySinkConfig:650)
[2026-03-04 15:48:34,501] DEBUG Attempting to open file /home/killua/Downloads/gen-lang-client-0026556124-a7c58e438363.json for service account json key (com.wepay.kafka.connect.bigquery.GcpClientBuilder:147)
[2026-03-04 15:48:34,502] DEBUG Attempting to open file /home/killua/Downloads/gen-lang-client-0026556124-a7c58e438363.json for service account json key (com.wepay.kafka.connect.bigquery.GcpClientBuilder:147)
[2026-03-04 15:48:34,502] DEBUG Attempting to open file /home/killua/Downloads/gen-lang-client-0026556124-a7c58e438363.json for service account json key (com.wepay.kafka.connect.bigquery.GcpClientBuilder:147)
[2026-03-04 15:48:34,502] DEBUG Attempting to open file /home/killua/Downloads/gen-lang-client-0026556124-a7c58e438363.json for service account json key (com.wepay.kafka.connect.bigquery.GcpClientBuilder:147)
[2026-03-04 15:48:34,503] INFO AbstractConfig values: 
 (org.apache.kafka.common.config.AbstractConfig:372)
[2026-03-04 15:48:34,505] INFO [Worker clientId=connect-localhost:33759, groupId=connect-integration-test-kcbq-connect-cluster] Connector kcbq-sink-connector-testUpsert-sr config updated (org.apache.kafka.connect.runtime.distributed.DistributedHerder:2425)
[2026-03-04 15:48:34,505] INFO [Worker clientId=connect-localhost:33759, groupId=connect-integration-test-kcbq-connect-cluster] Rebalance started (org.apache.kafka.connect.runtime.distributed.WorkerCoordinator:242)
[2026-03-04 15:48:34,505] INFO [Worker clientId=connect-localhost:33759, groupId=connect-integration-test-kcbq-connect-cluster] (Re-)joining group (org.apache.kafka.connect.runtime.distributed.WorkerCoordinator:604)
[2026-03-04 15:48:34,505] INFO [GroupCoordinator 0]: Preparing to rebalance group connect-integration-test-kcbq-connect-cluster in state PreparingRebalance with old generation 1 (__consumer_offsets-42) (reason: Leader connect-localhost:33759-f5efe789-4715-4c19-9f9a-f8a0f9c6b29c re-joining group during Stable; client reason: ) (kafka.coordinator.group.GroupCoordinator:66)
[2026-03-04 15:48:34,505] INFO [GroupCoordinator 0]: Stabilized group connect-integration-test-kcbq-connect-cluster generation 2 (__consumer_offsets-42) with 1 members (kafka.coordinator.group.GroupCoordinator:66)
[2026-03-04 15:48:34,505] INFO [Worker clientId=connect-localhost:33759, groupId=connect-integration-test-kcbq-connect-cluster] Successfully joined group with generation Generation{generationId=2, memberId='connect-localhost:33759-f5efe789-4715-4c19-9f9a-f8a0f9c6b29c', protocol='sessioned'} (org.apache.kafka.connect.runtime.distributed.WorkerCoordinator:665)
[2026-03-04 15:48:34,506] INFO [GroupCoordinator 0]: Assignment received from leader connect-localhost:33759-f5efe789-4715-4c19-9f9a-f8a0f9c6b29c for group connect-integration-test-kcbq-connect-cluster for generation 2. The group has 1 members, 0 of which are static. (kafka.coordinator.group.GroupCoordinator:66)
[2026-03-04 15:48:34,506] INFO 127.0.0.1 - - [04/Mar/2026:10:18:34 +0000] "PUT /connectors/kcbq-sink-connector-testUpsert-sr/config HTTP/1.1" 201 920 "-" "Jetty/9.4.56.v20240826" 7 (org.apache.kafka.connect.runtime.rest.RestServer:62)
[2026-03-04 15:48:34,506] INFO PUT response for URL=http://localhost:33759/connectors/kcbq-sink-connector-testUpsert-sr/config is {"name":"kcbq-sink-connector-testUpsert-sr","config":{"connector.class":"com.wepay.kafka.connect.bigquery.BigQuerySinkConnector","keySource":"FILE","sanitizeTopics":"true","autoCreateTables":"true","tasks.max":"1","topics":"test-upsert-sr","mergeIntervalMs":"-1","upsertEnabled":"true","project":"gen-lang-client-0026556124","defaultDataset":"test_dataset","value.converter.schema.registry.url":"http://0.0.0.0:38197/","mergeRecordsThreshold":"2","kafkaKeyFieldName":"kafkaKey","keyfile":"/home/killua/Downloads/gen-lang-client-0026556124-a7c58e438363.json","schemaRetriever":"com.wepay.kafka.connect.bigquery.retrieve.IdentitySchemaRetriever","useStorageWriteApi":"false","value.converter":"io.confluent.connect.avro.AvroConverter","key.converter":"io.confluent.connect.avro.AvroConverter","key.converter.schema.registry.url":"http://0.0.0.0:38197/","name":"kcbq-sink-connector-testUpsert-sr"},"tasks":[],"type":"sink"} (org.apache.kafka.connect.util.clusters.EmbeddedConnect:1016)
[2026-03-04 15:48:34,506] INFO [Worker clientId=connect-localhost:33759, groupId=connect-integration-test-kcbq-connect-cluster] Successfully synced group in generation Generation{generationId=2, memberId='connect-localhost:33759-f5efe789-4715-4c19-9f9a-f8a0f9c6b29c', protocol='sessioned'} (org.apache.kafka.connect.runtime.distributed.WorkerCoordinator:842)
[2026-03-04 15:48:34,506] INFO [Worker clientId=connect-localhost:33759, groupId=connect-integration-test-kcbq-connect-cluster] Joined group at generation 2 with protocol version 2 and got assignment: Assignment{error=0, leader='connect-localhost:33759-f5efe789-4715-4c19-9f9a-f8a0f9c6b29c', leaderUrl='http://localhost:33759/', offset=2, connectorIds=[kcbq-sink-connector-testUpsert-sr], taskIds=[], revokedConnectorIds=[], revokedTaskIds=[], delay=0} with rebalance delay: 0 (org.apache.kafka.connect.runtime.distributed.DistributedHerder:2621)
[2026-03-04 15:48:34,506] INFO [Worker clientId=connect-localhost:33759, groupId=connect-integration-test-kcbq-connect-cluster] Starting connectors and tasks using config offset 2 (org.apache.kafka.connect.runtime.distributed.DistributedHerder:1959)
[2026-03-04 15:48:34,506] INFO [Worker clientId=connect-localhost:33759, groupId=connect-integration-test-kcbq-connect-cluster] Starting connector kcbq-sink-connector-testUpsert-sr (org.apache.kafka.connect.runtime.distributed.DistributedHerder:2077)
[2026-03-04 15:48:34,506] INFO [kcbq-sink-connector-testUpsert-sr|worker] Creating connector kcbq-sink-connector-testUpsert-sr of type com.wepay.kafka.connect.bigquery.BigQuerySinkConnector (org.apache.kafka.connect.runtime.Worker:312)
[2026-03-04 15:48:34,506] INFO [kcbq-sink-connector-testUpsert-sr|worker] SinkConnectorConfig values: 
	config.action.reload = restart
	connector.class = com.wepay.kafka.connect.bigquery.BigQuerySinkConnector
	errors.deadletterqueue.context.headers.enable = false
	errors.deadletterqueue.topic.name = 
	errors.deadletterqueue.topic.replication.factor = 3
	errors.log.enable = false
	errors.log.include.messages = false
	errors.retry.delay.max.ms = 60000
	errors.retry.timeout = 0
	errors.tolerance = none
	header.converter = null
	key.converter = class io.confluent.connect.avro.AvroConverter
	name = kcbq-sink-connector-testUpsert-sr
	predicates = []
	tasks.max = 1
	tasks.max.enforce = true
	topics = [test-upsert-sr]
	topics.regex = 
	transforms = []
	value.converter = class io.confluent.connect.avro.AvroConverter
 (org.apache.kafka.connect.runtime.SinkConnectorConfig:372)
[2026-03-04 15:48:34,506] INFO [kcbq-sink-connector-testUpsert-sr|worker] EnrichedConnectorConfig values: 
	config.action.reload = restart
	connector.class = com.wepay.kafka.connect.bigquery.BigQuerySinkConnector
	errors.deadletterqueue.context.headers.enable = false
	errors.deadletterqueue.topic.name = 
	errors.deadletterqueue.topic.replication.factor = 3
	errors.log.enable = false
	errors.log.include.messages = false
	errors.retry.delay.max.ms = 60000
	errors.retry.timeout = 0
	errors.tolerance = none
	header.converter = null
	key.converter = class io.confluent.connect.avro.AvroConverter
	name = kcbq-sink-connector-testUpsert-sr
	predicates = []
	tasks.max = 1
	tasks.max.enforce = true
	topics = [test-upsert-sr]
	topics.regex = 
	transforms = []
	value.converter = class io.confluent.connect.avro.AvroConverter
 (org.apache.kafka.connect.runtime.ConnectorConfig$EnrichedConnectorConfig:372)
[2026-03-04 15:48:34,507] INFO [kcbq-sink-connector-testUpsert-sr|worker] Instantiated connector kcbq-sink-connector-testUpsert-sr with version VERSION-NUMBER of type class com.wepay.kafka.connect.bigquery.BigQuerySinkConnector (org.apache.kafka.connect.runtime.Worker:334)
[2026-03-04 15:48:34,507] INFO [kcbq-sink-connector-testUpsert-sr|worker] Finished creating connector kcbq-sink-connector-testUpsert-sr (org.apache.kafka.connect.runtime.Worker:355)
[2026-03-04 15:48:34,507] INFO [Worker clientId=connect-localhost:33759, groupId=connect-integration-test-kcbq-connect-cluster] Finished starting connectors and tasks (org.apache.kafka.connect.runtime.distributed.DistributedHerder:1988)
[2026-03-04 15:48:34,507] INFO [kcbq-sink-connector-testUpsert-sr|worker] BigQuerySinkConfig values: 
	allBQFieldsNullable = false
	allowBigQueryRequiredFieldRelaxation = false
	allowNewBigQueryFields = false
	allowSchemaUnionization = false
	autoCreateBucket = true
	autoCreateTables = true
	avroDataCacheSize = 100
	batchLoadIntervalSec = 120
	bigQueryMessageTimePartitioning = false
	bigQueryPartitionDecorator = true
	bigQueryRetry = 0
	bigQueryRetryWait = 1000
	clusteringPartitionFieldNames = null
	commitInterval = 60
	convertDebeziumTimestampToInteger = false
	convertDebeziumVariableScaleDecimal = false
	convertDoubleSpecialValues = false
	decimalHandlingMode = FLOAT
	defaultDataset = test_dataset
	deleteEnabled = false
	enableBatchLoad = []
	enableBatchMode = false
	enableRetries = true
	gcsBucketName = 
	gcsFolderName = 
	ignoreUnknownFields = false
	intermediateTableSuffix = tmp
	kafkaDataFieldName = null
	kafkaKeyFieldName = kafkaKey
	keySource = FILE
	keyfile = [hidden]
	max.retries = 10
	mergeIntervalMs = -1
	mergeRecordsThreshold = 2
	partitionExpirationMs = null
	preserveKafkaTopicPartitionOffset = false
	project = gen-lang-client-0026556124
	queueSize = -1
	sanitizeFieldNames = false
	sanitizeTopics = true
	schemaRetriever = class com.wepay.kafka.connect.bigquery.retrieve.IdentitySchemaRetriever
	threadPoolSize = 10
	timePartitioningType = DAY
	timestampPartitionFieldName = null
	topic2TableMap = 
	topics = [test-upsert-sr]
	topics.regex = 
	upsertEnabled = true
	useCredentialsProjectId = false
	useStorageWriteApi = false
	variableScaleDecimalHandlingMode = RECORD
 (com.wepay.kafka.connect.bigquery.config.BigQuerySinkConfig:372)
[2026-03-04 15:48:34,507] WARN [kcbq-sink-connector-testUpsert-sr|worker] Option convertDebeziumVariableScaleDecimal is deprecated since 2.8.0: Use variableScaleDecimalHandlingMode instead. (com.wepay.kafka.connect.bigquery.config.BigQuerySinkConfig:650)
[2026-03-04 15:48:34,507] INFO 127.0.0.1 - - [04/Mar/2026:10:18:34 +0000] "GET /connectors/kcbq-sink-connector-testUpsert-sr/status HTTP/1.1" 404 94 "-" "Jetty/9.4.56.v20240826" 1 (org.apache.kafka.connect.runtime.rest.RestServer:62)
[2026-03-04 15:48:34,507] INFO GET response for URL=http://localhost:33759/connectors/kcbq-sink-connector-testUpsert-sr/status is {"error_code":404,"message":"No status found for connector kcbq-sink-connector-testUpsert-sr"} (org.apache.kafka.connect.util.clusters.EmbeddedConnect:1016)
[2026-03-04 15:48:34,507] WARN Could not check connector state info. (com.wepay.kafka.connect.bigquery.integration.BaseConnectorIT:369)
org.apache.kafka.connect.runtime.rest.errors.ConnectRestException: Could not read connector state. Error response: {"error_code":404,"message":"No status found for connector kcbq-sink-connector-testUpsert-sr"}
	at org.apache.kafka.connect.util.clusters.EmbeddedConnect.connectorStatus(EmbeddedConnect.java:513)
	at org.apache.kafka.connect.util.clusters.EmbeddedConnectCluster.connectorStatus(EmbeddedConnectCluster.java:48)
	at com.wepay.kafka.connect.bigquery.integration.BaseConnectorIT.assertConnectorAndTasksRunning(BaseConnectorIT.java:362)
	at com.wepay.kafka.connect.bigquery.integration.BaseConnectorIT.lambda$waitForConnectorToStart$0(BaseConnectorIT.java:346)
	at org.apache.kafka.test.TestUtils.lambda$waitForCondition$3(TestUtils.java:396)
	at org.apache.kafka.test.TestUtils.retryOnExceptionWithTimeout(TestUtils.java:444)
	at org.apache.kafka.test.TestUtils.waitForCondition(TestUtils.java:393)
	at org.apache.kafka.test.TestUtils.waitForCondition(TestUtils.java:377)
	at org.apache.kafka.test.TestUtils.waitForCondition(TestUtils.java:367)
	at com.wepay.kafka.connect.bigquery.integration.BaseConnectorIT.waitForConnectorToStart(BaseConnectorIT.java:345)
	at com.wepay.kafka.connect.bigquery.integration.UpsertDeleteBigQuerySinkConnectorWithSRIT.testUpsert(UpsertDeleteBigQuerySinkConnectorWithSRIT.java:176)
	at java.base/jdk.internal.reflect.DirectMethodHandleAccessor.invoke(DirectMethodHandleAccessor.java:104)
	at java.base/java.lang.reflect.Method.invoke(Method.java:565)
	at org.junit.platform.commons.util.ReflectionUtils.invokeMethod(ReflectionUtils.java:728)
	at org.junit.jupiter.engine.execution.MethodInvocation.proceed(MethodInvocation.java:60)
	at org.junit.jupiter.engine.execution.InvocationInterceptorChain$ValidatingInvocation.proceed(InvocationInterceptorChain.java:131)
	at org.junit.jupiter.engine.extension.TimeoutExtension.intercept(TimeoutExtension.java:156)
	at org.junit.jupiter.engine.extension.TimeoutExtension.interceptTestableMethod(TimeoutExtension.java:147)
	at org.junit.jupiter.engine.extension.TimeoutExtension.interceptTestMethod(TimeoutExtension.java:86)
	at org.junit.jupiter.engine.execution.InterceptingExecutableInvoker$ReflectiveInterceptorCall.lambda$ofVoidMethod$0(InterceptingExecutableInvoker.java:103)
	at org.junit.jupiter.engine.execution.InterceptingExecutableInvoker.lambda$invoke$0(InterceptingExecutableInvoker.java:93)
	at org.junit.jupiter.engine.execution.InvocationInterceptorChain$InterceptedInvocation.proceed(InvocationInterceptorChain.java:106)
	at org.junit.jupiter.engine.execution.InvocationInterceptorChain.proceed(InvocationInterceptorChain.java:64)
	at org.junit.jupiter.engine.execution.InvocationInterceptorChain.chainAndInvoke(InvocationInterceptorChain.java:45)
	at org.junit.jupiter.engine.execution.InvocationInterceptorChain.invoke(InvocationInterceptorChain.java:37)
	at org.junit.jupiter.engine.execution.InterceptingExecutableInvoker.invoke(InterceptingExecutableInvoker.java:92)
	at org.junit.jupiter.engine.execution.InterceptingExecutableInvoker.invoke(InterceptingExecutableInvoker.java:86)
	at org.junit.jupiter.engine.descriptor.TestMethodTestDescriptor.lambda$invokeTestMethod$7(TestMethodTestDescriptor.java:218)
	at org.junit.platform.engine.support.hierarchical.ThrowableCollector.execute(ThrowableCollector.java:73)
	at org.junit.jupiter.engine.descriptor.TestMethodTestDescriptor.invokeTestMethod(TestMethodTestDescriptor.java:214)
	at org.junit.jupiter.engine.descriptor.TestMethodTestDescriptor.execute(TestMethodTestDescriptor.java:139)
	at org.junit.jupiter.engine.descriptor.TestMethodTestDescriptor.execute(TestMethodTestDescriptor.java:69)
	at org.junit.platform.engine.support.hierarchical.NodeTestTask.lambda$executeRecursively$6(NodeTestTask.java:151)
	at org.junit.platform.engine.support.hierarchical.ThrowableCollector.execute(ThrowableCollector.java:73)
	at org.junit.platform.engine.support.hierarchical.NodeTestTask.lambda$executeRecursively$8(NodeTestTask.java:141)
	at org.junit.platform.engine.support.hierarchical.Node.around(Node.java:137)
	at org.junit.platform.engine.support.hierarchical.NodeTestTask.lambda$executeRecursively$9(NodeTestTask.java:139)
	at org.junit.platform.engine.support.hierarchical.ThrowableCollector.execute(ThrowableCollector.java:73)
	at org.junit.platform.engine.support.hierarchical.NodeTestTask.executeRecursively(NodeTestTask.java:138)
	at org.junit.platform.engine.support.hierarchical.NodeTestTask.execute(NodeTestTask.java:95)
	at java.base/java.util.ArrayList.forEach(ArrayList.java:1604)
	at org.junit.platform.engine.support.hierarchical.SameThreadHierarchicalTestExecutorService.invokeAll(SameThreadHierarchicalTestExecutorService.java:41)
	at org.junit.platform.engine.support.hierarchical.NodeTestTask.lambda$executeRecursively$6(NodeTestTask.java:155)
	at org.junit.platform.engine.support.hierarchical.ThrowableCollector.execute(ThrowableCollector.java:73)
	at org.junit.platform.engine.support.hierarchical.NodeTestTask.lambda$executeRecursively$8(NodeTestTask.java:141)
	at org.junit.platform.engine.support.hierarchical.Node.around(Node.java:137)
	at org.junit.platform.engine.support.hierarchical.NodeTestTask.lambda$executeRecursively$9(NodeTestTask.java:139)
	at org.junit.platform.engine.support.hierarchical.ThrowableCollector.execute(ThrowableCollector.java:73)
	at org.junit.platform.engine.support.hierarchical.NodeTestTask.executeRecursively(NodeTestTask.java:138)
	at org.junit.platform.engine.support.hierarchical.NodeTestTask.execute(NodeTestTask.java:95)
	at java.base/java.util.ArrayList.forEach(ArrayList.java:1604)
	at org.junit.platform.engine.support.hierarchical.SameThreadHierarchicalTestExecutorService.invokeAll(SameThreadHierarchicalTestExecutorService.java:41)
	at org.junit.platform.engine.support.hierarchical.NodeTestTask.lambda$executeRecursively$6(NodeTestTask.java:155)
	at org.junit.platform.engine.support.hierarchical.ThrowableCollector.execute(ThrowableCollector.java:73)
	at org.junit.platform.engine.support.hierarchical.NodeTestTask.lambda$executeRecursively$8(NodeTestTask.java:141)
	at org.junit.platform.engine.support.hierarchical.Node.around(Node.java:137)
	at org.junit.platform.engine.support.hierarchical.NodeTestTask.lambda$executeRecursively$9(NodeTestTask.java:139)
	at org.junit.platform.engine.support.hierarchical.ThrowableCollector.execute(ThrowableCollector.java:73)
	at org.junit.platform.engine.support.hierarchical.NodeTestTask.executeRecursively(NodeTestTask.java:138)
	at org.junit.platform.engine.support.hierarchical.NodeTestTask.execute(NodeTestTask.java:95)
	at org.junit.platform.engine.support.hierarchical.SameThreadHierarchicalTestExecutorService.submit(SameThreadHierarchicalTestExecutorService.java:35)
	at org.junit.platform.engine.support.hierarchical.HierarchicalTestExecutor.execute(HierarchicalTestExecutor.java:57)
	at org.junit.platform.engine.support.hierarchical.HierarchicalTestEngine.execute(HierarchicalTestEngine.java:54)
	at org.junit.platform.launcher.core.EngineExecutionOrchestrator.execute(EngineExecutionOrchestrator.java:198)
	at org.junit.platform.launcher.core.EngineExecutionOrchestrator.execute(EngineExecutionOrchestrator.java:169)
	at org.junit.platform.launcher.core.EngineExecutionOrchestrator.execute(EngineExecutionOrchestrator.java:93)
	at org.junit.platform.launcher.core.EngineExecutionOrchestrator.lambda$execute$0(EngineExecutionOrchestrator.java:58)
	at org.junit.platform.launcher.core.EngineExecutionOrchestrator.withInterceptedStreams(EngineExecutionOrchestrator.java:141)
	at org.junit.platform.launcher.core.EngineExecutionOrchestrator.execute(EngineExecutionOrchestrator.java:57)
	at org.junit.platform.launcher.core.DefaultLauncher.execute(DefaultLauncher.java:103)
	at org.junit.platform.launcher.core.DefaultLauncher.execute(DefaultLauncher.java:85)
	at org.junit.platform.launcher.core.DelegatingLauncher.execute(DelegatingLauncher.java:47)
	at org.apache.maven.surefire.junitplatform.LazyLauncher.execute(LazyLauncher.java:56)
	at org.apache.maven.surefire.junitplatform.JUnitPlatformProvider.execute(JUnitPlatformProvider.java:194)
	at org.apache.maven.surefire.junitplatform.JUnitPlatformProvider.invokeAllTests(JUnitPlatformProvider.java:150)
	at org.apache.maven.surefire.junitplatform.JUnitPlatformProvider.invoke(JUnitPlatformProvider.java:124)
	at org.apache.maven.surefire.booter.ForkedBooter.runSuitesInProcess(ForkedBooter.java:385)
	at org.apache.maven.surefire.booter.ForkedBooter.execute(ForkedBooter.java:162)
	at org.apache.maven.surefire.booter.ForkedBooter.run(ForkedBooter.java:507)
	at org.apache.maven.surefire.booter.ForkedBooter.main(ForkedBooter.java:495)
[2026-03-04 15:48:34,507] INFO SinkConnectorConfig values: 
	config.action.reload = restart
	connector.class = com.wepay.kafka.connect.bigquery.BigQuerySinkConnector
	errors.deadletterqueue.context.headers.enable = false
	errors.deadletterqueue.topic.name = 
	errors.deadletterqueue.topic.replication.factor = 3
	errors.log.enable = false
	errors.log.include.messages = false
	errors.retry.delay.max.ms = 60000
	errors.retry.timeout = 0
	errors.tolerance = none
	header.converter = null
	key.converter = class io.confluent.connect.avro.AvroConverter
	name = kcbq-sink-connector-testUpsert-sr
	predicates = []
	tasks.max = 1
	tasks.max.enforce = true
	topics = [test-upsert-sr]
	topics.regex = 
	transforms = []
	value.converter = class io.confluent.connect.avro.AvroConverter
 (org.apache.kafka.connect.runtime.SinkConnectorConfig:372)
[2026-03-04 15:48:34,507] INFO EnrichedConnectorConfig values: 
	config.action.reload = restart
	connector.class = com.wepay.kafka.connect.bigquery.BigQuerySinkConnector
	errors.deadletterqueue.context.headers.enable = false
	errors.deadletterqueue.topic.name = 
	errors.deadletterqueue.topic.replication.factor = 3
	errors.log.enable = false
	errors.log.include.messages = false
	errors.retry.delay.max.ms = 60000
	errors.retry.timeout = 0
	errors.tolerance = none
	header.converter = null
	key.converter = class io.confluent.connect.avro.AvroConverter
	name = kcbq-sink-connector-testUpsert-sr
	predicates = []
	tasks.max = 1
	tasks.max.enforce = true
	topics = [test-upsert-sr]
	topics.regex = 
	transforms = []
	value.converter = class io.confluent.connect.avro.AvroConverter
 (org.apache.kafka.connect.runtime.ConnectorConfig$EnrichedConnectorConfig:372)
[2026-03-04 15:48:34,510] INFO [Worker clientId=connect-localhost:33759, groupId=connect-integration-test-kcbq-connect-cluster] Tasks [kcbq-sink-connector-testUpsert-sr-0] configs updated (org.apache.kafka.connect.runtime.distributed.DistributedHerder:2440)
[2026-03-04 15:48:34,510] INFO [Worker clientId=connect-localhost:33759, groupId=connect-integration-test-kcbq-connect-cluster] Rebalance started (org.apache.kafka.connect.runtime.distributed.WorkerCoordinator:242)
[2026-03-04 15:48:34,510] INFO [Worker clientId=connect-localhost:33759, groupId=connect-integration-test-kcbq-connect-cluster] (Re-)joining group (org.apache.kafka.connect.runtime.distributed.WorkerCoordinator:604)
[2026-03-04 15:48:34,510] INFO [GroupCoordinator 0]: Preparing to rebalance group connect-integration-test-kcbq-connect-cluster in state PreparingRebalance with old generation 2 (__consumer_offsets-42) (reason: Leader connect-localhost:33759-f5efe789-4715-4c19-9f9a-f8a0f9c6b29c re-joining group during Stable; client reason: ) (kafka.coordinator.group.GroupCoordinator:66)
[2026-03-04 15:48:34,510] INFO [GroupCoordinator 0]: Stabilized group connect-integration-test-kcbq-connect-cluster generation 3 (__consumer_offsets-42) with 1 members (kafka.coordinator.group.GroupCoordinator:66)
[2026-03-04 15:48:34,510] INFO [Worker clientId=connect-localhost:33759, groupId=connect-integration-test-kcbq-connect-cluster] Successfully joined group with generation Generation{generationId=3, memberId='connect-localhost:33759-f5efe789-4715-4c19-9f9a-f8a0f9c6b29c', protocol='sessioned'} (org.apache.kafka.connect.runtime.distributed.WorkerCoordinator:665)
[2026-03-04 15:48:34,511] INFO [GroupCoordinator 0]: Assignment received from leader connect-localhost:33759-f5efe789-4715-4c19-9f9a-f8a0f9c6b29c for group connect-integration-test-kcbq-connect-cluster for generation 3. The group has 1 members, 0 of which are static. (kafka.coordinator.group.GroupCoordinator:66)
[2026-03-04 15:48:34,511] INFO [Worker clientId=connect-localhost:33759, groupId=connect-integration-test-kcbq-connect-cluster] Successfully synced group in generation Generation{generationId=3, memberId='connect-localhost:33759-f5efe789-4715-4c19-9f9a-f8a0f9c6b29c', protocol='sessioned'} (org.apache.kafka.connect.runtime.distributed.WorkerCoordinator:842)
[2026-03-04 15:48:34,511] INFO [Worker clientId=connect-localhost:33759, groupId=connect-integration-test-kcbq-connect-cluster] Joined group at generation 3 with protocol version 2 and got assignment: Assignment{error=0, leader='connect-localhost:33759-f5efe789-4715-4c19-9f9a-f8a0f9c6b29c', leaderUrl='http://localhost:33759/', offset=4, connectorIds=[kcbq-sink-connector-testUpsert-sr], taskIds=[kcbq-sink-connector-testUpsert-sr-0], revokedConnectorIds=[], revokedTaskIds=[], delay=0} with rebalance delay: 0 (org.apache.kafka.connect.runtime.distributed.DistributedHerder:2621)
[2026-03-04 15:48:34,511] INFO [Worker clientId=connect-localhost:33759, groupId=connect-integration-test-kcbq-connect-cluster] Starting connectors and tasks using config offset 4 (org.apache.kafka.connect.runtime.distributed.DistributedHerder:1959)
[2026-03-04 15:48:34,511] INFO [Worker clientId=connect-localhost:33759, groupId=connect-integration-test-kcbq-connect-cluster] Starting task kcbq-sink-connector-testUpsert-sr-0 (org.apache.kafka.connect.runtime.distributed.DistributedHerder:2002)
[2026-03-04 15:48:34,511] INFO [kcbq-sink-connector-testUpsert-sr|task-0] Creating task kcbq-sink-connector-testUpsert-sr-0 (org.apache.kafka.connect.runtime.Worker:645)
[2026-03-04 15:48:34,511] INFO [kcbq-sink-connector-testUpsert-sr|task-0] ConnectorConfig values: 
	config.action.reload = restart
	connector.class = com.wepay.kafka.connect.bigquery.BigQuerySinkConnector
	errors.log.enable = false
	errors.log.include.messages = false
	errors.retry.delay.max.ms = 60000
	errors.retry.timeout = 0
	errors.tolerance = none
	header.converter = null
	key.converter = class io.confluent.connect.avro.AvroConverter
	name = kcbq-sink-connector-testUpsert-sr
	predicates = []
	tasks.max = 1
	tasks.max.enforce = true
	transforms = []
	value.converter = class io.confluent.connect.avro.AvroConverter
 (org.apache.kafka.connect.runtime.ConnectorConfig:372)
[2026-03-04 15:48:34,511] INFO [kcbq-sink-connector-testUpsert-sr|task-0] EnrichedConnectorConfig values: 
	config.action.reload = restart
	connector.class = com.wepay.kafka.connect.bigquery.BigQuerySinkConnector
	errors.log.enable = false
	errors.log.include.messages = false
	errors.retry.delay.max.ms = 60000
	errors.retry.timeout = 0
	errors.tolerance = none
	header.converter = null
	key.converter = class io.confluent.connect.avro.AvroConverter
	name = kcbq-sink-connector-testUpsert-sr
	predicates = []
	tasks.max = 1
	tasks.max.enforce = true
	transforms = []
	value.converter = class io.confluent.connect.avro.AvroConverter
 (org.apache.kafka.connect.runtime.ConnectorConfig$EnrichedConnectorConfig:372)
[2026-03-04 15:48:34,511] INFO [kcbq-sink-connector-testUpsert-sr|task-0] TaskConfig values: 
	task.class = class com.wepay.kafka.connect.bigquery.BigQuerySinkTask
 (org.apache.kafka.connect.runtime.TaskConfig:372)
[2026-03-04 15:48:34,511] INFO [kcbq-sink-connector-testUpsert-sr|task-0] Instantiated task kcbq-sink-connector-testUpsert-sr-0 with version VERSION-NUMBER of type com.wepay.kafka.connect.bigquery.BigQuerySinkTask (org.apache.kafka.connect.runtime.Worker:664)
[2026-03-04 15:48:34,512] INFO [kcbq-sink-connector-testUpsert-sr|task-0] AvroConverterConfig values: 
	auto.register.schemas = true
	basic.auth.credentials.source = URL
	basic.auth.user.info = [hidden]
	bearer.auth.cache.expiry.buffer.seconds = 300
	bearer.auth.client.id = null
	bearer.auth.client.secret = null
	bearer.auth.credentials.source = STATIC_TOKEN
	bearer.auth.custom.provider.class = null
	bearer.auth.identity.pool.id = null
	bearer.auth.issuer.endpoint.url = null
	bearer.auth.logical.cluster = null
	bearer.auth.scope = null
	bearer.auth.scope.claim.name = scope
	bearer.auth.sub.claim.name = sub
	bearer.auth.token = [hidden]
	context.name.strategy = class io.confluent.kafka.serializers.context.NullContextNameStrategy
	http.connect.timeout.ms = 60000
	http.read.timeout.ms = 60000
	id.compatibility.strict = true
	key.subject.name.strategy = class io.confluent.kafka.serializers.subject.TopicNameStrategy
	latest.cache.size = 1000
	latest.cache.ttl.sec = -1
	latest.compatibility.strict = true
	max.retries = 3
	max.schemas.per.subject = 1000
	normalize.schemas = false
	propagate.schema.tags = false
	proxy.host = 
	proxy.port = -1
	retries.max.wait.ms = 20000
	retries.wait.ms = 1000
	rule.actions = []
	rule.executors = []
	rule.service.loader.enable = true
	schema.format = null
	schema.reflection = false
	schema.registry.basic.auth.user.info = [hidden]
	schema.registry.ssl.cipher.suites = null
	schema.registry.ssl.enabled.protocols = [TLSv1.2, TLSv1.3]
	schema.registry.ssl.endpoint.identification.algorithm = https
	schema.registry.ssl.engine.factory.class = null
	schema.registry.ssl.key.password = null
	schema.registry.ssl.keymanager.algorithm = SunX509
	schema.registry.ssl.keystore.certificate.chain = null
	schema.registry.ssl.keystore.key = null
	schema.registry.ssl.keystore.location = null
	schema.registry.ssl.keystore.password = null
	schema.registry.ssl.keystore.type = JKS
	schema.registry.ssl.protocol = TLSv1.3
	schema.registry.ssl.provider = null
	schema.registry.ssl.secure.random.implementation = null
	schema.registry.ssl.trustmanager.algorithm = PKIX
	schema.registry.ssl.truststore.certificates = null
	schema.registry.ssl.truststore.location = null
	schema.registry.ssl.truststore.password = null
	schema.registry.ssl.truststore.type = JKS
	schema.registry.url = [http://0.0.0.0:38197/]
	schema.registry.url.randomize = false
	use.latest.version = false
	use.latest.with.metadata = null
	use.schema.id = -1
	value.subject.name.strategy = class io.confluent.kafka.serializers.subject.TopicNameStrategy
 (io.confluent.connect.avro.AvroConverterConfig:372)
[2026-03-04 15:48:34,512] INFO [kcbq-sink-connector-testUpsert-sr|task-0] KafkaAvroSerializerConfig values: 
	auto.register.schemas = true
	avro.reflection.allow.null = false
	avro.remove.java.properties = false
	avro.use.logical.type.converters = false
	basic.auth.credentials.source = URL
	basic.auth.user.info = [hidden]
	bearer.auth.cache.expiry.buffer.seconds = 300
	bearer.auth.client.id = null
	bearer.auth.client.secret = null
	bearer.auth.credentials.source = STATIC_TOKEN
	bearer.auth.custom.provider.class = null
	bearer.auth.identity.pool.id = null
	bearer.auth.issuer.endpoint.url = null
	bearer.auth.logical.cluster = null
	bearer.auth.scope = null
	bearer.auth.scope.claim.name = scope
	bearer.auth.sub.claim.name = sub
	bearer.auth.token = [hidden]
	context.name.strategy = class io.confluent.kafka.serializers.context.NullContextNameStrategy
	http.connect.timeout.ms = 60000
	http.read.timeout.ms = 60000
	id.compatibility.strict = true
	key.subject.name.strategy = class io.confluent.kafka.serializers.subject.TopicNameStrategy
	latest.cache.size = 1000
	latest.cache.ttl.sec = -1
	latest.compatibility.strict = true
	max.retries = 3
	max.schemas.per.subject = 1000
	normalize.schemas = false
	propagate.schema.tags = false
	proxy.host = 
	proxy.port = -1
	retries.max.wait.ms = 20000
	retries.wait.ms = 1000
	rule.actions = []
	rule.executors = []
	rule.service.loader.enable = true
	schema.format = null
	schema.reflection = false
	schema.registry.basic.auth.user.info = [hidden]
	schema.registry.ssl.cipher.suites = null
	schema.registry.ssl.enabled.protocols = [TLSv1.2, TLSv1.3]
	schema.registry.ssl.endpoint.identification.algorithm = https
	schema.registry.ssl.engine.factory.class = null
	schema.registry.ssl.key.password = null
	schema.registry.ssl.keymanager.algorithm = SunX509
	schema.registry.ssl.keystore.certificate.chain = null
	schema.registry.ssl.keystore.key = null
	schema.registry.ssl.keystore.location = null
	schema.registry.ssl.keystore.password = null
	schema.registry.ssl.keystore.type = JKS
	schema.registry.ssl.protocol = TLSv1.3
	schema.registry.ssl.provider = null
	schema.registry.ssl.secure.random.implementation = null
	schema.registry.ssl.trustmanager.algorithm = PKIX
	schema.registry.ssl.truststore.certificates = null
	schema.registry.ssl.truststore.location = null
	schema.registry.ssl.truststore.password = null
	schema.registry.ssl.truststore.type = JKS
	schema.registry.url = [http://0.0.0.0:38197/]
	schema.registry.url.randomize = false
	use.latest.version = false
	use.latest.with.metadata = null
	use.schema.id = -1
	value.subject.name.strategy = class io.confluent.kafka.serializers.subject.TopicNameStrategy
 (io.confluent.kafka.serializers.KafkaAvroSerializerConfig:372)
[2026-03-04 15:48:34,512] INFO [kcbq-sink-connector-testUpsert-sr|task-0] KafkaAvroDeserializerConfig values: 
	auto.register.schemas = true
	avro.reflection.allow.null = false
	avro.use.logical.type.converters = false
	basic.auth.credentials.source = URL
	basic.auth.user.info = [hidden]
	bearer.auth.cache.expiry.buffer.seconds = 300
	bearer.auth.client.id = null
	bearer.auth.client.secret = null
	bearer.auth.credentials.source = STATIC_TOKEN
	bearer.auth.custom.provider.class = null
	bearer.auth.identity.pool.id = null
	bearer.auth.issuer.endpoint.url = null
	bearer.auth.logical.cluster = null
	bearer.auth.scope = null
	bearer.auth.scope.claim.name = scope
	bearer.auth.sub.claim.name = sub
	bearer.auth.token = [hidden]
	context.name.strategy = class io.confluent.kafka.serializers.context.NullContextNameStrategy
	http.connect.timeout.ms = 60000
	http.read.timeout.ms = 60000
	id.compatibility.strict = true
	key.subject.name.strategy = class io.confluent.kafka.serializers.subject.TopicNameStrategy
	latest.cache.size = 1000
	latest.cache.ttl.sec = -1
	latest.compatibility.strict = true
	max.retries = 3
	max.schemas.per.subject = 1000
	normalize.schemas = false
	propagate.schema.tags = false
	proxy.host = 
	proxy.port = -1
	retries.max.wait.ms = 20000
	retries.wait.ms = 1000
	rule.actions = []
	rule.executors = []
	rule.service.loader.enable = true
	schema.format = null
	schema.reflection = false
	schema.registry.basic.auth.user.info = [hidden]
	schema.registry.ssl.cipher.suites = null
	schema.registry.ssl.enabled.protocols = [TLSv1.2, TLSv1.3]
	schema.registry.ssl.endpoint.identification.algorithm = https
	schema.registry.ssl.engine.factory.class = null
	schema.registry.ssl.key.password = null
	schema.registry.ssl.keymanager.algorithm = SunX509
	schema.registry.ssl.keystore.certificate.chain = null
	schema.registry.ssl.keystore.key = null
	schema.registry.ssl.keystore.location = null
	schema.registry.ssl.keystore.password = null
	schema.registry.ssl.keystore.type = JKS
	schema.registry.ssl.protocol = TLSv1.3
	schema.registry.ssl.provider = null
	schema.registry.ssl.secure.random.implementation = null
	schema.registry.ssl.trustmanager.algorithm = PKIX
	schema.registry.ssl.truststore.certificates = null
	schema.registry.ssl.truststore.location = null
	schema.registry.ssl.truststore.password = null
	schema.registry.ssl.truststore.type = JKS
	schema.registry.url = [http://0.0.0.0:38197/]
	schema.registry.url.randomize = false
	specific.avro.key.type = null
	specific.avro.reader = false
	specific.avro.value.type = null
	use.latest.version = false
	use.latest.with.metadata = null
	use.schema.id = -1
	value.subject.name.strategy = class io.confluent.kafka.serializers.subject.TopicNameStrategy
 (io.confluent.kafka.serializers.KafkaAvroDeserializerConfig:372)
[2026-03-04 15:48:34,512] INFO [kcbq-sink-connector-testUpsert-sr|task-0] AvroDataConfig values: 
	allow.optional.map.keys = false
	connect.meta.data = true
	discard.type.doc.default = false
	enhanced.avro.schema.support = false
	flatten.singleton.unions = true
	generalized.sum.type.support = false
	ignore.default.for.nullables = false
	schemas.cache.config = 1000
	scrub.invalid.names = false
 (io.confluent.connect.avro.AvroDataConfig:372)
[2026-03-04 15:48:34,512] INFO [kcbq-sink-connector-testUpsert-sr|task-0] AvroConverterConfig values: 
	auto.register.schemas = true
	basic.auth.credentials.source = URL
	basic.auth.user.info = [hidden]
	bearer.auth.cache.expiry.buffer.seconds = 300
	bearer.auth.client.id = null
	bearer.auth.client.secret = null
	bearer.auth.credentials.source = STATIC_TOKEN
	bearer.auth.custom.provider.class = null
	bearer.auth.identity.pool.id = null
	bearer.auth.issuer.endpoint.url = null
	bearer.auth.logical.cluster = null
	bearer.auth.scope = null
	bearer.auth.scope.claim.name = scope
	bearer.auth.sub.claim.name = sub
	bearer.auth.token = [hidden]
	context.name.strategy = class io.confluent.kafka.serializers.context.NullContextNameStrategy
	http.connect.timeout.ms = 60000
	http.read.timeout.ms = 60000
	id.compatibility.strict = true
	key.subject.name.strategy = class io.confluent.kafka.serializers.subject.TopicNameStrategy
	latest.cache.size = 1000
	latest.cache.ttl.sec = -1
	latest.compatibility.strict = true
	max.retries = 3
	max.schemas.per.subject = 1000
	normalize.schemas = false
	propagate.schema.tags = false
	proxy.host = 
	proxy.port = -1
	retries.max.wait.ms = 20000
	retries.wait.ms = 1000
	rule.actions = []
	rule.executors = []
	rule.service.loader.enable = true
	schema.format = null
	schema.reflection = false
	schema.registry.basic.auth.user.info = [hidden]
	schema.registry.ssl.cipher.suites = null
	schema.registry.ssl.enabled.protocols = [TLSv1.2, TLSv1.3]
	schema.registry.ssl.endpoint.identification.algorithm = https
	schema.registry.ssl.engine.factory.class = null
	schema.registry.ssl.key.password = null
	schema.registry.ssl.keymanager.algorithm = SunX509
	schema.registry.ssl.keystore.certificate.chain = null
	schema.registry.ssl.keystore.key = null
	schema.registry.ssl.keystore.location = null
	schema.registry.ssl.keystore.password = null
	schema.registry.ssl.keystore.type = JKS
	schema.registry.ssl.protocol = TLSv1.3
	schema.registry.ssl.provider = null
	schema.registry.ssl.secure.random.implementation = null
	schema.registry.ssl.trustmanager.algorithm = PKIX
	schema.registry.ssl.truststore.certificates = null
	schema.registry.ssl.truststore.location = null
	schema.registry.ssl.truststore.password = null
	schema.registry.ssl.truststore.type = JKS
	schema.registry.url = [http://0.0.0.0:38197/]
	schema.registry.url.randomize = false
	use.latest.version = false
	use.latest.with.metadata = null
	use.schema.id = -1
	value.subject.name.strategy = class io.confluent.kafka.serializers.subject.TopicNameStrategy
 (io.confluent.connect.avro.AvroConverterConfig:372)
[2026-03-04 15:48:34,512] INFO [kcbq-sink-connector-testUpsert-sr|task-0] KafkaAvroSerializerConfig values: 
	auto.register.schemas = true
	avro.reflection.allow.null = false
	avro.remove.java.properties = false
	avro.use.logical.type.converters = false
	basic.auth.credentials.source = URL
	basic.auth.user.info = [hidden]
	bearer.auth.cache.expiry.buffer.seconds = 300
	bearer.auth.client.id = null
	bearer.auth.client.secret = null
	bearer.auth.credentials.source = STATIC_TOKEN
	bearer.auth.custom.provider.class = null
	bearer.auth.identity.pool.id = null
	bearer.auth.issuer.endpoint.url = null
	bearer.auth.logical.cluster = null
	bearer.auth.scope = null
	bearer.auth.scope.claim.name = scope
	bearer.auth.sub.claim.name = sub
	bearer.auth.token = [hidden]
	context.name.strategy = class io.confluent.kafka.serializers.context.NullContextNameStrategy
	http.connect.timeout.ms = 60000
	http.read.timeout.ms = 60000
	id.compatibility.strict = true
	key.subject.name.strategy = class io.confluent.kafka.serializers.subject.TopicNameStrategy
	latest.cache.size = 1000
	latest.cache.ttl.sec = -1
	latest.compatibility.strict = true
	max.retries = 3
	max.schemas.per.subject = 1000
	normalize.schemas = false
	propagate.schema.tags = false
	proxy.host = 
	proxy.port = -1
	retries.max.wait.ms = 20000
	retries.wait.ms = 1000
	rule.actions = []
	rule.executors = []
	rule.service.loader.enable = true
	schema.format = null
	schema.reflection = false
	schema.registry.basic.auth.user.info = [hidden]
	schema.registry.ssl.cipher.suites = null
	schema.registry.ssl.enabled.protocols = [TLSv1.2, TLSv1.3]
	schema.registry.ssl.endpoint.identification.algorithm = https
	schema.registry.ssl.engine.factory.class = null
	schema.registry.ssl.key.password = null
	schema.registry.ssl.keymanager.algorithm = SunX509
	schema.registry.ssl.keystore.certificate.chain = null
	schema.registry.ssl.keystore.key = null
	schema.registry.ssl.keystore.location = null
	schema.registry.ssl.keystore.password = null
	schema.registry.ssl.keystore.type = JKS
	schema.registry.ssl.protocol = TLSv1.3
	schema.registry.ssl.provider = null
	schema.registry.ssl.secure.random.implementation = null
	schema.registry.ssl.trustmanager.algorithm = PKIX
	schema.registry.ssl.truststore.certificates = null
	schema.registry.ssl.truststore.location = null
	schema.registry.ssl.truststore.password = null
	schema.registry.ssl.truststore.type = JKS
	schema.registry.url = [http://0.0.0.0:38197/]
	schema.registry.url.randomize = false
	use.latest.version = false
	use.latest.with.metadata = null
	use.schema.id = -1
	value.subject.name.strategy = class io.confluent.kafka.serializers.subject.TopicNameStrategy
 (io.confluent.kafka.serializers.KafkaAvroSerializerConfig:372)
[2026-03-04 15:48:34,513] INFO [kcbq-sink-connector-testUpsert-sr|task-0] KafkaAvroDeserializerConfig values: 
	auto.register.schemas = true
	avro.reflection.allow.null = false
	avro.use.logical.type.converters = false
	basic.auth.credentials.source = URL
	basic.auth.user.info = [hidden]
	bearer.auth.cache.expiry.buffer.seconds = 300
	bearer.auth.client.id = null
	bearer.auth.client.secret = null
	bearer.auth.credentials.source = STATIC_TOKEN
	bearer.auth.custom.provider.class = null
	bearer.auth.identity.pool.id = null
	bearer.auth.issuer.endpoint.url = null
	bearer.auth.logical.cluster = null
	bearer.auth.scope = null
	bearer.auth.scope.claim.name = scope
	bearer.auth.sub.claim.name = sub
	bearer.auth.token = [hidden]
	context.name.strategy = class io.confluent.kafka.serializers.context.NullContextNameStrategy
	http.connect.timeout.ms = 60000
	http.read.timeout.ms = 60000
	id.compatibility.strict = true
	key.subject.name.strategy = class io.confluent.kafka.serializers.subject.TopicNameStrategy
	latest.cache.size = 1000
	latest.cache.ttl.sec = -1
	latest.compatibility.strict = true
	max.retries = 3
	max.schemas.per.subject = 1000
	normalize.schemas = false
	propagate.schema.tags = false
	proxy.host = 
	proxy.port = -1
	retries.max.wait.ms = 20000
	retries.wait.ms = 1000
	rule.actions = []
	rule.executors = []
	rule.service.loader.enable = true
	schema.format = null
	schema.reflection = false
	schema.registry.basic.auth.user.info = [hidden]
	schema.registry.ssl.cipher.suites = null
	schema.registry.ssl.enabled.protocols = [TLSv1.2, TLSv1.3]
	schema.registry.ssl.endpoint.identification.algorithm = https
	schema.registry.ssl.engine.factory.class = null
	schema.registry.ssl.key.password = null
	schema.registry.ssl.keymanager.algorithm = SunX509
	schema.registry.ssl.keystore.certificate.chain = null
	schema.registry.ssl.keystore.key = null
	schema.registry.ssl.keystore.location = null
	schema.registry.ssl.keystore.password = null
	schema.registry.ssl.keystore.type = JKS
	schema.registry.ssl.protocol = TLSv1.3
	schema.registry.ssl.provider = null
	schema.registry.ssl.secure.random.implementation = null
	schema.registry.ssl.trustmanager.algorithm = PKIX
	schema.registry.ssl.truststore.certificates = null
	schema.registry.ssl.truststore.location = null
	schema.registry.ssl.truststore.password = null
	schema.registry.ssl.truststore.type = JKS
	schema.registry.url = [http://0.0.0.0:38197/]
	schema.registry.url.randomize = false
	specific.avro.key.type = null
	specific.avro.reader = false
	specific.avro.value.type = null
	use.latest.version = false
	use.latest.with.metadata = null
	use.schema.id = -1
	value.subject.name.strategy = class io.confluent.kafka.serializers.subject.TopicNameStrategy
 (io.confluent.kafka.serializers.KafkaAvroDeserializerConfig:372)
[2026-03-04 15:48:34,513] INFO [kcbq-sink-connector-testUpsert-sr|task-0] AvroDataConfig values: 
	allow.optional.map.keys = false
	connect.meta.data = true
	discard.type.doc.default = false
	enhanced.avro.schema.support = false
	flatten.singleton.unions = true
	generalized.sum.type.support = false
	ignore.default.for.nullables = false
	schemas.cache.config = 1000
	scrub.invalid.names = false
 (io.confluent.connect.avro.AvroDataConfig:372)
[2026-03-04 15:48:34,513] INFO [kcbq-sink-connector-testUpsert-sr|task-0] Set up the key converter class io.confluent.connect.avro.AvroConverter for task kcbq-sink-connector-testUpsert-sr-0 using the connector config (org.apache.kafka.connect.runtime.Worker:679)
[2026-03-04 15:48:34,513] INFO [kcbq-sink-connector-testUpsert-sr|task-0] Set up the value converter class io.confluent.connect.avro.AvroConverter for task kcbq-sink-connector-testUpsert-sr-0 using the connector config (org.apache.kafka.connect.runtime.Worker:685)
[2026-03-04 15:48:34,513] INFO [kcbq-sink-connector-testUpsert-sr|task-0] Set up the header converter class org.apache.kafka.connect.storage.SimpleHeaderConverter for task kcbq-sink-connector-testUpsert-sr-0 using the worker config (org.apache.kafka.connect.runtime.Worker:690)
[2026-03-04 15:48:34,513] INFO [kcbq-sink-connector-testUpsert-sr|task-0] Initializing: org.apache.kafka.connect.runtime.TransformationChain{} (org.apache.kafka.connect.runtime.Worker:1794)
[2026-03-04 15:48:34,513] INFO [kcbq-sink-connector-testUpsert-sr|task-0] SinkConnectorConfig values: 
	config.action.reload = restart
	connector.class = com.wepay.kafka.connect.bigquery.BigQuerySinkConnector
	errors.deadletterqueue.context.headers.enable = false
	errors.deadletterqueue.topic.name = 
	errors.deadletterqueue.topic.replication.factor = 3
	errors.log.enable = false
	errors.log.include.messages = false
	errors.retry.delay.max.ms = 60000
	errors.retry.timeout = 0
	errors.tolerance = none
	header.converter = null
	key.converter = class io.confluent.connect.avro.AvroConverter
	name = kcbq-sink-connector-testUpsert-sr
	predicates = []
	tasks.max = 1
	tasks.max.enforce = true
	topics = [test-upsert-sr]
	topics.regex = 
	transforms = []
	value.converter = class io.confluent.connect.avro.AvroConverter
 (org.apache.kafka.connect.runtime.SinkConnectorConfig:372)
[2026-03-04 15:48:34,513] INFO [kcbq-sink-connector-testUpsert-sr|task-0] EnrichedConnectorConfig values: 
	config.action.reload = restart
	connector.class = com.wepay.kafka.connect.bigquery.BigQuerySinkConnector
	errors.deadletterqueue.context.headers.enable = false
	errors.deadletterqueue.topic.name = 
	errors.deadletterqueue.topic.replication.factor = 3
	errors.log.enable = false
	errors.log.include.messages = false
	errors.retry.delay.max.ms = 60000
	errors.retry.timeout = 0
	errors.tolerance = none
	header.converter = null
	key.converter = class io.confluent.connect.avro.AvroConverter
	name = kcbq-sink-connector-testUpsert-sr
	predicates = []
	tasks.max = 1
	tasks.max.enforce = true
	topics = [test-upsert-sr]
	topics.regex = 
	transforms = []
	value.converter = class io.confluent.connect.avro.AvroConverter
 (org.apache.kafka.connect.runtime.ConnectorConfig$EnrichedConnectorConfig:372)
[2026-03-04 15:48:34,513] INFO [kcbq-sink-connector-testUpsert-sr|task-0] ConsumerConfig values: 
	allow.auto.create.topics = true
	auto.commit.interval.ms = 5000
	auto.include.jmx.reporter = true
	auto.offset.reset = earliest
	bootstrap.servers = [localhost:39731]
	check.crcs = true
	client.dns.lookup = use_all_dns_ips
	client.id = connector-consumer-kcbq-sink-connector-testUpsert-sr-0
	client.rack = 
	connections.max.idle.ms = 540000
	default.api.timeout.ms = 60000
	enable.auto.commit = false
	enable.metrics.push = true
	exclude.internal.topics = true
	fetch.max.bytes = 52428800
	fetch.max.wait.ms = 500
	fetch.min.bytes = 1
	group.id = connect-kcbq-sink-connector-testUpsert-sr
	group.instance.id = null
	group.protocol = classic
	group.remote.assignor = null
	heartbeat.interval.ms = 3000
	interceptor.classes = []
	internal.leave.group.on.close = true
	internal.throw.on.fetch.stable.offset.unsupported = false
	isolation.level = read_uncommitted
	key.deserializer = class org.apache.kafka.common.serialization.ByteArrayDeserializer
	max.partition.fetch.bytes = 1048576
	max.poll.interval.ms = 300000
	max.poll.records = 500
	metadata.max.age.ms = 300000
	metadata.recovery.strategy = none
	metric.reporters = []
	metrics.num.samples = 2
	metrics.recording.level = INFO
	metrics.sample.window.ms = 30000
	partition.assignment.strategy = [class org.apache.kafka.clients.consumer.RangeAssignor, class org.apache.kafka.clients.consumer.CooperativeStickyAssignor]
	receive.buffer.bytes = 65536
	reconnect.backoff.max.ms = 1000
	reconnect.backoff.ms = 50
	request.timeout.ms = 30000
	retry.backoff.max.ms = 1000
	retry.backoff.ms = 100
	sasl.client.callback.handler.class = null
	sasl.jaas.config = null
	sasl.kerberos.kinit.cmd = /usr/bin/kinit
	sasl.kerberos.min.time.before.relogin = 60000
	sasl.kerberos.service.name = null
	sasl.kerberos.ticket.renew.jitter = 0.05
	sasl.kerberos.ticket.renew.window.factor = 0.8
	sasl.login.callback.handler.class = null
	sasl.login.class = null
	sasl.login.connect.timeout.ms = null
	sasl.login.read.timeout.ms = null
	sasl.login.refresh.buffer.seconds = 300
	sasl.login.refresh.min.period.seconds = 60
	sasl.login.refresh.window.factor = 0.8
	sasl.login.refresh.window.jitter = 0.05
	sasl.login.retry.backoff.max.ms = 10000
	sasl.login.retry.backoff.ms = 100
	sasl.mechanism = GSSAPI
	sasl.oauthbearer.clock.skew.seconds = 30
	sasl.oauthbearer.expected.audience = null
	sasl.oauthbearer.expected.issuer = null
	sasl.oauthbearer.jwks.endpoint.refresh.ms = 3600000
	sasl.oauthbearer.jwks.endpoint.retry.backoff.max.ms = 10000
	sasl.oauthbearer.jwks.endpoint.retry.backoff.ms = 100
	sasl.oauthbearer.jwks.endpoint.url = null
	sasl.oauthbearer.scope.claim.name = scope
	sasl.oauthbearer.sub.claim.name = sub
	sasl.oauthbearer.token.endpoint.url = null
	security.protocol = PLAINTEXT
	security.providers = null
	send.buffer.bytes = 131072
	session.timeout.ms = 45000
	socket.connection.setup.timeout.max.ms = 30000
	socket.connection.setup.timeout.ms = 10000
	ssl.cipher.suites = null
	ssl.enabled.protocols = [TLSv1.2, TLSv1.3]
	ssl.endpoint.identification.algorithm = https
	ssl.engine.factory.class = null
	ssl.key.password = null
	ssl.keymanager.algorithm = SunX509
	ssl.keystore.certificate.chain = null
	ssl.keystore.key = null
	ssl.keystore.location = null
	ssl.keystore.password = null
	ssl.keystore.type = JKS
	ssl.protocol = TLSv1.3
	ssl.provider = null
	ssl.secure.random.implementation = null
	ssl.trustmanager.algorithm = PKIX
	ssl.truststore.certificates = null
	ssl.truststore.location = null
	ssl.truststore.password = null
	ssl.truststore.type = JKS
	value.deserializer = class org.apache.kafka.common.serialization.ByteArrayDeserializer
 (org.apache.kafka.clients.consumer.ConsumerConfig:372)
[2026-03-04 15:48:34,513] INFO [kcbq-sink-connector-testUpsert-sr|task-0] initializing Kafka metrics collector (org.apache.kafka.common.telemetry.internals.KafkaMetricsCollector:269)
[2026-03-04 15:48:34,514] INFO [kcbq-sink-connector-testUpsert-sr|task-0] These configurations '[metrics.context.connect.kafka.cluster.id, metrics.context.connect.group.id]' were supplied but are not used yet. (org.apache.kafka.clients.consumer.ConsumerConfig:381)
[2026-03-04 15:48:34,514] INFO [kcbq-sink-connector-testUpsert-sr|task-0] Kafka version: 3.8.1 (org.apache.kafka.common.utils.AppInfoParser:124)
[2026-03-04 15:48:34,514] INFO [kcbq-sink-connector-testUpsert-sr|task-0] Kafka commitId: 70d6ff42debf7e17 (org.apache.kafka.common.utils.AppInfoParser:125)
[2026-03-04 15:48:34,514] INFO [kcbq-sink-connector-testUpsert-sr|task-0] Kafka startTimeMs: 1772619514514 (org.apache.kafka.common.utils.AppInfoParser:126)
[2026-03-04 15:48:34,514] INFO [Worker clientId=connect-localhost:33759, groupId=connect-integration-test-kcbq-connect-cluster] Finished starting connectors and tasks (org.apache.kafka.connect.runtime.distributed.DistributedHerder:1988)
[2026-03-04 15:48:34,514] INFO [kcbq-sink-connector-testUpsert-sr|task-0] [Consumer clientId=connector-consumer-kcbq-sink-connector-testUpsert-sr-0, groupId=connect-kcbq-sink-connector-testUpsert-sr] Subscribed to topic(s): test-upsert-sr (org.apache.kafka.clients.consumer.internals.LegacyKafkaConsumer:476)
[2026-03-04 15:48:34,514] INFO [kcbq-sink-connector-testUpsert-sr|task-0] BigQuerySinkTaskConfig values: 
	GCSBQTask = false
	allBQFieldsNullable = false
	allowBigQueryRequiredFieldRelaxation = false
	allowNewBigQueryFields = false
	allowSchemaUnionization = false
	autoCreateBucket = true
	autoCreateTables = true
	avroDataCacheSize = 100
	batchLoadIntervalSec = 120
	bigQueryMessageTimePartitioning = false
	bigQueryPartitionDecorator = true
	bigQueryRetry = 0
	bigQueryRetryWait = 1000
	clusteringPartitionFieldNames = null
	commitInterval = 60
	convertDebeziumTimestampToInteger = false
	convertDebeziumVariableScaleDecimal = false
	convertDoubleSpecialValues = false
	decimalHandlingMode = FLOAT
	defaultDataset = test_dataset
	deleteEnabled = false
	enableBatchLoad = []
	enableBatchMode = false
	enableRetries = true
	gcsBucketName = 
	gcsFolderName = 
	ignoreUnknownFields = false
	intermediateTableSuffix = tmp
	kafkaDataFieldName = null
	kafkaKeyFieldName = kafkaKey
	keySource = FILE
	keyfile = [hidden]
	max.retries = 10
	mergeIntervalMs = -1
	mergeRecordsThreshold = 2
	partitionExpirationMs = null
	preserveKafkaTopicPartitionOffset = false
	project = gen-lang-client-0026556124
	queueSize = -1
	sanitizeFieldNames = false
	sanitizeTopics = true
	schemaRetriever = class com.wepay.kafka.connect.bigquery.retrieve.IdentitySchemaRetriever
	taskId = 0
	threadPoolSize = 10
	timePartitioningType = DAY
	timestampPartitionFieldName = null
	topic2TableMap = 
	topics = [test-upsert-sr]
	topics.regex = 
	upsertEnabled = true
	useCredentialsProjectId = false
	useStorageWriteApi = false
	variableScaleDecimalHandlingMode = RECORD
 (com.wepay.kafka.connect.bigquery.config.BigQuerySinkTaskConfig:372)
[2026-03-04 15:48:34,514] WARN [kcbq-sink-connector-testUpsert-sr|task-0] Option convertDebeziumVariableScaleDecimal is deprecated since 2.8.0: Use variableScaleDecimalHandlingMode instead. (com.wepay.kafka.connect.bigquery.config.BigQuerySinkConfig:650)
[2026-03-04 15:48:34,514] DEBUG [kcbq-sink-connector-testUpsert-sr|task-0] Attempting to open file /home/killua/Downloads/gen-lang-client-0026556124-a7c58e438363.json for service account json key (com.wepay.kafka.connect.bigquery.GcpClientBuilder:147)
[2026-03-04 15:48:34,515] DEBUG [kcbq-sink-connector-testUpsert-sr|task-0] Attempting to open file /home/killua/Downloads/gen-lang-client-0026556124-a7c58e438363.json for service account json key (com.wepay.kafka.connect.bigquery.GcpClientBuilder:147)
[2026-03-04 15:48:34,515] INFO [kcbq-sink-connector-testUpsert-sr|task-0] mergeIntervalMs is set to -1; periodic merge flushes are disabled (com.wepay.kafka.connect.bigquery.BigQuerySinkTask:596)
[2026-03-04 15:48:34,515] INFO [kcbq-sink-connector-testUpsert-sr|task-0] WorkerSinkTask{id=kcbq-sink-connector-testUpsert-sr-0} Sink task finished initialization and start (org.apache.kafka.connect.runtime.WorkerSinkTask:324)
[2026-03-04 15:48:34,515] INFO [kcbq-sink-connector-testUpsert-sr|task-0] WorkerSinkTask{id=kcbq-sink-connector-testUpsert-sr-0} Executing sink task (org.apache.kafka.connect.runtime.WorkerSinkTask:210)
[2026-03-04 15:48:34,516] INFO [kcbq-sink-connector-testUpsert-sr|task-0] [Consumer clientId=connector-consumer-kcbq-sink-connector-testUpsert-sr-0, groupId=connect-kcbq-sink-connector-testUpsert-sr] Cluster ID: O0f4olPMSbKgz2FfinXZHg (org.apache.kafka.clients.Metadata:364)
[2026-03-04 15:48:34,516] INFO [kcbq-sink-connector-testUpsert-sr|task-0] [Consumer clientId=connector-consumer-kcbq-sink-connector-testUpsert-sr-0, groupId=connect-kcbq-sink-connector-testUpsert-sr] Discovered group coordinator localhost:39731 (id: 2147483647 rack: null) (org.apache.kafka.clients.consumer.internals.ConsumerCoordinator:936)
[2026-03-04 15:48:34,516] INFO [kcbq-sink-connector-testUpsert-sr|task-0] [Consumer clientId=connector-consumer-kcbq-sink-connector-testUpsert-sr-0, groupId=connect-kcbq-sink-connector-testUpsert-sr] (Re-)joining group (org.apache.kafka.clients.consumer.internals.ConsumerCoordinator:604)
[2026-03-04 15:48:34,517] INFO [GroupCoordinator 0]: Dynamic member with unknown member id joins group connect-kcbq-sink-connector-testUpsert-sr in Empty state. Created a new member id connector-consumer-kcbq-sink-connector-testUpsert-sr-0-54908c74-18f1-479a-b893-0381094bdb0c and request the member to rejoin with this id. (kafka.coordinator.group.GroupCoordinator:66)
[2026-03-04 15:48:34,517] INFO [kcbq-sink-connector-testUpsert-sr|task-0] [Consumer clientId=connector-consumer-kcbq-sink-connector-testUpsert-sr-0, groupId=connect-kcbq-sink-connector-testUpsert-sr] Request joining group due to: need to re-join with the given member-id: connector-consumer-kcbq-sink-connector-testUpsert-sr-0-54908c74-18f1-479a-b893-0381094bdb0c (org.apache.kafka.clients.consumer.internals.ConsumerCoordinator:1102)
[2026-03-04 15:48:34,517] INFO [kcbq-sink-connector-testUpsert-sr|task-0] [Consumer clientId=connector-consumer-kcbq-sink-connector-testUpsert-sr-0, groupId=connect-kcbq-sink-connector-testUpsert-sr] (Re-)joining group (org.apache.kafka.clients.consumer.internals.ConsumerCoordinator:604)
[2026-03-04 15:48:34,517] INFO [GroupCoordinator 0]: Preparing to rebalance group connect-kcbq-sink-connector-testUpsert-sr in state PreparingRebalance with old generation 0 (__consumer_offsets-44) (reason: Adding new member connector-consumer-kcbq-sink-connector-testUpsert-sr-0-54908c74-18f1-479a-b893-0381094bdb0c with group instance id None; client reason: need to re-join with the given member-id: connector-consumer-kcbq-sink-connector-testUpsert-sr-0-54908c74-18f1-479a-b893-0381094bdb0c) (kafka.coordinator.group.GroupCoordinator:66)
[2026-03-04 15:48:34,517] INFO [GroupCoordinator 0]: Stabilized group connect-kcbq-sink-connector-testUpsert-sr generation 1 (__consumer_offsets-44) with 1 members (kafka.coordinator.group.GroupCoordinator:66)
[2026-03-04 15:48:34,517] INFO [kcbq-sink-connector-testUpsert-sr|task-0] [Consumer clientId=connector-consumer-kcbq-sink-connector-testUpsert-sr-0, groupId=connect-kcbq-sink-connector-testUpsert-sr] Successfully joined group with generation Generation{generationId=1, memberId='connector-consumer-kcbq-sink-connector-testUpsert-sr-0-54908c74-18f1-479a-b893-0381094bdb0c', protocol='range'} (org.apache.kafka.clients.consumer.internals.ConsumerCoordinator:665)
[2026-03-04 15:48:34,517] INFO [kcbq-sink-connector-testUpsert-sr|task-0] [Consumer clientId=connector-consumer-kcbq-sink-connector-testUpsert-sr-0, groupId=connect-kcbq-sink-connector-testUpsert-sr] Finished assignment for group at generation 1: {connector-consumer-kcbq-sink-connector-testUpsert-sr-0-54908c74-18f1-479a-b893-0381094bdb0c=Assignment(partitions=[test-upsert-sr-0])} (org.apache.kafka.clients.consumer.internals.ConsumerCoordinator:663)
[2026-03-04 15:48:34,517] INFO [GroupCoordinator 0]: Assignment received from leader connector-consumer-kcbq-sink-connector-testUpsert-sr-0-54908c74-18f1-479a-b893-0381094bdb0c for group connect-kcbq-sink-connector-testUpsert-sr for generation 1. The group has 1 members, 0 of which are static. (kafka.coordinator.group.GroupCoordinator:66)
[2026-03-04 15:48:34,518] INFO [kcbq-sink-connector-testUpsert-sr|task-0] [Consumer clientId=connector-consumer-kcbq-sink-connector-testUpsert-sr-0, groupId=connect-kcbq-sink-connector-testUpsert-sr] Successfully synced group in generation Generation{generationId=1, memberId='connector-consumer-kcbq-sink-connector-testUpsert-sr-0-54908c74-18f1-479a-b893-0381094bdb0c', protocol='range'} (org.apache.kafka.clients.consumer.internals.ConsumerCoordinator:842)
[2026-03-04 15:48:34,518] INFO [kcbq-sink-connector-testUpsert-sr|task-0] [Consumer clientId=connector-consumer-kcbq-sink-connector-testUpsert-sr-0, groupId=connect-kcbq-sink-connector-testUpsert-sr] Notifying assignor about the new Assignment(partitions=[test-upsert-sr-0]) (org.apache.kafka.clients.consumer.internals.ConsumerCoordinator:323)
[2026-03-04 15:48:34,518] INFO [kcbq-sink-connector-testUpsert-sr|task-0] [Consumer clientId=connector-consumer-kcbq-sink-connector-testUpsert-sr-0, groupId=connect-kcbq-sink-connector-testUpsert-sr] Adding newly assigned partitions: test-upsert-sr-0 (org.apache.kafka.clients.consumer.internals.ConsumerRebalanceListenerInvoker:57)
[2026-03-04 15:48:34,518] INFO [kcbq-sink-connector-testUpsert-sr|task-0] [Consumer clientId=connector-consumer-kcbq-sink-connector-testUpsert-sr-0, groupId=connect-kcbq-sink-connector-testUpsert-sr] Found no committed offset for partition test-upsert-sr-0 (org.apache.kafka.clients.consumer.internals.ConsumerCoordinator:1506)
[2026-03-04 15:48:34,519] INFO [kcbq-sink-connector-testUpsert-sr|task-0] [Consumer clientId=connector-consumer-kcbq-sink-connector-testUpsert-sr-0, groupId=connect-kcbq-sink-connector-testUpsert-sr] Resetting offset for partition test-upsert-sr-0 to position FetchPosition{offset=0, offsetEpoch=Optional.empty, currentLeader=LeaderAndEpoch{leader=Optional[localhost:39731 (id: 0 rack: null)], epoch=0}}. (org.apache.kafka.clients.consumer.internals.SubscriptionState:398)
[2026-03-04 15:48:34,609] INFO 127.0.0.1 - - [04/Mar/2026:10:18:34 +0000] "GET /connectors/kcbq-sink-connector-testUpsert-sr/status HTTP/1.1" 200 187 "-" "Jetty/9.4.56.v20240826" 1 (org.apache.kafka.connect.runtime.rest.RestServer:62)
[2026-03-04 15:48:34,609] INFO GET response for URL=http://localhost:33759/connectors/kcbq-sink-connector-testUpsert-sr/status is {"name":"kcbq-sink-connector-testUpsert-sr","connector":{"state":"RUNNING","worker_id":"localhost:33759"},"tasks":[{"id":0,"state":"RUNNING","worker_id":"localhost:33759"}],"type":"sink"} (org.apache.kafka.connect.util.clusters.EmbeddedConnect:1016)
[2026-03-04 15:48:34,610] INFO AvroConverterConfig values: 
	auto.register.schemas = true
	basic.auth.credentials.source = URL
	basic.auth.user.info = [hidden]
	bearer.auth.cache.expiry.buffer.seconds = 300
	bearer.auth.client.id = null
	bearer.auth.client.secret = null
	bearer.auth.credentials.source = STATIC_TOKEN
	bearer.auth.custom.provider.class = null
	bearer.auth.identity.pool.id = null
	bearer.auth.issuer.endpoint.url = null
	bearer.auth.logical.cluster = null
	bearer.auth.scope = null
	bearer.auth.scope.claim.name = scope
	bearer.auth.sub.claim.name = sub
	bearer.auth.token = [hidden]
	context.name.strategy = class io.confluent.kafka.serializers.context.NullContextNameStrategy
	http.connect.timeout.ms = 60000
	http.read.timeout.ms = 60000
	id.compatibility.strict = true
	key.subject.name.strategy = class io.confluent.kafka.serializers.subject.TopicNameStrategy
	latest.cache.size = 1000
	latest.cache.ttl.sec = -1
	latest.compatibility.strict = true
	max.retries = 3
	max.schemas.per.subject = 1000
	normalize.schemas = false
	propagate.schema.tags = false
	proxy.host = 
	proxy.port = -1
	retries.max.wait.ms = 20000
	retries.wait.ms = 1000
	rule.actions = []
	rule.executors = []
	rule.service.loader.enable = true
	schema.format = null
	schema.reflection = false
	schema.registry.basic.auth.user.info = [hidden]
	schema.registry.ssl.cipher.suites = null
	schema.registry.ssl.enabled.protocols = [TLSv1.2, TLSv1.3]
	schema.registry.ssl.endpoint.identification.algorithm = https
	schema.registry.ssl.engine.factory.class = null
	schema.registry.ssl.key.password = null
	schema.registry.ssl.keymanager.algorithm = SunX509
	schema.registry.ssl.keystore.certificate.chain = null
	schema.registry.ssl.keystore.key = null
	schema.registry.ssl.keystore.location = null
	schema.registry.ssl.keystore.password = null
	schema.registry.ssl.keystore.type = JKS
	schema.registry.ssl.protocol = TLSv1.3
	schema.registry.ssl.provider = null
	schema.registry.ssl.secure.random.implementation = null
	schema.registry.ssl.trustmanager.algorithm = PKIX
	schema.registry.ssl.truststore.certificates = null
	schema.registry.ssl.truststore.location = null
	schema.registry.ssl.truststore.password = null
	schema.registry.ssl.truststore.type = JKS
	schema.registry.url = [http://0.0.0.0:38197/]
	schema.registry.url.randomize = false
	use.latest.version = false
	use.latest.with.metadata = null
	use.schema.id = -1
	value.subject.name.strategy = class io.confluent.kafka.serializers.subject.TopicNameStrategy
 (io.confluent.connect.avro.AvroConverterConfig:372)
[2026-03-04 15:48:34,610] INFO KafkaAvroSerializerConfig values: 
	auto.register.schemas = true
	avro.reflection.allow.null = false
	avro.remove.java.properties = false
	avro.use.logical.type.converters = false
	basic.auth.credentials.source = URL
	basic.auth.user.info = [hidden]
	bearer.auth.cache.expiry.buffer.seconds = 300
	bearer.auth.client.id = null
	bearer.auth.client.secret = null
	bearer.auth.credentials.source = STATIC_TOKEN
	bearer.auth.custom.provider.class = null
	bearer.auth.identity.pool.id = null
	bearer.auth.issuer.endpoint.url = null
	bearer.auth.logical.cluster = null
	bearer.auth.scope = null
	bearer.auth.scope.claim.name = scope
	bearer.auth.sub.claim.name = sub
	bearer.auth.token = [hidden]
	context.name.strategy = class io.confluent.kafka.serializers.context.NullContextNameStrategy
	http.connect.timeout.ms = 60000
	http.read.timeout.ms = 60000
	id.compatibility.strict = true
	key.subject.name.strategy = class io.confluent.kafka.serializers.subject.TopicNameStrategy
	latest.cache.size = 1000
	latest.cache.ttl.sec = -1
	latest.compatibility.strict = true
	max.retries = 3
	max.schemas.per.subject = 1000
	normalize.schemas = false
	propagate.schema.tags = false
	proxy.host = 
	proxy.port = -1
	retries.max.wait.ms = 20000
	retries.wait.ms = 1000
	rule.actions = []
	rule.executors = []
	rule.service.loader.enable = true
	schema.format = null
	schema.reflection = false
	schema.registry.basic.auth.user.info = [hidden]
	schema.registry.ssl.cipher.suites = null
	schema.registry.ssl.enabled.protocols = [TLSv1.2, TLSv1.3]
	schema.registry.ssl.endpoint.identification.algorithm = https
	schema.registry.ssl.engine.factory.class = null
	schema.registry.ssl.key.password = null
	schema.registry.ssl.keymanager.algorithm = SunX509
	schema.registry.ssl.keystore.certificate.chain = null
	schema.registry.ssl.keystore.key = null
	schema.registry.ssl.keystore.location = null
	schema.registry.ssl.keystore.password = null
	schema.registry.ssl.keystore.type = JKS
	schema.registry.ssl.protocol = TLSv1.3
	schema.registry.ssl.provider = null
	schema.registry.ssl.secure.random.implementation = null
	schema.registry.ssl.trustmanager.algorithm = PKIX
	schema.registry.ssl.truststore.certificates = null
	schema.registry.ssl.truststore.location = null
	schema.registry.ssl.truststore.password = null
	schema.registry.ssl.truststore.type = JKS
	schema.registry.url = [http://0.0.0.0:38197/]
	schema.registry.url.randomize = false
	use.latest.version = false
	use.latest.with.metadata = null
	use.schema.id = -1
	value.subject.name.strategy = class io.confluent.kafka.serializers.subject.TopicNameStrategy
 (io.confluent.kafka.serializers.KafkaAvroSerializerConfig:372)
[2026-03-04 15:48:34,611] INFO KafkaAvroDeserializerConfig values: 
	auto.register.schemas = true
	avro.reflection.allow.null = false
	avro.use.logical.type.converters = false
	basic.auth.credentials.source = URL
	basic.auth.user.info = [hidden]
	bearer.auth.cache.expiry.buffer.seconds = 300
	bearer.auth.client.id = null
	bearer.auth.client.secret = null
	bearer.auth.credentials.source = STATIC_TOKEN
	bearer.auth.custom.provider.class = null
	bearer.auth.identity.pool.id = null
	bearer.auth.issuer.endpoint.url = null
	bearer.auth.logical.cluster = null
	bearer.auth.scope = null
	bearer.auth.scope.claim.name = scope
	bearer.auth.sub.claim.name = sub
	bearer.auth.token = [hidden]
	context.name.strategy = class io.confluent.kafka.serializers.context.NullContextNameStrategy
	http.connect.timeout.ms = 60000
	http.read.timeout.ms = 60000
	id.compatibility.strict = true
	key.subject.name.strategy = class io.confluent.kafka.serializers.subject.TopicNameStrategy
	latest.cache.size = 1000
	latest.cache.ttl.sec = -1
	latest.compatibility.strict = true
	max.retries = 3
	max.schemas.per.subject = 1000
	normalize.schemas = false
	propagate.schema.tags = false
	proxy.host = 
	proxy.port = -1
	retries.max.wait.ms = 20000
	retries.wait.ms = 1000
	rule.actions = []
	rule.executors = []
	rule.service.loader.enable = true
	schema.format = null
	schema.reflection = false
	schema.registry.basic.auth.user.info = [hidden]
	schema.registry.ssl.cipher.suites = null
	schema.registry.ssl.enabled.protocols = [TLSv1.2, TLSv1.3]
	schema.registry.ssl.endpoint.identification.algorithm = https
	schema.registry.ssl.engine.factory.class = null
	schema.registry.ssl.key.password = null
	schema.registry.ssl.keymanager.algorithm = SunX509
	schema.registry.ssl.keystore.certificate.chain = null
	schema.registry.ssl.keystore.key = null
	schema.registry.ssl.keystore.location = null
	schema.registry.ssl.keystore.password = null
	schema.registry.ssl.keystore.type = JKS
	schema.registry.ssl.protocol = TLSv1.3
	schema.registry.ssl.provider = null
	schema.registry.ssl.secure.random.implementation = null
	schema.registry.ssl.trustmanager.algorithm = PKIX
	schema.registry.ssl.truststore.certificates = null
	schema.registry.ssl.truststore.location = null
	schema.registry.ssl.truststore.password = null
	schema.registry.ssl.truststore.type = JKS
	schema.registry.url = [http://0.0.0.0:38197/]
	schema.registry.url.randomize = false
	specific.avro.key.type = null
	specific.avro.reader = false
	specific.avro.value.type = null
	use.latest.version = false
	use.latest.with.metadata = null
	use.schema.id = -1
	value.subject.name.strategy = class io.confluent.kafka.serializers.subject.TopicNameStrategy
 (io.confluent.kafka.serializers.KafkaAvroDeserializerConfig:372)
[2026-03-04 15:48:34,611] INFO AvroDataConfig values: 
	allow.optional.map.keys = false
	connect.meta.data = true
	discard.type.doc.default = false
	enhanced.avro.schema.support = false
	flatten.singleton.unions = true
	generalized.sum.type.support = false
	ignore.default.for.nullables = false
	schemas.cache.config = 1000
	scrub.invalid.names = false
 (io.confluent.connect.avro.AvroDataConfig:372)
[2026-03-04 15:48:34,611] INFO AvroConverterConfig values: 
	auto.register.schemas = true
	basic.auth.credentials.source = URL
	basic.auth.user.info = [hidden]
	bearer.auth.cache.expiry.buffer.seconds = 300
	bearer.auth.client.id = null
	bearer.auth.client.secret = null
	bearer.auth.credentials.source = STATIC_TOKEN
	bearer.auth.custom.provider.class = null
	bearer.auth.identity.pool.id = null
	bearer.auth.issuer.endpoint.url = null
	bearer.auth.logical.cluster = null
	bearer.auth.scope = null
	bearer.auth.scope.claim.name = scope
	bearer.auth.sub.claim.name = sub
	bearer.auth.token = [hidden]
	context.name.strategy = class io.confluent.kafka.serializers.context.NullContextNameStrategy
	http.connect.timeout.ms = 60000
	http.read.timeout.ms = 60000
	id.compatibility.strict = true
	key.subject.name.strategy = class io.confluent.kafka.serializers.subject.TopicNameStrategy
	latest.cache.size = 1000
	latest.cache.ttl.sec = -1
	latest.compatibility.strict = true
	max.retries = 3
	max.schemas.per.subject = 1000
	normalize.schemas = false
	propagate.schema.tags = false
	proxy.host = 
	proxy.port = -1
	retries.max.wait.ms = 20000
	retries.wait.ms = 1000
	rule.actions = []
	rule.executors = []
	rule.service.loader.enable = true
	schema.format = null
	schema.reflection = false
	schema.registry.basic.auth.user.info = [hidden]
	schema.registry.ssl.cipher.suites = null
	schema.registry.ssl.enabled.protocols = [TLSv1.2, TLSv1.3]
	schema.registry.ssl.endpoint.identification.algorithm = https
	schema.registry.ssl.engine.factory.class = null
	schema.registry.ssl.key.password = null
	schema.registry.ssl.keymanager.algorithm = SunX509
	schema.registry.ssl.keystore.certificate.chain = null
	schema.registry.ssl.keystore.key = null
	schema.registry.ssl.keystore.location = null
	schema.registry.ssl.keystore.password = null
	schema.registry.ssl.keystore.type = JKS
	schema.registry.ssl.protocol = TLSv1.3
	schema.registry.ssl.provider = null
	schema.registry.ssl.secure.random.implementation = null
	schema.registry.ssl.trustmanager.algorithm = PKIX
	schema.registry.ssl.truststore.certificates = null
	schema.registry.ssl.truststore.location = null
	schema.registry.ssl.truststore.password = null
	schema.registry.ssl.truststore.type = JKS
	schema.registry.url = [http://0.0.0.0:38197/]
	schema.registry.url.randomize = false
	use.latest.version = false
	use.latest.with.metadata = null
	use.schema.id = -1
	value.subject.name.strategy = class io.confluent.kafka.serializers.subject.TopicNameStrategy
 (io.confluent.connect.avro.AvroConverterConfig:372)
[2026-03-04 15:48:34,611] INFO KafkaAvroSerializerConfig values: 
	auto.register.schemas = true
	avro.reflection.allow.null = false
	avro.remove.java.properties = false
	avro.use.logical.type.converters = false
	basic.auth.credentials.source = URL
	basic.auth.user.info = [hidden]
	bearer.auth.cache.expiry.buffer.seconds = 300
	bearer.auth.client.id = null
	bearer.auth.client.secret = null
	bearer.auth.credentials.source = STATIC_TOKEN
	bearer.auth.custom.provider.class = null
	bearer.auth.identity.pool.id = null
	bearer.auth.issuer.endpoint.url = null
	bearer.auth.logical.cluster = null
	bearer.auth.scope = null
	bearer.auth.scope.claim.name = scope
	bearer.auth.sub.claim.name = sub
	bearer.auth.token = [hidden]
	context.name.strategy = class io.confluent.kafka.serializers.context.NullContextNameStrategy
	http.connect.timeout.ms = 60000
	http.read.timeout.ms = 60000
	id.compatibility.strict = true
	key.subject.name.strategy = class io.confluent.kafka.serializers.subject.TopicNameStrategy
	latest.cache.size = 1000
	latest.cache.ttl.sec = -1
	latest.compatibility.strict = true
	max.retries = 3
	max.schemas.per.subject = 1000
	normalize.schemas = false
	propagate.schema.tags = false
	proxy.host = 
	proxy.port = -1
	retries.max.wait.ms = 20000
	retries.wait.ms = 1000
	rule.actions = []
	rule.executors = []
	rule.service.loader.enable = true
	schema.format = null
	schema.reflection = false
	schema.registry.basic.auth.user.info = [hidden]
	schema.registry.ssl.cipher.suites = null
	schema.registry.ssl.enabled.protocols = [TLSv1.2, TLSv1.3]
	schema.registry.ssl.endpoint.identification.algorithm = https
	schema.registry.ssl.engine.factory.class = null
	schema.registry.ssl.key.password = null
	schema.registry.ssl.keymanager.algorithm = SunX509
	schema.registry.ssl.keystore.certificate.chain = null
	schema.registry.ssl.keystore.key = null
	schema.registry.ssl.keystore.location = null
	schema.registry.ssl.keystore.password = null
	schema.registry.ssl.keystore.type = JKS
	schema.registry.ssl.protocol = TLSv1.3
	schema.registry.ssl.provider = null
	schema.registry.ssl.secure.random.implementation = null
	schema.registry.ssl.trustmanager.algorithm = PKIX
	schema.registry.ssl.truststore.certificates = null
	schema.registry.ssl.truststore.location = null
	schema.registry.ssl.truststore.password = null
	schema.registry.ssl.truststore.type = JKS
	schema.registry.url = [http://0.0.0.0:38197/]
	schema.registry.url.randomize = false
	use.latest.version = false
	use.latest.with.metadata = null
	use.schema.id = -1
	value.subject.name.strategy = class io.confluent.kafka.serializers.subject.TopicNameStrategy
 (io.confluent.kafka.serializers.KafkaAvroSerializerConfig:372)
[2026-03-04 15:48:34,611] INFO KafkaAvroDeserializerConfig values: 
	auto.register.schemas = true
	avro.reflection.allow.null = false
	avro.use.logical.type.converters = false
	basic.auth.credentials.source = URL
	basic.auth.user.info = [hidden]
	bearer.auth.cache.expiry.buffer.seconds = 300
	bearer.auth.client.id = null
	bearer.auth.client.secret = null
	bearer.auth.credentials.source = STATIC_TOKEN
	bearer.auth.custom.provider.class = null
	bearer.auth.identity.pool.id = null
	bearer.auth.issuer.endpoint.url = null
	bearer.auth.logical.cluster = null
	bearer.auth.scope = null
	bearer.auth.scope.claim.name = scope
	bearer.auth.sub.claim.name = sub
	bearer.auth.token = [hidden]
	context.name.strategy = class io.confluent.kafka.serializers.context.NullContextNameStrategy
	http.connect.timeout.ms = 60000
	http.read.timeout.ms = 60000
	id.compatibility.strict = true
	key.subject.name.strategy = class io.confluent.kafka.serializers.subject.TopicNameStrategy
	latest.cache.size = 1000
	latest.cache.ttl.sec = -1
	latest.compatibility.strict = true
	max.retries = 3
	max.schemas.per.subject = 1000
	normalize.schemas = false
	propagate.schema.tags = false
	proxy.host = 
	proxy.port = -1
	retries.max.wait.ms = 20000
	retries.wait.ms = 1000
	rule.actions = []
	rule.executors = []
	rule.service.loader.enable = true
	schema.format = null
	schema.reflection = false
	schema.registry.basic.auth.user.info = [hidden]
	schema.registry.ssl.cipher.suites = null
	schema.registry.ssl.enabled.protocols = [TLSv1.2, TLSv1.3]
	schema.registry.ssl.endpoint.identification.algorithm = https
	schema.registry.ssl.engine.factory.class = null
	schema.registry.ssl.key.password = null
	schema.registry.ssl.keymanager.algorithm = SunX509
	schema.registry.ssl.keystore.certificate.chain = null
	schema.registry.ssl.keystore.key = null
	schema.registry.ssl.keystore.location = null
	schema.registry.ssl.keystore.password = null
	schema.registry.ssl.keystore.type = JKS
	schema.registry.ssl.protocol = TLSv1.3
	schema.registry.ssl.provider = null
	schema.registry.ssl.secure.random.implementation = null
	schema.registry.ssl.trustmanager.algorithm = PKIX
	schema.registry.ssl.truststore.certificates = null
	schema.registry.ssl.truststore.location = null
	schema.registry.ssl.truststore.password = null
	schema.registry.ssl.truststore.type = JKS
	schema.registry.url = [http://0.0.0.0:38197/]
	schema.registry.url.randomize = false
	specific.avro.key.type = null
	specific.avro.reader = false
	specific.avro.value.type = null
	use.latest.version = false
	use.latest.with.metadata = null
	use.schema.id = -1
	value.subject.name.strategy = class io.confluent.kafka.serializers.subject.TopicNameStrategy
 (io.confluent.kafka.serializers.KafkaAvroDeserializerConfig:372)
[2026-03-04 15:48:34,611] INFO AvroDataConfig values: 
	allow.optional.map.keys = false
	connect.meta.data = true
	discard.type.doc.default = false
	enhanced.avro.schema.support = false
	flatten.singleton.unions = true
	generalized.sum.type.support = false
	ignore.default.for.nullables = false
	schemas.cache.config = 1000
	scrub.invalid.names = false
 (io.confluent.connect.avro.AvroDataConfig:372)
[2026-03-04 15:48:34,612] DEBUG Sending message with key 'SchemaAndValue{schema=Schema{STRUCT}, value=Struct{k1=0}}' and value 'SchemaAndValue{schema=Schema{STRUCT}, value=Struct{f1=a string,f2=true,f3=0.0}}' to topic 'test-upsert-sr' (com.wepay.kafka.connect.bigquery.integration.UpsertDeleteBigQuerySinkConnectorWithSRIT:192)
[2026-03-04 15:48:34,612] DEBUG Sending message with key 'SchemaAndValue{schema=Schema{STRUCT}, value=Struct{k1=0}}' and value 'SchemaAndValue{schema=Schema{STRUCT}, value=Struct{f1=another string,f2=false,f3=1.4492753623188408}}' to topic 'test-upsert-sr' (com.wepay.kafka.connect.bigquery.integration.UpsertDeleteBigQuerySinkConnectorWithSRIT:192)
[2026-03-04 15:48:34,612] DEBUG Sending message with key 'SchemaAndValue{schema=Schema{STRUCT}, value=Struct{k1=1}}' and value 'SchemaAndValue{schema=Schema{STRUCT}, value=Struct{f1=a string,f2=false,f3=2.8985507246376816}}' to topic 'test-upsert-sr' (com.wepay.kafka.connect.bigquery.integration.UpsertDeleteBigQuerySinkConnectorWithSRIT:192)
[2026-03-04 15:48:34,612] DEBUG Sending message with key 'SchemaAndValue{schema=Schema{STRUCT}, value=Struct{k1=1}}' and value 'SchemaAndValue{schema=Schema{STRUCT}, value=Struct{f1=another string,f2=true,f3=4.347826086956522}}' to topic 'test-upsert-sr' (com.wepay.kafka.connect.bigquery.integration.UpsertDeleteBigQuerySinkConnectorWithSRIT:192)
[2026-03-04 15:48:34,612] DEBUG Sending message with key 'SchemaAndValue{schema=Schema{STRUCT}, value=Struct{k1=2}}' and value 'SchemaAndValue{schema=Schema{STRUCT}, value=Struct{f1=a string,f2=false,f3=5.797101449275363}}' to topic 'test-upsert-sr' (com.wepay.kafka.connect.bigquery.integration.UpsertDeleteBigQuerySinkConnectorWithSRIT:192)
[2026-03-04 15:48:34,612] DEBUG Sending message with key 'SchemaAndValue{schema=Schema{STRUCT}, value=Struct{k1=2}}' and value 'SchemaAndValue{schema=Schema{STRUCT}, value=Struct{f1=another string,f2=false,f3=7.246376811594203}}' to topic 'test-upsert-sr' (com.wepay.kafka.connect.bigquery.integration.UpsertDeleteBigQuerySinkConnectorWithSRIT:192)
[2026-03-04 15:48:34,612] DEBUG Sending message with key 'SchemaAndValue{schema=Schema{STRUCT}, value=Struct{k1=3}}' and value 'SchemaAndValue{schema=Schema{STRUCT}, value=Struct{f1=a string,f2=true,f3=8.695652173913045}}' to topic 'test-upsert-sr' (com.wepay.kafka.connect.bigquery.integration.UpsertDeleteBigQuerySinkConnectorWithSRIT:192)
[2026-03-04 15:48:34,612] DEBUG Sending message with key 'SchemaAndValue{schema=Schema{STRUCT}, value=Struct{k1=3}}' and value 'SchemaAndValue{schema=Schema{STRUCT}, value=Struct{f1=another string,f2=false,f3=10.144927536231885}}' to topic 'test-upsert-sr' (com.wepay.kafka.connect.bigquery.integration.UpsertDeleteBigQuerySinkConnectorWithSRIT:192)
[2026-03-04 15:48:34,612] INFO ProducerConfig values: 
	acks = -1
	auto.include.jmx.reporter = true
	batch.size = 16384
	bootstrap.servers = [localhost:39731]
	buffer.memory = 33554432
	client.dns.lookup = use_all_dns_ips
	client.id = producer-9
	compression.gzip.level = -1
	compression.lz4.level = 9
	compression.type = none
	compression.zstd.level = 3
	connections.max.idle.ms = 540000
	delivery.timeout.ms = 120000
	enable.idempotence = true
	enable.metrics.push = true
	interceptor.classes = []
	key.serializer = class org.apache.kafka.common.serialization.ByteArraySerializer
	linger.ms = 0
	max.block.ms = 60000
	max.in.flight.requests.per.connection = 5
	max.request.size = 10485760
	metadata.max.age.ms = 300000
	metadata.max.idle.ms = 300000
	metadata.recovery.strategy = none
	metric.reporters = []
	metrics.num.samples = 2
	metrics.recording.level = INFO
	metrics.sample.window.ms = 30000
	partitioner.adaptive.partitioning.enable = true
	partitioner.availability.timeout.ms = 0
	partitioner.class = null
	partitioner.ignore.keys = false
	receive.buffer.bytes = 32768
	reconnect.backoff.max.ms = 1000
	reconnect.backoff.ms = 50
	request.timeout.ms = 30000
	retries = 2147483647
	retry.backoff.max.ms = 1000
	retry.backoff.ms = 100
	sasl.client.callback.handler.class = null
	sasl.jaas.config = null
	sasl.kerberos.kinit.cmd = /usr/bin/kinit
	sasl.kerberos.min.time.before.relogin = 60000
	sasl.kerberos.service.name = null
	sasl.kerberos.ticket.renew.jitter = 0.05
	sasl.kerberos.ticket.renew.window.factor = 0.8
	sasl.login.callback.handler.class = null
	sasl.login.class = null
	sasl.login.connect.timeout.ms = null
	sasl.login.read.timeout.ms = null
	sasl.login.refresh.buffer.seconds = 300
	sasl.login.refresh.min.period.seconds = 60
	sasl.login.refresh.window.factor = 0.8
	sasl.login.refresh.window.jitter = 0.05
	sasl.login.retry.backoff.max.ms = 10000
	sasl.login.retry.backoff.ms = 100
	sasl.mechanism = GSSAPI
	sasl.oauthbearer.clock.skew.seconds = 30
	sasl.oauthbearer.expected.audience = null
	sasl.oauthbearer.expected.issuer = null
	sasl.oauthbearer.jwks.endpoint.refresh.ms = 3600000
	sasl.oauthbearer.jwks.endpoint.retry.backoff.max.ms = 10000
	sasl.oauthbearer.jwks.endpoint.retry.backoff.ms = 100
	sasl.oauthbearer.jwks.endpoint.url = null
	sasl.oauthbearer.scope.claim.name = scope
	sasl.oauthbearer.sub.claim.name = sub
	sasl.oauthbearer.token.endpoint.url = null
	security.protocol = PLAINTEXT
	security.providers = null
	send.buffer.bytes = 131072
	socket.connection.setup.timeout.max.ms = 30000
	socket.connection.setup.timeout.ms = 10000
	ssl.cipher.suites = null
	ssl.enabled.protocols = [TLSv1.2, TLSv1.3]
	ssl.endpoint.identification.algorithm = https
	ssl.engine.factory.class = null
	ssl.key.password = null
	ssl.keymanager.algorithm = SunX509
	ssl.keystore.certificate.chain = null
	ssl.keystore.key = null
	ssl.keystore.location = null
	ssl.keystore.password = null
	ssl.keystore.type = JKS
	ssl.protocol = TLSv1.3
	ssl.provider = null
	ssl.secure.random.implementation = null
	ssl.trustmanager.algorithm = PKIX
	ssl.truststore.certificates = null
	ssl.truststore.location = null
	ssl.truststore.password = null
	ssl.truststore.type = JKS
	transaction.timeout.ms = 60000
	transactional.id = null
	value.serializer = class org.apache.kafka.common.serialization.ByteArraySerializer
 (org.apache.kafka.clients.producer.ProducerConfig:372)
[2026-03-04 15:48:34,612] INFO initializing Kafka metrics collector (org.apache.kafka.common.telemetry.internals.KafkaMetricsCollector:269)
[2026-03-04 15:48:34,612] INFO [Producer clientId=producer-9] Instantiated an idempotent producer. (org.apache.kafka.clients.producer.KafkaProducer:621)
[2026-03-04 15:48:34,612] INFO Kafka version: 3.8.1 (org.apache.kafka.common.utils.AppInfoParser:124)
[2026-03-04 15:48:34,612] INFO Kafka commitId: 70d6ff42debf7e17 (org.apache.kafka.common.utils.AppInfoParser:125)
[2026-03-04 15:48:34,612] INFO Kafka startTimeMs: 1772619514612 (org.apache.kafka.common.utils.AppInfoParser:126)
[2026-03-04 15:48:34,613] INFO [Producer clientId=producer-9] Cluster ID: O0f4olPMSbKgz2FfinXZHg (org.apache.kafka.clients.Metadata:364)
[2026-03-04 15:48:34,613] INFO [Producer clientId=producer-9] ProducerId set to 2 with epoch 0 (org.apache.kafka.clients.producer.internals.TransactionManager:502)
[2026-03-04 15:48:34,614] INFO Forwarded for header in RequestHeaderHandler: 127.0.0.1 (io.confluent.kafka.schemaregistry.rest.RequestHeaderHandler:75)
[2026-03-04 15:48:34,616] INFO Registering new schema: subject test-upsert-sr-key, version null, id null, type null, schema size 120 (io.confluent.kafka.schemaregistry.rest.resources.SubjectVersionsResource:418)
[2026-03-04 15:48:34,617] INFO Wait to catch up until the offset at 1 (io.confluent.kafka.schemaregistry.storage.KafkaStore:321)
[2026-03-04 15:48:34,617] INFO Reached offset at 1 (io.confluent.kafka.schemaregistry.storage.KafkaStore:323)
[2026-03-04 15:48:34,618] INFO Wait to catch up until the offset at 2 (io.confluent.kafka.schemaregistry.storage.KafkaStore:321)
[2026-03-04 15:48:34,618] INFO Reached offset at 2 (io.confluent.kafka.schemaregistry.storage.KafkaStore:323)
[2026-03-04 15:48:34,618] INFO Resource association log - (tenant, id, subject, operation): (default, 1, test-upsert-sr-key, REGISTER) (io.confluent.kafka.schemaregistry.storage.KafkaSchemaRegistry:2697)
[2026-03-04 15:48:34,619] INFO 127.0.0.1 - - [04/Mar/2026:10:18:34 +0000] "POST /subjects/test-upsert-sr-key/versions?normalize=false HTTP/1.1" 200 8 "-" "Java/25.0.2" 6 (io.confluent.rest-utils.requests:62)
[2026-03-04 15:48:34,619] INFO Forwarded for header in RequestHeaderHandler: 127.0.0.1 (io.confluent.kafka.schemaregistry.rest.RequestHeaderHandler:75)
[2026-03-04 15:48:34,620] INFO Registering new schema: subject test-upsert-sr-value, version null, id null, type null, schema size 192 (io.confluent.kafka.schemaregistry.rest.resources.SubjectVersionsResource:418)
[2026-03-04 15:48:34,620] INFO Wait to catch up until the offset at 2 (io.confluent.kafka.schemaregistry.storage.KafkaStore:321)
[2026-03-04 15:48:34,620] INFO Reached offset at 2 (io.confluent.kafka.schemaregistry.storage.KafkaStore:323)
[2026-03-04 15:48:34,621] INFO Wait to catch up until the offset at 3 (io.confluent.kafka.schemaregistry.storage.KafkaStore:321)
[2026-03-04 15:48:34,621] INFO Reached offset at 3 (io.confluent.kafka.schemaregistry.storage.KafkaStore:323)
[2026-03-04 15:48:34,621] INFO Resource association log - (tenant, id, subject, operation): (default, 2, test-upsert-sr-value, REGISTER) (io.confluent.kafka.schemaregistry.storage.KafkaSchemaRegistry:2697)
[2026-03-04 15:48:34,621] INFO 127.0.0.1 - - [04/Mar/2026:10:18:34 +0000] "POST /subjects/test-upsert-sr-value/versions?normalize=false HTTP/1.1" 200 8 "-" "Java/25.0.2" 2 (io.confluent.rest-utils.requests:62)
[2026-03-04 15:48:34,623] INFO Sent 1 Avro records to topic test-upsert-sr (com.wepay.kafka.connect.bigquery.integration.utils.SchemaRegistryTestUtils:149)
[2026-03-04 15:48:34,623] INFO Sent 2 Avro records to topic test-upsert-sr (com.wepay.kafka.connect.bigquery.integration.utils.SchemaRegistryTestUtils:149)
[2026-03-04 15:48:34,623] INFO Sent 3 Avro records to topic test-upsert-sr (com.wepay.kafka.connect.bigquery.integration.utils.SchemaRegistryTestUtils:149)
[2026-03-04 15:48:34,623] INFO Sent 4 Avro records to topic test-upsert-sr (com.wepay.kafka.connect.bigquery.integration.utils.SchemaRegistryTestUtils:149)
[2026-03-04 15:48:34,623] INFO Forwarded for header in RequestHeaderHandler: 127.0.0.1 (io.confluent.kafka.schemaregistry.rest.RequestHeaderHandler:75)
[2026-03-04 15:48:34,623] INFO Sent 5 Avro records to topic test-upsert-sr (com.wepay.kafka.connect.bigquery.integration.utils.SchemaRegistryTestUtils:149)
[2026-03-04 15:48:34,624] INFO Sent 6 Avro records to topic test-upsert-sr (com.wepay.kafka.connect.bigquery.integration.utils.SchemaRegistryTestUtils:149)
[2026-03-04 15:48:34,624] INFO Sent 7 Avro records to topic test-upsert-sr (com.wepay.kafka.connect.bigquery.integration.utils.SchemaRegistryTestUtils:149)
[2026-03-04 15:48:34,624] INFO Sent 8 Avro records to topic test-upsert-sr (com.wepay.kafka.connect.bigquery.integration.utils.SchemaRegistryTestUtils:149)
[2026-03-04 15:48:34,624] INFO [Producer clientId=producer-9] Closing the Kafka producer with timeoutMillis = 9223372036854775807 ms. (org.apache.kafka.clients.producer.KafkaProducer:1373)
[2026-03-04 15:48:34,624] INFO Metrics scheduler closed (org.apache.kafka.common.metrics.Metrics:684)
[2026-03-04 15:48:34,625] INFO Closing reporter org.apache.kafka.common.metrics.JmxReporter (org.apache.kafka.common.metrics.Metrics:688)
[2026-03-04 15:48:34,625] INFO Closing reporter org.apache.kafka.common.telemetry.internals.ClientTelemetryReporter (org.apache.kafka.common.metrics.Metrics:688)
[2026-03-04 15:48:34,625] INFO Metrics reporters closed (org.apache.kafka.common.metrics.Metrics:694)
[2026-03-04 15:48:34,625] INFO App info kafka.producer for producer-9 unregistered (org.apache.kafka.common.utils.AppInfoParser:88)
[2026-03-04 15:48:34,625] INFO Resource association log - (tenant, id, subject, operation): (default, 1, test-upsert-sr-key, READ) (io.confluent.kafka.schemaregistry.storage.KafkaSchemaRegistry:2697)
[2026-03-04 15:48:34,625] INFO 127.0.0.1 - - [04/Mar/2026:10:18:34 +0000] "GET /schemas/ids/1?fetchMaxId=false&subject=test-upsert-sr-key HTTP/1.1" 200 155 "-" "Java/25.0.2" 2 (io.confluent.rest-utils.requests:62)
[2026-03-04 15:48:34,626] INFO Forwarded for header in RequestHeaderHandler: 127.0.0.1 (io.confluent.kafka.schemaregistry.rest.RequestHeaderHandler:75)
[2026-03-04 15:48:34,626] INFO 127.0.0.1 - - [04/Mar/2026:10:18:34 +0000] "GET /connectors/kcbq-sink-connector-testUpsert-sr/status HTTP/1.1" 200 187 "-" "Jetty/9.4.56.v20240826" 0 (org.apache.kafka.connect.runtime.rest.RestServer:62)
[2026-03-04 15:48:34,627] INFO GET response for URL=http://localhost:33759/connectors/kcbq-sink-connector-testUpsert-sr/status is {"name":"kcbq-sink-connector-testUpsert-sr","connector":{"state":"RUNNING","worker_id":"localhost:33759"},"tasks":[{"id":0,"state":"RUNNING","worker_id":"localhost:33759"}],"type":"sink"} (org.apache.kafka.connect.util.clusters.EmbeddedConnect:1016)
[2026-03-04 15:48:34,628] DEBUG Connector has only committed 0 records for topics [test-upsert-sr] so far; 8 expected (com.wepay.kafka.connect.bigquery.integration.BaseConnectorIT:210)
[2026-03-04 15:48:34,628] INFO Resource association log - (tenant, id, subject, operation): (default, 1, test-upsert-sr-key, READ) (io.confluent.kafka.schemaregistry.storage.KafkaSchemaRegistry:2697)
[2026-03-04 15:48:34,628] INFO 127.0.0.1 - - [04/Mar/2026:10:18:34 +0000] "POST /subjects/test-upsert-sr-key?normalize=false&deleted=true HTTP/1.1" 200 205 "-" "Java/25.0.2" 2 (io.confluent.rest-utils.requests:62)
[2026-03-04 15:48:34,628] INFO Forwarded for header in RequestHeaderHandler: 127.0.0.1 (io.confluent.kafka.schemaregistry.rest.RequestHeaderHandler:75)
[2026-03-04 15:48:34,629] INFO Resource association log - (tenant, id, subject, operation): (default, 2, test-upsert-sr-value, READ) (io.confluent.kafka.schemaregistry.storage.KafkaSchemaRegistry:2697)
[2026-03-04 15:48:34,629] INFO 127.0.0.1 - - [04/Mar/2026:10:18:34 +0000] "GET /schemas/ids/2?fetchMaxId=false&subject=test-upsert-sr-value HTTP/1.1" 200 245 "-" "Java/25.0.2" 1 (io.confluent.rest-utils.requests:62)
[2026-03-04 15:48:34,629] INFO Forwarded for header in RequestHeaderHandler: 127.0.0.1 (io.confluent.kafka.schemaregistry.rest.RequestHeaderHandler:75)
[2026-03-04 15:48:34,630] INFO Resource association log - (tenant, id, subject, operation): (default, 2, test-upsert-sr-value, READ) (io.confluent.kafka.schemaregistry.storage.KafkaSchemaRegistry:2697)
[2026-03-04 15:48:34,630] INFO 127.0.0.1 - - [04/Mar/2026:10:18:34 +0000] "POST /subjects/test-upsert-sr-value?normalize=false&deleted=true HTTP/1.1" 200 297 "-" "Java/25.0.2" 1 (io.confluent.rest-utils.requests:62)
[2026-03-04 15:48:34,630] DEBUG [kcbq-sink-connector-testUpsert-sr|task-0] Putting 1 records in the sink. (com.wepay.kafka.connect.bigquery.BigQuerySinkTask:217)
[2026-03-04 15:48:35,331] DEBUG [kcbq-sink-connector-testUpsert-sr|task-0] writing 1 row to table GenericData{classInfo=[datasetId, projectId, tableId], {datasetId=test_dataset, tableId=test_upsert_sr_tmp_0_34d8ab3c_cfd8_4463_b8cd_7f425f9aa502_1772619514514}} (com.wepay.kafka.connect.bigquery.write.row.BigQueryWriter:139)
[2026-03-04 15:48:35,331] DEBUG [kcbq-sink-connector-testUpsert-sr|task-0] Putting 3 records in the sink. (com.wepay.kafka.connect.bigquery.BigQuerySinkTask:217)
[2026-03-04 15:48:35,331] DEBUG [kcbq-sink-connector-testUpsert-sr|task-0] Triggering merge flush for table GenericData{classInfo=[datasetId, projectId, tableId], {datasetId=test_dataset, tableId=test_upsert_sr_tmp_0_34d8ab3c_cfd8_4463_b8cd_7f425f9aa502_1772619514514}} since the size of its current batch has exceeded the configured threshold of 2} (com.wepay.kafka.connect.bigquery.utils.SinkRecordConverter:92)
[2026-03-04 15:48:35,331] DEBUG [kcbq-sink-connector-testUpsert-sr|task-0] Triggering merge flush for table GenericData{classInfo=[datasetId, projectId, tableId], {datasetId=test_dataset, tableId=test_upsert_sr_tmp_0_34d8ab3c_cfd8_4463_b8cd_7f425f9aa502_1772619514514}} since the size of its current batch has exceeded the configured threshold of 2} (com.wepay.kafka.connect.bigquery.utils.SinkRecordConverter:92)
[2026-03-04 15:48:35,331] DEBUG [kcbq-sink-connector-testUpsert-sr|task-0] Flushing first batch for intermediate table `test_dataset`.`test_upsert_sr_tmp_0_34d8ab3c_cfd8_4463_b8cd_7f425f9aa502_1772619514514` (com.wepay.kafka.connect.bigquery.write.batch.MergeBatches:266)
[2026-03-04 15:48:35,331] DEBUG [kcbq-sink-connector-testUpsert-sr|task-0] 2 rows currently remaining for batch 0 for intermediate table `test_dataset`.`test_upsert_sr_tmp_0_34d8ab3c_cfd8_4463_b8cd_7f425f9aa502_1772619514514` (com.wepay.kafka.connect.bigquery.write.batch.MergeBatches:276)
[2026-03-04 15:48:35,332] DEBUG [kcbq-sink-connector-testUpsert-sr|task-0] Ensuring batch 0 is completed for intermediate table `test_dataset`.`test_upsert_sr_tmp_0_34d8ab3c_cfd8_4463_b8cd_7f425f9aa502_1772619514514` before flushing batch 1 (com.wepay.kafka.connect.bigquery.write.batch.MergeBatches:250)
[2026-03-04 15:48:35,332] DEBUG [kcbq-sink-connector-testUpsert-sr|task-0] writing 3 rows to table GenericData{classInfo=[datasetId, projectId, tableId], {datasetId=test_dataset, tableId=test_upsert_sr_tmp_0_34d8ab3c_cfd8_4463_b8cd_7f425f9aa502_1772619514514}} (com.wepay.kafka.connect.bigquery.write.row.BigQueryWriter:139)
[2026-03-04 15:48:35,332] DEBUG [kcbq-sink-connector-testUpsert-sr|task-0] Putting 4 records in the sink. (com.wepay.kafka.connect.bigquery.BigQuerySinkTask:217)
[2026-03-04 15:48:35,332] DEBUG [kcbq-sink-connector-testUpsert-sr|task-0] Triggering merge flush for table GenericData{classInfo=[datasetId, projectId, tableId], {datasetId=test_dataset, tableId=test_upsert_sr_tmp_0_34d8ab3c_cfd8_4463_b8cd_7f425f9aa502_1772619514514}} since the size of its current batch has exceeded the configured threshold of 2} (com.wepay.kafka.connect.bigquery.utils.SinkRecordConverter:92)
[2026-03-04 15:48:35,332] DEBUG [kcbq-sink-connector-testUpsert-sr|task-0] Ensuring batch 1 is completed for intermediate table `test_dataset`.`test_upsert_sr_tmp_0_34d8ab3c_cfd8_4463_b8cd_7f425f9aa502_1772619514514` before flushing batch 2 (com.wepay.kafka.connect.bigquery.write.batch.MergeBatches:250)
[2026-03-04 15:48:35,332] DEBUG [kcbq-sink-connector-testUpsert-sr|task-0] Triggering merge flush for table GenericData{classInfo=[datasetId, projectId, tableId], {datasetId=test_dataset, tableId=test_upsert_sr_tmp_0_34d8ab3c_cfd8_4463_b8cd_7f425f9aa502_1772619514514}} since the size of its current batch has exceeded the configured threshold of 2} (com.wepay.kafka.connect.bigquery.utils.SinkRecordConverter:92)
[2026-03-04 15:48:35,332] DEBUG [kcbq-sink-connector-testUpsert-sr|task-0] Ensuring batch 2 is completed for intermediate table `test_dataset`.`test_upsert_sr_tmp_0_34d8ab3c_cfd8_4463_b8cd_7f425f9aa502_1772619514514` before flushing batch 3 (com.wepay.kafka.connect.bigquery.write.batch.MergeBatches:250)
[2026-03-04 15:48:35,332] DEBUG [kcbq-sink-connector-testUpsert-sr|task-0] writing 4 rows to table GenericData{classInfo=[datasetId, projectId, tableId], {datasetId=test_dataset, tableId=test_upsert_sr_tmp_0_34d8ab3c_cfd8_4463_b8cd_7f425f9aa502_1772619514514}} (com.wepay.kafka.connect.bigquery.write.row.BigQueryWriter:139)
[2026-03-04 15:48:35,944] DEBUG [kcbq-sink-connector-testUpsert-sr|task-0] A write thread has failed with an unrecoverable error (com.wepay.kafka.connect.bigquery.write.batch.KcbqThreadPoolExecutor:77)
com.wepay.kafka.connect.bigquery.exception.BigQueryConnectException: Failed to write to table
Caused by: Not found: Dataset gen-lang-client-0026556124:test_dataset
	at com.wepay.kafka.connect.bigquery.write.batch.TableWriter.run(TableWriter.java:149)
	at java.base/java.util.concurrent.ThreadPoolExecutor.runWorker(ThreadPoolExecutor.java:1090)
	at java.base/java.util.concurrent.ThreadPoolExecutor$Worker.run(ThreadPoolExecutor.java:614)
	at com.wepay.kafka.connect.bigquery.BigQuerySinkTask$MdcContextThreadFactory.lambda$newThread$0(BigQuerySinkTask.java:673)
	at java.base/java.lang.Thread.run(Thread.java:1474)
Caused by: com.google.cloud.bigquery.BigQueryException: Not found: Dataset gen-lang-client-0026556124:test_dataset
	at com.google.cloud.bigquery.spi.v2.HttpBigQueryRpc.translate(HttpBigQueryRpc.java:115)
	at com.google.cloud.bigquery.spi.v2.HttpBigQueryRpc.insertAll(HttpBigQueryRpc.java:548)
	at com.google.cloud.bigquery.BigQueryImpl$28.call(BigQueryImpl.java:1119)
	at com.google.cloud.bigquery.BigQueryImpl$28.call(BigQueryImpl.java:1116)
	at com.google.api.gax.retrying.DirectRetryingExecutor.submit(DirectRetryingExecutor.java:103)
	at com.google.cloud.RetryHelper.run(RetryHelper.java:76)
	at com.google.cloud.RetryHelper.runWithRetries(RetryHelper.java:50)
	at com.google.cloud.bigquery.BigQueryImpl.insertAll(BigQueryImpl.java:1115)
	at com.wepay.kafka.connect.bigquery.write.row.AdaptiveBigQueryWriter.performWriteRequest(AdaptiveBigQueryWriter.java:131)
	at com.wepay.kafka.connect.bigquery.write.row.BigQueryWriter.writeRows(BigQueryWriter.java:150)
	at com.wepay.kafka.connect.bigquery.write.batch.TableWriter.run(TableWriter.java:136)
	... 4 more
Caused by: com.google.api.client.googleapis.json.GoogleJsonResponseException: 404 Not Found
POST https://bigquery.googleapis.com/bigquery/v2/projects/gen-lang-client-0026556124/datasets/test_dataset/tables/test_upsert_sr_tmp_0_34d8ab3c_cfd8_4463_b8cd_7f425f9aa502_1772619514514/insertAll?prettyPrint=false
{
  "code": 404,
  "errors": [
    {
      "domain": "global",
      "message": "Not found: Dataset gen-lang-client-0026556124:test_dataset",
      "reason": "notFound"
    }
  ],
  "message": "Not found: Dataset gen-lang-client-0026556124:test_dataset",
  "status": "NOT_FOUND"
}
	at com.google.api.client.googleapis.json.GoogleJsonResponseException.from(GoogleJsonResponseException.java:146)
	at com.google.api.client.googleapis.services.json.AbstractGoogleJsonClientRequest.newExceptionOnError(AbstractGoogleJsonClientRequest.java:118)
	at com.google.api.client.googleapis.services.json.AbstractGoogleJsonClientRequest.newExceptionOnError(AbstractGoogleJsonClientRequest.java:37)
	at com.google.api.client.googleapis.services.AbstractGoogleClientRequest$3.interceptResponse(AbstractGoogleClientRequest.java:466)
	at com.google.api.client.http.HttpRequest.execute(HttpRequest.java:1111)
	at com.google.api.client.googleapis.services.AbstractGoogleClientRequest.executeUnparsed(AbstractGoogleClientRequest.java:552)
	at com.google.api.client.googleapis.services.AbstractGoogleClientRequest.executeUnparsed(AbstractGoogleClientRequest.java:493)
	at com.google.api.client.googleapis.services.AbstractGoogleClientRequest.execute(AbstractGoogleClientRequest.java:603)
	at com.google.cloud.bigquery.spi.v2.HttpBigQueryRpc.insertAll(HttpBigQueryRpc.java:546)
	... 13 more
[2026-03-04 15:48:35,944] DEBUG [kcbq-sink-connector-testUpsert-sr|task-0] A write thread has failed with an unrecoverable error (com.wepay.kafka.connect.bigquery.write.batch.KcbqThreadPoolExecutor:77)
com.wepay.kafka.connect.bigquery.exception.BigQueryConnectException: Failed to write to table
Caused by: Not found: Dataset gen-lang-client-0026556124:test_dataset
	at com.wepay.kafka.connect.bigquery.write.batch.TableWriter.run(TableWriter.java:149)
	at java.base/java.util.concurrent.ThreadPoolExecutor.runWorker(ThreadPoolExecutor.java:1090)
	at java.base/java.util.concurrent.ThreadPoolExecutor$Worker.run(ThreadPoolExecutor.java:614)
	at com.wepay.kafka.connect.bigquery.BigQuerySinkTask$MdcContextThreadFactory.lambda$newThread$0(BigQuerySinkTask.java:673)
	at java.base/java.lang.Thread.run(Thread.java:1474)
Caused by: com.google.cloud.bigquery.BigQueryException: Not found: Dataset gen-lang-client-0026556124:test_dataset
	at com.google.cloud.bigquery.spi.v2.HttpBigQueryRpc.translate(HttpBigQueryRpc.java:115)
	at com.google.cloud.bigquery.spi.v2.HttpBigQueryRpc.insertAll(HttpBigQueryRpc.java:548)
	at com.google.cloud.bigquery.BigQueryImpl$28.call(BigQueryImpl.java:1119)
	at com.google.cloud.bigquery.BigQueryImpl$28.call(BigQueryImpl.java:1116)
	at com.google.api.gax.retrying.DirectRetryingExecutor.submit(DirectRetryingExecutor.java:103)
	at com.google.cloud.RetryHelper.run(RetryHelper.java:76)
	at com.google.cloud.RetryHelper.runWithRetries(RetryHelper.java:50)
	at com.google.cloud.bigquery.BigQueryImpl.insertAll(BigQueryImpl.java:1115)
	at com.wepay.kafka.connect.bigquery.write.row.AdaptiveBigQueryWriter.performWriteRequest(AdaptiveBigQueryWriter.java:131)
	at com.wepay.kafka.connect.bigquery.write.row.BigQueryWriter.writeRows(BigQueryWriter.java:150)
	at com.wepay.kafka.connect.bigquery.write.batch.TableWriter.run(TableWriter.java:136)
	... 4 more
Caused by: com.google.api.client.googleapis.json.GoogleJsonResponseException: 404 Not Found
POST https://bigquery.googleapis.com/bigquery/v2/projects/gen-lang-client-0026556124/datasets/test_dataset/tables/test_upsert_sr_tmp_0_34d8ab3c_cfd8_4463_b8cd_7f425f9aa502_1772619514514/insertAll?prettyPrint=false
{
  "code": 404,
  "errors": [
    {
      "domain": "global",
      "message": "Not found: Dataset gen-lang-client-0026556124:test_dataset",
      "reason": "notFound"
    }
  ],
  "message": "Not found: Dataset gen-lang-client-0026556124:test_dataset",
  "status": "NOT_FOUND"
}
	at com.google.api.client.googleapis.json.GoogleJsonResponseException.from(GoogleJsonResponseException.java:146)
	at com.google.api.client.googleapis.services.json.AbstractGoogleJsonClientRequest.newExceptionOnError(AbstractGoogleJsonClientRequest.java:118)
	at com.google.api.client.googleapis.services.json.AbstractGoogleJsonClientRequest.newExceptionOnError(AbstractGoogleJsonClientRequest.java:37)
	at com.google.api.client.googleapis.services.AbstractGoogleClientRequest$3.interceptResponse(AbstractGoogleClientRequest.java:466)
	at com.google.api.client.http.HttpRequest.execute(HttpRequest.java:1111)
	at com.google.api.client.googleapis.services.AbstractGoogleClientRequest.executeUnparsed(AbstractGoogleClientRequest.java:552)
	at com.google.api.client.googleapis.services.AbstractGoogleClientRequest.executeUnparsed(AbstractGoogleClientRequest.java:493)
	at com.google.api.client.googleapis.services.AbstractGoogleClientRequest.execute(AbstractGoogleClientRequest.java:603)
	at com.google.cloud.bigquery.spi.v2.HttpBigQueryRpc.insertAll(HttpBigQueryRpc.java:546)
	... 13 more
[2026-03-04 15:48:35,944] DEBUG [kcbq-sink-connector-testUpsert-sr|task-0] A write thread has failed with an unrecoverable error (com.wepay.kafka.connect.bigquery.write.batch.KcbqThreadPoolExecutor:77)
com.wepay.kafka.connect.bigquery.exception.BigQueryConnectException: Failed to write to table
Caused by: Not found: Dataset gen-lang-client-0026556124:test_dataset
	at com.wepay.kafka.connect.bigquery.write.batch.TableWriter.run(TableWriter.java:149)
	at java.base/java.util.concurrent.ThreadPoolExecutor.runWorker(ThreadPoolExecutor.java:1090)
	at java.base/java.util.concurrent.ThreadPoolExecutor$Worker.run(ThreadPoolExecutor.java:614)
	at com.wepay.kafka.connect.bigquery.BigQuerySinkTask$MdcContextThreadFactory.lambda$newThread$0(BigQuerySinkTask.java:673)
	at java.base/java.lang.Thread.run(Thread.java:1474)
Caused by: com.google.cloud.bigquery.BigQueryException: Not found: Dataset gen-lang-client-0026556124:test_dataset
	at com.google.cloud.bigquery.spi.v2.HttpBigQueryRpc.translate(HttpBigQueryRpc.java:115)
	at com.google.cloud.bigquery.spi.v2.HttpBigQueryRpc.insertAll(HttpBigQueryRpc.java:548)
	at com.google.cloud.bigquery.BigQueryImpl$28.call(BigQueryImpl.java:1119)
	at com.google.cloud.bigquery.BigQueryImpl$28.call(BigQueryImpl.java:1116)
	at com.google.api.gax.retrying.DirectRetryingExecutor.submit(DirectRetryingExecutor.java:103)
	at com.google.cloud.RetryHelper.run(RetryHelper.java:76)
	at com.google.cloud.RetryHelper.runWithRetries(RetryHelper.java:50)
	at com.google.cloud.bigquery.BigQueryImpl.insertAll(BigQueryImpl.java:1115)
	at com.wepay.kafka.connect.bigquery.write.row.AdaptiveBigQueryWriter.performWriteRequest(AdaptiveBigQueryWriter.java:131)
	at com.wepay.kafka.connect.bigquery.write.row.BigQueryWriter.writeRows(BigQueryWriter.java:150)
	at com.wepay.kafka.connect.bigquery.write.batch.TableWriter.run(TableWriter.java:136)
	... 4 more
Caused by: com.google.api.client.googleapis.json.GoogleJsonResponseException: 404 Not Found
POST https://bigquery.googleapis.com/bigquery/v2/projects/gen-lang-client-0026556124/datasets/test_dataset/tables/test_upsert_sr_tmp_0_34d8ab3c_cfd8_4463_b8cd_7f425f9aa502_1772619514514/insertAll?prettyPrint=false
{
  "code": 404,
  "errors": [
    {
      "domain": "global",
      "message": "Not found: Dataset gen-lang-client-0026556124:test_dataset",
      "reason": "notFound"
    }
  ],
  "message": "Not found: Dataset gen-lang-client-0026556124:test_dataset",
  "status": "NOT_FOUND"
}
	at com.google.api.client.googleapis.json.GoogleJsonResponseException.from(GoogleJsonResponseException.java:146)
	at com.google.api.client.googleapis.services.json.AbstractGoogleJsonClientRequest.newExceptionOnError(AbstractGoogleJsonClientRequest.java:118)
	at com.google.api.client.googleapis.services.json.AbstractGoogleJsonClientRequest.newExceptionOnError(AbstractGoogleJsonClientRequest.java:37)
	at com.google.api.client.googleapis.services.AbstractGoogleClientRequest$3.interceptResponse(AbstractGoogleClientRequest.java:466)
	at com.google.api.client.http.HttpRequest.execute(HttpRequest.java:1111)
	at com.google.api.client.googleapis.services.AbstractGoogleClientRequest.executeUnparsed(AbstractGoogleClientRequest.java:552)
	at com.google.api.client.googleapis.services.AbstractGoogleClientRequest.executeUnparsed(AbstractGoogleClientRequest.java:493)
	at com.google.api.client.googleapis.services.AbstractGoogleClientRequest.execute(AbstractGoogleClientRequest.java:603)
	at com.google.cloud.bigquery.spi.v2.HttpBigQueryRpc.insertAll(HttpBigQueryRpc.java:546)
	... 13 more
[2026-03-04 15:48:38,245] INFO [Controller id=0] Processing automatic preferred replica leader election (kafka.controller.KafkaController:66)
[2026-03-04 15:48:39,730] INFO 127.0.0.1 - - [04/Mar/2026:10:18:39 +0000] "GET /connectors/kcbq-sink-connector-testUpsert-sr/status HTTP/1.1" 200 187 "-" "Jetty/9.4.56.v20240826" 1 (org.apache.kafka.connect.runtime.rest.RestServer:62)
[2026-03-04 15:48:39,730] INFO GET response for URL=http://localhost:33759/connectors/kcbq-sink-connector-testUpsert-sr/status is {"name":"kcbq-sink-connector-testUpsert-sr","connector":{"state":"RUNNING","worker_id":"localhost:33759"},"tasks":[{"id":0,"state":"RUNNING","worker_id":"localhost:33759"}],"type":"sink"} (org.apache.kafka.connect.util.clusters.EmbeddedConnect:1016)
[2026-03-04 15:48:39,731] DEBUG Connector has only committed 0 records for topics [test-upsert-sr] so far; 8 expected (com.wepay.kafka.connect.bigquery.integration.BaseConnectorIT:210)
[2026-03-04 15:48:44,514] ERROR [kcbq-sink-connector-testUpsert-sr|task-0] WorkerSinkTask{id=kcbq-sink-connector-testUpsert-sr-0} Task threw an uncaught and unrecoverable exception. Task is being killed and will not recover until manually restarted. Error: A write thread has failed with an unrecoverable error (org.apache.kafka.connect.runtime.WorkerSinkTask:633)
com.wepay.kafka.connect.bigquery.exception.BigQueryConnectException: A write thread has failed with an unrecoverable error
Caused by: Failed to write to table
	at com.wepay.kafka.connect.bigquery.write.batch.KcbqThreadPoolExecutor.lambda$maybeThrowEncounteredError$0(KcbqThreadPoolExecutor.java:111)
	at java.base/java.util.Optional.ifPresent(Optional.java:178)
	at com.wepay.kafka.connect.bigquery.write.batch.KcbqThreadPoolExecutor.maybeThrowEncounteredError(KcbqThreadPoolExecutor.java:110)
	at com.wepay.kafka.connect.bigquery.BigQuerySinkTask.maybeThrowErrors(BigQuerySinkTask.java:559)
	at com.wepay.kafka.connect.bigquery.BigQuerySinkTask.writeSinkRecords(BigQuerySinkTask.java:215)
	at com.wepay.kafka.connect.bigquery.BigQuerySinkTask.put(BigQuerySinkTask.java:287)
	at org.apache.kafka.connect.runtime.WorkerSinkTask.deliverMessages(WorkerSinkTask.java:605)
	at org.apache.kafka.connect.runtime.WorkerSinkTask.poll(WorkerSinkTask.java:344)
	at org.apache.kafka.connect.runtime.WorkerSinkTask.iteration(WorkerSinkTask.java:246)
	at org.apache.kafka.connect.runtime.WorkerSinkTask.execute(WorkerSinkTask.java:215)
	at org.apache.kafka.connect.runtime.WorkerTask.doRun(WorkerTask.java:225)
	at org.apache.kafka.connect.runtime.WorkerTask.run(WorkerTask.java:280)
	at org.apache.kafka.connect.runtime.isolation.Plugins.lambda$withClassLoader$1(Plugins.java:237)
	at java.base/java.util.concurrent.Executors$RunnableAdapter.call(Executors.java:545)
	at java.base/java.util.concurrent.FutureTask.run(FutureTask.java:328)
	at java.base/java.util.concurrent.ThreadPoolExecutor.runWorker(ThreadPoolExecutor.java:1090)
	at java.base/java.util.concurrent.ThreadPoolExecutor$Worker.run(ThreadPoolExecutor.java:614)
	at java.base/java.lang.Thread.run(Thread.java:1474)
Caused by: com.wepay.kafka.connect.bigquery.exception.BigQueryConnectException: Failed to write to table
Caused by: Not found: Dataset gen-lang-client-0026556124:test_dataset
	at com.wepay.kafka.connect.bigquery.write.batch.TableWriter.run(TableWriter.java:149)
	at java.base/java.util.concurrent.ThreadPoolExecutor.runWorker(ThreadPoolExecutor.java:1090)
	at java.base/java.util.concurrent.ThreadPoolExecutor$Worker.run(ThreadPoolExecutor.java:614)
	at com.wepay.kafka.connect.bigquery.BigQuerySinkTask$MdcContextThreadFactory.lambda$newThread$0(BigQuerySinkTask.java:673)
	... 1 more
Caused by: com.google.cloud.bigquery.BigQueryException: Not found: Dataset gen-lang-client-0026556124:test_dataset
	at com.google.cloud.bigquery.spi.v2.HttpBigQueryRpc.translate(HttpBigQueryRpc.java:115)
	at com.google.cloud.bigquery.spi.v2.HttpBigQueryRpc.insertAll(HttpBigQueryRpc.java:548)
	at com.google.cloud.bigquery.BigQueryImpl$28.call(BigQueryImpl.java:1119)
	at com.google.cloud.bigquery.BigQueryImpl$28.call(BigQueryImpl.java:1116)
	at com.google.api.gax.retrying.DirectRetryingExecutor.submit(DirectRetryingExecutor.java:103)
	at com.google.cloud.RetryHelper.run(RetryHelper.java:76)
	at com.google.cloud.RetryHelper.runWithRetries(RetryHelper.java:50)
	at com.google.cloud.bigquery.BigQueryImpl.insertAll(BigQueryImpl.java:1115)
	at com.wepay.kafka.connect.bigquery.write.row.AdaptiveBigQueryWriter.performWriteRequest(AdaptiveBigQueryWriter.java:131)
	at com.wepay.kafka.connect.bigquery.write.row.BigQueryWriter.writeRows(BigQueryWriter.java:150)
	at com.wepay.kafka.connect.bigquery.write.batch.TableWriter.run(TableWriter.java:136)
	... 4 more
Caused by: com.google.api.client.googleapis.json.GoogleJsonResponseException: 404 Not Found
POST https://bigquery.googleapis.com/bigquery/v2/projects/gen-lang-client-0026556124/datasets/test_dataset/tables/test_upsert_sr_tmp_0_34d8ab3c_cfd8_4463_b8cd_7f425f9aa502_1772619514514/insertAll?prettyPrint=false
{
  "code": 404,
  "errors": [
    {
      "domain": "global",
      "message": "Not found: Dataset gen-lang-client-0026556124:test_dataset",
      "reason": "notFound"
    }
  ],
  "message": "Not found: Dataset gen-lang-client-0026556124:test_dataset",
  "status": "NOT_FOUND"
}
	at com.google.api.client.googleapis.json.GoogleJsonResponseException.from(GoogleJsonResponseException.java:146)
	at com.google.api.client.googleapis.services.json.AbstractGoogleJsonClientRequest.newExceptionOnError(AbstractGoogleJsonClientRequest.java:118)
	at com.google.api.client.googleapis.services.json.AbstractGoogleJsonClientRequest.newExceptionOnError(AbstractGoogleJsonClientRequest.java:37)
	at com.google.api.client.googleapis.services.AbstractGoogleClientRequest$3.interceptResponse(AbstractGoogleClientRequest.java:466)
	at com.google.api.client.http.HttpRequest.execute(HttpRequest.java:1111)
	at com.google.api.client.googleapis.services.AbstractGoogleClientRequest.executeUnparsed(AbstractGoogleClientRequest.java:552)
	at com.google.api.client.googleapis.services.AbstractGoogleClientRequest.executeUnparsed(AbstractGoogleClientRequest.java:493)
	at com.google.api.client.googleapis.services.AbstractGoogleClientRequest.execute(AbstractGoogleClientRequest.java:603)
	at com.google.cloud.bigquery.spi.v2.HttpBigQueryRpc.insertAll(HttpBigQueryRpc.java:546)
	... 13 more
[2026-03-04 15:48:44,514] ERROR [kcbq-sink-connector-testUpsert-sr|task-0] WorkerSinkTask{id=kcbq-sink-connector-testUpsert-sr-0} Task threw an uncaught and unrecoverable exception. Task is being killed and will not recover until manually restarted (org.apache.kafka.connect.runtime.WorkerTask:233)
org.apache.kafka.connect.errors.ConnectException: Exiting WorkerSinkTask due to unrecoverable exception.
	at org.apache.kafka.connect.runtime.WorkerSinkTask.deliverMessages(WorkerSinkTask.java:635)
	at org.apache.kafka.connect.runtime.WorkerSinkTask.poll(WorkerSinkTask.java:344)
	at org.apache.kafka.connect.runtime.WorkerSinkTask.iteration(WorkerSinkTask.java:246)
	at org.apache.kafka.connect.runtime.WorkerSinkTask.execute(WorkerSinkTask.java:215)
	at org.apache.kafka.connect.runtime.WorkerTask.doRun(WorkerTask.java:225)
	at org.apache.kafka.connect.runtime.WorkerTask.run(WorkerTask.java:280)
	at org.apache.kafka.connect.runtime.isolation.Plugins.lambda$withClassLoader$1(Plugins.java:237)
	at java.base/java.util.concurrent.Executors$RunnableAdapter.call(Executors.java:545)
	at java.base/java.util.concurrent.FutureTask.run(FutureTask.java:328)
	at java.base/java.util.concurrent.ThreadPoolExecutor.runWorker(ThreadPoolExecutor.java:1090)
	at java.base/java.util.concurrent.ThreadPoolExecutor$Worker.run(ThreadPoolExecutor.java:614)
	at java.base/java.lang.Thread.run(Thread.java:1474)
Caused by: com.wepay.kafka.connect.bigquery.exception.BigQueryConnectException: A write thread has failed with an unrecoverable error
Caused by: Failed to write to table
	at com.wepay.kafka.connect.bigquery.write.batch.KcbqThreadPoolExecutor.lambda$maybeThrowEncounteredError$0(KcbqThreadPoolExecutor.java:111)
	at java.base/java.util.Optional.ifPresent(Optional.java:178)
	at com.wepay.kafka.connect.bigquery.write.batch.KcbqThreadPoolExecutor.maybeThrowEncounteredError(KcbqThreadPoolExecutor.java:110)
	at com.wepay.kafka.connect.bigquery.BigQuerySinkTask.maybeThrowErrors(BigQuerySinkTask.java:559)
	at com.wepay.kafka.connect.bigquery.BigQuerySinkTask.writeSinkRecords(BigQuerySinkTask.java:215)
	at com.wepay.kafka.connect.bigquery.BigQuerySinkTask.put(BigQuerySinkTask.java:287)
	at org.apache.kafka.connect.runtime.WorkerSinkTask.deliverMessages(WorkerSinkTask.java:605)
	... 11 more
Caused by: com.wepay.kafka.connect.bigquery.exception.BigQueryConnectException: Failed to write to table
Caused by: Not found: Dataset gen-lang-client-0026556124:test_dataset
	at com.wepay.kafka.connect.bigquery.write.batch.TableWriter.run(TableWriter.java:149)
	at java.base/java.util.concurrent.ThreadPoolExecutor.runWorker(ThreadPoolExecutor.java:1090)
	at java.base/java.util.concurrent.ThreadPoolExecutor$Worker.run(ThreadPoolExecutor.java:614)
	at com.wepay.kafka.connect.bigquery.BigQuerySinkTask$MdcContextThreadFactory.lambda$newThread$0(BigQuerySinkTask.java:673)
	... 1 more
Caused by: com.google.cloud.bigquery.BigQueryException: Not found: Dataset gen-lang-client-0026556124:test_dataset
	at com.google.cloud.bigquery.spi.v2.HttpBigQueryRpc.translate(HttpBigQueryRpc.java:115)
	at com.google.cloud.bigquery.spi.v2.HttpBigQueryRpc.insertAll(HttpBigQueryRpc.java:548)
	at com.google.cloud.bigquery.BigQueryImpl$28.call(BigQueryImpl.java:1119)
	at com.google.cloud.bigquery.BigQueryImpl$28.call(BigQueryImpl.java:1116)
	at com.google.api.gax.retrying.DirectRetryingExecutor.submit(DirectRetryingExecutor.java:103)
	at com.google.cloud.RetryHelper.run(RetryHelper.java:76)
	at com.google.cloud.RetryHelper.runWithRetries(RetryHelper.java:50)
	at com.google.cloud.bigquery.BigQueryImpl.insertAll(BigQueryImpl.java:1115)
	at com.wepay.kafka.connect.bigquery.write.row.AdaptiveBigQueryWriter.performWriteRequest(AdaptiveBigQueryWriter.java:131)
	at com.wepay.kafka.connect.bigquery.write.row.BigQueryWriter.writeRows(BigQueryWriter.java:150)
	at com.wepay.kafka.connect.bigquery.write.batch.TableWriter.run(TableWriter.java:136)
	... 4 more
Caused by: com.google.api.client.googleapis.json.GoogleJsonResponseException: 404 Not Found
POST https://bigquery.googleapis.com/bigquery/v2/projects/gen-lang-client-0026556124/datasets/test_dataset/tables/test_upsert_sr_tmp_0_34d8ab3c_cfd8_4463_b8cd_7f425f9aa502_1772619514514/insertAll?prettyPrint=false
{
  "code": 404,
  "errors": [
    {
      "domain": "global",
      "message": "Not found: Dataset gen-lang-client-0026556124:test_dataset",
      "reason": "notFound"
    }
  ],
  "message": "Not found: Dataset gen-lang-client-0026556124:test_dataset",
  "status": "NOT_FOUND"
}
	at com.google.api.client.googleapis.json.GoogleJsonResponseException.from(GoogleJsonResponseException.java:146)
	at com.google.api.client.googleapis.services.json.AbstractGoogleJsonClientRequest.newExceptionOnError(AbstractGoogleJsonClientRequest.java:118)
	at com.google.api.client.googleapis.services.json.AbstractGoogleJsonClientRequest.newExceptionOnError(AbstractGoogleJsonClientRequest.java:37)
	at com.google.api.client.googleapis.services.AbstractGoogleClientRequest$3.interceptResponse(AbstractGoogleClientRequest.java:466)
	at com.google.api.client.http.HttpRequest.execute(HttpRequest.java:1111)
	at com.google.api.client.googleapis.services.AbstractGoogleClientRequest.executeUnparsed(AbstractGoogleClientRequest.java:552)
	at com.google.api.client.googleapis.services.AbstractGoogleClientRequest.executeUnparsed(AbstractGoogleClientRequest.java:493)
	at com.google.api.client.googleapis.services.AbstractGoogleClientRequest.execute(AbstractGoogleClientRequest.java:603)
	at com.google.cloud.bigquery.spi.v2.HttpBigQueryRpc.insertAll(HttpBigQueryRpc.java:546)
	... 13 more
[2026-03-04 15:48:44,514] WARN [kcbq-sink-connector-testUpsert-sr|task-0] Interrupted while waiting for batch 2 to complete for intermediate table `test_dataset`.`test_upsert_sr_tmp_0_34d8ab3c_cfd8_4463_b8cd_7f425f9aa502_1772619514514` (com.wepay.kafka.connect.bigquery.write.batch.MergeBatches:256)
[2026-03-04 15:48:44,514] WARN [kcbq-sink-connector-testUpsert-sr|task-0] Interrupted while waiting for all rows for batch 0 from intermediate table `test_dataset`.`test_upsert_sr_tmp_0_34d8ab3c_cfd8_4463_b8cd_7f425f9aa502_1772619514514` to be written (com.wepay.kafka.connect.bigquery.write.batch.MergeBatches:284)
[2026-03-04 15:48:44,514] WARN [kcbq-sink-connector-testUpsert-sr|task-0] Interrupted while waiting for batch 3 to complete for intermediate table `test_dataset`.`test_upsert_sr_tmp_0_34d8ab3c_cfd8_4463_b8cd_7f425f9aa502_1772619514514` (com.wepay.kafka.connect.bigquery.write.batch.MergeBatches:256)
[2026-03-04 15:48:44,514] WARN [kcbq-sink-connector-testUpsert-sr|task-0] Interrupted while waiting for batch 1 to complete for intermediate table `test_dataset`.`test_upsert_sr_tmp_0_34d8ab3c_cfd8_4463_b8cd_7f425f9aa502_1772619514514` (com.wepay.kafka.connect.bigquery.write.batch.MergeBatches:256)
[2026-03-04 15:48:44,514] DEBUG [kcbq-sink-connector-testUpsert-sr|task-0] Deleting intermediate table `test_dataset`.`test_upsert_sr_tmp_0_34d8ab3c_cfd8_4463_b8cd_7f425f9aa502_1772619514514` (com.wepay.kafka.connect.bigquery.BigQuerySinkTask:612)
[2026-03-04 15:48:44,833] INFO 127.0.0.1 - - [04/Mar/2026:10:18:44 +0000] "GET /connectors/kcbq-sink-connector-testUpsert-sr/status HTTP/1.1" 200 187 "-" "Jetty/9.4.56.v20240826" 1 (org.apache.kafka.connect.runtime.rest.RestServer:62)
[2026-03-04 15:48:44,833] INFO GET response for URL=http://localhost:33759/connectors/kcbq-sink-connector-testUpsert-sr/status is {"name":"kcbq-sink-connector-testUpsert-sr","connector":{"state":"RUNNING","worker_id":"localhost:33759"},"tasks":[{"id":0,"state":"RUNNING","worker_id":"localhost:33759"}],"type":"sink"} (org.apache.kafka.connect.util.clusters.EmbeddedConnect:1016)
[2026-03-04 15:48:44,834] DEBUG Connector has only committed 0 records for topics [test-upsert-sr] so far; 8 expected (com.wepay.kafka.connect.bigquery.integration.BaseConnectorIT:210)
[2026-03-04 15:48:45,128] INFO [kcbq-sink-connector-testUpsert-sr|task-0] [Consumer clientId=connector-consumer-kcbq-sink-connector-testUpsert-sr-0, groupId=connect-kcbq-sink-connector-testUpsert-sr] Revoke previously assigned partitions test-upsert-sr-0 (org.apache.kafka.clients.consumer.internals.ConsumerRebalanceListenerInvoker:79)
[2026-03-04 15:48:45,128] INFO [kcbq-sink-connector-testUpsert-sr|task-0] [Consumer clientId=connector-consumer-kcbq-sink-connector-testUpsert-sr-0, groupId=connect-kcbq-sink-connector-testUpsert-sr] Member connector-consumer-kcbq-sink-connector-testUpsert-sr-0-54908c74-18f1-479a-b893-0381094bdb0c sending LeaveGroup request to coordinator localhost:39731 (id: 2147483647 rack: null) due to the consumer is being closed (org.apache.kafka.clients.consumer.internals.ConsumerCoordinator:1173)
[2026-03-04 15:48:45,128] INFO [kcbq-sink-connector-testUpsert-sr|task-0] [Consumer clientId=connector-consumer-kcbq-sink-connector-testUpsert-sr-0, groupId=connect-kcbq-sink-connector-testUpsert-sr] Resetting generation and member id due to: consumer pro-actively leaving the group (org.apache.kafka.clients.consumer.internals.ConsumerCoordinator:1055)
[2026-03-04 15:48:45,128] INFO [kcbq-sink-connector-testUpsert-sr|task-0] [Consumer clientId=connector-consumer-kcbq-sink-connector-testUpsert-sr-0, groupId=connect-kcbq-sink-connector-testUpsert-sr] Request joining group due to: consumer pro-actively leaving the group (org.apache.kafka.clients.consumer.internals.ConsumerCoordinator:1102)
[2026-03-04 15:48:45,128] INFO [GroupCoordinator 0]: Preparing to rebalance group connect-kcbq-sink-connector-testUpsert-sr in state PreparingRebalance with old generation 1 (__consumer_offsets-44) (reason: Removing member connector-consumer-kcbq-sink-connector-testUpsert-sr-0-54908c74-18f1-479a-b893-0381094bdb0c on LeaveGroup; client reason: the consumer is being closed) (kafka.coordinator.group.GroupCoordinator:66)
[2026-03-04 15:48:45,129] INFO [GroupCoordinator 0]: Group connect-kcbq-sink-connector-testUpsert-sr with generation 2 is now empty (__consumer_offsets-44) (kafka.coordinator.group.GroupCoordinator:66)
[2026-03-04 15:48:45,129] INFO [GroupCoordinator 0]: Member MemberMetadata(memberId=connector-consumer-kcbq-sink-connector-testUpsert-sr-0-54908c74-18f1-479a-b893-0381094bdb0c, groupInstanceId=None, clientId=connector-consumer-kcbq-sink-connector-testUpsert-sr-0, clientHost=/127.0.0.1, sessionTimeoutMs=45000, rebalanceTimeoutMs=300000, supportedProtocols=List(range, cooperative-sticky)) has left group connect-kcbq-sink-connector-testUpsert-sr through explicit `LeaveGroup`; client reason: the consumer is being closed (kafka.coordinator.group.GroupCoordinator:66)
[2026-03-04 15:48:45,129] INFO [kcbq-sink-connector-testUpsert-sr|task-0] Metrics scheduler closed (org.apache.kafka.common.metrics.Metrics:684)
[2026-03-04 15:48:45,129] INFO [kcbq-sink-connector-testUpsert-sr|task-0] Closing reporter org.apache.kafka.common.metrics.JmxReporter (org.apache.kafka.common.metrics.Metrics:688)
[2026-03-04 15:48:45,129] INFO [kcbq-sink-connector-testUpsert-sr|task-0] Closing reporter org.apache.kafka.common.telemetry.internals.ClientTelemetryReporter (org.apache.kafka.common.metrics.Metrics:688)
[2026-03-04 15:48:45,129] INFO [kcbq-sink-connector-testUpsert-sr|task-0] Metrics reporters closed (org.apache.kafka.common.metrics.Metrics:694)
[2026-03-04 15:48:45,130] INFO [kcbq-sink-connector-testUpsert-sr|task-0] App info kafka.consumer for connector-consumer-kcbq-sink-connector-testUpsert-sr-0 unregistered (org.apache.kafka.common.utils.AppInfoParser:88)
[2026-03-04 15:48:49,936] INFO 127.0.0.1 - - [04/Mar/2026:10:18:49 +0000] "GET /connectors/kcbq-sink-connector-testUpsert-sr/status HTTP/1.1" 200 5643 "-" "Jetty/9.4.56.v20240826" 1 (org.apache.kafka.connect.runtime.rest.RestServer:62)
[2026-03-04 15:48:49,936] INFO GET response for URL=http://localhost:33759/connectors/kcbq-sink-connector-testUpsert-sr/status is {"name":"kcbq-sink-connector-testUpsert-sr","connector":{"state":"RUNNING","worker_id":"localhost:33759"},"tasks":[{"id":0,"state":"FAILED","worker_id":"localhost:33759","trace":"org.apache.kafka.connect.errors.ConnectException: Exiting WorkerSinkTask due to unrecoverable exception.\n\tat org.apache.kafka.connect.runtime.WorkerSinkTask.deliverMessages(WorkerSinkTask.java:635)\n\tat org.apache.kafka.connect.runtime.WorkerSinkTask.poll(WorkerSinkTask.java:344)\n\tat org.apache.kafka.connect.runtime.WorkerSinkTask.iteration(WorkerSinkTask.java:246)\n\tat org.apache.kafka.connect.runtime.WorkerSinkTask.execute(WorkerSinkTask.java:215)\n\tat org.apache.kafka.connect.runtime.WorkerTask.doRun(WorkerTask.java:225)\n\tat org.apache.kafka.connect.runtime.WorkerTask.run(WorkerTask.java:280)\n\tat org.apache.kafka.connect.runtime.isolation.Plugins.lambda$withClassLoader$1(Plugins.java:237)\n\tat java.base/java.util.concurrent.Executors$RunnableAdapter.call(Executors.java:545)\n\tat java.base/java.util.concurrent.FutureTask.run(FutureTask.java:328)\n\tat java.base/java.util.concurrent.ThreadPoolExecutor.runWorker(ThreadPoolExecutor.java:1090)\n\tat java.base/java.util.concurrent.ThreadPoolExecutor$Worker.run(ThreadPoolExecutor.java:614)\n\tat java.base/java.lang.Thread.run(Thread.java:1474)\nCaused by: com.wepay.kafka.connect.bigquery.exception.BigQueryConnectException: A write thread has failed with an unrecoverable error\nCaused by: Failed to write to table\n\tat com.wepay.kafka.connect.bigquery.write.batch.KcbqThreadPoolExecutor.lambda$maybeThrowEncounteredError$0(KcbqThreadPoolExecutor.java:111)\n\tat java.base/java.util.Optional.ifPresent(Optional.java:178)\n\tat com.wepay.kafka.connect.bigquery.write.batch.KcbqThreadPoolExecutor.maybeThrowEncounteredError(KcbqThreadPoolExecutor.java:110)\n\tat com.wepay.kafka.connect.bigquery.BigQuerySinkTask.maybeThrowErrors(BigQuerySinkTask.java:559)\n\tat com.wepay.kafka.connect.bigquery.BigQuerySinkTask.writeSinkRecords(BigQuerySinkTask.java:215)\n\tat com.wepay.kafka.connect.bigquery.BigQuerySinkTask.put(BigQuerySinkTask.java:287)\n\tat org.apache.kafka.connect.runtime.WorkerSinkTask.deliverMessages(WorkerSinkTask.java:605)\n\t... 11 more\nCaused by: com.wepay.kafka.connect.bigquery.exception.BigQueryConnectException: Failed to write to table\nCaused by: Not found: Dataset gen-lang-client-0026556124:test_dataset\n\tat com.wepay.kafka.connect.bigquery.write.batch.TableWriter.run(TableWriter.java:149)\n\tat java.base/java.util.concurrent.ThreadPoolExecutor.runWorker(ThreadPoolExecutor.java:1090)\n\tat java.base/java.util.concurrent.ThreadPoolExecutor$Worker.run(ThreadPoolExecutor.java:614)\n\tat com.wepay.kafka.connect.bigquery.BigQuerySinkTask$MdcContextThreadFactory.lambda$newThread$0(BigQuerySinkTask.java:673)\n\t... 1 more\nCaused by: com.google.cloud.bigquery.BigQueryException: Not found: Dataset gen-lang-client-0026556124:test_dataset\n\tat com.google.cloud.bigquery.spi.v2.HttpBigQueryRpc.translate(HttpBigQueryRpc.java:115)\n\tat com.google.cloud.bigquery.spi.v2.HttpBigQueryRpc.insertAll(HttpBigQueryRpc.java:548)\n\tat com.google.cloud.bigquery.BigQueryImpl$28.call(BigQueryImpl.java:1119)\n\tat com.google.cloud.bigquery.BigQueryImpl$28.call(BigQueryImpl.java:1116)\n\tat com.google.api.gax.retrying.DirectRetryingExecutor.submit(DirectRetryingExecutor.java:103)\n\tat com.google.cloud.RetryHelper.run(RetryHelper.java:76)\n\tat com.google.cloud.RetryHelper.runWithRetries(RetryHelper.java:50)\n\tat com.google.cloud.bigquery.BigQueryImpl.insertAll(BigQueryImpl.java:1115)\n\tat com.wepay.kafka.connect.bigquery.write.row.AdaptiveBigQueryWriter.performWriteRequest(AdaptiveBigQueryWriter.java:131)\n\tat com.wepay.kafka.connect.bigquery.write.row.BigQueryWriter.writeRows(BigQueryWriter.java:150)\n\tat com.wepay.kafka.connect.bigquery.write.batch.TableWriter.run(TableWriter.java:136)\n\t... 4 more\nCaused by: com.google.api.client.googleapis.json.GoogleJsonResponseException: 404 Not Found\nPOST https://bigquery.googleapis.com/bigquery/v2/projects/gen-lang-client-0026556124/datasets/test_dataset/tables/test_upsert_sr_tmp_0_34d8ab3c_cfd8_4463_b8cd_7f425f9aa502_1772619514514/insertAll?prettyPrint=false\n{\n  \"code\": 404,\n  \"errors\": [\n    {\n      \"domain\": \"global\",\n      \"message\": \"Not found: Dataset gen-lang-client-0026556124:test_dataset\",\n      \"reason\": \"notFound\"\n    }\n  ],\n  \"message\": \"Not found: Dataset gen-lang-client-0026556124:test_dataset\",\n  \"status\": \"NOT_FOUND\"\n}\n\tat com.google.api.client.googleapis.json.GoogleJsonResponseException.from(GoogleJsonResponseException.java:146)\n\tat com.google.api.client.googleapis.services.json.AbstractGoogleJsonClientRequest.newExceptionOnError(AbstractGoogleJsonClientRequest.java:118)\n\tat com.google.api.client.googleapis.services.json.AbstractGoogleJsonClientRequest.newExceptionOnError(AbstractGoogleJsonClientRequest.java:37)\n\tat com.google.api.client.googleapis.services.AbstractGoogleClientRequest$3.interceptResponse(AbstractGoogleClientRequest.java:466)\n\tat com.google.api.client.http.HttpRequest.execute(HttpRequest.java:1111)\n\tat com.google.api.client.googleapis.services.AbstractGoogleClientRequest.executeUnparsed(AbstractGoogleClientRequest.java:552)\n\tat com.google.api.client.googleapis.services.AbstractGoogleClientRequest.executeUnparsed(AbstractGoogleClientRequest.java:493)\n\tat com.google.api.client.googleapis.services.AbstractGoogleClientRequest.execute(AbstractGoogleClientRequest.java:603)\n\tat com.google.cloud.bigquery.spi.v2.HttpBigQueryRpc.insertAll(HttpBigQueryRpc.java:546)\n\t... 13 more\n"}],"type":"sink"} (org.apache.kafka.connect.util.clusters.EmbeddedConnect:1016)
[2026-03-04 15:48:49,938] INFO App info kafka.admin.client for adminclient-12 unregistered (org.apache.kafka.common.utils.AppInfoParser:88)
[2026-03-04 15:48:49,938] INFO Metrics scheduler closed (org.apache.kafka.common.metrics.Metrics:684)
[2026-03-04 15:48:49,938] INFO Closing reporter org.apache.kafka.common.metrics.JmxReporter (org.apache.kafka.common.metrics.Metrics:688)
[2026-03-04 15:48:49,938] INFO Metrics reporters closed (org.apache.kafka.common.metrics.Metrics:694)
[2026-03-04 15:48:49,938] INFO Stopping worker WorkerHandle{workerName='connect-worker-0'workerURL='http://localhost:33759/'} (org.apache.kafka.connect.util.clusters.EmbeddedConnect:186)
[2026-03-04 15:48:49,938] INFO Kafka Connect stopping (org.apache.kafka.connect.runtime.Connect:67)
[2026-03-04 15:48:49,939] INFO Stopping REST server (org.apache.kafka.connect.runtime.rest.RestServer:354)
[2026-03-04 15:48:49,939] INFO Stopped o.e.j.s.ServletContextHandler@7bd43ad7{/,null,STOPPED} (org.eclipse.jetty.server.handler.ContextHandler:1159)
[2026-03-04 15:48:49,939] INFO Stopped http_localhost0@5d9dcca0{HTTP/1.1, (http/1.1)}{localhost:0} (org.eclipse.jetty.server.AbstractConnector:383)
[2026-03-04 15:48:49,939] INFO node0 Stopped scavenging (org.eclipse.jetty.server.session:149)
[2026-03-04 15:48:49,939] INFO REST server stopped (org.apache.kafka.connect.runtime.rest.RestServer:383)
[2026-03-04 15:48:49,939] INFO [Worker clientId=connect-localhost:33759, groupId=connect-integration-test-kcbq-connect-cluster] Herder stopping (org.apache.kafka.connect.runtime.distributed.DistributedHerder:841)
[2026-03-04 15:48:49,940] INFO [Worker clientId=connect-localhost:33759, groupId=connect-integration-test-kcbq-connect-cluster] Stopping connectors and tasks that are still assigned to this worker. (org.apache.kafka.connect.runtime.distributed.DistributedHerder:798)
[2026-03-04 15:48:49,940] INFO [kcbq-sink-connector-testUpsert-sr|worker] Stopping connector kcbq-sink-connector-testUpsert-sr (org.apache.kafka.connect.runtime.Worker:451)
[2026-03-04 15:48:49,940] INFO [kcbq-sink-connector-testUpsert-sr|worker] Scheduled shutdown for WorkerConnector{id=kcbq-sink-connector-testUpsert-sr} (org.apache.kafka.connect.runtime.WorkerConnector:294)
[2026-03-04 15:48:49,940] INFO [kcbq-sink-connector-testUpsert-sr|worker] Completed shutdown for WorkerConnector{id=kcbq-sink-connector-testUpsert-sr} (org.apache.kafka.connect.runtime.WorkerConnector:314)
[2026-03-04 15:48:49,940] INFO [kcbq-sink-connector-testUpsert-sr|task-0] Stopping task kcbq-sink-connector-testUpsert-sr-0 (org.apache.kafka.connect.runtime.Worker:1047)
[2026-03-04 15:48:49,940] INFO Stopping KafkaBasedLog for topic connect-status-topic-kcbq-connect-cluster (org.apache.kafka.connect.util.KafkaBasedLog:316)
[2026-03-04 15:48:49,940] INFO [Producer clientId=connect-integration-test-kcbq-connect-cluster-statuses] Closing the Kafka producer with timeoutMillis = 9223372036854775807 ms. (org.apache.kafka.clients.producer.KafkaProducer:1373)
[2026-03-04 15:48:49,941] INFO Metrics scheduler closed (org.apache.kafka.common.metrics.Metrics:684)
[2026-03-04 15:48:49,941] INFO Closing reporter org.apache.kafka.common.metrics.JmxReporter (org.apache.kafka.common.metrics.Metrics:688)
[2026-03-04 15:48:49,941] INFO Closing reporter org.apache.kafka.common.telemetry.internals.ClientTelemetryReporter (org.apache.kafka.common.metrics.Metrics:688)
[2026-03-04 15:48:49,941] INFO Metrics reporters closed (org.apache.kafka.common.metrics.Metrics:694)
[2026-03-04 15:48:49,941] INFO App info kafka.producer for connect-integration-test-kcbq-connect-cluster-statuses unregistered (org.apache.kafka.common.utils.AppInfoParser:88)
[2026-03-04 15:48:49,941] INFO [Consumer clientId=connect-integration-test-kcbq-connect-cluster-statuses, groupId=connect-integration-test-kcbq-connect-cluster] Resetting generation and member id due to: consumer pro-actively leaving the group (org.apache.kafka.clients.consumer.internals.ConsumerCoordinator:1055)
[2026-03-04 15:48:49,941] INFO [Consumer clientId=connect-integration-test-kcbq-connect-cluster-statuses, groupId=connect-integration-test-kcbq-connect-cluster] Request joining group due to: consumer pro-actively leaving the group (org.apache.kafka.clients.consumer.internals.ConsumerCoordinator:1102)
[2026-03-04 15:48:49,941] INFO [Consumer clientId=connect-integration-test-kcbq-connect-cluster-statuses, groupId=connect-integration-test-kcbq-connect-cluster] Node 0 sent an invalid full fetch response with extraIds=(U3g9HSgiTMOZdm5Pc_MIwA), response=() (org.apache.kafka.clients.FetchSessionHandler:555)
[2026-03-04 15:48:49,941] INFO Metrics scheduler closed (org.apache.kafka.common.metrics.Metrics:684)
[2026-03-04 15:48:49,941] INFO Closing reporter org.apache.kafka.common.metrics.JmxReporter (org.apache.kafka.common.metrics.Metrics:688)
[2026-03-04 15:48:49,941] INFO Closing reporter org.apache.kafka.common.telemetry.internals.ClientTelemetryReporter (org.apache.kafka.common.metrics.Metrics:688)
[2026-03-04 15:48:49,941] INFO Metrics reporters closed (org.apache.kafka.common.metrics.Metrics:694)
[2026-03-04 15:48:49,942] INFO App info kafka.consumer for connect-integration-test-kcbq-connect-cluster-statuses unregistered (org.apache.kafka.common.utils.AppInfoParser:88)
[2026-03-04 15:48:49,942] INFO Stopped KafkaBasedLog for topic connect-status-topic-kcbq-connect-cluster (org.apache.kafka.connect.util.KafkaBasedLog:340)
[2026-03-04 15:48:49,942] INFO Closing KafkaConfigBackingStore (org.apache.kafka.connect.storage.KafkaConfigBackingStore:405)
[2026-03-04 15:48:49,942] INFO Stopping KafkaBasedLog for topic connect-config-topic-kcbq-connect-cluster (org.apache.kafka.connect.util.KafkaBasedLog:316)
[2026-03-04 15:48:49,942] INFO [Producer clientId=connect-integration-test-kcbq-connect-cluster-configs] Closing the Kafka producer with timeoutMillis = 9223372036854775807 ms. (org.apache.kafka.clients.producer.KafkaProducer:1373)
[2026-03-04 15:48:49,942] INFO Metrics scheduler closed (org.apache.kafka.common.metrics.Metrics:684)
[2026-03-04 15:48:49,942] INFO Closing reporter org.apache.kafka.common.metrics.JmxReporter (org.apache.kafka.common.metrics.Metrics:688)
[2026-03-04 15:48:49,942] INFO Closing reporter org.apache.kafka.common.telemetry.internals.ClientTelemetryReporter (org.apache.kafka.common.metrics.Metrics:688)
[2026-03-04 15:48:49,942] INFO Metrics reporters closed (org.apache.kafka.common.metrics.Metrics:694)
[2026-03-04 15:48:49,942] INFO App info kafka.producer for connect-integration-test-kcbq-connect-cluster-configs unregistered (org.apache.kafka.common.utils.AppInfoParser:88)
[2026-03-04 15:48:49,942] INFO [Consumer clientId=connect-integration-test-kcbq-connect-cluster-configs, groupId=connect-integration-test-kcbq-connect-cluster] Resetting generation and member id due to: consumer pro-actively leaving the group (org.apache.kafka.clients.consumer.internals.ConsumerCoordinator:1055)
[2026-03-04 15:48:49,942] INFO [Consumer clientId=connect-integration-test-kcbq-connect-cluster-configs, groupId=connect-integration-test-kcbq-connect-cluster] Request joining group due to: consumer pro-actively leaving the group (org.apache.kafka.clients.consumer.internals.ConsumerCoordinator:1102)
[2026-03-04 15:48:50,024] INFO Metrics scheduler closed (org.apache.kafka.common.metrics.Metrics:684)
[2026-03-04 15:48:50,024] INFO Closing reporter org.apache.kafka.common.metrics.JmxReporter (org.apache.kafka.common.metrics.Metrics:688)
[2026-03-04 15:48:50,024] INFO Closing reporter org.apache.kafka.common.telemetry.internals.ClientTelemetryReporter (org.apache.kafka.common.metrics.Metrics:688)
[2026-03-04 15:48:50,024] INFO Metrics reporters closed (org.apache.kafka.common.metrics.Metrics:694)
[2026-03-04 15:48:50,025] INFO App info kafka.consumer for connect-integration-test-kcbq-connect-cluster-configs unregistered (org.apache.kafka.common.utils.AppInfoParser:88)
[2026-03-04 15:48:50,025] INFO Stopped KafkaBasedLog for topic connect-config-topic-kcbq-connect-cluster (org.apache.kafka.connect.util.KafkaBasedLog:340)
[2026-03-04 15:48:50,025] INFO Closed KafkaConfigBackingStore (org.apache.kafka.connect.storage.KafkaConfigBackingStore:410)
[2026-03-04 15:48:50,025] INFO Worker stopping (org.apache.kafka.connect.runtime.Worker:249)
[2026-03-04 15:48:50,025] INFO Stopping KafkaOffsetBackingStore (org.apache.kafka.connect.storage.KafkaOffsetBackingStore:260)
[2026-03-04 15:48:50,025] INFO Stopping KafkaBasedLog for topic connect-offset-topic-kcbq-connect-cluster (org.apache.kafka.connect.util.KafkaBasedLog:316)
[2026-03-04 15:48:50,025] INFO [Producer clientId=connect-integration-test-kcbq-connect-cluster-offsets] Closing the Kafka producer with timeoutMillis = 9223372036854775807 ms. (org.apache.kafka.clients.producer.KafkaProducer:1373)
[2026-03-04 15:48:50,025] INFO Metrics scheduler closed (org.apache.kafka.common.metrics.Metrics:684)
[2026-03-04 15:48:50,025] INFO Closing reporter org.apache.kafka.common.metrics.JmxReporter (org.apache.kafka.common.metrics.Metrics:688)
[2026-03-04 15:48:50,025] INFO Closing reporter org.apache.kafka.common.telemetry.internals.ClientTelemetryReporter (org.apache.kafka.common.metrics.Metrics:688)
[2026-03-04 15:48:50,025] INFO Metrics reporters closed (org.apache.kafka.common.metrics.Metrics:694)
[2026-03-04 15:48:50,025] INFO App info kafka.producer for connect-integration-test-kcbq-connect-cluster-offsets unregistered (org.apache.kafka.common.utils.AppInfoParser:88)
[2026-03-04 15:48:50,025] INFO [Consumer clientId=connect-integration-test-kcbq-connect-cluster-offsets, groupId=connect-integration-test-kcbq-connect-cluster] Resetting generation and member id due to: consumer pro-actively leaving the group (org.apache.kafka.clients.consumer.internals.ConsumerCoordinator:1055)
[2026-03-04 15:48:50,025] INFO [Consumer clientId=connect-integration-test-kcbq-connect-cluster-offsets, groupId=connect-integration-test-kcbq-connect-cluster] Request joining group due to: consumer pro-actively leaving the group (org.apache.kafka.clients.consumer.internals.ConsumerCoordinator:1102)
[2026-03-04 15:48:50,125] INFO Metrics scheduler closed (org.apache.kafka.common.metrics.Metrics:684)
[2026-03-04 15:48:50,125] INFO Closing reporter org.apache.kafka.common.metrics.JmxReporter (org.apache.kafka.common.metrics.Metrics:688)
[2026-03-04 15:48:50,125] INFO Closing reporter org.apache.kafka.common.telemetry.internals.ClientTelemetryReporter (org.apache.kafka.common.metrics.Metrics:688)
[2026-03-04 15:48:50,125] INFO Metrics reporters closed (org.apache.kafka.common.metrics.Metrics:694)
[2026-03-04 15:48:50,125] INFO App info kafka.consumer for connect-integration-test-kcbq-connect-cluster-offsets unregistered (org.apache.kafka.common.utils.AppInfoParser:88)
[2026-03-04 15:48:50,125] INFO Stopped KafkaBasedLog for topic connect-offset-topic-kcbq-connect-cluster (org.apache.kafka.connect.util.KafkaBasedLog:340)
[2026-03-04 15:48:50,125] INFO Stopped KafkaOffsetBackingStore (org.apache.kafka.connect.storage.KafkaOffsetBackingStore:262)
[2026-03-04 15:48:50,125] INFO Metrics scheduler closed (org.apache.kafka.common.metrics.Metrics:684)
[2026-03-04 15:48:50,125] INFO Closing reporter org.apache.kafka.common.metrics.JmxReporter (org.apache.kafka.common.metrics.Metrics:688)
[2026-03-04 15:48:50,125] INFO Metrics reporters closed (org.apache.kafka.common.metrics.Metrics:694)
[2026-03-04 15:48:50,125] INFO App info kafka.connect for localhost:33759 unregistered (org.apache.kafka.common.utils.AppInfoParser:88)
[2026-03-04 15:48:50,125] INFO Worker stopped (org.apache.kafka.connect.runtime.Worker:270)
[2026-03-04 15:48:50,125] INFO [Worker clientId=connect-localhost:33759, groupId=connect-integration-test-kcbq-connect-cluster] Member connect-localhost:33759-f5efe789-4715-4c19-9f9a-f8a0f9c6b29c sending LeaveGroup request to coordinator localhost:39731 (id: 2147483647 rack: null) due to the consumer is being closed (org.apache.kafka.connect.runtime.distributed.WorkerCoordinator:1173)
[2026-03-04 15:48:50,126] INFO [Worker clientId=connect-localhost:33759, groupId=connect-integration-test-kcbq-connect-cluster] Resetting generation and member id due to: consumer pro-actively leaving the group (org.apache.kafka.connect.runtime.distributed.WorkerCoordinator:1055)
[2026-03-04 15:48:50,126] WARN [Worker clientId=connect-localhost:33759, groupId=connect-integration-test-kcbq-connect-cluster] Close timed out with 1 pending requests to coordinator, terminating client connections (org.apache.kafka.connect.runtime.distributed.WorkerCoordinator:1140)
[2026-03-04 15:48:50,126] INFO Metrics scheduler closed (org.apache.kafka.common.metrics.Metrics:684)
[2026-03-04 15:48:50,126] INFO Closing reporter org.apache.kafka.common.metrics.JmxReporter (org.apache.kafka.common.metrics.Metrics:688)
[2026-03-04 15:48:50,126] INFO Metrics reporters closed (org.apache.kafka.common.metrics.Metrics:694)
[2026-03-04 15:48:50,126] INFO [GroupCoordinator 0]: Preparing to rebalance group connect-integration-test-kcbq-connect-cluster in state PreparingRebalance with old generation 3 (__consumer_offsets-42) (reason: Removing member connect-localhost:33759-f5efe789-4715-4c19-9f9a-f8a0f9c6b29c on LeaveGroup; client reason: the consumer is being closed) (kafka.coordinator.group.GroupCoordinator:66)
[2026-03-04 15:48:50,126] INFO [GroupCoordinator 0]: Group connect-integration-test-kcbq-connect-cluster with generation 4 is now empty (__consumer_offsets-42) (kafka.coordinator.group.GroupCoordinator:66)
[2026-03-04 15:48:50,126] INFO App info kafka.connect for connect-localhost:33759 unregistered (org.apache.kafka.common.utils.AppInfoParser:88)
[2026-03-04 15:48:50,126] INFO App info kafka.admin.client for connect-integration-test-kcbq-connect-cluster-shared-admin unregistered (org.apache.kafka.common.utils.AppInfoParser:88)
[2026-03-04 15:48:50,126] INFO Metrics scheduler closed (org.apache.kafka.common.metrics.Metrics:684)
[2026-03-04 15:48:50,126] INFO Closing reporter org.apache.kafka.common.metrics.JmxReporter (org.apache.kafka.common.metrics.Metrics:688)
[2026-03-04 15:48:50,126] INFO Metrics reporters closed (org.apache.kafka.common.metrics.Metrics:694)
[2026-03-04 15:48:50,126] INFO [Worker clientId=connect-localhost:33759, groupId=connect-integration-test-kcbq-connect-cluster] Herder stopped (org.apache.kafka.connect.runtime.distributed.DistributedHerder:387)
[2026-03-04 15:48:50,126] INFO [GroupCoordinator 0]: Member MemberMetadata(memberId=connect-localhost:33759-f5efe789-4715-4c19-9f9a-f8a0f9c6b29c, groupInstanceId=None, clientId=connect-localhost:33759, clientHost=/127.0.0.1, sessionTimeoutMs=10000, rebalanceTimeoutMs=60000, supportedProtocols=List(sessioned, compatible, default)) has left group connect-integration-test-kcbq-connect-cluster through explicit `LeaveGroup`; client reason: the consumer is being closed (kafka.coordinator.group.GroupCoordinator:66)
[2026-03-04 15:48:50,126] INFO [Worker clientId=connect-localhost:33759, groupId=connect-integration-test-kcbq-connect-cluster] Herder stopped (org.apache.kafka.connect.runtime.distributed.DistributedHerder:848)
[2026-03-04 15:48:50,126] INFO Kafka Connect stopped (org.apache.kafka.connect.runtime.Connect:72)
[2026-03-04 15:48:50,126] INFO [Producer clientId=producer-7] Closing the Kafka producer with timeoutMillis = 9223372036854775807 ms. (org.apache.kafka.clients.producer.KafkaProducer:1373)
[2026-03-04 15:48:50,127] INFO Metrics scheduler closed (org.apache.kafka.common.metrics.Metrics:684)
[2026-03-04 15:48:50,127] INFO Closing reporter org.apache.kafka.common.metrics.JmxReporter (org.apache.kafka.common.metrics.Metrics:688)
[2026-03-04 15:48:50,127] INFO Closing reporter org.apache.kafka.common.telemetry.internals.ClientTelemetryReporter (org.apache.kafka.common.metrics.Metrics:688)
[2026-03-04 15:48:50,127] INFO Metrics reporters closed (org.apache.kafka.common.metrics.Metrics:694)
[2026-03-04 15:48:50,127] INFO App info kafka.producer for producer-7 unregistered (org.apache.kafka.common.utils.AppInfoParser:88)
[2026-03-04 15:48:50,127] INFO [KafkaServer id=0] shutting down (kafka.server.KafkaServer:66)
[2026-03-04 15:48:50,127] INFO [KafkaServer id=0] Starting controlled shutdown (kafka.server.KafkaServer:66)
[2026-03-04 15:48:50,127] INFO [Controller id=0] Shutting down broker 0 (kafka.controller.KafkaController:66)
[2026-03-04 15:48:50,127] INFO [Controller id=0 epoch=1] Sending UpdateMetadata request to brokers Set() for 0 partitions (state.change.logger:66)
[2026-03-04 15:48:50,128] INFO [KafkaServer id=0] Controlled shutdown request returned successfully after 1ms (kafka.server.KafkaServer:66)
[2026-03-04 15:48:50,128] INFO [/config/changes-event-process-thread]: Shutting down (kafka.common.ZkNodeChangeNotificationListener$ChangeEventProcessThread:90)
[2026-03-04 15:48:50,128] INFO [/config/changes-event-process-thread]: Stopped (kafka.common.ZkNodeChangeNotificationListener$ChangeEventProcessThread:147)
[2026-03-04 15:48:50,128] INFO [/config/changes-event-process-thread]: Shutdown completed (kafka.common.ZkNodeChangeNotificationListener$ChangeEventProcessThread:109)
[2026-03-04 15:48:50,128] INFO [SocketServer listenerType=ZK_BROKER, nodeId=0] Stopping socket server request processors (kafka.network.SocketServer:66)
[2026-03-04 15:48:50,128] INFO [Producer clientId=producer-8] Node -1 disconnected. (org.apache.kafka.clients.NetworkClient:1017)
[2026-03-04 15:48:50,128] INFO [Schema registry clientId=sr-3, groupId=schema-registry] Node 2147483647 disconnected. (org.apache.kafka.clients.NetworkClient:1017)
[2026-03-04 15:48:50,128] INFO [NodeToControllerChannelManager id=0 name=forwarding] Node 0 disconnected. (org.apache.kafka.clients.NetworkClient:1017)
[2026-03-04 15:48:50,128] INFO [Consumer clientId=KafkaStore-reader-_schemas, groupId=schema-registry-hinata-waifu-38197] Node 0 disconnected. (org.apache.kafka.clients.NetworkClient:1017)
[2026-03-04 15:48:50,128] INFO [Schema registry clientId=sr-3, groupId=schema-registry] Group coordinator localhost:39731 (id: 2147483647 rack: null) is unavailable or invalid due to cause: coordinator unavailable. isDisconnected: true. Rediscovery will be attempted. (io.confluent.kafka.schemaregistry.leaderelector.kafka.SchemaRegistryCoordinator:999)
[2026-03-04 15:48:50,128] INFO [Consumer clientId=KafkaStore-reader-_schemas, groupId=schema-registry-hinata-waifu-38197] Cancelled in-flight FETCH request with correlation id 42 due to node 0 being disconnected (elapsed time since creation: 497ms, elapsed time since send: 497ms, throttle time: 0ms, request timeout: 30000ms) (org.apache.kafka.clients.NetworkClient:363)
[2026-03-04 15:48:50,128] INFO [Consumer clientId=KafkaStore-reader-_schemas, groupId=schema-registry-hinata-waifu-38197] Node -1 disconnected. (org.apache.kafka.clients.NetworkClient:1017)
[2026-03-04 15:48:50,128] INFO [Consumer clientId=KafkaStore-reader-_schemas, groupId=schema-registry-hinata-waifu-38197] Error sending fetch request (sessionId=886803377, epoch=35) to node 0: (org.apache.kafka.clients.FetchSessionHandler:617)
org.apache.kafka.common.errors.DisconnectException
[2026-03-04 15:48:50,128] INFO [Producer clientId=producer-8] Node 0 disconnected. (org.apache.kafka.clients.NetworkClient:1017)
[2026-03-04 15:48:50,128] INFO [Producer clientId=producer-8] Cancelled in-flight METADATA request with correlation id 10 due to node 0 being disconnected (elapsed time since creation: 0ms, elapsed time since send: 0ms, throttle time: 0ms, request timeout: 30000ms) (org.apache.kafka.clients.NetworkClient:363)
[2026-03-04 15:48:50,128] INFO [SocketServer listenerType=ZK_BROKER, nodeId=0] Stopped socket server request processors (kafka.network.SocketServer:66)
[2026-03-04 15:48:50,129] INFO [Schema registry clientId=sr-3, groupId=schema-registry] Node 0 disconnected. (org.apache.kafka.clients.NetworkClient:1017)
[2026-03-04 15:48:50,129] INFO [data-plane Kafka Request Handler on Broker 0], shutting down (kafka.server.KafkaRequestHandlerPool:66)
[2026-03-04 15:48:50,129] WARN [Schema registry clientId=sr-3, groupId=schema-registry] Connection to node 0 (localhost/127.0.0.1:39731) could not be established. Node may not be available. (org.apache.kafka.clients.NetworkClient:849)
[2026-03-04 15:48:50,129] INFO [Schema registry clientId=sr-3, groupId=schema-registry] Node -1 disconnected. (org.apache.kafka.clients.NetworkClient:1017)
[2026-03-04 15:48:50,129] INFO [data-plane Kafka Request Handler on Broker 0], shut down completely (kafka.server.KafkaRequestHandlerPool:66)
[2026-03-04 15:48:50,129] INFO [ExpirationReaper-0-AlterAcls]: Shutting down (kafka.server.DelayedOperationPurgatory$ExpiredOperationReaper:90)
[2026-03-04 15:48:50,129] INFO [ExpirationReaper-0-AlterAcls]: Stopped (kafka.server.DelayedOperationPurgatory$ExpiredOperationReaper:147)
[2026-03-04 15:48:50,129] INFO [ExpirationReaper-0-AlterAcls]: Shutdown completed (kafka.server.DelayedOperationPurgatory$ExpiredOperationReaper:109)
[2026-03-04 15:48:50,129] INFO [KafkaApi-0] Shutdown complete. (kafka.server.KafkaApis:66)
[2026-03-04 15:48:50,129] INFO [ExpirationReaper-0-topic]: Shutting down (kafka.server.DelayedOperationPurgatory$ExpiredOperationReaper:90)
[2026-03-04 15:48:50,129] INFO [ExpirationReaper-0-topic]: Stopped (kafka.server.DelayedOperationPurgatory$ExpiredOperationReaper:147)
[2026-03-04 15:48:50,129] INFO [ExpirationReaper-0-topic]: Shutdown completed (kafka.server.DelayedOperationPurgatory$ExpiredOperationReaper:109)
[2026-03-04 15:48:50,129] INFO [TransactionCoordinator id=0] Shutting down. (kafka.coordinator.transaction.TransactionCoordinator:66)
[2026-03-04 15:48:50,129] INFO [Transaction State Manager 0]: Shutdown complete (kafka.coordinator.transaction.TransactionStateManager:66)
[2026-03-04 15:48:50,129] INFO [TxnMarkerSenderThread-0]: Shutting down (kafka.coordinator.transaction.TransactionMarkerChannelManager:90)
[2026-03-04 15:48:50,129] INFO [TxnMarkerSenderThread-0]: Stopped (kafka.coordinator.transaction.TransactionMarkerChannelManager:147)
[2026-03-04 15:48:50,129] INFO [TxnMarkerSenderThread-0]: Shutdown completed (kafka.coordinator.transaction.TransactionMarkerChannelManager:109)
[2026-03-04 15:48:50,129] INFO [TransactionCoordinator id=0] Shutdown complete. (kafka.coordinator.transaction.TransactionCoordinator:66)
[2026-03-04 15:48:50,129] INFO [GroupCoordinator 0]: Shutting down. (kafka.coordinator.group.GroupCoordinator:66)
[2026-03-04 15:48:50,129] INFO [ExpirationReaper-0-Heartbeat]: Shutting down (kafka.server.DelayedOperationPurgatory$ExpiredOperationReaper:90)
[2026-03-04 15:48:50,129] INFO [ExpirationReaper-0-Heartbeat]: Stopped (kafka.server.DelayedOperationPurgatory$ExpiredOperationReaper:147)
[2026-03-04 15:48:50,129] INFO [ExpirationReaper-0-Heartbeat]: Shutdown completed (kafka.server.DelayedOperationPurgatory$ExpiredOperationReaper:109)
[2026-03-04 15:48:50,130] INFO [ExpirationReaper-0-Rebalance]: Shutting down (kafka.server.DelayedOperationPurgatory$ExpiredOperationReaper:90)
[2026-03-04 15:48:50,130] INFO [ExpirationReaper-0-Rebalance]: Stopped (kafka.server.DelayedOperationPurgatory$ExpiredOperationReaper:147)
[2026-03-04 15:48:50,130] INFO [ExpirationReaper-0-Rebalance]: Shutdown completed (kafka.server.DelayedOperationPurgatory$ExpiredOperationReaper:109)
[2026-03-04 15:48:50,130] INFO [GroupCoordinator 0]: Shutdown complete. (kafka.coordinator.group.GroupCoordinator:66)
[2026-03-04 15:48:50,130] INFO [ReplicaManager broker=0] Shutting down (kafka.server.ReplicaManager:66)
[2026-03-04 15:48:50,130] INFO [LogDirFailureHandler]: Shutting down (kafka.server.ReplicaManager$LogDirFailureHandler:90)
[2026-03-04 15:48:50,130] INFO [LogDirFailureHandler]: Stopped (kafka.server.ReplicaManager$LogDirFailureHandler:147)
[2026-03-04 15:48:50,130] INFO [LogDirFailureHandler]: Shutdown completed (kafka.server.ReplicaManager$LogDirFailureHandler:109)
[2026-03-04 15:48:50,130] INFO [ReplicaFetcherManager on broker 0] shutting down (kafka.server.ReplicaFetcherManager:66)
[2026-03-04 15:48:50,130] INFO [ReplicaFetcherManager on broker 0] shutdown completed (kafka.server.ReplicaFetcherManager:66)
[2026-03-04 15:48:50,130] INFO [ReplicaAlterLogDirsManager on broker 0] shutting down (kafka.server.ReplicaAlterLogDirsManager:66)
[2026-03-04 15:48:50,130] INFO [ReplicaAlterLogDirsManager on broker 0] shutdown completed (kafka.server.ReplicaAlterLogDirsManager:66)
[2026-03-04 15:48:50,130] INFO [ExpirationReaper-0-Fetch]: Shutting down (kafka.server.DelayedOperationPurgatory$ExpiredOperationReaper:90)
[2026-03-04 15:48:50,130] INFO [ExpirationReaper-0-Fetch]: Stopped (kafka.server.DelayedOperationPurgatory$ExpiredOperationReaper:147)
[2026-03-04 15:48:50,130] INFO [ExpirationReaper-0-Fetch]: Shutdown completed (kafka.server.DelayedOperationPurgatory$ExpiredOperationReaper:109)
[2026-03-04 15:48:50,130] INFO [ExpirationReaper-0-RemoteFetch]: Shutting down (kafka.server.DelayedOperationPurgatory$ExpiredOperationReaper:90)
[2026-03-04 15:48:50,130] INFO [ExpirationReaper-0-RemoteFetch]: Stopped (kafka.server.DelayedOperationPurgatory$ExpiredOperationReaper:147)
[2026-03-04 15:48:50,130] INFO [ExpirationReaper-0-RemoteFetch]: Shutdown completed (kafka.server.DelayedOperationPurgatory$ExpiredOperationReaper:109)
[2026-03-04 15:48:50,130] INFO [ExpirationReaper-0-Produce]: Shutting down (kafka.server.DelayedOperationPurgatory$ExpiredOperationReaper:90)
[2026-03-04 15:48:50,130] INFO [ExpirationReaper-0-Produce]: Stopped (kafka.server.DelayedOperationPurgatory$ExpiredOperationReaper:147)
[2026-03-04 15:48:50,130] INFO [ExpirationReaper-0-Produce]: Shutdown completed (kafka.server.DelayedOperationPurgatory$ExpiredOperationReaper:109)
[2026-03-04 15:48:50,130] INFO [ExpirationReaper-0-DeleteRecords]: Shutting down (kafka.server.DelayedOperationPurgatory$ExpiredOperationReaper:90)
[2026-03-04 15:48:50,130] INFO [ExpirationReaper-0-DeleteRecords]: Stopped (kafka.server.DelayedOperationPurgatory$ExpiredOperationReaper:147)
[2026-03-04 15:48:50,130] INFO [ExpirationReaper-0-DeleteRecords]: Shutdown completed (kafka.server.DelayedOperationPurgatory$ExpiredOperationReaper:109)
[2026-03-04 15:48:50,130] INFO [ExpirationReaper-0-ElectLeader]: Shutting down (kafka.server.DelayedOperationPurgatory$ExpiredOperationReaper:90)
[2026-03-04 15:48:50,130] INFO [ExpirationReaper-0-ElectLeader]: Stopped (kafka.server.DelayedOperationPurgatory$ExpiredOperationReaper:147)
[2026-03-04 15:48:50,130] INFO [ExpirationReaper-0-ElectLeader]: Shutdown completed (kafka.server.DelayedOperationPurgatory$ExpiredOperationReaper:109)
[2026-03-04 15:48:50,131] INFO [AddPartitionsToTxnSenderThread-0]: Shutting down (kafka.server.AddPartitionsToTxnManager:90)
[2026-03-04 15:48:50,131] INFO [AddPartitionsToTxnSenderThread-0]: Stopped (kafka.server.AddPartitionsToTxnManager:147)
[2026-03-04 15:48:50,131] INFO [AddPartitionsToTxnSenderThread-0]: Shutdown completed (kafka.server.AddPartitionsToTxnManager:109)
[2026-03-04 15:48:50,131] INFO [ReplicaManager broker=0] Shut down completely (kafka.server.ReplicaManager:66)
[2026-03-04 15:48:50,131] INFO [zk-broker-0-to-controller-alter-partition-channel-manager]: Shutting down (kafka.server.NodeToControllerRequestThread:90)
[2026-03-04 15:48:50,131] INFO [zk-broker-0-to-controller-alter-partition-channel-manager]: Stopped (kafka.server.NodeToControllerRequestThread:147)
[2026-03-04 15:48:50,131] INFO [zk-broker-0-to-controller-alter-partition-channel-manager]: Shutdown completed (kafka.server.NodeToControllerRequestThread:109)
[2026-03-04 15:48:50,131] INFO Node to controller channel manager for alter-partition shutdown (kafka.server.NodeToControllerChannelManagerImpl:66)
[2026-03-04 15:48:50,131] INFO [zk-broker-0-to-controller-forwarding-channel-manager]: Shutting down (kafka.server.NodeToControllerRequestThread:90)
[2026-03-04 15:48:50,131] INFO [zk-broker-0-to-controller-forwarding-channel-manager]: Stopped (kafka.server.NodeToControllerRequestThread:147)
[2026-03-04 15:48:50,131] INFO [zk-broker-0-to-controller-forwarding-channel-manager]: Shutdown completed (kafka.server.NodeToControllerRequestThread:109)
[2026-03-04 15:48:50,131] INFO Node to controller channel manager for forwarding shutdown (kafka.server.NodeToControllerChannelManagerImpl:66)
[2026-03-04 15:48:50,131] INFO Shutting down. (kafka.log.LogManager:66)
[2026-03-04 15:48:50,131] INFO Shutting down the log cleaner. (kafka.log.LogCleaner:66)
[2026-03-04 15:48:50,131] INFO [kafka-log-cleaner-thread-0]: Shutting down (kafka.log.LogCleaner$CleanerThread:90)
[2026-03-04 15:48:50,131] INFO [kafka-log-cleaner-thread-0]: Stopped (kafka.log.LogCleaner$CleanerThread:147)
[2026-03-04 15:48:50,131] INFO [kafka-log-cleaner-thread-0]: Shutdown completed (kafka.log.LogCleaner$CleanerThread:109)
[2026-03-04 15:48:50,132] INFO [ProducerStateManager partition=test-upsert-sr-0] Wrote producer snapshot at offset 8 with 1 producer ids in 0 ms. (org.apache.kafka.storage.internals.log.ProducerStateManager:470)
[2026-03-04 15:48:50,132] INFO [ProducerStateManager partition=__consumer_offsets-42] Wrote producer snapshot at offset 4 with 0 producer ids in 0 ms. (org.apache.kafka.storage.internals.log.ProducerStateManager:470)
[2026-03-04 15:48:50,132] INFO [ProducerStateManager partition=connect-status-topic-kcbq-connect-cluster-2] Wrote producer snapshot at offset 2 with 0 producer ids in 0 ms. (org.apache.kafka.storage.internals.log.ProducerStateManager:470)
[2026-03-04 15:48:50,133] INFO [ProducerStateManager partition=__consumer_offsets-29] Wrote producer snapshot at offset 1 with 0 producer ids in 0 ms. (org.apache.kafka.storage.internals.log.ProducerStateManager:470)
[2026-03-04 15:48:50,133] INFO [ProducerStateManager partition=connect-status-topic-kcbq-connect-cluster-0] Wrote producer snapshot at offset 2 with 0 producer ids in 0 ms. (org.apache.kafka.storage.internals.log.ProducerStateManager:470)
[2026-03-04 15:48:50,133] INFO [ProducerStateManager partition=__consumer_offsets-44] Wrote producer snapshot at offset 2 with 0 producer ids in 0 ms. (org.apache.kafka.storage.internals.log.ProducerStateManager:470)
[2026-03-04 15:48:50,133] INFO [ProducerStateManager partition=_schemas-0] Wrote producer snapshot at offset 4 with 1 producer ids in 0 ms. (org.apache.kafka.storage.internals.log.ProducerStateManager:470)
[2026-03-04 15:48:50,133] INFO [ProducerStateManager partition=connect-config-topic-kcbq-connect-cluster-0] Wrote producer snapshot at offset 4 with 0 producer ids in 0 ms. (org.apache.kafka.storage.internals.log.ProducerStateManager:470)
[2026-03-04 15:48:50,133] INFO [ProducerStateManager partition=connect-status-topic-kcbq-connect-cluster-3] Wrote producer snapshot at offset 1 with 0 producer ids in 0 ms. (org.apache.kafka.storage.internals.log.ProducerStateManager:470)
[2026-03-04 15:48:50,134] INFO Shutdown complete. (kafka.log.LogManager:66)
[2026-03-04 15:48:50,134] INFO [ControllerEventThread controllerId=0] Shutting down (kafka.controller.ControllerEventManager$ControllerEventThread:90)
[2026-03-04 15:48:50,134] INFO [ControllerEventThread controllerId=0] Stopped (kafka.controller.ControllerEventManager$ControllerEventThread:147)
[2026-03-04 15:48:50,134] INFO [ControllerEventThread controllerId=0] Shutdown completed (kafka.controller.ControllerEventManager$ControllerEventThread:109)
[2026-03-04 15:48:50,134] INFO [PartitionStateMachine controllerId=0] Stopped partition state machine (kafka.controller.ZkPartitionStateMachine:66)
[2026-03-04 15:48:50,134] INFO [ReplicaStateMachine controllerId=0] Stopped replica state machine (kafka.controller.ZkReplicaStateMachine:66)
[2026-03-04 15:48:50,134] INFO [RequestSendThread controllerId=0] Shutting down (kafka.controller.RequestSendThread:90)
[2026-03-04 15:48:50,134] INFO [RequestSendThread controllerId=0] Stopped (kafka.controller.RequestSendThread:147)
[2026-03-04 15:48:50,134] INFO [RequestSendThread controllerId=0] Shutdown completed (kafka.controller.RequestSendThread:109)
[2026-03-04 15:48:50,134] INFO [Controller id=0] Resigned (kafka.controller.KafkaController:66)
[2026-03-04 15:48:50,134] INFO [feature-zk-node-event-process-thread]: Shutting down (kafka.server.FinalizedFeatureChangeListener$ChangeNotificationProcessorThread:90)
[2026-03-04 15:48:50,134] INFO [feature-zk-node-event-process-thread]: Stopped (kafka.server.FinalizedFeatureChangeListener$ChangeNotificationProcessorThread:147)
[2026-03-04 15:48:50,134] INFO [feature-zk-node-event-process-thread]: Shutdown completed (kafka.server.FinalizedFeatureChangeListener$ChangeNotificationProcessorThread:109)
[2026-03-04 15:48:50,134] INFO [ZooKeeperClient Kafka server] Closing. (kafka.zookeeper.ZooKeeperClient:66)
[2026-03-04 15:48:50,218] INFO [Consumer clientId=KafkaStore-reader-_schemas, groupId=schema-registry-hinata-waifu-38197] Node 0 disconnected. (org.apache.kafka.clients.NetworkClient:1017)
[2026-03-04 15:48:50,218] WARN [Consumer clientId=KafkaStore-reader-_schemas, groupId=schema-registry-hinata-waifu-38197] Connection to node 0 (localhost/127.0.0.1:39731) could not be established. Node may not be available. (org.apache.kafka.clients.NetworkClient:849)
[2026-03-04 15:48:50,228] INFO [Producer clientId=producer-8] Node 0 disconnected. (org.apache.kafka.clients.NetworkClient:1017)
[2026-03-04 15:48:50,228] WARN [Producer clientId=producer-8] Connection to node 0 (localhost/127.0.0.1:39731) could not be established. Node may not be available. (org.apache.kafka.clients.NetworkClient:849)
[2026-03-04 15:48:50,235] INFO [ZooKeeperClient Kafka server] Closed. (kafka.zookeeper.ZooKeeperClient:66)
[2026-03-04 15:48:50,235] INFO [ThrottledChannelReaper-Fetch]: Shutting down (kafka.server.ClientQuotaManager$ThrottledChannelReaper:90)
[2026-03-04 15:48:50,235] INFO [ThrottledChannelReaper-Fetch]: Stopped (kafka.server.ClientQuotaManager$ThrottledChannelReaper:147)
[2026-03-04 15:48:50,235] INFO [ThrottledChannelReaper-Fetch]: Shutdown completed (kafka.server.ClientQuotaManager$ThrottledChannelReaper:109)
[2026-03-04 15:48:50,235] INFO [ThrottledChannelReaper-Produce]: Shutting down (kafka.server.ClientQuotaManager$ThrottledChannelReaper:90)
[2026-03-04 15:48:50,235] INFO [ThrottledChannelReaper-Produce]: Stopped (kafka.server.ClientQuotaManager$ThrottledChannelReaper:147)
[2026-03-04 15:48:50,235] INFO [ThrottledChannelReaper-Produce]: Shutdown completed (kafka.server.ClientQuotaManager$ThrottledChannelReaper:109)
[2026-03-04 15:48:50,235] INFO [ThrottledChannelReaper-Request]: Shutting down (kafka.server.ClientQuotaManager$ThrottledChannelReaper:90)
[2026-03-04 15:48:50,235] INFO [ThrottledChannelReaper-Request]: Stopped (kafka.server.ClientQuotaManager$ThrottledChannelReaper:147)
[2026-03-04 15:48:50,235] INFO [ThrottledChannelReaper-Request]: Shutdown completed (kafka.server.ClientQuotaManager$ThrottledChannelReaper:109)
[2026-03-04 15:48:50,235] INFO [ThrottledChannelReaper-ControllerMutation]: Shutting down (kafka.server.ClientQuotaManager$ThrottledChannelReaper:90)
[2026-03-04 15:48:50,235] INFO [ThrottledChannelReaper-ControllerMutation]: Stopped (kafka.server.ClientQuotaManager$ThrottledChannelReaper:147)
[2026-03-04 15:48:50,235] INFO [ThrottledChannelReaper-ControllerMutation]: Shutdown completed (kafka.server.ClientQuotaManager$ThrottledChannelReaper:109)
[2026-03-04 15:48:50,235] INFO [SocketServer listenerType=ZK_BROKER, nodeId=0] Shutting down socket server (kafka.network.SocketServer:66)
[2026-03-04 15:48:50,237] INFO [SocketServer listenerType=ZK_BROKER, nodeId=0] Shutdown completed (kafka.network.SocketServer:66)
[2026-03-04 15:48:50,237] INFO Metrics scheduler closed (org.apache.kafka.common.metrics.Metrics:684)
[2026-03-04 15:48:50,237] INFO Closing reporter org.apache.kafka.common.metrics.JmxReporter (org.apache.kafka.common.metrics.Metrics:688)
[2026-03-04 15:48:50,237] INFO Metrics reporters closed (org.apache.kafka.common.metrics.Metrics:694)
[2026-03-04 15:48:50,237] INFO Broker and topic stats closed (kafka.server.BrokerTopicStats:66)
[2026-03-04 15:48:50,237] INFO App info kafka.server for 0 unregistered (org.apache.kafka.common.utils.AppInfoParser:88)
[2026-03-04 15:48:50,237] INFO [KafkaServer id=0] shut down completed (kafka.server.KafkaServer:66)
[2026-03-04 15:48:50,237] INFO Cleaning up kafka log dirs at Buffer(/tmp/EmbeddedKafkaCluster3024498146076714957) (org.apache.kafka.connect.util.clusters.EmbeddedKafkaCluster:231)
[2026-03-04 15:48:50,240] INFO Stopped NetworkTrafficServerConnector@4831ad43{HTTP/1.1, (http/1.1, h2c)}{0.0.0.0:38197} (org.eclipse.jetty.server.AbstractConnector:383)
[2026-03-04 15:48:50,240] INFO node0 Stopped scavenging (org.eclipse.jetty.server.session:149)
[2026-03-04 15:48:50,240] INFO Stopped o.e.j.s.ServletContextHandler@7490aa87{/ws,null,STOPPED} (org.eclipse.jetty.server.handler.ContextHandler:1159)
[2026-03-04 15:48:50,240] INFO Stopped o.e.j.s.ServletContextHandler@3d4258ff{/,null,STOPPED} (org.eclipse.jetty.server.handler.ContextHandler:1159)
[2026-03-04 15:48:50,241] INFO Metrics scheduler closed (org.apache.kafka.common.metrics.Metrics:684)
[2026-03-04 15:48:50,241] INFO Closing reporter org.apache.kafka.common.metrics.JmxReporter (org.apache.kafka.common.metrics.Metrics:688)
[2026-03-04 15:48:50,241] INFO Metrics reporters closed (org.apache.kafka.common.metrics.Metrics:694)
[2026-03-04 15:48:50,241] INFO Shutting down schema registry (io.confluent.kafka.schemaregistry.storage.KafkaSchemaRegistry:2226)
[2026-03-04 15:48:50,241] INFO Stopping the schema registry group member. (io.confluent.kafka.schemaregistry.leaderelector.kafka.KafkaGroupLeaderElector:303)
[2026-03-04 15:48:50,241] INFO [Schema registry clientId=sr-3, groupId=schema-registry] Node 0 disconnected. (org.apache.kafka.clients.NetworkClient:1017)
[2026-03-04 15:48:50,241] WARN [Schema registry clientId=sr-3, groupId=schema-registry] Connection to node 0 (localhost/127.0.0.1:39731) could not be established. Node may not be available. (org.apache.kafka.clients.NetworkClient:849)
[2026-03-04 15:48:50,241] INFO [Schema registry clientId=sr-3, groupId=schema-registry] Resetting generation and member id due to: consumer pro-actively leaving the group (io.confluent.kafka.schemaregistry.leaderelector.kafka.SchemaRegistryCoordinator:1055)
[2026-03-04 15:48:50,241] INFO [Schema registry clientId=sr-3, groupId=schema-registry] Request joining group due to: consumer pro-actively leaving the group (io.confluent.kafka.schemaregistry.leaderelector.kafka.SchemaRegistryCoordinator:1102)
[2026-03-04 15:48:50,241] INFO Metrics scheduler closed (org.apache.kafka.common.metrics.Metrics:684)
[2026-03-04 15:48:50,241] INFO Closing reporter org.apache.kafka.common.metrics.JmxReporter (org.apache.kafka.common.metrics.Metrics:688)
[2026-03-04 15:48:50,241] INFO Metrics reporters closed (org.apache.kafka.common.metrics.Metrics:694)
[2026-03-04 15:48:50,241] INFO App info kafka.schema.registry for sr-3 unregistered (org.apache.kafka.common.utils.AppInfoParser:88)
[2026-03-04 15:48:50,242] INFO The schema registry group member has stopped. (io.confluent.kafka.schemaregistry.leaderelector.kafka.KafkaGroupLeaderElector:337)
[2026-03-04 15:48:50,242] INFO [kafka-store-reader-thread-_schemas]: Shutting down (io.confluent.kafka.schemaregistry.storage.KafkaStoreReaderThread:80)
[2026-03-04 15:48:50,242] INFO [kafka-store-reader-thread-_schemas]: Stopped (io.confluent.kafka.schemaregistry.storage.KafkaStoreReaderThread:144)
[2026-03-04 15:48:50,242] INFO [kafka-store-reader-thread-_schemas]: Shutdown completed (io.confluent.kafka.schemaregistry.storage.KafkaStoreReaderThread:102)
[2026-03-04 15:48:50,242] INFO [Consumer clientId=KafkaStore-reader-_schemas, groupId=schema-registry-hinata-waifu-38197] Resetting generation and member id due to: consumer pro-actively leaving the group (org.apache.kafka.clients.consumer.internals.ConsumerCoordinator:1055)
[2026-03-04 15:48:50,242] INFO [Consumer clientId=KafkaStore-reader-_schemas, groupId=schema-registry-hinata-waifu-38197] Request joining group due to: consumer pro-actively leaving the group (org.apache.kafka.clients.consumer.internals.ConsumerCoordinator:1102)
[2026-03-04 15:48:50,242] INFO Metrics scheduler closed (org.apache.kafka.common.metrics.Metrics:684)
[2026-03-04 15:48:50,242] INFO Closing reporter org.apache.kafka.common.metrics.JmxReporter (org.apache.kafka.common.metrics.Metrics:688)
[2026-03-04 15:48:50,242] INFO Closing reporter org.apache.kafka.common.telemetry.internals.ClientTelemetryReporter (org.apache.kafka.common.metrics.Metrics:688)
[2026-03-04 15:48:50,242] INFO Metrics reporters closed (org.apache.kafka.common.metrics.Metrics:694)
[2026-03-04 15:48:50,242] INFO App info kafka.consumer for KafkaStore-reader-_schemas unregistered (org.apache.kafka.common.utils.AppInfoParser:88)
[2026-03-04 15:48:50,242] INFO KafkaStoreReaderThread shutdown complete. (io.confluent.kafka.schemaregistry.storage.KafkaStoreReaderThread:337)
[2026-03-04 15:48:50,242] INFO [Producer clientId=producer-8] Closing the Kafka producer with timeoutMillis = 9223372036854775807 ms. (org.apache.kafka.clients.producer.KafkaProducer:1373)
[2026-03-04 15:48:50,242] INFO Metrics scheduler closed (org.apache.kafka.common.metrics.Metrics:684)
[2026-03-04 15:48:50,242] INFO Closing reporter org.apache.kafka.common.metrics.JmxReporter (org.apache.kafka.common.metrics.Metrics:688)
[2026-03-04 15:48:50,242] INFO Closing reporter org.apache.kafka.common.telemetry.internals.ClientTelemetryReporter (org.apache.kafka.common.metrics.Metrics:688)
[2026-03-04 15:48:50,243] INFO Metrics reporters closed (org.apache.kafka.common.metrics.Metrics:694)
[2026-03-04 15:48:50,243] INFO App info kafka.producer for producer-8 unregistered (org.apache.kafka.common.utils.AppInfoParser:88)
[2026-03-04 15:48:50,243] INFO Kafka store producer shut down (io.confluent.kafka.schemaregistry.storage.KafkaStore:431)
[2026-03-04 15:48:50,243] INFO Kafka store shut down complete (io.confluent.kafka.schemaregistry.storage.KafkaStore:437)
[2026-03-04 15:48:50,243] INFO Shutting down MetadataEncoderService (io.confluent.kafka.schemaregistry.storage.encoder.MetadataEncoderService:387)
[2026-03-04 15:48:50,243] INFO Finished test testUpsert() (com.wepay.kafka.connect.bigquery.integration.utils.TestCaseLogger:42)
[ERROR] Tests run: 3, Failures: 0, Errors: 3, Skipped: 0, Time elapsed: 53.58 s <<< FAILURE! -- in com.wepay.kafka.connect.bigquery.integration.UpsertDeleteBigQuerySinkConnectorWithSRIT
[ERROR] com.wepay.kafka.connect.bigquery.integration.UpsertDeleteBigQuerySinkConnectorWithSRIT.testUpsertDelete -- Time elapsed: 19.42 s <<< ERROR!
org.apache.kafka.test.NoRetryException
	at com.wepay.kafka.connect.bigquery.integration.BaseConnectorIT.lambda$waitForCommittedRecords$0(BaseConnectorIT.java:208)
	at org.apache.kafka.test.TestUtils.lambda$waitForCondition$3(TestUtils.java:396)
	at org.apache.kafka.test.TestUtils.retryOnExceptionWithTimeout(TestUtils.java:444)
	at org.apache.kafka.test.TestUtils.waitForCondition(TestUtils.java:393)
	at org.apache.kafka.test.TestUtils.waitForCondition(TestUtils.java:377)
	at org.apache.kafka.test.TestUtils.waitForCondition(TestUtils.java:367)
	at com.wepay.kafka.connect.bigquery.integration.BaseConnectorIT.waitForCommittedRecords(BaseConnectorIT.java:193)
	at com.wepay.kafka.connect.bigquery.integration.BaseConnectorIT.waitForCommittedRecords(BaseConnectorIT.java:187)
	at com.wepay.kafka.connect.bigquery.integration.UpsertDeleteBigQuerySinkConnectorWithSRIT.testUpsertDelete(UpsertDeleteBigQuerySinkConnectorWithSRIT.java:352)
	at java.base/java.lang.reflect.Method.invoke(Method.java:565)
	at java.base/java.util.ArrayList.forEach(ArrayList.java:1604)
	at java.base/java.util.ArrayList.forEach(ArrayList.java:1604)
Caused by: org.opentest4j.AssertionFailedError: Connector or one of its tasks failed during testing ==> expected: <true> but was: <false>
	at org.junit.jupiter.api.AssertionFailureBuilder.build(AssertionFailureBuilder.java:151)
	at org.junit.jupiter.api.AssertionFailureBuilder.buildAndThrow(AssertionFailureBuilder.java:132)
	at org.junit.jupiter.api.AssertTrue.failNotTrue(AssertTrue.java:63)
	at org.junit.jupiter.api.AssertTrue.assertTrue(AssertTrue.java:36)
	at org.junit.jupiter.api.Assertions.assertTrue(Assertions.java:214)
	at com.wepay.kafka.connect.bigquery.integration.BaseConnectorIT.lambda$waitForCommittedRecords$0(BaseConnectorIT.java:203)
	... 11 more

[ERROR] com.wepay.kafka.connect.bigquery.integration.UpsertDeleteBigQuerySinkConnectorWithSRIT.testDelete -- Time elapsed: 17.14 s <<< ERROR!
org.apache.kafka.test.NoRetryException
	at com.wepay.kafka.connect.bigquery.integration.BaseConnectorIT.lambda$waitForCommittedRecords$0(BaseConnectorIT.java:208)
	at org.apache.kafka.test.TestUtils.lambda$waitForCondition$3(TestUtils.java:396)
	at org.apache.kafka.test.TestUtils.retryOnExceptionWithTimeout(TestUtils.java:444)
	at org.apache.kafka.test.TestUtils.waitForCondition(TestUtils.java:393)
	at org.apache.kafka.test.TestUtils.waitForCondition(TestUtils.java:377)
	at org.apache.kafka.test.TestUtils.waitForCondition(TestUtils.java:367)
	at com.wepay.kafka.connect.bigquery.integration.BaseConnectorIT.waitForCommittedRecords(BaseConnectorIT.java:193)
	at com.wepay.kafka.connect.bigquery.integration.BaseConnectorIT.waitForCommittedRecords(BaseConnectorIT.java:187)
	at com.wepay.kafka.connect.bigquery.integration.UpsertDeleteBigQuerySinkConnectorWithSRIT.testDelete(UpsertDeleteBigQuerySinkConnectorWithSRIT.java:276)
	at java.base/java.lang.reflect.Method.invoke(Method.java:565)
	at java.base/java.util.ArrayList.forEach(ArrayList.java:1604)
	at java.base/java.util.ArrayList.forEach(ArrayList.java:1604)
Caused by: org.opentest4j.AssertionFailedError: Connector or one of its tasks failed during testing ==> expected: <true> but was: <false>
	at org.junit.jupiter.api.AssertionFailureBuilder.build(AssertionFailureBuilder.java:151)
	at org.junit.jupiter.api.AssertionFailureBuilder.buildAndThrow(AssertionFailureBuilder.java:132)
	at org.junit.jupiter.api.AssertTrue.failNotTrue(AssertTrue.java:63)
	at org.junit.jupiter.api.AssertTrue.assertTrue(AssertTrue.java:36)
	at org.junit.jupiter.api.Assertions.assertTrue(Assertions.java:214)
	at com.wepay.kafka.connect.bigquery.integration.BaseConnectorIT.lambda$waitForCommittedRecords$0(BaseConnectorIT.java:203)
	... 11 more

[ERROR] com.wepay.kafka.connect.bigquery.integration.UpsertDeleteBigQuerySinkConnectorWithSRIT.testUpsert -- Time elapsed: 17.02 s <<< ERROR!
org.apache.kafka.test.NoRetryException
	at com.wepay.kafka.connect.bigquery.integration.BaseConnectorIT.lambda$waitForCommittedRecords$0(BaseConnectorIT.java:208)
	at org.apache.kafka.test.TestUtils.lambda$waitForCondition$3(TestUtils.java:396)
	at org.apache.kafka.test.TestUtils.retryOnExceptionWithTimeout(TestUtils.java:444)
	at org.apache.kafka.test.TestUtils.waitForCondition(TestUtils.java:393)
	at org.apache.kafka.test.TestUtils.waitForCondition(TestUtils.java:377)
	at org.apache.kafka.test.TestUtils.waitForCondition(TestUtils.java:367)
	at com.wepay.kafka.connect.bigquery.integration.BaseConnectorIT.waitForCommittedRecords(BaseConnectorIT.java:193)
	at com.wepay.kafka.connect.bigquery.integration.BaseConnectorIT.waitForCommittedRecords(BaseConnectorIT.java:187)
	at com.wepay.kafka.connect.bigquery.integration.UpsertDeleteBigQuerySinkConnectorWithSRIT.testUpsert(UpsertDeleteBigQuerySinkConnectorWithSRIT.java:204)
	at java.base/java.lang.reflect.Method.invoke(Method.java:565)
	at java.base/java.util.ArrayList.forEach(ArrayList.java:1604)
	at java.base/java.util.ArrayList.forEach(ArrayList.java:1604)
Caused by: org.opentest4j.AssertionFailedError: Connector or one of its tasks failed during testing ==> expected: <true> but was: <false>
	at org.junit.jupiter.api.AssertionFailureBuilder.build(AssertionFailureBuilder.java:151)
	at org.junit.jupiter.api.AssertionFailureBuilder.buildAndThrow(AssertionFailureBuilder.java:132)
	at org.junit.jupiter.api.AssertTrue.failNotTrue(AssertTrue.java:63)
	at org.junit.jupiter.api.AssertTrue.assertTrue(AssertTrue.java:36)
	at org.junit.jupiter.api.Assertions.assertTrue(Assertions.java:214)
	at com.wepay.kafka.connect.bigquery.integration.BaseConnectorIT.lambda$waitForCommittedRecords$0(BaseConnectorIT.java:203)
	... 11 more

[INFO] 
[INFO] Results:
[INFO] 
[ERROR] Errors: 
[ERROR]   UpsertDeleteBigQuerySinkConnectorWithSRIT.testDelete:276->BaseConnectorIT.waitForCommittedRecords:187->BaseConnectorIT.waitForCommittedRecords:193->BaseConnectorIT.lambda$waitForCommittedRecords$0:208 » NoRetry
[ERROR]   UpsertDeleteBigQuerySinkConnectorWithSRIT.testUpsert:204->BaseConnectorIT.waitForCommittedRecords:187->BaseConnectorIT.waitForCommittedRecords:193->BaseConnectorIT.lambda$waitForCommittedRecords$0:208 » NoRetry
[ERROR]   UpsertDeleteBigQuerySinkConnectorWithSRIT.testUpsertDelete:352->BaseConnectorIT.waitForCommittedRecords:187->BaseConnectorIT.waitForCommittedRecords:193->BaseConnectorIT.lambda$waitForCommittedRecords$0:208 » NoRetry
[INFO] 
[ERROR] Tests run: 3, Failures: 0, Errors: 3, Skipped: 0
[INFO] 
[INFO] 
[INFO] --- failsafe:3.5.3:verify (default-cli) @ kcbq-connector ---
[INFO] ------------------------------------------------------------------------
[INFO] BUILD FAILURE
[INFO] ------------------------------------------------------------------------
[INFO] Total time:  54.451 s
[INFO] Finished at: 2026-03-04T15:48:50+05:30
[INFO] ------------------------------------------------------------------------
[ERROR] Failed to execute goal org.apache.maven.plugins:maven-failsafe-plugin:3.5.3:verify (default-cli) on project kcbq-connector: 
[ERROR] 
[ERROR] See /home/killua/bq-sink/bigquery-connector-for-apache-kafka/kcbq-connector/target/failsafe-reports for the individual test results.
[ERROR] See dump files (if any exist) [date].dump, [date]-jvmRun[N].dump and [date].dumpstream.
[ERROR] -> [Help 1]
[ERROR] 
[ERROR] To see the full stack trace of the errors, re-run Maven with the -e switch.
[ERROR] Re-run Maven using the -X switch to enable full debug logging.
[ERROR] 
[ERROR] For more information about the errors and possible solutions, please read the following articles:
[ERROR] [Help 1] http://cwiki.apache.org/confluence/display/MAVEN/MojoFailureException
